yes: standard output: Broken pipe
Auto-selecting single ABI x86_64
Do you wish to create a custom hardware profile? [no] lab.avd
lab.ini
emulator Android emulator version 37.2.12.0 (build_id 16428233) (CL:N/A)
* daemon not running; starting now at tcp:5037
* daemon started successfully
booted in 26s: google/sdk_gphone64_x86_64/emu64xa:15/AE3A.240806.043/12960925:userdebug/dev-keys
kernel 6.6.50-android15-8-g8adecb593e9b-ab12525588 -> kmi android15-6.6; KernelSU-Next/KernelSU-Next v3.4.0
total 28968
drwx------  2 runner runner     4096 Oct  1 23:48 .
drwxrwxrwt 16 root   root       4096 Oct  1 23:48 ..
-rw-r--r--  1 runner runner 11859167 Oct  1 23:48 KernelSU_Next_v3.4.0-spoofed_33294-release.apk
-rw-r--r--  1 runner runner 11857955 Oct  1 23:48 KernelSU_Next_v3.4.0_33294-release.apk
-rw-r--r--  1 runner runner  5583488 Oct  1 23:48 ksud-x86_64-linux-android
-rw-r--r--  1 runner runner   342200 Oct  1 23:48 x86_64-android15-6.6_kernelsu.ko
== manager installed (com.rifsxd.ksunext, KernelSU_Next_v3.4.0_33294-release.apk)
/tmp/tmp.rDvDGjgS1v/x86_64-android15-6.6_kernelsu.ko: 1 file pushed, 0 skipped. 9.4 MB/s (342200 bytes in 0.035s)
/tmp/tmp.rDvDGjgS1v/ksud-x86_64-linux-android: 1 file pushed, 0 skipped. 219.1 MB/s (5583488 bytes in 0.024s)
== ksud: ksud 3.4.0 (uapi: 4)
== ksud late-load: rc=0
== ksud insmod /data/adb/kernelsu.ko: Error: load module failed: /data/adb/kernelsu.ko

Caused by:
    0: init_module failed without vermagic mismatch
    1: File exists (os error 17)
rc=1
kernelsu              258048  0 
== lsmod: kernelsu              258048  0 
== ls: /data/adb/ksu/bin: No such file or directory
== total 356
== drwx------  2 root   root     4096 2026-10-01 23:48 .
== drwxrwx--x 51 system system   4096 2026-10-01 23:48 ..
== -rw-rw-rw-  1 root   root   342200 2026-10-01 23:48 kernelsu.ko
== restored /data/adb/ksud
aarch64-android12-5.10_kernelsu.ko
aarch64-android13-5.10_kernelsu.ko
aarch64-android13-5.15_kernelsu.ko
aarch64-android14-5.15_kernelsu.ko
aarch64-android14-6.1_kernelsu.ko
aarch64-android15-6.6_kernelsu.ko
aarch64-android16-6.12_kernelsu.ko
aarch64-android17-6.18_kernelsu.ko
KernelSU_Next_v3.4.0-spoofed_33294-release.apk
KernelSU_Next_v3.4.0_33294-release.apk
ksud-aarch64-apple-darwin
ksud-aarch64-linux-android
ksud-aarch64-unknown-linux-musl
ksud-x86_64-apple-darwin
ksud-x86_64-linux-android
ksud-x86_64-unknown-linux-musl
x86_64-android12-5.10_kernelsu.ko
x86_64-android13-5.10_kernelsu.ko
x86_64-android13-5.15_kernelsu.ko
x86_64-android14-5.15_kernelsu.ko
x86_64-android14-6.1_kernelsu.ko
x86_64-android15-6.6_kernelsu.ko
x86_64-android16-6.12_kernelsu.ko
x86_64-android17-6.18_kernelsu.ko
== no metamodule asset in KernelSU-Next/KernelSU-Next v3.4.0
/home/runner/work/devicelab/devicelab/modules/probe/./: 2 files pushed, 0 skipped. 0.1 MB/s (1474 bytes in 0.020s)
== modules: [
  {
    "version": "1",
    "enabled": "true",
    "remove": "false",
    "author": "p0g-stack",
    "web": "true",
    "action": "false",
    "description": "Observation module for devicelab. Its WebUI page is driven over DevTools.",
    "mount": "false",
    "update": "false",
    "id": "devicelab_probe",
    "name": "devicelab probe",
    "versionCode": "1"
  }
]
SELinux: Loaded file context from:
		/system/etc/selinux/plat_file_contexts
		/system_ext/etc/selinux/system_ext_file_contexts
		/vendor/etc/selinux/vendor_file_contexts
== home text: text="Working" text="LKM (GKI2)" text="Jailbreak mode" text="Version: v3.4.0 (33294-4)" text="Custom" text="Superuser" text="0" text="Module" text="1" text="Manager version" text="v3.4.0 (33294-4)" text="Hook mode" text="Tracepoint" text="Metamodule status" text="Not installed" text="Having trouble?" text="Encountered a bug or have feedback?" text="KernelSU-Next" 
== manager activities: com.rifsxd.ksunext/.FlashModule com.rifsxd.ksunext/.ui.MainActivity com.rifsxd.ksunext/androidx.core.content.FileProvider com.rifsxd.ksunext/androidx.profileinstaller.ProfileInstallReceiver com.rifsxd.ksunext/androidx.startup.InitializationProvider 
== metamodule index http: 404== metamodule index entry: index unreadable Expecting value: line 1 column 1 (char 0)
== metamodule search: MySU-org/meta-overlayfs 3 2026-09-17T14:32:09Z;korzenroot/meta-overlayfs 0 2026-09-28T14:55:15Z;M4LiNuX/meta-readonly-overlayfs 0 2021-09-08T12:18:44Z;cpb-/meta-squashfs-overlayfs-rpi 0 2022-10-06T05:00:37Z;
release not found
release not found
== metamodule detail http: 404 keys: Traceback (most recent call last):   File "<string>", line 1, in <module>   File "/usr/lib/python3.12/json/__init__.py", line 293, in load     return loads(fp.read(),            ^^^^^^^^^^^^^^^^   File "/usr/lib/python3.12/json/__init__.py", line 346, in loads     return _default_decoder.decode(s)            ^^^^^^^^^^^^^^^^^^^^^^^^^^   File "/usr/lib/python3.12/json/decoder.py", line 337, in decode     obj, end = self.raw_decode(s, idx=_w(s, 0).end())                ^^^^^^^^^^^^^^^^^^^^^^^^^^^^^^^^^^^^^^   File "/usr/lib/python3.12/json/decoder.py", line 355, in raw_decode     raise JSONDecodeError("Expecting value", s, err.value) from None json.decoder.JSONDecodeError: Expecting value: line 1 column 1 (char 0) 
== metamodule zip url: 
== metamodule org repos: meta-mm meta-overlayfs 
== metamodule: no zip found for KernelSU-Modules-Repo/meta-overlayfs
inputs/modules/flutter_webui_counter-0.1.5.zip: 1 file pushed, 0 skipped. 260.6 MB/s (21434766 bytes in 0.078s)
== install flutter_webui_counter-0.1.5.zip
  inflating: webroot/fonts/notocoloremoji/v32/Yq6P-KqIXTD0t4D9z1ESnKM3-HpFabsE4tq3luCC7p-aXxcn.3.woff2
  inflating: webroot/fonts/notocoloremoji/v32/Yq6P-KqIXTD0t4D9z1ESnKM3-HpFabsE4tq3luCC7p-aXxcn.8.woff2
  inflating: webroot/fonts/notocoloremoji/v32/Yq6P-KqIXTD0t4D9z1ESnKM3-HpFabsE4tq3luCC7p-aXxcn.2.woff2
   creating: webroot/fonts/notosansmath/
   creating: webroot/fonts/notosansmath/v15/
  inflating: webroot/fonts/notosansmath/v15/7Aump_cpkSecTWaHRlH2hyV5UHkD-V048PW0.woff2
   creating: webroot/fonts/roboto/
   creating: webroot/fonts/roboto/v32/
  inflating: webroot/fonts/roboto/v32/KFOmCnqEu92Fr1Me4GZLCzYlKw.woff2
  inflating: webroot/.last_build_id
  inflating: webroot/config.json
  inflating: webroot/flutter_webui.js
  inflating: customize.sh
- Done
- Module installed successfully!
inputs/modules/counter-v1.0.0.zip: 1 file pushed, 0 skipped. 239.0 MB/s (6582359 bytes in 0.026s)
== install counter-v1.0.0.zip
  inflating: webroot/canvaskit/chromium/canvaskit.wasm
  inflating: webroot/config.json
  inflating: webroot/favicon.png
  inflating: webroot/flutter.js
  inflating: webroot/flutter_bootstrap.js
  inflating: webroot/icons/Icon-192.png
  inflating: webroot/icons/Icon-512.png
  inflating: webroot/icons/Icon-maskable-192.png
  inflating: webroot/icons/Icon-maskable-512.png
  inflating: webroot/index.html
  inflating: webroot/main.dart.js
  inflating: webroot/manifest.json
  inflating: webroot/version.json
- Done
- Module installed successfully!
inputs/modules/demo.zip: 1 file pushed, 0 skipped. 290.8 MB/s (28109334 bytes in 0.092s)
== install demo.zip
  inflating: webroot/manifest.json
  inflating: webroot/pkg/.gitignore
  inflating: webroot/pkg/demo_native.js
  inflating: webroot/pkg/demo_native_bg.wasm
  inflating: webroot/pkg/package.json
  inflating: webroot/version.json
  inflating: webroot/workers/demo_service.web.g.dart.js
  inflating: webroot/workers/hello_service.web.g.dart.js
  inflating: webui_app_plane/arm64-v8a/webui_termux_api.aot
  inflating: webui_app_plane/termux-api
  inflating: webui_app_plane/x86_64/webui_termux_api.aot
! No metamodule installed: this module's app needs one to be mounted (KernelSU 3.x)
- Handle partition /product
- Done
- Module installed successfully!
/home/runner/work/devicelab/devicelab/app_plane.zip: 1 file pushed, 0 skipped. 241.9 MB/s (4528309 bytes in 0.018s)
== install app_plane.zip
Archive:  /data/local/tmp/m.zip
- Extracting module files
Archive:  /data/local/tmp/m.zip
  inflating: post-fs-data.sh
  inflating: module.prop
   creating: system/
   creating: system/product/
   creating: system/product/app/
   creating: system/product/app/WebuiTermuxApi/
  inflating: system/product/app/WebuiTermuxApi/WebuiTermuxApi.apk
  inflating: service.sh
  inflating: sockprobe
- Handle partition /product
- Done
- Module installed successfully!
/home/runner/work/devicelab/devicelab/envdump.zip: 1 file pushed, 0 skipped. 21.0 MB/s (1766 bytes in 0.000s)
== install envdump.zip
 devicelab envdump 
 by p0g-stack 
*******************
**************************
 Powered by KernelSU-Next 
**************************
Archive:  /data/local/tmp/m.zip
  inflating: customize.sh
- Extracting module files
Archive:  /data/local/tmp/m.zip
  inflating: module.prop
  inflating: customize.sh
- devicelab envdump: written /data/local/tmp/customize-env.txt
- Done
- Module installed successfully!
== soft-reboot: 
== after soft-reboot (40s): [
  {
    "web": "true",
    "author": "p0g-stack",
    "action": "false",
    "mount": "false",
    "versionCode": "1",
    "name": "devicelab probe",
    "enabled": "true",
    "remove": "false",
    "version": "1",
    "description": "Observation module for devicelab. Its WebUI page is driven over DevTools.",
    "update": "false",
    "id": "devicelab_probe"
  },
  {
    "name": "flutter-webui Counter",
    "versionCode": "6",
    "author": "p0g-stack",
    "web": "true",
    "version": "0.1.5",
    "description": "Stock Flutter counter app on flutter-webui (devicelab bring-up build).",
    "mount": "false",
    "enabled": "true",
    "remove": "false",
    "id": "flutter_webui_counter",
    "update": "false",
    "action": "false"
  },
  {
    "name": "Counter",
    "author": "Yuv",
    "versionCode": "1",
    "id": "counter",
    "enabled": "true",
    "update": "false",
    "web": "true",
    "action": "false",
    "version": "v1.0.0",
    "remove": "false",
    "mount": "false",
    "description": "A new Flutter project."
  },
  {
    "enabled": "true",
    "author": "",
    "description": "The demo GUI. Flutter on top of the core.",
    "update": "false",
    "remove": "false",
    "id": "demo",
    "name": "Demo",
    "version": "v0.1.38",
    "updateJson": "https://github.com/p0g-stack/demo/releases/latest/download/update.json",
    "web": "true",
    "versionCode": "38",
    "action": "false",
    "mount": "true"
  },
  {
    "description": "webui-termux-api as a 
total 64
drwxrwxrwx 8 root root 4096 2026-10-01 23:49 .
drwx------ 5 root root 4096 2026-10-01 23:49 ..
drwxr-xr-x 3 root root 4096 2026-10-01 23:49 counter
drwxr-xr-x 8 root root 4096 2026-10-01 23:49 demo
drwxr-xr-x 4 root root 4096 2026-10-01 23:49 devicelab_app_plane
drwxr-xr-x 2 root root 4096 2026-10-01 23:49 devicelab_envdump
drwxr-xr-x 3 root root 4096 2026-10-01 23:48 devicelab_probe
drwxr-xr-x 4 root root 4096 2026-10-01 23:49 flutter_webui_counter
/home/runner/work/devicelab/devicelab/out/labserver: 1 file pushed, 0 skipped. 250.4 MB/s (7843260 bytes in 0.030s)
Starting: Intent { cmp=com.rifsxd.ksunext/.ui.webui.WebUIActivity (has extras) }
Status: ok
Activity: com.rifsxd.ksunext/.ui.webui.WebUIActivity
https://mui.kernelsu.org/index.html
opened: intent
{"check":"targets","result":[{"socket": "webview_devtools_remote_8488", "type": "page", "url": "https://mui.kernelsu.org/index.html", "title": "devicelab probe"}]}
{"check":"globals","result":{"url":"https://mui.kernelsu.org/index.html","socket":"webview_devtools_remote_8488","value":{"ua":"Mozilla/5.0 (Linux; Android 15; sdk_gphone64_x86_64 Build/AE3A.240806.043; wv) AppleWebKit/537.36 (KHTML, like Gecko) Version/4.0 Chrome/124.0.6367.219 Mobile Safari/537.36","origin":"https://mui.kernelsu.org","href":"https://mui.kernelsu.org/index.html","globals":["ksu"],"ksu":["cacheAllPackageIcons","copyFile","createShortcut","enableInsets","exec","fileOutputStream","fullScreen","getPackagesIcons","getPackagesInfo","listFile","listPackages","moduleInfo","moveFile","readFile","removeFile","spawn","toast","writeFile","cacheAllPackageIcons","copyFile","createShortcut","enableInsets","exec","fileOutputStream","fullScreen","getPackagesIcons","getPackagesInfo","listFile","listPackages","moduleInfo","moveFile","readFile","removeFile","spawn","toast","writeFile"]}}}
{"check":"ksu-exec","result":{"url":"https://mui.kernelsu.org/index.html","socket":"webview_devtools_remote_8488","value":{"code":0,"out":"uid=0(root) gid=0(root) groups=0(root) context=u:r:ksu:s0\nu:r:ksu:s0\u0000","err":""}}}
{"check":"ws-loopback","result":{"url":"https://mui.kernelsu.org/index.html","socket":"webview_devtools_remote_8488","value":{"got":["{\"origin\":\"https://mui.kernelsu.org\",\"peerUid\":10209,\"remote\":\"127.0.0.1:40280\",\"serverUid\":0,\"t\":1790898619950,\"uidSource\":\"/proc/net/tcp\"}","hi"],"ms":19}}}
{"check":"fetch-loopback","result":{"url":"https://mui.kernelsu.org/index.html","socket":"webview_devtools_remote_8488","value":{"origin":"https://mui.kernelsu.org","peerUid":10209,"remote":"127.0.0.1:40294","serverUid":0,"t":1790898620089,"uidSource":"/proc/net/tcp"}}}
{"check":"webview-uid","result":["webview_zygote 1053 webview_zygote", "u0_a209      10209 com.rifsxd.ksunext", "u0_a152      10152 com.google.android.webview:webview_service", "u0_i9000     99000 com.google.android.webview:sandboxed_process0:org.chromium.content.app.SandboxedProcessService0:0", "u0_a152      10152 com.google.android.webview:webview_apk"]}
{"check":"while-home-heartbeat","result":{"url":"https://mui.kernelsu.org/index.html","socket":"webview_devtools_remote_8488","value":{"now":11074,"vis":"hidden"}}}
{"check":"lifecycle","result":{"url":"https://mui.kernelsu.org/index.html","socket":"webview_devtools_remote_8488","value":{"events":[{"type":"pageshow","t":320,"vis":"visible"},{"type":"visibilitychange","t":5325,"vis":"hidden"},{"type":"visibilitychange","t":13256,"vis":"visible"}],"gaps":[{"from":5714,"ms":1000,"vis":"hidden"},{"from":8714,"ms":1000,"vis":"hidden"},{"from":9714,"ms":1001,"vis":"hidden"},{"from":10715,"ms":1010,"vis":"hidden"}],"slow":{"heldMs":3001,"sentAt":1790898623301,"resolvedAt":1790898623304,"vis":"hidden"}}}}
{"check":"dev-url","result":{"url":"http://127.0.0.1:8090/index.html","socket":"webview_devtools_remote_8488","value":{"href":"http://127.0.0.1:8090/index.html","ksu":"object","webui":"undefined","globals":["ksu"],"exec":{"code":0,"out":"uid=0(root) gid=0(root) groups=0(root) context=u:r:ksu:s0","err":""}}}}
Starting: Intent { cmp=com.rifsxd.ksunext/.ui.webui.WebUIActivity (has extras) }
Status: ok
Activity: com.rifsxd.ksunext/.ui.webui.WebUIActivity
https://mui.kernelsu.org/index.html
opened: intent
{"check":"targets","result":[{"type": "page", "url": "https://mui.kernelsu.org/index.html", "title": "Flutter Demo"}]}
{"check":"page","result":{"url":"https://mui.kernelsu.org/index.html","socket":"webview_devtools_remote_8787","value":{"href":"https://mui.kernelsu.org/index.html","title":"Flutter Demo","ready":"complete","flutter":true,"glass":true,"nav":{"dcl":478,"load":997},"paint":{"first-paint":1522,"first-contentful-paint":2415},"glassAt":"present","firstFrame":null,"insets":"24px","vv":[320,640,1]}}}
{"check":"java-exceptions","result":["10-01 23:50:44.734  6496  7772 W .gms.persistent: Large reply transaction of 1056768 bytes, interface descriptor , code 1", "10-01 23:50:44.746  6068  6217 D InetDiagMessage: Destroyed 0 sockets, proto=IPPROTO_TCP, family=AF_INET, states=14", "10-01 23:50:44.746  6068  6217 D InetDiagMessage: Destroyed 0 sockets, proto=IPPROTO_TCP, family=AF_INET6, states=14", "10-01 23:50:44.746  6068  6217 D InetDiagMessage: Destroyed live tcp sockets for uids={10152} in 1ms", "10-01 23:50:44.747  6068  6217 D InetDiagMessage: Destroyed 0 sockets, proto=IPPROTO_TCP, family=AF_INET, states=14", "10-01 23:50:44.747  6068  6217 D InetDiagMessage: Destroyed 0 sockets, proto=IPPROTO_TCP, family=AF_INET6, states=14", "10-01 23:50:44.747  6068  6217 D InetDiagMessage: Destroyed live tcp sockets for uids={20152} in 1ms", "10-01 23:50:46.230  6068  6102 D OomAdjuster: Not killing cached processes", "10-01 23:50:47.484  8930  8930 W BpBinder: Linking to death on android.gui.ISurfaceComposer but there are no threads (yet?) listening to incoming transactions. See ProcessState::startThreadPool and ProcessState::setThreadPoolMaxThreadCount. Generally you should setup the binder threadpool before other initialization steps.", "10-01 23:50:47.485  8930  8930 W ProcessState: Extra binder thread started, but 0 threads requested. Do not use *startThreadPool when zero threads are requested.", "10-01 23:50:47.493   169   169 I hwservicemanager: getTransport: Cannot find entry android.hardware.graphics.mapper@4.0::IMapper/default in either framework or device VINTF manifest.", "10-01 23:50:47.493  8930  8931 I Gralloc4: mapper 4.x is not supported", "--", "10-01 23:50:53.749  6496  6515 I ChimeraSrvcProxy: NullBinder for android.net.action.RECOMMEND_NETWORKS triggering remote TransactionTooLargeException due to Service without Chimera impl", "10-01 23:50:53.749  6496  6515 W .gms.persistent: Large reply transaction of 1056768 bytes, interface descriptor , code 1", "10-01 23:50:53.750  6068  6352 D OomAdjuster: Not killing cached processes", "10-01 23:50:54.610  7053  7053 D BoundBrokerSvc: onUnbind: Intent { act=com.google.android.gms.safetynet.service.START pkg=com.google.android.gms }", "10-01 23:50:54.626  5990  5990 I netd    : tetherGetStats() -> {[]} <0.45ms>", "10-01 23:50:54.975  7053  7053 D BoundBrokerSvc: onUnbind: Intent { act=com.google.android.gms.feedback.internal.IFeedbackService dat=chimera-action:/... cmp=com.google.android.gms/.chimera.GmsBoundBrokerService }", "10-01 23:50:55.405  6068  6103 D ActivityManager: sync unfroze 7424 com.google.android.apps.wallpaper for 3", "10-01 23:50:55.417  6496  8734 W TapAndPay: NfcAdapter is null while obtaining CardEmulation instance. [CONTEXT service_id=79 ]", "10-01 23:50:55.417  6496  8734 W TapAndPay: java.lang.NullPointerException: NfcAdapter is null", "10-01 23:50:55.417  6496  8734 W TapAndPay: \tat android.nfc.cardemulation.CardEmulation.getInstance(CardEmulation.java:170)", "10-01 23:50:55.417  6496  8734 W TapAndPay: \tat dhwn.<init>(:com.google.android.gms@242335041@24.23.35 (190800-646585959):15)", "10-01 23:50:55.417  6496  8734 W TapAndPay: \tat com.google.android.gms.tapandpay.hce.task.TapAndPayAidRegistrationTaskOperation.a(:com.google.android.gms@242335041@24.23.35 (190800-646585959):50)", "10-01 23:50:55.417  6496  8734 W TapAndPay: \tat com.google.android.gms.tapandpay.gcmtask.TapAndPayGcmTaskChimeraService.a(:com.google.android.gms@242335041@24.23.35 (190800-646585959):32)", "10-01 23:50:55.417  6496  8734 W TapAndPay: \tat bpjj.call(:com.google.android.gms@242335041@24.23.35 (190800-646585959):32)", "10-01 23:50:55.417  6496  8734 W TapAndPay: \tat java.util.concurrent.FutureTask.run(FutureTask.java:264)", "10-01 23:50:55.417  6496  8734 W TapAndPay: \tat angs.c(:com.google.android.gms@242335041@24.23.35 (190800-646585959):50)", "10-01 23:50:55.417  6496  8734 W TapAndPay: \tat angs.run(:com.google.android.gms@242335041@24.23.35 (190800-646585959):76)", "10-01 23:50:55.417  6496  8734 W TapAndPay: \tat java.util.concurrent.ThreadPoolExecutor.runWorker(ThreadPoolExecutor.java:1145)", "10-01 23:50:55.417  6496  8734 W TapAndPay: \tat java.util.concurrent.ThreadPoolExecutor$Worker.run(ThreadPoolExecutor.java:644)", "10-01 23:50:55.417  6496  8734 W TapAndPay: \tat anmg.run(:com.google.android.gms@242335041@24.23.35 (190800-646585959):8)", "10-01 23:50:55.417  6496  8734 W TapAndPay: \tat java.lang.Thread.run(Thread.java:1012)", "--", "10-01 23:50:56.757  6496  7351 I ChimeraSrvcProxy: NullBinder for android.net.action.RECOMMEND_NETWORKS triggering remote TransactionTooLargeException due to Service without Chimera impl", "10-01 23:50:56.757  6496  7351 W .gms.persistent: Large reply transaction of 1056768 bytes, interface descriptor , code 1", "10-01 23:50:56.760  6916  7105 I BugleRcsEngine: Connected state: [1], networkType: [WIFI] [CONTEXT thread_id=58 ]", "10-01 23:50:56.761  6916  7355 I BugleRcsEngine: handleMessage processing message:[NOTIFY_UPTIME_IGNORE_STATE_CHANGED] with [non-null]:RcsEngineImpl reference [CONTEXT log_prefix=\"RcsEngineImpl[DUAL_REG]:[57a959ab-dda4]>Handler\" thread_id=64 ]", "10-01 23:50:57.103     0     0 I logd    : logdr: UID=0 GID=0 PID=8944 n tail=0 logMask=99 pid=0 start=0ns deadline=0ns"]}
{"check":"console-errors","result":["--------- beginning of main", "10-01 23:50:39.239  8787  8812 E chromium: [1001/235039.239671:ERROR:variations_seed_loader.cc(37)] Seed missing signature.", "10-01 23:50:39.240  8787  8812 I chromium: [1001/235039.240209:INFO:variations_seed_loader.cc(66)] Failed to open file for reading.: No such file or directory (2)", "10-01 23:50:39.309  8787  8816 W chromium: [WARNING:dns_config_service_android.cc(81)] Failed to read DnsConfig.", "10-01 23:50:39.517  8818  8843 W chromium: [WARNING:runtime_features.cc(694)] SharedStorage for M118+ cannot be enabled in this configuration. Use --enable-features=SharedStorageAPI,SharedStorageAPIM118 in addition.", "10-01 23:50:39.517  8818  8843 W chromium: [WARNING:runtime_features.cc(730)] AttributionReportingCrossAppWeb cannot be enabled in this configuration. Use --enable-features=ConversionMeasurement,AttributionReportingCrossAppWeb in addition.", "10-01 23:50:39.790  8818  8843 I chromium: [INFO:viewport_data.cc(133)] E2E_Used ViewportFitCover", "10-01 23:50:39.967  8787  8787 I chromium: [INFO:CONSOLE(3)] \"Injecting <script> tag. Using callback.\", source: https://mui.kernelsu.org/flutter_bootstrap.js (3)"]}
{"check":"first-frame-warm","result":{"url":"https://mui.kernelsu.org/index.html","socket":"webview_devtools_remote_8787","value":{"firstFrameMs":390,"now":15050,"flutter":true,"resizes":[],"paint":{"first-paint":764,"first-contentful-paint":764},"calls":[[28,"at-preload","ksu:undefined webui:undefined"],[34,"ksu-defined"],[35,"wrap-failed","exec"],[35,"wrap-failed","spawn"],[35,"wrap-failed","moduleInfo"],[36,"wrap-failed","fullScreen"],[36,"wrap-failed","toast"]],"resources":[["/internal/insets.css",41,55,"link",0],["/flutter_webui.css",41,74,"link",0],["/flutter_webui.js",41,77,"script",0],["/flutter_bootstrap.js",42,73,"script",0],["/canvaskit/chromium/canvaskit.wasm",111,155,"fetch",0],["/canvaskit/chromium/canvaskit.js",112,133,"other",0],["/main.dart.js",112,143,"script",0],["/assets/FontManifest.json",318,330,"fetch",0],["/favicon.ico",321,324,"other",0],["/assets/fonts/MaterialIcons-Regular.otf",330,341,"fetch",0],["/assets/packages/cupertino_icons/assets/CupertinoIcons.ttf",331,341,"fetch",0],["/assets/fonts/fallback/Roboto-Regular.ttf",331,343,"fetch",0]],"marks":[["flutter_webui:register",346],["flutter_webui:registered",348],["flutter_webui:first-frame",390]],"measures":[],"fonts":[]}}}
{"check":"root-start","result":{"url":"https://mui.kernelsu.org/index.html","socket":"webview_devtools_remote_8787","value":{"code":0,"out":"","err":"","ms":90}}}
{"check":"session","result":{"url":"https://mui.kernelsu.org/index.html","socket":"webview_devtools_remote_8787","value":{"status":200,"ms":15,"protocol":1,"version":"0.1.0","port":45503,"pid":9029,"tokenLen":43}}}
{"check":"ws-hello","result":{"url":"https://mui.kernelsu.org/index.html","socket":"webview_devtools_remote_8787","value":{"first":"{\"op\":\"hello\",\"protocol\":1,\"version\":\"0.1.0\",\"pid\":9029,\"boot\":\"b69fb098-246a-4fb0-ba39-40d54ed9bd25\",\"uid\":0,\"moduleDir\":\"/data/adb/modules/flutter_webui_counter\"}"}}}
{"check":"channel-process","result":"USER           UID LABEL                            PID NAME                       \nroot             0 u:r:ksu:s0                      9029 ld-linux-x86-64.so.2\nexe=/data/adb/modules/flutter_webui_counter/flutter_webui/x86_64/ld-linux-x86-64.so.2\n/data/adb/modules/flutter_webui_counter/flutter_webui/x86_64/ld-linux-x86-64.so.2 --library-path /data/adb/modules/flutter_webui_counter/flutter_webui/x86_64 /data/adb/modules/flutter_webui_counter/flutter_webui/x86_64/dartaotruntime /data/adb/modules/flutter_webui_counter/flutter_webui/x86_64/flutter_webui_root.aot serve --module-dir /data/adb/modules/flutter_webui_counter \narm64-v8a\nroot\nx86_64\n/data/adb/modules/flutter_webui_counter/flutter_webui/arm64-v8a:\ndartaotruntime\nflutter_webui_root.aot\nld-linux-aarch64.so.1\nlibc.so.6\nlibdl.so.2\nlibm.so.6\nlibpthread.so.0\n\n/data/adb/modules/flutter_webui_counter/flutter_webui/x86_64:\ndartaotruntime\nflutter_webui_root.aot\nld-linux-x86-64.so.2\nlibc.so.6\nlibdl.so.2\nlibm.so.6\nlibpthread.so.0"}
{"check":"root-log","result":"2026-10-01T23:51:12.534476 listening on 127.0.0.1:45503"}
{"check":"session-mode","result":"total 44\ndrwx--x--x 3 root root 4096 2026-10-01 23:51 .\ndrwxr-xr-x 7 root root 4096 2026-10-01 23:51 ..\n-rw------- 1 root root    0 2026-10-01 23:51 lock\ndrwx------ 2 root root 4096 2026-10-01 23:51 proc\n-rw------- 1 root root   56 2026-10-01 23:51 root.log\n-rw-r--r-- 1 root root  196 2026-10-01 23:51 session.json"}
{"check":"home-resume","result":{"url":"https://mui.kernelsu.org/index.html","socket":"webview_devtools_remote_8787","value":{"events":[["visibilitychange","hidden",16404],["visibilitychange","visible",23084]],"ticks":20,"vis":"visible","hasFocus":false}}}
{"check":"before-back","result":{"url":"https://mui.kernelsu.org/index.html","socket":"webview_devtools_remote_8787","value":{"historyLength":2,"historyState":"{\"flutter\":true}","href":"https://mui.kernelsu.org/index.html","typeofWebui":"undefined","typeofWebuiExit":"undefined","typeofKsuExit":"undefined","webuiKeys":null,"wrapped":"no webui.exit"}}}
{"check":"back-events","result":{"error":"no page target","sockets":["webview_devtools_remote_8787"],"targets":[]}}
{"check":"back-console","result":["10-01 23:51:24.037  8787  8787 E chromium: [ERROR:aw_browser_terminator.cc(154)] Renderer process (8818) crash detected (code -1).", "10-01 23:51:24.039  6068  6954 I ActivityManager: Killing 8818:com.google.android.webview:sandboxed_process0:org.chromium.content.app.SandboxedProcessService0:0/u0a209i1 (adj 0): isolated not needed"]}
{"check":"back-at-root","result":"topResumedActivity=ActivityRecord{cd0dbe9 u0 com.google.android.apps.nexuslauncher/.NexusLauncherActivity t9}"}
Starting: Intent { cmp=com.rifsxd.ksunext/.ui.webui.WebUIActivity (has extras) }
Status: ok
Activity: com.rifsxd.ksunext/.ui.webui.WebUIActivity
https://mui.kernelsu.org/index.html
opened: intent
{"check":"targets","result":[{"type": "page", "url": "https://mui.kernelsu.org/index.html", "title": "Flutter Demo"}]}
{"check":"page","result":{"url":"https://mui.kernelsu.org/index.html","socket":"webview_devtools_remote_9153","value":{"href":"https://mui.kernelsu.org/index.html","title":"Flutter Demo","ready":"complete","flutter":true,"glass":true,"nav":{"dcl":263,"load":689},"paint":{"first-paint":1651,"first-contentful-paint":1651},"glassAt":"present","firstFrame":null,"insets":null,"vv":[320,592,1]}}}
{"check":"java-exceptions","result":["10-01 23:51:32.799  6496  7772 W .gms.persistent: Large reply transaction of 1056768 bytes, interface descriptor , code 1", "10-01 23:51:32.800  6916  7105 I BugleRcsEngine: Connected state: [1], networkType: [WIFI] [CONTEXT thread_id=58 ]", "10-01 23:51:32.801  6916  7355 I BugleRcsEngine: handleMessage processing message:[NOTIFY_UPTIME_IGNORE_STATE_CHANGED] with [non-null]:RcsEngineImpl reference [CONTEXT log_prefix=\"RcsEngineImpl[DUAL_REG]:[57a959ab-dda4]>Handler\" thread_id=64 ]", "10-01 23:51:32.811  6437  6445 W System  : A resource failed to call AbstractCursor.close. ", "10-01 23:51:32.818  6068  6217 D InetDiagMessage: Destroyed 0 sockets, proto=IPPROTO_TCP, family=AF_INET, states=14", "10-01 23:51:32.819  6068  6217 D InetDiagMessage: Destroyed 0 sockets, proto=IPPROTO_TCP, family=AF_INET6, states=14", "10-01 23:51:32.819  6068  6217 D InetDiagMessage: Destroyed live tcp sockets for uids={10152} in 1ms", "10-01 23:51:32.819  6068  6217 D InetDiagMessage: Destroyed 0 sockets, proto=IPPROTO_TCP, family=AF_INET, states=14", "10-01 23:51:32.819  6068  6217 D InetDiagMessage: Destroyed 0 sockets, proto=IPPROTO_TCP, family=AF_INET6, states=14", "10-01 23:51:32.819  6068  6217 D InetDiagMessage: Destroyed live tcp sockets for uids={20152} in 1ms", "10-01 23:51:33.356  9153  9289 D ProfileInstaller: Skipping profile installation for com.rifsxd.ksunext", "10-01 23:51:34.124  6068  6102 D OomAdjuster: Not killing cached processes", "--", "10-01 23:51:35.808  6496  7772 I ChimeraSrvcProxy: NullBinder for android.net.action.RECOMMEND_NETWORKS triggering remote TransactionTooLargeException due to Service without Chimera impl", "10-01 23:51:35.808  6496  7772 W .gms.persistent: Large reply transaction of 1056768 bytes, interface descriptor , code 1", "10-01 23:51:36.148  7042  8323 I BugleRcsEngine: delay time out, reset attempts 1 and process SIM event [CONTEXT thread_id=115 ]", "10-01 23:51:36.149  7042  8323 I BugleRcsEngine: process intent: android.intent.action.SIM_STATE_CHANGED [CONTEXT log_prefix=\"(Sim)\" thread_id=115 ]", "10-01 23:51:36.151  7042  8323 I BugleRcsEngine: Processing an intent [CONTEXT log_prefix=\"(Sim)\" thread_id=115 ]", "10-01 23:51:36.152  7042  8323 I BugleRcsEngine: Ignoring duplicate SIM state: LOADED [CONTEXT log_prefix=\"(Sim)\" thread_id=115 ]", "10-01 23:51:37.825  6068  6159 D ActivityManager: freezing 8520 com.google.android.webview:webview_service", "10-01 23:51:37.826  6068  6217 D InetDiagMessage: Destroyed 0 sockets, proto=IPPROTO_TCP, family=AF_INET, states=14", "10-01 23:51:37.827  6068  6217 D InetDiagMessage: Destroyed 0 sockets, proto=IPPROTO_TCP, family=AF_INET6, states=14", "10-01 23:51:37.827  6068  6217 D InetDiagMessage: Destroyed live tcp sockets for uids={10152} in 2ms", "10-01 23:51:38.807  7042  7042 W JobService: onNetworkChanged() not implemented in androidx.work.impl.background.systemjob.SystemJobService. Must override in a subclass.", "10-01 23:51:38.808  6068  6217 W IPCThreadState: Sending oneway calls to frozen process.", "10-01 23:51:38.808  6068  6217 W IPCThreadState: Sending oneway calls to frozen process.", "--", "10-01 23:51:38.811  6496  6515 I ChimeraSrvcProxy: NullBinder for android.net.action.RECOMMEND_NETWORKS triggering remote TransactionTooLargeException due to Service without Chimera impl", "10-01 23:51:38.811  6496  6515 W .gms.persistent: Large reply transaction of 1056768 bytes, interface descriptor , code 1", "10-01 23:51:41.836  6068  6102 D OomAdjuster: Not killing cached processes", "10-01 23:51:42.932     0     0 I init    : Untracked pid 9029 exited with status 0", "10-01 23:51:42.933     0     0 I init    : Untracked pid 9029 did not have an associated service entry and will not be reaped", "10-01 23:51:42.856  7053  7053 D BoundBrokerSvc: onUnbind: Intent { act=com.google.android.gms.safetynet.service.START pkg=com.google.android.gms }", "10-01 23:51:42.882  5990  5990 I netd    : tetherGetStats() -> {[]} <0.47ms>", "10-01 23:51:44.549  9297  9297 W BpBinder: Linking to death on android.gui.ISurfaceComposer but there are no threads (yet?) listening to incoming transactions. See ProcessState::startThreadPool and ProcessState::setThreadPoolMaxThreadCount. Generally you should setup the binder threadpool before other initialization steps.", "10-01 23:51:44.549  9297  9297 W ProcessState: Extra binder thread started, but 0 threads requested. Do not use *startThreadPool when zero threads are requested.", "10-01 23:51:44.558   169   169 I hwservicemanager: getTransport: Cannot find entry android.hardware.graphics.mapper@4.0::IMapper/default in either framework or device VINTF manifest.", "10-01 23:51:44.558  9297  9298 I Gralloc4: mapper 4.x is not supported", "10-01 23:51:44.752     0     0 I servicemanager: Caller(pid=9297,uid=0,sid=u:r:su:s0) Could not find android.hardware.graphics.allocator.IAllocator/default in the VINTF manifest. No alternative instances declared in VINTF.", "10-01 23:51:44.820  9153  9153 W ThreadPoolForeg: type=1400 audit(0.0:198): avc:  denied  { getattr } for  path=\"/data/adb\" dev=\"dm-46\" ino=319489 scontext=u:r:untrusted_app:s0:c209,c256,c512,c768 tcontext=u:object_r:adb_data_file:s0 tclass=dir permissive=0 app=com.rifsxd.ksunext"]}
{"check":"console-errors","result":["--------- beginning of main", "10-01 23:51:27.412  9153  9179 E chromium: [1001/235127.412352:ERROR:variations_seed_loader.cc(37)] Seed missing signature.", "10-01 23:51:27.416  9153  9179 I chromium: [INFO:variations_seed_loader.cc(66)] Failed to open file for reading.: No such file or directory (2)", "10-01 23:51:27.440  9153  9188 W chromium: [WARNING:dns_config_service_android.cc(81)] Failed to read DnsConfig.", "10-01 23:51:27.615  9183  9210 W chromium: [WARNING:runtime_features.cc(694)] SharedStorage for M118+ cannot be enabled in this configuration. Use --enable-features=SharedStorageAPI,SharedStorageAPIM118 in addition.", "10-01 23:51:27.615  9183  9210 W chromium: [WARNING:runtime_features.cc(730)] AttributionReportingCrossAppWeb cannot be enabled in this configuration. Use --enable-features=ConversionMeasurement,AttributionReportingCrossAppWeb in addition.", "10-01 23:51:27.912  9153  9153 I chromium: [INFO:CONSOLE(1)] \"Injecting <script> tag. Using callback.\", source: https://mui.kernelsu.org/flutter_bootstrap.js (1)"]}
{"check":"first-frame-warm","result":{"url":"https://mui.kernelsu.org/index.html","socket":"webview_devtools_remote_9153","value":{"firstFrameMs":364,"now":15049,"flutter":true,"resizes":[],"paint":{"first-paint":831,"first-contentful-paint":831},"calls":[[22,"at-preload","ksu:undefined webui:undefined"],[25,"ksu-defined"],[39,"wrap-failed","exec"],[40,"wrap-failed","spawn"],[42,"wrap-failed","moduleInfo"],[42,"wrap-failed","fullScreen"],[45,"wrap-failed","toast"]],"resources":[["/flutter_bootstrap.js",23,51,"script",0],["/canvaskit/chromium/canvaskit.wasm",99,153,"fetch",0],["/canvaskit/chromium/canvaskit.js",99,126,"other",0],["/main.dart.js",99,134,"script",0],["/assets/FontManifest.json",289,301,"fetch",0],["/favicon.png",292,304,"other",0],["/assets/fonts/MaterialIcons-Regular.otf",302,316,"fetch",0],["/assets/packages/cupertino_icons/assets/CupertinoIcons.ttf",302,316,"fetch",0],["/assets/fonts/fallback/Roboto-Regular.ttf",303,318,"fetch",0],["/favicon.png",758,771,"other",0]],"marks":[],"measures":[],"fonts":[]}}}
Starting: Intent { cmp=com.rifsxd.ksunext/.ui.webui.WebUIActivity (has extras) }
Status: ok
Activity: com.rifsxd.ksunext/.ui.webui.WebUIActivity
https://mui.kernelsu.org/index.html
opened: intent
{"check":"targets","result":[{"type": "page", "url": "https://mui.kernelsu.org/index.html", "title": "Demo"}]}
{"check":"page","result":{"url":"https://mui.kernelsu.org/index.html","socket":"webview_devtools_remote_9367","value":{"href":"https://mui.kernelsu.org/index.html","title":"Demo","ready":"complete","flutter":true,"glass":true,"nav":{"dcl":307,"load":1264},"paint":{"first-paint":1262,"first-contentful-paint":2809},"glassAt":"present","firstFrame":null,"insets":"24px","vv":[320,640,1]}}}
{"check":"java-exceptions","result":["10-01 23:52:02.425  6068  6068 I RegistrationProxy: onServiceConnected: com.android.rkpdapp.service.RemoteProvisioningService", "10-01 23:52:02.426  6068  7100 W ProcessStats: Tracking association SourceState{4d3b99f system/1000 ImpFg #2516} whose proc state 5 is better than process ProcessState{a03f872 com.google.android.rkpdapp/10184 pkg=com.google.android.rkpdapp} proc state 14 (27 skipped)", "10-01 23:52:02.489  6068  7100 I RegistrationProxy: IGetRegistrationCallback.onSuccess", "10-01 23:52:02.679     0     0 I servicemanager: Caller(pid=7578,uid=10184,sid=u:r:rkpdapp:s0:c184,c256,c512,c768) Found android.hardware.security.keymint.IRemotelyProvisionedComponent/default in device VINTF manifest.", "10-01 23:52:02.515  6068  7100 I RemoteProvisionSysSvc: Fetching key 10143 for client 11447020", "10-01 23:52:02.515  6068  7100 I RegistrationProxy: getKeyAsync operation started with callback 16441013", "10-01 23:52:02.518  7578  9495 I RkpdRegistrationBinder: Key requested for : android.hardware.security.keymint.IRemotelyProvisionedComponent/default, clientUid: 1017, keyId: 10143, callback: 262069940", "--", "10-01 23:52:03.832  9367  9398 E SuFilePathHandler: java.io.FileNotFoundException: No such file or directory: /data/adb/modules/demo/webroot/favicon.ico", "10-01 23:52:03.832  9367  9398 E SuFilePathHandler: \tat r8.f.a(r8-map-id-711a9e1fe37a5a3d329dda399a83172f9d848bb8ab697f7cabb76790b2f728d1:147)", "10-01 23:52:03.832  9367  9398 E SuFilePathHandler: \tat p8.i.shouldInterceptRequest(r8-map-id-711a9e1fe37a5a3d329dda399a83172f9d848bb8ab697f7cabb76790b2f728d1:2520)", "10-01 23:52:03.824  9367  9367 W ThreadPoolForeg: type=1400 audit(0.0:258): avc:  denied  { getattr } for  path=\"/data/adb\" dev=\"dm-46\" ino=319489 scontext=u:r:untrusted_app:s0:c209,c256,c512,c768 tcontext=u:object_r:adb_data_file:s0 tclass=dir permissive=0 app=com.rifsxd.ksunext", "10-01 23:52:03.824  9367  9367 W ThreadPoolForeg: type=1400 audit(0.0:259): avc:  denied  { getattr } for  path=\"/data/adb\" dev=\"dm-46\" ino=319489 scontext=u:r:untrusted_app:s0:c209,c256,c512,c768 tcontext=u:object_r:adb_data_file:s0 tclass=dir permissive=0 app=com.rifsxd.ksunext", "10-01 23:52:04.027     0     0 W audit   : audit_lost=119 audit_rate_limit=5 audit_backlog_limit=64", "10-01 23:52:04.029     0     0 E audit   : rate limit exceeded", "10-01 23:52:03.828  9367  9367 W ThreadPoolForeg: type=1400 audit(0.0:260): avc:  denied  { getattr } for  path=\"/data/adb\" dev=\"dm-46\" ino=319489 scontext=u:r:untrusted_app:s0:c209,c256,c512,c768 tcontext=u:object_r:adb_data_file:s0 tclass=dir permissive=0 app=com.rifsxd.ksunext", "10-01 23:52:03.880  9367  9417 E SuFilePathHandler: Error opening the requested path: favicon.ico", "10-01 23:52:03.880  9367  9417 E SuFilePathHandler: java.io.FileNotFoundException: No such file or directory: /data/adb/modules/demo/webroot/favicon.ico", "10-01 23:52:03.880  9367  9417 E SuFilePathHandler: \tat r8.f.a(r8-map-id-711a9e1fe37a5a3d329dda399a83172f9d848bb8ab697f7cabb76790b2f728d1:147)", "10-01 23:52:03.880  9367  9417 E SuFilePathHandler: \tat p8.i.shouldInterceptRequest(r8-map-id-711a9e1fe37a5a3d329dda399a83172f9d848bb8ab697f7cabb76790b2f728d1:2520)", "10-01 23:52:03.880  9367  9401 E SuFilePathHandler: Error opening the requested path: favicon.ico", "10-01 23:52:03.880  9367  9401 E SuFilePathHandler: java.io.FileNotFoundException: No such file or directory: /data/adb/modules/demo/webroot/favicon.ico", "10-01 23:52:03.880  9367  9401 E SuFilePathHandler: \tat r8.f.a(r8-map-id-711a9e1fe37a5a3d329dda399a83172f9d848bb8ab697f7cabb76790b2f728d1:147)", "10-01 23:52:03.880  9367  9401 E SuFilePathHandler: \tat p8.i.shouldInterceptRequest(r8-map-id-711a9e1fe37a5a3d329dda399a83172f9d848bb8ab697f7cabb76790b2f728d1:2520)", "10-01 23:52:03.880  9367  9404 E SuFilePathHandler: Error opening the requested path: favicon.ico", "10-01 23:52:03.880  9367  9404 E SuFilePathHandler: java.io.FileNotFoundException: No such file or directory: /data/adb/modules/demo/webroot/favicon.ico", "10-01 23:52:03.880  9367  9404 E SuFilePathHandler: \tat r8.f.a(r8-map-id-711a9e1fe37a5a3d329dda399a83172f9d848bb8ab697f7cabb76790b2f728d1:147)", "10-01 23:52:03.880  9367  9404 E SuFilePathHandler: \tat p8.i.shouldInterceptRequest(r8-map-id-711a9e1fe37a5a3d329dda399a83172f9d848bb8ab697f7cabb76790b2f728d1:2520)", "10-01 23:52:03.887  9367  9416 E SuFilePathHandler: Error opening the requested path: favicon.ico", "10-01 23:52:03.887  9367  9416 E SuFilePathHandler: java.io.FileNotFoundException: No such file or directory: /data/adb/modules/demo/webroot/favicon.ico", "10-01 23:52:03.887  9367  9416 E SuFilePathHandler: \tat r8.f.a(r8-map-id-711a9e1fe37a5a3d329dda399a83172f9d848bb8ab697f7cabb76790b2f728d1:147)", "10-01 23:52:03.887  9367  9416 E SuFilePathHandler: \tat p8.i.shouldInterceptRequest(r8-map-id-711a9e1fe37a5a3d329dda399a83172f9d848bb8ab697f7cabb76790b2f728d1:2520)", "10-01 23:52:04.478  6068  6922 E TaskPersister: File error accessing recents directory (directory doesn't exist?).", "10-01 23:52:04.984  9507  9507 W BpBinder: Linking to death on android.gui.ISurfaceComposer but there are no threads (yet?) listening to incoming transactions. See ProcessState::startThreadPool and ProcessState::setThreadPoolMaxThreadCount. Generally you should setup the binder threadpool before other initialization steps.", "10-01 23:52:04.985  9507  9507 W ProcessState: Extra binder thread started, but 0 threads requested. Do not use *startThreadPool when zero threads are requested.", "10-01 23:52:04.992   169   169 I hwservicemanager: getTransport: Cannot find entry android.hardware.graphics.mapper@4.0::IMapper/default in either framework or device VINTF manifest.", "10-01 23:52:04.992  9507  9508 I Gralloc4: mapper 4.x is not supported", "10-01 23:52:05.187     0     0 I servicemanager: Caller(pid=9507,uid=0,sid=u:r:su:s0) Could not find android.hardware.graphics.allocator.IAllocator/default in the VINTF manifest. No alternative instances declared in VINTF.", "10-01 23:52:05.114  6290  6398 D EGL_emulation: app_time_stats: avg=247.87ms min=5.27ms max=4226.58ms count=20", "10-01 23:52:05.962  7042  7042 I BugleDataModel: ActionExecutorImpl: Starting ActionService"]}
{"check":"console-errors","result":["--------- beginning of main", "10-01 23:52:00.796  9367  9393 E chromium: [1001/235200.794105:ERROR:variations_seed_loader.cc(37)] Seed missing signature.", "10-01 23:52:00.797  9367  9393 I chromium: [1001/235200.797135:INFO:variations_seed_loader.cc(66)] Failed to open file for reading.: No such file or directory (2)", "10-01 23:52:00.858  9367  9401 W chromium: [WARNING:dns_config_service_android.cc(81)] Failed to read DnsConfig.", "10-01 23:52:01.060  9400  9429 W chromium: [WARNING:runtime_features.cc(694)] SharedStorage for M118+ cannot be enabled in this configuration. Use --enable-features=SharedStorageAPI,SharedStorageAPIM118 in addition.", "10-01 23:52:01.060  9400  9429 W chromium: [WARNING:runtime_features.cc(730)] AttributionReportingCrossAppWeb cannot be enabled in this configuration. Use --enable-features=ConversionMeasurement,AttributionReportingCrossAppWeb in addition.", "10-01 23:52:01.299  9400  9429 I chromium: [INFO:viewport_data.cc(133)] E2E_Used ViewportFitCover", "10-01 23:52:01.406  9367  9367 I chromium: [INFO:CONSOLE(3)] \"Injecting <script> tag. Using callback.\", source: https://mui.kernelsu.org/flutter_bootstrap.js (3)"]}
{"check":"first-frame-warm","result":{"url":"https://mui.kernelsu.org/index.html","socket":"webview_devtools_remote_9367","value":{"firstFrameMs":533,"now":15052,"flutter":true,"resizes":[],"paint":{"first-paint":1050,"first-contentful-paint":1050},"calls":[[27,"at-preload","ksu:undefined webui:undefined"],[41,"ksu-defined"],[42,"wrap-failed","exec"],[42,"wrap-failed","spawn"],[42,"wrap-failed","moduleInfo"],[43,"wrap-failed","fullScreen"],[44,"wrap-failed","toast"]],"resources":[["/internal/insets.css",23,40,"link",0],["/internal/colors.css",23,45,"link",0],["/flutter_webui.css",23,58,"link",0],["/flutter_webui.js",23,67,"script",0],["/flutter_bootstrap.js",24,58,"script",0],["/canvaskit/chromium/canvaskit.wasm",100,157,"fetch",0],["/canvaskit/chromium/canvaskit.js",100,119,"other",0],["/main.dart.js",101,148,"script",0],["/assets/FontManifest.json",402,414,"fetch",0],["/favicon.ico",411,416,"other",0],["/assets/fonts/MaterialIcons-Regular.otf",415,426,"fetch",0],["/assets/fonts/fallback/Roboto-Regular.ttf",415,427,"fetch",0],["/internal/colors.css",438,534,"fetch",0],["/pkg/demo_native.js",1037,1117,"fetch",0]],"marks":[["flutter_webui:register",430],["flutter_webui:registered",430],["flutter_webui:register",433],["flutter_webui:registered",433],["flutter_webui:first-frame",533]],"measures":[],"fonts":[]}}}
{"url":"https://mui.kernelsu.org/index.html","socket":"webview_devtools_remote_9367","value":"semantics on"}
{"check":"home","result":{"url":"https://mui.kernelsu.org/index.html","socket":"webview_devtools_remote_9367","value":["Squadron","Process","native","net","Say hello","Count to 5","SHA-256","Demo pages\nOne page per thing the stack promises.","Places","Strategy","Rust","Lifecycle","Shell","Plugins"]}}
{"check":"colors-css","result":{"url":"https://mui.kernelsu.org/index.html","socket":"webview_devtools_remote_9367","value":{"status":200,"type":"text/css","body":":root {\n  --primary: #495D92;\n  --onPrimary: #FFFFFF;\n  --primaryContainer: #DAE2FF;\n  --onPrimaryContainer: #001849;\n  --inversePrimary: #B2C5FF;\n  --secondary: #585E71;\n  --onSecondary: #FFFFFF;\n  --secondaryContainer: #DDE2F9;\n  --onSecondaryContainer: #151B2C;\n  --tertiary: #735471;\n  --onTertiary: #FFFFFF;\n  --tertiaryContainer: #FED6F9;\n  --onTertiaryContainer: #2B122B;\n  --background: #FAF8FF;\n  --onBackground: #1A1B21;\n  --surface: #FAF8FF;\n  --tonalSurface: #F1F0F9;\n  --onSurface: #1A1B21;\n  --surfaceVariant: #E1E2EC;\n  --onSurfaceVariant: #45464F;\n  --surfaceTint: #495D92;\n  --inverseSurface: #121318;\n  --inverseOnSurface: #E3E2E9;\n  --error: #B3261E;\n  --onError: #FFFFFF;\n  --errorContainer: #F9DEDC;\n  --onErrorContainer: #410E0B;\n  --outline: #757780;\n  --outlineVariant: #C5C6D0;\n  --scrim: #000000;\n  --surfaceBright: #FAF8FF;\n  --surfaceDim: #DAD9E0;\n  --surfaceContainer: #EEEDF4;\n  --surfaceContainerHigh: #E8E7EF;\n  --surfaceContainerHighest: #E3E2E9;\n  --surfaceContainerLow: #F4F3FA;\n  --surfaceContainerLowest: #FFFFFF;\n  --filledTonalButtonContentColor: #001849;\n  --filledTonalButtonContainerColor: #DDE2F9;\n  --filledTonalButtonDisabledContentColor: #45464F;\n  --filledTonalButtonDisabledContainerColor: #E1E2EC;\n  --filledCardContentColor: #001849;\n  --filledCardContainerColor: #DAE2FF;\n  --filledCardDisabledContentColor: #45464F;\n  --filledCardDisabledContainerColor: #E1E2EC;\n}\n"}}}
{"check":"wasm-at-home","result":{"url":"https://mui.kernelsu.org/index.html","socket":"webview_devtools_remote_9367","value":{"wasm":[{"name":"chromium/canvaskit.wasm","start":100,"dur":57}],"marks":[{"name":"flutter_webui:register","t":430},{"name":"flutter_webui:registered","t":430},{"name":"flutter_webui:register","t":433},{"name":"flutter_webui:registered","t":433},{"name":"flutter_webui:first-frame","t":533}],"measures":[],"now":18623}}}
{"check":"tap-places","result":{"url":"https://mui.kernelsu.org/index.html","socket":"webview_devtools_remote_9367","value":"tapped Places at 16,572 size 288x56 role button tappable"}}
{"check":"places","result":{"url":"https://mui.kernelsu.org/index.html","socket":"webview_devtools_remote_9367","value":["Back\nBack","One service, DemoService, opened in every place this build knows. Each place probes its own facts from inside; the page never guesses from the platform it was built for.","200k","1M","3M","Count primes in every place","Restart places","inline (the caller)\nkind: inline\nstart 391 ms, first facts() round trip 63 ms\nroot\ncheck: effective uid 0\nblock_devices\ncheck: a kernel-listed block device opens for reading\nusb.native\ncheck: /dev/bus/usb lists\nusb.web\ncheck: navigator.usb exists\nprocess.spawn\ncheck: a shell runs\nfs.persistent\ncheck: working dir writable, or storage persisted\nnet\ncheck: a non-loopback interface is up, or onLine\nnative\ncheck: null","worker (isolate or Web Worker)\nkind: web_worker\nstart 270 ms, first facts() round trip 52 ms\nroot\ncheck: effective uid 0\nblock_devices\ncheck: a kernel-listed block device opens for reading\nusb.native\ncheck: /dev/bus/usb lists\nusb.web\ncheck: navigator.usb exists\nprocess.spawn\ncheck: a shell runs\nfs.persistent\ncheck: working dir writable, or storage persisted\nnet\ncheck: a non-loopback interface is up, or onLine\nnative\ncheck: null","Places","Strategy","Rust","Lifecycle","Shell","Plugins"]}}
{"check":"places-scroll-1","result":{"url":"https://mui.kernelsu.org/index.html","socket":"webview_devtools_remote_9367","value":["Back\nBack","Count primes in every place","Restart places","inline (the caller)\nkind: inline\nstart 391 ms, first facts() round trip 63 ms\nroot\ncheck: effective uid 0\nblock_devices\ncheck: a kernel-listed block device opens for reading\nusb.native\ncheck: /dev/bus/usb lists\nusb.web\ncheck: navigator.usb exists\nprocess.spawn\ncheck: a shell runs\nfs.persistent\ncheck: working dir writable, or storage persisted\nnet\ncheck: a non-loopback interface is up, or onLine\nnative\ncheck: null","worker (isolate or Web Worker)\nkind: web_worker\nstart 270 ms, first facts() round trip 52 ms\nroot\ncheck: effective uid 0\nblock_devices\ncheck: a kernel-listed block device opens for reading\nusb.native\ncheck: /dev/bus/usb lists\nusb.web\ncheck: navigator.usb exists\nprocess.spawn\ncheck: a shell runs\nfs.persistent\ncheck: working dir writable, or storage persisted\nnet\ncheck: a non-loopback interface is up, or onLine\nnative\ncheck: null","root process (the app CLI, serve mode)\nkind: process\nstart 268 ms, first facts() round trip 0 ms\nroot\ncheck: effective uid 0\nblock_devices\ncheck: a kernel-listed block device opens for reading\nusb.native\ncheck: /dev/bus/usb lists\nusb.web\ncheck: navigator.usb exists\nprocess.spawn\ncheck: a shell runs\nfs.persistent\ncheck: working dir writable, or storage persisted\nnet\ncheck: a non-loopback interface is up, or onLine\nnative\ncheck: null","Places","Strategy","Rust","Lifecycle","Shell","Plugins"]}}
{"check":"places-scroll-2","result":{"url":"https://mui.kernelsu.org/index.html","socket":"webview_devtools_remote_9367","value":["Back\nBack","inline (the caller)\nkind: inline\nstart 391 ms, first facts() round trip 63 ms\nroot\ncheck: effective uid 0\nblock_devices\ncheck: a kernel-listed block device opens for reading\nusb.native\ncheck: /dev/bus/usb lists\nusb.web\ncheck: navigator.usb exists\nprocess.spawn\ncheck: a shell runs\nfs.persistent\ncheck: working dir writable, or storage persisted\nnet\ncheck: a non-loopback interface is up, or onLine\nnative\ncheck: null","worker (isolate or Web Worker)\nkind: web_worker\nstart 270 ms, first facts() round trip 52 ms\nroot\ncheck: effective uid 0\nblock_devices\ncheck: a kernel-listed block device opens for reading\nusb.native\ncheck: /dev/bus/usb lists\nusb.web\ncheck: navigator.usb exists\nprocess.spawn\ncheck: a shell runs\nfs.persistent\ncheck: working dir writable, or storage persisted\nnet\ncheck: a non-loopback interface is up, or onLine\nnative\ncheck: null","root process (the app CLI, serve mode)\nkind: process\nstart 268 ms, first facts() round trip 0 ms\nroot\ncheck: effective uid 0\nblock_devices\ncheck: a kernel-listed block device opens for reading\nusb.native\ncheck: /dev/bus/usb lists\nusb.web\ncheck: navigator.usb exists\nprocess.spawn\ncheck: a shell runs\nfs.persistent\ncheck: working dir writable, or storage persisted\nnet\ncheck: a non-loopback interface is up, or onLine\nnative\ncheck: null","Places","Strategy","Rust","Lifecycle","Shell","Plugins"]}}
{"check":"places-scroll-3","result":{"url":"https://mui.kernelsu.org/index.html","socket":"webview_devtools_remote_9367","value":["Back\nBack","worker (isolate or Web Worker)\nkind: web_worker\nstart 270 ms, first facts() round trip 52 ms\nroot\ncheck: effective uid 0\nblock_devices\ncheck: a kernel-listed block device opens for reading\nusb.native\ncheck: /dev/bus/usb lists\nusb.web\ncheck: navigator.usb exists\nprocess.spawn\ncheck: a shell runs\nfs.persistent\ncheck: working dir writable, or storage persisted\nnet\ncheck: a non-loopback interface is up, or onLine\nnative\ncheck: null","root process (the app CLI, serve mode)\nkind: process\nstart 268 ms, first facts() round trip 0 ms\nroot\ncheck: effective uid 0\nblock_devices\ncheck: a kernel-listed block device opens for reading\nusb.native\ncheck: /dev/bus/usb lists\nusb.web\ncheck: navigator.usb exists\nprocess.spawn\ncheck: a shell runs\nfs.persistent\ncheck: working dir writable, or storage persisted\nnet\ncheck: a non-loopback interface is up, or onLine\nnative\ncheck: null","Reference: one call and one stream per place\nsquadron_process doc/benchmark.md, a 4-vCPU VM. Not measured here; devicelab measures devices.\nCall: isolate 31 µs, Web Worker (dart2js) 120 µs, process 247 µs, process from the page 401 µs.\n64 KiB stream: isolate 3643 MiB/s, Web Worker 631 MiB/s, process link about 110 MiB/s.","Places","Strategy","Rust","Lifecycle","Shell","Plugins"]}}
{"check":"tap-strategy","result":{"url":"https://mui.kernelsu.org/index.html","socket":"webview_devtools_remote_9367","value":"tapped Strategy at 53,536 size 53x80 role tab tappable"}}
{"check":"strategy","result":{"url":"https://mui.kernelsu.org/index.html","socket":"webview_devtools_remote_9367","value":["Back\nBack","Objective: list the device's partitions. Strategies in preference order: on the device as root, then from a host over USB. The first one the place's facts allow runs; nothing reads kIsWeb or Platform.","Place","inline (the caller)","worker (isolate or Web Worker)","root process (the app CLI, serve mode)","Facts from inline (the caller)\nSwitch a fact off to see the fallback. You can only take facts away.\nroot\ncheck: effective uid 0\nblock_devices\ncheck: a kernel-listed block device opens for reading\nusb.native\ncheck: /dev/bus/usb lists\nusb.web\ncheck: navigator.usb exists\nprocess.spawn\ncheck: a shell runs\nfs.persistent\ncheck: working dir writable, or storage persisted\nnet\ncheck: a non-loopback interface is up, or onLine\nnative\ncheck: null","root","block_devices","usb.native","process.spawn","Places","Strategy","Rust","Lifecycle","Shell","Plugins"]}}
{"check":"tap-strategy-root","result":{"url":"https://mui.kernelsu.org/index.html","socket":"webview_devtools_remote_9367","value":"tapped root process at 24,358 size 272x48 role checkbox tappable"}}
{"check":"strategy-root","result":{"url":"https://mui.kernelsu.org/index.html","socket":"webview_devtools_remote_9367","value":["Back\nBack","Objective: list the device's partitions. Strategies in preference order: on the device as root, then from a host over USB. The first one the place's facts allow runs; nothing reads kIsWeb or Platform.","Place","inline (the caller)","worker (isolate or Web Worker)","root process (the app CLI, serve mode)","Facts from root process (the app CLI, serve mode)\nSwitch a fact off to see the fallback. You can only take facts away.\nroot\ncheck: effective uid 0\nblock_devices\ncheck: a kernel-listed block device opens for reading\nusb.native\ncheck: /dev/bus/usb lists\nusb.web\ncheck: navigator.usb exists\nprocess.spawn\ncheck: a shell runs\nfs.persistent\ncheck: working dir writable, or storage persisted\nnet\ncheck: a non-loopback interface is up, or onLine\nnative\ncheck: null","root","block_devices","usb.native","process.spawn","Places","Strategy","Rust","Lifecycle","Shell","Plugins"]}}
{"check":"strategy-root-scroll-1","result":{"url":"https://mui.kernelsu.org/index.html","socket":"webview_devtools_remote_9367","value":["Back\nBack","Place","inline (the caller)","worker (isolate or Web Worker)","root process (the app CLI, serve mode)","Facts from root process (the app CLI, serve mode)\nSwitch a fact off to see the fallback. You can only take facts away.\nroot\ncheck: effective uid 0\nblock_devices\ncheck: a kernel-listed block device opens for reading\nusb.native\ncheck: /dev/bus/usb lists\nusb.web\ncheck: navigator.usb exists\nprocess.spawn\ncheck: a shell runs\nfs.persistent\ncheck: working dir writable, or storage persisted\nnet\ncheck: a non-loopback interface is up, or onLine\nnative\ncheck: null","root","block_devices","usb.native","process.spawn","Chosen: on device (/proc/partitions as root)\non_device chosen","on device (/proc/partitions as root)\nneeds root + block_devices: has them","from host (fastboot getvar all)\nneeds usb.native + process.spawn: has them","Places","Strategy","Rust","Lifecycle","Shell","Plugins"]}}
{"check":"strategy-root-scroll-2","result":{"url":"https://mui.kernelsu.org/index.html","socket":"webview_devtools_remote_9367","value":["Back\nBack","Facts from root process (the app CLI, serve mode)\nSwitch a fact off to see the fallback. You can only take facts away.\nroot\ncheck: effective uid 0\nblock_devices\ncheck: a kernel-listed block device opens for reading\nusb.native\ncheck: /dev/bus/usb lists\nusb.web\ncheck: navigator.usb exists\nprocess.spawn\ncheck: a shell runs\nfs.persistent\ncheck: working dir writable, or storage persisted\nnet\ncheck: a non-loopback interface is up, or onLine\nnative\ncheck: null","usb.native","process.spawn","Chosen: on device (/proc/partitions as root)\non_device chosen","on device (/proc/partitions as root)\nneeds root + block_devices: has them","from host (fastboot getvar all)\nneeds usb.native + process.spawn: has them","Run on_device in process","Log\nEvery run: objective, strategy, place and the facts it saw.\nNothing has run yet.","Places","Strategy","Rust","Lifecycle","Shell","Plugins"]}}
{"check":"tap-rust","result":{"url":"https://mui.kernelsu.org/index.html","socket":"webview_devtools_remote_9367","value":"tapped Rust at 107,536 size 53x80 role tab tappable"}}
{"check":"rust","result":{"url":"https://mui.kernelsu.org/index.html","socket":"webview_devtools_remote_9367","value":["Back\nBack","The demo crate (rust/) counts the primes below 1000000 with the same loop as page 1's Dart. The service loads it in its own place through flutter_rust_bridge, so each place runs its own build.","Run in every place","inline (the caller)","Run here","worker (isolate or Web Worker)","Run here","root process (the app CLI, serve mode)","Run here","Places","Strategy","Rust","Lifecycle","Shell","Plugins"]}}
{"check":"tap-rust-run","result":{"url":"https://mui.kernelsu.org/index.html","socket":"webview_devtools_remote_9367","value":"tapped Run in every place at 16,196 size 288x48 role button tappable"}}
{"check":"rust-ran","result":{"url":"https://mui.kernelsu.org/index.html","socket":"webview_devtools_remote_9367","value":["Back\nBack","The demo crate (rust/) counts the primes below 1000000 with the same loop as page 1's Dart. The service loads it in its own place through flutter_rust_bridge, so each place runs its own build.","Run in every place","inline (the caller)\nBuilt for: wasm32-unknown (single-threaded)\nLoad: 97 ms (once per place, on its first Rust call; on the web that fetches and instantiates the wasm)\nRust 163 ms, Dart 1054 ms (same count: 78498)","Run here","worker (isolate or Web Worker)\nBuilt for: wasm32-unknown (single-threaded)\nLoad: 54 ms (once per place, on its first Rust call; on the web that fetches and instantiates the wasm)\nRust 212 ms, Dart 268 ms (same count: 78498)","Run here","root process (the app CLI, serve mode)\nBuilt for: x86_64-android\nLoad: 0 ms (once per place, on its first Rust call; on the web that fetches and instantiates the wasm)\nRust 156 ms, Dart 168 ms (same count: 78498)","Places","Strategy","Rust","Lifecycle","Shell","Plugins"]}}
{"check":"wasm-after-rust","result":{"url":"https://mui.kernelsu.org/index.html","socket":"webview_devtools_remote_9367","value":{"wasm":[{"name":"chromium/canvaskit.wasm","start":100,"dur":57},{"name":"pkg/demo_native_bg.wasm","start":81993,"dur":41}],"marks":[{"name":"flutter_webui:register","t":430},{"name":"flutter_webui:registered","t":430},{"name":"flutter_webui:register","t":433},{"name":"flutter_webui:registered","t":433},{"name":"flutter_webui:first-frame","t":533}],"measures":[],"now":103029}}}
{"check":"tap-rust-run-2","result":{"url":"https://mui.kernelsu.org/index.html","socket":"webview_devtools_remote_9367","value":"tapped Run in every place at 16,196 size 288x48 role button tappable"}}
{"check":"rust-ran-2","result":{"url":"https://mui.kernelsu.org/index.html","socket":"webview_devtools_remote_9367","value":["Back\nBack","The demo crate (rust/) counts the primes below 1000000 with the same loop as page 1's Dart. The service loads it in its own place through flutter_rust_bridge, so each place runs its own build.","Run in every place","inline (the caller)\nBuilt for: wasm32-unknown (single-threaded)\nLoad: 0 ms (once per place, on its first Rust call; on the web that fetches and instantiates the wasm)\nRust 157 ms, Dart 1062 ms (same count: 78498)","Run here","worker (isolate or Web Worker)\nBuilt for: wasm32-unknown (single-threaded)\nLoad: 0 ms (once per place, on its first Rust call; on the web that fetches and instantiates the wasm)\nRust 170 ms, Dart 257 ms (same count: 78498)","Run here","root process (the app CLI, serve mode)\nBuilt for: x86_64-android\nLoad: 0 ms (once per place, on its first Rust call; on the web that fetches and instantiates the wasm)\nRust 150 ms, Dart 168 ms (same count: 78498)","Places","Strategy","Rust","Lifecycle","Shell","Plugins"]}}
{"check":"tap-lifecycle","result":{"url":"https://mui.kernelsu.org/index.html","socket":"webview_devtools_remote_9367","value":"tapped Lifecycle at 160,536 size 53x80 role tab tappable"}}
{"check":"tap-root-process","result":{"url":"https://mui.kernelsu.org/index.html","socket":"webview_devtools_remote_9367","value":"tapped root process at 24,390 size 272x48 role checkbox tappable"}}
{"check":"tap-start","result":{"url":"https://mui.kernelsu.org/index.html","socket":"webview_devtools_remote_9367","value":"tapped Start at 24,462 size 97x48 role button tappable"}}
{"check":"lifecycle-running","result":{"url":"https://mui.kernelsu.org/index.html","socket":"webview_devtools_remote_9367","value":["Back\nBack","Start a five-minute task, then switch away (Home, another app or tab) and come back: hidden keeps going. Close the app instead and reopen it: closed stops, and this page says where the task was when it ended.","Task\ntick every 500 ms, stamped with the place's own clock\nrunning in process: tick 17/600, longest gap 502 ms, app resumed 3","inline (the caller)","worker (isolate or Web Worker)","root process (the app CLI, serve mode)","Stop","Lifecycle\n23:54:29  started in process","Facts from root process (the app CLI, serve mode)\nroot\ncheck: effective uid 0\nblock_devices\ncheck: a kernel-listed block device opens for reading\nusb.native\ncheck: /dev/bus/usb lists\nusb.web\ncheck: navigator.usb exists\nprocess.spawn\ncheck: a shell runs\nfs.persistent\ncheck: working dir writable, or storage persisted\nnet\ncheck: a non-loopback interface is up, or onLine\nnative\ncheck: null","Places","Strategy","Rust","Lifecycle","Shell","Plugins"]}}
{"check":"lifecycle-after-home","result":{"url":"https://mui.kernelsu.org/index.html","socket":"webview_devtools_remote_9367","value":["Back\nBack","Start a five-minute task, then switch away (Home, another app or tab) and come back: hidden keeps going. Close the app instead and reopen it: closed stops, and this page says where the task was when it ended.","Task\ntick every 500 ms, stamped with the place's own clock\nrunning in process: tick 41/600, longest gap 503 ms, app resumed 7","inline (the caller)","worker (isolate or Web Worker)","root process (the app CLI, serve mode)","Stop","Lifecycle\n23:54:45  away 6.7 s: the place produced 14 ticks (on schedule: 13); longest gap 503 ms\n23:54:45  inactive -> resumed\n23:54:45  hidden -> inactive\n23:54:38  inactive -> hidden\n23:54:38  resumed -> inactive\n23:54:29  started in process","Places","Strategy","Rust","Lifecycle","Shell","Plugins"]}}
{"check":"root-process","result":"root             0 u:r:ksu:s0                      9591 dartaotruntime\nroot             0 u:r:ksu:s0                      9631 dartaotruntime"}
/home/runner/work/devicelab/devicelab/out/sockprobe: 1 file pushed, 0 skipped. 211.1 MB/s (3501149 bytes in 0.016s)
{"check":"block-devices","result":"dm-0\ndm-1\ndm-11\ndm-13\ndm-14\ndm-16\ndm-17\ndm-18\ntotal 0\ndrwxr-xr-x 2 root root u:object_r:block_device:s0                140 2026-10-01 23:48 by-name\nbrw------- 1 root root u:object_r:dm_device:s0              254,   0 2026-10-01 23:48 dm-0\nbrw------- 1 root root u:object_r:dm_device:s0              254,   1 2026-10-01 23:48 dm-1\nbrw------- 1 root root u:object_r:dm_device:s0              254,  11 2026-10-01 23:48 dm-11\nbrw------- 1 root root u:object_r:dm_device:s0              254,  13 2026-10-01 23:48 dm-13\nbrw------- 1 root root u:object_r:dm_device:s0              254,  14 2026-10-01 23:48 dm-14\nbrw------- 1 root root u:object_r:dm_device:s0              254,  16 2026-10-01 23:48 dm-16\nbrw------- 1 root root u:object_r:dm_device:s0              254,  17 2026-10-01 23:48 dm-17\nbrw------- 1 root root u:object_r:dm_device:s0              254,  18 2026-10-01 23:48 dm-18\nbrw------- 1 root root u:object_r:dm_device:s0              254,  19 2026-10-01 23:48 dm-19\nbrw------- 1 root root u:object_r:dm_device:s0              254,   2 2026-10-01 23:48 dm-2\n-- su:\n0000000  \\0\n-- ksu:\n{\"error\":\"write /proc/thread-self/attr/current: operation not permitted\",\"op\":\"setcon\"}\n-- avc:"}
{"check":"back-1","result":{"url":"https://mui.kernelsu.org/index.html","socket":"webview_devtools_remote_9367","value":["Squadron","Process","native","net","Say hello","Count to 5","SHA-256","Demo pages\nOne page per thing the stack promises.","Places","Strategy","Rust","Lifecycle","Shell","Plugins"]}}
{"check":"back-1-top","result":"topResumedActivity=ActivityRecord{5ee193f u0 com.rifsxd.ksunext/.ui.webui.WebUIActivity t13}"}
{"check":"back-2-top","result":"topResumedActivity=ActivityRecord{5ee193f u0 com.rifsxd.ksunext/.ui.webui.WebUIActivity t13}"}
{"check":"back-3-top","result":"topResumedActivity=ActivityRecord{cd0dbe9 u0 com.google.android.apps.nexuslauncher/.NexusLauncherActivity t9}"}
{"check":"sys-dark","night":"yes","color_mode":"","opened":"opened: intent","result":{"url":"https://mui.kernelsu.org/index.html","socket":"webview_devtools_remote_10078","value":{"dark":true,"primary":"#B2C5FF","background":"#121318","cssBytes":1417}}}
{"check":"sys-light","night":"no","color_mode":"","opened":"opened: intent","result":{"url":"https://mui.kernelsu.org/index.html","socket":"webview_devtools_remote_10266","value":{"dark":false,"primary":"#495D92","background":"#FAF8FF","cssBytes":1417}}}
{"check":"app","result":"ls: /product/app/WebuiApi_demo/: No such file or directory"}
{"check":"mounts","result":"ls: /data/adb/metamodule: No such file or directory\ntmpfs /product/app tmpfs rw,seclabel,relatime,mode=755 0 0\nCalendarGooglePrebuilt Camera2 Chrome Chrome-Stub Drive GoogleContacts GoogleTTS LatinIMEGooglePrebuilt LicenseChecker Maps MarkupGoogle_v2 ModuleMetadataGoogle NexusWallpapersStubPrebuilt2018 Photos PixelThemesStub PrebuiltDeskClockGoogle PrebuiltGmail PrebuiltGoogleAdservicesTvp PrebuiltGoogleTelemetryTvp SoundPickerPrebuilt TrichromeLibrary TrichromeLibrary-Stub WebViewGoogle WebViewGoogle-Stub WebuiTermuxApi YouTube YouTubeMusicPrebuilt talkback"}
{"check":"app-label","result":"No activities found"}
{"check":"module-config","result":"manage module configuration\n\nUsage: ksud module config [OPTIONS] <COMMAND>\n\nCommands:\n  get     Get a config value\n  set     Set a config value\n  list    List all config entries\n  delete  Delete a config entry\n  clear   Clear all config entries\n  help    Print this message or the help of the given subcommand(s)\n\n-- files:\ntotal 32\ndrwxr-xr-x 2 root root 4096 2026-10-01 23:55 .\ndrwxr-xr-x 3 root root 4096 2026-10-01 23:49 ..\n-rw-r--r-- 1 root root   36 2026-10-01 23:49 persist.config\n-rw------- 1 root root   66 2026-10-01 23:55 tmp.config\n== /data/adb/ksu/module_configs/demo/persist.config\nMUSK\u0001\u0000\u0000\u0000\u0001\u0000\u0000\u0000\u000f\u0000\u0000\u0000webui.installed\u0001\u0000\u0000\u00001\n== /data/adb/ksu/module_configs/demo/tmp.config\nMUSK\u0001\u0000\u0000\u0000\u0001\u0000\u0000\u0000\n\u0000\u0000\u0000webui.boot$\u0000\u0000\u0000b69fb098-246a-4fb0-ba39-40d54ed9bd25\n-- ksud get:\n1\nwebui.installed=1\nwebui.boot=b69fb098-246a-4fb0-ba39-40d54ed9bd25"}
{"check":"module-dirs","result":"/data/adb/demo:\ntotal 24\ndrwx------ 3 root root 4096 2026-10-01 23:52 .\ndrwx------ 6 root root 4096 2026-10-01 23:52 ..\ndrwx------ 2 root root 4096 2026-10-01 23:52 tmp\n\n/data/adb/demo/tmp:\ntotal 16\ndrwx------ 2 root root 4096 2026-10-01 23:52 .\ndrwx------ 3 root root 4096 2026-10-01 23:52 .."}
{"check":"open","result":"opened: intent"}
{"check":"tap-places","result":{"url":"https://mui.kernelsu.org/index.html","socket":"webview_devtools_remote_10475","value":"tapped Places at 16,572 size 288x56 role button tappable"}}
{"check":"tap-plugins","result":{"url":"https://mui.kernelsu.org/index.html","socket":"webview_devtools_remote_10475","value":"tapped Plugins at 267,536 size 53x80 role tab tappable"}}
{"check":"plugins","result":The app calls share_plus, permission_handler, the clipboard and file_selector as on any platform. Running in a WebUI host, so their *_webui packages answer.
share_plus
On WebUI: share_plus_webui: Android's share sheet, opened by the module's own app
Share text
permission_handler
On WebUI: permission_handler_webui: Android's own permission dialog, for the module's own app
Camera: denied}
{"check":"tap-share","result":{"url":"https://mui.kernelsu.org/index.html","socket":"webview_devtools_remote_10475","value":"tapped Share text at 24,278 size 112x48 role button tappable"}}
{"check":"share-top","result":"com.google.android.gm/.welcome.WelcomeTourActivity"}
{"check":"app-process","result":""}
{"check":"share-log","result":"10-01 23:56:00.974 10475 10475 I chromium: [INFO:CONSOLE(28366)] \"2026-10-01T23:56:00.972 INFO ui.plugins: share: unavailable\", source: https://mui.kernelsu.org/main.dart.js (28366)\n10-01 23:56:01.989  6068  6256 D ShortcutService: Package com.google.android.gm has 1 manifest shortcut(s), and 1 share target(s)\n10-01 23:56:02.206  6068  6256 D ShortcutService: Package com.google.android.gm has 1 manifest shortcut(s), and 1 share target(s)\n10-01 23:56:03.217  6068  6256 D ShortcutService: Package com.google.android.gm has 1 manifest shortcut(s), and 1 share target(s)\n10-01 23:56:09.112 10969 10969 W app_process: ClassLoaderContext shared library size mismatch. Expected=2, found=0 (PCL[]{PCL[/system/framework/android.test.base.jar*724373495]#PCL[/system/framework/android.test.mock.jar*1452759902]} | PCL[])"}
{"check":"share-result","result":share_plus
On WebUI: share_plus_webui: Android's share sheet, opened by the module's own app
Share result: unavailable}
Failure [package not found]
Error: package not found
{"check":"cam-deny-1-tap","result":{"url":"https://mui.kernelsu.org/index.html","socket":"webview_devtools_remote_10475","value":"tapped Request camera at 24,490 size 150x46 role button tappable"}}
{"check":"cam-deny-1-top","result":"com.rifsxd.ksunext/.ui.webui.WebUIActivity"}
{"check":"cam-deny-1-dialog","result":"Back Back\nShare text\nRequest camera\nCopy text\nPaste\nPlaces\nStrategy\nRust\nLifecycle\nShell\nPlugins"}
{"check":"cam-deny-1-press","result":"ui: no node with 'Don'"}
{"check":"cam-deny-1-status","result":permission_handler
On WebUI: permission_handler_webui: Android's own permission dialog, for the module's own app
Camera: permanentlyDenied}
{"check":"cam-deny-1-perm","result":""}
{"check":"cam-deny-2-tap","result":{"url":"https://mui.kernelsu.org/index.html","socket":"webview_devtools_remote_10475","value":"tapped Request camera at 24,490 size 150x46 role button tappable"}}
{"check":"cam-deny-2-top","result":"com.rifsxd.ksunext/.ui.webui.WebUIActivity"}
{"check":"cam-deny-2-dialog","result":"Back Back\nShare text\nRequest camera\nCopy text\nPaste\nPlaces\nStrategy\nRust\nLifecycle\nShell\nPlugins"}
{"check":"cam-deny-2-press","result":"ui: no node with 'Don'"}
{"check":"cam-deny-2-status","result":permission_handler
On WebUI: permission_handler_webui: Android's own permission dialog, for the module's own app
Camera: permanentlyDenied}
{"check":"cam-deny-2-perm","result":""}
{"check":"cam-after-deny-tap","result":{"url":"https://mui.kernelsu.org/index.html","socket":"webview_devtools_remote_10475","value":"tapped Request camera at 24,490 size 150x46 role button tappable"}}
{"check":"cam-after-deny-top","result":"com.rifsxd.ksunext/.ui.webui.WebUIActivity"}
{"check":"cam-after-deny-dialog","result":"Back Back\nShare text\nRequest camera\nCopy text\nPaste\nPlaces\nStrategy\nRust\nLifecycle\nShell\nPlugins"}
{"check":"cam-after-deny-status","result":permission_handler
On WebUI: permission_handler_webui: Android's own permission dialog, for the module's own app
Camera: permanentlyDenied}
{"check":"cam-after-deny-perm","result":""}
Failure [package not found]
Error: package not found
{"check":"cam-grant-tap","result":{"error":"no page target","sockets":["webview_devtools_remote_10475"],"targets":[]}}
{"check":"cam-grant-top","result":"com.google.android.apps.nexuslauncher/.NexusLauncherActivity"}
{"check":"cam-grant-dialog","result":"Thu, Oct 1 | Thu, Oct 1\nThu, Oct 1 | Thu, Oct 1\nPhone | Phone\nMessages | Messages\nGmail | Predicted app: Gmail\nChrome | Chrome\nCamera | Camera\nGoogle search | Google app | Voice search | Google Lens\nGoogle app\nVoice search\nGoogle Lens"}
{"check":"cam-grant-press","result":"ui: no node with 'While using the app'"}
{"check":"cam-grant-status","result":null}
{"check":"cam-grant-perm","result":""}
{"check":"clipboard","result":"no Paste button on page 6"}
{"check":"file-pick","result":"no Pick a file button on page 6"}
{"check":"app-settings","result":"Calendar | Calendar\nCamera | Camera\nChrome | Chrome\nClock | Clock\nContacts | Contacts\nDrive | Drive\nFiles | Files\nGmail | Gmail\nKernelSU-Next | KernelSU-Next\nMaps | Maps\nMessages | Messages\nPhone | Phone"}
{"check":"uninstall","result":""}
{"check":"after-uninstall","result":"ls: /data/adb/modules/demo: No such file or directory\nls: /data/adb/demo: No such file or directory\nls: /data/adb/ksu/module_configs/demo: No such file or directory\nls: /product/app/WebuiApi_demo: No such file or directory\ncmd: Can't find service: package\ncmd: Can't find service: package"}
{"check":"mount","result":"mount: mounting overlay on /product/app failed: Invalid argument\noverlay failed: 255\nmagic mount ok\nmount: mounting overlay on /product/app failed: Invalid argument\noverlay failed: 255\nmagic mount ok\ntotal 3736\ndrwxr-xr-x 2 root root u:object_r:system_file:s0     4096 2026-10-01 23:49 .\ndrwxr-xr-x 4 root root u:object_r:system_file:s0       80 2026-10-01 23:58 ..\n-rw-r--r-- 1 root root u:object_r:system_file:s0  3809993 2026-10-01 23:49 WebuiTermuxApi.apk\n*\nWebuiTermuxApi\n/dev/block/dm-3 /product ext4 ro,seclabel,relatime 0 0\ntmpfs /dev/app_plane_app tmpfs rw,seclabel,relatime,mode=755 0 0\ntmpfs /product/app tmpfs rw,seclabel,relatime,mode=755 0 0\n/dev/block/dm-3 /product/app/CalendarGooglePrebuilt ext4 ro,seclabel,relatime 0 0\n/dev/block/dm-3 /product/app/Camera2 ext4 ro,seclabel,relatime 0 0\n/dev/block/dm-3 /product/app/Chrome ext4 ro,seclabel,relatime 0 0\n/dev/block/dm-3 /product/app/Chrome-Stub ext4 ro,seclabel,relatime 0 0\n/dev/block/dm-3 /product/app/Drive ext4 ro,seclabel,relatime 0 0\n32"}
{"check":"package","result":"package:/product/app/WebuiTermuxApi/WebuiTermuxApi.apk\n    flags=0x0\n    flags=0x0\n    codePath=/product/app/WebuiTermuxApi\n    versionName=0.53.0-webui.1\n    flags=[ SYSTEM HAS_CODE ALLOW_CLEAR_USER_DATA ALLOW_BACKUP ]\n    privateFlags=[ PRIVATE_FLAG_ACTIVITIES_RESIZE_MODE_RESIZEABLE_VIA_SDK_VERSION PRIVATE_FLAG_REQUEST_LEGACY_EXTERNAL_STORAGE PRODUCT PRIVATE_FLAG_ALLOW_NATIVE_HEAP_POINTER_TAGGING ]\n        android.permission.READ_SMS: granted=false, flags=[ USER_SENSITIVE_WHEN_GRANTED|USER_SENSITIVE_WHEN_DENIED|RESTRICTION_UPGRADE_EXEMPT]\n        android.permission.POST_NOTIFICATIONS: granted=false, flags=[ USER_SENSITIVE_WHEN_GRANTED|USER_SENSITIVE_WHEN_DENIED]"}
/home/runner/work/devicelab/devicelab/out/sockprobe: 1 file pushed, 0 skipped. 218.9 MB/s (3501149 bytes in 0.015s)
cmd: Can't find service: activity
cmd: Can't find service: activity
{"check":"broadcast","result":"cmd: Can't find service: activity\ncmd: Can't find service: activity"}
{"check":"app-process","result":""}
{"check":"listener-module","result":"{\"context\":\"u:r:su:s0\",\"event\":\"start\",\"names\":[\"wx_ksu_out\",\"wx_ksu_in\"],\"uid\":0}\n{\"event\":\"exit\"}\nunix @wx_ksu_out: bind: address already in use\",\"event\":\"listen-error\",\"name\":\"wx_ksu_out\"}\n{\"error\":\"listen unix @wx_ksu_in: bind: address already in use\",\"event\":\"listen-error\",\"name\":\"wx_ksu_in\"}"}
{"check":"listener-su","result":"{\"context\":\"u:r:su:s0\",\"event\":\"start\",\"names\":[\"wx_su_out\",\"wx_su_in\"],\"uid\":0}"}
{"check":"avc","result":"10-02 00:06:19.134  5940  5940 W PackageSettings: Missing permission state for package com.webui.termux.api on user 0\n10-02 00:06:19.579   487  4046 D installd: Found quota mount /dev/block/dm-46 at /dev/app_plane_app/WebuiTermuxApi\n10-02 00:06:19.579   487  4046 D installd: Found quota mount /dev/block/dm-46 at /product/app/WebuiTermuxApi\n10-02 00:06:19.579   487  4046 D installd: Found quota mount /dev/block/dm-46 at /dev/app_plane_app/WebuiTermuxApi\n10-02 00:06:19.579   487  4046 D installd: Found quota mount /dev/block/dm-46 at /product/app/WebuiTermuxApi\n10-02 00:06:19.579   487  4046 D installd: Found quota mount /dev/block/dm-46 at /product/app/WebuiTermuxApi\n10-02 00:06:19.579   487  4046 D installd: Found quota mount /dev/block/dm-46 at /dev/app_plane_app/WebuiTermuxApi\n10-02 00:06:19.736   487  4046 D installd: Found quota mount /dev/block/dm-46 at /dev/app_plane_app/WebuiTermuxApi\n10-02 00:06:19.736   487  4046 D installd: Found quota mount /dev/block/dm-46 at /product/app/WebuiTermuxApi\n10-02 00:06:19.736   487  4046 D installd: Found quota mount /dev/block/dm-46 at /dev/app_plane_app/WebuiTermuxApi\n10-02 00:06:19.736   487  4046 D installd: Found quota mount /dev/block/dm-46 at /product/app/WebuiTermuxApi\n10-02 00:06:19.736   487  4046 D installd: Found quota mount /dev/block/dm-46 at /product/app/WebuiTermuxApi\n10-02 00:06:19.736   487  4046 D installd: Found quota mount /dev/block/dm-46 at /dev/app_plane_app/WebuiTermuxApi\n10-02 00:06:19.739   487  4046 D installd: Found quota mount /dev/block/dm-46 at /dev/app_plane_app/WebuiTermuxApi\n10-02 00:06:19.739   487  4046 D installd: Found quota mount /dev/block/dm-46 at /product/app/WebuiTermuxApi\n10-02 00:06:19.739   487  4046 D installd: Found quota mount /dev/block/dm-46 at /dev/app_plane_app/WebuiTermuxApi\n10-02 00:06:19.739   487  4046 D installd: Found quota mount /dev/block/dm-46 at /product/app/WebuiTermuxApi\n10-02 00:06:19.739   487  4046 D installd: Found quota mount /dev/block/dm-46 at /product/app/WebuiTermuxApi\n10-02 00:06:19.739   487  4046 D installd: Found quota mount /dev/block/dm-46 at /dev/app_plane_app/WebuiTermuxApi\n10-02 00:06:19.740   487   487 D installd: Found quota mount /dev/block/dm-46 at /dev/app_plane_app/WebuiTermuxApi\n10-02 00:06:19.740   487   487 D installd: Found quota mount /dev/block/dm-46 at /product/app/WebuiTermuxApi\n10-02 00:06:19.740   487   487 D installd: Found quota mount /dev/block/dm-46 at /dev/app_plane_app/WebuiTermuxApi\n10-02 00:06:19.740   487   487 D installd: Found quota mount /dev/block/dm-46 at /product/app/WebuiTermuxApi\n10-02 00:06:19.740   487   487 D installd: Found quota mount /dev/block/dm-46 at /product/app/WebuiTermuxApi\n10-02 00:06:19.740   487   487 D installd: Found quota mount /dev/block/dm-46 at /dev/app_plane_app/WebuiTermuxApi"}
SELinux: Loaded file context from:
		/system/etc/selinux/plat_file_contexts
		/system_ext/etc/selinux/system_ext_file_contexts
		/vendor/etc/selinux/vendor_file_contexts
{"check":"restorecon","result":"u:object_r:app_data_file:s0:c210,c256,c512,c768 /data/data/com.webui.termux.api\nu:object_r:app_data_file:s0                     /data/data/com.webui.termux.api/files/devicelab/probe.txt"}
{"check":"app-read","result":"u:object_r:app_data_file:s0:c210,c256,c512,c768 chcon.txt\nu:object_r:app_data_file:s0                     probe.txt\n{\"error\":\"write /proc/thread-self/attr/current: operation not permitted\",\"op\":\"setcon\"}"}
Can't find service: activity
{"check":"share-text","result":"{\"context\":\"u:r:su:s0\",\"event\":\"start\",\"names\":[\"sh_text_out\",\"sh_text_in\"],\"uid\":0}\n10-02 00:06:34.778   487  4046 D installd: Found quota mount /dev/block/dm-46 at /dev/app_plane_app/WebuiTermuxApi\n10-02 00:06:34.778   487  4046 D installd: Found quota mount /dev/block/dm-46 at /product/app/WebuiTermuxApi\n10-02 00:06:34.778   487  4046 D installd: Found quota mount /dev/block/dm-46 at /product/app/WebuiTermuxApi\n10-02 00:06:34.778   487  4046 D installd: Found quota mount /dev/block/dm-46 at /dev/app_plane_app/WebuiTermuxApi\n10-02 00:06:34.779   487  4046 D installd: Found quota mount /dev/block/dm-46 at /dev/app_plane_app/WebuiTermuxApi\n10-02 00:06:34.779   487  4046 D installd: Found quota mount /dev/block/dm-46 at /product/app/WebuiTermuxApi\n10-02 00:06:34.779   487  4046 D installd: Found quota mount /dev/block/dm-46 at /dev/app_plane_app/WebuiTermuxApi\n10-02 00:06:34.779   487  4046 D installd: Found quota mount /dev/block/dm-46 at /product/app/WebuiTermuxApi\n10-02 00:06:34.779   487  4046 D installd: Found quota mount /dev/block/dm-46 at /product/app/WebuiTermuxApi\n10-02 00:06:34.779   487  4046 D installd: Found quota mount /dev/block/dm-46 at /dev/app_plane_app/WebuiTermuxApi\n10-02 00:06:34.818  6869  6869 D nativeloader: Load libservice-connectivity.so using ns clns-shared-13 from class loader (caller=/apex/com.android.tethering/javalib/service-connectivity.jar): ok\n10-02 00:06:34.925  6825  6825 D AudioFlinger: isLowRamDevice:false totalMemory:6217900032 mClientSharedHeapSize:33554432"}
cmd: Can't find service: input
Can't find service: activity
{"check":"share-file","result":"{\"context\":\"u:r:su:s0\",\"event\":\"start\",\"names\":[\"sh_file_out\",\"sh_file_in\"],\"uid\":0}\n10-02 00:06:49.765   487 11809 D installd: Found quota mount /dev/block/dm-46 at /dev/app_plane_app/WebuiTermuxApi\n10-02 00:06:49.765   487 11809 D installd: Found quota mount /dev/block/dm-46 at /product/app/WebuiTermuxApi\n10-02 00:06:49.765   487 11809 D installd: Found quota mount /dev/block/dm-46 at /product/app/WebuiTermuxApi\n10-02 00:06:49.765   487 11809 D installd: Found quota mount /dev/block/dm-46 at /dev/app_plane_app/WebuiTermuxApi\n10-02 00:06:49.766   487 11809 D installd: Found quota mount /dev/block/dm-46 at /dev/app_plane_app/WebuiTermuxApi\n10-02 00:06:49.766   487 11809 D installd: Found quota mount /dev/block/dm-46 at /product/app/WebuiTermuxApi\n10-02 00:06:49.766   487 11809 D installd: Found quota mount /dev/block/dm-46 at /dev/app_plane_app/WebuiTermuxApi\n10-02 00:06:49.766   487 11809 D installd: Found quota mount /dev/block/dm-46 at /product/app/WebuiTermuxApi\n10-02 00:06:49.766   487 11809 D installd: Found quota mount /dev/block/dm-46 at /product/app/WebuiTermuxApi\n10-02 00:06:49.766   487 11809 D installd: Found quota mount /dev/block/dm-46 at /dev/app_plane_app/WebuiTermuxApi\n10-02 00:06:49.803  7763  7763 D nativeloader: Load libservice-connectivity.so using ns clns-shared-13 from class loader (caller=/apex/com.android.tethering/javalib/service-connectivity.jar): ok\n10-02 00:06:49.906  7719  7724 D AudioFlinger: isLowRamDevice:false totalMemory:6217900032 mClientSharedHeapSize:33554432"}
cmd: Can't find service: input
cmd: Failure calling service appops: Broken pipe (32)
Can't find service: activity
{"check":"share-text-saw","result":"{\"context\":\"u:r:su:s0\",\"event\":\"start\",\"names\":[\"sh_text-saw_out\",\"sh_text-saw_in\"],\"uid\":0}\n10-02 00:07:09.341  8950  8950 V AconfigFlags: Read Aconfig default flag value com.android.systemui.shared.shade_allow_back_gesture = false\n10-02 00:07:09.341  8950  8950 V AconfigFlags: Read Aconfig default flag value com.android.systemui.shared.sidefps_controller_refactor = true\n10-02 00:07:09.351  8950  8950 V AconfigFlags: Read Aconfig default flag value android.content.pm.restrict_nonpreloads_system_shareduids = true\n10-02 00:07:09.352  8950  8950 V AconfigFlags: Read Aconfig default flag value android.service.chooser.chooser_album_text = true\n10-02 00:07:09.352  8950  8950 V AconfigFlags: Read Aconfig default flag value android.service.chooser.chooser_payload_toggling = true\n10-02 00:07:09.352  8950  8950 V AconfigFlags: Read Aconfig default flag value android.service.chooser.enable_chooser_result = true\n10-02 00:07:09.353  8950  8950 V AconfigFlags: Read Aconfig default flag value android.service.chooser.enable_sharesheet_metadata_extra = true\n10-02 00:07:09.353  8950  8950 V AconfigFlags: Read Aconfig default flag value android.service.chooser.fix_resolver_memory_leak = true\n10-02 00:07:09.353  8950  8950 V AconfigFlags: Read Aconfig default flag value android.view.accessibility.allow_shortcut_chooser_on_lockscreen = false\n10-02 00:07:09.660   487  4046 W installd: Ignoring /data/data/com.webui.termux.api/files with unexpected GID 0 instead of 10210\n10-02 00:07:09.660   487  4046 W installd: Ignoring /data/data/com.webui.termux.api/files with unexpected GID 0 instead of 10210\n10-02 00:07:09.716  8950  8950 D nativeloader: Load libartservice.so using ns clns-shared-7 from class loader (caller=/apex/com.android.art/javalib/service-art.jar): ok"}
{"check":"share-file-saw","result":"{\"context\":\"u:r:su:s0\",\"event\":\"start\",\"names\":[\"sh_file-saw_out\",\"sh_file-saw_in\"],\"uid\":0}\n10-02 00:07:24.910   487 11809 D installd: Found quota mount /dev/block/dm-46 at /dev/app_plane_app/WebuiTermuxApi\n10-02 00:07:24.910   487 11809 D installd: Found quota mount /dev/block/dm-46 at /product/app/WebuiTermuxApi\n10-02 00:07:24.910   487 11809 D installd: Found quota mount /dev/block/dm-46 at /product/app/WebuiTermuxApi\n10-02 00:07:24.910   487 11809 D installd: Found quota mount /dev/block/dm-46 at /dev/app_plane_app/WebuiTermuxApi\n10-02 00:07:24.912   487   487 D installd: Found quota mount /dev/block/dm-46 at /dev/app_plane_app/WebuiTermuxApi\n10-02 00:07:24.912   487   487 D installd: Found quota mount /dev/block/dm-46 at /product/app/WebuiTermuxApi\n10-02 00:07:24.912   487   487 D installd: Found quota mount /dev/block/dm-46 at /dev/app_plane_app/WebuiTermuxApi\n10-02 00:07:24.912   487   487 D installd: Found quota mount /dev/block/dm-46 at /product/app/WebuiTermuxApi\n10-02 00:07:24.912   487   487 D installd: Found quota mount /dev/block/dm-46 at /product/app/WebuiTermuxApi\n10-02 00:07:24.912   487   487 D installd: Found quota mount /dev/block/dm-46 at /dev/app_plane_app/WebuiTermuxApi\n10-02 00:07:24.951  9842  9842 D nativeloader: Load libservice-connectivity.so using ns clns-shared-13 from class loader (caller=/apex/com.android.tethering/javalib/service-connectivity.jar): ok\n10-02 00:07:25.056  9812  9912 D AudioFlinger: isLowRamDevice:false totalMemory:6217900032 mClientSharedHeapSize:33554432"}
cmd: Can't find service: input
app uid: 10210
/system/bin/sh: can't create /storage/emulated/0/Download/dl-scan-fuse.txt: Transport endpoint is not connected
SELinux: Loaded file context from:
		/system/etc/selinux/plat_file_contexts
		/system_ext/etc/selinux/system_ext_file_contexts
		/vendor/etc/selinux/vendor_file_contexts
Error while accessing provider:media
java.lang.NullPointerException: Attempt to invoke interface method 'android.app.ContentProviderHolder android.app.IActivityManager.getContentProviderExternal(java.lang.String, int, android.os.IBinder, java.lang.String)' on a null object reference
	at com.android.commands.content.Content$Command.execute(Content.java:516)
	at com.android.commands.content.Content.main(Content.java:735)
	at com.android.internal.os.RuntimeInit.nativeFinishInit(Native Method)
	at com.android.internal.os.RuntimeInit.main(RuntimeInit.java:369)
{"check":"media-before","result":"-rw-rw---- 1 10190 1023 u:object_r:media_rw_data_file:s0  4 2026-10-02 00:07 dl-scan-app.txt\n-rw-rw---- 1 10190 1023 u:object_r:media_rw_data_file:s0  6 2026-10-02 00:07 dl-scan-bcast.txt\n-rw-rw---- 1 10190 1023 u:object_r:media_rw_data_file:s0  5 2026-10-02 00:07 dl-scan-none.txt\n-- mediastore:"}
Error while accessing provider:media
java.lang.NullPointerException: Attempt to invoke interface method 'android.app.ContentProviderHolder android.app.IActivityManager.getContentProviderExternal(java.lang.String, int, android.os.IBinder, java.lang.String)' on a null object reference
	at com.android.commands.content.Content$Command.execute(Content.java:516)
	at com.android.commands.content.Content.main(Content.java:735)
	at com.android.internal.os.RuntimeInit.nativeFinishInit(Native Method)
	at com.android.internal.os.RuntimeInit.main(RuntimeInit.java:369)
{"check":"media-scan-app","result":"{\"context\":\"u:r:su:s0\",\"event\":\"start\",\"names\":[\"ms_out\",\"ms_in\"],\"uid\":0}\n10-02 00:07:39.943   487 11809 D installd: Found quota mount /dev/block/dm-46 at /dev/app_plane_app/WebuiTermuxApi\n10-02 00:07:39.943   487 11809 D installd: Found quota mount /dev/block/dm-46 at /product/app/WebuiTermuxApi\n10-02 00:07:39.943   487 11809 D installd: Found quota mount /dev/block/dm-46 at /product/app/WebuiTermuxApi\n10-02 00:07:39.943   487 11809 D installd: Found quota mount /dev/block/dm-46 at /dev/app_plane_app/WebuiTermuxApi\n10-02 00:07:39.945   487 11809 D installd: Found quota mount /dev/block/dm-46 at /dev/app_plane_app/WebuiTermuxApi\n10-02 00:07:39.945   487 11809 D installd: Found quota mount /dev/block/dm-46 at /product/app/WebuiTermuxApi\n10-02 00:07:39.945   487 11809 D installd: Found quota mount /dev/block/dm-46 at /dev/app_plane_app/WebuiTermuxApi\n10-02 00:07:39.945   487 11809 D installd: Found quota mount /dev/block/dm-46 at /product/app/WebuiTermuxApi\n10-02 00:07:39.945   487 11809 D installd: Found quota mount /dev/block/dm-46 at /product/app/WebuiTermuxApi\n10-02 00:07:39.945   487 11809 D installd: Found quota mount /dev/block/dm-46 at /dev/app_plane_app/WebuiTermuxApi\n-- mediastore:"}
Error while accessing provider:media
java.lang.NullPointerException: Attempt to invoke interface method 'android.app.ContentProviderHolder android.app.IActivityManager.getContentProviderExternal(java.lang.String, int, android.os.IBinder, java.lang.String)' on a null object reference
	at com.android.commands.content.Content$Command.execute(Content.java:516)
	at com.android.commands.content.Content.main(Content.java:735)
	at com.android.internal.os.RuntimeInit.nativeFinishInit(Native Method)
	at com.android.internal.os.RuntimeInit.main(RuntimeInit.java:369)
{"check":"media-scan-bcast","result":"cmd: Can't find service: activity\n10-02 00:07:49.119     0     0 I apexd   : Found pre-installed APEX /system/apex/com.google.android.mediaprovider.apex\n10-02 00:07:49.211     0     0 I apexd   : Found \"/apex/com.android.mediaprovider@350820300\" backed by file /data/apex/decompressed/com.android.mediaprovider@350820300.decompressed.apex\n10-02 00:07:49.069 11354 11354 D CompatConfig: Found a config file: /apex/com.android.mediaprovider/etc/compatconfig/framework-pdf-v-platform-compat-config.xml\n10-02 00:07:49.069 11354 11354 D CompatConfig: Found a config file: /apex/com.android.mediaprovider/etc/compatconfig/media-provider-platform-compat-config.xml\n10-02 00:07:49.268 11354 11354 W PackageManager: No package known for package restrictions com.google.android.mediaprovider\n10-02 00:07:49.299 11354 11354 D PackageManager: Directories scanned as system partitions: [/system:0, /vendor:524288, /odm:4194304, /oem:262144, /product:1048576, /system_ext:2097152, /apex/com.android.rkpd:41943040, /apex/com.android.resolv:41943040, /apex/com.android.os.statsd:41943040, /apex/com.android.compos:44040192, /apex/com.android.configinfrastructure:41943040, /apex/com.android.conscrypt:41943040, /apex/com.android.nfcservices:41943040, /apex/com.android.devicelock:41943040, /apex/com.android.tzdata:41943040, /apex/com.android.hardware.cas:42467328, /apex/com.android.apex.cts.shim:41943040, /apex/com.android.btservices:41943040, /apex/com.android.media.swcodec:41943040, /apex/com.android.cellbroadcast:41943040, /apex/com.android.uwb:41943040, /apex/com.android.adservices:41943040, /apex/com.android.ipsec:41943040, /apex/com.android.profiling:41943040, /apex/com.android.permission:41943040, /apex/com.android.extservices:41943040, /apex/com.android.ondevicepersonalization:41943040, /apex/com.android.i18n:41943040, /apex/com.android.scheduling:41943040, /apex/com.android.wifi:41943040, /apex/com.android.neuralnetworks:41943040, /apex/com.android.hardware.rebootescrow:42467328, /apex/com.android.virt:41943040, /apex/com.android.hardware.neuralnetworks:42467328, /apex/com.android.hardware.authsecret:42467328, /apex/com.google.android.widevine:42467328, /apex/com.android.tethering:41943040, /apex/com.android.media:41943040, /apex/com.android.mediaprovider:41943040, /apex/com.google.mainline.primary.libs:41943040, /apex/com.android.art:41943040, /apex/com.android.sdkext:41943040, /apex/com.android.healthfitness:41943040, /apex/com.android.adbd:41943040, /apex/com.android.runtime:41943040, /apex/com.android.appsearch:41943040]\n10-02 00:07:49.480 11354 11354 I PackageManager: /data/apex/decompressed/com.android.mediaprovider@350820300.decompressed.apex changed; collecting certs\n10-02 00:07:49.615 11354 11354 I ApexManager: Registering com.google.android.providers.media.module as apk-in-apex of com.android.mediaprovider\n10-02 00:07:49.616 11354 11354 D PackageManager: No files in app dir /apex/com.android.mediaprovider/app\n10-02 00:07:49.699 11354 11421 W PackageManager: Skipping preparing app data for com.google.android.mediaprovider\n-- mediastore:"}
