10-03 00:40:49.683   567   573 D AERA UI : touch released at 620,1272
10-03 00:40:52.742   567   573 D AERA UI : touch released at 688,1272
10-03 00:40:55.043   567   573 D AERA UI : touch released at 360,449
10-03 00:40:58.252   567   573 D AERA UI : touch released at 617,1274
10-03 00:41:01.364   567   573 D AERA UI : touch released at 689,1268
10-03 00:41:03.834   567   573 D AERA UI : touch released at 362,451
10-03 00:51:52.966   567   573 D AERA UI : touch released at 360,263
10-03 00:52:02.684   567   573 D AERA UI : touch released at 360,460
10-03 00:52:12.376   567   573 D AERA UI : touch released at 360,657
10-03 00:52:22.065   567   573 D AERA UI : touch released at 360,854
10-03 00:55:20.606   567   573 D AERA UI : touch released at 360,1000
10-03 00:55:21.805   567   573 D AERA UI : touch released at 350,1012
10-03 00:55:25.635   567   573 D AERA UI : touch released at 360,1040
10-03 00:55:34.931   567   573 D AERA UI : touch released at 360,790
10-03 00:57:26.144   567   573 D AERA UI : touch released at 360,1040
10-03 00:57:33.542   567   573 D AERA UI : touch released at 360,790
10-03 00:58:14.316   567   573 D AERA UI : touch released at 361,791
10-03 00:58:52.239   567   573 D AERA UI : touch released at 354,1007
10-03 00:58:55.674   567   573 D AERA UI : touch released at 354,1007
10-03 00:58:59.174   567   573 D AERA UI : touch released at 354,1007
10-03 00:59:07.069   567   573 D AERA UI : touch released at 378,660
10-03 00:59:14.620   567   573 D AERA UI : touch released at 378,660
10-03 00:59:22.247   567   573 D AERA UI : touch released at 378,660
10-03 01:00:00.756   567   573 D AERA UI : touch released at 360,1000
10-03 01:00:01.941   567   573 D AERA UI : touch released at 352,1010
10-03 01:00:22.666   567   573 I AERA UI : left-edge Back gesture accepted
10-03 01:00:22.666   567   573 D AERA UI : touch released at 228,706
10-03 01:00:33.956  4089  4095 I AERA UI : AERA Recovery Project native engine active; hardware Back and edge swipe use navigation history
10-03 01:01:09.454  4089  4095 D AERA UI : touch released at 360,1000
10-03 01:01:10.623  4089  4095 D AERA UI : touch released at 352,1010
10-03 01:01:31.281  4089  4095 I AERA UI : left-edge Back gesture accepted
10-03 01:01:31.281  4089  4095 D AERA UI : touch released at 228,706
10-03 01:01:42.480  4594  4600 I AERA UI : AERA Recovery Project native engine active; hardware Back and edge swipe use navigation history
