[cf] installing cuttlefish host packages

Running kernel seems to be up-to-date.

No services need to be restarted.

No containers need to be restarted.

No user sessions are running outdated binaries.

No VM guests are running outdated hypervisor (qemu) binaries on this host.
ii  cuttlefish-base 1.57.0       amd64        Cuttlefish Android Virtual Device companion package
[cf] fetching aosp-android-latest-release/aosp_cf_x86_64_only_phone-userdebug
cvd(3999)  I 10-01 13:40:03  3999  3999 main.cc:137] version: 1.57.0 | VCS: 9bb9c72329cedcb436bb75afc05c24d73fbcdf5d
By using this Android Virtual Device, you agree to Google Terms of Service (https://policies.google.com/terms). The Google Privacy Policy (https://policies.google.com/privacy) describes how Google handles information generated as you use Google services.
cvd(3999)  I 10-01 13:40:04  3999  3999 fetch_cvd.cc:495] Starting fetch to "/mnt/cf"
cvd(3999)  I 10-01 13:40:04  3999  4002 host_package.cc:43] Downloading host package for 16373615/aosp_cf_x86_64_only_phone-userdebug
cvd(3999)  I 10-01 13:40:06  3999  3999 fetch_cvd.cc:206] Downloading image zip for 16373615/aosp_cf_x86_64_only_phone-userdebug
cvd(3999)  I 10-01 13:40:39  3999  3999 fetch_cvd.cc:511] Completed target fetch to '/mnt/cf' (1 out of 1)
cvd(3999)  I 10-01 13:40:39  3999  3999 fetch_cvd.cc:520] Completed all fetches
android-info.txt
bin
boot.img
chromeos
com.android.i18n
cuttlefish_example_custom.img
etc
fastboot-info.txt
fetch.log
fetcher_config.json
framework
init_boot.img
lib64
metrics
misc_info.txt
nativetest64
otatools
super.img
test_suites
userdata.img
usr
vbmeta.img
vbmeta_system.img
vbmeta_system_dlkm.img
vbmeta_vendor_dlkm.img
vendor_boot.img
[cf] launching (gpu_mode=gfxstream_guest_angle_host_swiftshader)
[cf] booted in 99s: generic/aosp_cf_x86_64_only_phone/vsoc_x86_64_only:17/CP2A.260605.016/16373615:userdebug/test-keys
[cf] state recovery after 9s
[cf] recovery adb uid 0
/usr/share/fonts/truetype/dejavu/DejaVuSans.ttf: 1 file pushed, 0 skipped. 29.4 MB/s (759720 bytes in 0.025s)
/usr/share/fonts/truetype/dejavu/DejaVuSans-Bold.ttf: 1 file pushed, 0 skipped. 31.9 MB/s (708920 bytes in 0.021s)
[cf] /twres/fonts absent in stock recovery: pushed host DejaVu as a stand-in
[cf] facts: 1111 lines -> /home/runner/work/devicelab/devicelab/out/stock-recovery-facts.txt
[cf] screenshot failed:
Exited with code '1'

    If the error above is unclear, please copy the text and `cvd version` output into an issue at:
        http://go/cuttlefish-bug

app 11 members, kit 25 members
/home/runner/work/devicelab/devicelab/out/counter-1.0.0-x64.aerap: 36 members, 139.5 MB expanded, 26.6 MB xz
/home/runner/work/devicelab/devicelab/out/counter-default/payload.tgz: 1 file pushed, 0 skipped. 282.3 MB/s (44847113 bytes in 0.152s)
/home/runner/work/_temp/kitx64/aera-host-sim: 1 file pushed, 0 skipped. 156.3 MB/s (1431136 bytes in 0.009s)
[sim] pushed in 2s; 133M	/tmp/aera-lab/root
[sim] exit 0 after 11s (switches: none; env: none)
sim: handshake done, 1080x2400 x3 slots
sim: first frame after 1988 ms
sim:   4000 ms Snap("start")
sim: wrote /tmp/aera-lab/out/start.png
sim:   4500 ms Tap(980, 2250)
sim:   5000 ms Tap(980, 2250)
sim:   5500 ms Tap(980, 2250)
sim:   8000 ms Snap("after")
sim: wrote /tmp/aera-lab/out/after.png
sim: 15 frames
sim: wrote /tmp/aera-lab/out/last.png
sim: embedder exited with exit status: 0
total 496
drwxr-xr-x 3 runner runner   4096 Oct  1 13:44 .
drwxr-xr-x 3 runner runner   4096 Oct  1 13:44 ..
-rw-r--r-- 1 runner runner 163422 Oct  1 13:44 after.png
-rw-r--r-- 1 runner runner 163422 Oct  1 13:44 last.png
drwxr-xr-x 6 runner runner   4096 Oct  1 13:44 plugin-data
-rw-r--r-- 1 runner runner 164487 Oct  1 13:44 start.png
aera-plugin: virtio-gpu capsets 0x208
aera-flutter: Vulkan on Virtio-GPU GFXStream (SwiftShader Device (LLVM 16.0.0))
aera-flutter: Vulkan renderer Virtio-GPU GFXStream (SwiftShader Device (LLVM 16.0.0))
/home/runner/work/devicelab/devicelab/out/counter-impeller/payload.tgz: 1 file pushed, 0 skipped. 140.0 MB/s (44847113 bytes in 0.306s)
/home/runner/work/_temp/kitx64/aera-host-sim: 1 file pushed, 0 skipped. 135.7 MB/s (1431136 bytes in 0.010s)
[sim] pushed in 1s; 133M	/tmp/aera-lab/root
[sim] exit 0 after 14s (switches: --enable-impeller; env: none)
sim: handshake done, 1080x2400 x3 slots
sim: first frame after 4072 ms
sim:   4000 ms Snap("start")
sim: wrote /tmp/aera-lab/out/start.png
sim:   4500 ms Tap(980, 2250)
sim:   5000 ms Tap(980, 2250)
sim:   5500 ms Tap(980, 2250)
sim:   8000 ms Snap("after")
sim: wrote /tmp/aera-lab/out/after.png
sim: 15 frames
sim: wrote /tmp/aera-lab/out/last.png
sim: embedder exited with exit status: 0
total 504
drwxr-xr-x 3 runner runner   4096 Oct  1 13:45 .
drwxr-xr-x 3 runner runner   4096 Oct  1 13:45 ..
-rw-r--r-- 1 runner runner 166534 Oct  1 13:45 after.png
-rw-r--r-- 1 runner runner 166534 Oct  1 13:45 last.png
drwxr-xr-x 6 runner runner   4096 Oct  1 13:45 plugin-data
-rw-r--r-- 1 runner runner 167195 Oct  1 13:45 start.png
aera-plugin: virtio-gpu capsets 0x208
aera-flutter: engine switches ["--enable-impeller"]
aera-flutter: Vulkan on Virtio-GPU GFXStream (SwiftShader Device (LLVM 16.0.0))
[IMPORTANT:flutter/shell/platform/embedder/embedder_surface_vulkan_impeller.cc(85)] Using the Impeller rendering backend (Vulkan).
aera-flutter: Vulkan renderer Virtio-GPU GFXStream (SwiftShader Device (LLVM 16.0.0))
/home/runner/work/devicelab/devicelab/out/counter-softpipe/payload.tgz: 1 file pushed, 0 skipped. 205.8 MB/s (44847113 bytes in 0.208s)
/home/runner/work/_temp/kitx64/aera-host-sim: 1 file pushed, 0 skipped. 153.5 MB/s (1431136 bytes in 0.009s)
[sim] pushed in 2s; 133M	/tmp/aera-lab/root
[sim] exit 0 after 11s (switches: none; env: none)
sim: handshake done, 1080x2400 x3 slots
sim: first frame after 1877 ms
sim:   4000 ms Snap("start")
sim: wrote /tmp/aera-lab/out/start.png
sim:   4500 ms Tap(980, 2250)
sim:   5000 ms Tap(980, 2250)
sim:   5500 ms Tap(980, 2250)
sim:   8000 ms Snap("after")
sim: wrote /tmp/aera-lab/out/after.png
sim: 12 frames
sim: wrote /tmp/aera-lab/out/last.png
sim: embedder exited with exit status: 0
total 496
drwxr-xr-x 3 runner runner   4096 Oct  1 13:45 .
drwxr-xr-x 3 runner runner   4096 Oct  1 13:45 ..
-rw-r--r-- 1 runner runner 163422 Oct  1 13:45 after.png
-rw-r--r-- 1 runner runner 163422 Oct  1 13:45 last.png
drwxr-xr-x 6 runner runner   4096 Oct  1 13:45 plugin-data
-rw-r--r-- 1 runner runner 164487 Oct  1 13:45 start.png
aera-plugin: virtio-gpu capsets 0x208
aera-flutter: Vulkan on Virtio-GPU GFXStream (SwiftShader Device (LLVM 16.0.0))
aera-flutter: Vulkan renderer Virtio-GPU GFXStream (SwiftShader Device (LLVM 16.0.0))
5:ramdisk load address: 0x11000000
6:vendor ramdisk total size: 19034404
9:product name: 
13:vendor ramdisk table size: 108
14:vendor ramdisk table: [
15:    vendor_ramdisk00: {
18:        type: 0x1
19:        name: 
29:--header_version 4 --pagesize 0x00000800 --base 0x00000000 --kernel_offset 0x10008000 --ramdisk_offset 0x11000000 --tags_offset 0x10000100 --dtb_offset 0x0000000011f00000 --vendor_cmdline printk.devkmsg=on audit=1 panic=-1 8250.nr_uarts=1 binder.impl=rust cma=0 firmware_class.path=/vendor/etc/ loop.max_part=7 init=/init bootconfig --board  --dtb /tmp/tmp.gMov7avZyF/vb/dtb --vendor_bootconfig /tmp/tmp.gMov7avZyF/vb/bootconfig --ramdisk_type 1 --ramdisk_name  --vendor_ramdisk_fragment /tmp/tmp.gMov7avZyF/vb/vendor_ramdisk00 
[aera-boot] no RECOVERY fragment: overlaying AERA onto the platform fragment /tmp/tmp.gMov7avZyF/vb/vendor_ramdisk00
[aera-boot] stock fragment 522 entries, AERA ramdisk 651
[aera-boot] replaced or added 449 shared and 202 AERA-only entries
[aera-boot] vendor_boot-aera.img: 36032512 bytes
[aera-boot] Android up; rebooting into AERA
[cf] state recovery after 12s
[cf] recovery adb uid 0
[cf] facts: 1081 lines -> /home/runner/work/devicelab/devicelab/out/aera-recovery-facts.txt
[cf] screenshot failed:
Exited with code '1'

    If the error above is unclear, please copy the text and `cvd version` output into an issue at:
        http://go/cuttlefish-bug

245:$ stop recovery; sleep 1; cd /; (timeout 15 /system/bin/recovery; echo "exit $?") 2>&1 | tail -60
246-linker: CANNOT LINK EXECUTABLE "/system/bin/recovery": library "libincfs.so" not found: needed by /system/lib64/libandroidfw.so in namespace (default)
247-CANNOT LINK EXECUTABLE "/system/bin/recovery": library "libincfs.so" not found: needed by /system/lib64/libandroidfw.so in namespace (default)
248-exit 1
249-
250-$ tail -60 /tmp/recovery.log 2>&1
251-tail: /tmp/recovery.log: No such file or directory
252-
253-$ logcat -d 2>/dev/null | tail -80
254-
255-$ dmesg | grep -iE "recovery|aera|twrp|linker|CANNOT|avc" | tail -60
256-[    3.012982] init: First stage mount skipped (recovery mode)
257-[    3.014281] init: [libfstab] ReadFstabFromFileCommon(): failed to load fstab from : '/etc/recovery.fstab'
258-[    3.028562] init: [libfstab] ReadFstabFromFileCommon(): failed to load fstab from : '/etc/recovery.fstab'
259-[    3.134745] init: Setting product property ro.product.device to 'aera_cf' (from ro.product.product.device)
260-[    3.135540] init: Setting product property ro.product.model to 'AERA Cuttlefish x86_64' (from ro.product.product.model)
261-[    3.135912] init: Setting product property ro.product.name to 'aera_aera' (from ro.product.product.name)
262-[    3.136322] init: Setting property 'ro.build.fingerprint' to 'p0g/aera_aera/aera_cf:99.87.36/BP2A.250605.031.A2/eng.vivy:eng/test-keys'
263-[    3.149965] init: Added '/init.recovery.logd.rc' to import list
264-[    3.150215] init: Added '/init.recovery.ldconfig.rc' to import list
265-[    3.150530] init: Added '/init.recovery.mksh.rc' to import list
266-[    3.150732] init: Added '/init.recovery.usb.rc' to import list
267-[    3.151686] init: Added '/init.recovery.service.rc' to import list
268-[    3.152730] init: Added '/init.recovery.cutf_cvm.rc' to import list
269-[    3.153476] init: Parsing file /init.recovery.logd.rc...
270-[    3.153940] init: Parsing file /init.recovery.ldconfig.rc...
271-[    3.154910] init: Parsing file /init.recovery.mksh.rc...
272-[    3.155126] init: Unable to read config file '/init.recovery.mksh.rc': open() failed: No such file or directory
273-[    3.156041] init: Parsing file /init.recovery.usb.rc...
274-[    3.156974] init: Unable to read config file '/init.recovery.usb.rc': open() failed: No such file or directory
275-[    3.157314] init: Parsing file /init.recovery.service.rc...
[aera] uid 0; touch /dev/input/event2 max 720x1348
   99 adbd                        adbd --root_seclabel=u:r:su:s0 --device_banner=recovery
[aera] no frame for home
/home/runner/work/devicelab/devicelab/out/aera-counter/.pkg/plugin.json: 1 file pushed, 0 skipped. 5.1 MB/s (686 bytes in 0.000s)
/home/runner/work/devicelab/devicelab/out/aera-counter/.pkg/runtime.xz: 1 file pushed, 0 skipped. 305.7 MB/s (26571660 bytes in 0.083s)
2 files pushed, 0 skipped. 115.5 MB/s (26572346 bytes in 0.219s)
[aera] installed counter (26571660 bytes payload), data /tmp/aera/plugin-data/counter, switches: none
/home/runner/work/devicelab/devicelab/out/aera-counter/.pkg/req.json: 1 file pushed, 0 skipped. 1.0 MB/s (73 bytes in 0.000s)
[aera] rpc:  
[aera] no frame for opened
ls: cannot access '/home/runner/work/devicelab/devicelab/out/aera-counter/*.png': No such file or directory
ls: cannot access '/home/runner/work/devicelab/devicelab/out/aera-counter/*.png': No such file or directory
Traceback (most recent call last):
  File "<string>", line 1, in <module>
FileNotFoundError: [Errno 2] No such file or directory: ''
aera/cuttlefish/aera-open.sh: line 30: 650 * 720 / W : division by 0 (error token is "W ")
[aera] no frame for after
