10-02 04:41:50.844    93   111 I AERA UI : AERA Recovery Project native engine active; hardware Back and edge swipe use navigation history
10-02 04:41:51.611   175   175 I getprop : type=1400 audit(0.0:557): avc:  denied  { open } for  path="/dev/__properties__/u:object_r:device_config_edgetpu_native_prop:s0" dev="tmpfs" ino=114 scontext=u:r:recovery:s0 tcontext=u:object_r:device_config_edgetpu_native_prop:s0 tclass=file permissive=1
10-02 04:41:51.611   175   175 I getprop : type=1400 audit(0.0:558): avc:  denied  { getattr } for  path="/dev/__properties__/u:object_r:device_config_edgetpu_native_prop:s0" dev="tmpfs" ino=114 scontext=u:r:recovery:s0 tcontext=u:object_r:device_config_edgetpu_native_prop:s0 tclass=file permissive=1
10-02 04:41:51.611   175   175 I getprop : type=1400 audit(0.0:559): avc:  denied  { map } for  path="/dev/__properties__/u:object_r:device_config_edgetpu_native_prop:s0" dev="tmpfs" ino=114 scontext=u:r:recovery:s0 tcontext=u:object_r:device_config_edgetpu_native_prop:s0 tclass=file permissive=1
10-02 04:42:46.784    93   111 D AERA UI : touch released at 619,1277
10-02 04:42:50.398    93   111 D AERA UI : touch released at 609,1285
10-02 04:42:54.062    93   111 D AERA UI : touch released at 679,1277
10-02 04:42:57.673    93   111 D AERA UI : touch released at 673,1285
10-02 04:43:04.422    93   111 D AERA UI : touch released at 620,1278
10-02 04:52:16.619    93   111 D AERA UI : touch released at 360,263
10-02 04:52:26.229    93   111 D AERA UI : touch released at 360,460
10-02 04:52:35.805    93   111 D AERA UI : touch released at 360,657
10-02 04:52:45.380    93   111 D AERA UI : touch released at 360,854
10-02 04:55:02.613    93   111 D AERA UI : touch released at 360,1000
10-02 04:55:03.774    93   111 D AERA UI : touch released at 350,1012
10-02 04:55:07.566    93   111 D AERA UI : touch released at 360,1040
10-02 04:55:16.982  1674  1680 I AERA UI : AERA Recovery Project native engine active; hardware Back and edge swipe use navigation history
10-02 04:57:00.418  1674  1680 D AERA UI : touch released at 360,1040
10-02 04:57:08.255  2348  2354 I AERA UI : AERA Recovery Project native engine active; hardware Back and edge swipe use navigation history
10-02 04:57:58.510  2348  2354 D AERA UI : touch released at -1,65535
10-02 04:58:03.280  2494  2500 I AERA UI : AERA Recovery Project native engine active; hardware Back and edge swipe use navigation history
10-02 04:59:04.498  2494  2500 D AERA UI : touch released at 354,1007
10-02 04:59:08.012  2494  2500 D AERA UI : touch released at 354,1007
10-02 04:59:11.442  2494  2500 D AERA UI : touch released at 354,1007
10-02 04:59:19.274  2494  2500 D AERA UI : touch released at 378,660
10-02 04:59:26.841  2494  2500 D AERA UI : touch released at 378,660
10-02 04:59:34.444  2494  2500 D AERA UI : touch released at 378,660
10-02 05:00:10.998  2494  2500 D AERA UI : touch released at 360,1000
10-02 05:00:12.201  2494  2500 D AERA UI : touch released at 352,1010
10-02 05:00:32.558  2494  2500 I AERA UI : left-edge Back gesture accepted
10-02 05:00:32.558  2494  2500 D AERA UI : touch released at 228,706
10-02 05:01:17.016  2494  2500 D AERA UI : touch released at 360,1000
10-02 05:01:18.222  2494  2500 D AERA UI : touch released at 352,1010
10-02 05:01:38.694  2494  2500 I AERA UI : left-edge Back gesture accepted
10-02 05:01:38.694  2494  2500 D AERA UI : touch released at 228,706
