yes: standard output: Broken pipe
Auto-selecting single ABI x86_64
Do you wish to create a custom hardware profile? [no] lab.avd
lab.ini
emulator Android emulator version 37.2.12.0 (build_id 16428233) (CL:N/A)
* daemon not running; starting now at tcp:5037
* daemon started successfully
booted in 29s: google/sdk_gphone64_x86_64/emu64xa:15/AE3A.240806.043/12960925:userdebug/dev-keys
kernel 6.6.50-android15-8-g8adecb593e9b-ab12525588 -> kmi android15-6.6; tiann/KernelSU v3.3.0
total 16428
drwx------  2 runner runner     4096 Oct  2 22:19 .
drwxrwxrwt 16 root   root       4096 Oct  2 22:19 ..
-rw-r--r--  1 runner runner 10777987 Oct  2 22:19 KernelSU_v3.3.0_32601-release.apk
-rw-r--r--  1 runner runner  5713312 Oct  2 22:19 ksud-x86_64-linux-android
-rw-r--r--  1 runner runner   318824 Oct  2 22:19 lkm-x86_64-android15-6.6_kernelsu.ko
== manager installed (me.weishu.kernelsu, KernelSU_v3.3.0_32601-release.apk)
/tmp/tmp.N454lqG3rb/lkm-x86_64-android15-6.6_kernelsu.ko: 1 file pushed, 0 skipped. 3.7 MB/s (318824 bytes in 0.082s)
/tmp/tmp.N454lqG3rb/ksud-x86_64-linux-android: 1 file pushed, 0 skipped. 169.1 MB/s (5713312 bytes in 0.032s)
== ksud: ksud 3.3.0 (uapi: 2)
== ksud late-load: rc=0
== ksud insmod /data/adb/kernelsu.ko: Error: load module failed: /data/adb/kernelsu.ko

Caused by:
    0: init_module failed without vermagic mismatch
    1: File exists (os error 17)
rc=1
kernelsu              159744  0 
== lsmod: kernelsu              159744  1 
KernelSU_v3.3.0_32601-release.apk
ksud-aarch64-apple-darwin
ksud-aarch64-linux-android
ksud-aarch64-unknown-linux-musl
ksud-x86_64-apple-darwin
ksud-x86_64-linux-android
ksud-x86_64-pc-windows-gnu.exe
ksud-x86_64-unknown-linux-musl
ksuinit-aarch64
ksuinit-x86_64
lkm-aarch64-android12-5.10_kernelsu.ko
lkm-aarch64-android13-5.10_kernelsu.ko
lkm-aarch64-android13-5.15_kernelsu.ko
lkm-aarch64-android14-5.15_kernelsu.ko
lkm-aarch64-android14-6.1_kernelsu.ko
lkm-aarch64-android15-6.6_kernelsu.ko
lkm-aarch64-android16-6.12_kernelsu.ko
lkm-aarch64-android17-6.18_kernelsu.ko
lkm-x86_64-android12-5.10_kernelsu.ko
lkm-x86_64-android13-5.10_kernelsu.ko
lkm-x86_64-android13-5.15_kernelsu.ko
lkm-x86_64-android14-5.15_kernelsu.ko
lkm-x86_64-android14-6.1_kernelsu.ko
lkm-x86_64-android15-6.6_kernelsu.ko
lkm-x86_64-android16-6.12_kernelsu.ko
lkm-x86_64-android17-6.18_kernelsu.ko
== no metamodule asset in tiann/KernelSU v3.3.0
/home/runner/work/devicelab/devicelab/modules/probe/./: 2 files pushed, 0 skipped. 0.3 MB/s (1474 bytes in 0.005s)
== modules: [
  {
    "author": "p0g-stack",
    "mount": "false",
    "description": "Observation module for devicelab. Its WebUI page is driven over DevTools.",
    "id": "devicelab_probe",
    "name": "devicelab probe",
    "versionCode": "1",
    "update": "false",
    "remove": "false",
    "action": "false",
    "version": "1",
    "web": "true",
    "enabled": "true"
  }
]
SELinux: Loaded file context from:
		/system/etc/selinux/plat_file_contexts
		/system_ext/etc/selinux/system_ext_file_contexts
		/vendor/etc/selinux/vendor_file_contexts
== home text: text="LKM" text="Working [Jailbreak mode]" text="Version: 32601-2" text="Manager version" text="v3.3.0 (32601-2)" text="Kernel version" text="6.6.50-android15-8-g8adecb593e9b-ab12525588" text="Device model" text="Google sdk_gphone64_x86_64" text="Fingerprint" text="google/sdk_gphone64_x86_64/emu64xa:15/AE3A.240806.043/12960925:userdebug/dev-keys" text="Enforcing" text="KernelSU" text="Home" text="Superuser" text="1" text="Module" text="Settings" 
== manager activities: me.weishu.kernelsu/.magica.BootCompletedReceiver me.weishu.kernelsu/.ui.MainActivity me.weishu.kernelsu/androidx.core.content.FileProvider me.weishu.kernelsu/androidx.profileinstaller.ProfileInstallReceiver me.weishu.kernelsu/androidx.startup.InitializationProvider 
== metamodule releases backslashxx/mountify: 204 Latest 204 2026-08-25T05:14:18Z;203  203 2026-06-25T15:03:16Z;202  202 2026-06-23T03:45:32Z;
== metamodule candidate backslashxx/mountify mountify.zip: id=mountify version=v2.0.4 versionCode=204 metamodule=true 
== metamodule repo (given): backslashxx/mountify
== metamodule zip: mountify.zip sha256 dde361c444f6990b759890720487785402a391a61cf6530f960deb98e5ef864d
== metamodule module.prop: id=mountify name=mountify version=v2.0.4 versionCode=204 author=xx, KOWX712 metamodule=true description=Globally mounted modules via OverlayFS. updateJson=https://raw.githubusercontent.com/backslashxx/mountify/master/update.json 
/tmp/tmp.eqzqwBIL9V/rel/mountify.zip: 1 file pushed, 0 skipped. 306.7 MB/s (554873 bytes in 0.002s)
== install mountify.zip
[H[J[|]
[H[J[\]
[H[J[+] mountify
[+] SysReq test
[+] CONFIG_OVERLAY_FS
[+] overlay found in /proc/filesystems
[+] CONFIG_TMPFS_XATTR
[+] tmpfs extended attribute test passed
[!] using fresh config.sh
[+] moving modules.txt
[+] moving whiteouts.txt
[+] mountify will be installed in metamodule mode!
- Done
- Creating metamodule symlink
- Module installed successfully!
== soft-reboot: 
== after soft-reboot (44s): [
  {
    "web": "true",
    "id": "devicelab_probe",
    "remove": "false",
    "author": "p0g-stack",
    "name": "devicelab probe",
    "description": "Observation module for devicelab. Its WebUI page is driven over DevTools.",
    "update": "false",
    "mount": "false",
    "action": "false",
    "enabled": "true",
    "version": "1",
    "versionCode": "1"
  },
  {
    "mount": "false",
    "id": "mountify",
    "metamodule": "true",
    "versionCode": "204",
    "updateJson": "https://raw.githubusercontent.com/backslashxx/mountify/master/update.json",
    "update": "false",
    "remove": "false",
    "action": "true",
    "description": "mode: auto 🤖 | fstype: tmpfs 🦾 | no modules mounted",
    "enabled": "true",
    "name": "mountify",
    "web": "true",
    "author": "xx, KOWX712",
    "version": "v2.0.4"
  }
]
total 32
drwxrwxrwx 4 root root 4096 2026-10-02 22:20 .
drwx------ 6 root root 4096 2026-10-02 22:20 ..
drwxr-xr-x 3 root root 4096 2026-10-02 22:19 devicelab_probe
drwxr-xr-x 5 root root 4096 2026-10-02 22:20 mountify
== metamodule active: lrwxrwxrwx 1 root root 26 2026-10-02 22:20 /data/adb/metamodule -> /data/adb/modules/mountify id=mountify name=mountify version=v2.0.4 versionCode=204 author=xx, KOWX712 metamodule=true description=mode: auto 🤖 | fstype: tmpfs 🦾 | no modules mounted updateJson=https://raw.githubusercontent.com/backslashxx/mountify/master/update.json 
inputs/modules/counter-v1.0.0.zip: 1 file pushed, 0 skipped. 215.8 MB/s (6582359 bytes in 0.029s)
== install counter-v1.0.0.zip
  inflating: webroot/canvaskit/chromium/canvaskit.wasm
  inflating: webroot/config.json
  inflating: webroot/favicon.png
  inflating: webroot/flutter.js
  inflating: webroot/flutter_bootstrap.js
  inflating: webroot/icons/Icon-192.png
  inflating: webroot/icons/Icon-512.png
  inflating: webroot/icons/Icon-maskable-192.png
  inflating: webroot/icons/Icon-maskable-512.png
  inflating: webroot/index.html
  inflating: webroot/main.dart.js
  inflating: webroot/manifest.json
  inflating: webroot/version.json
- Done
- Module installed successfully!
/home/runner/work/devicelab/devicelab/envdump.zip: 1 file pushed, 0 skipped. 22.4 MB/s (1766 bytes in 0.000s)
== install envdump.zip
 devicelab envdump 
 by p0g-stack 
*******************
*********************
 Powered by KernelSU 
*********************
Archive:  /data/local/tmp/m.zip
  inflating: customize.sh
- Extracting module files
Archive:  /data/local/tmp/m.zip
  inflating: module.prop
  inflating: customize.sh
- devicelab envdump: written /data/local/tmp/customize-env.txt
- Done
- Module installed successfully!
== soft-reboot: 
== after soft-reboot (44s): [
  {
    "name": "devicelab probe",
    "action": "false",
    "description": "Observation module for devicelab. Its WebUI page is driven over DevTools.",
    "enabled": "true",
    "mount": "false",
    "author": "p0g-stack",
    "update": "false",
    "versionCode": "1",
    "web": "true",
    "version": "1",
    "remove": "false",
    "id": "devicelab_probe"
  },
  {
    "action": "true",
    "mount": "false",
    "version": "v2.0.4",
    "versionCode": "204",
    "metamodule": "true",
    "author": "xx, KOWX712",
    "updateJson": "https://raw.githubusercontent.com/backslashxx/mountify/master/update.json",
    "id": "mountify",
    "update": "false",
    "description": "mode: auto 🤖 | fstype: tmpfs 🦾 | no modules mounted",
    "remove": "false",
    "name": "mountify",
    "web": "true",
    "enabled": "true"
  },
  {
    "id": "counter",
    "version": "v1.0.0",
    "web": "true",
    "author": "Yuv",
    "versionCode": "1",
    "update": "false",
    "enabled": "true",
    "description": "A new Flutter project.",
    "remove": "false",
    "action": "false",
    "name": "Counter",
    "mount": "false"
  },
  {
    "description": "Records the customize.sh environment",
    "name": "devicelab envdump",
    "author": "p0g-stack",
    "enabled": "true",
    "update": "false",
    "mount": "false",
    "action": "false",
    "web": "false",
    "versionCode": "1",
    "id": "devicelab_envdump",
    "remove": "false",
    "version": "1"
  }
]
total 48
drwxrwxrwx 6 root root 4096 2026-10-02 22:20 .
drwx------ 6 root root 4096 2026-10-02 22:20 ..
drwxr-xr-x 3 root root 4096 2026-10-02 22:20 counter
drwxr-xr-x 2 root root 4096 2026-10-02 22:20 devicelab_envdump
drwxr-xr-x 3 root root 4096 2026-10-02 22:19 devicelab_probe
drwxr-xr-x 5 root root 4096 2026-10-02 22:20 mountify
/home/runner/work/devicelab/devicelab/out/labserver: 1 file pushed, 0 skipped. 258.6 MB/s (7843260 bytes in 0.029s)
Starting: Intent { cmp=me.weishu.kernelsu/.ui.webui.WebUIActivity (has extras) }
Status: ok
Activity: me.weishu.kernelsu/.ui.webui.WebUIActivity








Status: ok








Segmentation fault 
intent path: no page; manager log:
10-02 22:22:04.286 10121 10128 W weishu.kernelsu: ApkAssets: Deleting an ApkAssets object '<empty> and /system_ext/priv-app/SettingsGoogle/SettingsGoogle.apk' with 1 weak references
10-02 22:22:04.287 10121 10128 W weishu.kernelsu: ApkAssets: Deleting an ApkAssets object '/product/overlay/SettingsGoogle__sdk_gphone64_x86_64__auto_generated_rro_product.apk' with 1 weak references
10-02 22:22:04.287 10121 10128 W weishu.kernelsu: ApkAssets: Deleting an ApkAssets object '<empty> and /product/priv-app/SettingsIntelligenceGooglePrebuilt/SettingsIntelligenceGooglePrebuilt.apk' with 1 weak references
10-02 22:22:04.287 10121 10128 W weishu.kernelsu: ApkAssets: Deleting an ApkAssets object '<empty> and /system_ext/priv-app/ThemePicker/ThemePicker.apk' with 1 weak references
10-02 22:22:04.287 10121 10128 W weishu.kernelsu: ApkAssets: Deleting an ApkAssets object '<empty> and /system_ext/priv-app/WallpaperPickerGoogleRelease/WallpaperPickerGoogleRelease.apk' with 1 weak references
10-02 22:22:04.288 10121 10128 W weishu.kernelsu: ApkAssets: Deleting an ApkAssets object '<empty> and /product/priv-app/OdadPrebuilt/OdadPrebuilt.apk' with 1 weak references
10-02 22:22:04.288 10121 10128 W weishu.kernelsu: ApkAssets: Deleting an ApkAssets object '<empty> and /system/priv-app/TeleService/TeleService.apk' with 1 weak references
10-02 22:22:04.288 10121 10128 W weishu.kernelsu: ApkAssets: Deleting an ApkAssets object '/vendor/overlay/TeleService__sdk_gphone64_x86_64__auto_generated_rro_vendor.apk' with 1 weak references
10-02 22:22:04.288 10121 10128 W weishu.kernelsu: ApkAssets: Deleting an ApkAssets object '/product/overlay/TeleService__sdk_gphone64_x86_64__auto_generated_rro_product.apk' with 1 weak references
10-02 22:22:04.288 10121 10128 W weishu.kernelsu: ApkAssets: Deleting an ApkAssets object '<empty> and /system/priv-app/Shell/Shell.apk' with 1 weak references
10-02 22:22:04.288 10121 10128 W weishu.kernelsu: ApkAssets: Deleting an ApkAssets object '<empty> and /system/priv-app/BlockedNumberProvider/BlockedNumberProvider.apk' with 1 weak references
10-02 22:22:04.288 10121 10128 W weishu.kernelsu: ApkAssets: Deleting an ApkAssets object '<empty> and /system/priv-app/UserDictionaryProvider/UserDictionaryProvider.apk' with 1 weak references
10-02 22:22:04.288 10121 10128 W weishu.kernelsu: ApkAssets: Deleting an ApkAssets object '<empty> and /system_ext/app/EmergencyInfoGoogleNoUi/EmergencyInfoGoogleNoUi.apk' with 1 weak references
10-02 22:22:04.289 10121 10128 W weishu.kernelsu: ApkAssets: Deleting an ApkAssets object '<empty> and /system/priv-app/FusedLocation/FusedLocation.apk' with 1 weak references
10-02 22:22:04.289 10121 10128 W weishu.kernelsu: ApkAssets: Deleting an ApkAssets object '<empty> and /system_ext/priv-app/SystemUIGoogle/SystemUIGoogle.apk' with 1 weak references
10-02 22:22:04.289 10121 10128 W weishu.kernelsu: ApkAssets: Deleting an ApkAssets object '/vendor/overlay/SystemUIGoogle__sdk_gphone64_x86_64__auto_generated_rro_vendor.apk' with 1 weak references
10-02 22:22:04.289 10121 10128 W weishu.kernelsu: ApkAssets: Deleting an ApkAssets object '/product/overlay/SystemUIGoogle__sdk_gphone64_x86_64__auto_generated_rro_product.apk' with 1 weak references
10-02 22:22:04.289 10121 10128 W weishu.kernelsu: ApkAssets: Deleting an ApkAssets object '<empty> and /product/app/YouTubeMusicPrebuilt/YouTubeMusicPrebuilt.apk' with 1 weak references
10-02 22:22:04.289 10121 10128 W weishu.kernelsu: ApkAssets: Deleting an ApkAssets object '<empty> and /system/app/BluetoothMidiService/BluetoothMidiService.apk' with 1 weak references
10-02 22:22:04.290 10121 10128 W weishu.kernelsu: ApkAssets: Deleting an ApkAssets object '<empty> and /system/app/Traceur/Traceur.apk' with 1 weak references
10-02 22:22:04.290 10121 10128 W weishu.kernelsu: ApkAssets: Deleting an ApkAssets object '<empty> and /apex/com.android.cellbroadcast/priv-app/GoogleCellBroadcastApp@350820300/GoogleCellBroadcastApp.apk' with 1 weak references
10-02 22:22:04.290 10121 10128 W weishu.kernelsu: ApkAssets: Deleting an ApkAssets object '<empty> and /system/priv-app/ContactsProvider/ContactsProvider.apk' with 1 weak references
10-02 22:22:04.290 10121 10128 W weishu.kernelsu: ApkAssets: Deleting an ApkAssets object '/product/overlay/ContactsProvider__sdk_gphone64_x86_64__auto_generated_rro_product.apk' with 1 weak references
10-02 22:22:04.290 10121 10128 W weishu.kernelsu: ApkAssets: Deleting an ApkAssets object '<empty> and /product/app/LatinIMEGooglePrebuilt/LatinIMEGooglePrebuilt.apk' with 1 weak references
10-02 22:22:04.290 10121 10128 W weishu.kernelsu: ApkAssets: Deleting an ApkAssets object '<empty> and /product/priv-app/GoogleRestorePrebuilt-v526684/GoogleRestorePrebuilt-v526684.apk' with 1 weak references
ui: dismissed ANR dialog
ui: tapped 'Module' at 200,584
ui: tapped 160,152
ui: tapped 'Clean' at 209,64
[0,0][320,640] devicelab probe | search | Clean | Cancel | devicelab probe | Version: 1 | Author: p0g-stack | Observation module for de
[12,40][235,88] devicelab probe | search | Clean
[185,40][233,88] Clean
[251,40][304,88] Cancel
[12,98][308,267] devicelab probe | Version: 1 | Author: p0g-stack | Observation module for devicelab. Its WebUI page is driven over DevTo
[243,116][292,164] 
[28,210][110,258] Open | Open
[186,210][292,258] Uninstall
[0,552][80,616] Home
[80,552][160,616] Superuser
[240,552][320,616] Settings
ui: tapped 'Open' at 69,234
https://mui.kernelsu.org/index.html
    * Hist  #1: ActivityRecord{e8fde4c u0 me.weishu.kernelsu/.ui.webui.WebUIActivity t13}
      packageName=me.weishu.kernelsu processName=me.weishu.kernelsu
      launchedFromUid=10209 launchedFromPackage=me.weishu.kernelsu launchedFromFeature=null userId=0
      app=ProcessRecord{edbafe 10121:me.weishu.kernelsu/u0a209}
      Intent { dat=ksu://webui?id=devicelab_probe&token=339ec7372a492637c095982d8025c4312bf09acffc12dc91ff7803a0b2538fe2 flg=0x80000 cmp=me.weishu.kernelsu/.ui.webui.WebUIActivity }
opened: ui
{"check":"targets","result":[{"socket": "webview_devtools_remote_10121", "type": "page", "url": "https://mui.kernelsu.org/index.html", "title": "devicelab probe"}]}
{"check":"globals","result":{"url":"https://mui.kernelsu.org/index.html","socket":"webview_devtools_remote_10121","value":{"ua":"Mozilla/5.0 (Linux; Android 15; sdk_gphone64_x86_64 Build/AE3A.240806.043; wv) AppleWebKit/537.36 (KHTML, like Gecko) Version/4.0 Chrome/124.0.6367.219 Mobile Safari/537.36","origin":"https://mui.kernelsu.org","href":"https://mui.kernelsu.org/index.html","globals":["ksu"],"ksu":["enableEdgeToEdge","exec","exit","fullScreen","getPackagesInfo","listPackages","moduleInfo","spawn","toast","enableEdgeToEdge","exec","exit","fullScreen","getPackagesInfo","listPackages","moduleInfo","spawn","toast"]}}}
{"check":"ksu-exec","result":{"url":"https://mui.kernelsu.org/index.html","socket":"webview_devtools_remote_10121","value":{"code":0,"out":"uid=0(root) gid=0(root) groups=0(root) context=u:r:ksu:s0\nu:r:ksu:s0\u0000","err":""}}}
{"check":"ws-loopback","result":{"url":"https://mui.kernelsu.org/index.html","socket":"webview_devtools_remote_10121","value":{"got":["{\"origin\":\"https://mui.kernelsu.org\",\"peerUid\":10209,\"remote\":\"127.0.0.1:43278\",\"serverUid\":0,\"t\":1790979774454,\"uidSource\":\"/proc/net/tcp\"}","hi"],"ms":17}}}
{"check":"fetch-loopback","result":{"url":"https://mui.kernelsu.org/index.html","socket":"webview_devtools_remote_10121","value":{"origin":"https://mui.kernelsu.org","peerUid":10209,"remote":"127.0.0.1:43286","serverUid":0,"t":1790979774584,"uidSource":"/proc/net/tcp"}}}
{"check":"webview-uid","result":["webview_zygote 1053 webview_zygote", "u0_a209      10209 me.weishu.kernelsu", "u0_a151      10151 com.google.android.webview:webview_service", "u0_i9000     99000 com.google.android.webview:sandboxed_process0:org.chromium.content.app.SandboxedProcessService0:0", "u0_a151      10151 com.google.android.webview:webview_apk"]}
{"check":"while-home-heartbeat","result":{"url":"https://mui.kernelsu.org/index.html","socket":"webview_devtools_remote_10121","value":{"now":10172,"vis":"hidden"}}}
{"check":"lifecycle","result":{"url":"https://mui.kernelsu.org/index.html","socket":"webview_devtools_remote_10121","value":{"events":[{"type":"pageshow","t":121,"vis":"visible"},{"type":"visibilitychange","t":4031,"vis":"hidden"},{"type":"visibilitychange","t":12326,"vis":"visible"}],"gaps":[{"from":4514,"ms":1001,"vis":"hidden"},{"from":6514,"ms":1000,"vis":"hidden"},{"from":9514,"ms":1000,"vis":"hidden"},{"from":10514,"ms":1000,"vis":"hidden"}],"slow":{"heldMs":3002,"sentAt":1790979777751,"resolvedAt":1790979777753,"vis":"hidden"}}}}
{"check":"dev-url","result":{"url":"http://127.0.0.1:8090/index.html","socket":"webview_devtools_remote_10121","value":{"href":"http://127.0.0.1:8090/index.html","ksu":"object","webui":"undefined","globals":["ksu"],"exec":{"code":0,"out":"uid=0(root) gid=0(root) groups=0(root) context=u:r:ksu:s0","err":""}}}}
Starting: Intent { cmp=me.weishu.kernelsu/.ui.webui.WebUIActivity (has extras) }
Status: ok
Activity: me.weishu.kernelsu/.ui.webui.WebUIActivity








Status: ok








Segmentation fault 
Status: ok
https://mui.kernelsu.org/index.html
token found in manager data: 339ec7372a492637c095982d8025c4312bf09acffc12dc91ff7803a0b2538fe2
opened: intent-token
{"check":"targets","result":[{"type": "page", "url": "https://mui.kernelsu.org/index.html", "title": "Flutter Demo"}]}
{"check":"page","result":{"url":"https://mui.kernelsu.org/index.html","socket":"webview_devtools_remote_10885","value":{"href":"https://mui.kernelsu.org/index.html","title":"Flutter Demo","ready":"complete","flutter":true,"glass":true,"nav":{"dcl":226,"load":565},"paint":{"first-paint":1446,"first-contentful-paint":1446},"glassAt":"present","firstFrame":null,"insets":null,"vv":[320,592,1]}}}
{"check":"java-exceptions","result":["10-02 22:23:26.170  8312  8378 W GLSUser : \tat bpdw.b(:com.google.android.gms@242335041@24.23.35 (190800-646585959):80)", "10-02 22:23:26.170  8312  8378 W GLSUser : \tat bpgb.e(:com.google.android.gms@242335041@24.23.35 (190800-646585959):17)", "10-02 22:23:26.170  8312  8378 W GLSUser : \tat bpgp.onSucceeded(:com.google.android.gms@242335041@24.23.35 (190800-646585959):7)", "10-02 22:23:26.170  8312  8378 W GLSUser : \tat m.mw.onSucceeded(:com.google.android.gms.dynamite_cronetdynamite@242335041@24.23.35 (190800-0):3)", "10-02 22:23:26.170  8312  8378 W GLSUser : \tat m.lt.run(:com.google.android.gms.dynamite_cronetdynamite@242335041@24.23.35 (190800-0):25)", "10-02 22:23:26.170  8312  8378 W GLSUser : \t... 6 more", "10-02 22:23:26.170  8312  8378 W GLSUser : Caused by: fkhe: Protocol message contained an invalid tag (zero).", "10-02 22:23:26.170  8312  8378 W GLSUser : \tat fkea.k(:com.google.android.gms@242335041@24.23.35 (190800-646585959):39)", "10-02 22:23:26.170  8312  8378 W GLSUser : \tat fkid.c(:com.google.android.gms@242335041@24.23.35 (190800-646585959):309)", "10-02 22:23:26.170  8312  8378 W GLSUser : \tat fkid.i(:com.google.android.gms@242335041@24.23.35 (190800-646585959):8)", "10-02 22:23:26.170  8312  8378 W GLSUser : \tat fkgi.fe(:com.google.android.gms@242335041@24.23.35 (190800-646585959):25)", "10-02 22:23:26.170  8312  8378 W GLSUser : \tat fkgc.g(:com.google.android.gms@242335041@24.23.35 (190800-646585959):3)", "--", "10-02 22:23:29.097  8312  9000 I ChimeraSrvcProxy: NullBinder for android.net.action.RECOMMEND_NETWORKS triggering remote TransactionTooLargeException due to Service without Chimera impl", "10-02 22:23:29.097  8312  9000 W .gms.persistent: Large reply transaction of 1056768 bytes, interface descriptor , code 1", "10-02 22:23:29.097  8659  9131 I BugleRcsEngine: handleMessage processing message:[NOTIFY_UPTIME_IGNORE_STATE_CHANGED] with [non-null]:RcsEngineImpl reference [CONTEXT log_prefix=\"RcsEngineImpl[DUAL_REG]:[4e19b122-bdfa]>Handler\" thread_id=65 ]", "10-02 22:23:29.098  8659  8868 I BugleRcsEngine: Connected state: [1], networkType: [WIFI] [CONTEXT thread_id=58 ]", "10-02 22:23:29.099  8659  9131 I BugleRcsEngine: RCS Configuration storage in Bugle is disabled by p/h flag, using ProvisioningEngineStateCacheUtil.getProvisioningConfigurationForGivenSimIfExist() [CONTEXT log_prefix=\"ProvisioningEngineDataRetriever\" thread_id=65 ]", "--------- beginning of crash", "10-02 22:23:30.694 10997 10997 F libc    : Fatal signal 11 (SIGSEGV), code 2 (SEGV_ACCERR), fault addr 0x7666ae64e3f4 in tid 10997 (grep), pid 10997 (grep)", "10-02 22:23:30.698 11002 11002 E crash_dump64: failed to get the guest state header for thread 10997: Bad address", "10-02 22:23:30.699 11002 11002 I crash_dump64: obtaining output fd from tombstoned, type: kDebuggerdTombstoneProto", "10-02 22:23:30.699   232   232 I tombstoned: received crash request for pid 10997", "10-02 22:23:30.699 11002 11002 I crash_dump64: performing dump of process 10997 (target tid = 10997)", "10-02 22:23:30.708 11002 11002 F DEBUG   : *** *** *** *** *** *** *** *** *** *** *** *** *** *** *** ***", "10-02 22:23:30.708 11002 11002 F DEBUG   : Build fingerprint: 'google/sdk_gphone64_x86_64/emu64xa:15/AE3A.240806.043/12960925:userdebug/dev-keys'", "--", "10-02 22:23:32.109  8312  9000 I ChimeraSrvcProxy: NullBinder for android.net.action.RECOMMEND_NETWORKS triggering remote TransactionTooLargeException due to Service without Chimera impl", "10-02 22:23:32.110  8312  9000 W .gms.persistent: Large reply transaction of 1056768 bytes, interface descriptor , code 1", "10-02 22:23:32.116  8659  9131 I BugleRcsEngine: handleMessage processing message:[NOTIFY_UPTIME_IGNORE_STATE_CHANGED] with [non-null]:RcsEngineImpl reference [CONTEXT log_prefix=\"RcsEngineImpl[DUAL_REG]:[4e19b122-bdfa]>Handler\" thread_id=65 ]", "10-02 22:23:32.117  8659  8868 I BugleRcsEngine: Connected state: [1], networkType: [WIFI] [CONTEXT thread_id=58 ]", "10-02 22:23:32.118  8659  9131 I BugleRcsEngine: RCS Configuration storage in Bugle is disabled by p/h flag, using ProvisioningEngineStateCacheUtil.getProvisioningConfigurationForGivenSimIfExist() [CONTEXT log_prefix=\"ProvisioningEngineDataRetriever\" thread_id=65 ]", "10-02 22:23:32.076 10885 10885 W ThreadPoolForeg: type=1400 audit(0.0:169): avc:  denied  { getattr } for  path=\"/data/adb\" dev=\"dm-46\" ino=319489 scontext=u:r:untrusted_app:s0:c209,c256,c512,c768 tcontext=u:object_r:adb_data_file:s0 tclass=dir permissive=0 app=me.weishu.kernelsu", "10-02 22:23:32.304 11098 11098 W BpBinder: Linking to death on android.gui.ISurfaceComposer but there are no threads (yet?) listening to incoming transactions. See ProcessState::startThreadPool and ProcessState::setThreadPoolMaxThreadCount. Generally you should setup the binder threadpool before other initialization steps.", "10-02 22:23:32.304 11098 11098 W ProcessState: Extra binder thread started, but 0 threads requested. Do not use *startThreadPool when zero threads are requested.", "10-02 22:23:32.310 10885 10911 D EGL_emulation: app_time_stats: avg=58.06ms min=1.06ms max=434.07ms count=20", "10-02 22:23:32.314   168   168 I hwservicemanager: getTransport: Cannot find entry android.hardware.graphics.mapper@4.0::IMapper/default in either framework or device VINTF manifest.", "10-02 22:23:32.314 11098 11099 I Gralloc4: mapper 4.x is not supported", "10-02 22:23:32.465     0     0 I servicemanager: Caller(pid=11098,uid=0,sid=u:r:su:s0) Could not find android.hardware.graphics.allocator.IAllocator/default in the VINTF manifest. No alternative instances declared in VINTF.", "10-02 22:23:33.088     0     0 W audit   : audit_lost=46 audit_rate_limit=5 audit_backlog_limit=64"]}
{"check":"console-errors","result":["--------- beginning of main", "10-02 22:23:31.369 10885 11031 E chromium: [1002/222331.369651:ERROR:variations_seed_loader.cc(37)] Seed missing signature.", "10-02 22:23:31.370 10885 11031 I chromium: [1002/222331.369974:INFO:variations_seed_loader.cc(66)] Failed to open file for reading.: No such file or directory (2)", "10-02 22:23:31.410 10885 11036 E chromium: [ERROR:simple_file_enumerator.cc(21)] opendir /data/user/0/me.weishu.kernelsu/cache/WebView/Default/HTTP Cache/Code Cache/js: No such file or directory (2)", "10-02 22:23:31.411 10885 11036 E chromium: [ERROR:simple_index_file.cc(614)] Could not reconstruct index from disk", "10-02 22:23:31.411 10885 11036 E chromium: [ERROR:simple_file_enumerator.cc(21)] opendir /data/user/0/me.weishu.kernelsu/cache/WebView/Default/HTTP Cache/Code Cache/wasm: No such file or directory (2)", "10-02 22:23:31.411 10885 11036 E chromium: [ERROR:simple_index_file.cc(614)] Could not reconstruct index from disk", "10-02 22:23:31.537 11051 11067 W chromium: [WARNING:runtime_features.cc(694)] SharedStorage for M118+ cannot be enabled in this configuration. Use --enable-features=SharedStorageAPI,SharedStorageAPIM118 in addition.", "10-02 22:23:31.540 11051 11067 W chromium: [WARNING:runtime_features.cc(730)] AttributionReportingCrossAppWeb cannot be enabled in this configuration. Use --enable-features=ConversionMeasurement,AttributionReportingCrossAppWeb in addition.", "10-02 22:23:31.777 10885 10885 I chromium: [INFO:CONSOLE(1)] \"Injecting <script> tag. Using callback.\", source: https://mui.kernelsu.org/flutter_bootstrap.js (1)"]}
{"check":"first-frame-warm","result":{"url":"https://mui.kernelsu.org/index.html","socket":"webview_devtools_remote_10885","value":{"firstFrameMs":353,"now":15050,"flutter":true,"resizes":[],"paint":{"first-paint":754,"first-contentful-paint":754},"calls":[[19,"at-preload","ksu:undefined webui:undefined"],[22,"ksu-defined"],[25,"wrap-failed","exec"],[25,"wrap-failed","spawn"],[26,"wrap-failed","moduleInfo"],[26,"wrap-failed","fullScreen"],[26,"wrap-failed","enableEdgeToEdge"],[27,"wrap-failed","toast"],[27,"wrap-failed","exit"]],"resources":[["/flutter_bootstrap.js",20,39,"script",0],["/canvaskit/chromium/canvaskit.wasm",68,143,"fetch",0],["/canvaskit/chromium/canvaskit.js",69,92,"other",0],["/main.dart.js",69,119,"script",0],["/assets/FontManifest.json",278,289,"fetch",0],["/favicon.png",281,291,"other",0],["/assets/fonts/MaterialIcons-Regular.otf",290,302,"fetch",0],["/assets/packages/cupertino_icons/assets/CupertinoIcons.ttf",290,303,"fetch",0],["/assets/fonts/fallback/Roboto-Regular.ttf",291,305,"fetch",0],["/favicon.png",751,772,"other",0]],"marks":[],"measures":[],"fonts":[]}}}
{"check":"apk","result":"pkg com.webui.termux.api sha256 c629df377c72f1d7b1f9a25f9a9f4713c5d0a2356f1e65a82f1ec027e4f4672a aapt2 /usr/local/lib/android/sdk/build-tools/37.0.0/aapt2"}
/home/runner/work/devicelab/devicelab/out/sockprobe: 1 file pushed, 0 skipped. 201.8 MB/s (3501403 bytes in 0.017s)
hold-apk/webui-termux-api_v0.53.0-webui.8.apk: 1 file pushed, 0 skipped. 273.5 MB/s (3803013 bytes in 0.013s)
{"check":"install","result":"Success\npackage:/data/app/~~VJZIvdQc6JjkF1rUDWxQ8g==/com.webui.termux.api-K56ere_9xka__vL-7mXmCA==/base.apk\n    versionCode=1010 minSdk=24 targetSdk=28\n    versionName=0.53.0-webui.8\nFailed to write while dumping service package: Broken pipe"}
{"check":"su-domain","result":"su: invalid uid/gid '-c'\n\nls: /system/bin/su: No such file or directory\n-rwxr-xr-x 1 root root 4941416 2026-10-02 22:22 /data/adb/ksud"}
{"check":"idle-start","result":"Starting service: Intent { cmp=com.webui.termux.api/com.termux.api.RootHelperService }"}
{"check":"idle-up","result":"1"}
{"check":"idle-gone","result":"9"}
{"check":"ksu-setcon-start","result":"Starting service: Intent { cmp=com.webui.termux.api/com.termux.api.RootHelperService }"}
{"check":"ksu-setcon-held","result":"up=0 {\"error\":\"write /proc/thread-self/attr/current: operation not permitted\",\"op\":\"setcon\"}"}
{"check":"ksu-setcon-holder","result":"{\"error\":\"write /proc/thread-self/attr/current: operation not permitted\",\"op\":\"setcon\"}"}
{"check":"ksu-setcon-gone","result":"0"}
{"check":"ksu-setcon-avc","result":""}
{"check":"ksu-su-start","result":"Starting service: Intent { cmp=com.webui.termux.api/com.termux.api.RootHelperService }"}
{"check":"ksu-su-held","result":"up=0 su: invalid uid/gid '-c'"}
{"check":"ksu-su-holder","result":"su: invalid uid/gid '-c'"}
{"check":"ksu-su-gone","result":"0"}
{"check":"ksu-su-avc","result":""}
{"check":"su-adbroot-start","result":"Starting service: Intent { cmp=com.webui.termux.api/com.termux.api.RootHelperService }"}
{"check":"su-adbroot-held","result":"up=1 {\"context\":\"u:r:su:s0\",\"op\":\"as\",\"uid\":0}\n{\"connected\":\"2026-10-02T22:24:54.980821264Z\",\"op\":\"hold\",\"path\":\"@com.webui.termux.api/hold\"}"}
{"check":"su-adbroot-holder","result":"{\"context\":\"u:r:su:s0\",\"op\":\"as\",\"uid\":0}\n{\"connected\":\"2026-10-02T22:24:54.980821264Z\",\"op\":\"hold\",\"path\":\"@com.webui.termux.api/hold\"}\n{\"at\":\"2026-10-02T22:25:15.000599121Z\",\"op\":\"released\",\"path\":\"@com.webui.termux.api/hold\"}"}
{"check":"su-adbroot-gone","result":"0"}
{"check":"su-adbroot-avc","result":""}
