yes: standard output: Broken pipe
Auto-selecting single ABI x86_64
Do you wish to create a custom hardware profile? [no] lab.avd
lab.ini
emulator Android emulator version 37.2.12.0 (build_id 16428233) (CL:N/A)
* daemon not running; starting now at tcp:5037
* daemon started successfully
booted in 29s: google/sdk_gphone64_x86_64/emu64xa:15/AE3A.240806.043/12960925:userdebug/dev-keys
kernel 6.6.50-android15-8-g8adecb593e9b-ab12525588 -> kmi android15-6.6; KernelSU-Next/KernelSU-Next v3.4.0
total 28968
drwx------  2 runner runner     4096 Oct  1 23:54 .
drwxrwxrwt 16 root   root       4096 Oct  1 23:54 ..
-rw-r--r--  1 runner runner 11859167 Oct  1 23:54 KernelSU_Next_v3.4.0-spoofed_33294-release.apk
-rw-r--r--  1 runner runner 11857955 Oct  1 23:54 KernelSU_Next_v3.4.0_33294-release.apk
-rw-r--r--  1 runner runner  5583488 Oct  1 23:54 ksud-x86_64-linux-android
-rw-r--r--  1 runner runner   342200 Oct  1 23:54 x86_64-android15-6.6_kernelsu.ko
== manager installed (com.rifsxd.ksunext, KernelSU_Next_v3.4.0_33294-release.apk)
/tmp/tmp.Ptg1ne0LJJ/x86_64-android15-6.6_kernelsu.ko: 1 file pushed, 0 skipped. 10.3 MB/s (342200 bytes in 0.032s)
/tmp/tmp.Ptg1ne0LJJ/ksud-x86_64-linux-android: 1 file pushed, 0 skipped. 91.4 MB/s (5583488 bytes in 0.058s)
== ksud: ksud 3.4.0 (uapi: 4)
== ksud late-load: rc=0
== ksud insmod /data/adb/kernelsu.ko: Loaded kernel module: /data/adb/kernelsu.ko
rc=0
kernelsu              258048  0 
== lsmod: kernelsu              258048  0 
aarch64-android12-5.10_kernelsu.ko
aarch64-android13-5.10_kernelsu.ko
aarch64-android13-5.15_kernelsu.ko
aarch64-android14-5.15_kernelsu.ko
aarch64-android14-6.1_kernelsu.ko
aarch64-android15-6.6_kernelsu.ko
aarch64-android16-6.12_kernelsu.ko
aarch64-android17-6.18_kernelsu.ko
KernelSU_Next_v3.4.0-spoofed_33294-release.apk
KernelSU_Next_v3.4.0_33294-release.apk
ksud-aarch64-apple-darwin
ksud-aarch64-linux-android
ksud-aarch64-unknown-linux-musl
ksud-x86_64-apple-darwin
ksud-x86_64-linux-android
ksud-x86_64-unknown-linux-musl
x86_64-android12-5.10_kernelsu.ko
x86_64-android13-5.10_kernelsu.ko
x86_64-android13-5.15_kernelsu.ko
x86_64-android14-5.15_kernelsu.ko
x86_64-android14-6.1_kernelsu.ko
x86_64-android15-6.6_kernelsu.ko
x86_64-android16-6.12_kernelsu.ko
x86_64-android17-6.18_kernelsu.ko
== no metamodule asset in KernelSU-Next/KernelSU-Next v3.4.0
/home/runner/work/devicelab/devicelab/modules/probe/./: 2 files pushed, 0 skipped. 0.0 MB/s (1474 bytes in 0.057s)
== modules: [
  {
    "name": "devicelab probe",
    "description": "Observation module for devicelab. Its WebUI page is driven over DevTools.",
    "remove": "false",
    "version": "1",
    "web": "true",
    "action": "false",
    "enabled": "true",
    "author": "p0g-stack",
    "update": "false",
    "id": "devicelab_probe",
    "versionCode": "1",
    "mount": "false"
  }
]
SELinux: Loaded file context from:
		/system/etc/selinux/plat_file_contexts
		/system_ext/etc/selinux/system_ext_file_contexts
		/vendor/etc/selinux/vendor_file_contexts
== home text: text="Working" text="LKM (GKI2)" text="Jailbreak mode" text="Version: v3.4.0 (33294-4)" text="Custom" text="Superuser" text="0" text="Module" text="1" text="Manager version" text="v3.4.0 (33294-4)" text="Hook mode" text="Tracepoint" text="Metamodule status" text="Not installed" text="Having trouble?" text="Encountered a bug or have feedback?" text="KernelSU-Next" 
== manager activities: com.rifsxd.ksunext/.FlashModule com.rifsxd.ksunext/.ui.MainActivity com.rifsxd.ksunext/androidx.core.content.FileProvider com.rifsxd.ksunext/androidx.profileinstaller.ProfileInstallReceiver com.rifsxd.ksunext/androidx.startup.InitializationProvider 
WebUI-X-v438-release-official.apk
WebUI-X-v438-release-spoofed.apk
== downloaded MMRLApp/WebUI-X-Portable v438 WebUI-X-v438-release-official.apk
Success
== installed com.dergoogler.mmrl.wx uid=10210     versionName=v438-release
== activities: com.dergoogler.mmrl.wx/.ui.activity.CrashHandlerActivity com.dergoogler.mmrl.wx/.ui.activity.MainActivity com.dergoogler.mmrl.wx/.ui.activity.modconf.ModConfActivity com.dergoogler.mmrl.wx/.ui.activity.webui.KsuWebUIActivity com.dergoogler.mmrl.wx/.ui.activity.webui.WebUIActivity com.dergoogler.mmrl.wx/.util.NonRootService com.dergoogler.mmrl.wx/androidx.core.content.FileProvider com.dergoogler.mmrl.wx/androidx.profileinstaller.ProfileInstallReceiver com.dergoogler.mmrl.wx/androidx.startup.InitializationProvider com.dergoogler.mmrl.wx/androidx.work.impl.background.systemalarm.ConstraintProxy com.dergoogler.mmrl.wx/androidx.work.impl.background.systemalarm.ConstraintProxyUpdateReceiver com.dergoogler.mmrl.wx/androidx.work.impl.background.systemalarm.RescheduleReceiver com.dergoogler.mmrl.wx/androidx.work.impl.diagnostics.DiagnosticsReceiver 
ui: tapped 'Superuser' at 84,260
ui: tapped 'com.dergoogler.mmrl.wx' at 160,252
[0,160][320,224] Superuser | Superuser
[252,168][304,216] 
[57,304][138,352] Default
[180,304][263,352] Custom
[0,360][320,488] Umount modules | Enabling this option will allow KernelSU-Next to restore any modified files by the modules for this app
[252,372][304,420] 
[4,32][52,80] 
[42,538][98,594] Home
[102,538][158,594] Superuser
[162,538][218,594] Module
[222,538][278,594] Settings
ui: tapped switch 1 ('Superuser | Superuser', was checked=false)
== ksud feature list: Available Features: ================================================================================ [ENABLED (1)] su_compat (ID=0)     SU Compatibility Mode - allows authorized apps to gain root via traditional 'su' command  [ENABLED (1)] kernel_umount (ID=1)     Kernel Umount - controls whether kernel automatically unmounts modules when not needed  [DISABLED] sulog (ID=2)     SU Log - streams kernel sulog events to userspace and persists them to disk  [DISABLED] adb_root (ID=3)     ADB Root - Enable adbd root  [DISABLED] selinux_hide (ID=4)     SELinux Hide - sanitize /sys/fs/selinux access results for app UIDs  [ENABLED (1)] avc_spoof (ID=10003)     AVC Spoof - fix selinux context leak due to avc denial  
== su_compat: Feature: su_compat (0) Description: SU Compatibility Mode - allows authorized apps to gain root via traditional 'su' command Value: 1 Status: enabled 
== root grant: ui; su as app uid 10210: su: failed to exec /system/bin/su: No such file or directory
ui: tapped 'KernelSU' at 160,265
[40,165][280,221] Magisk
[40,309][280,389] KernelSU Next
[40,405][280,461] APatch
[40,477][280,557] SukiSU Ultra
[40,573][280,629] Non-Root
[40,644][280,692] Continue with KernelSU
ui: tapped 'Continue with KernelSU' at 160,668
[16,104][304,330] devicelab probe | 1 (1) by p0g-stack | Updated on 1 October 2026 | Observation module for devicelab. Its WebUI page is d
[32,274][90,322] 
[153,274][288,322] Add Shortcut
[220,32][268,80] 
[268,32][316,80] 
[164,796][320,876] Settings
ui: no node with 'Continue with KernelSU'
ui: no node with 'Next'
ui: no node with 'Continue'
ui: no node with 'Grant'
ui: no node with 'Allow'
ui: no node with 'Get started'
ui: no node with 'Done'
ui: no node with 'OK'
ui: no node with 'Finish'
[16,104][304,330] devicelab probe | 1 (1) by p0g-stack | Updated on 1 October 2026 | Observation module for devicelab. Its WebUI page is d
[32,274][90,322] 
[153,274][288,322] Add Shortcut
[220,32][268,80] 
[268,32][316,80] 
[164,796][320,876] Settings
ui: no node with 'Continue with KernelSU'
ui: no node with 'Next'
ui: no node with 'Continue'
ui: no node with 'Grant'
ui: no node with 'Allow'
ui: no node with 'Get started'
ui: no node with 'Done'
ui: no node with 'OK'
ui: no node with 'Finish'
[16,104][304,330] devicelab probe | 1 (1) by p0g-stack | Updated on 1 October 2026 | Observation module for devicelab. Its WebUI page is d
[32,274][90,322] 
[153,274][288,322] Add Shortcut
[220,32][268,80] 
[268,32][316,80] 
[164,796][320,876] Settings
== WebUI X platform after onboarding: preferences.pb 
== devtools sockets: 
== metamodule candidates (hybrid-mount): Hybrid-Mount/meta-hybrid_mount 1654;PentHertz/LUKSbox 743;yifan-hou/force_control 111;pramit128/Hybrid-Engine-Simulator 6;hec-ovi/rag-base 4;DJJ547/CMPE295-Autonomous-Detection 3;mparmis/UBC-AUTONOMOUS-DRIVING-COMPETITION 2;Hybrid-Mount/hybrid_mount_notify 1;lunb0213/meta-hybrid_mount-keep_apex 1;Hybrid-Mount/nuke-kpm 1;Cognaiscance/pnet_web_hello 1;UserXP-web/hymo 0;AndrianaMis/HybridQNN_for_MountainCar 0;UlasuNoka/meta-hybrid_mount-old 0;fahrilmoonstar-svg/Hybrid-mount-Dashboard 0;
== metamodule repo (search): Hybrid-Mount/meta-hybrid_mount
== metamodule zip: Hybrid-Mount-6.2.2-2053.zip sha256 52f067cfea4fafc2bde333bf717bf5338e244faca156caaf557a0288ce1b963c
== metamodule module.prop: id=hybrid_mount name=Hybrid Mount version=6.2.2 versionCode=602002999 author=Hybrid Mount Developers description=Hybrid Mount: mixed OverlayFS, Magic Mount, and VFS for KernelSU and APatch updateJson=https://raw.githubusercontent.com/Hybrid-Mount/meta-hybrid_mount/dev/update.json metamodule=1 
/tmp/tmp.sEaBeYIQAb/rel/Hybrid-Mount-6.2.2-2053.zip: 1 file pushed, 0 skipped. 501.8 MB/s (6713210 bytes in 0.013s)
== install Hybrid-Mount-6.2.2-2053.zip
Terminated
Terminated
Terminated
Terminated
Terminated
Terminated
Terminated
Terminated
- Timeout: Selected OverlayFS
- Configured mode: overlay
- Installing default module blacklist...
- Installation complete
- Done
- Creating metamodule symlink
- Module installed successfully!
== soft-reboot: 
== after soft-reboot (43s): [
  {
    "name": "devicelab probe",
    "enabled": "true",
    "version": "1",
    "update": "false",
    "versionCode": "1",
    "author": "p0g-stack",
    "remove": "false",
    "web": "true",
    "id": "devicelab_probe",
    "action": "false",
    "mount": "false",
    "description": "Observation module for devicelab. Its WebUI page is driven over DevTools."
  },
  {
    "name": "Hybrid Mount",
    "update": "false",
    "enabled": "true",
    "remove": "false",
    "action": "false",
    "updateJson": "https://raw.githubusercontent.com/Hybrid-Mount/meta-hybrid_mount/dev/update.json",
    "description": "Hybrid Mount: mixed OverlayFS, Magic Mount, and VFS for KernelSU and APatch",
    "mount": "false",
    "metamodule": "1",
    "web": "true",
    "version": "6.2.2",
    "author": "Hybrid Mount Developers",
    "id": "hybrid_mount",
    "versionCode": "602002999"
  }
]
total 32
drwxrwxrwx 4 root root 4096 2026-10-01 23:58 .
drwx------ 7 root root 4096 2026-10-01 23:58 ..
drwxr-xr-x 3 root root 4096 2026-10-01 23:54 devicelab_probe
drwxr-xr-x 4 root root 4096 2026-10-01 23:58 hybrid_mount
== metamodule active: lrwxrwxrwx 1 root root 30 2026-10-01 23:58 /data/adb/metamodule -> /data/adb/modules/hybrid_mount id=hybrid_mount name=Hybrid Mount version=6.2.2 versionCode=602002999 author=Hybrid Mount Developers description=Hybrid Mount: mixed OverlayFS, Magic Mount, and VFS for KernelSU and APatch updateJson=https://raw.githubusercontent.com/Hybrid-Mount/meta-hybrid_mount/dev/update.json metamodule=1 
inputs/modules/flutter_webui_counter-0.1.5.zip: 1 file pushed, 0 skipped. 490.0 MB/s (21434766 bytes in 0.042s)
== install flutter_webui_counter-0.1.5.zip
  inflating: webroot/fonts/notocoloremoji/v32/Yq6P-KqIXTD0t4D9z1ESnKM3-HpFabsE4tq3luCC7p-aXxcn.8.woff2
  inflating: webroot/fonts/notocoloremoji/v32/Yq6P-KqIXTD0t4D9z1ESnKM3-HpFabsE4tq3luCC7p-aXxcn.2.woff2
   creating: webroot/fonts/notosansmath/
   creating: webroot/fonts/notosansmath/v15/
  inflating: webroot/fonts/notosansmath/v15/7Aump_cpkSecTWaHRlH2hyV5UHkD-V048PW0.woff2
   creating: webroot/fonts/roboto/
   creating: webroot/fonts/roboto/v32/
  inflating: webroot/fonts/roboto/v32/KFOmCnqEu92Fr1Me4GZLCzYlKw.woff2
  inflating: webroot/.last_build_id
  inflating: webroot/config.json
  inflating: webroot/flutter_webui.js
  inflating: customize.sh
- Done
- installation partition layout ready
- Module installed successfully!
inputs/modules/counter-v1.0.0.zip: 1 file pushed, 0 skipped. 535.0 MB/s (6582359 bytes in 0.012s)
== install counter-v1.0.0.zip
  inflating: webroot/config.json
  inflating: webroot/favicon.png
  inflating: webroot/flutter.js
  inflating: webroot/flutter_bootstrap.js
  inflating: webroot/icons/Icon-192.png
  inflating: webroot/icons/Icon-512.png
  inflating: webroot/icons/Icon-maskable-192.png
  inflating: webroot/icons/Icon-maskable-512.png
  inflating: webroot/index.html
  inflating: webroot/main.dart.js
  inflating: webroot/manifest.json
  inflating: webroot/version.json
- Done
- installation partition layout ready
- Module installed successfully!
inputs/modules/demo.zip: 1 file pushed, 0 skipped. 524.5 MB/s (28109334 bytes in 0.051s)
== install demo.zip
  inflating: webroot/manifest.json
  inflating: webroot/pkg/.gitignore
  inflating: webroot/pkg/demo_native.js
  inflating: webroot/pkg/demo_native_bg.wasm
  inflating: webroot/pkg/package.json
  inflating: webroot/version.json
  inflating: webroot/workers/demo_service.web.g.dart.js
  inflating: webroot/workers/hello_service.web.g.dart.js
  inflating: webui_app_plane/arm64-v8a/webui_termux_api.aot
  inflating: webui_app_plane/termux-api
  inflating: webui_app_plane/x86_64/webui_termux_api.aot
- Done
- linked /product
- installation partition layout ready
- Module installed successfully!
/home/runner/work/devicelab/devicelab/envdump.zip: 1 file pushed, 0 skipped. 24.1 MB/s (1766 bytes in 0.000s)
== install envdump.zip
 by p0g-stack 
*******************
**************************
 Powered by KernelSU-Next 
**************************
Archive:  /data/local/tmp/m.zip
  inflating: customize.sh
- Extracting module files
Archive:  /data/local/tmp/m.zip
  inflating: module.prop
  inflating: customize.sh
- devicelab envdump: written /data/local/tmp/customize-env.txt
- Done
- installation partition layout ready
- Module installed successfully!
== soft-reboot: 
== after soft-reboot (44s): [
  {
    "enabled": "true",
    "version": "1",
    "web": "true",
    "action": "false",
    "mount": "false",
    "remove": "false",
    "name": "devicelab probe",
    "author": "p0g-stack",
    "id": "devicelab_probe",
    "versionCode": "1",
    "description": "Observation module for devicelab. Its WebUI page is driven over DevTools.",
    "update": "false"
  },
  {
    "version": "6.2.2",
    "versionCode": "602002999",
    "author": "Hybrid Mount Developers",
    "updateJson": "https://raw.githubusercontent.com/Hybrid-Mount/meta-hybrid_mount/dev/update.json",
    "update": "false",
    "description": "Hybrid Mount: mixed OverlayFS, Magic Mount, and VFS for KernelSU and APatch",
    "metamodule": "1",
    "enabled": "true",
    "web": "true",
    "action": "false",
    "mount": "false",
    "id": "hybrid_mount",
    "name": "Hybrid Mount",
    "remove": "false"
  },
  {
    "web": "true",
    "name": "flutter-webui Counter",
    "action": "false",
    "mount": "false",
    "versionCode": "6",
    "version": "0.1.5",
    "author": "p0g-stack",
    "id": "flutter_webui_counter",
    "update": "false",
    "description": "Stock Flutter counter app on flutter-webui (devicelab bring-up build).",
    "enabled": "true",
    "remove": "false"
  },
  {
    "id": "counter",
    "remove": "false",
    "author": "Yuv",
    "name": "Counter",
    "web": "true",
    "description": "A new Flutter project.",
    "action": "false",
    "enabled": "true",
    "update": "false",
    "vers
total 64
drwxrwxrwx 8 root root 4096 2026-10-01 23:59 .
drwx------ 7 root root 4096 2026-10-01 23:58 ..
drwxr-xr-x 3 root root 4096 2026-10-01 23:59 counter
drwxr-xr-x 7 root root 4096 2026-10-01 23:59 demo
drwxr-xr-x 2 root root 4096 2026-10-01 23:59 devicelab_envdump
drwxr-xr-x 3 root root 4096 2026-10-01 23:54 devicelab_probe
drwxr-xr-x 4 root root 4096 2026-10-01 23:59 flutter_webui_counter
drwxr-xr-x 4 root root 4096 2026-10-01 23:58 hybrid_mount
/home/runner/work/devicelab/devicelab/out/labserver: 1 file pushed, 0 skipped. 220.3 MB/s (7843260 bytes in 0.034s)
Starting: Intent { cmp=com.dergoogler.mmrl.wx/.ui.activity.webui.WebUIActivity (has extras) }
Status: ok
Activity: com.dergoogler.mmrl.wx/.ui.activity.webui.WebUIActivity
https://mui.kernelsu.org/index.html
opened: intent
{"check":"targets","result":[{"socket": "webview_devtools_remote_12511", "type": "page", "url": "https://mui.kernelsu.org/index.html", "title": "devicelab probe"}]}
{"check":"globals","result":{"url":"https://mui.kernelsu.org/index.html","socket":"webview_devtools_remote_12511","value":{"ua":"WebUI X/438 (Linux; Android 15; sdk_gphone64_x86_64; KernelSU/33294)","origin":"https://mui.kernelsu.org","href":"https://mui.kernelsu.org/index.html","globals":["$DeFile","$DeFileInputStream","$DeFileOutputStream","$devicelab_probe","$intent","$packageManager","$userManager","ksu","webui"],"ksu":["exec","execBool","fullScreen","mmrl","moduleInfo","spawn","toast","exec","execBool","fullScreen","mmrl","moduleInfo","spawn","toast"]}}}
{"check":"ksu-exec","result":{"url":"https://mui.kernelsu.org/index.html","socket":"webview_devtools_remote_12511","value":{"code":0,"out":"uid=0(root) gid=0(root) groups=0(root) context=u:r:ksu:s0\nu:r:ksu:s0\u0000","err":""}}}
{"check":"ws-loopback","result":{"url":"https://mui.kernelsu.org/index.html","socket":"webview_devtools_remote_12511","value":{"got":["{\"origin\":\"https://mui.kernelsu.org\",\"peerUid\":10210,\"remote\":\"127.0.0.1:50552\",\"serverUid\":0,\"t\":1790899239523,\"uidSource\":\"/proc/net/tcp\"}","hi"],"ms":17}}}
{"check":"fetch-loopback","result":{"url":"https://mui.kernelsu.org/index.html","socket":"webview_devtools_remote_12511","value":{"origin":"https://mui.kernelsu.org","peerUid":10210,"remote":"127.0.0.1:50568","serverUid":0,"t":1790899239656,"uidSource":"/proc/net/tcp"}}}
{"check":"webview-uid","result":["webview_zygote 1053 webview_zygote", "u0_a210      10210 com.dergoogler.mmrl.wx", "root             0 com.dergoogler.mmrl.wx:root:0", "root             0 com.dergoogler.mmrl.wx:root:0", "u0_a151      10151 com.google.android.webview:webview_service", "u0_i9000     99000 com.google.android.webview:sandboxed_process0:org.chromium.content.app.SandboxedProcessService0:0"]}
{"check":"while-home-heartbeat","result":{"url":"https://mui.kernelsu.org/index.html","socket":"webview_devtools_remote_12511","value":{"now":10155,"vis":"hidden"}}}
{"check":"lifecycle","result":{"url":"https://mui.kernelsu.org/index.html","socket":"webview_devtools_remote_12511","value":{"events":[{"type":"pageshow","t":90,"vis":"visible"},{"type":"visibilitychange","t":4018,"vis":"hidden"},{"type":"visibilitychange","t":12321,"vis":"visible"}],"gaps":[{"from":3838,"ms":8483,"vis":"visible"}],"slow":{"heldMs":3001,"sentAt":1790899242826,"resolvedAt":1790899242829,"vis":"hidden"}}}}
{"check":"dev-url","result":{"error":"no page target","sockets":["webview_devtools_remote_12511"],"targets":[{"socket":"webview_devtools_remote_12511","port":9300,"description":"{\"attached\":true,\"empty\":false,\"height\":640,\"never_attached\":false,\"screenX\":0,\"screenY\":0,\"visible\":false,\"width\":320}","devtoolsFrontendUrl":"https://chrome-devtools-frontend.appspot.com/serve_internal_file/@7741f71cbce3b7dfe3eb5890976d2596364b0733/inspector.html?ws=127.0.0.1:9300/devtools/page/6786D8DDE80A4353E52B90A9FC42E31F","id":"6786D8DDE80A4353E52B90A9FC42E31F","title":"devicelab probe","type":"page","url":"https://mui.kernelsu.org/index.html","webSocketDebuggerUrl":"ws://127.0.0.1:9300/devtools/page/6786D8DDE80A4353E52B90A9FC42E31F"}]}}
Starting: Intent { cmp=com.dergoogler.mmrl.wx/.ui.activity.webui.WebUIActivity (has extras) }
Status: ok
Activity: com.dergoogler.mmrl.wx/.ui.activity.webui.WebUIActivity
https://mui.kernelsu.org/index.html
opened: intent
{"check":"targets","result":[{"type": "page", "url": "https://mui.kernelsu.org/index.html", "title": "Flutter Demo"}]}
{"check":"page","result":{"url":"https://mui.kernelsu.org/index.html","socket":"webview_devtools_remote_13020","value":{"href":"https://mui.kernelsu.org/index.html","title":"Flutter Demo","ready":"complete","flutter":true,"glass":true,"nav":{"dcl":131,"load":453},"paint":{"first-paint":1230,"first-contentful-paint":1230},"glassAt":"present","firstFrame":null,"insets":"24px","vv":[320,640,1]}}}
{"check":"java-exceptions","result":["10-02 00:00:59.404 10787 12865 W FontLog : \tat android.database.sqlite.SQLiteConnectionPool.throwIfClosedLocked(SQLiteConnectionPool.java:1103)", "10-02 00:00:59.404 10787 12865 W FontLog : \tat android.database.sqlite.SQLiteConnectionPool.waitForConnection(SQLiteConnectionPool.java:716)", "10-02 00:00:59.404 10787 12865 W FontLog : \tat android.database.sqlite.SQLiteConnectionPool.acquireConnection(SQLiteConnectionPool.java:399)", "10-02 00:00:59.404 10787 12865 W FontLog : \tat android.database.sqlite.SQLiteSession.acquireConnection(SQLiteSession.java:920)", "10-02 00:00:59.404 10787 12865 W FontLog : \tat android.database.sqlite.SQLiteSession.executeForChangedRowCount(SQLiteSession.java:778)", "10-02 00:00:59.404 10787 12865 W FontLog : \tat android.database.sqlite.SQLiteStatement.executeUpdateDelete(SQLiteStatement.java:67)", "10-02 00:00:59.404 10787 12865 W FontLog : \tat android.database.sqlite.SQLiteDatabase.executeSql(SQLiteDatabase.java:2207)", "10-02 00:00:59.404 10787 12865 W FontLog : \tat android.database.sqlite.SQLiteDatabase.execSQL(SQLiteDatabase.java:2183)", "10-02 00:00:59.404 10787 12865 W FontLog : \tat bbkg.run(:com.google.android.gms@242335041@24.23.35 (190800-646585959):57)", "10-02 00:00:59.404 10787 12865 W FontLog : \tat angs.c(:com.google.android.gms@242335041@24.23.35 (190800-646585959):50)", "10-02 00:00:59.404 10787 12865 W FontLog : \tat angs.run(:com.google.android.gms@242335041@24.23.35 (190800-646585959):76)", "10-02 00:00:59.404 10787 12865 W FontLog : \tat java.util.concurrent.ThreadPoolExecutor.runWorker(ThreadPoolExecutor.java:1145)", "--", "10-02 00:01:04.493 10787 11555 I ChimeraSrvcProxy: NullBinder for android.net.action.RECOMMEND_NETWORKS triggering remote TransactionTooLargeException due to Service without Chimera impl", "10-02 00:01:04.493 10787 11555 W .gms.persistent: Large reply transaction of 1056768 bytes, interface descriptor , code 1", "10-02 00:01:04.502 10317 10465 D InetDiagMessage: Destroyed 0 sockets, proto=IPPROTO_TCP, family=AF_INET, states=14", "10-02 00:01:04.503 10317 10465 D InetDiagMessage: Destroyed 0 sockets, proto=IPPROTO_TCP, family=AF_INET6, states=14", "10-02 00:01:04.503 10317 10465 D InetDiagMessage: Destroyed live tcp sockets for uids={10151} in 1ms", "10-02 00:01:04.503 10317 10465 D InetDiagMessage: Destroyed 0 sockets, proto=IPPROTO_TCP, family=AF_INET, states=14", "10-02 00:01:04.504 10317 10465 D InetDiagMessage: Destroyed 0 sockets, proto=IPPROTO_TCP, family=AF_INET6, states=14", "10-02 00:01:04.504 10317 10465 D InetDiagMessage: Destroyed live tcp sockets for uids={20151} in 1ms", "10-02 00:01:04.583 10317 11550 D CompatChangeReporter: Compat change id reported: 261072174; UID 10145; state: ENABLED", "10-02 00:01:04.667 10317 10406 D ActivityManager: freezing 12125 com.google.android.settings.intelligence", "10-02 00:01:04.669 10317 10465 D InetDiagMessage: Destroyed 0 sockets, proto=IPPROTO_TCP, family=AF_INET, states=14", "10-02 00:01:04.669 10317 10465 D InetDiagMessage: Destroyed 0 sockets, proto=IPPROTO_TCP, family=AF_INET6, states=14", "10-02 00:01:04.669 10317 10465 D InetDiagMessage: Destroyed live tcp sockets for uids={10140} in 1ms", "--", "10-02 00:01:07.495 10787 10802 I ChimeraSrvcProxy: NullBinder for android.net.action.RECOMMEND_NETWORKS triggering remote TransactionTooLargeException due to Service without Chimera impl", "10-02 00:01:07.495 10787 10802 W .gms.persistent: Large reply transaction of 1056768 bytes, interface descriptor , code 1", "10-02 00:01:07.551 11280 13181 I Authzen : [DeviceStateSyncManager] The server is in sync with current state. Nothing to do", "10-02 00:01:09.473 13020 13026 W l.process.webui: ApkAssets: Deleting an ApkAssets object '<empty> and /data/app/~~ZnsDMXXheYocBM0iHsdEMQ==/com.google.android.webview-TQFvFAZga0a_-gO-1bgtAg==/WebViewGoogle.apk' with 2 weak references", "10-02 00:01:09.473 13020 13026 W System  : A resource failed to call close. ", "10-02 00:01:09.473 13020 13026 W System  : A resource failed to call close. ", "10-02 00:01:09.518 10317 10406 D ActivityManager: freezing 12615 com.google.android.webview:webview_service", "10-02 00:01:09.519 10317 10465 D InetDiagMessage: Destroyed 0 sockets, proto=IPPROTO_TCP, family=AF_INET, states=14", "10-02 00:01:09.519 10317 10465 D InetDiagMessage: Destroyed 0 sockets, proto=IPPROTO_TCP, family=AF_INET6, states=14", "10-02 00:01:09.519 10317 10465 D InetDiagMessage: Destroyed live tcp sockets for uids={10151} in 1ms", "10-02 00:01:10.520 10317 10352 D OomAdjuster: Not killing cached processes", "10-02 00:01:12.452 11280 11280 I NearbySharing: SharingTileService destroyed [CONTEXT service_id=194 ]", "10-02 00:01:12.457 10787 10796 W .gms.persistent: Missing inline cache for fowt anht.k(android.content.Context, boolean, int, java.lang.Integer, anic, eqdz)"]}
{"check":"console-errors","result":["--------- beginning of main", "10-02 00:00:59.365 13111 13139 W chromium: [WARNING:runtime_features.cc(694)] SharedStorage for M118+ cannot be enabled in this configuration. Use --enable-features=SharedStorageAPI,SharedStorageAPIM118 in addition.", "10-02 00:00:59.512 13111 13139 I chromium: [INFO:viewport_data.cc(133)] E2E_Used ViewportFitCover", "10-02 00:00:59.558 13020 13020 I chromium: [INFO:CONSOLE(53)] \"Injecting <script> tag. Using callback.\", source:  (53)"]}
{"check":"first-frame-warm","result":{"url":"https://mui.kernelsu.org/index.html","socket":"webview_devtools_remote_13020","value":{"firstFrameMs":415,"now":15052,"flutter":true,"resizes":[],"paint":{"first-paint":790,"first-contentful-paint":790},"calls":[[43,"at-preload","ksu:undefined webui:undefined"],[46,"ksu-defined"],[54,"wrap-failed","exec"],[54,"wrap-failed","spawn"],[55,"wrap-failed","moduleInfo"],[56,"wrap-failed","fullScreen"],[58,"wrap-failed","toast"]],"resources":[["/internal/insets.css",39,59,"link",0],["/flutter_webui.css",39,61,"link",0],["/flutter_webui.js",39,61,"script",0],["/flutter_bootstrap.js",39,64,"script",0],["/internal/assets/ext/require.js",39,60,"script",0],["/canvaskit/chromium/canvaskit.wasm",117,156,"fetch",0],["/canvaskit/chromium/canvaskit.js",117,130,"other",0],["/main.dart.js",118,156,"script",0],["/assets/FontManifest.json",341,357,"fetch",0],["/assets/fonts/MaterialIcons-Regular.otf",358,367,"fetch",0],["/assets/packages/cupertino_icons/assets/CupertinoIcons.ttf",359,365,"fetch",0],["/assets/fonts/fallback/Roboto-Regular.ttf",359,367,"fetch",0],["/favicon.ico",359,362,"other",0]],"marks":[["flutter_webui:register",370],["flutter_webui:registered",372],["flutter_webui:first-frame",415]],"measures":[],"fonts":[]}}}
{"check":"root-start","result":{"url":"https://mui.kernelsu.org/index.html","socket":"webview_devtools_remote_13020","value":{"code":0,"out":"","err":"","ms":87}}}
{"check":"session","result":{"url":"https://mui.kernelsu.org/index.html","socket":"webview_devtools_remote_13020","value":{"status":200,"ms":14,"protocol":1,"version":"0.1.0","port":37245,"pid":13247,"tokenLen":43}}}
{"check":"ws-hello","result":{"url":"https://mui.kernelsu.org/index.html","socket":"webview_devtools_remote_13020","value":{"first":"{\"op\":\"hello\",\"protocol\":1,\"version\":\"0.1.0\",\"pid\":13247,\"boot\":\"8fe6134b-4a9d-4bda-bbde-d9e2c5a15a51\",\"uid\":0,\"moduleDir\":\"/data/adb/modules/flutter_webui_counter\"}"}}}
{"check":"channel-process","result":"USER           UID LABEL                            PID NAME                       \nroot             0 u:r:ksu:s0                     13247 ld-linux-x86-64.so.2\nexe=/data/adb/modules/flutter_webui_counter/flutter_webui/x86_64/ld-linux-x86-64.so.2\n/data/adb/modules/flutter_webui_counter/flutter_webui/x86_64/ld-linux-x86-64.so.2 --library-path /data/adb/modules/flutter_webui_counter/flutter_webui/x86_64 /data/adb/modules/flutter_webui_counter/flutter_webui/x86_64/dartaotruntime /data/adb/modules/flutter_webui_counter/flutter_webui/x86_64/flutter_webui_root.aot serve --module-dir /data/adb/modules/flutter_webui_counter \narm64-v8a\nroot\nx86_64\n/data/adb/modules/flutter_webui_counter/flutter_webui/arm64-v8a:\ndartaotruntime\nflutter_webui_root.aot\nld-linux-aarch64.so.1\nlibc.so.6\nlibdl.so.2\nlibm.so.6\nlibpthread.so.0\n\n/data/adb/modules/flutter_webui_counter/flutter_webui/x86_64:\ndartaotruntime\nflutter_webui_root.aot\nld-linux-x86-64.so.2\nlibc.so.6\nlibdl.so.2\nlibm.so.6\nlibpthread.so.0"}
{"check":"root-log","result":"2026-10-02T00:01:31.036761 listening on 127.0.0.1:37245"}
{"check":"session-mode","result":"total 44\ndrwx--x--x 3 root root 4096 2026-10-02 00:01 .\ndrwxr-xr-x 7 root root 4096 2026-10-02 00:01 ..\n-rw------- 1 root root    0 2026-10-02 00:01 lock\ndrwx------ 2 root root 4096 2026-10-02 00:01 proc\n-rw------- 1 root root   56 2026-10-02 00:01 root.log\n-rw-r--r-- 1 root root  197 2026-10-02 00:01 session.json"}
{"check":"home-resume","result":{"url":"https://mui.kernelsu.org/index.html","socket":"webview_devtools_remote_13020","value":{"events":[["visibilitychange","hidden",15970],["visibilitychange","visible",23057]],"ticks":13,"vis":"visible","hasFocus":false}}}
{"check":"before-back","result":{"url":"https://mui.kernelsu.org/index.html","socket":"webview_devtools_remote_13020","value":{"historyLength":1,"historyState":"{\"flutter\":true}","href":"https://mui.kernelsu.org/index.html","typeofWebui":"object","typeofWebuiExit":"function","typeofKsuExit":"undefined","webuiKeys":["exit","getAdditionalConfig","getApplication","getCurrentApplication","getCurrentRootManager","isDebug","openFile","setRefreshing","setRefreshingEnabled","startActivity"],"wrapped":"not writable"}}}
{"check":"back-events","result":{"error":"no page target","sockets":[],"targets":[]}}
{"check":"back-console","result":["10-02 00:01:42.082 10317 10727 I ActivityManager: Killing 13111:com.google.android.webview:sandboxed_process0:org.chromium.content.app.SandboxedProcessService0:0/u0a210i1 (adj 0): isolated not needed"]}
{"check":"back-at-root","result":"topResumedActivity=ActivityRecord{cc1ba48 u0 com.google.android.apps.nexuslauncher/.NexusLauncherActivity t12}"}
Starting: Intent { cmp=com.dergoogler.mmrl.wx/.ui.activity.webui.WebUIActivity (has extras) }
Status: ok
Activity: com.dergoogler.mmrl.wx/.ui.activity.webui.WebUIActivity
https://mui.kernelsu.org/index.html
opened: intent
{"check":"targets","result":[{"type": "page", "url": "https://mui.kernelsu.org/index.html", "title": "Flutter Demo"}]}
{"check":"page","result":{"url":"https://mui.kernelsu.org/index.html","socket":"webview_devtools_remote_13369","value":{"href":"https://mui.kernelsu.org/index.html","title":"Flutter Demo","ready":"complete","flutter":true,"glass":true,"nav":{"dcl":141,"load":389},"paint":{"first-paint":1184,"first-contentful-paint":1184},"glassAt":"present","firstFrame":null,"insets":"24px","vv":[320,640,1]}}}
{"check":"java-exceptions","result":["10-02 00:01:59.748 10787 11282 W GLSUser : \tat etvr.s(:com.google.android.gms@242335041@24.23.35 (190800-646585959):21)", "10-02 00:01:59.748 10787 11282 W GLSUser : \tat etvr.get(:com.google.android.gms@242335041@24.23.35 (190800-646585959):10)", "10-02 00:01:59.748 10787 11282 W GLSUser : \tat yfw.b(:com.google.android.gms@242335041@24.23.35 (190800-646585959):477)", "10-02 00:01:59.748 10787 11282 W GLSUser : \tat yfu.b(:com.google.android.gms@242335041@24.23.35 (190800-646585959):31)", "10-02 00:01:59.748 10787 11282 W GLSUser : \tat yfp.a(:com.google.android.gms@242335041@24.23.35 (190800-646585959):1)", "10-02 00:01:59.748 10787 11282 W GLSUser : \tat yfs.a(:com.google.android.gms@242335041@24.23.35 (190800-646585959):58)", "10-02 00:01:59.748 10787 11282 W GLSUser : \tat uou.call(:com.google.android.gms@242335041@24.23.35 (190800-646585959):56)", "10-02 00:01:59.748 10787 11282 W GLSUser : \tat java.util.concurrent.FutureTask.run(FutureTask.java:264)", "10-02 00:01:59.748 10787 11282 W GLSUser : \tat angs.c(:com.google.android.gms@242335041@24.23.35 (190800-646585959):50)", "10-02 00:01:59.748 10787 11282 W GLSUser : \tat angs.run(:com.google.android.gms@242335041@24.23.35 (190800-646585959):76)", "10-02 00:01:59.748 10787 11282 W GLSUser : \tat java.util.concurrent.ThreadPoolExecutor.runWorker(ThreadPoolExecutor.java:1145)", "10-02 00:01:59.748 10787 11282 W GLSUser : \tat java.util.concurrent.ThreadPoolExecutor$Worker.run(ThreadPoolExecutor.java:644)", "--", "10-02 00:01:59.748 10787 11282 W GLSUser : Caused by: bpcw: Parse Proto Exception with response code 400", "10-02 00:01:59.748 10787 11282 W GLSUser : \tat bpdw.b(:com.google.android.gms@242335041@24.23.35 (190800-646585959):80)", "10-02 00:01:59.748 10787 11282 W GLSUser : \tat bpgb.e(:com.google.android.gms@242335041@24.23.35 (190800-646585959):17)", "10-02 00:01:59.748 10787 11282 W GLSUser : \tat bpgp.onSucceeded(:com.google.android.gms@242335041@24.23.35 (190800-646585959):7)", "10-02 00:01:59.748 10787 11282 W GLSUser : \tat m.mw.onSucceeded(:com.google.android.gms.dynamite_cronetdynamite@242335041@24.23.35 (190800-0):3)", "10-02 00:01:59.748 10787 11282 W GLSUser : \tat m.lt.run(:com.google.android.gms.dynamite_cronetdynamite@242335041@24.23.35 (190800-0):25)", "10-02 00:01:59.748 10787 11282 W GLSUser : \t... 6 more", "10-02 00:01:59.748 10787 11282 W GLSUser : Caused by: fkhe: Protocol message contained an invalid tag (zero).", "10-02 00:01:59.748 10787 11282 W GLSUser : \tat fkea.k(:com.google.android.gms@242335041@24.23.35 (190800-646585959):39)", "10-02 00:01:59.748 10787 11282 W GLSUser : \tat fkid.c(:com.google.android.gms@242335041@24.23.35 (190800-646585959):309)", "10-02 00:01:59.748 10787 11282 W GLSUser : \tat fkid.i(:com.google.android.gms@242335041@24.23.35 (190800-646585959):8)", "10-02 00:01:59.748 10787 11282 W GLSUser : \tat fkgi.fe(:com.google.android.gms@242335041@24.23.35 (190800-646585959):25)", "10-02 00:01:59.748 10787 11282 W GLSUser : \tat fkgc.g(:com.google.android.gms@242335041@24.23.35 (190800-646585959):3)", "--", "10-02 00:02:01.583 10787 11380 I ChimeraSrvcProxy: NullBinder for android.net.action.RECOMMEND_NETWORKS triggering remote TransactionTooLargeException due to Service without Chimera impl", "10-02 00:02:01.584 10787 11380 W .gms.persistent: Large reply transaction of 1056768 bytes, interface descriptor , code 1", "10-02 00:02:01.858 11280 11280 D BoundBrokerSvc: onUnbind: Intent { act=com.google.android.gms.safetynet.service.START pkg=com.google.android.gms }", "10-02 00:02:01.883 10250 10250 I netd    : tetherGetStats() -> {[]} <0.50ms>", "10-02 00:02:02.782 13546 13546 W BpBinder: Linking to death on android.gui.ISurfaceComposer but there are no threads (yet?) listening to incoming transactions. See ProcessState::startThreadPool and ProcessState::setThreadPoolMaxThreadCount. Generally you should setup the binder threadpool before other initialization steps.", "10-02 00:02:02.782 13546 13546 W ProcessState: Extra binder thread started, but 0 threads requested. Do not use *startThreadPool when zero threads are requested.", "10-02 00:02:02.789   172   172 I hwservicemanager: getTransport: Cannot find entry android.hardware.graphics.mapper@4.0::IMapper/default in either framework or device VINTF manifest.", "10-02 00:02:02.789 13546 13547 I Gralloc4: mapper 4.x is not supported", "10-02 00:02:02.940     0     0 I servicemanager: Caller(pid=13546,uid=0,sid=u:r:su:s0) Could not find android.hardware.graphics.allocator.IAllocator/default in the VINTF manifest. No alternative instances declared in VINTF.", "10-02 00:02:03.036 13369 13369 W ThreadPoolForeg: type=1400 audit(0.0:266): avc:  denied  { getattr } for  path=\"/data/adb\" dev=\"dm-46\" ino=319489 scontext=u:r:untrusted_app:s0:c210,c256,c512,c768 tcontext=u:object_r:adb_data_file:s0 tclass=dir permissive=0 app=com.dergoogler.mmrl.wx", "10-02 00:02:03.036 13369 13369 W ThreadPoolForeg: type=1400 audit(0.0:267): avc:  denied  { getattr } for  path=\"/data/adb\" dev=\"dm-46\" ino=319489 scontext=u:r:untrusted_app:s0:c210,c256,c512,c768 tcontext=u:object_r:adb_data_file:s0 tclass=dir permissive=0 app=com.dergoogler.mmrl.wx", "10-02 00:02:03.036 13369 13369 W ThreadPoolForeg: type=1400 audit(0.0:268): avc:  denied  { getattr } for  path=\"/data/adb\" dev=\"dm-46\" ino=319489 scontext=u:r:untrusted_app:s0:c210,c256,c512,c768 tcontext=u:object_r:adb_data_file:s0 tclass=dir permissive=0 app=com.dergoogler.mmrl.wx", "10-02 00:02:03.044 13369 13369 W ThreadPoolForeg: type=1400 audit(0.0:269): avc:  denied  { getattr } for  path=\"/data/adb\" dev=\"dm-46\" ino=319489 scontext=u:r:untrusted_app:s0:c210,c256,c512,c768 tcontext=u:object_r:adb_data_file:s0 tclass=dir permissive=0 app=com.dergoogler.mmrl.wx"]}
{"check":"console-errors","result":["--------- beginning of main", "10-02 00:01:46.576 13369 13459 I chromium: [1002/000146.575766:INFO:variations_seed_loader.cc(66)] Failed to open file for reading.: No such file or directory (2)", "10-02 00:01:46.663 13369 13479 E chromium: [ERROR:simple_file_enumerator.cc(21)] opendir /data/user/0/com.dergoogler.mmrl.wx/cache/WebView/Default/HTTP Cache/Code Cache/js: No such file or directory (2)", "10-02 00:01:46.663 13369 13479 E chromium: [ERROR:simple_index_file.cc(614)] Could not reconstruct index from disk", "10-02 00:01:46.737 13463 13481 W chromium: [WARNING:runtime_features.cc(694)] SharedStorage for M118+ cannot be enabled in this configuration. Use --enable-features=SharedStorageAPI,SharedStorageAPIM118 in addition.", "10-02 00:01:46.947 13369 13369 I chromium: [INFO:CONSOLE(53)] \"Injecting <script> tag. Using callback.\", source:  (53)"]}
{"check":"first-frame-warm","result":{"url":"https://mui.kernelsu.org/index.html","socket":"webview_devtools_remote_13369","value":{"firstFrameMs":384,"now":15048,"flutter":true,"resizes":[],"paint":{"first-paint":902,"first-contentful-paint":902},"calls":[[31,"at-preload","ksu:undefined webui:undefined"],[33,"ksu-defined"],[38,"wrap-failed","exec"],[42,"wrap-failed","spawn"],[48,"wrap-failed","moduleInfo"],[49,"wrap-failed","fullScreen"],[49,"wrap-failed","toast"]],"resources":[["/flutter_bootstrap.js",28,51,"script",0],["/internal/assets/ext/require.js",28,51,"script",0],["/canvaskit/chromium/canvaskit.wasm",82,144,"fetch",0],["/canvaskit/chromium/canvaskit.js",82,101,"other",0],["/main.dart.js",83,119,"script",0],["/assets/FontManifest.json",318,328,"fetch",0],["/favicon.png",324,331,"other",0],["/assets/fonts/MaterialIcons-Regular.otf",329,337,"fetch",0],["/assets/packages/cupertino_icons/assets/CupertinoIcons.ttf",330,335,"fetch",0],["/assets/fonts/fallback/Roboto-Regular.ttf",330,338,"fetch",0],["/favicon.png",821,830,"other",0]],"marks":[],"measures":[],"fonts":[]}}}
Starting: Intent { cmp=com.dergoogler.mmrl.wx/.ui.activity.webui.WebUIActivity (has extras) }
Status: ok
Activity: com.dergoogler.mmrl.wx/.ui.activity.webui.WebUIActivity
https://mui.kernelsu.org/index.html
opened: intent
{"check":"targets","result":[{"type": "page", "url": "https://mui.kernelsu.org/index.html", "title": "Demo"}]}
{"check":"page","result":{"url":"https://mui.kernelsu.org/index.html","socket":"webview_devtools_remote_13592","value":{"href":"https://mui.kernelsu.org/index.html","title":"Demo","ready":"complete","flutter":true,"glass":true,"nav":{"dcl":206,"load":613},"paint":{"first-paint":1135,"first-contentful-paint":2276},"glassAt":"present","firstFrame":null,"insets":"24px","vv":[320,640,1]}}}
{"check":"java-exceptions","result":["10-02 00:02:19.868 10787 10839 W FontLog : \tat angs.c(:com.google.android.gms@242335041@24.23.35 (190800-646585959):50)", "10-02 00:02:19.868 10787 10839 W FontLog : \tat angs.run(:com.google.android.gms@242335041@24.23.35 (190800-646585959):76)", "10-02 00:02:19.868 10787 10839 W FontLog : \tat java.util.concurrent.ThreadPoolExecutor.runWorker(ThreadPoolExecutor.java:1145)", "10-02 00:02:19.868 10787 10839 W FontLog : \tat java.util.concurrent.ThreadPoolExecutor$Worker.run(ThreadPoolExecutor.java:644)", "10-02 00:02:19.868 10787 10839 W FontLog : \tat anmg.run(:com.google.android.gms@242335041@24.23.35 (190800-646585959):8)", "10-02 00:02:19.868 10787 10839 W FontLog : \tat java.lang.Thread.run(Thread.java:1012)", "10-02 00:02:19.868 13592 13592 D HybridWebUI: Added interface $DeFile", "10-02 00:02:19.868 10787 11562 I FontLog : Pulling font file for id = 21, cache size = 7 [CONTEXT service_id=132 ]", "--", "10-02 00:02:19.874 13592 13592 E JavaScriptInterfaceImplementation.createNewWX(...): java.lang.NoSuchMethodException: com.dergoogler.mmrl.hybridwebui.interfaces.prebuilt.FileChooserInterface.<init> [class com.dergoogler.mmrl.webui.interfaces.WXOptions]", "10-02 00:02:19.874 13592 13592 E JavaScriptInterfaceImplementation.createNewWX(...): \tat java.lang.Class.getConstructor0(Class.java:3395)", "10-02 00:02:19.874 13592 13592 E JavaScriptInterfaceImplementation.createNewWX(...): \tat java.lang.Class.getDeclaredConstructor(Class.java:3077)", "10-02 00:02:19.874 13592 13592 E JavaScriptInterfaceImplementation.createNewWX(...): \tat com.dergoogler.mmrl.ext.JavaScriptInterfaceExtKt.createNewWX(JavaScriptInterfaceExt.kt:16)", "10-02 00:02:19.874 13592 13592 E JavaScriptInterfaceImplementation.createNewWX(...): \tat com.dergoogler.mmrl.webui.view.WebUIView.addJavascriptInterface(WebUIView.kt:267)", "10-02 00:02:19.874 13592 13592 E JavaScriptInterfaceImplementation.createNewWX(...): \tat com.dergoogler.mmrl.wx.ui.activity.webui.WebUIActivity.init$lambda$4$lambda$3$lambda$2(WebUIActivity.kt:219)", "10-02 00:02:19.874 13592 13592 E JavaScriptInterfaceImplementation.createNewWX(...): \tat com.dergoogler.mmrl.wx.ui.activity.webui.WebUIActivity.$r8$lambda$_nZAC8A9f41jkM28VFfiLo2SZbA(Unknown Source:0)", "10-02 00:02:19.874 13592 13592 E JavaScriptInterfaceImplementation.createNewWX(...): \tat com.dergoogler.mmrl.wx.ui.activity.webui.WebUIActivity$$ExternalSyntheticLambda2.invoke(D8$$SyntheticClass:0)", "10-02 00:02:19.874 13592 13592 E JavaScriptInterfaceImplementation.createNewWX(...): \tat com.dergoogler.mmrl.hybridwebui.HybridWebUI.setupDependencies(HybridWebUI.kt:106)", "10-02 00:02:19.874 13592 13592 E JavaScriptInterfaceImplementation.createNewWX(...): \tat com.dergoogler.mmrl.hybridwebui.HybridWebUI.onAttachedToWindow(HybridWebUI.kt:77)", "10-02 00:02:19.874 13592 13592 E JavaScriptInterfaceImplementation.createNewWX(...): \tat android.view.View.dispatchAttachedToWindow(View.java:22860)", "10-02 00:02:19.874 13592 13592 E JavaScriptInterfaceImplementation.createNewWX(...): \tat android.view.ViewGroup.dispatchAttachedToWindow(ViewGroup.java:3492)", "10-02 00:02:19.874 13592 13592 E JavaScriptInterfaceImplementation.createNewWX(...): \tat android.view.ViewGroup.dispatchAttachedToWindow(ViewGroup.java:3499)", "10-02 00:02:19.874 13592 13592 E JavaScriptInterfaceImplementation.createNewWX(...): \tat android.view.ViewGroup.dispatchAttachedToWindow(ViewGroup.java:3499)", "10-02 00:02:19.874 13592 13592 E JavaScriptInterfaceImplementation.createNewWX(...): \tat android.view.ViewGroup.dispatchAttachedToWindow(ViewGroup.java:3499)", "10-02 00:02:19.874 13592 13592 E JavaScriptInterfaceImplementation.createNewWX(...): \tat android.view.ViewGroup.dispatchAttachedToWindow(ViewGroup.java:3499)", "10-02 00:02:19.874 13592 13592 E JavaScriptInterfaceImplementation.createNewWX(...): \tat android.view.ViewGroup.dispatchAttachedToWindow(ViewGroup.java:3499)", "--", "10-02 00:02:22.617 10787 10802 I ChimeraSrvcProxy: NullBinder for android.net.action.RECOMMEND_NETWORKS triggering remote TransactionTooLargeException due to Service without Chimera impl", "10-02 00:02:22.617 10787 10802 W .gms.persistent: Large reply transaction of 1056768 bytes, interface descriptor , code 1", "10-02 00:02:22.647 10317 11147 E TaskPersister: File error accessing recents directory (directory doesn't exist?).", "10-02 00:02:22.857 13749 13749 W BpBinder: Linking to death on android.gui.ISurfaceComposer but there are no threads (yet?) listening to incoming transactions. See ProcessState::startThreadPool and ProcessState::setThreadPoolMaxThreadCount. Generally you should setup the binder threadpool before other initialization steps.", "10-02 00:02:22.857 13749 13749 W ProcessState: Extra binder thread started, but 0 threads requested. Do not use *startThreadPool when zero threads are requested.", "10-02 00:02:22.864   172   172 I hwservicemanager: getTransport: Cannot find entry android.hardware.graphics.mapper@4.0::IMapper/default in either framework or device VINTF manifest.", "10-02 00:02:22.864 13749 13750 I Gralloc4: mapper 4.x is not supported", "10-02 00:02:23.015     0     0 I servicemanager: Caller(pid=13749,uid=0,sid=u:r:su:s0) Could not find android.hardware.graphics.allocator.IAllocator/default in the VINTF manifest. No alternative instances declared in VINTF.", "10-02 00:02:23.193 11300 11300 I BugleDataModel: ActionExecutorImpl: Starting ActionService", "10-02 00:02:23.197 11300 11300 I BugleDataModel: ActionExecutorImpl: ACTION_EXECUTE_QUEUED_CountryCodeDetectorAction", "10-02 00:02:23.197 11300 11300 I BugleDataModel: ActionExecutorImpl: ACTION_EXECUTE_QUEUED_SelfParticipantsRefreshAction", "10-02 00:02:23.197 11300 13751 I BugleDataModel: ExecuteActionRunnable: running action CountryCodeDetectorAction", "10-02 00:02:23.198 11300 13751 I BugleDataModel: ActionExecutorImpl: ACTION_BACKGROUND_QUEUED_CountryCodeDetectorAction"]}
{"check":"console-errors","result":["--------- beginning of main", "10-02 00:02:19.607 13592 13679 I chromium: [1002/000219.606729:INFO:variations_seed_loader.cc(66)] Failed to open file for reading.: No such file or directory (2)", "10-02 00:02:19.839 13684 13711 W chromium: [WARNING:runtime_features.cc(694)] SharedStorage for M118+ cannot be enabled in this configuration. Use --enable-features=SharedStorageAPI,SharedStorageAPIM118 in addition.", "10-02 00:02:19.947 13684 13711 I chromium: [INFO:viewport_data.cc(133)] E2E_Used ViewportFitCover", "10-02 00:02:20.037 13684 13711 I chromium: [INFO:viewport_data.cc(133)] E2E_Used ViewportFitCover", "10-02 00:02:20.138 13592 13592 I chromium: [INFO:CONSOLE(53)] \"Injecting <script> tag. Using callback.\", source:  (53)"]}
{"check":"first-frame-warm","result":{"url":"https://mui.kernelsu.org/index.html","socket":"webview_devtools_remote_13592","value":{"firstFrameMs":542,"now":15009,"flutter":true,"resizes":[],"paint":{"first-paint":1096,"first-contentful-paint":1096},"calls":[[62,"at-preload","ksu:undefined webui:undefined"],[71,"ksu-defined"],[72,"wrap-failed","exec"],[73,"wrap-failed","spawn"],[73,"wrap-failed","moduleInfo"],[73,"wrap-failed","fullScreen"],[74,"wrap-failed","toast"]],"resources":[["/internal/insets.css",48,69,"link",0],["/internal/colors.css",48,67,"link",0],["/flutter_webui.css",48,74,"link",0],["/flutter_webui.js",48,75,"script",0],["/flutter_bootstrap.js",48,82,"script",0],["/internal/assets/ext/require.js",49,75,"script",0],["/canvaskit/chromium/canvaskit.wasm",121,154,"fetch",0],["/canvaskit/chromium/canvaskit.js",121,129,"other",0],["/main.dart.js",122,170,"script",0],["/assets/FontManifest.json",396,413,"fetch",0],["/favicon.ico",405,408,"other",0],["/assets/fonts/MaterialIcons-Regular.otf",414,422,"fetch",0],["/assets/fonts/fallback/Roboto-Regular.ttf",414,422,"fetch",0],["/internal/colors.css",434,1091,"fetch",0],["/pkg/demo_native.js",1092,1168,"fetch",0]],"marks":[["flutter_webui:register",426],["flutter_webui:registered",427],["flutter_webui:register",429],["flutter_webui:registered",429],["flutter_webui:first-frame",542]],"measures":[],"fonts":[]}}}
{"url":"https://mui.kernelsu.org/index.html","socket":"webview_devtools_remote_13592","value":"semantics on"}
{"check":"home","result":{"url":"https://mui.kernelsu.org/index.html","socket":"webview_devtools_remote_13592","value":["Squadron","Process","native","net","Say hello","Count to 5","SHA-256","Demo pages\nOne page per thing the stack promises.","Places","Strategy","Rust","Lifecycle","Shell","Plugins"]}}
{"check":"colors-css","result":{"url":"https://mui.kernelsu.org/index.html","socket":"webview_devtools_remote_13592","value":{"status":200,"type":"text/css","body":":root {\n\t/* App Base Colors */\n\t--background: #faf8ffff;\n\t--error: #b3261eff;\n\t--errorContainer: #f9dedcff;\n\t--inverseOnSurface: #e3e2e9ff;\n\t--inversePrimary: #b2c5ffff;\n\t--inverseSurface: #121318ff;\n\t--onBackground: #1a1b21ff;\n\t--onError: #ffffffff;\n\t--onErrorContainer: #410e0bff;\n\t--onPrimary: #ffffffff;\n\t--onPrimaryContainer: #001849ff;\n\t--onSecondary: #ffffffff;\n\t--onSecondaryContainer: #151b2cff;\n\t--onSurface: #1a1b21ff;\n\t--onSurfaceVariant: #45464fff;\n\t--onTertiary: #ffffffff;\n\t--onTertiaryContainer: #2b122bff;\n\t--outline: #757780ff;\n\t--outlineVariant: #c5c6d0ff;\n\t--primary: #495d92ff;\n\t--primaryContainer: #dae2ffff;\n\t--scrim: #000000ff;\n\t--secondary: #585e71ff;\n\t--secondaryContainer: #dde2f9ff;\n\t--surface: #faf8ffff;\n\t--tonalSurface: #f1f0f9ff;\n\t--surfaceBright: #faf8ffff;\n\t--surfaceContainer: #eeedf4ff;\n\t--surfaceContainerHigh: #e8e7efff;\n\t--surfaceContainerHighest: #e3e2e9ff;\n\t--surfaceContainerLow: #f4f3faff;\n\t--surfaceContainerLowest: #ffffffff;\n\t--surfaceDim: #dad9e0ff;\n\t--surfaceTint: #495d92ff;\n\t--surfaceVariant: #e1e2ecff;\n\t--tertiary: #735471ff;\n\t--tertiaryContainer: #fed6f9ff;\n\t/* Filled Tonal Button Colors */\n\t--filledTonalButtonContainerColor: #dde2f9ff;\n\t--filledTonalButtonContentColor: #151b2cff;\n\t--filledTonalButtonDisabledContainerColor: #1a1b211f;\n\t--filledTonalButtonDisabledContentColor: #1a1b2161;\n\t/* Filled Card Colors */\n\t--filledCardContainerColor: #e3e2e9ff;\n\t--filledCardContentColor: #1a1b21ff;\n\t--filledCardDisabledContainerColor: #e2e2eaff;\n\t--"}}}
{"check":"wasm-at-home","result":{"url":"https://mui.kernelsu.org/index.html","socket":"webview_devtools_remote_13592","value":{"wasm":[{"name":"chromium/canvaskit.wasm","start":121,"dur":33}],"marks":[{"name":"flutter_webui:register","t":426},{"name":"flutter_webui:registered","t":427},{"name":"flutter_webui:register","t":429},{"name":"flutter_webui:registered","t":429},{"name":"flutter_webui:first-frame","t":542}],"measures":[],"now":18528}}}
{"check":"tap-places","result":{"url":"https://mui.kernelsu.org/index.html","socket":"webview_devtools_remote_13592","value":"tapped Places at 16,572 size 288x56 role button tappable"}}
{"check":"places","result":{"url":"https://mui.kernelsu.org/index.html","socket":"webview_devtools_remote_13592","value":["Back\nBack","One service, DemoService, opened in every place this build knows. Each place probes its own facts from inside; the page never guesses from the platform it was built for.","200k","1M","3M","Count primes in every place","Restart places","inline (the caller)\nkind: inline\nstart 247 ms, first facts() round trip 146 ms\nroot\ncheck: effective uid 0\nblock_devices\ncheck: a kernel-listed block device opens for reading\nusb.native\ncheck: /dev/bus/usb lists\nusb.web\ncheck: navigator.usb exists\nprocess.spawn\ncheck: a shell runs\nfs.persistent\ncheck: working dir writable, or storage persisted\nnet\ncheck: a non-loopback interface is up, or onLine\nnative\ncheck: null","worker (isolate or Web Worker)\nkind: web_worker\nstart 355 ms, first facts() round trip 40 ms\nroot\ncheck: effective uid 0\nblock_devices\ncheck: a kernel-listed block device opens for reading\nusb.native\ncheck: /dev/bus/usb lists\nusb.web\ncheck: navigator.usb exists\nprocess.spawn\ncheck: a shell runs\nfs.persistent\ncheck: working dir writable, or storage persisted\nnet\ncheck: a non-loopback interface is up, or onLine\nnative\ncheck: null","Places","Strategy","Rust","Lifecycle","Shell","Plugins"]}}
{"check":"places-scroll-1","result":{"url":"https://mui.kernelsu.org/index.html","socket":"webview_devtools_remote_13592","value":["Back\nBack","200k","1M","3M","Count primes in every place","Restart places","inline (the caller)\nkind: inline\nstart 247 ms, first facts() round trip 146 ms\nroot\ncheck: effective uid 0\nblock_devices\ncheck: a kernel-listed block device opens for reading\nusb.native\ncheck: /dev/bus/usb lists\nusb.web\ncheck: navigator.usb exists\nprocess.spawn\ncheck: a shell runs\nfs.persistent\ncheck: working dir writable, or storage persisted\nnet\ncheck: a non-loopback interface is up, or onLine\nnative\ncheck: null","worker (isolate or Web Worker)\nkind: web_worker\nstart 355 ms, first facts() round trip 40 ms\nroot\ncheck: effective uid 0\nblock_devices\ncheck: a kernel-listed block device opens for reading\nusb.native\ncheck: /dev/bus/usb lists\nusb.web\ncheck: navigator.usb exists\nprocess.spawn\ncheck: a shell runs\nfs.persistent\ncheck: working dir writable, or storage persisted\nnet\ncheck: a non-loopback interface is up, or onLine\nnative\ncheck: null","Places","Strategy","Rust","Lifecycle","Shell","Plugins"]}}
{"check":"places-scroll-2","result":{"url":"https://mui.kernelsu.org/index.html","socket":"webview_devtools_remote_13592","value":["Back\nBack","inline (the caller)\nkind: inline\nstart 247 ms, first facts() round trip 146 ms\nroot\ncheck: effective uid 0\nblock_devices\ncheck: a kernel-listed block device opens for reading\nusb.native\ncheck: /dev/bus/usb lists\nusb.web\ncheck: navigator.usb exists\nprocess.spawn\ncheck: a shell runs\nfs.persistent\ncheck: working dir writable, or storage persisted\nnet\ncheck: a non-loopback interface is up, or onLine\nnative\ncheck: null","worker (isolate or Web Worker)\nkind: web_worker\nstart 355 ms, first facts() round trip 40 ms\nroot\ncheck: effective uid 0\nblock_devices\ncheck: a kernel-listed block device opens for reading\nusb.native\ncheck: /dev/bus/usb lists\nusb.web\ncheck: navigator.usb exists\nprocess.spawn\ncheck: a shell runs\nfs.persistent\ncheck: working dir writable, or storage persisted\nnet\ncheck: a non-loopback interface is up, or onLine\nnative\ncheck: null","root process (the app CLI, serve mode)\nkind: process\nstart 251 ms, first facts() round trip 1 ms\nroot\ncheck: effective uid 0\nblock_devices\ncheck: a kernel-listed block device opens for reading\nusb.native\ncheck: /dev/bus/usb lists\nusb.web\ncheck: navigator.usb exists\nprocess.spawn\ncheck: a shell runs\nfs.persistent\ncheck: working dir writable, or storage persisted\nnet\ncheck: a non-loopback interface is up, or onLine\nnative\ncheck: null","Places","Strategy","Rust","Lifecycle","Shell","Plugins"]}}
{"check":"places-scroll-3","result":{"url":"https://mui.kernelsu.org/index.html","socket":"webview_devtools_remote_13592","value":["Back\nBack","worker (isolate or Web Worker)\nkind: web_worker\nstart 355 ms, first facts() round trip 40 ms\nroot\ncheck: effective uid 0\nblock_devices\ncheck: a kernel-listed block device opens for reading\nusb.native\ncheck: /dev/bus/usb lists\nusb.web\ncheck: navigator.usb exists\nprocess.spawn\ncheck: a shell runs\nfs.persistent\ncheck: working dir writable, or storage persisted\nnet\ncheck: a non-loopback interface is up, or onLine\nnative\ncheck: null","root process (the app CLI, serve mode)\nkind: process\nstart 251 ms, first facts() round trip 1 ms\nroot\ncheck: effective uid 0\nblock_devices\ncheck: a kernel-listed block device opens for reading\nusb.native\ncheck: /dev/bus/usb lists\nusb.web\ncheck: navigator.usb exists\nprocess.spawn\ncheck: a shell runs\nfs.persistent\ncheck: working dir writable, or storage persisted\nnet\ncheck: a non-loopback interface is up, or onLine\nnative\ncheck: null","Reference: one call and one stream per place\nsquadron_process doc/benchmark.md, a 4-vCPU VM. Not measured here; devicelab measures devices.\nCall: isolate 31 µs, Web Worker (dart2js) 120 µs, process 247 µs, process from the page 401 µs.\n64 KiB stream: isolate 3643 MiB/s, Web Worker 631 MiB/s, process link about 110 MiB/s.","Places","Strategy","Rust","Lifecycle","Shell","Plugins"]}}
{"check":"tap-strategy","result":{"url":"https://mui.kernelsu.org/index.html","socket":"webview_devtools_remote_13592","value":"tapped Strategy at 53,536 size 53x80 role tab tappable"}}
{"check":"strategy","result":{"url":"https://mui.kernelsu.org/index.html","socket":"webview_devtools_remote_13592","value":["Back\nBack","Objective: list the device's partitions. Strategies in preference order: on the device as root, then from a host over USB. The first one the place's facts allow runs; nothing reads kIsWeb or Platform.","Place","inline (the caller)","worker (isolate or Web Worker)","root process (the app CLI, serve mode)","Facts from inline (the caller)\nSwitch a fact off to see the fallback. You can only take facts away.\nroot\ncheck: effective uid 0\nblock_devices\ncheck: a kernel-listed block device opens for reading\nusb.native\ncheck: /dev/bus/usb lists\nusb.web\ncheck: navigator.usb exists\nprocess.spawn\ncheck: a shell runs\nfs.persistent\ncheck: working dir writable, or storage persisted\nnet\ncheck: a non-loopback interface is up, or onLine\nnative\ncheck: null","root","block_devices","usb.native","process.spawn","Places","Strategy","Rust","Lifecycle","Shell","Plugins"]}}
{"check":"tap-strategy-root","result":{"url":"https://mui.kernelsu.org/index.html","socket":"webview_devtools_remote_13592","value":"tapped root process at 24,358 size 272x48 role checkbox tappable"}}
{"check":"strategy-root","result":{"url":"https://mui.kernelsu.org/index.html","socket":"webview_devtools_remote_13592","value":["Back\nBack","Objective: list the device's partitions. Strategies in preference order: on the device as root, then from a host over USB. The first one the place's facts allow runs; nothing reads kIsWeb or Platform.","Place","inline (the caller)","worker (isolate or Web Worker)","root process (the app CLI, serve mode)","Facts from root process (the app CLI, serve mode)\nSwitch a fact off to see the fallback. You can only take facts away.\nroot\ncheck: effective uid 0\nblock_devices\ncheck: a kernel-listed block device opens for reading\nusb.native\ncheck: /dev/bus/usb lists\nusb.web\ncheck: navigator.usb exists\nprocess.spawn\ncheck: a shell runs\nfs.persistent\ncheck: working dir writable, or storage persisted\nnet\ncheck: a non-loopback interface is up, or onLine\nnative\ncheck: null","root","block_devices","usb.native","process.spawn","Places","Strategy","Rust","Lifecycle","Shell","Plugins"]}}
{"check":"strategy-root-scroll-1","result":{"url":"https://mui.kernelsu.org/index.html","socket":"webview_devtools_remote_13592","value":["Back\nBack","Place","inline (the caller)","worker (isolate or Web Worker)","root process (the app CLI, serve mode)","Facts from root process (the app CLI, serve mode)\nSwitch a fact off to see the fallback. You can only take facts away.\nroot\ncheck: effective uid 0\nblock_devices\ncheck: a kernel-listed block device opens for reading\nusb.native\ncheck: /dev/bus/usb lists\nusb.web\ncheck: navigator.usb exists\nprocess.spawn\ncheck: a shell runs\nfs.persistent\ncheck: working dir writable, or storage persisted\nnet\ncheck: a non-loopback interface is up, or onLine\nnative\ncheck: null","root","block_devices","usb.native","process.spawn","Chosen: on device (/proc/partitions as root)\non_device chosen","on device (/proc/partitions as root)\nneeds root + block_devices: has them","from host (fastboot getvar all)\nneeds usb.native + process.spawn: has them","Places","Strategy","Rust","Lifecycle","Shell","Plugins"]}}
{"check":"strategy-root-scroll-2","result":{"url":"https://mui.kernelsu.org/index.html","socket":"webview_devtools_remote_13592","value":["Back\nBack","Facts from root process (the app CLI, serve mode)\nSwitch a fact off to see the fallback. You can only take facts away.\nroot\ncheck: effective uid 0\nblock_devices\ncheck: a kernel-listed block device opens for reading\nusb.native\ncheck: /dev/bus/usb lists\nusb.web\ncheck: navigator.usb exists\nprocess.spawn\ncheck: a shell runs\nfs.persistent\ncheck: working dir writable, or storage persisted\nnet\ncheck: a non-loopback interface is up, or onLine\nnative\ncheck: null","usb.native","process.spawn","Chosen: on device (/proc/partitions as root)\non_device chosen","on device (/proc/partitions as root)\nneeds root + block_devices: has them","from host (fastboot getvar all)\nneeds usb.native + process.spawn: has them","Run on_device in process","Log\nEvery run: objective, strategy, place and the facts it saw.\nNothing has run yet.","Places","Strategy","Rust","Lifecycle","Shell","Plugins"]}}
{"check":"tap-rust","result":{"url":"https://mui.kernelsu.org/index.html","socket":"webview_devtools_remote_13592","value":"tapped Rust at 107,536 size 53x80 role tab tappable"}}
{"check":"rust","result":{"url":"https://mui.kernelsu.org/index.html","socket":"webview_devtools_remote_13592","value":["Back\nBack","The demo crate (rust/) counts the primes below 1000000 with the same loop as page 1's Dart. The service loads it in its own place through flutter_rust_bridge, so each place runs its own build.","Run in every place","inline (the caller)","Run here","worker (isolate or Web Worker)","Run here","root process (the app CLI, serve mode)","Run here","Places","Strategy","Rust","Lifecycle","Shell","Plugins"]}}
{"check":"tap-rust-run","result":{"url":"https://mui.kernelsu.org/index.html","socket":"webview_devtools_remote_13592","value":"tapped Run in every place at 16,196 size 288x48 role button tappable"}}
{"check":"rust-ran","result":{"url":"https://mui.kernelsu.org/index.html","socket":"webview_devtools_remote_13592","value":["Back\nBack","The demo crate (rust/) counts the primes below 1000000 with the same loop as page 1's Dart. The service loads it in its own place through flutter_rust_bridge, so each place runs its own build.","Run in every place","inline (the caller)\nBuilt for: wasm32-unknown (single-threaded)\nLoad: 84 ms (once per place, on its first Rust call; on the web that fetches and instantiates the wasm)\nRust 148 ms, Dart 1228 ms (same count: 78498)","Run here","worker (isolate or Web Worker)\nBuilt for: wasm32-unknown (single-threaded)\nLoad: 45 ms (once per place, on its first Rust call; on the web that fetches and instantiates the wasm)\nRust 212 ms, Dart 259 ms (same count: 78498)","Run here","root process (the app CLI, serve mode)\nBuilt for: x86_64-android\nLoad: 0 ms (once per place, on its first Rust call; on the web that fetches and instantiates the wasm)\nRust 139 ms, Dart 151 ms (same count: 78498)","Places","Strategy","Rust","Lifecycle","Shell","Plugins"]}}
{"check":"wasm-after-rust","result":{"url":"https://mui.kernelsu.org/index.html","socket":"webview_devtools_remote_13592","value":{"wasm":[{"name":"chromium/canvaskit.wasm","start":121,"dur":33},{"name":"pkg/demo_native_bg.wasm","start":81608,"dur":45}],"marks":[{"name":"flutter_webui:register","t":426},{"name":"flutter_webui:registered","t":427},{"name":"flutter_webui:register","t":429},{"name":"flutter_webui:registered","t":429},{"name":"flutter_webui:first-frame","t":542}],"measures":[],"now":102649}}}
{"check":"tap-rust-run-2","result":{"url":"https://mui.kernelsu.org/index.html","socket":"webview_devtools_remote_13592","value":"tapped Run in every place at 16,196 size 288x48 role button tappable"}}
{"check":"rust-ran-2","result":{"url":"https://mui.kernelsu.org/index.html","socket":"webview_devtools_remote_13592","value":["Back\nBack","The demo crate (rust/) counts the primes below 1000000 with the same loop as page 1's Dart. The service loads it in its own place through flutter_rust_bridge, so each place runs its own build.","Run in every place","inline (the caller)\nBuilt for: wasm32-unknown (single-threaded)\nLoad: 0 ms (once per place, on its first Rust call; on the web that fetches and instantiates the wasm)\nRust 133 ms, Dart 1236 ms (same count: 78498)","Run here","worker (isolate or Web Worker)\nBuilt for: wasm32-unknown (single-threaded)\nLoad: 1 ms (once per place, on its first Rust call; on the web that fetches and instantiates the wasm)\nRust 149 ms, Dart 245 ms (same count: 78498)","Run here","root process (the app CLI, serve mode)\nBuilt for: x86_64-android\nLoad: 0 ms (once per place, on its first Rust call; on the web that fetches and instantiates the wasm)\nRust 137 ms, Dart 149 ms (same count: 78498)","Places","Strategy","Rust","Lifecycle","Shell","Plugins"]}}
{"check":"tap-lifecycle","result":{"url":"https://mui.kernelsu.org/index.html","socket":"webview_devtools_remote_13592","value":"tapped Lifecycle at 160,536 size 53x80 role tab tappable"}}
{"check":"tap-root-process","result":{"url":"https://mui.kernelsu.org/index.html","socket":"webview_devtools_remote_13592","value":"tapped root process at 24,390 size 272x48 role checkbox tappable"}}
{"check":"tap-start","result":{"url":"https://mui.kernelsu.org/index.html","socket":"webview_devtools_remote_13592","value":"tapped Start at 24,462 size 97x48 role button tappable"}}
{"check":"lifecycle-running","result":{"url":"https://mui.kernelsu.org/index.html","socket":"webview_devtools_remote_13592","value":["Back\nBack","Start a five-minute task, then switch away (Home, another app or tab) and come back: hidden keeps going. Close the app instead and reopen it: closed stops, and this page says where the task was when it ended.","Task\ntick every 500 ms, stamped with the place's own clock\nrunning in process: tick 17/600, longest gap 503 ms, app resumed 3","inline (the caller)","worker (isolate or Web Worker)","root process (the app CLI, serve mode)","Stop","Lifecycle\n00:04:46  started in process","Facts from root process (the app CLI, serve mode)\nroot\ncheck: effective uid 0\nblock_devices\ncheck: a kernel-listed block device opens for reading\nusb.native\ncheck: /dev/bus/usb lists\nusb.web\ncheck: navigator.usb exists\nprocess.spawn\ncheck: a shell runs\nfs.persistent\ncheck: working dir writable, or storage persisted\nnet\ncheck: a non-loopback interface is up, or onLine\nnative\ncheck: null","Places","Strategy","Rust","Lifecycle","Shell","Plugins"]}}
{"check":"lifecycle-after-home","result":{"url":"https://mui.kernelsu.org/index.html","socket":"webview_devtools_remote_13592","value":["Back\nBack","Start a five-minute task, then switch away (Home, another app or tab) and come back: hidden keeps going. Close the app instead and reopen it: closed stops, and this page says where the task was when it ended.","Task\ntick every 500 ms, stamped with the place's own clock\nrunning in process: tick 41/600, longest gap 503 ms, app resumed 7","inline (the caller)","worker (isolate or Web Worker)","root process (the app CLI, serve mode)","Stop","Lifecycle\n00:05:03  away 7.1 s: the place produced 15 ticks (on schedule: 14); longest gap 503 ms\n00:05:03  inactive -> resumed\n00:05:03  hidden -> inactive\n00:04:55  inactive -> hidden\n00:04:55  resumed -> inactive\n00:04:46  started in process","Places","Strategy","Rust","Lifecycle","Shell","Plugins"]}}
{"check":"root-process","result":"root             0 u:r:ksu:s0                     13825 dartaotruntime\nroot             0 u:r:ksu:s0                     13854 dartaotruntime"}
/home/runner/work/devicelab/devicelab/out/sockprobe: 1 file pushed, 0 skipped. 218.0 MB/s (3501149 bytes in 0.015s)
{"check":"block-devices","result":"dm-0\ndm-1\ndm-11\ndm-13\ndm-14\ndm-16\ndm-17\ndm-18\ntotal 0\ndrwxr-xr-x 2 root root u:object_r:block_device:s0                140 2026-10-01 23:54 by-name\nbrw------- 1 root root u:object_r:dm_device:s0              254,   0 2026-10-01 23:54 dm-0\nbrw------- 1 root root u:object_r:dm_device:s0              254,   1 2026-10-01 23:54 dm-1\nbrw------- 1 root root u:object_r:dm_device:s0              254,  11 2026-10-01 23:54 dm-11\nbrw------- 1 root root u:object_r:dm_device:s0              254,  13 2026-10-01 23:54 dm-13\nbrw------- 1 root root u:object_r:dm_device:s0              254,  14 2026-10-01 23:54 dm-14\nbrw------- 1 root root u:object_r:dm_device:s0              254,  16 2026-10-01 23:54 dm-16\nbrw------- 1 root root u:object_r:dm_device:s0              254,  17 2026-10-01 23:54 dm-17\nbrw------- 1 root root u:object_r:dm_device:s0              254,  18 2026-10-01 23:54 dm-18\nbrw------- 1 root root u:object_r:dm_device:s0              254,  19 2026-10-01 23:54 dm-19\nbrw------- 1 root root u:object_r:dm_device:s0              254,   2 2026-10-01 23:54 dm-2\n-- su:\n0000000  \\0\n-- ksu:\n{\"error\":\"write /proc/thread-self/attr/current: operation not permitted\",\"op\":\"setcon\"}\n-- avc:"}
{"check":"back-1","result":{"url":"https://mui.kernelsu.org/index.html","socket":"webview_devtools_remote_13592","value":["Squadron","Process","native","net","Say hello","Count to 5","SHA-256","Demo pages\nOne page per thing the stack promises.","Places","Strategy","Rust","Lifecycle","Shell","Plugins"]}}
{"check":"back-1-top","result":"topResumedActivity=ActivityRecord{1bec972 u0 com.dergoogler.mmrl.wx/.ui.activity.webui.WebUIActivity t20}"}
{"check":"back-2-top","result":"topResumedActivity=ActivityRecord{cc1ba48 u0 com.google.android.apps.nexuslauncher/.NexusLauncherActivity t12}"}
{"check":"back-3-top","result":"topResumedActivity=ActivityRecord{cc1ba48 u0 com.google.android.apps.nexuslauncher/.NexusLauncherActivity t12}"}
{"check":"sys-dark","night":"yes","color_mode":"","opened":"opened: intent","result":{"url":"https://mui.kernelsu.org/index.html","socket":"webview_devtools_remote_14219","value":{"dark":true,"primary":"#b2c5ffff","background":"#121318ff","cssBytes":1545}}}
{"check":"sys-light","night":"no","color_mode":"","opened":"opened: intent","result":{"url":"https://mui.kernelsu.org/index.html","socket":"webview_devtools_remote_14426","value":{"dark":false,"primary":"#495d92ff","background":"#faf8ffff","cssBytes":1545}}}
{"check":"app","result":"ls: /product/app/WebuiApi_demo/: No such file or directory"}
{"check":"mounts","result":"lrwxrwxrwx 1 root root 30 2026-10-01 23:58 /data/adb/metamodule -> /data/adb/modules/hybrid_mount\nCalendarGooglePrebuilt Camera2 Chrome Chrome-Stub Drive GoogleContacts GoogleTTS LatinIMEGooglePrebuilt LicenseChecker Maps MarkupGoogle_v2 ModuleMetadataGoogle NexusWallpapersStubPrebuilt2018 Photos PixelThemesStub PrebuiltDeskClockGoogle PrebuiltGmail PrebuiltGoogleAdservicesTvp PrebuiltGoogleTelemetryTvp SoundPickerPrebuilt TrichromeLibrary TrichromeLibrary-Stub WebViewGoogle WebViewGoogle-Stub YouTube YouTubeMusicPrebuilt talkback"}
{"check":"app-label","result":"No activities found"}
{"check":"module-config","result":"manage module configuration\n\nUsage: ksud module config [OPTIONS] <COMMAND>\n\nCommands:\n  get     Get a config value\n  set     Set a config value\n  list    List all config entries\n  delete  Delete a config entry\n  clear   Clear all config entries\n  help    Print this message or the help of the given subcommand(s)\n\n-- files:\ntotal 32\ndrwxr-xr-x 2 root root 4096 2026-10-02 00:05 .\ndrwxr-xr-x 3 root root 4096 2026-10-01 23:59 ..\n-rw-r--r-- 1 root root   36 2026-10-01 23:59 persist.config\n-rw-r--r-- 1 root root   66 2026-10-02 00:05 tmp.config\n== /data/adb/ksu/module_configs/demo/persist.config\nMUSK\u0001\u0000\u0000\u0000\u0001\u0000\u0000\u0000\u000f\u0000\u0000\u0000webui.installed\u0001\u0000\u0000\u00001\n== /data/adb/ksu/module_configs/demo/tmp.config\nMUSK\u0001\u0000\u0000\u0000\u0001\u0000\u0000\u0000\n\u0000\u0000\u0000webui.boot$\u0000\u0000\u00008fe6134b-4a9d-4bda-bbde-d9e2c5a15a51\n-- ksud get:\n1\nwebui.installed=1\nwebui.boot=8fe6134b-4a9d-4bda-bbde-d9e2c5a15a51"}
{"check":"module-dirs","result":"/data/adb/demo:\ntotal 24\ndrwx------ 3 root root 4096 2026-10-02 00:02 .\ndrwx------ 8 root root 4096 2026-10-02 00:02 ..\ndrwx------ 2 root root 4096 2026-10-02 00:02 tmp\n\n/data/adb/demo/tmp:\ntotal 16\ndrwx------ 2 root root 4096 2026-10-02 00:02 .\ndrwx------ 3 root root 4096 2026-10-02 00:02 .."}
{"check":"open","result":"opened: intent"}
{"check":"tap-places","result":{"url":"https://mui.kernelsu.org/index.html","socket":"webview_devtools_remote_14660","value":"tapped Places at 16,572 size 288x56 role button tappable"}}
{"check":"tap-plugins","result":{"url":"https://mui.kernelsu.org/index.html","socket":"webview_devtools_remote_14660","value":"tapped Plugins at 267,536 size 53x80 role tab tappable"}}
{"check":"plugins","result":The app calls share_plus, permission_handler, the clipboard and file_selector as on any platform. Running in a WebUI host, so their *_webui packages answer.
share_plus
On WebUI: share_plus_webui: Android's share sheet, opened by the module's own app
Share text
permission_handler
On WebUI: permission_handler_webui: Android's own permission dialog, for the module's own app
Camera: denied}
{"check":"tap-share","result":{"url":"https://mui.kernelsu.org/index.html","socket":"webview_devtools_remote_14660","value":"tapped Share text at 24,278 size 112x48 role button tappable"}}
{"check":"share-top","result":"com.google.android.gm/.welcome.WelcomeTourActivity"}
{"check":"app-process","result":""}
{"check":"share-log","result":"10-02 00:06:17.792 14660 14660 I chromium: [INFO:CONSOLE(53)] \"2026-10-02T00:06:17.787 INFO ui.plugins: share: unavailable\", source:  (53)\n10-02 00:06:18.608 10317 10505 D ShortcutService: Package com.google.android.gm has 1 manifest shortcut(s), and 1 share target(s)\n10-02 00:06:18.909 10317 10505 D ShortcutService: Package com.google.android.gm has 1 manifest shortcut(s), and 1 share target(s)\n10-02 00:06:20.587 10317 10505 D ShortcutService: Package com.google.android.gm has 1 manifest shortcut(s), and 1 share target(s)\n10-02 00:06:25.988 15159 15159 W app_process: ClassLoaderContext shared library size mismatch. Expected=2, found=0 (PCL[]{PCL[/system/framework/android.test.base.jar*724373495]#PCL[/system/framework/android.test.mock.jar*1452759902]} | PCL[])"}
{"check":"share-result","result":share_plus
On WebUI: share_plus_webui: Android's share sheet, opened by the module's own app
Share result: unavailable}
Failure [package not found]
Error: package not found
{"check":"cam-deny-1-tap","result":{"url":"https://mui.kernelsu.org/index.html","socket":"webview_devtools_remote_14660","value":"tapped Request camera at 24,490 size 150x46 role button tappable"}}
{"check":"cam-deny-1-top","result":"com.dergoogler.mmrl.wx/.ui.activity.webui.WebUIActivity"}
{"check":"cam-deny-1-dialog","result":"Back Back\nShare text\nRequest camera\nCopy text\nPaste\nPlaces\nStrategy\nRust\nLifecycle\nShell\nPlugins"}
{"check":"cam-deny-1-press","result":"ui: no node with 'Don'"}
{"check":"cam-deny-1-status","result":permission_handler
On WebUI: permission_handler_webui: Android's own permission dialog, for the module's own app
Camera: denied}
{"check":"cam-deny-1-perm","result":""}
{"check":"cam-deny-2-tap","result":{"url":"https://mui.kernelsu.org/index.html","socket":"webview_devtools_remote_14660","value":"tapped Request camera at 24,490 size 150x46 role button"}}
{"check":"cam-deny-2-top","result":"com.dergoogler.mmrl.wx/.ui.activity.webui.WebUIActivity"}
{"check":"cam-deny-2-dialog","result":"Back Back\nShare text\nRequest camera\nCopy text\nPaste\nPlaces\nStrategy\nRust\nLifecycle\nShell\nPlugins"}
{"check":"cam-deny-2-press","result":"ui: no node with 'Don'"}
{"check":"cam-deny-2-status","result":permission_handler
On WebUI: permission_handler_webui: Android's own permission dialog, for the module's own app
Camera: denied}
{"check":"cam-deny-2-perm","result":""}
{"check":"cam-after-deny-tap","result":{"url":"https://mui.kernelsu.org/index.html","socket":"webview_devtools_remote_14660","value":"tapped Request camera at 24,490 size 150x46 role button"}}
{"check":"cam-after-deny-top","result":"com.dergoogler.mmrl.wx/.ui.activity.webui.WebUIActivity"}
{"check":"cam-after-deny-dialog","result":"Back Back\nShare text\nRequest camera\nCopy text\nPaste\nPlaces\nStrategy\nRust\nLifecycle\nShell\nPlugins"}
{"check":"cam-after-deny-status","result":permission_handler
On WebUI: permission_handler_webui: Android's own permission dialog, for the module's own app
Camera: denied}
{"check":"cam-after-deny-perm","result":""}
Failure [package not found]
Error: package not found
{"check":"cam-grant-tap","result":{"url":"https://mui.kernelsu.org/index.html","socket":"webview_devtools_remote_14660","value":"tapped Request camera at 24,490 size 150x46 role button"}}
{"check":"cam-grant-top","result":"com.dergoogler.mmrl.wx/.ui.activity.webui.WebUIActivity"}
{"check":"cam-grant-dialog","result":"Back Back\nShare text\nRequest camera\nCopy text\nPaste\nPlaces\nStrategy\nRust\nLifecycle\nShell\nPlugins"}
{"check":"cam-grant-press","result":"ui: no node with 'While using the app'"}
{"check":"cam-grant-status","result":permission_handler
On WebUI: permission_handler_webui: Android's own permission dialog, for the module's own app
Camera: denied}
{"check":"cam-grant-perm","result":""}
{"check":"clip-listen","result":{"url":"https://mui.kernelsu.org/index.html","socket":"webview_devtools_remote_14660","value":"listening"}}
{"check":"clip-paste-tap","result":{"url":"https://mui.kernelsu.org/index.html","socket":"webview_devtools_remote_14660","value":"tapped Paste at 139,80 size 84x42 role button"}}
{"check":"clip-paste-top","result":"com.dergoogler.mmrl.wx/.ui.activity.webui.WebUIActivity"}
{"check":"clip-pasted","result":Clipboard (flutter/services)
On WebUI: clipboard_webui: Android's clipboard, through the module's own app
Paste}
{"check":"clip-blips","result":{"url":"https://mui.kernelsu.org/index.html","socket":"webview_devtools_remote_14660","value":"[]"}}
{"check":"clip-process","result":""}
{"check":"clip-copy-tap","result":{"url":"https://mui.kernelsu.org/index.html","socket":"webview_devtools_remote_14660","value":"tapped Copy text at 24,80 size 107x42 role button"}}
{"check":"clip-copied","result":Clipboard (flutter/services)
On WebUI: clipboard_webui: Android's clipboard, through the module's own app
Copy text}
{"check":"clip-ext-paste","result":"text=\"\" text=\"\" text=\"\" text=\"\" text=\"\""}
{"check":"pick-tap","result":{"url":"https://mui.kernelsu.org/index.html","socket":"webview_devtools_remote_14660","value":"tapped Pick a file at 24,222 size 109x48 role button"}}
{"check":"pick-top","result":"com.dergoogler.mmrl.wx/.ui.activity.webui.WebUIActivity"}
{"check":"picked","result":file_selector
On WebUI: file_selector_webui: the WebView's file chooser
Pick a file}
{"check":"pick-files","result":"ls: /data/adb/demo/tmp/open-*/: No such file or directory\ntotal 16\ndrwx------ 2 root root u:object_r:adb_data_file:s0  4096 2026-10-02 00:02 .\ndrwx------ 3 root root u:object_r:adb_data_file:s0  4096 2026-10-02 00:02 .."}
{"check":"app-settings","result":"Back Back\nRequest camera\nCopy text\nPaste\nPick a file\nPlaces\nStrategy\nRust\nLifecycle\nShell\nPlugins"}
{"check":"uninstall","result":""}
{"check":"after-uninstall","result":"ls: /data/adb/modules/demo: No such file or directory\nls: /data/adb/demo: No such file or directory\nls: /data/adb/ksu/module_configs/demo: No such file or directory\nls: /product/app/WebuiApi_demo: No such file or directory"}
