10-02 03:36:11.942    92   110 I AERA UI : AERA Recovery Project native engine active; hardware Back and edge swipe use navigation history
10-02 03:37:07.998    92   110 D AERA UI : touch released at 619,1277
10-02 03:37:11.646    92   110 D AERA UI : touch released at 609,1285
10-02 03:37:15.298    92   110 D AERA UI : touch released at 679,1277
10-02 03:37:18.949    92   110 D AERA UI : touch released at 673,1285
10-02 03:37:25.761    92   110 D AERA UI : touch released at 620,1278
10-02 03:47:19.040    92   110 D AERA UI : touch released at 360,263
10-02 03:47:28.688    92   110 D AERA UI : touch released at 360,460
10-02 03:47:38.321    92   110 D AERA UI : touch released at 360,657
10-02 03:47:47.948    92   110 D AERA UI : touch released at 360,854
10-02 03:50:19.781    92   110 D AERA UI : touch released at 360,1000
10-02 03:50:20.982    92   110 D AERA UI : touch released at 350,1012
10-02 03:50:24.745    92   110 D AERA UI : touch released at 360,1040
10-02 03:50:34.122  1691  1697 I AERA UI : AERA Recovery Project native engine active; hardware Back and edge swipe use navigation history
10-02 03:52:17.509  1691  1697 D AERA UI : touch released at 360,1040
10-02 03:52:25.328  2357  2363 I AERA UI : AERA Recovery Project native engine active; hardware Back and edge swipe use navigation history
10-02 03:53:08.635  2357  2363 D AERA UI : touch released at -1,65535
10-02 03:53:13.249  2484  2490 I AERA UI : AERA Recovery Project native engine active; hardware Back and edge swipe use navigation history
10-02 03:54:03.836  2484  2490 D AERA UI : touch released at 360,1040
10-02 03:54:11.323  2484  2490 D AERA UI : touch released at 360,790
10-02 03:54:48.648  2484  2490 D AERA UI : touch released at 354,1007
10-02 03:54:52.137  2484  2490 D AERA UI : touch released at 354,1007
10-02 03:54:55.581  2484  2490 D AERA UI : touch released at 354,1007
10-02 03:55:03.286  2484  2490 D AERA UI : touch released at 378,660
10-02 03:55:10.826  2484  2490 D AERA UI : touch released at 378,660
10-02 03:55:18.412  2484  2490 D AERA UI : touch released at 378,660
10-02 03:55:54.980  2484  2490 D AERA UI : touch released at 360,1000
10-02 03:55:56.182  2484  2490 D AERA UI : touch released at 352,1010
10-02 03:56:16.518  2484  2490 I AERA UI : left-edge Back gesture accepted
10-02 03:56:16.518  2484  2490 D AERA UI : touch released at 228,706
10-02 03:57:00.970  2484  2490 D AERA UI : touch released at 360,1000
10-02 03:57:02.176  2484  2490 D AERA UI : touch released at 352,1010
10-02 03:57:22.661  2484  2490 I AERA UI : left-edge Back gesture accepted
10-02 03:57:22.662  2484  2490 D AERA UI : touch released at 228,706
