yes: standard output: Broken pipe
Auto-selecting single ABI x86_64
Do you wish to create a custom hardware profile? [no] lab.avd
lab.ini
emulator Android emulator version 37.2.12.0 (build_id 16428233) (CL:N/A)
* daemon not running; starting now at tcp:5037
* daemon started successfully
booted in 26s: google/sdk_gphone64_x86_64/emu64xa:15/AE3A.240806.043/12960925:userdebug/dev-keys
kernel 6.6.50-android15-8-g8adecb593e9b-ab12525588 -> kmi android15-6.6; tiann/KernelSU v3.3.0
total 16428
drwx------  2 runner runner     4096 Oct  2 22:19 .
drwxrwxrwt 16 root   root       4096 Oct  2 22:19 ..
-rw-r--r--  1 runner runner 10777987 Oct  2 22:19 KernelSU_v3.3.0_32601-release.apk
-rw-r--r--  1 runner runner  5713312 Oct  2 22:19 ksud-x86_64-linux-android
-rw-r--r--  1 runner runner   318824 Oct  2 22:19 lkm-x86_64-android15-6.6_kernelsu.ko
== manager installed (me.weishu.kernelsu, KernelSU_v3.3.0_32601-release.apk)
/tmp/tmp.i5dcIsduPT/lkm-x86_64-android15-6.6_kernelsu.ko: 1 file pushed, 0 skipped. 6.7 MB/s (318824 bytes in 0.045s)
/tmp/tmp.i5dcIsduPT/ksud-x86_64-linux-android: 1 file pushed, 0 skipped. 144.1 MB/s (5713312 bytes in 0.038s)
== ksud: ksud 3.3.0 (uapi: 2)
== ksud late-load: rc=0
== ksud insmod /data/adb/kernelsu.ko: Error: load module failed: /data/adb/kernelsu.ko

Caused by:
    0: init_module failed without vermagic mismatch
    1: File exists (os error 17)
rc=1
kernelsu              159744  0 
== lsmod: kernelsu              159744  1 
KernelSU_v3.3.0_32601-release.apk
ksud-aarch64-apple-darwin
ksud-aarch64-linux-android
ksud-aarch64-unknown-linux-musl
ksud-x86_64-apple-darwin
ksud-x86_64-linux-android
ksud-x86_64-pc-windows-gnu.exe
ksud-x86_64-unknown-linux-musl
ksuinit-aarch64
ksuinit-x86_64
lkm-aarch64-android12-5.10_kernelsu.ko
lkm-aarch64-android13-5.10_kernelsu.ko
lkm-aarch64-android13-5.15_kernelsu.ko
lkm-aarch64-android14-5.15_kernelsu.ko
lkm-aarch64-android14-6.1_kernelsu.ko
lkm-aarch64-android15-6.6_kernelsu.ko
lkm-aarch64-android16-6.12_kernelsu.ko
lkm-aarch64-android17-6.18_kernelsu.ko
lkm-x86_64-android12-5.10_kernelsu.ko
lkm-x86_64-android13-5.10_kernelsu.ko
lkm-x86_64-android13-5.15_kernelsu.ko
lkm-x86_64-android14-5.15_kernelsu.ko
lkm-x86_64-android14-6.1_kernelsu.ko
lkm-x86_64-android15-6.6_kernelsu.ko
lkm-x86_64-android16-6.12_kernelsu.ko
lkm-x86_64-android17-6.18_kernelsu.ko
== no metamodule asset in tiann/KernelSU v3.3.0
/home/runner/work/devicelab/devicelab/modules/probe/./: 2 files pushed, 0 skipped. 0.0 MB/s (1474 bytes in 0.043s)
== modules: [
  {
    "description": "Observation module for devicelab. Its WebUI page is driven over DevTools.",
    "web": "true",
    "update": "false",
    "version": "1",
    "author": "p0g-stack",
    "enabled": "true",
    "action": "false",
    "remove": "false",
    "id": "devicelab_probe",
    "mount": "false",
    "name": "devicelab probe",
    "versionCode": "1"
  }
]
SELinux: Loaded file context from:
		/system/etc/selinux/plat_file_contexts
		/system_ext/etc/selinux/system_ext_file_contexts
		/vendor/etc/selinux/vendor_file_contexts
== home text: text="LKM" text="Working [Jailbreak mode]" text="Version: 32601-2" text="Manager version" text="v3.3.0 (32601-2)" text="Kernel version" text="6.6.50-android15-8-g8adecb593e9b-ab12525588" text="Device model" text="Google sdk_gphone64_x86_64" text="Fingerprint" text="google/sdk_gphone64_x86_64/emu64xa:15/AE3A.240806.043/12960925:userdebug/dev-keys" text="Enforcing" text="KernelSU" text="Home" text="Superuser" text="1" text="Module" text="Settings" 
== manager activities: me.weishu.kernelsu/.magica.BootCompletedReceiver me.weishu.kernelsu/.ui.MainActivity me.weishu.kernelsu/androidx.core.content.FileProvider me.weishu.kernelsu/androidx.profileinstaller.ProfileInstallReceiver me.weishu.kernelsu/androidx.startup.InitializationProvider 
WebUI-X-v438-release-official.apk
WebUI-X-v438-release-spoofed.apk
== downloaded MMRLApp/WebUI-X-Portable v438 WebUI-X-v438-release-official.apk
Success
== installed com.dergoogler.mmrl.wx uid=10210     versionName=v438-release
== activities: com.dergoogler.mmrl.wx/.ui.activity.CrashHandlerActivity com.dergoogler.mmrl.wx/.ui.activity.MainActivity com.dergoogler.mmrl.wx/.ui.activity.modconf.ModConfActivity com.dergoogler.mmrl.wx/.ui.activity.webui.KsuWebUIActivity com.dergoogler.mmrl.wx/.ui.activity.webui.WebUIActivity com.dergoogler.mmrl.wx/.util.NonRootService com.dergoogler.mmrl.wx/androidx.core.content.FileProvider com.dergoogler.mmrl.wx/androidx.profileinstaller.ProfileInstallReceiver com.dergoogler.mmrl.wx/androidx.startup.InitializationProvider com.dergoogler.mmrl.wx/androidx.work.impl.background.systemalarm.ConstraintProxy com.dergoogler.mmrl.wx/androidx.work.impl.background.systemalarm.ConstraintProxyUpdateReceiver com.dergoogler.mmrl.wx/androidx.work.impl.background.systemalarm.RescheduleReceiver com.dergoogler.mmrl.wx/androidx.work.impl.diagnostics.DiagnosticsReceiver 
ui: tapped 'Superuser' at 120,584
ui: no node with 'com.dergoogler.mmrl.wx'
ui: tapped 160,152
ui: tapped 'com.dergoogler.mmrl.wx' at 160,130
[12,230][308,290] Superuser
[243,236][292,284] 
[12,302][308,358] App Profile | Default
[12,26][60,74] 
[260,26][308,74] Settings
ui: tapped switch 1 ('', was checked=false)
== ksud feature list: Available Features: ================================================================================ [ENABLED (1)] su_compat (ID=0)     SU Compatibility Mode - allows authorized apps to gain root via traditional 'su' command  [ENABLED (1)] kernel_umount (ID=1)     Kernel Umount - controls whether kernel automatically unmounts modules when not needed  [DISABLED] sulog (ID=2)     SU Log - streams kernel sulog events to userspace and persists them to disk  [DISABLED] adb_root (ID=3)     ADB Root - Enable adbd root  [DISABLED] selinux_hide (ID=4)     SELinux Hide - sanitize /sys/fs/selinux access results for app UIDs  [DISABLED] webview_zygote_umount (ID=5)     WebView Zygote Umount - unmount modules from WebView zygote and its isolated children  
== su_compat: Feature: su_compat (0) Description: SU Compatibility Mode - allows authorized apps to gain root via traditional 'su' command Value: 1 Status: enabled 
== root grant: ui; su as app uid 10210: su: failed to exec /system/bin/su: No such file or directory
ui: tapped 'KernelSU' at 160,265
[40,165][280,221] Magisk
[40,309][280,389] KernelSU Next
[40,405][280,461] APatch
[40,477][280,557] SukiSU Ultra
[40,573][280,629] Non-Root
[40,644][280,692] Continue with KernelSU
ui: tapped 'Continue with KernelSU' at 160,668
[16,104][304,330] devicelab probe | 1 (1) by p0g-stack | Updated on 2 October 2026 | Observation module for devicelab. Its WebUI page is d
[32,274][90,322] 
[153,274][288,322] Add Shortcut
[220,32][268,80] 
[268,32][316,80] 
[164,796][320,876] Settings
ui: no node with 'Continue with KernelSU'
ui: no node with 'Next'
ui: no node with 'Continue'
ui: no node with 'Grant'
ui: no node with 'Allow'
ui: no node with 'Get started'
ui: no node with 'Done'
ui: no node with 'OK'
ui: no node with 'Finish'
[16,104][304,330] devicelab probe | 1 (1) by p0g-stack | Updated on 2 October 2026 | Observation module for devicelab. Its WebUI page is d
[32,274][90,322] 
[153,274][288,322] Add Shortcut
[220,32][268,80] 
[268,32][316,80] 
[164,796][320,876] Settings
ui: no node with 'Continue with KernelSU'
ui: no node with 'Next'
ui: no node with 'Continue'
ui: no node with 'Grant'
ui: no node with 'Allow'
ui: no node with 'Get started'
ui: no node with 'Done'
ui: no node with 'OK'
ui: no node with 'Finish'
[16,104][304,330] devicelab probe | 1 (1) by p0g-stack | Updated on 2 October 2026 | Observation module for devicelab. Its WebUI page is d
[32,274][90,322] 
[153,274][288,322] Add Shortcut
[220,32][268,80] 
[268,32][316,80] 
[164,796][320,876] Settings
== WebUI X platform after onboarding: preferences.pb 
== devtools sockets: 
== metamodule releases backslashxx/mountify: 204 Latest 204 2026-08-25T05:14:18Z;203  203 2026-06-25T15:03:16Z;202  202 2026-06-23T03:45:32Z;
== metamodule candidate backslashxx/mountify mountify.zip: id=mountify version=v2.0.4 versionCode=204 metamodule=true 
== metamodule repo (given): backslashxx/mountify
== metamodule zip: mountify.zip sha256 dde361c444f6990b759890720487785402a391a61cf6530f960deb98e5ef864d
== metamodule module.prop: id=mountify name=mountify version=v2.0.4 versionCode=204 author=xx, KOWX712 metamodule=true description=Globally mounted modules via OverlayFS. updateJson=https://raw.githubusercontent.com/backslashxx/mountify/master/update.json 
/tmp/tmp.boI1DDU2Wt/rel/mountify.zip: 1 file pushed, 0 skipped. 362.4 MB/s (554873 bytes in 0.001s)
== install mountify.zip
[H[J[|]
[H[J[\]
[H[J[+] mountify
[+] SysReq test
[+] CONFIG_OVERLAY_FS
[+] overlay found in /proc/filesystems
[+] CONFIG_TMPFS_XATTR
[+] tmpfs extended attribute test passed
[!] using fresh config.sh
[+] moving modules.txt
[+] moving whiteouts.txt
[+] mountify will be installed in metamodule mode!
- Done
- Creating metamodule symlink
- Module installed successfully!
== soft-reboot: 
== after soft-reboot (41s): [
  {
    "enabled": "true",
    "web": "true",
    "name": "devicelab probe",
    "remove": "false",
    "id": "devicelab_probe",
    "version": "1",
    "action": "false",
    "versionCode": "1",
    "description": "Observation module for devicelab. Its WebUI page is driven over DevTools.",
    "author": "p0g-stack",
    "update": "false",
    "mount": "false"
  },
  {
    "name": "mountify",
    "remove": "false",
    "updateJson": "https://raw.githubusercontent.com/backslashxx/mountify/master/update.json",
    "action": "true",
    "version": "v2.0.4",
    "author": "xx, KOWX712",
    "metamodule": "true",
    "enabled": "true",
    "update": "false",
    "mount": "false",
    "web": "true",
    "versionCode": "204",
    "description": "mode: auto 🤖 | fstype: tmpfs 🦾 | no modules mounted",
    "id": "mountify"
  }
]
total 32
drwxrwxrwx 4 root root 4096 2026-10-02 22:23 .
drwx------ 7 root root 4096 2026-10-02 22:23 ..
drwxr-xr-x 3 root root 4096 2026-10-02 22:19 devicelab_probe
drwxr-xr-x 5 root root 4096 2026-10-02 22:23 mountify
== metamodule active: lrwxrwxrwx 1 root root 26 2026-10-02 22:23 /data/adb/metamodule -> /data/adb/modules/mountify id=mountify name=mountify version=v2.0.4 versionCode=204 author=xx, KOWX712 metamodule=true description=mode: auto 🤖 | fstype: tmpfs 🦾 | no modules mounted updateJson=https://raw.githubusercontent.com/backslashxx/mountify/master/update.json 
inputs/modules/counter-v1.0.0.zip: 1 file pushed, 0 skipped. 578.1 MB/s (6582359 bytes in 0.011s)
== install counter-v1.0.0.zip
  inflating: webroot/canvaskit/chromium/canvaskit.wasm
  inflating: webroot/config.json
  inflating: webroot/favicon.png
  inflating: webroot/flutter.js
  inflating: webroot/flutter_bootstrap.js
  inflating: webroot/icons/Icon-192.png
  inflating: webroot/icons/Icon-512.png
  inflating: webroot/icons/Icon-maskable-192.png
  inflating: webroot/icons/Icon-maskable-512.png
  inflating: webroot/index.html
  inflating: webroot/main.dart.js
  inflating: webroot/manifest.json
  inflating: webroot/version.json
- Done
- Module installed successfully!
/home/runner/work/devicelab/devicelab/envdump.zip: 1 file pushed, 0 skipped. 27.5 MB/s (1766 bytes in 0.000s)
== install envdump.zip
 devicelab envdump 
 by p0g-stack 
*******************
*********************
 Powered by KernelSU 
*********************
Archive:  /data/local/tmp/m.zip
  inflating: customize.sh
- Extracting module files
Archive:  /data/local/tmp/m.zip
  inflating: module.prop
  inflating: customize.sh
- devicelab envdump: written /data/local/tmp/customize-env.txt
- Done
- Module installed successfully!
== soft-reboot: 
== after soft-reboot (40s): [
  {
    "id": "devicelab_probe",
    "description": "Observation module for devicelab. Its WebUI page is driven over DevTools.",
    "action": "false",
    "update": "false",
    "version": "1",
    "enabled": "true",
    "name": "devicelab probe",
    "remove": "false",
    "versionCode": "1",
    "web": "true",
    "mount": "false",
    "author": "p0g-stack"
  },
  {
    "name": "mountify",
    "action": "true",
    "version": "v2.0.4",
    "author": "xx, KOWX712",
    "id": "mountify",
    "updateJson": "https://raw.githubusercontent.com/backslashxx/mountify/master/update.json",
    "remove": "false",
    "web": "true",
    "enabled": "true",
    "metamodule": "true",
    "description": "mode: auto 🤖 | fstype: tmpfs 🦾 | no modules mounted",
    "versionCode": "204",
    "mount": "false",
    "update": "false"
  },
  {
    "enabled": "true",
    "update": "false",
    "mount": "false",
    "name": "Counter",
    "description": "A new Flutter project.",
    "web": "true",
    "id": "counter",
    "version": "v1.0.0",
    "remove": "false",
    "versionCode": "1",
    "author": "Yuv",
    "action": "false"
  },
  {
    "id": "devicelab_envdump",
    "version": "1",
    "action": "false",
    "mount": "false",
    "author": "p0g-stack",
    "versionCode": "1",
    "web": "false",
    "remove": "false",
    "description": "Records the customize.sh environment",
    "update": "false",
    "name": "devicelab envdump",
    "enabled": "true"
  }
]
total 48
drwxrwxrwx 6 root root 4096 2026-10-02 22:24 .
drwx------ 7 root root 4096 2026-10-02 22:23 ..
drwxr-xr-x 3 root root 4096 2026-10-02 22:24 counter
drwxr-xr-x 2 root root 4096 2026-10-02 22:24 devicelab_envdump
drwxr-xr-x 3 root root 4096 2026-10-02 22:19 devicelab_probe
drwxr-xr-x 5 root root 4096 2026-10-02 22:23 mountify
/home/runner/work/devicelab/devicelab/out/labserver: 1 file pushed, 0 skipped. 226.4 MB/s (7843260 bytes in 0.033s)
Starting: Intent { cmp=com.dergoogler.mmrl.wx/.ui.activity.webui.WebUIActivity (has extras) }
Status: ok
Activity: com.dergoogler.mmrl.wx/.ui.activity.webui.WebUIActivity
https://mui.kernelsu.org/index.html
opened: intent
{"check":"targets","result":[{"socket": "webview_devtools_remote_11501", "type": "page", "url": "https://mui.kernelsu.org/index.html", "title": "devicelab probe"}]}
{"check":"globals","result":{"url":"https://mui.kernelsu.org/index.html","socket":"webview_devtools_remote_11501","value":{"ua":"WebUI X/438 (Linux; Android 15; sdk_gphone64_x86_64; KernelSU/32601)","origin":"https://mui.kernelsu.org","href":"https://mui.kernelsu.org/index.html","globals":["$DeFile","$DeFileInputStream","$DeFileOutputStream","$devicelab_probe","$intent","$packageManager","$userManager","ksu","webui"],"ksu":["exec","execBool","fullScreen","mmrl","moduleInfo","spawn","toast","exec","execBool","fullScreen","mmrl","moduleInfo","spawn","toast"]}}}
{"check":"ksu-exec","result":{"url":"https://mui.kernelsu.org/index.html","socket":"webview_devtools_remote_11501","value":{"code":0,"out":"uid=0(root) gid=0(root) groups=0(root) context=u:r:ksu:s0\nu:r:ksu:s0\u0000","err":""}}}
{"check":"ws-loopback","result":{"url":"https://mui.kernelsu.org/index.html","socket":"webview_devtools_remote_11501","value":{"got":["{\"origin\":\"https://mui.kernelsu.org\",\"peerUid\":10210,\"remote\":\"127.0.0.1:48104\",\"serverUid\":0,\"t\":1790979913151,\"uidSource\":\"/proc/net/tcp\"}","hi"],"ms":16}}}
{"check":"fetch-loopback","result":{"url":"https://mui.kernelsu.org/index.html","socket":"webview_devtools_remote_11501","value":{"origin":"https://mui.kernelsu.org","peerUid":10210,"remote":"127.0.0.1:48120","serverUid":0,"t":1790979913272,"uidSource":"/proc/net/tcp"}}}
{"check":"webview-uid","result":["webview_zygote 1053 webview_zygote", "u0_a210      10210 com.dergoogler.mmrl.wx", "root             0 com.dergoogler.mmrl.wx:root:0", "root             0 com.dergoogler.mmrl.wx:root:0", "u0_a152      10152 com.google.android.webview:webview_service", "u0_i9000     99000 com.google.android.webview:sandboxed_process0:org.chromium.content.app.SandboxedProcessService0:0", "u0_a152      10152 com.google.android.webview:webview_apk"]}
{"check":"while-home-heartbeat","result":{"url":"https://mui.kernelsu.org/index.html","socket":"webview_devtools_remote_11501","value":{"now":9934,"vis":"hidden"}}}
{"check":"lifecycle","result":{"url":"https://mui.kernelsu.org/index.html","socket":"webview_devtools_remote_11501","value":{"events":[{"type":"pageshow","t":140,"vis":"visible"},{"type":"visibilitychange","t":3804,"vis":"hidden"},{"type":"visibilitychange","t":12177,"vis":"visible"}],"gaps":[{"from":3637,"ms":8541,"vis":"visible"}],"slow":{"heldMs":3002,"sentAt":1790979916426,"resolvedAt":1790979916428,"vis":"hidden"}}}}
{"check":"dev-url","result":{"error":"no page target","sockets":["webview_devtools_remote_11501"],"targets":[{"socket":"webview_devtools_remote_11501","port":9300,"description":"{\"attached\":true,\"empty\":false,\"height\":640,\"never_attached\":false,\"screenX\":0,\"screenY\":0,\"visible\":false,\"width\":320}","devtoolsFrontendUrl":"https://chrome-devtools-frontend.appspot.com/serve_internal_file/@7741f71cbce3b7dfe3eb5890976d2596364b0733/inspector.html?ws=127.0.0.1:9300/devtools/page/C131FECFFC3384BAC6DB5D8A0EC3040F","id":"C131FECFFC3384BAC6DB5D8A0EC3040F","title":"devicelab probe","type":"page","url":"https://mui.kernelsu.org/index.html","webSocketDebuggerUrl":"ws://127.0.0.1:9300/devtools/page/C131FECFFC3384BAC6DB5D8A0EC3040F"}]}}
Starting: Intent { cmp=com.dergoogler.mmrl.wx/.ui.activity.webui.WebUIActivity (has extras) }
Status: ok
Activity: com.dergoogler.mmrl.wx/.ui.activity.webui.WebUIActivity
https://mui.kernelsu.org/index.html
opened: intent
{"check":"targets","result":[{"type": "page", "url": "https://mui.kernelsu.org/index.html", "title": "Flutter Demo"}]}
{"check":"page","result":{"url":"https://mui.kernelsu.org/index.html","socket":"webview_devtools_remote_11931","value":{"href":"https://mui.kernelsu.org/index.html","title":"Flutter Demo","ready":"complete","flutter":true,"glass":true,"nav":{"dcl":98,"load":383},"paint":{"first-paint":1104,"first-contentful-paint":1104},"glassAt":"present","firstFrame":null,"insets":"24px","vv":[320,640,1]}}}
{"check":"java-exceptions","result":["10-02 22:25:32.762 11931 11931 E JavaScriptInterfaceImplementation.createNewWX(...): \tat com.dergoogler.mmrl.wx.ui.activity.webui.WebUIActivity.init$lambda$4$lambda$3$lambda$2(WebUIActivity.kt:219)", "10-02 22:25:32.762 11931 11931 E JavaScriptInterfaceImplementation.createNewWX(...): \tat com.dergoogler.mmrl.wx.ui.activity.webui.WebUIActivity.$r8$lambda$_nZAC8A9f41jkM28VFfiLo2SZbA(Unknown Source:0)", "10-02 22:25:32.762 11931 11931 E JavaScriptInterfaceImplementation.createNewWX(...): \tat com.dergoogler.mmrl.wx.ui.activity.webui.WebUIActivity$$ExternalSyntheticLambda2.invoke(D8$$SyntheticClass:0)", "10-02 22:25:32.762 11931 11931 E JavaScriptInterfaceImplementation.createNewWX(...): \tat com.dergoogler.mmrl.hybridwebui.HybridWebUI.setupDependencies(HybridWebUI.kt:106)", "10-02 22:25:32.762 11931 11931 E JavaScriptInterfaceImplementation.createNewWX(...): \tat com.dergoogler.mmrl.hybridwebui.HybridWebUI.onAttachedToWindow(HybridWebUI.kt:77)", "10-02 22:25:32.762 11931 11931 E JavaScriptInterfaceImplementation.createNewWX(...): \tat android.view.View.dispatchAttachedToWindow(View.java:22860)", "10-02 22:25:32.762 11931 11931 E JavaScriptInterfaceImplementation.createNewWX(...): \tat android.view.ViewGroup.dispatchAttachedToWindow(ViewGroup.java:3492)", "10-02 22:25:32.762 11931 11931 E JavaScriptInterfaceImplementation.createNewWX(...): \tat android.view.ViewGroup.dispatchAttachedToWindow(ViewGroup.java:3499)", "10-02 22:25:32.762 11931 11931 E JavaScriptInterfaceImplementation.createNewWX(...): \tat android.view.ViewGroup.dispatchAttachedToWindow(ViewGroup.java:3499)", "10-02 22:25:32.762 11931 11931 E JavaScriptInterfaceImplementation.createNewWX(...): \tat android.view.ViewGroup.dispatchAttachedToWindow(ViewGroup.java:3499)", "10-02 22:25:32.762 11931 11931 E JavaScriptInterfaceImplementation.createNewWX(...): \tat android.view.ViewGroup.dispatchAttachedToWindow(ViewGroup.java:3499)", "10-02 22:25:32.762 11931 11931 E JavaScriptInterfaceImplementation.createNewWX(...): \tat android.view.ViewGroup.dispatchAttachedToWindow(ViewGroup.java:3499)", "--", "10-02 22:25:32.762  9771 10798 W FontLog : java.lang.IllegalStateException: Cannot perform this operation because the connection pool has been closed.", "10-02 22:25:32.762  9771 10798 W FontLog : \tat android.database.sqlite.SQLiteConnectionPool.throwIfClosedLocked(SQLiteConnectionPool.java:1103)", "10-02 22:25:32.762  9771 10798 W FontLog : \tat android.database.sqlite.SQLiteConnectionPool.waitForConnection(SQLiteConnectionPool.java:794)", "10-02 22:25:32.762  9771 10798 W FontLog : \tat android.database.sqlite.SQLiteConnectionPool.acquireConnection(SQLiteConnectionPool.java:399)", "10-02 22:25:32.762  9771 10798 W FontLog : \tat android.database.sqlite.SQLiteSession.acquireConnection(SQLiteSession.java:920)", "10-02 22:25:32.762  9771 10798 W FontLog : \tat android.database.sqlite.SQLiteSession.executeForChangedRowCount(SQLiteSession.java:778)", "10-02 22:25:32.762  9771 10798 W FontLog : \tat android.database.sqlite.SQLiteStatement.executeUpdateDelete(SQLiteStatement.java:67)", "10-02 22:25:32.762  9771 10798 W FontLog : \tat android.database.sqlite.SQLiteDatabase.executeSql(SQLiteDatabase.java:2207)", "10-02 22:25:32.762  9771 10798 W FontLog : \tat android.database.sqlite.SQLiteDatabase.execSQL(SQLiteDatabase.java:2183)", "10-02 22:25:32.762  9771 10798 W FontLog : \tat bbkg.run(:com.google.android.gms@242335041@24.23.35 (190800-646585959):57)", "10-02 22:25:32.762  9771 10798 W FontLog : \tat angs.c(:com.google.android.gms@242335041@24.23.35 (190800-646585959):50)", "10-02 22:25:32.762  9771 10798 W FontLog : \tat angs.run(:com.google.android.gms@242335041@24.23.35 (190800-646585959):76)", "10-02 22:25:32.762  9771 10798 W FontLog : \tat java.util.concurrent.ThreadPoolExecutor.runWorker(ThreadPoolExecutor.java:1145)", "--", "10-02 22:25:39.520  9771  9780 I ChimeraSrvcProxy: NullBinder for android.net.action.RECOMMEND_NETWORKS triggering remote TransactionTooLargeException due to Service without Chimera impl", "10-02 22:25:39.521  9771  9780 W .gms.persistent: Large reply transaction of 1056768 bytes, interface descriptor , code 1", "10-02 22:25:39.525 12083 12083 W BpBinder: Linking to death on android.gui.ISurfaceComposer but there are no threads (yet?) listening to incoming transactions. See ProcessState::startThreadPool and ProcessState::setThreadPoolMaxThreadCount. Generally you should setup the binder threadpool before other initialization steps.", "10-02 22:25:39.525 12083 12083 W ProcessState: Extra binder thread started, but 0 threads requested. Do not use *startThreadPool when zero threads are requested.", "10-02 22:25:39.532   169   169 I hwservicemanager: getTransport: Cannot find entry android.hardware.graphics.mapper@4.0::IMapper/default in either framework or device VINTF manifest.", "10-02 22:25:39.532 12083 12084 I Gralloc4: mapper 4.x is not supported", "10-02 22:25:39.697     0     0 I servicemanager: Caller(pid=12083,uid=0,sid=u:r:su:s0) Could not find android.hardware.graphics.allocator.IAllocator/default in the VINTF manifest. No alternative instances declared in VINTF.", "10-02 22:25:39.748  9304  9319 D CompatChangeReporter: Compat change id reported: 261072174; UID 10145; state: ENABLED", "10-02 22:25:41.137  9304  9319 D OomAdjuster: Not killing cached processes", "10-02 22:25:42.862 11931 11937 W l.process.webui: ApkAssets: Deleting an ApkAssets object '<empty> and /data/app/~~Aorxyy4MYJvagWFFjEbVAQ==/com.google.android.webview-d1VcL3ZirhinbqT3gkFNnw==/WebViewGoogle.apk' with 2 weak references", "10-02 22:25:42.862 11931 11937 W System  : A resource failed to call close. ", "10-02 22:25:42.862 11931 11937 W System  : A resource failed to call close. ", "10-02 22:25:42.873  9304  9398 D ActivityManager: freezing 11604 com.google.android.webview:webview_service"]}
{"check":"console-errors","result":["--------- beginning of main", "10-02 22:25:32.608 11931 12019 E chromium: [1002/222532.608603:ERROR:variations_seed_loader.cc(37)] Seed missing signature.", "10-02 22:25:32.608 11931 12019 I chromium: [1002/222532.608909:INFO:variations_seed_loader.cc(66)] Failed to open file for reading.: No such file or directory (2)", "10-02 22:25:32.735 12023 12050 W chromium: [WARNING:runtime_features.cc(694)] SharedStorage for M118+ cannot be enabled in this configuration. Use --enable-features=SharedStorageAPI,SharedStorageAPIM118 in addition.", "10-02 22:25:32.735 12023 12050 W chromium: [WARNING:runtime_features.cc(730)] AttributionReportingCrossAppWeb cannot be enabled in this configuration. Use --enable-features=ConversionMeasurement,AttributionReportingCrossAppWeb in addition.", "10-02 22:25:32.928 11931 11931 I chromium: [INFO:CONSOLE(53)] \"Injecting <script> tag. Using callback.\", source:  (53)", "10-02 22:25:37.369 11204 11835 E chromium: [ERROR:ssl_client_socket_impl.cc(879)] handshake failed; returned -1, SSL error code 1, net_error -103"]}
{"check":"first-frame-warm","result":{"url":"https://mui.kernelsu.org/index.html","socket":"webview_devtools_remote_11931","value":{"firstFrameMs":381,"now":15051,"flutter":true,"resizes":[],"paint":{"first-paint":735,"first-contentful-paint":735},"calls":[[25,"at-preload","ksu:undefined webui:undefined"],[28,"ksu-defined"],[31,"wrap-failed","exec"],[32,"wrap-failed","spawn"],[33,"wrap-failed","moduleInfo"],[34,"wrap-failed","fullScreen"],[35,"wrap-failed","toast"]],"resources":[["/flutter_bootstrap.js",22,46,"script",0],["/internal/assets/ext/require.js",22,36,"script",0],["/canvaskit/chromium/canvaskit.wasm",85,131,"fetch",0],["/canvaskit/chromium/canvaskit.js",85,98,"other",0],["/main.dart.js",86,123,"script",0],["/assets/FontManifest.json",315,326,"fetch",0],["/favicon.png",327,333,"other",0],["/assets/fonts/MaterialIcons-Regular.otf",328,335,"fetch",0],["/assets/packages/cupertino_icons/assets/CupertinoIcons.ttf",329,335,"fetch",0],["/assets/fonts/fallback/Roboto-Regular.ttf",329,336,"fetch",0],["/favicon.png",735,749,"other",0]],"marks":[],"measures":[],"fonts":[]}}}
{"check":"apk","result":"pkg com.webui.termux.api sha256 c629df377c72f1d7b1f9a25f9a9f4713c5d0a2356f1e65a82f1ec027e4f4672a aapt2 /usr/local/lib/android/sdk/build-tools/37.0.0/aapt2"}
/home/runner/work/devicelab/devicelab/out/sockprobe: 1 file pushed, 0 skipped. 202.2 MB/s (3501403 bytes in 0.017s)
hold-apk/webui-termux-api_v0.53.0-webui.8.apk: 1 file pushed, 0 skipped. 292.9 MB/s (3803013 bytes in 0.012s)
{"check":"install","result":"Success\npackage:/data/app/~~hK04BfwH30OZ6HgypKf9cA==/com.webui.termux.api-WkheTWDgTaMbspL8JqZ4Tw==/base.apk\n    versionCode=1010 minSdk=24 targetSdk=28\n    versionName=0.53.0-webui.8\nFailed to write while dumping service package: Broken pipe"}
{"check":"su-domain","result":"su: invalid uid/gid '-c'\n\nls: /system/bin/su: No such file or directory\n-rwxr-xr-x 1 root root 4941416 2026-10-02 22:19 /data/adb/ksud"}
{"check":"idle-start","result":"Starting service: Intent { cmp=com.webui.termux.api/com.termux.api.RootHelperService }"}
{"check":"idle-up","result":"1"}
{"check":"idle-gone","result":"9"}
{"check":"ksu-setcon-start","result":"Starting service: Intent { cmp=com.webui.termux.api/com.termux.api.RootHelperService }"}
{"check":"ksu-setcon-held","result":"up=0 {\"error\":\"write /proc/thread-self/attr/current: operation not permitted\",\"op\":\"setcon\"}"}
{"check":"ksu-setcon-holder","result":"{\"error\":\"write /proc/thread-self/attr/current: operation not permitted\",\"op\":\"setcon\"}"}
{"check":"ksu-setcon-gone","result":"0"}
{"check":"ksu-setcon-avc","result":""}
{"check":"ksu-su-start","result":"Starting service: Intent { cmp=com.webui.termux.api/com.termux.api.RootHelperService }"}
{"check":"ksu-su-held","result":"up=0 su: invalid uid/gid '-c'"}
{"check":"ksu-su-holder","result":"su: invalid uid/gid '-c'"}
{"check":"ksu-su-gone","result":"0"}
{"check":"ksu-su-avc","result":""}
{"check":"su-adbroot-start","result":"Starting service: Intent { cmp=com.webui.termux.api/com.termux.api.RootHelperService }"}
{"check":"su-adbroot-held","result":"up=1 {\"context\":\"u:r:su:s0\",\"op\":\"as\",\"uid\":0}\n{\"connected\":\"2026-10-02T22:26:55.778165419Z\",\"op\":\"hold\",\"path\":\"@com.webui.termux.api/hold\"}"}
{"check":"su-adbroot-holder","result":"{\"context\":\"u:r:su:s0\",\"op\":\"as\",\"uid\":0}\n{\"connected\":\"2026-10-02T22:26:55.778165419Z\",\"op\":\"hold\",\"path\":\"@com.webui.termux.api/hold\"}\n{\"at\":\"2026-10-02T22:27:15.797805929Z\",\"op\":\"released\",\"path\":\"@com.webui.termux.api/hold\"}"}
{"check":"su-adbroot-gone","result":"0"}
{"check":"su-adbroot-avc","result":""}
