yes: standard output: Broken pipe
Auto-selecting single ABI x86_64
Do you wish to create a custom hardware profile? [no] lab.avd
lab.ini
emulator Android emulator version 37.2.12.0 (build_id 16428233) (CL:N/A)
* daemon not running; starting now at tcp:5037
* daemon started successfully
booted in 57s: google/sdk_gphone64_x86_64/emu64xa:15/AE3A.240806.043/12960925:userdebug/dev-keys
kernel 6.6.50-android15-8-g8adecb593e9b-ab12525588 -> kmi android15-6.6; tiann/KernelSU v3.3.0
total 16428
drwx------  2 runner runner     4096 Oct  1 17:46 .
drwxrwxrwt 16 root   root       4096 Oct  1 17:45 ..
-rw-r--r--  1 runner runner 10777987 Oct  1 17:46 KernelSU_v3.3.0_32601-release.apk
-rw-r--r--  1 runner runner  5713312 Oct  1 17:46 ksud-x86_64-linux-android
-rw-r--r--  1 runner runner   318824 Oct  1 17:46 lkm-x86_64-android15-6.6_kernelsu.ko
== manager installed (me.weishu.kernelsu, KernelSU_v3.3.0_32601-release.apk)
/tmp/tmp.c6KFfeJ9eV/lkm-x86_64-android15-6.6_kernelsu.ko: 1 file pushed, 0 skipped. 2.5 MB/s (318824 bytes in 0.122s)
/tmp/tmp.c6KFfeJ9eV/ksud-x86_64-linux-android: 1 file pushed, 0 skipped. 91.0 MB/s (5713312 bytes in 0.060s)
== ksud: ksud 3.3.0 (uapi: 2)
== ksud late-load: rc=0
== ksud insmod /data/adb/kernelsu.ko: Error: load module failed: /data/adb/kernelsu.ko

Caused by:
    0: init_module failed without vermagic mismatch
    1: File exists (os error 17)
rc=1
kernelsu              159744  0 
== lsmod: kernelsu              159744  1 
KernelSU_v3.3.0_32601-release.apk
ksud-aarch64-apple-darwin
ksud-aarch64-linux-android
ksud-aarch64-unknown-linux-musl
ksud-x86_64-apple-darwin
ksud-x86_64-linux-android
ksud-x86_64-pc-windows-gnu.exe
ksud-x86_64-unknown-linux-musl
ksuinit-aarch64
ksuinit-x86_64
lkm-aarch64-android12-5.10_kernelsu.ko
lkm-aarch64-android13-5.10_kernelsu.ko
lkm-aarch64-android13-5.15_kernelsu.ko
lkm-aarch64-android14-5.15_kernelsu.ko
lkm-aarch64-android14-6.1_kernelsu.ko
lkm-aarch64-android15-6.6_kernelsu.ko
lkm-aarch64-android16-6.12_kernelsu.ko
lkm-aarch64-android17-6.18_kernelsu.ko
lkm-x86_64-android12-5.10_kernelsu.ko
lkm-x86_64-android13-5.10_kernelsu.ko
lkm-x86_64-android13-5.15_kernelsu.ko
lkm-x86_64-android14-5.15_kernelsu.ko
lkm-x86_64-android14-6.1_kernelsu.ko
lkm-x86_64-android15-6.6_kernelsu.ko
lkm-x86_64-android16-6.12_kernelsu.ko
lkm-x86_64-android17-6.18_kernelsu.ko
== no metamodule asset in tiann/KernelSU v3.3.0
/home/runner/work/devicelab/devicelab/modules/probe/./: 2 files pushed, 0 skipped. 0.0 MB/s (1474 bytes in 0.029s)
== modules: [
  {
    "name": "devicelab probe",
    "author": "p0g-stack",
    "enabled": "true",
    "remove": "false",
    "mount": "false",
    "web": "true",
    "action": "false",
    "description": "Observation module for devicelab. Its WebUI page is driven over DevTools.",
    "version": "1",
    "versionCode": "1",
    "update": "false",
    "id": "devicelab_probe"
  }
]
SELinux: Loaded file context from:
		/system/etc/selinux/plat_file_contexts
		/system_ext/etc/selinux/system_ext_file_contexts
		/vendor/etc/selinux/vendor_file_contexts
== home text: text="LKM" text="Working [Jailbreak mode]" text="Version: 32601-2" text="Manager version" text="v3.3.0 (32601-2)" text="Kernel version" text="6.6.50-android15-8-g8adecb593e9b-ab12525588" text="Device model" text="Google sdk_gphone64_x86_64" text="Fingerprint" text="google/sdk_gphone64_x86_64/emu64xa:15/AE3A.240806.043/12960925:userdebug/dev-keys" text="Enforcing" text="KernelSU" text="Home" text="Superuser" text="1" text="Module" text="Settings" 
== manager activities: me.weishu.kernelsu/.magica.BootCompletedReceiver me.weishu.kernelsu/.ui.MainActivity me.weishu.kernelsu/androidx.core.content.FileProvider me.weishu.kernelsu/androidx.profileinstaller.ProfileInstallReceiver me.weishu.kernelsu/androidx.startup.InitializationProvider 
WebUI-X-v438-release-official.apk
WebUI-X-v438-release-spoofed.apk
== downloaded MMRLApp/WebUI-X-Portable v438 WebUI-X-v438-release-official.apk
Success
== installed com.dergoogler.mmrl.wx uid=10210     versionName=v438-release
== activities: com.dergoogler.mmrl.wx/.ui.activity.CrashHandlerActivity com.dergoogler.mmrl.wx/.ui.activity.MainActivity com.dergoogler.mmrl.wx/.ui.activity.modconf.ModConfActivity com.dergoogler.mmrl.wx/.ui.activity.webui.KsuWebUIActivity com.dergoogler.mmrl.wx/.ui.activity.webui.WebUIActivity com.dergoogler.mmrl.wx/.util.NonRootService com.dergoogler.mmrl.wx/androidx.core.content.FileProvider com.dergoogler.mmrl.wx/androidx.profileinstaller.ProfileInstallReceiver com.dergoogler.mmrl.wx/androidx.startup.InitializationProvider com.dergoogler.mmrl.wx/androidx.work.impl.background.systemalarm.ConstraintProxy com.dergoogler.mmrl.wx/androidx.work.impl.background.systemalarm.ConstraintProxyUpdateReceiver com.dergoogler.mmrl.wx/androidx.work.impl.background.systemalarm.RescheduleReceiver com.dergoogler.mmrl.wx/androidx.work.impl.diagnostics.DiagnosticsReceiver 
ui: tapped 'Superuser' at 120,584
ui: tapped 160,152
ui: tapped 'com.dergoogler.mmrl.wx' at 160,130
[12,230][308,290] Superuser
[243,236][292,284] 
[12,302][308,358] App Profile | Default
[12,26][60,74] 
[260,26][308,74] Settings
ui: tapped switch 1 ('', was checked=false)
== ksud feature list: Available Features: ================================================================================ [ENABLED (1)] su_compat (ID=0)     SU Compatibility Mode - allows authorized apps to gain root via traditional 'su' command  [ENABLED (1)] kernel_umount (ID=1)     Kernel Umount - controls whether kernel automatically unmounts modules when not needed  [DISABLED] sulog (ID=2)     SU Log - streams kernel sulog events to userspace and persists them to disk  [DISABLED] adb_root (ID=3)     ADB Root - Enable adbd root  [DISABLED] selinux_hide (ID=4)     SELinux Hide - sanitize /sys/fs/selinux access results for app UIDs  [DISABLED] webview_zygote_umount (ID=5)     WebView Zygote Umount - unmount modules from WebView zygote and its isolated children  
== su_compat: Feature: su_compat (0) Description: SU Compatibility Mode - allows authorized apps to gain root via traditional 'su' command Value: 1 Status: enabled 
== root grant: ui; su as app uid 10210: su: failed to exec /system/bin/su: No such file or directory
ui: tapped 'KernelSU' at 160,265
[40,165][280,221] Magisk
[40,309][280,389] KernelSU Next
[40,405][280,461] APatch
[40,477][280,557] SukiSU Ultra
[40,573][280,629] Non-Root
[40,644][280,692] Continue with KernelSU
ui: tapped 'Continue with KernelSU' at 160,668
[16,104][304,330] devicelab probe | 1 (1) by p0g-stack | Updated on 1 October 2026 | Observation module for devicelab. Its WebUI page is d
[32,274][90,322] 
[153,274][288,322] Add Shortcut
[220,32][268,80] 
[268,32][316,80] 
[164,796][320,876] Settings
ui: no node with 'Continue with KernelSU'
ui: no node with 'Next'
ui: no node with 'Continue'
ui: no node with 'Grant'
ui: no node with 'Allow'
ui: no node with 'Get started'
ui: no node with 'Done'
ui: no node with 'OK'
ui: no node with 'Finish'
[16,104][304,330] devicelab probe | 1 (1) by p0g-stack | Updated on 1 October 2026 | Observation module for devicelab. Its WebUI page is d
[32,274][90,322] 
[153,274][288,322] Add Shortcut
[220,32][268,80] 
[268,32][316,80] 
[164,796][320,876] Settings
ui: no node with 'Continue with KernelSU'
ui: no node with 'Next'
ui: no node with 'Continue'
ui: no node with 'Grant'
ui: no node with 'Allow'
ui: no node with 'Get started'
ui: no node with 'Done'
ui: no node with 'OK'
ui: no node with 'Finish'
[16,104][304,330] devicelab probe | 1 (1) by p0g-stack | Updated on 1 October 2026 | Observation module for devicelab. Its WebUI page is d
[32,274][90,322] 
[153,274][288,322] Add Shortcut
[220,32][268,80] 
[268,32][316,80] 
[164,796][320,876] Settings
== WebUI X platform after onboarding: preferences.pb 
== devtools sockets: 
inputs/modules/flutter_webui_counter-0.1.5.zip: 1 file pushed, 0 skipped. 137.1 MB/s (21434766 bytes in 0.149s)
== install flutter_webui_counter-0.1.5.zip
  inflating: webroot/fonts/notocoloremoji/v32/Yq6P-KqIXTD0t4D9z1ESnKM3-HpFabsE4tq3luCC7p-aXxcn.3.woff2
  inflating: webroot/fonts/notocoloremoji/v32/Yq6P-KqIXTD0t4D9z1ESnKM3-HpFabsE4tq3luCC7p-aXxcn.8.woff2
  inflating: webroot/fonts/notocoloremoji/v32/Yq6P-KqIXTD0t4D9z1ESnKM3-HpFabsE4tq3luCC7p-aXxcn.2.woff2
   creating: webroot/fonts/notosansmath/
   creating: webroot/fonts/notosansmath/v15/
  inflating: webroot/fonts/notosansmath/v15/7Aump_cpkSecTWaHRlH2hyV5UHkD-V048PW0.woff2
   creating: webroot/fonts/roboto/
   creating: webroot/fonts/roboto/v32/
  inflating: webroot/fonts/roboto/v32/KFOmCnqEu92Fr1Me4GZLCzYlKw.woff2
  inflating: webroot/.last_build_id
  inflating: webroot/config.json
  inflating: webroot/flutter_webui.js
  inflating: customize.sh
- Done
- Module installed successfully!
inputs/modules/counter-v1.0.0.zip: 1 file pushed, 0 skipped. 194.1 MB/s (6582359 bytes in 0.032s)
== install counter-v1.0.0.zip
  inflating: webroot/canvaskit/chromium/canvaskit.wasm
  inflating: webroot/config.json
  inflating: webroot/favicon.png
  inflating: webroot/flutter.js
  inflating: webroot/flutter_bootstrap.js
  inflating: webroot/icons/Icon-192.png
  inflating: webroot/icons/Icon-512.png
  inflating: webroot/icons/Icon-maskable-192.png
  inflating: webroot/icons/Icon-maskable-512.png
  inflating: webroot/index.html
  inflating: webroot/main.dart.js
  inflating: webroot/manifest.json
  inflating: webroot/version.json
- Done
- Module installed successfully!
inputs/modules/demo-v0.1.0.zip: 1 file pushed, 0 skipped. 272.6 MB/s (24313872 bytes in 0.085s)
== install demo-v0.1.0.zip
  inflating: webroot/icons/Icon-512.png
  inflating: webroot/icons/Icon-maskable-192.png
  inflating: webroot/icons/Icon-maskable-512.png
  inflating: webroot/index.html
  inflating: webroot/main.dart.js
  inflating: webroot/manifest.json
  inflating: webroot/pkg/.gitignore
  inflating: webroot/pkg/demo_native.js
  inflating: webroot/pkg/demo_native_bg.wasm
  inflating: webroot/pkg/package.json
  inflating: webroot/version.json
  inflating: webroot/workers/demo_service.web.g.dart.js
  inflating: webroot/workers/hello_service.web.g.dart.js
- Done
- Module installed successfully!
== soft-reboot: 
== after soft-reboot (66s): [
  {
    "versionCode": "1",
    "description": "Observation module for devicelab. Its WebUI page is driven over DevTools.",
    "remove": "false",
    "version": "1",
    "mount": "false",
    "id": "devicelab_probe",
    "name": "devicelab probe",
    "web": "true",
    "action": "false",
    "update": "false",
    "author": "p0g-stack",
    "enabled": "true"
  },
  {
    "enabled": "true",
    "remove": "false",
    "author": "p0g-stack",
    "action": "false",
    "description": "Stock Flutter counter app on flutter-webui (devicelab bring-up build).",
    "name": "flutter-webui Counter",
    "update": "false",
    "versionCode": "6",
    "web": "true",
    "mount": "false",
    "id": "flutter_webui_counter",
    "version": "0.1.5"
  },
  {
    "web": "true",
    "action": "false",
    "enabled": "true",
    "remove": "false",
    "mount": "false",
    "version": "v1.0.0",
    "versionCode": "1",
    "id": "counter",
    "author": "Yuv",
    "name": "Counter",
    "description": "A new Flutter project.",
    "update": "false"
  },
  {
    "version": "v0.1.0",
    "id": "demo",
    "update": "false",
    "web": "true",
    "mount": "false",
    "description": "The demo GUI. Flutter on top of the core.",
    "enabled": "true",
    "name": "Demo",
    "versionCode": "1",
    "author": "",
    "remove": "false",
    "action": "false"
  }
]
total 48
drwxrwxrwx 6 root root 4096 2026-10-01 17:51 .
drwx------ 6 root root 4096 2026-10-01 17:51 ..
drwxr-xr-x 3 root root 4096 2026-10-01 17:51 counter
drwxr-xr-x 5 root root 4096 2026-10-01 17:51 demo
drwxr-xr-x 3 root root 4096 2026-10-01 17:46 devicelab_probe
drwxr-xr-x 4 root root 4096 2026-10-01 17:51 flutter_webui_counter
/home/runner/work/devicelab/devicelab/out/labserver: 1 file pushed, 0 skipped. 37.8 MB/s (7843260 bytes in 0.198s)
Starting: Intent { cmp=com.dergoogler.mmrl.wx/.ui.activity.webui.WebUIActivity (has extras) }
Status: ok
Activity: com.dergoogler.mmrl.wx/.ui.activity.webui.WebUIActivity




https://mui.kernelsu.org/index.html
opened: intent
{"check":"targets","result":[{"socket": "webview_devtools_remote_9117", "type": "page", "url": "https://mui.kernelsu.org/index.html", "title": "devicelab probe"}]}
{"check":"globals","result":{"url":"https://mui.kernelsu.org/index.html","socket":"webview_devtools_remote_9117","value":{"ua":"WebUI X/438 (Linux; Android 15; sdk_gphone64_x86_64; KernelSU/32601)","origin":"https://mui.kernelsu.org","href":"https://mui.kernelsu.org/index.html","globals":["$DeFile","$DeFileInputStream","$DeFileOutputStream","$devicelab_probe","$intent","$packageManager","$userManager","ksu","webui"],"ksu":["exec","execBool","fullScreen","mmrl","moduleInfo","spawn","toast","exec","execBool","fullScreen","mmrl","moduleInfo","spawn","toast"]}}}
{"check":"ksu-exec","result":{"url":"https://mui.kernelsu.org/index.html","socket":"webview_devtools_remote_9117","value":{"code":0,"out":"uid=0(root) gid=0(root) groups=0(root) context=u:r:ksu:s0\nu:r:ksu:s0\u0000","err":""}}}
{"check":"ws-loopback","result":{"url":"https://mui.kernelsu.org/index.html","socket":"webview_devtools_remote_9117","value":{"got":["{\"origin\":\"https://mui.kernelsu.org\",\"peerUid\":10210,\"remote\":\"127.0.0.1:35754\",\"serverUid\":0,\"t\":1790877162103,\"uidSource\":\"/proc/net/tcp\"}","hi"],"ms":350}}}
{"check":"fetch-loopback","result":{"url":"https://mui.kernelsu.org/index.html","socket":"webview_devtools_remote_9117","value":{"origin":"https://mui.kernelsu.org","peerUid":10210,"remote":"127.0.0.1:35770","serverUid":0,"t":1790877162810,"uidSource":"/proc/net/tcp"}}}
{"check":"webview-uid","result":["webview_zygote 1053 webview_zygote", "u0_a210      10210 com.dergoogler.mmrl.wx", "root             0 com.dergoogler.mmrl.wx:root:0", "root             0 com.dergoogler.mmrl.wx:root:0", "u0_a151      10151 com.google.android.webview:webview_service", "u0_i9000     99000 com.google.android.webview:sandboxed_process0:org.chromium.content.app.SandboxedProcessService0:0", "u0_a151      10151 com.google.android.webview:webview_apk"]}
{"check":"while-home-heartbeat","result":{"url":"https://mui.kernelsu.org/index.html","socket":"webview_devtools_remote_9117","value":{"now":14837,"vis":"hidden"}}}
{"check":"lifecycle","result":{"url":"https://mui.kernelsu.org/index.html","socket":"webview_devtools_remote_9117","value":{"events":[{"type":"pageshow","t":718,"vis":"visible"},{"type":"visibilitychange","t":8306,"vis":"hidden"}],"gaps":[],"slow":{"heldMs":3000,"sentAt":1790877166836,"resolvedAt":1790877166852,"vis":"hidden"}}}}
{"check":"dev-url","result":{"error":"no page target","sockets":["webview_devtools_remote_9117"],"targets":[{"socket":"webview_devtools_remote_9117","port":9300,"description":"{\"attached\":true,\"empty\":false,\"height\":640,\"never_attached\":false,\"screenX\":0,\"screenY\":0,\"visible\":false,\"width\":320}","devtoolsFrontendUrl":"https://chrome-devtools-frontend.appspot.com/serve_internal_file/@7741f71cbce3b7dfe3eb5890976d2596364b0733/inspector.html?ws=127.0.0.1:9300/devtools/page/CFF3FB28EC2B7F1A13E529884A637449","id":"CFF3FB28EC2B7F1A13E529884A637449","title":"devicelab probe","type":"page","url":"https://mui.kernelsu.org/index.html","webSocketDebuggerUrl":"ws://127.0.0.1:9300/devtools/page/CFF3FB28EC2B7F1A13E529884A637449"}]}}
Starting: Intent { cmp=com.dergoogler.mmrl.wx/.ui.activity.webui.WebUIActivity (has extras) }
Status: ok
Activity: com.dergoogler.mmrl.wx/.ui.activity.webui.WebUIActivity


https://mui.kernelsu.org/index.html
opened: intent
{"check":"targets","result":[{"type": "page", "url": "https://mui.kernelsu.org/index.html", "title": "Flutter Demo"}]}
{"check":"page","result":{"url":"https://mui.kernelsu.org/index.html","socket":"webview_devtools_remote_9902","value":{"href":"https://mui.kernelsu.org/index.html","title":"Flutter Demo","ready":"complete","flutter":true,"glass":true,"nav":{"dcl":587,"load":4046},"paint":{"first-paint":2674,"first-contentful-paint":7565},"glassAt":"present","firstFrame":null,"insets":"24px","vv":[320,640,1]}}}
{"check":"java-exceptions","result":["10-01 17:53:22.921  8940  8992 E SliceIndexUpdateTask: \tat java.util.AbstractList.add(AbstractList.java:155)", "10-01 17:53:22.921  8940  8992 E SliceIndexUpdateTask: \tat java.util.AbstractList.add(AbstractList.java:113)", "10-01 17:53:22.921  8940  8992 E SliceIndexUpdateTask: \tat java.util.AbstractCollection.addAll(AbstractCollection.java:336)", "10-01 17:53:22.921  8940  8992 E SliceIndexUpdateTask: \tat ekh.e(PG:55)", "10-01 17:53:22.921  8940  8992 E SliceIndexUpdateTask: \tat ekh.d(PG:1)", "10-01 17:53:22.921  8940  8992 E SliceIndexUpdateTask: \tat ekh.doInBackground(PG:3)", "10-01 17:53:22.921  8940  8992 E SliceIndexUpdateTask: \tat android.os.AsyncTask$3.call(AsyncTask.java:394)", "10-01 17:53:22.921  8940  8992 E SliceIndexUpdateTask: \tat java.util.concurrent.FutureTask.run(FutureTask.java:264)", "10-01 17:53:22.921  8940  8992 E SliceIndexUpdateTask: \tat android.os.AsyncTask$SerialExecutor$1.run(AsyncTask.java:305)", "10-01 17:53:22.921  8940  8992 E SliceIndexUpdateTask: \tat java.util.concurrent.ThreadPoolExecutor.runWorker(ThreadPoolExecutor.java:1145)", "10-01 17:53:22.921  8940  8992 E SliceIndexUpdateTask: \tat java.util.concurrent.ThreadPoolExecutor$Worker.run(ThreadPoolExecutor.java:644)", "10-01 17:53:22.921  8940  8992 E SliceIndexUpdateTask: \tat java.lang.Thread.run(Thread.java:1012)", "--", "10-01 17:53:27.258  7576  7962 I ChimeraSrvcProxy: NullBinder for android.net.action.RECOMMEND_NETWORKS triggering remote TransactionTooLargeException due to Service without Chimera impl", "10-01 17:53:27.258  7576  7962 W .gms.persistent: Large reply transaction of 1056768 bytes, interface descriptor , code 1", "10-01 17:53:27.264  7483  8430 E PhoneInterfaceManager: getCarrierPrivilegeStatusForUid: Invalid subId", "10-01 17:53:27.265  7892  8305 I BugleRcsEngine: RCS Configuration storage in Bugle is disabled by p/h flag, using ProvisioningEngineStateCacheUtil.getProvisioningConfigurationForGivenSimIfExist() [CONTEXT log_prefix=\"ProvisioningEngineDataRetriever\" thread_id=65 ]", "10-01 17:53:27.269  8304  8431 E MDD     : DownloadProgressMonitor: Can't find file group for uri: android://com.google.android.apps.messaging/files/datadownload/shared/public/datadownloadfile_1790877140659", "10-01 17:53:27.273  8304  8651 D dasx    : Starting download: https://www.gstatic.com/messages/smarts/smart_actions_emotive_models/hanukkah_templates.pb", "10-01 17:53:27.273  8304  8651 V dasx    : Is http uri, downloading (uri: https://www.gstatic.com/messages/smarts/smart_actions_emotive_models/hanukkah_templates.pb)", "10-01 17:53:27.300  8304  8640 E MDD     : DownloadProgressMonitor: Can't find file group for uri: android://com.google.android.apps.messaging/files/datadownload/shared/public/datadownloadfile_1790877140660", "10-01 17:53:27.303  8304  8431 D dasx    : Starting download: https://www.gstatic.com/messages/smarts/smart_actions_grammars/pumpkin_model_config_sticker_hanukkah.pb", "10-01 17:53:27.304  8304  8431 V dasx    : Is http uri, downloading (uri: https://www.gstatic.com/messages/smarts/smart_actions_grammars/pumpkin_model_config_sticker_hanukkah.pb)", "10-01 17:53:27.332  8304  8651 E MDD     : DownloadProgressMonitor: Can't find file group for uri: android://com.google.android.apps.messaging/files/datadownload/shared/public/datadownloadfile_1790877140661", "10-01 17:53:27.335  8304  8640 D dasx    : Starting download: https://www.gstatic.com/messages/smarts/smart_actions_grammars/model_based_providers_config_pumpkin_sticker_hanukkah.pb", "10-01 17:53:27.335  8304  8640 V dasx    : Is http uri, downloading (uri: https://www.gstatic.com/messages/smarts/smart_actions_grammars/model_based_providers_config_pumpkin_sticker_hanukkah.pb)", "--", "10-01 17:53:30.314  7576  7962 I ChimeraSrvcProxy: NullBinder for android.net.action.RECOMMEND_NETWORKS triggering remote TransactionTooLargeException due to Service without Chimera impl", "10-01 17:53:30.314  7576  7962 W .gms.persistent: Large reply transaction of 1056768 bytes, interface descriptor , code 1", "10-01 17:53:30.316  8304  8431 D dasx    : Starting download: https://c.tenor.com/uwVXJKa4zPAAAAAk/tenor.gif", "10-01 17:53:30.316  8304  8431 V dasx    : Is http uri, downloading (uri: https://c.tenor.com/uwVXJKa4zPAAAAAk/tenor.gif)", "10-01 17:53:30.318  8304  8651 D dasx    : Starting download: https://c.tenor.com/yo4EXUSX8TkAAAAk/tenor.gif", "10-01 17:53:30.318  8304  8651 V dasx    : Is http uri, downloading (uri: https://c.tenor.com/yo4EXUSX8TkAAAAk/tenor.gif)", "10-01 17:53:30.328  8304  8651 E MDD     : DownloadProgressMonitor: Can't find file group for uri: android://com.google.android.apps.messaging/files/datadownload/shared/public/datadownloadfile_1790877140744", "10-01 17:53:30.329  8304  8431 E MDD     : DownloadProgressMonitor: Can't find file group for uri: android://com.google.android.apps.messaging/files/datadownload/shared/public/datadownloadfile_1790877140743", "10-01 17:53:30.335  8304  8640 D dasx    : Starting download: https://c.tenor.com/1Uxfz02VWCAAAAAk/tenor.gif", "10-01 17:53:30.335  8304  8640 V dasx    : Is http uri, downloading (uri: https://c.tenor.com/1Uxfz02VWCAAAAAk/tenor.gif)", "10-01 17:53:30.338  8304  8651 D dasx    : Starting download: https://c.tenor.com/97HoAIHO_TMAAAAk/tenor.gif", "10-01 17:53:30.338  8304  8651 V dasx    : Is http uri, downloading (uri: https://c.tenor.com/97HoAIHO_TMAAAAk/tenor.gif)", "10-01 17:53:30.351  8304  8651 E MDD     : DownloadProgressMonitor: Can't find file group for uri: android://com.google.android.apps.messaging/files/datadownload/shared/public/datadownloadfile_1790877140746"]}
{"check":"console-errors","result":["--------- beginning of main", "10-01 17:53:12.834  9902 10011 E chromium: [1001/175312.834317:ERROR:variations_seed_loader.cc(37)] Seed missing signature.", "10-01 17:53:12.835  9902 10011 I chromium: [1001/175312.835054:INFO:variations_seed_loader.cc(66)] Failed to open file for reading.: No such file or directory (2)", "10-01 17:53:13.828 10016 10036 W chromium: [WARNING:runtime_features.cc(694)] SharedStorage for M118+ cannot be enabled in this configuration. Use --enable-features=SharedStorageAPI,SharedStorageAPIM118 in addition.", "10-01 17:53:13.828 10016 10036 W chromium: [WARNING:runtime_features.cc(730)] AttributionReportingCrossAppWeb cannot be enabled in this configuration. Use --enable-features=ConversionMeasurement,AttributionReportingCrossAppWeb in addition.", "10-01 17:53:15.051 10016 10036 I chromium: [INFO:viewport_data.cc(133)] E2E_Used ViewportFitCover", "10-01 17:53:15.415  9902  9902 I chromium: [INFO:CONSOLE(53)] \"Injecting <script> tag. Using callback.\", source:  (53)"]}
{"check":"first-frame-warm","result":{"url":"https://mui.kernelsu.org/index.html","socket":"webview_devtools_remote_9902","value":{"firstFrameMs":1314,"now":15059,"flutter":true,"resizes":[],"paint":{"first-paint":976,"first-contentful-paint":3303},"calls":[[246,"at-preload","ksu:undefined webui:undefined"],[272,"ksu-defined"],[284,"wrap-failed","exec"],[286,"wrap-failed","spawn"],[288,"wrap-failed","moduleInfo"],[289,"wrap-failed","fullScreen"],[289,"wrap-failed","toast"]],"resources":[["/internal/insets.css",228,292,"link",0],["/flutter_webui.css",228,301,"link",0],["/flutter_webui.js",229,318,"script",0],["/flutter_bootstrap.js",230,366,"script",0],["/internal/assets/ext/require.js",230,299,"script",0],["/canvaskit/chromium/canvaskit.wasm",472,633,"fetch",0],["/canvaskit/chromium/canvaskit.js",474,492,"other",0],["/main.dart.js",476,530,"script",0],["/assets/FontManifest.json",927,1001,"fetch",0],["/favicon.ico",938,942,"other",0],["/assets/fonts/MaterialIcons-Regular.otf",1006,1054,"fetch",0],["/assets/packages/cupertino_icons/assets/CupertinoIcons.ttf",1006,1032,"fetch",0],["/assets/fonts/fallback/Roboto-Regular.ttf",1007,1048,"fetch",0]],"marks":[["flutter_webui:register",1058],["flutter_webui:registered",1076],["flutter_webui:first-frame",1314]],"measures":[],"fonts":[]}}}
{"check":"root-start","result":{"url":"https://mui.kernelsu.org/index.html","socket":"webview_devtools_remote_9902","value":{"code":0,"out":"","err":"","ms":320}}}
{"check":"session","result":{"url":"https://mui.kernelsu.org/index.html","socket":"webview_devtools_remote_9902","value":{"status":200,"ms":50,"protocol":1,"version":"0.1.0","port":39933,"pid":10173,"tokenLen":43}}}
{"check":"ws-hello","result":{"url":"https://mui.kernelsu.org/index.html","socket":"webview_devtools_remote_9902","value":{"first":"{\"op\":\"hello\",\"protocol\":1,\"version\":\"0.1.0\",\"pid\":10173,\"boot\":\"3eb3b52b-7670-45de-b894-72515197827e\",\"uid\":0,\"moduleDir\":\"/data/adb/modules/flutter_webui_counter\"}"}}}
{"check":"channel-process","result":"USER           UID LABEL                            PID NAME                       \nroot             0 u:r:ksu:s0                     10173 ld-linux-x86-64.so.2\nexe=/data/adb/modules/flutter_webui_counter/flutter_webui/x86_64/ld-linux-x86-64.so.2\n/data/adb/modules/flutter_webui_counter/flutter_webui/x86_64/ld-linux-x86-64.so.2 --library-path /data/adb/modules/flutter_webui_counter/flutter_webui/x86_64 /data/adb/modules/flutter_webui_counter/flutter_webui/x86_64/dartaotruntime /data/adb/modules/flutter_webui_counter/flutter_webui/x86_64/flutter_webui_root.aot serve --module-dir /data/adb/modules/flutter_webui_counter \narm64-v8a\nroot\nx86_64\n/data/adb/modules/flutter_webui_counter/flutter_webui/arm64-v8a:\ndartaotruntime\nflutter_webui_root.aot\nld-linux-aarch64.so.1\nlibc.so.6\nlibdl.so.2\nlibm.so.6\nlibpthread.so.0\n\n/data/adb/modules/flutter_webui_counter/flutter_webui/x86_64:\ndartaotruntime\nflutter_webui_root.aot\nld-linux-x86-64.so.2\nlibc.so.6\nlibdl.so.2\nlibm.so.6\nlibpthread.so.0"}
{"check":"root-log","result":"2026-10-01T17:53:49.632039 listening on 127.0.0.1:39933"}
{"check":"session-mode","result":"total 44\ndrwx--x--x 3 root root 4096 2026-10-01 17:53 .\ndrwxr-xr-x 7 root root 4096 2026-10-01 17:53 ..\n-rw------- 1 root root    0 2026-10-01 17:53 lock\ndrwx------ 2 root root 4096 2026-10-01 17:53 proc\n-rw------- 1 root root   56 2026-10-01 17:53 root.log\n-rw-r--r-- 1 root root  197 2026-10-01 17:53 session.json"}
{"check":"home-resume","result":{"url":"https://mui.kernelsu.org/index.html","socket":"webview_devtools_remote_9902","value":{"events":[["visibilitychange","hidden",18021],["visibilitychange","visible",25234]],"ticks":14,"vis":"visible","hasFocus":false}}}
{"check":"before-back","result":{"url":"https://mui.kernelsu.org/index.html","socket":"webview_devtools_remote_9902","value":{"historyLength":1,"historyState":"{\"flutter\":true}","href":"https://mui.kernelsu.org/index.html","typeofWebui":"object","typeofWebuiExit":"function","typeofKsuExit":"undefined","webuiKeys":["exit","getAdditionalConfig","getApplication","getCurrentApplication","getCurrentRootManager","isDebug","openFile","setRefreshing","setRefreshingEnabled","startActivity"],"wrapped":"not writable"}}}
{"check":"back-events","result":{"error":"no page target","sockets":[],"targets":[]}}
{"check":"back-console","result":["10-01 17:54:02.044  7102  9113 W ActivityManager: Exception when destroying service com.dergoogler.mmrl.wx/org.chromium.content.app.SandboxedProcessService0:0", "10-01 17:54:02.050  7102  9113 I ActivityManager: Killing 10016:com.google.android.webview:sandboxed_process0:org.chromium.content.app.SandboxedProcessService0:0/u0a210i1 (adj 0): isolated not needed", "10-01 17:54:02.468  7102  9798 I ActivityTaskManager: START u0 {cmp=com.android.chrome/org.chromium.chrome.browser.firstrun.FirstRunActivity (has extras)} with LAUNCH_SINGLE_TOP from uid 10145 (BAL_ALLOW_VISIBLE_WINDOW) result code=0", "10-01 17:54:02.644  7102  7385 D CoreBackPreview: Window{593a9ef u0 com.android.chrome/org.chromium.chrome.browser.firstrun.FirstRunActivity}: Setting back callback OnBackInvokedCallbackInfo{mCallback=android.window.IOnBackInvokedCallback$Stub$Proxy@8e48f85, mPriority=-1, mIsAnimationCallback=false}", "10-01 17:54:02.645  7102  7385 D CoreBackPreview: Window{593a9ef u0 com.android.chrome/org.chromium.chrome.browser.firstrun.FirstRunActivity}: Setting back callback OnBackInvokedCallbackInfo{mCallback=android.window.IOnBackInvokedCallback$Stub$Proxy@2e9d1da, mPriority=0, mIsAnimationCallback=true}", "10-01 17:54:03.618  7102  7121 I ActivityTaskManager: Displayed com.android.chrome/org.chromium.chrome.browser.firstrun.FirstRunActivity for user 0: +1s220ms", "10-01 17:54:04.257 10311 10311 D nativeloader: Load /data/app/~~VPGVEtTb9112dHCDLh-gpA==/com.android.chrome-SQ52J-fFnA34AdG6gdfUGw==/Chrome.apk!/lib/x86_64/libchromium_android_linker.so using ns clns-8 from class loader (caller=/data/app/~~VPGVEtTb9112dHCDLh-gpA==/com.android.chrome-SQ52J-fFnA34AdG6gdfUGw==/Chrome.apk): ok", "10-01 17:54:04.342  9167  9167 I chromium: [INFO:chrome_browser_cloud_management_controller.cc(273)] Deferring CBCM Controller Initialization until it is unblocked.", "10-01 17:54:04.426  7102  7139 I ActivityManager: Start proc 10336:com.android.chrome:sandboxed_process0:org.chromium.content.app.SandboxedProcessService0:0/u0ai0 for  {com.android.chrome/org.chromium.content.app.SandboxedProcessService0:0}", "10-01 17:54:04.451  7102  7139 I ActivityManager: Start proc 10347:com.android.chrome:privileged_process0/u0a145 for service {com.android.chrome/org.chromium.content.app.PrivilegedProcessService0}", "10-01 17:54:04.512 10336 10336 I cr_SplitCompatApp: Launched version=124.0.6367.219 minSdkVersion=29 isBundle=true processName=com.android.chrome:sandboxed_process0:org.chromium.content.app.SandboxedProcessService0:0 isIsolated=true", "10-01 17:54:04.702 10347 10362 D nativeloader: Load /data/app/~~VPGVEtTb9112dHCDLh-gpA==/com.android.chrome-SQ52J-fFnA34AdG6gdfUGw==/Chrome.apk!/lib/x86_64/libchromium_android_linker.so using ns clns-8 from class loader (caller=/data/app/~~VPGVEtTb9112dHCDLh-gpA==/com.android.chrome-SQ52J-fFnA34AdG6gdfUGw==/Chrome.apk): ok", "10-01 17:54:05.003  9167 10294 D MainContentCaptureSession: Destroying session (ctx=org.chromium.chrome.browser.document.ChromeLauncherActivity@7ca6179, id=-159199061) with 0 event(s) for pkg:com.android.chrome [state=0 (UNKNOWN), disabled=false]", "10-01 17:54:05.016  9167 10294 D MainContentCaptureSession: Destroying session (ctx=org.chromium.chrome.browser.document.ChromeLauncherActivity@313f488, id=1687293078) with 0 event(s) for pkg:com.android.chrome [state=0 (UNKNOWN), disabled=false]", "10-01 17:54:05.262  9167 10324 W chromium: [WARNING:ev_root_ca_metadata.cc(119)] Not implemented"]}
{"check":"back-at-root","result":"topResumedActivity=ActivityRecord{ebe3aed u0 com.android.chrome/org.chromium.chrome.browser.firstrun.FirstRunActivity t18}"}
Starting: Intent { cmp=com.dergoogler.mmrl.wx/.ui.activity.webui.WebUIActivity (has extras) }
Status: ok
Activity: com.dergoogler.mmrl.wx/.ui.activity.webui.WebUIActivity

https://mui.kernelsu.org/index.html
opened: intent
{"check":"targets","result":[{"type": "page", "url": "https://mui.kernelsu.org/index.html", "title": "Flutter Demo"}]}
{"check":"page","result":{"url":"https://mui.kernelsu.org/index.html","socket":"webview_devtools_remote_10419","value":{"href":"https://mui.kernelsu.org/index.html","title":"Flutter Demo","ready":"complete","flutter":true,"glass":true,"nav":{"dcl":622,"load":1292},"paint":{"first-paint":4053,"first-contentful-paint":4053},"glassAt":"present","firstFrame":null,"insets":"24px","vv":[320,640,1]}}}
{"check":"java-exceptions","result":["10-01 17:54:18.125  8304  8651 E dqod    : \tat dqra.run(PG:30)", "10-01 17:54:18.125  8304  8651 E dqod    : \tat dqqd.execute(PG:1)", "10-01 17:54:18.125  8304  8651 E dqod    : \tat dqod.o(PG:1)", "10-01 17:54:18.125  8304  8651 E dqod    : \tat dqod.b(PG:41)", "10-01 17:54:18.125  8304  8651 E dqod    : \tat dqrh.s(PG:9)", "10-01 17:54:18.125  8304  8651 E dqod    : \tat dksz.l(PG:5)", "10-01 17:54:18.125  8304  8651 E dqod    : \tat cyat.a(PG:138)", "10-01 17:54:18.125  8304  8651 E dqod    : \tat bilp.a(PG:29)", "10-01 17:54:18.125  8304  8651 E dqod    : \tat cwzc.r(PG:24)", "10-01 17:54:18.125  8304  8651 E dqod    : \tat cwws.a(PG:5)", "--", "10-01 17:54:18.125  8304  8651 E dqod    : RuntimeException while executing runnable dqra{dkqj@455c3fb} with executor MoreExecutors.directExecutor()", "10-01 17:54:18.125  8304  8651 E dqod    : java.lang.NullPointerException: Attempt to read from field 'java.lang.String cwru.b' on a null object reference in method 'void cyar.b(java.lang.Object)'", "10-01 17:54:18.125  8304  8651 E dqod    : \tat cyar.b(PG:11)", "10-01 17:54:18.125  8304  8651 E dqod    : \tat dkqj.b(PG:13)", "10-01 17:54:18.125  8304  8651 E dqod    : \tat dqra.run(PG:30)", "10-01 17:54:18.125  8304  8651 E dqod    : \tat dqqd.execute(PG:1)", "10-01 17:54:18.125  8304  8651 E dqod    : \tat dqod.o(PG:1)", "10-01 17:54:18.125  8304  8651 E dqod    : \tat dqod.b(PG:41)", "10-01 17:54:18.125  8304  8651 E dqod    : \tat dqrh.s(PG:9)", "10-01 17:54:18.125  8304  8651 E dqod    : \tat dksz.l(PG:5)", "10-01 17:54:18.125  8304  8651 E dqod    : \tat cyat.a(PG:138)", "10-01 17:54:18.125  8304  8651 E dqod    : \tat bilp.a(PG:29)", "10-01 17:54:18.125  8304  8651 E dqod    : \tat cwzc.r(PG:24)", "10-01 17:54:18.125  8304  8651 E dqod    : \tat cwws.a(PG:5)", "--", "10-01 17:54:18.126  8304  8651 E dqod    : RuntimeException while executing runnable dqra{dkqj@dc47671} with executor MoreExecutors.directExecutor()", "10-01 17:54:18.126  8304  8651 E dqod    : java.lang.NullPointerException: Attempt to read from field 'java.lang.String cwru.b' on a null object reference in method 'void cyar.b(java.lang.Object)'", "10-01 17:54:18.126  8304  8651 E dqod    : \tat cyar.b(PG:11)", "10-01 17:54:18.126  8304  8651 E dqod    : \tat dkqj.b(PG:13)", "10-01 17:54:18.126  8304  8651 E dqod    : \tat dqra.run(PG:30)", "10-01 17:54:18.126  8304  8651 E dqod    : \tat dqqd.execute(PG:1)", "10-01 17:54:18.126  8304  8651 E dqod    : \tat dqod.o(PG:1)", "10-01 17:54:18.126  8304  8651 E dqod    : \tat dqod.b(PG:41)", "10-01 17:54:18.126  8304  8651 E dqod    : \tat dqrh.s(PG:9)", "10-01 17:54:18.126  8304  8651 E dqod    : \tat dksz.l(PG:5)", "10-01 17:54:18.126  8304  8651 E dqod    : \tat cyat.a(PG:138)", "10-01 17:54:18.126  8304  8651 E dqod    : \tat bilp.a(PG:29)", "10-01 17:54:18.126  8304  8651 E dqod    : \tat cwzc.r(PG:24)", "10-01 17:54:18.126  8304  8651 E dqod    : \tat cwws.a(PG:5)"]}
{"check":"console-errors","result":["--------- beginning of main", "10-01 17:54:11.106 10419 10509 E chromium: [1001/175411.102863:ERROR:variations_seed_loader.cc(37)] Seed missing signature.", "10-01 17:54:11.106 10419 10509 I chromium: [1001/175411.106237:INFO:variations_seed_loader.cc(66)] Failed to open file for reading.: No such file or directory (2)", "10-01 17:54:11.657 10515 10539 W chromium: [WARNING:runtime_features.cc(694)] SharedStorage for M118+ cannot be enabled in this configuration. Use --enable-features=SharedStorageAPI,SharedStorageAPIM118 in addition.", "10-01 17:54:11.662 10515 10539 W chromium: [WARNING:runtime_features.cc(730)] AttributionReportingCrossAppWeb cannot be enabled in this configuration. Use --enable-features=ConversionMeasurement,AttributionReportingCrossAppWeb in addition.", "10-01 17:54:12.824 10419 10419 I chromium: [INFO:CONSOLE(53)] \"Injecting <script> tag. Using callback.\", source:  (53)", "10-01 17:54:14.652  9167 10331 E chromium: [ERROR:ssl_client_socket_impl.cc(879)] handshake failed; returned -1, SSL error code 1, net_error -103"]}
{"check":"first-frame-warm","result":{"url":"https://mui.kernelsu.org/index.html","socket":"webview_devtools_remote_10419","value":{"firstFrameMs":728,"now":15055,"flutter":true,"resizes":[],"paint":{"first-paint":1509,"first-contentful-paint":1509},"calls":[[118,"at-preload","ksu:undefined webui:undefined"],[136,"ksu-defined"],[148,"wrap-failed","exec"],[150,"wrap-failed","spawn"],[153,"wrap-failed","moduleInfo"],[154,"wrap-failed","fullScreen"],[156,"wrap-failed","toast"]],"resources":[["/flutter_bootstrap.js",88,171,"script",0],["/internal/assets/ext/require.js",88,164,"script",0],["/canvaskit/chromium/canvaskit.wasm",214,340,"fetch",0],["/canvaskit/chromium/canvaskit.js",215,247,"other",0],["/main.dart.js",216,314,"script",0],["/assets/FontManifest.json",583,612,"fetch",0],["/favicon.png",590,618,"other",0],["/assets/fonts/MaterialIcons-Regular.otf",613,637,"fetch",0],["/assets/packages/cupertino_icons/assets/CupertinoIcons.ttf",614,637,"fetch",0],["/assets/fonts/fallback/Roboto-Regular.ttf",614,629,"fetch",0],["/favicon.png",1505,1576,"other",0]],"marks":[],"measures":[],"fonts":[]}}}
Starting: Intent { cmp=com.dergoogler.mmrl.wx/.ui.activity.webui.WebUIActivity (has extras) }
Status: ok
Activity: com.dergoogler.mmrl.wx/.ui.activity.webui.WebUIActivity

https://mui.kernelsu.org/index.html
opened: intent
{"check":"targets","result":[{"type": "page", "url": "https://mui.kernelsu.org/index.html", "title": "Demo"}]}
{"check":"page","result":{"url":"https://mui.kernelsu.org/index.html","socket":"webview_devtools_remote_10633","value":{"href":"https://mui.kernelsu.org/index.html","title":"Demo","ready":"complete","flutter":true,"glass":true,"nav":{"dcl":199,"load":2426},"paint":{"first-paint":1765,"first-contentful-paint":5555},"glassAt":"present","firstFrame":null,"insets":"24px","vv":[320,640,1]}}}
{"check":"java-exceptions","result":["10-01 17:54:48.405 10633 10633 E JavaScriptInterfaceImplementation.createNewWX(...): \tat com.dergoogler.mmrl.wx.ui.activity.webui.WebUIActivity.init$lambda$4$lambda$3$lambda$2(WebUIActivity.kt:219)", "10-01 17:54:48.405 10633 10633 E JavaScriptInterfaceImplementation.createNewWX(...): \tat com.dergoogler.mmrl.wx.ui.activity.webui.WebUIActivity.$r8$lambda$_nZAC8A9f41jkM28VFfiLo2SZbA(Unknown Source:0)", "10-01 17:54:48.405 10633 10633 E JavaScriptInterfaceImplementation.createNewWX(...): \tat com.dergoogler.mmrl.wx.ui.activity.webui.WebUIActivity$$ExternalSyntheticLambda2.invoke(D8$$SyntheticClass:0)", "10-01 17:54:48.405 10633 10633 E JavaScriptInterfaceImplementation.createNewWX(...): \tat com.dergoogler.mmrl.hybridwebui.HybridWebUI.setupDependencies(HybridWebUI.kt:106)", "10-01 17:54:48.405 10633 10633 E JavaScriptInterfaceImplementation.createNewWX(...): \tat com.dergoogler.mmrl.hybridwebui.HybridWebUI.onAttachedToWindow(HybridWebUI.kt:77)", "10-01 17:54:48.405 10633 10633 E JavaScriptInterfaceImplementation.createNewWX(...): \tat android.view.View.dispatchAttachedToWindow(View.java:22860)", "10-01 17:54:48.405 10633 10633 E JavaScriptInterfaceImplementation.createNewWX(...): \tat android.view.ViewGroup.dispatchAttachedToWindow(ViewGroup.java:3492)", "10-01 17:54:48.405 10633 10633 E JavaScriptInterfaceImplementation.createNewWX(...): \tat android.view.ViewGroup.dispatchAttachedToWindow(ViewGroup.java:3499)", "10-01 17:54:48.405 10633 10633 E JavaScriptInterfaceImplementation.createNewWX(...): \tat android.view.ViewGroup.dispatchAttachedToWindow(ViewGroup.java:3499)", "10-01 17:54:48.405 10633 10633 E JavaScriptInterfaceImplementation.createNewWX(...): \tat android.view.ViewGroup.dispatchAttachedToWindow(ViewGroup.java:3499)", "10-01 17:54:48.405 10633 10633 E JavaScriptInterfaceImplementation.createNewWX(...): \tat android.view.ViewGroup.dispatchAttachedToWindow(ViewGroup.java:3499)", "10-01 17:54:48.405 10633 10633 E JavaScriptInterfaceImplementation.createNewWX(...): \tat android.view.ViewGroup.dispatchAttachedToWindow(ViewGroup.java:3499)", "--", "10-01 17:55:04.416  7576 10797 W TapAndPay: java.lang.NullPointerException: NfcAdapter is null", "10-01 17:55:04.416  7576 10797 W TapAndPay: \tat android.nfc.cardemulation.CardEmulation.getInstance(CardEmulation.java:170)", "10-01 17:55:04.416  7576 10797 W TapAndPay: \tat dhwn.<init>(:com.google.android.gms@242335041@24.23.35 (190800-646585959):15)", "10-01 17:55:04.416  7576 10797 W TapAndPay: \tat com.google.android.gms.tapandpay.hce.task.TapAndPayAidRegistrationTaskOperation.a(:com.google.android.gms@242335041@24.23.35 (190800-646585959):50)", "10-01 17:55:04.416  7576 10797 W TapAndPay: \tat com.google.android.gms.tapandpay.gcmtask.TapAndPayGcmTaskChimeraService.a(:com.google.android.gms@242335041@24.23.35 (190800-646585959):32)", "10-01 17:55:04.416  7576 10797 W TapAndPay: \tat bpjj.call(:com.google.android.gms@242335041@24.23.35 (190800-646585959):32)", "10-01 17:55:04.416  7576 10797 W TapAndPay: \tat java.util.concurrent.FutureTask.run(FutureTask.java:264)", "10-01 17:55:04.416  7576 10797 W TapAndPay: \tat angs.c(:com.google.android.gms@242335041@24.23.35 (190800-646585959):50)", "10-01 17:55:04.416  7576 10797 W TapAndPay: \tat angs.run(:com.google.android.gms@242335041@24.23.35 (190800-646585959):76)", "10-01 17:55:04.416  7576 10797 W TapAndPay: \tat java.util.concurrent.ThreadPoolExecutor.runWorker(ThreadPoolExecutor.java:1145)", "10-01 17:55:04.416  7576 10797 W TapAndPay: \tat java.util.concurrent.ThreadPoolExecutor$Worker.run(ThreadPoolExecutor.java:644)", "10-01 17:55:04.416  7576 10797 W TapAndPay: \tat anmg.run(:com.google.android.gms@242335041@24.23.35 (190800-646585959):8)", "10-01 17:55:04.416  7576 10797 W TapAndPay: \tat java.lang.Thread.run(Thread.java:1012)", "--", "10-01 17:55:04.698  9167 10330 E cr_media: java.lang.IllegalArgumentException: {}: BAD_VALUE", "10-01 17:55:04.698  9167 10330 E cr_media: cdm err: 0, oem err: 0, ctx: 0", "10-01 17:55:04.698  9167 10330 E cr_media: ============================== Beginning of DRM Plugin Log ==============================", "10-01 17:55:04.698  9167 10330 E cr_media:   10-01 17:46:28.372 I [cdm_engine.cpp(1092):IsSecurityLevelSupported] level = L1", "10-01 17:55:04.698  9167 10330 E cr_media:   10-01 17:46:28.375 I [file_utils.cpp(38):Exists] stat failed: ENOENT", "10-01 17:55:04.698  9167 10330 E cr_media:   10-01 17:46:28.375 I [oemcrypto_adapter_dynamic.cpp(826):Initialize] Level 3 Build Info (v18): {\"soc_vendor\":\"L3_33100\",\"soc_model\":\"X86 64 bit\",\"ta_ver\":\"18.1.0+Feb 20 2024_20:28:28_\",\"uses_opk\":false,\"tee_os\":\"none\",\"tee_os_ver\":\"0.0.0\",\"form_factor\":\"L3\",\"implementer\":\"Widevine\",\"fused\":false}", "10-01 17:55:04.698  9167 10330 E cr_media:   10-01 17:46:28.377 I [(0):] Level3 Library 33100 Feb 20 2024 20:28:28", "10-01 17:55:04.698  9167 10330 E cr_media:   10-01 17:46:28.389 I [file_utils.cpp(38):Exists] stat failed: ENOENT", "10-01 17:55:04.698  9167 10330 E cr_media:   10-01 17:46:28.390 I [file_utils.cpp(38):Exists] stat failed: ENOENT", "10-01 17:55:04.698  9167 10330 E cr_media:   10-01 17:46:28.394 I [file_utils.cpp(38):Exists] stat failed: ENOENT", "10-01 17:55:04.698  9167 10330 E cr_media:   10-01 17:46:28.397 I [file_utils.cpp(38):Exists] stat failed: ENOENT", "10-01 17:55:04.698  9167 10330 E cr_media:   10-01 17:46:28.397 I [file_utils.cpp(38):Exists] stat failed: ENOENT", "10-01 17:55:04.698  9167 10330 E cr_media:   10-01 17:46:28.397 I [oemcrypto_adapter_dynamic.cpp(890):Level1Terminate] L1 Terminate not needed"]}
{"check":"console-errors","result":["--------- beginning of main", "10-01 17:54:47.934 10633 10719 E chromium: [1001/175447.925479:ERROR:variations_seed_loader.cc(37)] Seed missing signature.", "10-01 17:54:47.935 10633 10719 I chromium: [1001/175447.934948:INFO:variations_seed_loader.cc(66)] Failed to open file for reading.: No such file or directory (2)", "10-01 17:54:48.088 10633 10741 E chromium: [ERROR:simple_file_enumerator.cc(43)] readdir /data/user/0/com.dergoogler.mmrl.wx/cache/WebView/Default/HTTP Cache/Code Cache/wasm: No such file or directory (2)", "10-01 17:54:48.088 10633 10741 E chromium: [ERROR:simple_index_file.cc(614)] Could not reconstruct index from disk", "10-01 17:54:48.281 10724 10751 W chromium: [WARNING:runtime_features.cc(694)] SharedStorage for M118+ cannot be enabled in this configuration. Use --enable-features=SharedStorageAPI,SharedStorageAPIM118 in addition.", "10-01 17:54:48.286 10724 10751 W chromium: [WARNING:runtime_features.cc(730)] AttributionReportingCrossAppWeb cannot be enabled in this configuration. Use --enable-features=ConversionMeasurement,AttributionReportingCrossAppWeb in addition.", "10-01 17:54:48.713 10724 10751 I chromium: [INFO:viewport_data.cc(133)] E2E_Used ViewportFitCover", "10-01 17:54:48.806 10633 10633 I chromium: [INFO:CONSOLE(53)] \"Injecting <script> tag. Using callback.\", source:  (53)", "10-01 17:54:53.906 10633 10633 I chromium: [INFO:CONSOLE(53)] \"Warning: Buffers cannot be shared due to missing cross-origin headers. Please refer to https://fzyzcjy.github.io/flutter_rust_bridge/manual/miscellaneous/web-cross-origin for details.\", source:  (53)", "10-01 17:54:54.118 10633 10633 I chromium: [INFO:CONSOLE(53)] \"using deprecated parameters for the initialization function; pass a single object instead\", source:  (53)", "10-01 17:55:04.710  9167 10330 W chromium: [WARNING:media_drm_origin_id_manager.cc(328)] Failed to provision origin ID"]}
{"check":"first-frame-warm","result":{"url":"https://mui.kernelsu.org/index.html","socket":"webview_devtools_remote_10633","value":{"firstFrameMs":1282,"now":15050,"flutter":true,"resizes":[],"paint":{"first-paint":813,"first-contentful-paint":3143},"calls":[[180,"at-preload","ksu:undefined webui:undefined"],[190,"ksu-defined"],[198,"wrap-failed","exec"],[199,"wrap-failed","spawn"],[199,"wrap-failed","moduleInfo"],[199,"wrap-failed","fullScreen"],[207,"wrap-failed","toast"]],"resources":[["/internal/insets.css",157,208,"link",0],["/flutter_webui.css",157,212,"link",0],["/flutter_webui.js",158,210,"script",0],["/flutter_bootstrap.js",158,227,"script",0],["/internal/assets/ext/require.js",158,210,"script",0],["/canvaskit/chromium/canvaskit.wasm",267,416,"fetch",0],["/canvaskit/chromium/canvaskit.js",268,299,"other",0],["/main.dart.js",269,372,"script",0],["/assets/FontManifest.json",781,847,"fetch",0],["/favicon.ico",816,824,"other",0],["/assets/fonts/MaterialIcons-Regular.otf",848,883,"fetch",0],["/assets/fonts/fallback/Roboto-Regular.ttf",849,896,"fetch",0],["/pkg/demo_native.js",2850,2973,"script",0],["/pkg/demo_native_bg.wasm",3011,3188,"fetch",0]],"marks":[["flutter_webui:register",906],["flutter_webui:registered",920],["flutter_webui:first-frame",1282]],"measures":[],"fonts":[]}}}
{"url":"https://mui.kernelsu.org/index.html","socket":"webview_devtools_remote_10633","value":"semantics on"}
{"check":"home","result":{"url":"https://mui.kernelsu.org/index.html","socket":"webview_devtools_remote_10633","value":["Squadron","Process","native","net","Say hello","Count to 5","SHA-256","Demo pages\nOne page per thing the stack promises.","Places","Strategy","Rust","Lifecycle","Shell","Plugins"]}}
{"check":"colors-css","result":{"url":"https://mui.kernelsu.org/index.html","socket":"webview_devtools_remote_10633","value":{"status":200,"type":"text/css","body":":root {\n\t/* App Base Colors */\n\t--background: #faf8ffff;\n\t--error: #b3261eff;\n\t--errorContainer: #f9dedcff;\n\t--inverseOnSurface: #e3e2e9ff;\n\t--inversePrimary: #b2c5ffff;\n\t--inverseSurface: #121318ff;\n\t--onBackground: #1a1b21ff;\n\t--onError: #ffffffff;\n\t--onErrorContainer: #410e0bff;\n\t--onPrimary: #ffffffff;\n\t--onPrimaryContainer: #001849ff;\n\t--onSecondary: #ffffffff;\n\t--onSecondaryContainer: #151b2cff;\n\t--onSurface: #1a1b21ff;\n\t--onSurfaceVariant: #45464fff;\n\t--onTertiary: #ffffffff;\n\t--onTertiaryContainer: #2b122bff;\n\t--outline: #757780ff;\n\t--outlineVariant: #c5c6d0ff;\n\t--primary: #495d92ff;\n\t--primaryContainer: #dae2ffff;\n\t--scrim: #000000ff;\n\t--secondary: #585e71ff;\n\t--secondaryContainer: #dde2f9ff;\n\t--surface: #faf8ffff;\n\t--tonalSurface: #f1f0f9ff;\n\t--surfaceBright: #faf8ffff;\n\t--surfaceContainer: #eeedf4ff;\n\t--surfaceContainerHigh: #e8e7efff;\n\t--surfaceContainerHighest: #e3e2e9ff;\n\t--surfaceContainerLow: #f4f3faff;\n\t--surfaceContainerLowest: #ffffffff;\n\t--surfaceDim: #dad9e0ff;\n\t--surfaceTint: #495d92ff;\n\t--surfaceVariant: #e1e2ecff;\n\t--tertiary: #735471ff;\n\t--tertiaryContainer: #fed6f9ff;\n\t/* Filled Tonal Button Colors */\n\t--filledTonalButtonContainerColor: #dde2f9ff;\n\t--filledTonalButtonContentColor: #151b2cff;\n\t--filledTonalButtonDisabledContainerColor: #1a1b211f;\n\t--filledTonalButtonDisabledContentColor: #1a1b2161;\n\t/* Filled Card Colors */\n\t--filledCardContainerColor: #e3e2e9ff;\n\t--filledCardContentColor: #1a1b21ff;\n\t--filledCardDisabledContainerColor: #e2e2eaff;\n\t--"}}}
{"check":"wasm-at-home","result":{"url":"https://mui.kernelsu.org/index.html","socket":"webview_devtools_remote_10633","value":{"wasm":[{"name":"chromium/canvaskit.wasm","start":267,"dur":149},{"name":"pkg/demo_native_bg.wasm","start":3011,"dur":177}],"marks":[{"name":"flutter_webui:register","t":906},{"name":"flutter_webui:registered","t":920},{"name":"flutter_webui:first-frame","t":1282}],"measures":[],"now":19605}}}
{"check":"tap-places","result":{"url":"https://mui.kernelsu.org/index.html","socket":"webview_devtools_remote_10633","value":"tapped Places at 16,572 size 288x56 role button tappable"}}
{"check":"places","result":{"url":"https://mui.kernelsu.org/index.html","socket":"webview_devtools_remote_10633","value":["Back\nBack","One service, DemoService, opened in every place this build knows. Each place probes its own facts from inside; the page never guesses from the platform it was built for.","200k","1M","3M","Count primes in every place","Restart places","inline (the caller)\nkind: inline\nstart 443 ms, first facts() round trip 30 ms\nroot\ncheck: effective uid 0\nblock_devices\ncheck: a kernel-listed block device opens for reading\nusb.native\ncheck: /dev/bus/usb lists\nusb.web\ncheck: navigator.usb exists\nprocess.spawn\ncheck: a shell runs\nfs.persistent\ncheck: working dir writable, or storage persisted\nnet\ncheck: a non-loopback interface is up, or onLine\nnative\ncheck: null","worker (isolate or Web Worker)\nkind: web_worker\nstart 671 ms, first facts() round trip 23 ms\nroot\ncheck: effective uid 0\nblock_devices\ncheck: a kernel-listed block device opens for reading\nusb.native\ncheck: /dev/bus/usb lists\nusb.web\ncheck: navigator.usb exists\nprocess.spawn\ncheck: a shell runs\nfs.persistent\ncheck: working dir writable, or storage persisted\nnet\ncheck: a non-loopback interface is up, or onLine\nnative\ncheck: null","Places","Strategy","Rust","Lifecycle","Shell","Plugins"]}}
{"check":"places-scroll-1","result":{"url":"https://mui.kernelsu.org/index.html","socket":"webview_devtools_remote_10633","value":["Back\nBack","One service, DemoService, opened in every place this build knows. Each place probes its own facts from inside; the page never guesses from the platform it was built for.","200k","1M","3M","Count primes in every place","Restart places","inline (the caller)\nkind: inline\nstart 443 ms, first facts() round trip 30 ms\nroot\ncheck: effective uid 0\nblock_devices\ncheck: a kernel-listed block device opens for reading\nusb.native\ncheck: /dev/bus/usb lists\nusb.web\ncheck: navigator.usb exists\nprocess.spawn\ncheck: a shell runs\nfs.persistent\ncheck: working dir writable, or storage persisted\nnet\ncheck: a non-loopback interface is up, or onLine\nnative\ncheck: null","worker (isolate or Web Worker)\nkind: web_worker\nstart 671 ms, first facts() round trip 23 ms\nroot\ncheck: effective uid 0\nblock_devices\ncheck: a kernel-listed block device opens for reading\nusb.native\ncheck: /dev/bus/usb lists\nusb.web\ncheck: navigator.usb exists\nprocess.spawn\ncheck: a shell runs\nfs.persistent\ncheck: working dir writable, or storage persisted\nnet\ncheck: a non-loopback interface is up, or onLine\nnative\ncheck: null","Places","Strategy","Rust","Lifecycle","Shell","Plugins"]}}
{"check":"places-scroll-2","result":{"url":"https://mui.kernelsu.org/index.html","socket":"webview_devtools_remote_10633","value":["Back\nBack","inline (the caller)\nkind: inline\nstart 443 ms, first facts() round trip 30 ms\nroot\ncheck: effective uid 0\nblock_devices\ncheck: a kernel-listed block device opens for reading\nusb.native\ncheck: /dev/bus/usb lists\nusb.web\ncheck: navigator.usb exists\nprocess.spawn\ncheck: a shell runs\nfs.persistent\ncheck: working dir writable, or storage persisted\nnet\ncheck: a non-loopback interface is up, or onLine\nnative\ncheck: null","worker (isolate or Web Worker)\nkind: web_worker\nstart 671 ms, first facts() round trip 23 ms\nroot\ncheck: effective uid 0\nblock_devices\ncheck: a kernel-listed block device opens for reading\nusb.native\ncheck: /dev/bus/usb lists\nusb.web\ncheck: navigator.usb exists\nprocess.spawn\ncheck: a shell runs\nfs.persistent\ncheck: working dir writable, or storage persisted\nnet\ncheck: a non-loopback interface is up, or onLine\nnative\ncheck: null","root process (the app CLI, serve mode)\nkind: process\nstart 789 ms, first facts() round trip 0 ms\nroot\ncheck: effective uid 0\nblock_devices\ncheck: a kernel-listed block device opens for reading\nusb.native\ncheck: /dev/bus/usb lists\nusb.web\ncheck: navigator.usb exists\nprocess.spawn\ncheck: a shell runs\nfs.persistent\ncheck: working dir writable, or storage persisted\nnet\ncheck: a non-loopback interface is up, or onLine\nnative\ncheck: null","Places","Strategy","Rust","Lifecycle","Shell","Plugins"]}}
{"check":"places-scroll-3","result":{"url":"https://mui.kernelsu.org/index.html","socket":"webview_devtools_remote_10633","value":["Back\nBack","worker (isolate or Web Worker)\nkind: web_worker\nstart 671 ms, first facts() round trip 23 ms\nroot\ncheck: effective uid 0\nblock_devices\ncheck: a kernel-listed block device opens for reading\nusb.native\ncheck: /dev/bus/usb lists\nusb.web\ncheck: navigator.usb exists\nprocess.spawn\ncheck: a shell runs\nfs.persistent\ncheck: working dir writable, or storage persisted\nnet\ncheck: a non-loopback interface is up, or onLine\nnative\ncheck: null","root process (the app CLI, serve mode)\nkind: process\nstart 789 ms, first facts() round trip 0 ms\nroot\ncheck: effective uid 0\nblock_devices\ncheck: a kernel-listed block device opens for reading\nusb.native\ncheck: /dev/bus/usb lists\nusb.web\ncheck: navigator.usb exists\nprocess.spawn\ncheck: a shell runs\nfs.persistent\ncheck: working dir writable, or storage persisted\nnet\ncheck: a non-loopback interface is up, or onLine\nnative\ncheck: null","Reference: one call and one stream per place\nsquadron_process doc/benchmark.md, a 4-vCPU VM. Not measured here; devicelab measures devices.\nCall: isolate 31 µs, Web Worker (dart2js) 120 µs, process 247 µs, process from the page 401 µs.\n64 KiB stream: isolate 3643 MiB/s, Web Worker 631 MiB/s, process link about 110 MiB/s.","Places","Strategy","Rust","Lifecycle","Shell","Plugins"]}}
{"check":"tap-strategy","result":{"url":"https://mui.kernelsu.org/index.html","socket":"webview_devtools_remote_10633","value":"tapped Strategy at 53,536 size 53x80 role tab tappable"}}
{"check":"strategy","result":{"url":"https://mui.kernelsu.org/index.html","socket":"webview_devtools_remote_10633","value":["Back\nBack","Objective: list the device's partitions. Strategies in preference order: on the device as root, then from a host over USB. The first one the place's facts allow runs; nothing reads kIsWeb or Platform.","Place","inline (the caller)","worker (isolate or Web Worker)","root process (the app CLI, serve mode)","Facts from inline (the caller)\nSwitch a fact off to see the fallback. You can only take facts away.\nroot\ncheck: effective uid 0\nblock_devices\ncheck: a kernel-listed block device opens for reading\nusb.native\ncheck: /dev/bus/usb lists\nusb.web\ncheck: navigator.usb exists\nprocess.spawn\ncheck: a shell runs\nfs.persistent\ncheck: working dir writable, or storage persisted\nnet\ncheck: a non-loopback interface is up, or onLine\nnative\ncheck: null","root","block_devices","usb.native","process.spawn","Places","Strategy","Rust","Lifecycle","Shell","Plugins"]}}
{"check":"tap-strategy-root","result":{"url":"https://mui.kernelsu.org/index.html","socket":"webview_devtools_remote_10633","value":"tapped root process at 24,358 size 272x48 role checkbox tappable"}}
{"check":"strategy-root","result":{"url":"https://mui.kernelsu.org/index.html","socket":"webview_devtools_remote_10633","value":["Back\nBack","Objective: list the device's partitions. Strategies in preference order: on the device as root, then from a host over USB. The first one the place's facts allow runs; nothing reads kIsWeb or Platform.","Place","inline (the caller)","worker (isolate or Web Worker)","root process (the app CLI, serve mode)","Facts from root process (the app CLI, serve mode)\nSwitch a fact off to see the fallback. You can only take facts away.\nroot\ncheck: effective uid 0\nblock_devices\ncheck: a kernel-listed block device opens for reading\nusb.native\ncheck: /dev/bus/usb lists\nusb.web\ncheck: navigator.usb exists\nprocess.spawn\ncheck: a shell runs\nfs.persistent\ncheck: working dir writable, or storage persisted\nnet\ncheck: a non-loopback interface is up, or onLine\nnative\ncheck: null","root","block_devices","usb.native","process.spawn","Places","Strategy","Rust","Lifecycle","Shell","Plugins"]}}
{"check":"strategy-root-scroll-1","result":{"url":"https://mui.kernelsu.org/index.html","socket":"webview_devtools_remote_10633","value":["Back\nBack","Place","inline (the caller)","worker (isolate or Web Worker)","root process (the app CLI, serve mode)","Facts from root process (the app CLI, serve mode)\nSwitch a fact off to see the fallback. You can only take facts away.\nroot\ncheck: effective uid 0\nblock_devices\ncheck: a kernel-listed block device opens for reading\nusb.native\ncheck: /dev/bus/usb lists\nusb.web\ncheck: navigator.usb exists\nprocess.spawn\ncheck: a shell runs\nfs.persistent\ncheck: working dir writable, or storage persisted\nnet\ncheck: a non-loopback interface is up, or onLine\nnative\ncheck: null","root","block_devices","usb.native","process.spawn","Chosen: on device (/proc/partitions as root)\non_device chosen","on device (/proc/partitions as root)\nneeds root + block_devices: has them","from host (fastboot getvar all)\nneeds usb.native + process.spawn: has them","Places","Strategy","Rust","Lifecycle","Shell","Plugins"]}}
{"check":"strategy-root-scroll-2","result":{"url":"https://mui.kernelsu.org/index.html","socket":"webview_devtools_remote_10633","value":["Back\nBack","Facts from root process (the app CLI, serve mode)\nSwitch a fact off to see the fallback. You can only take facts away.\nroot\ncheck: effective uid 0\nblock_devices\ncheck: a kernel-listed block device opens for reading\nusb.native\ncheck: /dev/bus/usb lists\nusb.web\ncheck: navigator.usb exists\nprocess.spawn\ncheck: a shell runs\nfs.persistent\ncheck: working dir writable, or storage persisted\nnet\ncheck: a non-loopback interface is up, or onLine\nnative\ncheck: null","usb.native","process.spawn","Chosen: on device (/proc/partitions as root)\non_device chosen","on device (/proc/partitions as root)\nneeds root + block_devices: has them","from host (fastboot getvar all)\nneeds usb.native + process.spawn: has them","Run on_device in process","Log\nEvery run: objective, strategy, place and the facts it saw.\nNothing has run yet.","Places","Strategy","Rust","Lifecycle","Shell","Plugins"]}}
{"check":"tap-rust","result":{"url":"https://mui.kernelsu.org/index.html","socket":"webview_devtools_remote_10633","value":"tapped Rust at 107,536 size 53x80 role tab tappable"}}
{"check":"rust","result":{"url":"https://mui.kernelsu.org/index.html","socket":"webview_devtools_remote_10633","value":["Back\nBack","The demo crate (rust/) counts the primes below 1000000 with the same loop as page 1's Dart. The service loads it in its own place through flutter_rust_bridge, so each place runs its own build.","Run in every place","inline (the caller)","Run here","worker (isolate or Web Worker)","Run here","root process (the app CLI, serve mode)","Run here","Places","Strategy","Rust","Lifecycle","Shell","Plugins"]}}
{"check":"tap-rust-run","result":{"url":"https://mui.kernelsu.org/index.html","socket":"webview_devtools_remote_10633","value":"tapped Run in every place at 16,196 size 288x48 role button tappable"}}
{"check":"rust-ran","result":{"url":"https://mui.kernelsu.org/index.html","socket":"webview_devtools_remote_10633","value":["Back\nBack","The demo crate (rust/) counts the primes below 1000000 with the same loop as page 1's Dart. The service loads it in its own place through flutter_rust_bridge, so each place runs its own build.","Run in every place","inline (the caller)\nBuilt for: wasm32-unknown (single-threaded)\nLoad: 0 ms (the place loads it once, when it first checks its facts)\nRust 158 ms, Dart 1481 ms (same count: 78498)","Run here","worker (isolate or Web Worker)\nBuilt for: wasm32-unknown (single-threaded)\nLoad: 202 ms (the place loads it once, when it first checks its facts)\nRust 281 ms, Dart 251 ms (same count: 78498)","Run here","root process (the app CLI, serve mode)\nBuilt for: x86_64-android\nLoad: 0 ms (the place loads it once, when it first checks its facts)\nRust 173 ms, Dart 153 ms (same count: 78498)","Places","Strategy","Rust","Lifecycle","Shell","Plugins"]}}
{"check":"wasm-after-rust","result":{"url":"https://mui.kernelsu.org/index.html","socket":"webview_devtools_remote_10633","value":{"wasm":[{"name":"chromium/canvaskit.wasm","start":267,"dur":149},{"name":"pkg/demo_native_bg.wasm","start":3011,"dur":177}],"marks":[{"name":"flutter_webui:register","t":906},{"name":"flutter_webui:registered","t":920},{"name":"flutter_webui:first-frame","t":1282}],"measures":[],"now":108564}}}
{"check":"tap-rust-run-2","result":{"url":"https://mui.kernelsu.org/index.html","socket":"webview_devtools_remote_10633","value":"tapped Run in every place at 16,196 size 288x48 role button tappable"}}
{"check":"rust-ran-2","result":{"url":"https://mui.kernelsu.org/index.html","socket":"webview_devtools_remote_10633","value":["Back\nBack","The demo crate (rust/) counts the primes below 1000000 with the same loop as page 1's Dart. The service loads it in its own place through flutter_rust_bridge, so each place runs its own build.","Run in every place","inline (the caller)\nBuilt for: wasm32-unknown (single-threaded)\nLoad: 0 ms (the place loads it once, when it first checks its facts)\nRust 138 ms, Dart 1497 ms (same count: 78498)","Run here","worker (isolate or Web Worker)\nBuilt for: wasm32-unknown (single-threaded)\nLoad: 2 ms (the place loads it once, when it first checks its facts)\nRust 232 ms, Dart 287 ms (same count: 78498)","Run here","root process (the app CLI, serve mode)\nBuilt for: x86_64-android\nLoad: 0 ms (the place loads it once, when it first checks its facts)\nRust 156 ms, Dart 150 ms (same count: 78498)","Places","Strategy","Rust","Lifecycle","Shell","Plugins"]}}
{"check":"tap-lifecycle","result":{"url":"https://mui.kernelsu.org/index.html","socket":"webview_devtools_remote_10633","value":"tapped Lifecycle at 160,536 size 53x80 role tab tappable"}}
{"check":"tap-root-process","result":{"url":"https://mui.kernelsu.org/index.html","socket":"webview_devtools_remote_10633","value":"tapped root process at 24,390 size 272x48 role checkbox tappable"}}
{"check":"tap-start","result":{"url":"https://mui.kernelsu.org/index.html","socket":"webview_devtools_remote_10633","value":"tapped Start at 24,462 size 97x48 role button tappable"}}
{"check":"lifecycle-running","result":{"url":"https://mui.kernelsu.org/index.html","socket":"webview_devtools_remote_10633","value":["Back\nBack","Start a five-minute task, then switch away (Home, another app or tab) and come back: hidden keeps going. Close the app instead and reopen it: closed stops, and this page says where the task was when it ended.","Task\ntick every 500 ms, stamped with the place's own clock\nrunning in process: tick 17/600, longest gap 515 ms, app resumed 3","inline (the caller)","worker (isolate or Web Worker)","root process (the app CLI, serve mode)","Stop","Lifecycle\n17:57:24  started in process","Facts from root process (the app CLI, serve mode)\nroot\ncheck: effective uid 0\nblock_devices\ncheck: a kernel-listed block device opens for reading\nusb.native\ncheck: /dev/bus/usb lists\nusb.web\ncheck: navigator.usb exists\nprocess.spawn\ncheck: a shell runs\nfs.persistent\ncheck: working dir writable, or storage persisted\nnet\ncheck: a non-loopback interface is up, or onLine\nnative\ncheck: null","Places","Strategy","Rust","Lifecycle","Shell","Plugins"]}}
{"check":"lifecycle-after-home","result":{"url":"https://mui.kernelsu.org/index.html","socket":"webview_devtools_remote_10633","value":["Back\nBack","Start a five-minute task, then switch away (Home, another app or tab) and come back: hidden keeps going. Close the app instead and reopen it: closed stops, and this page says where the task was when it ended.","Task\ntick every 500 ms, stamped with the place's own clock\nrunning in process: tick 42/600, longest gap 515 ms, app resumed 7","inline (the caller)","worker (isolate or Web Worker)","root process (the app CLI, serve mode)","Stop","Lifecycle\n17:57:40  away 6.9 s: the place produced 14 ticks (on schedule: 13); longest gap 515 ms\n17:57:40  inactive -> resumed\n17:57:40  hidden -> inactive\n17:57:33  inactive -> hidden\n17:57:33  resumed -> inactive\n17:57:24  started in process","Places","Strategy","Rust","Lifecycle","Shell","Plugins"]}}
{"check":"root-process","result":"root             0 u:r:ksu:s0                     10871 dartaotruntime\nroot             0 u:r:ksu:s0                     10891 dartaotruntime"}
/home/runner/work/devicelab/devicelab/out/sockprobe: 1 file pushed, 0 skipped. 82.2 MB/s (3501149 bytes in 0.041s)
{"check":"block-devices","result":"dm-0\ndm-1\ndm-11\ndm-13\ndm-14\ndm-16\ndm-17\ndm-18\ntotal 0\ndrwxr-xr-x 2 root root u:object_r:block_device:s0                140 2026-10-01 17:44 by-name\nbrw------- 1 root root u:object_r:dm_device:s0              254,   0 2026-10-01 17:44 dm-0\nbrw------- 1 root root u:object_r:dm_device:s0              254,   1 2026-10-01 17:44 dm-1\nbrw------- 1 root root u:object_r:dm_device:s0              254,  11 2026-10-01 17:44 dm-11\nbrw------- 1 root root u:object_r:dm_device:s0              254,  13 2026-10-01 17:44 dm-13\nbrw------- 1 root root u:object_r:dm_device:s0              254,  14 2026-10-01 17:44 dm-14\nbrw------- 1 root root u:object_r:dm_device:s0              254,  16 2026-10-01 17:44 dm-16\nbrw------- 1 root root u:object_r:dm_device:s0              254,  17 2026-10-01 17:44 dm-17\nbrw------- 1 root root u:object_r:dm_device:s0              254,  18 2026-10-01 17:44 dm-18\nbrw------- 1 root root u:object_r:dm_device:s0              254,  19 2026-10-01 17:44 dm-19\nbrw------- 1 root root u:object_r:dm_device:s0              254,   2 2026-10-01 17:44 dm-2\n-- su:\n0000000  \\0\n-- ksu:\n{\"error\":\"write /proc/thread-self/attr/current: operation not permitted\",\"op\":\"setcon\"}\n-- avc:"}
{"check":"back-1","result":{"url":"https://mui.kernelsu.org/index.html","socket":"webview_devtools_remote_10633","value":["Squadron","Process","native","net","Say hello","Count to 5","SHA-256","Demo pages\nOne page per thing the stack promises.","Places","Strategy","Rust","Lifecycle","Shell","Plugins"]}}
{"check":"back-1-top","result":"topResumedActivity=ActivityRecord{8b2a8c u0 com.dergoogler.mmrl.wx/.ui.activity.webui.WebUIActivity t20}"}
{"check":"back-2-top","result":"topResumedActivity=ActivityRecord{55b661 u0 com.google.android.apps.nexuslauncher/.NexusLauncherActivity t13}"}
{"check":"back-3-top","result":"topResumedActivity=ActivityRecord{55b661 u0 com.google.android.apps.nexuslauncher/.NexusLauncherActivity t13}"}
{"check":"sys-dark","night":"yes","color_mode":"","opened":"opened: intent","result":{"url":"https://mui.kernelsu.org/index.html","socket":"webview_devtools_remote_11288","value":{"dark":true,"primary":"#b2c5ffff","background":"#121318ff","cssBytes":1545}}}
{"check":"sys-light","night":"no","color_mode":"","opened":"opened: intent","result":{"url":"https://mui.kernelsu.org/index.html","socket":"webview_devtools_remote_11493","value":{"dark":false,"primary":"#495d92ff","background":"#faf8ffff","cssBytes":1545}}}
