yes: standard output: Broken pipe
Auto-selecting single ABI x86_64
Do you wish to create a custom hardware profile? [no] lab.avd
lab.ini
emulator Android emulator version 37.2.12.0 (build_id 16428233) (CL:N/A)
* daemon not running; starting now at tcp:5037
* daemon started successfully
booted in 22s: google/sdk_gphone64_x86_64/emu64xa:15/AE3A.240806.043/12960925:userdebug/dev-keys
kernel 6.6.50-android15-8-g8adecb593e9b-ab12525588 -> kmi android15-6.6; tiann/KernelSU v3.3.0
total 16428
drwx------  2 runner runner     4096 Oct  5 05:21 .
drwxrwxrwt 16 root   root       4096 Oct  5 05:21 ..
-rw-r--r--  1 runner runner 10777987 Oct  5 05:22 KernelSU_v3.3.0_32601-release.apk
-rw-r--r--  1 runner runner  5713312 Oct  5 05:22 ksud-x86_64-linux-android
-rw-r--r--  1 runner runner   318824 Oct  5 05:21 lkm-x86_64-android15-6.6_kernelsu.ko
== manager installed (me.weishu.kernelsu, KernelSU_v3.3.0_32601-release.apk)
/tmp/tmp.rR38QwS5DO/lkm-x86_64-android15-6.6_kernelsu.ko: 1 file pushed, 0 skipped. 10.5 MB/s (318824 bytes in 0.029s)
/tmp/tmp.rR38QwS5DO/ksud-x86_64-linux-android: 1 file pushed, 0 skipped. 142.9 MB/s (5713312 bytes in 0.038s)
== ksud: ksud 3.3.0 (uapi: 2)
== ksud late-load: rc=0
== ksud insmod /data/adb/kernelsu.ko: Error: load module failed: /data/adb/kernelsu.ko

Caused by:
    0: init_module failed without vermagic mismatch
    1: File exists (os error 17)
rc=1
kernelsu              159744  0 
== lsmod: kernelsu              159744  1 
KernelSU_v3.3.0_32601-release.apk
ksud-aarch64-apple-darwin
ksud-aarch64-linux-android
ksud-aarch64-unknown-linux-musl
ksud-x86_64-apple-darwin
ksud-x86_64-linux-android
ksud-x86_64-pc-windows-gnu.exe
ksud-x86_64-unknown-linux-musl
ksuinit-aarch64
ksuinit-x86_64
lkm-aarch64-android12-5.10_kernelsu.ko
lkm-aarch64-android13-5.10_kernelsu.ko
lkm-aarch64-android13-5.15_kernelsu.ko
lkm-aarch64-android14-5.15_kernelsu.ko
lkm-aarch64-android14-6.1_kernelsu.ko
lkm-aarch64-android15-6.6_kernelsu.ko
lkm-aarch64-android16-6.12_kernelsu.ko
lkm-aarch64-android17-6.18_kernelsu.ko
lkm-x86_64-android12-5.10_kernelsu.ko
lkm-x86_64-android13-5.10_kernelsu.ko
lkm-x86_64-android13-5.15_kernelsu.ko
lkm-x86_64-android14-5.15_kernelsu.ko
lkm-x86_64-android14-6.1_kernelsu.ko
lkm-x86_64-android15-6.6_kernelsu.ko
lkm-x86_64-android16-6.12_kernelsu.ko
lkm-x86_64-android17-6.18_kernelsu.ko
== no metamodule asset in tiann/KernelSU v3.3.0
/home/runner/work/devicelab/devicelab/modules/probe/./: 2 files pushed, 0 skipped. 0.0 MB/s (1474 bytes in 0.048s)
== modules: [
  {
    "description": "Observation module for devicelab. Its WebUI page is driven over DevTools.",
    "action": "false",
    "versionCode": "1",
    "update": "false",
    "author": "p0g-stack",
    "version": "1",
    "remove": "false",
    "web": "true",
    "id": "devicelab_probe",
    "name": "devicelab probe",
    "mount": "false",
    "enabled": "true"
  }
]
SELinux: Loaded file context from:
		/system/etc/selinux/plat_file_contexts
		/system_ext/etc/selinux/system_ext_file_contexts
		/vendor/etc/selinux/vendor_file_contexts
== home text: text="LKM" text="Working [Jailbreak mode]" text="Version: 32601-2" text="Manager version" text="v3.3.0 (32601-2)" text="Kernel version" text="6.6.50-android15-8-g8adecb593e9b-ab12525588" text="Device model" text="Google sdk_gphone64_x86_64" text="Fingerprint" text="google/sdk_gphone64_x86_64/emu64xa:15/AE3A.240806.043/12960925:userdebug/dev-keys" text="Enforcing" text="KernelSU" text="Home" text="Superuser" text="1" text="Module" text="Settings" 
== manager activities: me.weishu.kernelsu/.magica.BootCompletedReceiver me.weishu.kernelsu/.ui.MainActivity me.weishu.kernelsu/androidx.core.content.FileProvider me.weishu.kernelsu/androidx.profileinstaller.ProfileInstallReceiver me.weishu.kernelsu/androidx.startup.InitializationProvider 
WebUI-X-v438-release-official.apk
WebUI-X-v438-release-spoofed.apk
== downloaded MMRLApp/WebUI-X-Portable v438 WebUI-X-v438-release-official.apk sha256 7d44dcad3ae8039c63920c547116d262c282d5f43dbcf09fcf0babfce29bd1ca
Success
== installed com.dergoogler.mmrl.wx uid=10210     versionName=v438-release
== activities: com.dergoogler.mmrl.wx/.ui.activity.CrashHandlerActivity com.dergoogler.mmrl.wx/.ui.activity.MainActivity com.dergoogler.mmrl.wx/.ui.activity.modconf.ModConfActivity com.dergoogler.mmrl.wx/.ui.activity.webui.KsuWebUIActivity com.dergoogler.mmrl.wx/.ui.activity.webui.WebUIActivity com.dergoogler.mmrl.wx/.util.NonRootService com.dergoogler.mmrl.wx/androidx.core.content.FileProvider com.dergoogler.mmrl.wx/androidx.profileinstaller.ProfileInstallReceiver com.dergoogler.mmrl.wx/androidx.startup.InitializationProvider com.dergoogler.mmrl.wx/androidx.work.impl.background.systemalarm.ConstraintProxy com.dergoogler.mmrl.wx/androidx.work.impl.background.systemalarm.ConstraintProxyUpdateReceiver com.dergoogler.mmrl.wx/androidx.work.impl.background.systemalarm.RescheduleReceiver com.dergoogler.mmrl.wx/androidx.work.impl.diagnostics.DiagnosticsReceiver 
ui: tapped 'Superuser' at 120,584
ui: no node with 'com.dergoogler.mmrl.wx'
ui: tapped 160,152
ui: tapped 'com.dergoogler.mmrl.wx' at 160,130
[12,230][308,290] Superuser
[243,236][292,284] 
[12,302][308,358] App Profile | Default
[12,26][60,74] 
[260,26][308,74] Settings
ui: tapped switch 1 ('', was checked=false)
== ksud feature list: Available Features: ================================================================================ [ENABLED (1)] su_compat (ID=0)     SU Compatibility Mode - allows authorized apps to gain root via traditional 'su' command  [ENABLED (1)] kernel_umount (ID=1)     Kernel Umount - controls whether kernel automatically unmounts modules when not needed  [DISABLED] sulog (ID=2)     SU Log - streams kernel sulog events to userspace and persists them to disk  [DISABLED] adb_root (ID=3)     ADB Root - Enable adbd root  [DISABLED] selinux_hide (ID=4)     SELinux Hide - sanitize /sys/fs/selinux access results for app UIDs  [DISABLED] webview_zygote_umount (ID=5)     WebView Zygote Umount - unmount modules from WebView zygote and its isolated children  
== su_compat: Feature: su_compat (0) Description: SU Compatibility Mode - allows authorized apps to gain root via traditional 'su' command Value: 1 Status: enabled 
== root grant: ui; su as app uid 10210: su: failed to exec /system/bin/su: No such file or directory
ui: tapped 'KernelSU' at 160,265
[40,165][280,221] Magisk
[40,309][280,389] KernelSU Next
[40,405][280,461] APatch
[40,477][280,557] SukiSU Ultra
[40,573][280,629] Non-Root
[40,644][280,692] Continue with KernelSU
ui: tapped 'Continue with KernelSU' at 160,668
[16,104][304,330] devicelab probe | 1 (1) by p0g-stack | Updated on 5 October 2026 | Observation module for devicelab. Its WebUI page is d
[32,274][90,322] 
[153,274][288,322] Add Shortcut
[220,32][268,80] 
[268,32][316,80] 
[164,796][320,876] Settings
ui: no node with 'Continue with KernelSU'
ui: no node with 'Next'
ui: no node with 'Continue'
ui: no node with 'Grant'
ui: no node with 'Allow'
ui: no node with 'Get started'
ui: no node with 'Done'
ui: no node with 'OK'
ui: no node with 'Finish'
[16,104][304,330] devicelab probe | 1 (1) by p0g-stack | Updated on 5 October 2026 | Observation module for devicelab. Its WebUI page is d
[32,274][90,322] 
[153,274][288,322] Add Shortcut
[220,32][268,80] 
[268,32][316,80] 
[164,796][320,876] Settings
ui: no node with 'Continue with KernelSU'
ui: no node with 'Next'
ui: no node with 'Continue'
ui: no node with 'Grant'
ui: no node with 'Allow'
ui: no node with 'Get started'
ui: no node with 'Done'
ui: no node with 'OK'
ui: no node with 'Finish'
[16,104][304,330] devicelab probe | 1 (1) by p0g-stack | Updated on 5 October 2026 | Observation module for devicelab. Its WebUI page is d
[32,274][90,322] 
[153,274][288,322] Add Shortcut
[220,32][268,80] 
[268,32][316,80] 
[164,796][320,876] Settings
== WebUI X platform after onboarding: preferences.pb 
== devtools sockets: 
== metamodule releases backslashxx/mountify: 204 Latest 204 2026-08-25T05:14:18Z;203  203 2026-06-25T15:03:16Z;202  202 2026-06-23T03:45:32Z;
== metamodule candidate backslashxx/mountify mountify.zip: id=mountify version=v2.0.4 versionCode=204 metamodule=true 
== metamodule repo (given): backslashxx/mountify
== metamodule zip: mountify.zip sha256 dde361c444f6990b759890720487785402a391a61cf6530f960deb98e5ef864d
== metamodule module.prop: id=mountify name=mountify version=v2.0.4 versionCode=204 author=xx, KOWX712 metamodule=true description=Globally mounted modules via OverlayFS. updateJson=https://raw.githubusercontent.com/backslashxx/mountify/master/update.json 
/tmp/tmp.SY9DiniTGB/rel/mountify.zip: 1 file pushed, 0 skipped. 393.1 MB/s (554873 bytes in 0.001s)
== install mountify.zip
[H[J[|]
[H[J[\]
[H[J[+] mountify
[+] SysReq test
[+] CONFIG_OVERLAY_FS
[+] overlay found in /proc/filesystems
[+] CONFIG_TMPFS_XATTR
[+] tmpfs extended attribute test passed
[!] using fresh config.sh
[+] moving modules.txt
[+] moving whiteouts.txt
[+] mountify will be installed in metamodule mode!
- Done
- Creating metamodule symlink
- Module installed successfully!
== soft-reboot: 
== after soft-reboot (38s): [
  {
    "name": "devicelab probe",
    "version": "1",
    "remove": "false",
    "versionCode": "1",
    "description": "Observation module for devicelab. Its WebUI page is driven over DevTools.",
    "update": "false",
    "id": "devicelab_probe",
    "enabled": "true",
    "author": "p0g-stack",
    "web": "true",
    "action": "false",
    "mount": "false"
  },
  {
    "name": "mountify",
    "metamodule": "true",
    "versionCode": "204",
    "id": "mountify",
    "update": "false",
    "enabled": "true",
    "remove": "false",
    "action": "true",
    "mount": "false",
    "web": "true",
    "version": "v2.0.4",
    "updateJson": "https://raw.githubusercontent.com/backslashxx/mountify/master/update.json",
    "author": "xx, KOWX712",
    "description": "mode: auto 🤖 | fstype: tmpfs 🦾 | no modules mounted"
  }
]
total 32
drwxrwxrwx 4 root root 4096 2026-10-05 05:26 .
drwx------ 7 root root 4096 2026-10-05 05:26 ..
drwxr-xr-x 3 root root 4096 2026-10-05 05:22 devicelab_probe
drwxr-xr-x 5 root root 4096 2026-10-05 05:26 mountify
== metamodule active: lrwxrwxrwx 1 root root 26 2026-10-05 05:26 /data/adb/metamodule -> /data/adb/modules/mountify id=mountify name=mountify version=v2.0.4 versionCode=204 author=xx, KOWX712 metamodule=true description=mode: auto 🤖 | fstype: tmpfs 🦾 | no modules mounted updateJson=https://raw.githubusercontent.com/backslashxx/mountify/master/update.json 
inputs/modules/flutter_webui_counter-0.1.5.zip: 1 file pushed, 0 skipped. 628.4 MB/s (21434766 bytes in 0.033s)
== install flutter_webui_counter-0.1.5.zip
  inflating: webroot/fonts/notocoloremoji/v32/Yq6P-KqIXTD0t4D9z1ESnKM3-HpFabsE4tq3luCC7p-aXxcn.3.woff2
  inflating: webroot/fonts/notocoloremoji/v32/Yq6P-KqIXTD0t4D9z1ESnKM3-HpFabsE4tq3luCC7p-aXxcn.8.woff2
  inflating: webroot/fonts/notocoloremoji/v32/Yq6P-KqIXTD0t4D9z1ESnKM3-HpFabsE4tq3luCC7p-aXxcn.2.woff2
   creating: webroot/fonts/notosansmath/
   creating: webroot/fonts/notosansmath/v15/
  inflating: webroot/fonts/notosansmath/v15/7Aump_cpkSecTWaHRlH2hyV5UHkD-V048PW0.woff2
   creating: webroot/fonts/roboto/
   creating: webroot/fonts/roboto/v32/
  inflating: webroot/fonts/roboto/v32/KFOmCnqEu92Fr1Me4GZLCzYlKw.woff2
  inflating: webroot/.last_build_id
  inflating: webroot/config.json
  inflating: webroot/flutter_webui.js
  inflating: customize.sh
- Done
- Module installed successfully!
inputs/modules/counter-v1.0.0.zip: 1 file pushed, 0 skipped. 508.2 MB/s (6582359 bytes in 0.012s)
== install counter-v1.0.0.zip
  inflating: webroot/canvaskit/chromium/canvaskit.wasm
  inflating: webroot/config.json
  inflating: webroot/favicon.png
  inflating: webroot/flutter.js
  inflating: webroot/flutter_bootstrap.js
  inflating: webroot/icons/Icon-192.png
  inflating: webroot/icons/Icon-512.png
  inflating: webroot/icons/Icon-maskable-192.png
  inflating: webroot/icons/Icon-maskable-512.png
  inflating: webroot/index.html
  inflating: webroot/main.dart.js
  inflating: webroot/manifest.json
  inflating: webroot/version.json
- Done
- Module installed successfully!
inputs/modules/demo.zip: 1 file pushed, 0 skipped. 643.0 MB/s (19825982 bytes in 0.029s)
== install demo.zip
  inflating: webroot/pkg/.gitignore
  inflating: webroot/pkg/demo_native.js
  inflating: webroot/pkg/demo_native_bg.wasm
  inflating: webroot/pkg/package.json
  inflating: webroot/version.json
  inflating: webroot/workers/demo_service.web.g.dart.js
  inflating: webroot/workers/hello_service.web.g.dart.js
  inflating: webui_app_plane/app-install.sh
  inflating: webui_app_plane/app.apk
  inflating: webui_app_plane/arm64-v8a/webui_termux_api.aot
  inflating: webui_app_plane/termux-api
  inflating: webui_app_plane/x86_64/webui_termux_api.aot
  Installed com.webui.api.demo 1011
- Done
- Module installed successfully!
/home/runner/work/devicelab/devicelab/envdump.zip: 1 file pushed, 0 skipped. 17.8 MB/s (1766 bytes in 0.000s)
== install envdump.zip
 devicelab envdump 
 by p0g-stack 
*******************
*********************
 Powered by KernelSU 
*********************
Archive:  /data/local/tmp/m.zip
  inflating: customize.sh
- Extracting module files
Archive:  /data/local/tmp/m.zip
  inflating: module.prop
  inflating: customize.sh
- devicelab envdump: written /data/local/tmp/customize-env.txt
- Done
- Module installed successfully!
== soft-reboot: 
== after soft-reboot (37s): [
  {
    "id": "devicelab_probe",
    "web": "true",
    "mount": "false",
    "version": "1",
    "action": "false",
    "remove": "false",
    "enabled": "true",
    "name": "devicelab probe",
    "versionCode": "1",
    "author": "p0g-stack",
    "description": "Observation module for devicelab. Its WebUI page is driven over DevTools.",
    "update": "false"
  },
  {
    "description": "mode: auto 🤖 | fstype: tmpfs 🦾 | no modules mounted",
    "author": "xx, KOWX712",
    "versionCode": "204",
    "enabled": "true",
    "web": "true",
    "remove": "false",
    "updateJson": "https://raw.githubusercontent.com/backslashxx/mountify/master/update.json",
    "action": "true",
    "update": "false",
    "name": "mountify",
    "id": "mountify",
    "version": "v2.0.4",
    "metamodule": "true",
    "mount": "false"
  },
  {
    "description": "Stock Flutter counter app on flutter-webui (devicelab bring-up build).",
    "action": "false",
    "version": "0.1.5",
    "mount": "false",
    "update": "false",
    "remove": "false",
    "author": "p0g-stack",
    "name": "flutter-webui Counter",
    "web": "true",
    "id": "flutter_webui_counter",
    "versionCode": "6",
    "enabled": "true"
  },
  {
    "remove": "false",
    "id": "counter",
    "version": "v1.0.0",
    "versionCode": "1",
    "update": "false",
    "author": "Yuv",
    "web": "true",
    "name": "Counter",
    "description": "A new Flutter project.",
    "action": "false",
    "mount": "false",
    "enab
total 64
drwxrwxrwx 8 root root 4096 2026-10-05 05:27 .
drwx------ 7 root root 4096 2026-10-05 05:26 ..
drwxr-xr-x 3 root root 4096 2026-10-05 05:26 counter
drwxr-xr-x 6 root root 4096 2026-10-05 05:26 demo
drwxr-xr-x 2 root root 4096 2026-10-05 05:26 devicelab_envdump
drwxr-xr-x 3 root root 4096 2026-10-05 05:22 devicelab_probe
drwxr-xr-x 4 root root 4096 2026-10-05 05:26 flutter_webui_counter
drwxr-xr-x 5 root root 4096 2026-10-05 05:26 mountify
{"check":"back-open","result":"opened: intent"}
{"check":"back-places","result":{"url":"https://mui.kernelsu.org/index.html","socket":"webview_devtools_remote_12539","value":"tapped Places at 16,572 size 288x56 role button tappable"}}
{"check":"back-before-uptime","result":"409.77"}
{"check":"back-before-rootlog","result":"2026-10-05T05:28:02.506280 cgroup before: 4:memory:/apps 3:cpuset:/top-app 2:cpu:/top-app 1:blkio:/ 0::/\n2026-10-05T05:28:02.506359 cgroup after: 4:memory:/apps 3:cpuset:/top-app 2:cpu:/top-app 1:blkio:/ 0::/\n2026-10-05T05:28:02.621251 listening on 127.0.0.1:45611"}
{"check":"back-before-proclog","result":"total 8\n-rw------- 1 root root 215 2026-10-05 05:28 1791178083001751-0.log\n== /data/adb/modules/demo/flutter_webui/run/proc/1791178083001751-0.log\n2026-10-05T05:28:03.070141 INFO cli.serve: serving hello, demo\n{\"squadron_process\":1,\"host\":\"127.0.0.1\",\"port\":43283,\"token\":\"IPXLuOeew5yzd7e7-58o5wsl5ry6OQVpqRfB8kTEg08\",\"pid\":12854,\"launch_id\":\"c35f7c6d3c531f3d\"}"}
{"check":"back-before-sockets","result":"port 45611\n0100007F:B22B 00000000:0000 st=0A ino=84040 pid=12785 /data/adb/modules/demo/flutter_webui/x86_64/dartaotruntime /\n0100007F:8D0E 0100007F:B22B st=01 ino=85100 pid=12539 com.dergoogler.mmrl.process.webui                           \n0100007F:B22B 0100007F:8D0E st=01 ino=83020 pid=12785 /data/adb/modules/demo/flutter_webui/x86_64/dartaotruntime /"}
{"check":"back-before-procs","result":"10642 10312       02:53 u:r:webview_zygote:s0          webview_zygote\n12562 10312       02:05 u:r:untrusted_app:s0:c210,c256,c512,c768 com.dergoogler.mmrl.wx\n12593 12586       02:05 u:r:ksu:s0                     com.dergoogler.mmrl.wx:root:0\n12594 12572       02:05 u:r:ksu:s0                     com.dergoogler.mmrl.wx:root:0\n12646 10312       02:04 u:r:untrusted_app:s0:c151,c256,c512,c768 com.google.android.webview:webview_service\n12659 10642       02:04 u:r:isolated_app:s0:c512,c768  com.google.android.webview:sandboxed_process0:org.chromium.content.app.SandboxedProcessService0:0\n12693 10312       02:04 u:r:untrusted_app:s0:c151,c256,c512,c768 com.google.android.webview:webview_apk\n12785     1       01:55 u:r:ksu:s0                     dartaotruntime /data/adb/modules/demo/flutter_webui/x86_64/flutter_webui_root.aot serve --module-dir /data/adb/modules/demo --module-id demo --ru\n12812 10312       01:54 u:r:untrusted_app_27:s0:c211,c256,c512,c768 com.webui.api.demo\n12851     1       01:54 u:r:ksu:s0                     sh -c trap : TERM INT HUP USR1 USR2; exec 0</dev/null; \"$@\" >>\"$FLUTTER_WEBUI_LOG\" 2>&1; c=$?; (umask 077 && echo $c >\"$FLUTTER_WEBUI_EXIT.tmp\");\n12854 12851       01:54 u:r:ksu:s0                     dartaotruntime /data/adb/modules/demo/bin/x86_64/demo.aot serve --session-file /data/adb/modules/demo/run/demo.place.json --launch-id c35f7c6d3c5"}
{"check":"back-before-activity","result":"topResumedActivity=ActivityRecord{f961190 u0 com.dergoogler.mmrl.wx/.ui.activity.webui.WebUIActivity t14}\n    * Hist  #0: ActivityRecord{f961190 u0 com.dergoogler.mmrl.wx/.ui.activity.webui.WebUIActivity t14}\n    Resumed: ActivityRecord{f961190 u0 com.dergoogler.mmrl.wx/.ui.activity.webui.WebUIActivity t14}\n  ResumedActivity: ActivityRecord{f961190 u0 com.dergoogler.mmrl.wx/.ui.activity.webui.WebUIActivity t14}\n  deepestLastOrientationSource=ActivityRecord{f961190 u0 com.dergoogler.mmrl.wx/.ui.activity.webui.WebUIActivity t14}\n  mFocusedApp=ActivityRecord{f961190 u0 com.dergoogler.mmrl.wx/.ui.activity.webui.WebUIActivity t14}\n        * ActivityRecord{f961190 u0 com.dergoogler.mmrl.wx/.ui.activity.webui.WebUIActivity t14}\n    mSystemBarColorApps={ActivityRecord{f961190 u0 com.dergoogler.mmrl.wx/.ui.activity.webui.WebUIActivity t14}}\n    lastActivityTime=-2m4s496ms    startUpTime=-2m5s431ms    startElapsedTime=-2m5s431ms\n    curProcState=4 mRepProcState=4 setProcState=4 lastStateTime=-2m5s309ms\n    lastActivityTime=-2m4s278ms    startUpTime=-2m4s460ms    startElapsedTime=-2m4s460ms\n    curProcState=3 mRepProcState=3 setProcState=3 lastStateTime=-2m4s390ms"}
{"check":"back-before-devtools","result":"[\n {\n  \"socket\": \"webview_devtools_remote_12539\",\n  \"port\": 9300,\n  \"description\": \"{\\\"attached\\\":true,\\\"empty\\\":false,\\\"height\\\":640,\\\"never_attached\\\":false,\\\"screenX\\\":0,\\\"screenY\\\":0,\\\"visible\\\":true,\\\"width\\\":320}\",\n  \"devtoolsFrontendUrl\": \"https://chrome-devtools-frontend.appspot.com/serve_internal_file/@7741f71cbce3b7dfe3eb5890976d2596364b0733/inspector.html?ws=127.0.0.1:9300/devtools/page/26B0082DA50B9DA8D192C4EEC0813048\",\n  \"id\": \"26B0082DA50B9DA8D192C4EEC0813048\",\n  \"title\": \"Demo\",\n  \"type\": \"page\",\n  \"url\": \"https://mui.kernelsu.org/index.html\",\n  \"webSocketDebuggerUrl\": \"ws://127.0.0.1:9300/devtools/page/26B0082DA50B9DA8D192C4EEC0813048\"\n }\n]"}
{"check":"back-before-cgroup","result":"== pid 12785: /data/adb/modules/demo/flutter_webui/x86_64/dartaotruntime /data/adb/m\n4:memory:/apps\n3:cpuset:/top-app\n2:cpu:/top-app\n1:blkio:/\n0::/\nState:\tS (sleeping)\n/system/bin/sh: can't open /sys/fs/cgroup//cgroup.events: No such file or directory\ncgroup.freeze cat: /sys/fs/cgroup//cgroup.freeze: No such file or directory cgroup.events: \n== pid 12854: /data/adb/modules/demo/bin/x86_64/dartaotruntime /data/adb/modules/dem\n4:memory:/apps\n3:cpuset:/top-app\n2:cpu:/top-app\n1:blkio:/\n0::/\nState:\tS (sleeping)\n/system/bin/sh: can't open /sys/fs/cgroup//cgroup.events: No such file or directory\ncgroup.freeze cat: /sys/fs/cgroup//cgroup.freeze: No such file or directory cgroup.events: \n== pid 12562: com.dergoogler.mmrl.wx                                                \n4:memory:/\n3:cpuset:/foreground\n2:cpu:/foreground\n1:blkio:/\n0::/uid_10210/pid_12562\nState:\tS (sleeping)\ncgroup.freeze 0 cgroup.events: populated 1 frozen 0"}
{"check":"back-before-rootport","result":"root process port 43283\n0100007F:A913 00000000:0000 st=0A pid=12854 /data/adb/modules/demo/bin/x86_64/dartaotruntime /\n0100007F:8FE6 0100007F:A913 st=01 pid=12539 com.dergoogler.mmrl.process.webui                 \n0100007F:A913 0100007F:8FE6 st=01 pid=12854 /data/adb/modules/demo/bin/x86_64/dartaotruntime /\n0100007F:8FEA 0100007F:A913 st=01 pid=12539 com.dergoogler.mmrl.process.webui                 \n0100007F:A913 0100007F:8FE0 st=01 pid=12854 /data/adb/modules/demo/bin/x86_64/dartaotruntime /\n0100007F:8FE0 0100007F:A913 st=01 pid=12539 com.dergoogler.mmrl.process.webui                 \n0100007F:A913 0100007F:8FD6 st=01 pid=12854 /data/adb/modules/demo/bin/x86_64/dartaotruntime /\n0100007F:A913 0100007F:8FEA st=01 pid=12854 /data/adb/modules/demo/bin/x86_64/dartaotruntime /\n0100007F:8FD6 0100007F:A913 st=01 pid=12539 com.dergoogler.mmrl.process.webui"}
{"check":"back-before-service","result":"* ServiceRecord{e609e80 u0 com.webui.api.demo/com.termux.api.RootHelperService c:com.android.shell}\n    isForeground=true foregroundId=32363 types=0x40000000 foregroundNoti=Notification(channel=root_helper shortcut=null contentView=null vibrate=null sound=null defaults=0 flags=ONGOING_EVENT|FOREGROUND_SERVICE color=0x00000000 vis=PRIVATE)\n2"}
{"check":"back-closed","result":"after 1 Back:       topResumedActivity=ActivityRecord{e45ffb2 u0 com.google.android.apps.nexuslauncher/.NexusLauncherActivity t13}"}
{"check":"back-t0-uptime","result":"827.28"}
{"check":"back-t0-rootlog","result":"2026-10-05T05:28:02.506280 cgroup before: 4:memory:/apps 3:cpuset:/top-app 2:cpu:/top-app 1:blkio:/ 0::/\n2026-10-05T05:28:02.506359 cgroup after: 4:memory:/apps 3:cpuset:/top-app 2:cpu:/top-app 1:blkio:/ 0::/\n2026-10-05T05:28:02.621251 listening on 127.0.0.1:45611"}
{"check":"back-t0-proclog","result":"total 8\n-rw------- 1 root root 215 2026-10-05 05:28 1791178083001751-0.log\n== /data/adb/modules/demo/flutter_webui/run/proc/1791178083001751-0.log\n2026-10-05T05:28:03.070141 INFO cli.serve: serving hello, demo\n{\"squadron_process\":1,\"host\":\"127.0.0.1\",\"port\":43283,\"token\":\"IPXLuOeew5yzd7e7-58o5wsl5ry6OQVpqRfB8kTEg08\",\"pid\":12854,\"launch_id\":\"c35f7c6d3c531f3d\"}"}
{"check":"back-t0-sockets","result":"port 45611\n0100007F:B22B 00000000:0000 st=0A ino=84040 pid="}
{"check":"back-t0-procs","result":"10642 10312       08:43 u:r:webview_zygote:s0          webview_zygote\n12562 10312       07:55 u:r:untrusted_app:s0:c210,c256,c512,c768 com.dergoogler.mmrl.wx\n12594     1       07:55 u:r:ksu:s0                     com.dergoogler.mmrl.wx:root:0\n12646 10312       07:54 u:r:untrusted_app:s0:c151,c256,c512,c768 com.google.android.webview:webview_service\n12693 10312       07:54 u:r:untrusted_app:s0:c151,c256,c512,c768 com.google.android.webview:webview_apk\n12812 10312       07:44 u:r:untrusted_app_27:s0:c211,c256,c512,c768 com.webui.api.demo"}
{"check":"back-t0-activity","result":"lastActivityTime=-7m54s939ms    startUpTime=-7m55s874ms    startElapsedTime=-7m55s874ms\n    curProcState=4 mRepProcState=4 setProcState=4 lastStateTime=-7m55s752ms"}
{"check":"back-t0-devtools","result":"[]"}
{"check":"back-t0-cgroup","result":"== pid 12562: com.dergoogler.mmrl.wx                                                \n4:memory:/\n3:cpuset:/foreground\n2:cpu:/foreground\n1:blkio:/\n0::/uid_10210/pid_12562\nState:\tS (sleeping)\ncgroup.freeze 0 cgroup.events: populated 1 frozen 0"}
{"check":"back-t0-rootport","result":"root process port"}
{"check":"back-t0-service","result":"0"}
{"check":"back-t60-uptime","result":"918.11"}
{"check":"back-t60-rootlog","result":"2026-10-05T05:28:02.506280 cgroup before: 4:memory:/apps 3:cpuset:/top-app 2:cpu:/top-app 1:blkio:/ 0::/\n2026-10-05T05:28:02.506359 cgroup after: 4:memory:/apps 3:cpuset:/top-app 2:cpu:/top-app 1:blkio:/ 0::/\n2026-10-05T05:28:02.621251 listening on 127.0.0.1:45611\n2026-10-05T05:35:38.970151 shutting down\n2026-10-05T05:35:38.993553 am stopservice --user 0 -n com.webui.api.demo/com.termux.api.RootHelperService: exit 255 Stopping service: Intent { cmp=com.webui.api.demo/com.termux.api.RootHelperService }\nService stopped"}
{"check":"back-t60-proclog","result":"total 16\n-rw------- 1 root root   2 2026-10-05 05:35 1791178083001751-0.exit\n-rw------- 1 root root 215 2026-10-05 05:28 1791178083001751-0.log\n== /data/adb/modules/demo/flutter_webui/run/proc/1791178083001751-0.log\n2026-10-05T05:28:03.070141 INFO cli.serve: serving hello, demo\n{\"squadron_process\":1,\"host\":\"127.0.0.1\",\"port\":43283,\"token\":\"IPXLuOeew5yzd7e7-58o5wsl5ry6OQVpqRfB8kTEg08\",\"pid\":12854,\"launch_id\":\"c35f7c6d3c531f3d\"}"}
{"check":"back-t60-sockets","result":"port 45611"}
{"check":"back-t60-procs","result":"10642 10312       09:39 u:r:webview_zygote:s0          webview_zygote\n12562 10312       08:51 u:r:untrusted_app:s0:c210,c256,c512,c768 com.dergoogler.mmrl.wx\n12594     1       08:51 u:r:ksu:s0                     com.dergoogler.mmrl.wx:root:0\n12646 10312       08:50 u:r:untrusted_app:s0:c151,c256,c512,c768 com.google.android.webview:webview_service\n12693 10312       08:50 u:r:untrusted_app:s0:c151,c256,c512,c768 com.google.android.webview:webview_apk\n12812 10312       08:40 u:r:untrusted_app_27:s0:c211,c256,c512,c768 com.webui.api.demo"}
{"check":"back-t60-activity","result":"lastActivityTime=-8m50s284ms    startUpTime=-8m51s219ms    startElapsedTime=-8m51s219ms\n    curProcState=4 mRepProcState=4 setProcState=4 lastStateTime=-8m51s97ms"}
{"check":"back-t60-devtools","result":"[]"}
{"check":"back-t60-cgroup","result":"== pid 12562: com.dergoogler.mmrl.wx                                                \n4:memory:/\n3:cpuset:/foreground\n2:cpu:/foreground\n1:blkio:/\n0::/uid_10210/pid_12562\nState:\tS (sleeping)\ncgroup.freeze 0 cgroup.events: populated 1 frozen 0"}
{"check":"back-t60-rootport","result":"root process port"}
{"check":"back-t60-service","result":"0"}
{"check":"back-t120-uptime","result":"973.45"}
{"check":"back-t120-rootlog","result":"2026-10-05T05:28:02.506280 cgroup before: 4:memory:/apps 3:cpuset:/top-app 2:cpu:/top-app 1:blkio:/ 0::/\n2026-10-05T05:28:02.506359 cgroup after: 4:memory:/apps 3:cpuset:/top-app 2:cpu:/top-app 1:blkio:/ 0::/\n2026-10-05T05:28:02.621251 listening on 127.0.0.1:45611\n2026-10-05T05:35:38.970151 shutting down\n2026-10-05T05:35:38.993553 am stopservice --user 0 -n com.webui.api.demo/com.termux.api.RootHelperService: exit 255 Stopping service: Intent { cmp=com.webui.api.demo/com.termux.api.RootHelperService }\nService stopped"}
{"check":"back-t120-proclog","result":"total 16\n-rw------- 1 root root   2 2026-10-05 05:35 1791178083001751-0.exit\n-rw------- 1 root root 215 2026-10-05 05:28 1791178083001751-0.log\n== /data/adb/modules/demo/flutter_webui/run/proc/1791178083001751-0.log\n2026-10-05T05:28:03.070141 INFO cli.serve: serving hello, demo\n{\"squadron_process\":1,\"host\":\"127.0.0.1\",\"port\":43283,\"token\":\"IPXLuOeew5yzd7e7-58o5wsl5ry6OQVpqRfB8kTEg08\",\"pid\":12854,\"launch_id\":\"c35f7c6d3c531f3d\"}"}
{"check":"back-t120-sockets","result":"port 45611"}
{"check":"back-t120-procs","result":"10642 10312       10:34 u:r:webview_zygote:s0          webview_zygote\n12562 10312       09:46 u:r:untrusted_app:s0:c210,c256,c512,c768 com.dergoogler.mmrl.wx\n12594     1       09:46 u:r:ksu:s0                     com.dergoogler.mmrl.wx:root:0\n12646 10312       09:45 u:r:untrusted_app:s0:c151,c256,c512,c768 com.google.android.webview:webview_service\n12693 10312       09:45 u:r:untrusted_app:s0:c151,c256,c512,c768 com.google.android.webview:webview_apk\n12812 10312       09:35 u:r:untrusted_app_27:s0:c211,c256,c512,c768 com.webui.api.demo"}
{"check":"back-t120-activity","result":"lastActivityTime=-9m45s628ms    startUpTime=-9m46s563ms    startElapsedTime=-9m46s563ms\n    curProcState=4 mRepProcState=4 setProcState=4 lastStateTime=-9m46s441ms"}
{"check":"back-t120-devtools","result":"[]"}
{"check":"back-t120-cgroup","result":"== pid 12562: com.dergoogler.mmrl.wx                                                \n4:memory:/\n3:cpuset:/foreground\n2:cpu:/foreground\n1:blkio:/\n0::/uid_10210/pid_12562\nState:\tS (sleeping)\ncgroup.freeze 0 cgroup.events: populated 1 frozen 0"}
{"check":"back-t120-rootport","result":"root process port"}
{"check":"back-t120-service","result":"0"}
{"check":"back-t240-uptime","result":"1088.80"}
{"check":"back-t240-rootlog","result":"2026-10-05T05:28:02.506280 cgroup before: 4:memory:/apps 3:cpuset:/top-app 2:cpu:/top-app 1:blkio:/ 0::/\n2026-10-05T05:28:02.506359 cgroup after: 4:memory:/apps 3:cpuset:/top-app 2:cpu:/top-app 1:blkio:/ 0::/\n2026-10-05T05:28:02.621251 listening on 127.0.0.1:45611\n2026-10-05T05:35:38.970151 shutting down\n2026-10-05T05:35:38.993553 am stopservice --user 0 -n com.webui.api.demo/com.termux.api.RootHelperService: exit 255 Stopping service: Intent { cmp=com.webui.api.demo/com.termux.api.RootHelperService }\nService stopped"}
{"check":"back-t240-proclog","result":"total 16\n-rw------- 1 root root   2 2026-10-05 05:35 1791178083001751-0.exit\n-rw------- 1 root root 215 2026-10-05 05:28 1791178083001751-0.log\n== /data/adb/modules/demo/flutter_webui/run/proc/1791178083001751-0.log\n2026-10-05T05:28:03.070141 INFO cli.serve: serving hello, demo\n{\"squadron_process\":1,\"host\":\"127.0.0.1\",\"port\":43283,\"token\":\"IPXLuOeew5yzd7e7-58o5wsl5ry6OQVpqRfB8kTEg08\",\"pid\":12854,\"launch_id\":\"c35f7c6d3c531f3d\"}"}
{"check":"back-t240-sockets","result":"port 45611"}
{"check":"back-t240-procs","result":"10642 10312       12:29 u:r:webview_zygote:s0          webview_zygote\n12562 10312       11:41 u:r:untrusted_app:s0:c210,c256,c512,c768 com.dergoogler.mmrl.wx\n12594     1       11:41 u:r:ksu:s0                     com.dergoogler.mmrl.wx:root:0\n12646 10312       11:40 u:r:untrusted_app:s0:c151,c256,c512,c768 com.google.android.webview:webview_service\n12693 10312       11:40 u:r:untrusted_app:s0:c151,c256,c512,c768 com.google.android.webview:webview_apk\n12812 10312       11:30 u:r:untrusted_app_27:s0:c211,c256,c512,c768 com.webui.api.demo"}
{"check":"back-t240-activity","result":"lastActivityTime=-11m40s961ms    startUpTime=-11m41s896ms    startElapsedTime=-11m41s896ms\n    curProcState=4 mRepProcState=4 setProcState=4 lastStateTime=-11m41s774ms"}
{"check":"back-t240-devtools","result":"[]"}
{"check":"back-t240-cgroup","result":"== pid 12562: com.dergoogler.mmrl.wx                                                \n4:memory:/\n3:cpuset:/foreground\n2:cpu:/foreground\n1:blkio:/\n0::/uid_10210/pid_12562\nState:\tS (sleeping)\ncgroup.freeze 0 cgroup.events: populated 1 frozen 0"}
{"check":"back-t240-rootport","result":"root process port"}
{"check":"back-t240-service","result":"0"}
{"check":"exit-open","result":"opened: intent"}
{"check":"exit-places","result":{"url":"https://mui.kernelsu.org/index.html","socket":"webview_devtools_remote_22922","value":"tapped Places at 16,572 size 288x56 role button tappable"}}
{"check":"exit-before-uptime","result":"1120.29"}
{"check":"exit-before-rootlog","result":"2026-10-05T05:39:52.956404 cgroup before: 4:memory:/apps 3:cpuset:/top-app 2:cpu:/top-app 1:blkio:/ 0::/\n2026-10-05T05:39:52.956479 cgroup after: 4:memory:/apps 3:cpuset:/top-app 2:cpu:/top-app 1:blkio:/ 0::/\n2026-10-05T05:39:53.061436 listening on 127.0.0.1:42283"}
{"check":"exit-before-proclog","result":"total 24\n-rw------- 1 root root 215 2026-10-05 05:39 1791178793536789-0.log\n-rw------- 1 root root   2 2026-10-05 05:35 1791178083001751-0.exit\n-rw------- 1 root root 215 2026-10-05 05:28 1791178083001751-0.log\n== /data/adb/modules/demo/flutter_webui/run/proc/1791178793536789-0.log\n2026-10-05T05:39:53.580167 INFO cli.serve: serving hello, demo\n{\"squadron_process\":1,\"host\":\"127.0.0.1\",\"port\":34247,\"token\":\"a-myCqdFKqc1yJ77NGpN8Spq9sTfQOy5TPaRdXqt1Vw\",\"pid\":23154,\"launch_id\":\"2eef479121656945\"}"}
{"check":"exit-before-sockets","result":"port 42283\n0100007F:A52B 00000000:0000 st=0A ino=1815142 pid=23106 /data/adb/modules/demo/flutter_webui/x86_64/dartaotruntime /\n0100007F:A52B 0100007F:AD9C st=01 ino=1816664 pid=23106 /data/adb/modules/demo/flutter_webui/x86_64/dartaotruntime /\n0100007F:AD9C 0100007F:A52B st=01 ino=1816661 pid=22922 com.dergoogler.mmrl.process.webui"}
{"check":"exit-before-procs","result":"10642 10312       14:19 u:r:webview_zygote:s0          webview_zygote\n12646 10312       13:30 u:r:untrusted_app:s0:c151,c256,c512,c768 com.google.android.webview:webview_service\n12693 10312       13:30 u:r:untrusted_app:s0:c151,c256,c512,c768 com.google.android.webview:webview_apk\n12812 10312       13:20 u:r:untrusted_app_27:s0:c211,c256,c512,c768 com.webui.api.demo\n22942 10312       01:41 u:r:untrusted_app:s0:c210,c256,c512,c768 com.dergoogler.mmrl.wx\n22972 22968       01:41 u:r:ksu:s0                     com.dergoogler.mmrl.wx:root:0\n22973 22944       01:40 u:r:ksu:s0                     com.dergoogler.mmrl.wx:root:0\n23027 10642       01:40 u:r:isolated_app:s0:c512,c768  com.google.android.webview:sandboxed_process0:org.chromium.content.app.SandboxedProcessService0:0\n23106     1       01:30 u:r:ksu:s0                     dartaotruntime /data/adb/modules/demo/flutter_webui/x86_64/flutter_webui_root.aot serve --module-dir /data/adb/modules/demo --module-id demo --ru\n23153     1       01:29 u:r:ksu:s0                     sh -c trap : TERM INT HUP USR1 USR2; exec 0</dev/null; \"$@\" >>\"$FLUTTER_WEBUI_LOG\" 2>&1; c=$?; (umask 077 && echo $c >\"$FLUTTER_WEBUI_EXIT.tmp\");\n23154 23153       01:29 u:r:ksu:s0                     dartaotruntime /data/adb/modules/demo/bin/x86_64/demo.aot serve --session-file /data/adb/modules/demo/run/demo.place.json --launch-id 2eef4791216"}
{"check":"exit-before-activity","result":"topResumedActivity=ActivityRecord{748516f u0 com.dergoogler.mmrl.wx/.ui.activity.webui.WebUIActivity t15}\n    * Hist  #0: ActivityRecord{748516f u0 com.dergoogler.mmrl.wx/.ui.activity.webui.WebUIActivity t15}\n    Resumed: ActivityRecord{748516f u0 com.dergoogler.mmrl.wx/.ui.activity.webui.WebUIActivity t15}\n  ResumedActivity: ActivityRecord{748516f u0 com.dergoogler.mmrl.wx/.ui.activity.webui.WebUIActivity t15}\n  deepestLastOrientationSource=ActivityRecord{748516f u0 com.dergoogler.mmrl.wx/.ui.activity.webui.WebUIActivity t15}\n  mFocusedApp=ActivityRecord{748516f u0 com.dergoogler.mmrl.wx/.ui.activity.webui.WebUIActivity t15}\n        * ActivityRecord{748516f u0 com.dergoogler.mmrl.wx/.ui.activity.webui.WebUIActivity t15}\n    mSystemBarColorApps={ActivityRecord{748516f u0 com.dergoogler.mmrl.wx/.ui.activity.webui.WebUIActivity t15}}\n    lastActivityTime=-1m40s417ms    startUpTime=-1m41s111ms    startElapsedTime=-1m41s111ms\n    curProcState=4 mRepProcState=4 setProcState=4 lastStateTime=-1m41s13ms\n    lastActivityTime=-1m40s307ms    startUpTime=-1m40s515ms    startElapsedTime=-1m40s515ms\n    curProcState=3 mRepProcState=3 setProcState=3 lastStateTime=-1m40s459ms"}
{"check":"exit-before-devtools","result":"[\n {\n  \"socket\": \"webview_devtools_remote_22922\",\n  \"port\": 9300,\n  \"description\": \"{\\\"attached\\\":true,\\\"empty\\\":false,\\\"height\\\":640,\\\"never_attached\\\":false,\\\"screenX\\\":0,\\\"screenY\\\":0,\\\"visible\\\":true,\\\"width\\\":320}\",\n  \"devtoolsFrontendUrl\": \"https://chrome-devtools-frontend.appspot.com/serve_internal_file/@7741f71cbce3b7dfe3eb5890976d2596364b0733/inspector.html?ws=127.0.0.1:9300/devtools/page/95D4B2A390C60E9EDAF3068BC3B9D89A\",\n  \"id\": \"95D4B2A390C60E9EDAF3068BC3B9D89A\",\n  \"title\": \"Demo\",\n  \"type\": \"page\",\n  \"url\": \"https://mui.kernelsu.org/index.html\",\n  \"webSocketDebuggerUrl\": \"ws://127.0.0.1:9300/devtools/page/95D4B2A390C60E9EDAF3068BC3B9D89A\"\n }\n]"}
{"check":"exit-before-cgroup","result":"== pid 23106: /data/adb/modules/demo/flutter_webui/x86_64/dartaotruntime /data/adb/m\n4:memory:/apps\n3:cpuset:/top-app\n2:cpu:/top-app\n1:blkio:/\n0::/\nState:\tS (sleeping)\n/system/bin/sh: can't open /sys/fs/cgroup//cgroup.events: No such file or directory\ncgroup.freeze cat: /sys/fs/cgroup//cgroup.freeze: No such file or directory cgroup.events: \n== pid 23154: /data/adb/modules/demo/bin/x86_64/dartaotruntime /data/adb/modules/dem\n4:memory:/apps\n3:cpuset:/top-app\n2:cpu:/top-app\n1:blkio:/\n0::/\nState:\tS (sleeping)\n/system/bin/sh: can't open /sys/fs/cgroup//cgroup.events: No such file or directory\ncgroup.freeze cat: /sys/fs/cgroup//cgroup.freeze: No such file or directory cgroup.events: \n== pid 22942: com.dergoogler.mmrl.wx                                                \n4:memory:/\n3:cpuset:/foreground\n2:cpu:/foreground\n1:blkio:/\n0::/uid_10210/pid_22942\nState:\tS (sleeping)\ncgroup.freeze 0 cgroup.events: populated 1 frozen 0"}
{"check":"exit-before-rootport","result":"root process port 34247\n0100007F:85C7 00000000:0000 st=0A pid=23154 /data/adb/modules/demo/bin/x86_64/dartaotruntime /\n0100007F:85C7 0100007F:8052 st=01 pid=23154 /data/adb/modules/demo/bin/x86_64/dartaotruntime /\n0100007F:802C 0100007F:85C7 st=01 pid=22922 com.dergoogler.mmrl.process.webui                 \n0100007F:8046 0100007F:85C7 st=01 pid=22922 com.dergoogler.mmrl.process.webui                 \n0100007F:8038 0100007F:85C7 st=01 pid=22922 com.dergoogler.mmrl.process.webui                 \n0100007F:8052 0100007F:85C7 st=01 pid=22922 com.dergoogler.mmrl.process.webui                 \n0100007F:85C7 0100007F:8046 st=01 pid=23154 /data/adb/modules/demo/bin/x86_64/dartaotruntime /\n0100007F:85C7 0100007F:802C st=01 pid=23154 /data/adb/modules/demo/bin/x86_64/dartaotruntime /\n0100007F:85C7 0100007F:8038 st=01 pid=23154 /data/adb/modules/demo/bin/x86_64/dartaotruntime /"}
{"check":"exit-before-service","result":"* ServiceRecord{308cfde u0 com.webui.api.demo/com.termux.api.RootHelperService c:com.android.shell}\n    isForeground=true foregroundId=32363 types=0x40000000 foregroundNoti=Notification(channel=root_helper shortcut=null contentView=null vibrate=null sound=null defaults=0 flags=ONGOING_EVENT|FOREGROUND_SERVICE color=0x00000000 vis=PRIVATE)\n2"}
{"check":"exit-exit-api","result":{"url":"https://mui.kernelsu.org/index.html","socket":"webview_devtools_remote_22922","value":"{\"ksu\":\"object\",\"exit\":\"undefined\",\"webui\":\"object\",\"webuiExit\":\"function\"}"}}
{"check":"exit-exit-call","result":{"url":"https://mui.kernelsu.org/index.html","socket":"webview_devtools_remote_22922","value":"called"}}
{"check":"exit-closed","result":"      topResumedActivity=ActivityRecord{e45ffb2 u0 com.google.android.apps.nexuslauncher/.NexusLauncherActivity t13}"}
{"check":"exit-t0-uptime","result":"1433.33"}
{"check":"exit-t0-rootlog","result":"2026-10-05T05:39:52.956404 cgroup before: 4:memory:/apps 3:cpuset:/top-app 2:cpu:/top-app 1:blkio:/ 0::/\n2026-10-05T05:39:52.956479 cgroup after: 4:memory:/apps 3:cpuset:/top-app 2:cpu:/top-app 1:blkio:/ 0::/\n2026-10-05T05:39:53.061436 listening on 127.0.0.1:42283"}
{"check":"exit-t0-proclog","result":"total 24\n-rw------- 1 root root 215 2026-10-05 05:39 1791178793536789-0.log\n-rw------- 1 root root   2 2026-10-05 05:35 1791178083001751-0.exit\n-rw------- 1 root root 215 2026-10-05 05:28 1791178083001751-0.log\n== /data/adb/modules/demo/flutter_webui/run/proc/1791178793536789-0.log\n2026-10-05T05:39:53.580167 INFO cli.serve: serving hello, demo\n{\"squadron_process\":1,\"host\":\"127.0.0.1\",\"port\":34247,\"token\":\"a-myCqdFKqc1yJ77NGpN8Spq9sTfQOy5TPaRdXqt1Vw\",\"pid\":23154,\"launch_id\":\"2eef479121656945\"}"}
{"check":"exit-t0-sockets","result":"port 42283\n0100007F:A52B 00000000:0000 st=0A ino=1815142 pid=23106 /data/adb/modules/demo/flutter_webui/x86_64/dartaotruntime /"}
{"check":"exit-t0-procs","result":"10642 10312       18:41 u:r:webview_zygote:s0          webview_zygote\n12646 10312       17:52 u:r:untrusted_app:s0:c151,c256,c512,c768 com.google.android.webview:webview_service\n12693 10312       17:52 u:r:untrusted_app:s0:c151,c256,c512,c768 com.google.android.webview:webview_apk\n12812 10312       17:42 u:r:untrusted_app_27:s0:c211,c256,c512,c768 com.webui.api.demo\n22942 10312       06:03 u:r:untrusted_app:s0:c210,c256,c512,c768 com.dergoogler.mmrl.wx\n22973     1       06:02 u:r:ksu:s0                     com.dergoogler.mmrl.wx:root:0\n23106     1       05:52 u:r:ksu:s0                     dartaotruntime /data/adb/modules/demo/flutter_webui/x86_64/flutter_webui_root.aot serve --module-dir /data/adb/modules/demo --module-id demo --ru"}
{"check":"exit-t0-activity","result":"lastActivityTime=-6m1s786ms    startUpTime=-6m2s480ms    startElapsedTime=-6m2s480ms\n    curProcState=4 mRepProcState=4 setProcState=4 lastStateTime=-6m2s382ms"}
{"check":"exit-t0-devtools","result":"[]"}
