10-05 04:23:51.313   812   818 D AERA UI : touch released at 619,1269
10-05 04:23:53.112   812   818 D AERA UI : touch released at 611,1269
10-05 04:23:54.830   812   818 D AERA UI : touch released at 605,1269
10-05 04:23:56.617   812   818 D AERA UI : touch released at 611,1261
10-05 04:23:58.370   812   818 D AERA UI : touch released at 605,1269
10-05 04:24:00.245   812   818 D AERA UI : touch released at 613,1265
10-05 04:24:01.814   812   818 D AERA UI : touch released at 617,1265
10-05 04:24:05.440   812   818 D AERA UI : touch released at 639,1299
10-05 04:24:10.338   812   818 D AERA UI : touch released at 643,1301
10-05 04:24:14.008   812   818 D AERA UI : touch released at 359,1039
10-05 04:24:25.270   812   818 D AERA UI : touch released at 359,1039
10-05 04:33:38.757   812   818 D AERA UI : touch released at 360,263
10-05 04:33:48.442   812   818 D AERA UI : touch released at 360,460
10-05 04:33:58.109   812   818 D AERA UI : touch released at 360,657
10-05 04:34:07.807   812   818 D AERA UI : touch released at 360,854
10-05 04:36:38.418   812   818 D AERA UI : touch released at 360,1000
10-05 04:36:39.574   812   818 D AERA UI : touch released at 350,1012
10-05 04:36:43.328   812   818 D AERA UI : touch released at 360,1040
10-05 04:36:52.394   812   818 D AERA UI : touch released at 360,790
10-05 04:38:42.707   812   818 D AERA UI : touch released at 360,1040
10-05 04:38:50.736   812   818 D AERA UI : touch released at 360,790
10-05 04:39:30.952   812   818 D AERA UI : touch released at 361,791
10-05 04:40:08.671   812   818 D AERA UI : touch released at 354,1007
10-05 04:40:12.081   812   818 D AERA UI : touch released at 354,1007
10-05 04:40:15.511   812   818 D AERA UI : touch released at 354,1007
10-05 04:40:23.337   812   818 D AERA UI : touch released at 378,660
10-05 04:40:30.913   812   818 D AERA UI : touch released at 378,660
10-05 04:40:38.497   812   818 D AERA UI : touch released at 378,660
10-05 04:41:17.113   812   818 D AERA UI : touch released at 360,1000
10-05 04:41:18.331   812   818 D AERA UI : touch released at 352,1010
10-05 04:41:38.588   812   818 I AERA UI : left-edge Back gesture accepted
10-05 04:41:38.589   812   818 D AERA UI : touch released at 228,706
10-05 04:41:49.645  4617  4623 I AERA UI : AERA Recovery Project native engine active; hardware Back and edge swipe use navigation history
10-05 04:42:25.160  4617  4623 D AERA UI : touch released at 360,1000
10-05 04:42:26.366  4617  4623 D AERA UI : touch released at 352,1010
10-05 04:42:46.717  4617  4623 I AERA UI : left-edge Back gesture accepted
10-05 04:42:46.718  4617  4623 D AERA UI : touch released at 228,706
10-05 04:42:57.898  5121  5129 I AERA UI : AERA Recovery Project native engine active; hardware Back and edge swipe use navigation history
