10-03 02:55:47.554   568   574 D AERA UI : touch released at 619,1269
10-03 02:55:49.336   568   574 D AERA UI : touch released at 611,1269
10-03 02:55:51.086   568   574 D AERA UI : touch released at 605,1269
10-03 02:55:52.883   568   574 D AERA UI : touch released at 611,1261
10-03 02:55:54.674   568   574 D AERA UI : touch released at 605,1269
10-03 02:55:56.619   568   574 D AERA UI : touch released at 613,1265
10-03 02:55:58.159   568   574 D AERA UI : touch released at 617,1265
10-03 02:56:01.701   568   574 D AERA UI : touch released at 639,1299
10-03 02:56:06.441   568   574 D AERA UI : touch released at 359,1039
10-03 02:56:18.134   568   574 D AERA UI : touch released at 359,1039
10-03 03:06:12.671   568   574 D AERA UI : touch released at 360,263
10-03 03:06:22.288   568   574 D AERA UI : touch released at 360,460
10-03 03:06:31.972   568   574 D AERA UI : touch released at 360,657
10-03 03:06:41.646   568   574 D AERA UI : touch released at 360,854
10-03 03:09:16.156   568   574 D AERA UI : touch released at 360,1000
10-03 03:09:17.381   568   574 D AERA UI : touch released at 350,1012
10-03 03:09:21.139   568   574 D AERA UI : touch released at 360,1040
10-03 03:09:30.331   568   574 D AERA UI : touch released at 360,790
10-03 03:11:21.385   568   574 D AERA UI : touch released at 360,1040
10-03 03:11:29.377   568   574 D AERA UI : touch released at 360,790
10-03 03:12:09.913   568   574 D AERA UI : touch released at 361,791
10-03 03:12:48.124   568   574 D AERA UI : touch released at 354,1007
10-03 03:12:51.582   568   574 D AERA UI : touch released at 354,1007
10-03 03:12:55.018   568   574 D AERA UI : touch released at 354,1007
10-03 03:13:02.840   568   574 D AERA UI : touch released at 378,660
10-03 03:13:10.476   568   574 D AERA UI : touch released at 378,660
10-03 03:13:18.065   568   574 D AERA UI : touch released at 378,660
10-03 03:13:56.702   568   574 D AERA UI : touch released at 360,1000
10-03 03:13:57.882   568   574 D AERA UI : touch released at 352,1010
10-03 03:14:18.362   568   574 I AERA UI : left-edge Back gesture accepted
10-03 03:14:18.362   568   574 D AERA UI : touch released at 228,706
10-03 03:14:29.461  4405  4411 I AERA UI : AERA Recovery Project native engine active; hardware Back and edge swipe use navigation history
10-03 03:15:04.900  4405  4411 D AERA UI : touch released at 360,1000
10-03 03:15:06.073  4405  4411 D AERA UI : touch released at 352,1010
10-03 03:15:26.528  4405  4411 I AERA UI : left-edge Back gesture accepted
10-03 03:15:26.528  4405  4411 D AERA UI : touch released at 228,706
10-03 03:15:37.631  4908  4914 I AERA UI : AERA Recovery Project native engine active; hardware Back and edge swipe use navigation history
