yes: standard output: Broken pipe
Auto-selecting single ABI x86_64
Do you wish to create a custom hardware profile? [no] lab.avd
lab.ini
emulator Android emulator version 37.2.12.0 (build_id 16428233) (CL:N/A)
* daemon not running; starting now at tcp:5037
* daemon started successfully
booted in 20s: google/sdk_gphone64_x86_64/emu64xa:15/AE3A.240806.043/12960925:userdebug/dev-keys
kernel 6.6.50-android15-8-g8adecb593e9b-ab12525588 -> kmi android15-6.6; tiann/KernelSU v3.3.0
total 16428
drwx------  2 runner runner     4096 Oct  1 22:37 .
drwxrwxrwt 16 root   root       4096 Oct  1 22:37 ..
-rw-r--r--  1 runner runner 10777987 Oct  1 22:37 KernelSU_v3.3.0_32601-release.apk
-rw-r--r--  1 runner runner  5713312 Oct  1 22:37 ksud-x86_64-linux-android
-rw-r--r--  1 runner runner   318824 Oct  1 22:37 lkm-x86_64-android15-6.6_kernelsu.ko
== manager installed (me.weishu.kernelsu, KernelSU_v3.3.0_32601-release.apk)
/tmp/tmp.wRTFmjvV8K/lkm-x86_64-android15-6.6_kernelsu.ko: 1 file pushed, 0 skipped. 8.3 MB/s (318824 bytes in 0.036s)
/tmp/tmp.wRTFmjvV8K/ksud-x86_64-linux-android: 1 file pushed, 0 skipped. 230.2 MB/s (5713312 bytes in 0.024s)
== ksud: ksud 3.3.0 (uapi: 2)
== ksud late-load: rc=0
== ksud insmod /data/adb/kernelsu.ko: Error: load module failed: /data/adb/kernelsu.ko

Caused by:
    0: init_module failed without vermagic mismatch
    1: File exists (os error 17)
rc=1
kernelsu              159744  0 
== lsmod: kernelsu              159744  1 
KernelSU_v3.3.0_32601-release.apk
ksud-aarch64-apple-darwin
ksud-aarch64-linux-android
ksud-aarch64-unknown-linux-musl
ksud-x86_64-apple-darwin
ksud-x86_64-linux-android
ksud-x86_64-pc-windows-gnu.exe
ksud-x86_64-unknown-linux-musl
ksuinit-aarch64
ksuinit-x86_64
lkm-aarch64-android12-5.10_kernelsu.ko
lkm-aarch64-android13-5.10_kernelsu.ko
lkm-aarch64-android13-5.15_kernelsu.ko
lkm-aarch64-android14-5.15_kernelsu.ko
lkm-aarch64-android14-6.1_kernelsu.ko
lkm-aarch64-android15-6.6_kernelsu.ko
lkm-aarch64-android16-6.12_kernelsu.ko
lkm-aarch64-android17-6.18_kernelsu.ko
lkm-x86_64-android12-5.10_kernelsu.ko
lkm-x86_64-android13-5.10_kernelsu.ko
lkm-x86_64-android13-5.15_kernelsu.ko
lkm-x86_64-android14-5.15_kernelsu.ko
lkm-x86_64-android14-6.1_kernelsu.ko
lkm-x86_64-android15-6.6_kernelsu.ko
lkm-x86_64-android16-6.12_kernelsu.ko
lkm-x86_64-android17-6.18_kernelsu.ko
== no metamodule asset in tiann/KernelSU v3.3.0
/home/runner/work/devicelab/devicelab/modules/probe/./: 2 files pushed, 0 skipped. 0.0 MB/s (1474 bytes in 0.054s)
== modules: [
  {
    "update": "false",
    "remove": "false",
    "id": "devicelab_probe",
    "enabled": "true",
    "web": "true",
    "action": "false",
    "mount": "false",
    "version": "1",
    "name": "devicelab probe",
    "description": "Observation module for devicelab. Its WebUI page is driven over DevTools.",
    "versionCode": "1",
    "author": "p0g-stack"
  }
]
SELinux: Loaded file context from:
		/system/etc/selinux/plat_file_contexts
		/system_ext/etc/selinux/system_ext_file_contexts
		/vendor/etc/selinux/vendor_file_contexts
== home text: text="LKM" text="Working [Jailbreak mode]" text="Version: 32601-2" text="Manager version" text="v3.3.0 (32601-2)" text="Kernel version" text="6.6.50-android15-8-g8adecb593e9b-ab12525588" text="Device model" text="Google sdk_gphone64_x86_64" text="Fingerprint" text="google/sdk_gphone64_x86_64/emu64xa:15/AE3A.240806.043/12960925:userdebug/dev-keys" text="Enforcing" text="KernelSU" text="Home" text="Superuser" text="1" text="Module" text="Settings" 
== manager activities: me.weishu.kernelsu/.magica.BootCompletedReceiver me.weishu.kernelsu/.ui.MainActivity me.weishu.kernelsu/androidx.core.content.FileProvider me.weishu.kernelsu/androidx.profileinstaller.ProfileInstallReceiver me.weishu.kernelsu/androidx.startup.InitializationProvider 
curl: (22) The requested URL returned error: 404
== metamodule: module repo index unreachable
== metamodule index entry: index unreadable [Errno 2] No such file or directory: '/tmp/tmp.KC8ycXRwDP/index.json'
release not found
release not found
== metamodule: no zip found for KernelSU-Modules-Repo/meta-overlayfs
inputs/modules/flutter_webui_counter-0.1.5.zip: 1 file pushed, 0 skipped. 753.9 MB/s (21434766 bytes in 0.027s)
== install flutter_webui_counter-0.1.5.zip
  inflating: webroot/fonts/notocoloremoji/v32/Yq6P-KqIXTD0t4D9z1ESnKM3-HpFabsE4tq3luCC7p-aXxcn.3.woff2
  inflating: webroot/fonts/notocoloremoji/v32/Yq6P-KqIXTD0t4D9z1ESnKM3-HpFabsE4tq3luCC7p-aXxcn.8.woff2
  inflating: webroot/fonts/notocoloremoji/v32/Yq6P-KqIXTD0t4D9z1ESnKM3-HpFabsE4tq3luCC7p-aXxcn.2.woff2
   creating: webroot/fonts/notosansmath/
   creating: webroot/fonts/notosansmath/v15/
  inflating: webroot/fonts/notosansmath/v15/7Aump_cpkSecTWaHRlH2hyV5UHkD-V048PW0.woff2
   creating: webroot/fonts/roboto/
   creating: webroot/fonts/roboto/v32/
  inflating: webroot/fonts/roboto/v32/KFOmCnqEu92Fr1Me4GZLCzYlKw.woff2
  inflating: webroot/.last_build_id
  inflating: webroot/config.json
  inflating: webroot/flutter_webui.js
  inflating: customize.sh
- Done
- Module installed successfully!
inputs/modules/counter-v1.0.0.zip: 1 file pushed, 0 skipped. 575.5 MB/s (6582359 bytes in 0.011s)
== install counter-v1.0.0.zip
  inflating: webroot/canvaskit/chromium/canvaskit.wasm
  inflating: webroot/config.json
  inflating: webroot/favicon.png
  inflating: webroot/flutter.js
  inflating: webroot/flutter_bootstrap.js
  inflating: webroot/icons/Icon-192.png
  inflating: webroot/icons/Icon-512.png
  inflating: webroot/icons/Icon-maskable-192.png
  inflating: webroot/icons/Icon-maskable-512.png
  inflating: webroot/index.html
  inflating: webroot/main.dart.js
  inflating: webroot/manifest.json
  inflating: webroot/version.json
- Done
- Module installed successfully!
inputs/modules/demo.zip: 1 file pushed, 0 skipped. 571.5 MB/s (28104241 bytes in 0.047s)
== install demo.zip
  inflating: webroot/main.dart.js
  inflating: webroot/manifest.json
  inflating: webroot/pkg/.gitignore
  inflating: webroot/pkg/demo_native.js
  inflating: webroot/pkg/demo_native_bg.wasm
  inflating: webroot/pkg/package.json
  inflating: webroot/version.json
  inflating: webroot/workers/demo_service.web.g.dart.js
  inflating: webroot/workers/hello_service.web.g.dart.js
  inflating: webui_app_plane/arm64-v8a/webui_termux_api.aot
  inflating: webui_app_plane/termux-api
  inflating: webui_app_plane/x86_64/webui_termux_api.aot
- Handle partition /product
- Done
- Module installed successfully!
/home/runner/work/devicelab/devicelab/app_plane.zip: 1 file pushed, 0 skipped. 746.7 MB/s (4528307 bytes in 0.006s)
== install app_plane.zip
Archive:  /data/local/tmp/m.zip
- Extracting module files
Archive:  /data/local/tmp/m.zip
  inflating: post-fs-data.sh
  inflating: module.prop
   creating: system/
   creating: system/product/
   creating: system/product/app/
   creating: system/product/app/WebuiTermuxApi/
  inflating: system/product/app/WebuiTermuxApi/WebuiTermuxApi.apk
  inflating: service.sh
  inflating: sockprobe
- Handle partition /product
- Done
- Module installed successfully!
/home/runner/work/devicelab/devicelab/envdump.zip: 1 file pushed, 0 skipped. 34.1 MB/s (1766 bytes in 0.000s)
== install envdump.zip
 devicelab envdump 
 by p0g-stack 
*******************
*********************
 Powered by KernelSU 
*********************
Archive:  /data/local/tmp/m.zip
  inflating: customize.sh
- Extracting module files
Archive:  /data/local/tmp/m.zip
  inflating: module.prop
  inflating: customize.sh
- devicelab envdump: written /data/local/tmp/customize-env.txt
- Done
- Module installed successfully!
== soft-reboot: 
== after soft-reboot (34s): [
  {
    "id": "devicelab_probe",
    "update": "false",
    "enabled": "true",
    "web": "true",
    "action": "false",
    "version": "1",
    "name": "devicelab probe",
    "description": "Observation module for devicelab. Its WebUI page is driven over DevTools.",
    "versionCode": "1",
    "author": "p0g-stack",
    "mount": "false",
    "remove": "false"
  },
  {
    "author": "p0g-stack",
    "update": "false",
    "remove": "false",
    "description": "Stock Flutter counter app on flutter-webui (devicelab bring-up build).",
    "web": "true",
    "version": "0.1.5",
    "id": "flutter_webui_counter",
    "enabled": "true",
    "action": "false",
    "mount": "false",
    "name": "flutter-webui Counter",
    "versionCode": "6"
  },
  {
    "enabled": "true",
    "web": "true",
    "description": "A new Flutter project.",
    "version": "v1.0.0",
    "update": "false",
    "id": "counter",
    "remove": "false",
    "versionCode": "1",
    "action": "false",
    "name": "Counter",
    "mount": "false",
    "author": "Yuv"
  },
  {
    "id": "demo",
    "web": "true",
    "description": "The demo GUI. Flutter on top of the core.",
    "enabled": "true",
    "author": "",
    "update": "false",
    "remove": "false",
    "action": "false",
    "name": "Demo",
    "versionCode": "36",
    "version": "v0.1.36",
    "updateJson": "https://github.com/p0g-stack/demo/releases/latest/download/update.json",
    "mount": "true"
  },
  {
    "web": "false",
    "action": "false",
total 64
drwxrwxrwx 8 root root 4096 2026-10-01 22:37 .
drwx------ 5 root root 4096 2026-10-01 22:37 ..
drwxr-xr-x 3 root root 4096 2026-10-01 22:37 counter
drwxr-xr-x 8 root root 4096 2026-10-01 22:37 demo
drwxr-xr-x 4 root root 4096 2026-10-01 22:37 devicelab_app_plane
drwxr-xr-x 2 root root 4096 2026-10-01 22:37 devicelab_envdump
drwxr-xr-x 3 root root 4096 2026-10-01 22:37 devicelab_probe
drwxr-xr-x 4 root root 4096 2026-10-01 22:37 flutter_webui_counter
/home/runner/work/devicelab/devicelab/out/labserver: 1 file pushed, 0 skipped. 423.6 MB/s (7843260 bytes in 0.018s)
Starting: Intent { cmp=me.weishu.kernelsu/.ui.webui.WebUIActivity (has extras) }
Status: ok
Activity: me.weishu.kernelsu/.ui.webui.WebUIActivity








Status: ok








Segmentation fault 
intent path: no page; manager log:
10-01 22:38:43.132  8505  8580 D ProfileInstaller: Skipping profile installation for me.weishu.kernelsu
10-01 22:38:46.871  8505  8534 I EGL_emulation: Opening libGLESv1_CM_emulation.so
10-01 22:38:46.879  8505  8534 I EGL_emulation: Opening libGLESv2_emulation.so
10-01 22:38:46.901  8505  8534 W HWUI    : Failed to initialize 101010-2 format, error = EGL_SUCCESS
10-01 22:38:47.523  8505  8505 D VRI[WebUIActivity]: visibilityChanged oldVisibility=true newVisibility=false
10-01 22:38:47.533  8505  8505 W WindowOnBackDispatcher: sendCancelIfRunning: isInProgress=false callback=android.view.ViewRootImpl$$ExternalSyntheticLambda11@2299fd2
ui: tapped 'Module' at 200,584
ui: tapped 160,152
[0,0][320,640] devicelab probe | search | Clean | Cancel | devicelab probe | Version: 1 | Author: p0g-stack | Observation module for de
[12,40][235,88] devicelab probe | search | Clean
[185,40][233,88] Clean
[251,40][304,88] Cancel
[12,98][308,267] devicelab probe | Version: 1 | Author: p0g-stack | Observation module for devicelab. Its WebUI page is driven over DevTo
[243,116][292,164] 
[28,210][110,258] Open | Open
[186,210][292,258] Uninstall
[0,552][80,616] Home
[80,552][160,616] Superuser
[240,552][320,616] Settings
ui: tapped 'Open' at 69,234
https://mui.kernelsu.org/index.html
    * Hist  #1: ActivityRecord{a80a5c4 u0 me.weishu.kernelsu/.ui.webui.WebUIActivity t13}
      packageName=me.weishu.kernelsu processName=me.weishu.kernelsu
      launchedFromUid=10209 launchedFromPackage=me.weishu.kernelsu launchedFromFeature=null userId=0
      app=ProcessRecord{f3e3a5c 8505:me.weishu.kernelsu/u0a209}
      Intent { dat=ksu://webui?id=devicelab_probe&token=b7c4bf12dbc15a3ab53cb95529740a63e19d555a028ed24f9080b819b1addc9b flg=0x80000 cmp=me.weishu.kernelsu/.ui.webui.WebUIActivity }
opened: ui
{"check":"targets","result":[{"socket": "webview_devtools_remote_8505", "type": "page", "url": "https://mui.kernelsu.org/index.html", "title": "devicelab probe"}]}
{"check":"globals","result":{"url":"https://mui.kernelsu.org/index.html","socket":"webview_devtools_remote_8505","value":{"ua":"Mozilla/5.0 (Linux; Android 15; sdk_gphone64_x86_64 Build/AE3A.240806.043; wv) AppleWebKit/537.36 (KHTML, like Gecko) Version/4.0 Chrome/124.0.6367.219 Mobile Safari/537.36","origin":"https://mui.kernelsu.org","href":"https://mui.kernelsu.org/index.html","globals":["ksu"],"ksu":["enableEdgeToEdge","exec","exit","fullScreen","getPackagesInfo","listPackages","moduleInfo","spawn","toast","enableEdgeToEdge","exec","exit","fullScreen","getPackagesInfo","listPackages","moduleInfo","spawn","toast"]}}}
{"check":"ksu-exec","result":{"url":"https://mui.kernelsu.org/index.html","socket":"webview_devtools_remote_8505","value":{"code":0,"out":"uid=0(root) gid=0(root) groups=0(root) context=u:r:ksu:s0\nu:r:ksu:s0\u0000","err":""}}}
{"check":"ws-loopback","result":{"url":"https://mui.kernelsu.org/index.html","socket":"webview_devtools_remote_8505","value":{"got":["{\"origin\":\"https://mui.kernelsu.org\",\"peerUid\":10209,\"remote\":\"127.0.0.1:59210\",\"serverUid\":0,\"t\":1790894364714,\"uidSource\":\"/proc/net/tcp\"}","hi"],"ms":12}}}
{"check":"fetch-loopback","result":{"url":"https://mui.kernelsu.org/index.html","socket":"webview_devtools_remote_8505","value":{"origin":"https://mui.kernelsu.org","peerUid":10209,"remote":"127.0.0.1:59222","serverUid":0,"t":1790894364796,"uidSource":"/proc/net/tcp"}}}
{"check":"webview-uid","result":["webview_zygote 1053 webview_zygote", "u0_a209      10209 me.weishu.kernelsu", "u0_a152      10152 com.google.android.webview:webview_service", "u0_i9000     99000 com.google.android.webview:sandboxed_process0:org.chromium.content.app.SandboxedProcessService0:0"]}
{"check":"while-home-heartbeat","result":{"url":"https://mui.kernelsu.org/index.html","socket":"webview_devtools_remote_8505","value":{"now":9632,"vis":"hidden"}}}
{"check":"lifecycle","result":{"url":"https://mui.kernelsu.org/index.html","socket":"webview_devtools_remote_8505","value":{"events":[{"type":"pageshow","t":65,"vis":"visible"},{"type":"visibilitychange","t":3545,"vis":"hidden"},{"type":"visibilitychange","t":11737,"vis":"visible"}],"gaps":[{"from":5136,"ms":1000,"vis":"hidden"},{"from":9136,"ms":1001,"vis":"hidden"}],"slow":{"heldMs":3002,"sentAt":1790894367907,"resolvedAt":1790894367909,"vis":"hidden"}}}}
{"check":"dev-url","result":{"url":"http://127.0.0.1:8090/index.html","socket":"webview_devtools_remote_8505","value":{"href":"http://127.0.0.1:8090/index.html","ksu":"object","webui":"undefined","globals":["ksu"],"exec":{"code":0,"out":"uid=0(root) gid=0(root) groups=0(root) context=u:r:ksu:s0","err":""}}}}
Starting: Intent { cmp=me.weishu.kernelsu/.ui.webui.WebUIActivity (has extras) }
Status: ok
Activity: me.weishu.kernelsu/.ui.webui.WebUIActivity








Status: ok








Segmentation fault 
Status: ok
https://mui.kernelsu.org/index.html
token found in manager data: b7c4bf12dbc15a3ab53cb95529740a63e19d555a028ed24f9080b819b1addc9b
opened: intent-token
{"check":"targets","result":[{"type": "page", "url": "https://mui.kernelsu.org/index.html", "title": "Flutter Demo"}]}
{"check":"page","result":{"url":"https://mui.kernelsu.org/index.html","socket":"webview_devtools_remote_9102","value":{"href":"https://mui.kernelsu.org/index.html","title":"Flutter Demo","ready":"complete","flutter":true,"glass":true,"nav":{"dcl":156,"load":463},"paint":{"first-paint":990,"first-contentful-paint":990},"glassAt":"present","firstFrame":null,"insets":"24px","vv":[320,640,1]}}}
{"check":"java-exceptions","result":["10-01 22:39:51.792  6835  7163 D OneSearchSuggestProvider: \tat com.google.android.apps.nexuslauncher.allapps.E0.onResult(go/retraceme 31f9979659277bb965985aff1272c33e3c3c9e755b77166d20a2465454178f2c:67)", "10-01 22:39:51.792  6835  7163 D OneSearchSuggestProvider: \tat android.app.appsearch.SearchSessionUtil$1.lambda$onResult$0(go/retraceme 64eee9e9f568ff45978879ad2ff83146f2618ee8a88278736fbdf5fae931976e:144)", "10-01 22:39:51.792  6835  7163 D OneSearchSuggestProvider: \tat android.app.appsearch.SearchSessionUtil$1.$r8$lambda$CEk3q8sDAQVhU3rQwVueB8FAj_M(go/retraceme 64eee9e9f568ff45978879ad2ff83146f2618ee8a88278736fbdf5fae931976e:1)", "10-01 22:39:51.792  6835  7163 D OneSearchSuggestProvider: \tat android.app.appsearch.SearchSessionUtil$1$$ExternalSyntheticLambda0.run(go/retraceme 64eee9e9f568ff45978879ad2ff83146f2618ee8a88278736fbdf5fae931976e:22)", "10-01 22:39:51.792  6835  7163 D OneSearchSuggestProvider: \tat android.os.Handler.handleCallback(Handler.java:959)", "10-01 22:39:51.792  6835  7163 D OneSearchSuggestProvider: \tat android.os.Handler.dispatchMessage(Handler.java:100)", "10-01 22:39:51.792  6835  7163 D OneSearchSuggestProvider: \tat android.os.Looper.loopOnce(Looper.java:232)", "10-01 22:39:51.792  6835  7163 D OneSearchSuggestProvider: \tat android.os.Looper.loop(Looper.java:317)", "10-01 22:39:51.792  6835  7163 D OneSearchSuggestProvider: \tat android.os.HandlerThread.run(HandlerThread.java:85)", "10-01 22:39:51.792  6835  7163 D OneSearchSuggestProvider: Caused by: java.util.NoSuchElementException: No value present", "10-01 22:39:51.792  6835  7163 D OneSearchSuggestProvider: \tat java.util.Optional.get(Optional.java:143)", "10-01 22:39:51.792  6835  7163 D OneSearchSuggestProvider: \tat com.google.android.apps.nexuslauncher.allapps.E0.onResult(go/retraceme 31f9979659277bb965985aff1272c33e3c3c9e755b77166d20a2465454178f2c:28)", "10-01 22:39:51.792  6835  7163 D OneSearchSuggestProvider: \t... 8 more", "10-01 22:39:51.792  6835  7163 D OneSearchSuggestProvider: Established or reuse existing binder channel authority=com.google.android.googlequicksearchbox", "10-01 22:39:51.795  6835  9099 E OneSearchSuggestProvider: Unable to get suggestions from AGA", "10-01 22:39:51.795  6835  9099 E OneSearchSuggestProvider: io.grpc.StatusRuntimeException: UNIMPLEMENTED: bindService(Intent { act=grpc.io.action.BIND cmp=com.google.android.googlequicksearchbox/com.google.android.apps.search.googleapp.search.suggest.plugins.onesearch.server.OneSearchSuggestService }) returned false", "10-01 22:39:51.795  6835  9099 E OneSearchSuggestProvider: \tat k3.e.a(go/retraceme 31f9979659277bb965985aff1272c33e3c3c9e755b77166d20a2465454178f2c:77)", "10-01 22:39:51.795  6835  9099 E OneSearchSuggestProvider: \tat i3.l.b(go/retraceme 31f9979659277bb965985aff1272c33e3c3c9e755b77166d20a2465454178f2c:43)", "10-01 22:39:51.795  6835  9099 E OneSearchSuggestProvider: \tat i3.l.a(go/retraceme 31f9979659277bb965985aff1272c33e3c3c9e755b77166d20a2465454178f2c:27)", "10-01 22:39:51.795  6835  9099 E OneSearchSuggestProvider: \tat i3.z.run(go/retraceme 31f9979659277bb965985aff1272c33e3c3c9e755b77166d20a2465454178f2c:7)", "10-01 22:39:51.795  6835  9099 E OneSearchSuggestProvider: \tat i3.m2.run(go/retraceme 31f9979659277bb965985aff1272c33e3c3c9e755b77166d20a2465454178f2c:19)", "10-01 22:39:51.795  6835  9099 E OneSearchSuggestProvider: \tat java.util.concurrent.ThreadPoolExecutor.runWorker(ThreadPoolExecutor.java:1145)", "10-01 22:39:51.795  6835  9099 E OneSearchSuggestProvider: \tat java.util.concurrent.ThreadPoolExecutor$Worker.run(ThreadPoolExecutor.java:644)", "10-01 22:39:51.795  6835  9099 E OneSearchSuggestProvider: \tat java.lang.Thread.run(Thread.java:1012)", "10-01 22:39:51.795  6154  7005 W UserManagerService: Requested status bar icon for non-badged user 0", "10-01 22:39:51.798  6154  7005 W UserManagerService: Requested status bar icon for non-badged user 0", "10-01 22:39:51.806  6925  7150 I AiAiEcho: Predicting[0]:  [CONTEXT sampling_count=5 ]", "10-01 22:39:51.806  6925  7150 I AiAiEcho: EchoTargets: ", "--", "10-01 22:40:01.052  9102  9241 E SuFilePathHandler: java.io.FileNotFoundException: No such file or directory: /data/adb/modules/flutter_webui_counter/webroot/favicon.ico", "10-01 22:40:01.052  9102  9241 E SuFilePathHandler: \tat zb3.a(r8-map-id-9f7f45feba6f2c95784574c49c444982ed6e6c85bfa15582daceb837f5e42ea2:151)", "10-01 22:40:01.052  9102  9241 E SuFilePathHandler: \tat fk3.e(r8-map-id-9f7f45feba6f2c95784574c49c444982ed6e6c85bfa15582daceb837f5e42ea2:308)", "10-01 22:40:01.052  9102  9241 E SuFilePathHandler: \tat ja4.a(r8-map-id-9f7f45feba6f2c95784574c49c444982ed6e6c85bfa15582daceb837f5e42ea2:99)", "10-01 22:40:01.052  9102  9241 E SuFilePathHandler: \tat o11.shouldInterceptRequest(r8-map-id-9f7f45feba6f2c95784574c49c444982ed6e6c85bfa15582daceb837f5e42ea2:247)", "10-01 22:40:01.363     0     0 W healthd : battery l=100 v=5000 t=25.0 h=2 st=2 c=900000 fc=3000000 cc=10 chg=a", "10-01 22:40:01.398  9302  9302 W BpBinder: Linking to death on android.gui.ISurfaceComposer but there are no threads (yet?) listening to incoming transactions. See ProcessState::startThreadPool and ProcessState::setThreadPoolMaxThreadCount. Generally you should setup the binder threadpool before other initialization steps.", "10-01 22:40:01.399  9302  9302 W ProcessState: Extra binder thread started, but 0 threads requested. Do not use *startThreadPool when zero threads are requested.", "10-01 22:40:01.433   161   161 I hwservicemanager: getTransport: Cannot find entry android.hardware.graphics.mapper@4.0::IMapper/default in either framework or device VINTF manifest.", "10-01 22:40:01.433  9302  9303 I Gralloc4: mapper 4.x is not supported", "10-01 22:40:01.571     0     0 I servicemanager: Caller(pid=9302,uid=0,sid=u:r:su:s0) Could not find android.hardware.graphics.allocator.IAllocator/default in the VINTF manifest. No alternative instances declared in VINTF."]}
{"check":"console-errors","result":["--------- beginning of main", "10-01 22:40:00.624  9231  9258 W chromium: [WARNING:runtime_features.cc(694)] SharedStorage for M118+ cannot be enabled in this configuration. Use --enable-features=SharedStorageAPI,SharedStorageAPIM118 in addition.", "10-01 22:40:00.711  9231  9258 I chromium: [INFO:viewport_data.cc(133)] E2E_Used ViewportFitCover", "10-01 22:40:00.858  9102  9102 I chromium: [INFO:CONSOLE(3)] \"Injecting <script> tag. Using callback.\", source: https://mui.kernelsu.org/flutter_bootstrap.js (3)"]}
{"check":"first-frame-warm","result":{"url":"https://mui.kernelsu.org/index.html","socket":"webview_devtools_remote_9102","value":{"firstFrameMs":243,"now":15007,"flutter":true,"resizes":[],"paint":{"first-paint":495,"first-contentful-paint":495},"calls":[[24,"at-preload","ksu:undefined webui:undefined"],[30,"ksu-defined"],[32,"wrap-failed","exec"],[33,"wrap-failed","spawn"],[34,"wrap-failed","moduleInfo"],[36,"wrap-failed","fullScreen"],[36,"wrap-failed","enableEdgeToEdge"],[37,"wrap-failed","toast"],[37,"wrap-failed","exit"]],"resources":[["/internal/insets.css",19,29,"link",0],["/flutter_webui.css",19,30,"link",0],["/flutter_webui.js",19,38,"script",0],["/flutter_bootstrap.js",20,43,"script",0],["/canvaskit/chromium/canvaskit.wasm",67,100,"fetch",0],["/canvaskit/chromium/canvaskit.js",67,83,"other",0],["/main.dart.js",68,88,"script",0],["/assets/FontManifest.json",192,203,"fetch",0],["/favicon.ico",203,206,"other",0],["/assets/fonts/MaterialIcons-Regular.otf",204,213,"fetch",0],["/assets/packages/cupertino_icons/assets/CupertinoIcons.ttf",204,212,"fetch",0],["/assets/fonts/fallback/Roboto-Regular.ttf",204,213,"fetch",0]],"marks":[["flutter_webui:register",215],["flutter_webui:registered",216],["flutter_webui:first-frame",243]],"measures":[],"fonts":[]}}}
{"check":"root-start","result":{"url":"https://mui.kernelsu.org/index.html","socket":"webview_devtools_remote_9102","value":{"code":0,"out":"","err":"","ms":58}}}
{"check":"session","result":{"url":"https://mui.kernelsu.org/index.html","socket":"webview_devtools_remote_9102","value":{"status":200,"ms":13,"protocol":1,"version":"0.1.0","port":34491,"pid":9375,"tokenLen":43}}}
{"check":"ws-hello","result":{"url":"https://mui.kernelsu.org/index.html","socket":"webview_devtools_remote_9102","value":{"first":"{\"op\":\"hello\",\"protocol\":1,\"version\":\"0.1.0\",\"pid\":9375,\"boot\":\"291fa5d4-87f3-4e5c-abc5-995fe6f0fc42\",\"uid\":0,\"moduleDir\":\"/data/adb/modules/flutter_webui_counter\"}"}}}
{"check":"channel-process","result":"USER           UID LABEL                            PID NAME                       \nroot             0 u:r:ksu:s0                      9375 ld-linux-x86-64.so.2\nexe=/data/adb/modules/flutter_webui_counter/flutter_webui/x86_64/ld-linux-x86-64.so.2\n/data/adb/modules/flutter_webui_counter/flutter_webui/x86_64/ld-linux-x86-64.so.2 --library-path /data/adb/modules/flutter_webui_counter/flutter_webui/x86_64 /data/adb/modules/flutter_webui_counter/flutter_webui/x86_64/dartaotruntime /data/adb/modules/flutter_webui_counter/flutter_webui/x86_64/flutter_webui_root.aot serve --module-dir /data/adb/modules/flutter_webui_counter \narm64-v8a\nroot\nx86_64\n/data/adb/modules/flutter_webui_counter/flutter_webui/arm64-v8a:\ndartaotruntime\nflutter_webui_root.aot\nld-linux-aarch64.so.1\nlibc.so.6\nlibdl.so.2\nlibm.so.6\nlibpthread.so.0\n\n/data/adb/modules/flutter_webui_counter/flutter_webui/x86_64:\ndartaotruntime\nflutter_webui_root.aot\nld-linux-x86-64.so.2\nlibc.so.6\nlibdl.so.2\nlibm.so.6\nlibpthread.so.0"}
{"check":"root-log","result":"2026-10-01T22:40:32.278727 listening on 127.0.0.1:34491"}
{"check":"session-mode","result":"total 44\ndrwx--x--x 3 root root 4096 2026-10-01 22:40 .\ndrwxr-xr-x 7 root root 4096 2026-10-01 22:40 ..\n-rw------- 1 root root    0 2026-10-01 22:40 lock\ndrwx------ 2 root root 4096 2026-10-01 22:40 proc\n-rw------- 1 root root   56 2026-10-01 22:40 root.log\n-rw-r--r-- 1 root root  196 2026-10-01 22:40 session.json"}
{"check":"home-resume","result":{"url":"https://mui.kernelsu.org/index.html","socket":"webview_devtools_remote_9102","value":{"events":[["visibilitychange","hidden",15617],["visibilitychange","visible",22684]],"ticks":20,"vis":"visible","hasFocus":false}}}
{"check":"before-back","result":{"url":"https://mui.kernelsu.org/index.html","socket":"webview_devtools_remote_9102","value":{"historyLength":2,"historyState":"{\"flutter\":true}","href":"https://mui.kernelsu.org/index.html","typeofWebui":"undefined","typeofWebuiExit":"undefined","typeofKsuExit":"function","webuiKeys":null,"wrapped":"no webui.exit"}}}
{"check":"back-events","result":{"error":"no page target","sockets":["webview_devtools_remote_9102"],"targets":[]}}
{"check":"back-console","result":["10-01 22:40:43.386  9102  9102 E chromium: [ERROR:aw_browser_terminator.cc(154)] Renderer process (9231) crash detected (code -1).", "10-01 22:40:43.387  6154  7005 I ActivityManager: Killing 9231:com.google.android.webview:sandboxed_process0:org.chromium.content.app.SandboxedProcessService0:0/u0a209i1 (adj 0): isolated not needed"]}
{"check":"back-at-root","result":"topResumedActivity=ActivityRecord{d566fab u0 com.google.android.apps.nexuslauncher/.NexusLauncherActivity t10}"}
Starting: Intent { cmp=me.weishu.kernelsu/.ui.webui.WebUIActivity (has extras) }
Status: ok
Activity: me.weishu.kernelsu/.ui.webui.WebUIActivity








Status: ok








Segmentation fault 
Status: ok
https://mui.kernelsu.org/index.html
token found in manager data: b7c4bf12dbc15a3ab53cb95529740a63e19d555a028ed24f9080b819b1addc9b
opened: intent-token
{"check":"targets","result":[{"type": "page", "url": "https://mui.kernelsu.org/index.html", "title": "Flutter Demo"}]}
{"check":"page","result":{"url":"https://mui.kernelsu.org/index.html","socket":"webview_devtools_remote_9498","value":{"href":"https://mui.kernelsu.org/index.html","title":"Flutter Demo","ready":"complete","flutter":true,"glass":true,"nav":{"dcl":145,"load":424},"paint":{"first-paint":1020,"first-contentful-paint":1020},"glassAt":"present","firstFrame":null,"insets":null,"vv":[320,592,1]}}}
{"check":"java-exceptions","result":["10-01 22:40:51.822  6154  6300 D InetDiagMessage: Destroyed live tcp sockets for uids={20209} in 0ms", "10-01 22:40:52.260  9498  9559 D ProfileInstaller: Skipping profile installation for me.weishu.kernelsu", "10-01 22:40:52.651  6154  7180 W ActivityManager: Unable to start service Intent { act=grpc.io.action.BIND cmp=com.google.android.googlequicksearchbox/com.google.android.apps.search.googleapp.search.suggest.plugins.onesearch.server.OneSearchSuggestService } U=0: not found", "10-01 22:40:52.651  6154  7180 W ActivityManager: Unbind failed: could not find connection for android.os.BinderProxy@54e15f3", "10-01 22:40:55.136  6154  7180 W ActivityTaskManager: callingPackage for (uid=0, pid=9569) has no WPC", "--", "10-01 22:40:55.351  6835  7163 D OneSearchSuggestProvider: java.util.concurrent.CompletionException: java.util.NoSuchElementException: No value present", "10-01 22:40:55.351  6835  7163 D OneSearchSuggestProvider: \tat java.util.concurrent.CompletableFuture.encodeThrowable(CompletableFuture.java:308)", "10-01 22:40:55.351  6835  7163 D OneSearchSuggestProvider: \tat java.util.concurrent.CompletableFuture.completeThrowable(CompletableFuture.java:323)", "10-01 22:40:55.351  6835  7163 D OneSearchSuggestProvider: \tat java.util.concurrent.CompletableFuture$UniAccept.tryFire(CompletableFuture.java:684)", "10-01 22:40:55.351  6835  7163 D OneSearchSuggestProvider: \tat java.util.concurrent.CompletableFuture.postComplete(CompletableFuture.java:486)", "10-01 22:40:55.351  6835  7163 D OneSearchSuggestProvider: \tat java.util.concurrent.CompletableFuture.completeExceptionally(CompletableFuture.java:2138)", "10-01 22:40:55.351  6835  7163 D OneSearchSuggestProvider: \tat com.google.android.apps.nexuslauncher.allapps.E0.onResult(go/retraceme 31f9979659277bb965985aff1272c33e3c3c9e755b77166d20a2465454178f2c:67)", "10-01 22:40:55.351  6835  7163 D OneSearchSuggestProvider: \tat android.app.appsearch.SearchSessionUtil$1.lambda$onResult$0(go/retraceme 64eee9e9f568ff45978879ad2ff83146f2618ee8a88278736fbdf5fae931976e:144)", "10-01 22:40:55.351  6835  7163 D OneSearchSuggestProvider: \tat android.app.appsearch.SearchSessionUtil$1.$r8$lambda$CEk3q8sDAQVhU3rQwVueB8FAj_M(go/retraceme 64eee9e9f568ff45978879ad2ff83146f2618ee8a88278736fbdf5fae931976e:1)", "10-01 22:40:55.351  6835  7163 D OneSearchSuggestProvider: \tat android.app.appsearch.SearchSessionUtil$1$$ExternalSyntheticLambda0.run(go/retraceme 64eee9e9f568ff45978879ad2ff83146f2618ee8a88278736fbdf5fae931976e:22)", "10-01 22:40:55.351  6835  7163 D OneSearchSuggestProvider: \tat android.os.Handler.handleCallback(Handler.java:959)", "10-01 22:40:55.351  6835  7163 D OneSearchSuggestProvider: \tat android.os.Handler.dispatchMessage(Handler.java:100)", "10-01 22:40:55.351  6835  7163 D OneSearchSuggestProvider: \tat android.os.Looper.loopOnce(Looper.java:232)", "10-01 22:40:55.351  6835  7163 D OneSearchSuggestProvider: \tat android.os.Looper.loop(Looper.java:317)", "10-01 22:40:55.351  6835  7163 D OneSearchSuggestProvider: \tat android.os.HandlerThread.run(HandlerThread.java:85)", "10-01 22:40:55.351  6835  7163 D OneSearchSuggestProvider: Caused by: java.util.NoSuchElementException: No value present", "10-01 22:40:55.351  6835  7163 D OneSearchSuggestProvider: \tat java.util.Optional.get(Optional.java:143)", "10-01 22:40:55.351  6835  7163 D OneSearchSuggestProvider: \tat com.google.android.apps.nexuslauncher.allapps.E0.onResult(go/retraceme 31f9979659277bb965985aff1272c33e3c3c9e755b77166d20a2465454178f2c:28)", "10-01 22:40:55.351  6835  7163 D OneSearchSuggestProvider: \t... 8 more", "10-01 22:40:55.351  6835  7163 D OneSearchSuggestProvider: Established or reuse existing binder channel authority=com.google.android.googlequicksearchbox", "10-01 22:40:55.353  6835  9461 E OneSearchSuggestProvider: Unable to get suggestions from AGA", "10-01 22:40:55.353  6835  9461 E OneSearchSuggestProvider: io.grpc.StatusRuntimeException: UNIMPLEMENTED: bindService(Intent { act=grpc.io.action.BIND cmp=com.google.android.googlequicksearchbox/com.google.android.apps.search.googleapp.search.suggest.plugins.onesearch.server.OneSearchSuggestService }) returned false", "10-01 22:40:55.353  6835  9461 E OneSearchSuggestProvider: \tat k3.e.a(go/retraceme 31f9979659277bb965985aff1272c33e3c3c9e755b77166d20a2465454178f2c:77)", "10-01 22:40:55.353  6835  9461 E OneSearchSuggestProvider: \tat i3.l.b(go/retraceme 31f9979659277bb965985aff1272c33e3c3c9e755b77166d20a2465454178f2c:43)", "10-01 22:40:55.353  6835  9461 E OneSearchSuggestProvider: \tat i3.l.a(go/retraceme 31f9979659277bb965985aff1272c33e3c3c9e755b77166d20a2465454178f2c:27)", "10-01 22:40:55.353  6835  9461 E OneSearchSuggestProvider: \tat i3.z.run(go/retraceme 31f9979659277bb965985aff1272c33e3c3c9e755b77166d20a2465454178f2c:7)", "10-01 22:40:55.353  6835  9461 E OneSearchSuggestProvider: \tat i3.m2.run(go/retraceme 31f9979659277bb965985aff1272c33e3c3c9e755b77166d20a2465454178f2c:19)", "10-01 22:40:55.353  6835  9461 E OneSearchSuggestProvider: \tat java.util.concurrent.ThreadPoolExecutor.runWorker(ThreadPoolExecutor.java:1145)", "10-01 22:40:55.353  6835  9461 E OneSearchSuggestProvider: \tat java.util.concurrent.ThreadPoolExecutor$Worker.run(ThreadPoolExecutor.java:644)", "10-01 22:40:55.353  6835  9461 E OneSearchSuggestProvider: \tat java.lang.Thread.run(Thread.java:1012)", "10-01 22:40:55.360  6154  6173 V WindowManager: Finish Transition (#24): created at 10-01 22:40:55.137 collect-started=0.033ms request-sent=2.092ms started=2.746ms ready=4.767ms sent=28.907ms finished=223.165ms", "10-01 22:40:55.362  6154  7180 W UserManagerService: Requested status bar icon for non-badged user 0", "10-01 22:40:55.368  6835  6835 D SearchTargetUtil: query= size=0", "10-01 22:40:55.368  6154  6262 I ImeTracker: com.google.android.apps.nexuslauncher:e714fb9a: onRequestHide at ORIGIN_SERVER reason HIDE_SAME_WINDOW_FOCUSED_WITHOUT_EDITOR fromUser false"]}
{"check":"console-errors","result":["--------- beginning of main", "10-01 22:41:04.130  9498  9622 I chromium: [1001/224104.127920:INFO:variations_seed_loader.cc(66)] Failed to open file for reading.: No such file or directory (2)", "10-01 22:41:04.300  9626  9657 W chromium: [WARNING:runtime_features.cc(694)] SharedStorage for M118+ cannot be enabled in this configuration. Use --enable-features=SharedStorageAPI,SharedStorageAPIM118 in addition.", "10-01 22:41:04.471  9498  9498 I chromium: [INFO:CONSOLE(1)] \"Injecting <script> tag. Using callback.\", source: https://mui.kernelsu.org/flutter_bootstrap.js (1)"]}
{"check":"first-frame-warm","result":{"url":"https://mui.kernelsu.org/index.html","socket":"webview_devtools_remote_9498","value":{"firstFrameMs":243,"now":15052,"flutter":true,"resizes":[],"paint":{"first-paint":495,"first-contentful-paint":495},"calls":[[23,"at-preload","ksu:undefined webui:undefined"],[26,"ksu-defined"],[31,"wrap-failed","exec"],[32,"wrap-failed","spawn"],[32,"wrap-failed","moduleInfo"],[32,"wrap-failed","fullScreen"],[32,"wrap-failed","enableEdgeToEdge"],[32,"wrap-failed","toast"],[32,"wrap-failed","exit"]],"resources":[["/flutter_bootstrap.js",24,42,"script",0],["/canvaskit/chromium/canvaskit.wasm",64,95,"fetch",0],["/canvaskit/chromium/canvaskit.js",64,82,"other",0],["/main.dart.js",64,91,"script",0],["/assets/FontManifest.json",196,205,"fetch",0],["/favicon.png",199,206,"other",0],["/assets/fonts/MaterialIcons-Regular.otf",206,213,"fetch",0],["/assets/packages/cupertino_icons/assets/CupertinoIcons.ttf",206,213,"fetch",0],["/assets/fonts/fallback/Roboto-Regular.ttf",206,214,"fetch",0],["/favicon.png",494,505,"other",0]],"marks":[],"measures":[],"fonts":[]}}}
Starting: Intent { cmp=me.weishu.kernelsu/.ui.webui.WebUIActivity (has extras) }
Status: ok
Activity: me.weishu.kernelsu/.ui.webui.WebUIActivity








Status: ok








Segmentation fault 
Status: ok
https://mui.kernelsu.org/index.html
token found in manager data: b7c4bf12dbc15a3ab53cb95529740a63e19d555a028ed24f9080b819b1addc9b
opened: intent-token
{"check":"targets","result":[{"type": "page", "url": "https://mui.kernelsu.org/index.html", "title": "Demo"}]}
{"check":"page","result":{"url":"https://mui.kernelsu.org/index.html","socket":"webview_devtools_remote_9767","value":{"href":"https://mui.kernelsu.org/index.html","title":"Demo","ready":"complete","flutter":true,"glass":true,"nav":{"dcl":225,"load":466},"paint":{"first-paint":1094,"first-contentful-paint":1094},"glassAt":"present","firstFrame":null,"insets":"24px","vv":[320,640,1]}}}
{"check":"java-exceptions","result":["10-01 22:41:45.036  6378  6407 V WindowManagerShell:  Checking filter Pair{{types=[] flags=0x0] notFlags=0x0 checks=[{atype=dream independent=true modes=[OPEN,TO_FRONT] flags=NONE mustBeTask=false order=ANY topActivity=null launchCookie=null},{atype=home independent=true modes=[CLOSE,TO_BACK] flags=NONE mustBeTask=false order=ANY topActivity=null launchCookie=null}]} RemoteTransition { remoteTransition = android.window.IRemoteTransition$Stub$Proxy@801f5c8, appThread = android.app.IApplicationThread$Stub$Proxy@268c661, debugName = LauncherToDream }}", "10-01 22:41:45.036  6378  6407 V WindowManagerShell:  Checking filter Pair{{types=[] flags=0x0] notFlags=0x100 checks=[{atype=home independent=true modes=[OPEN,TO_FRONT] flags=NONE mustBeTask=false order=TOP topActivity=ComponentInfo{com.google.android.apps.nexuslauncher/com.google.android.apps.nexuslauncher.NexusLauncherActivity} launchCookie=null},{atype=standard independent=true modes=[CLOSE,TO_BACK] flags=NONE mustBeTask=false order=ANY topActivity=null launchCookie=null}]} RemoteTransition { remoteTransition = android.window.IRemoteTransition$Stub$Proxy@3143586, appThread = android.app.IApplicationThread$Stub$Proxy@38dce47, debugName = QuickstepLaunchHome }}", "10-01 22:41:45.036  6378  6407 D RemoteTransitionHandler: Found filterPair{{types=[] flags=0x0] notFlags=0x100 checks=[{atype=home independent=true modes=[OPEN,TO_FRONT] flags=NONE mustBeTask=false order=TOP topActivity=ComponentInfo{com.google.android.apps.nexuslauncher/com.google.android.apps.nexuslauncher.NexusLauncherActivity} launchCookie=null},{atype=standard independent=true modes=[CLOSE,TO_BACK] flags=NONE mustBeTask=false order=ANY topActivity=null launchCookie=null}]} RemoteTransition { remoteTransition = android.window.IRemoteTransition$Stub$Proxy@3143586, appThread = android.app.IApplicationThread$Stub$Proxy@38dce47, debugName = QuickstepLaunchHome }}", "--", "10-01 22:41:45.045  6835  9754 E OneSearchSuggestProvider: io.grpc.StatusRuntimeException: UNIMPLEMENTED: bindService(Intent { act=grpc.io.action.BIND cmp=com.google.android.googlequicksearchbox/com.google.android.apps.search.googleapp.search.suggest.plugins.onesearch.server.OneSearchSuggestService }) returned false", "10-01 22:41:45.045  6835  9754 E OneSearchSuggestProvider: \tat k3.e.a(go/retraceme 31f9979659277bb965985aff1272c33e3c3c9e755b77166d20a2465454178f2c:77)", "10-01 22:41:45.045  6835  9754 E OneSearchSuggestProvider: \tat i3.l.b(go/retraceme 31f9979659277bb965985aff1272c33e3c3c9e755b77166d20a2465454178f2c:43)", "10-01 22:41:45.045  6835  9754 E OneSearchSuggestProvider: \tat i3.l.a(go/retraceme 31f9979659277bb965985aff1272c33e3c3c9e755b77166d20a2465454178f2c:27)", "10-01 22:41:45.045  6835  9754 E OneSearchSuggestProvider: \tat i3.z.run(go/retraceme 31f9979659277bb965985aff1272c33e3c3c9e755b77166d20a2465454178f2c:7)", "10-01 22:41:45.045  6835  9754 E OneSearchSuggestProvider: \tat i3.m2.run(go/retraceme 31f9979659277bb965985aff1272c33e3c3c9e755b77166d20a2465454178f2c:19)", "10-01 22:41:45.045  6835  9754 E OneSearchSuggestProvider: \tat java.util.concurrent.ThreadPoolExecutor.runWorker(ThreadPoolExecutor.java:1145)", "10-01 22:41:45.045  6835  9754 E OneSearchSuggestProvider: \tat java.util.concurrent.ThreadPoolExecutor$Worker.run(ThreadPoolExecutor.java:644)", "10-01 22:41:45.045  6835  9754 E OneSearchSuggestProvider: \tat java.lang.Thread.run(Thread.java:1012)", "10-01 22:41:45.050  6835  6835 D StateManager: createAtomicAnimation - fromState: Background, toState: Normal, partial trace:", "10-01 22:41:45.050  6835  6835 D StateManager: \tat com.android.quickstep.util.StaggeredWorkspaceAnim.prepareToAnimate(go/retraceme 31f9979659277bb965985aff1272c33e3c3c9e755b77166d20a2465454178f2c:22)", "10-01 22:41:45.050  6835  6835 D StateManager: \tat com.android.quickstep.util.StaggeredWorkspaceAnim.<init>(go/retraceme 31f9979659277bb965985aff1272c33e3c3c9e755b77166d20a2465454178f2c:4)", "10-01 22:41:45.050  6835  6835 D StateManager: \tat com.android.quickstep.util.StaggeredWorkspaceAnim.<init>(go/retraceme 31f9979659277bb965985aff1272c33e3c3c9e755b77166d20a2465454178f2c:1)", "--", "10-01 22:41:54.421  9767  9900 E SuFilePathHandler: java.io.FileNotFoundException: No such file or directory: /data/adb/modules/demo/webroot/favicon.ico", "10-01 22:41:54.421  9767  9900 E SuFilePathHandler: \tat zb3.a(r8-map-id-9f7f45feba6f2c95784574c49c444982ed6e6c85bfa15582daceb837f5e42ea2:151)", "10-01 22:41:54.421  9767  9900 E SuFilePathHandler: \tat fk3.e(r8-map-id-9f7f45feba6f2c95784574c49c444982ed6e6c85bfa15582daceb837f5e42ea2:308)", "10-01 22:41:54.421  9767  9900 E SuFilePathHandler: \tat ja4.a(r8-map-id-9f7f45feba6f2c95784574c49c444982ed6e6c85bfa15582daceb837f5e42ea2:99)", "10-01 22:41:54.421  9767  9900 E SuFilePathHandler: \tat o11.shouldInterceptRequest(r8-map-id-9f7f45feba6f2c95784574c49c444982ed6e6c85bfa15582daceb837f5e42ea2:247)", "10-01 22:41:54.788  9964  9964 W BpBinder: Linking to death on android.gui.ISurfaceComposer but there are no threads (yet?) listening to incoming transactions. See ProcessState::startThreadPool and ProcessState::setThreadPoolMaxThreadCount. Generally you should setup the binder threadpool before other initialization steps.", "10-01 22:41:54.788  9964  9964 W ProcessState: Extra binder thread started, but 0 threads requested. Do not use *startThreadPool when zero threads are requested.", "10-01 22:41:54.799   161   161 I hwservicemanager: getTransport: Cannot find entry android.hardware.graphics.mapper@4.0::IMapper/default in either framework or device VINTF manifest.", "10-01 22:41:54.799  9964  9965 I Gralloc4: mapper 4.x is not supported", "10-01 22:41:54.937     0     0 I servicemanager: Caller(pid=9964,uid=0,sid=u:r:su:s0) Could not find android.hardware.graphics.allocator.IAllocator/default in the VINTF manifest. No alternative instances declared in VINTF.", "10-01 22:41:55.036  9767  9767 W ThreadPoolForeg: type=1400 audit(0.0:280): avc:  denied  { getattr } for  path=\"/data/adb\" dev=\"dm-46\" ino=319489 scontext=u:r:untrusted_app:s0:c209,c256,c512,c768 tcontext=u:object_r:adb_data_file:s0 tclass=dir permissive=0 app=me.weishu.kernelsu", "--", "10-01 22:42:05.605  6607  7297 I ChimeraSrvcProxy: NullBinder for android.net.action.RECOMMEND_NETWORKS triggering remote TransactionTooLargeException due to Service without Chimera impl", "10-01 22:42:05.605  6607  7297 W .gms.persistent: Large reply transaction of 1056768 bytes, interface descriptor , code 1", "10-01 22:42:05.606  6154  6186 D OomAdjuster: Not killing cached processes", "10-01 22:42:09.037  7054  7054 D BoundBrokerSvc: onUnbind: Intent { act=com.google.android.gms.safetynet.service.START pkg=com.google.android.gms }", "10-01 22:42:09.054  6078  6114 I netd    : tetherGetStats() -> {[]} <0.47ms>", "10-01 22:42:10.042  9977  9977 W BpBinder: Linking to death on android.gui.ISurfaceComposer but there are no threads (yet?) listening to incoming transactions. See ProcessState::startThreadPool and ProcessState::setThreadPoolMaxThreadCount. Generally you should setup the binder threadpool before other initialization steps.", "10-01 22:42:10.042  9977  9977 W ProcessState: Extra binder thread started, but 0 threads requested. Do not use *startThreadPool when zero threads are requested.", "10-01 22:42:10.047   161   161 I hwservicemanager: getTransport: Cannot find entry android.hardware.graphics.mapper@4.0::IMapper/default in either framework or device VINTF manifest.", "10-01 22:42:10.047  9977  9978 I Gralloc4: mapper 4.x is not supported", "10-01 22:42:10.187     0     0 I servicemanager: Caller(pid=9977,uid=0,sid=u:r:su:s0) Could not find android.hardware.graphics.allocator.IAllocator/default in the VINTF manifest. No alternative instances declared in VINTF."]}
{"check":"console-errors","result":["--------- beginning of main", "10-01 22:41:53.811  9767  9892 I chromium: [1001/224153.811393:INFO:variations_seed_loader.cc(66)] Failed to open file for reading.: No such file or directory (2)", "10-01 22:41:53.980  9896  9923 W chromium: [WARNING:runtime_features.cc(694)] SharedStorage for M118+ cannot be enabled in this configuration. Use --enable-features=SharedStorageAPI,SharedStorageAPIM118 in addition.", "10-01 22:41:54.030  9896  9923 I chromium: [INFO:viewport_data.cc(133)] E2E_Used ViewportFitCover", "10-01 22:41:54.168  9767  9767 I chromium: [INFO:CONSOLE(3)] \"Injecting <script> tag. Using callback.\", source: https://mui.kernelsu.org/flutter_bootstrap.js (3)"]}
{"check":"first-frame-warm","result":{"url":"https://mui.kernelsu.org/index.html","socket":"webview_devtools_remote_9767","value":{"firstFrameMs":334,"now":15054,"flutter":true,"resizes":[],"paint":{"first-paint":716,"first-contentful-paint":716},"calls":[[16,"at-preload","ksu:undefined webui:undefined"],[19,"ksu-defined"],[20,"wrap-failed","exec"],[20,"wrap-failed","spawn"],[21,"wrap-failed","moduleInfo"],[22,"wrap-failed","fullScreen"],[22,"wrap-failed","enableEdgeToEdge"],[22,"wrap-failed","toast"],[22,"wrap-failed","exit"]],"resources":[["/internal/insets.css",17,22,"link",0],["/internal/colors.css",17,22,"link",0],["/flutter_webui.css",17,42,"link",0],["/flutter_webui.js",17,42,"script",0],["/flutter_bootstrap.js",17,43,"script",0],["/canvaskit/chromium/canvaskit.wasm",71,103,"fetch",0],["/canvaskit/chromium/canvaskit.js",71,82,"other",0],["/main.dart.js",71,97,"script",0],["/assets/FontManifest.json",242,257,"fetch",0],["/favicon.ico",252,255,"other",0],["/assets/fonts/MaterialIcons-Regular.otf",257,264,"fetch",0],["/assets/fonts/fallback/Roboto-Regular.ttf",258,265,"fetch",0],["/internal/colors.css",271,334,"fetch",0],["/pkg/demo_native.js",662,673,"fetch",0]],"marks":[["flutter_webui:register",267],["flutter_webui:registered",267],["flutter_webui:register",268],["flutter_webui:registered",268],["flutter_webui:first-frame",334]],"measures":[],"fonts":[]}}}
{"url":"https://mui.kernelsu.org/index.html","socket":"webview_devtools_remote_9767","value":"semantics on"}
{"check":"home","result":{"url":"https://mui.kernelsu.org/index.html","socket":"webview_devtools_remote_9767","value":["Squadron","Process","native","net","Say hello","Count to 5","SHA-256","Demo pages\nOne page per thing the stack promises.","Places","Strategy","Rust","Lifecycle","Shell","Plugins"]}}
{"check":"colors-css","result":{"url":"https://mui.kernelsu.org/index.html","socket":"webview_devtools_remote_9767","value":{"status":200,"type":"text/css","body":""}}}
{"check":"wasm-at-home","result":{"url":"https://mui.kernelsu.org/index.html","socket":"webview_devtools_remote_9767","value":{"wasm":[{"name":"chromium/canvaskit.wasm","start":71,"dur":33}],"marks":[{"name":"flutter_webui:register","t":267},{"name":"flutter_webui:registered","t":267},{"name":"flutter_webui:register","t":268},{"name":"flutter_webui:registered","t":268},{"name":"flutter_webui:first-frame","t":334}],"measures":[],"now":18271}}}
{"check":"tap-places","result":{"url":"https://mui.kernelsu.org/index.html","socket":"webview_devtools_remote_9767","value":"tapped Places at 16,572 size 288x56 role button tappable"}}
{"check":"places","result":{"url":"https://mui.kernelsu.org/index.html","socket":"webview_devtools_remote_9767","value":["Back\nBack","One service, DemoService, opened in every place this build knows. Each place probes its own facts from inside; the page never guesses from the platform it was built for.","200k","1M","3M","Count primes in every place","Restart places","inline (the caller)\nkind: inline\nstart 262 ms, first facts() round trip 93 ms\nroot\ncheck: effective uid 0\nblock_devices\ncheck: a kernel-listed block device opens for reading\nusb.native\ncheck: /dev/bus/usb lists\nusb.web\ncheck: navigator.usb exists\nprocess.spawn\ncheck: a shell runs\nfs.persistent\ncheck: working dir writable, or storage persisted\nnet\ncheck: a non-loopback interface is up, or onLine\nnative\ncheck: null","worker (isolate or Web Worker)\nkind: web_worker\nstart 185 ms, first facts() round trip 50 ms\nroot\ncheck: effective uid 0\nblock_devices\ncheck: a kernel-listed block device opens for reading\nusb.native\ncheck: /dev/bus/usb lists\nusb.web\ncheck: navigator.usb exists\nprocess.spawn\ncheck: a shell runs\nfs.persistent\ncheck: working dir writable, or storage persisted\nnet\ncheck: a non-loopback interface is up, or onLine\nnative\ncheck: null","Places","Strategy","Rust","Lifecycle","Shell","Plugins"]}}
{"check":"places-scroll-1","result":{"url":"https://mui.kernelsu.org/index.html","socket":"webview_devtools_remote_9767","value":["Back\nBack","200k","1M","3M","Count primes in every place","Restart places","inline (the caller)\nkind: inline\nstart 262 ms, first facts() round trip 93 ms\nroot\ncheck: effective uid 0\nblock_devices\ncheck: a kernel-listed block device opens for reading\nusb.native\ncheck: /dev/bus/usb lists\nusb.web\ncheck: navigator.usb exists\nprocess.spawn\ncheck: a shell runs\nfs.persistent\ncheck: working dir writable, or storage persisted\nnet\ncheck: a non-loopback interface is up, or onLine\nnative\ncheck: null","worker (isolate or Web Worker)\nkind: web_worker\nstart 185 ms, first facts() round trip 50 ms\nroot\ncheck: effective uid 0\nblock_devices\ncheck: a kernel-listed block device opens for reading\nusb.native\ncheck: /dev/bus/usb lists\nusb.web\ncheck: navigator.usb exists\nprocess.spawn\ncheck: a shell runs\nfs.persistent\ncheck: working dir writable, or storage persisted\nnet\ncheck: a non-loopback interface is up, or onLine\nnative\ncheck: null","root process (the app CLI, serve mode)\nkind: process\nstart 150 ms, first facts() round trip 0 ms\nroot\ncheck: effective uid 0\nblock_devices\ncheck: a kernel-listed block device opens for reading\nusb.native\ncheck: /dev/bus/usb lists\nusb.web\ncheck: navigator.usb exists\nprocess.spawn\ncheck: a shell runs\nfs.persistent\ncheck: working dir writable, or storage persisted\nnet\ncheck: a non-loopback interface is up, or onLine\nnative\ncheck: null","Places","Strategy","Rust","Lifecycle","Shell","Plugins"]}}
{"check":"places-scroll-2","result":{"url":"https://mui.kernelsu.org/index.html","socket":"webview_devtools_remote_9767","value":["Back\nBack","inline (the caller)\nkind: inline\nstart 262 ms, first facts() round trip 93 ms\nroot\ncheck: effective uid 0\nblock_devices\ncheck: a kernel-listed block device opens for reading\nusb.native\ncheck: /dev/bus/usb lists\nusb.web\ncheck: navigator.usb exists\nprocess.spawn\ncheck: a shell runs\nfs.persistent\ncheck: working dir writable, or storage persisted\nnet\ncheck: a non-loopback interface is up, or onLine\nnative\ncheck: null","worker (isolate or Web Worker)\nkind: web_worker\nstart 185 ms, first facts() round trip 50 ms\nroot\ncheck: effective uid 0\nblock_devices\ncheck: a kernel-listed block device opens for reading\nusb.native\ncheck: /dev/bus/usb lists\nusb.web\ncheck: navigator.usb exists\nprocess.spawn\ncheck: a shell runs\nfs.persistent\ncheck: working dir writable, or storage persisted\nnet\ncheck: a non-loopback interface is up, or onLine\nnative\ncheck: null","root process (the app CLI, serve mode)\nkind: process\nstart 150 ms, first facts() round trip 0 ms\nroot\ncheck: effective uid 0\nblock_devices\ncheck: a kernel-listed block device opens for reading\nusb.native\ncheck: /dev/bus/usb lists\nusb.web\ncheck: navigator.usb exists\nprocess.spawn\ncheck: a shell runs\nfs.persistent\ncheck: working dir writable, or storage persisted\nnet\ncheck: a non-loopback interface is up, or onLine\nnative\ncheck: null","Places","Strategy","Rust","Lifecycle","Shell","Plugins"]}}
{"check":"places-scroll-3","result":{"url":"https://mui.kernelsu.org/index.html","socket":"webview_devtools_remote_9767","value":["Back\nBack","worker (isolate or Web Worker)\nkind: web_worker\nstart 185 ms, first facts() round trip 50 ms\nroot\ncheck: effective uid 0\nblock_devices\ncheck: a kernel-listed block device opens for reading\nusb.native\ncheck: /dev/bus/usb lists\nusb.web\ncheck: navigator.usb exists\nprocess.spawn\ncheck: a shell runs\nfs.persistent\ncheck: working dir writable, or storage persisted\nnet\ncheck: a non-loopback interface is up, or onLine\nnative\ncheck: null","root process (the app CLI, serve mode)\nkind: process\nstart 150 ms, first facts() round trip 0 ms\nroot\ncheck: effective uid 0\nblock_devices\ncheck: a kernel-listed block device opens for reading\nusb.native\ncheck: /dev/bus/usb lists\nusb.web\ncheck: navigator.usb exists\nprocess.spawn\ncheck: a shell runs\nfs.persistent\ncheck: working dir writable, or storage persisted\nnet\ncheck: a non-loopback interface is up, or onLine\nnative\ncheck: null","Reference: one call and one stream per place\nsquadron_process doc/benchmark.md, a 4-vCPU VM. Not measured here; devicelab measures devices.\nCall: isolate 31 µs, Web Worker (dart2js) 120 µs, process 247 µs, process from the page 401 µs.\n64 KiB stream: isolate 3643 MiB/s, Web Worker 631 MiB/s, process link about 110 MiB/s.","Places","Strategy","Rust","Lifecycle","Shell","Plugins"]}}
{"check":"tap-strategy","result":{"url":"https://mui.kernelsu.org/index.html","socket":"webview_devtools_remote_9767","value":"tapped Strategy at 53,536 size 53x80 role tab tappable"}}
{"check":"strategy","result":{"url":"https://mui.kernelsu.org/index.html","socket":"webview_devtools_remote_9767","value":["Back\nBack","Objective: list the device's partitions. Strategies in preference order: on the device as root, then from a host over USB. The first one the place's facts allow runs; nothing reads kIsWeb or Platform.","Place","inline (the caller)","worker (isolate or Web Worker)","root process (the app CLI, serve mode)","Facts from inline (the caller)\nSwitch a fact off to see the fallback. You can only take facts away.\nroot\ncheck: effective uid 0\nblock_devices\ncheck: a kernel-listed block device opens for reading\nusb.native\ncheck: /dev/bus/usb lists\nusb.web\ncheck: navigator.usb exists\nprocess.spawn\ncheck: a shell runs\nfs.persistent\ncheck: working dir writable, or storage persisted\nnet\ncheck: a non-loopback interface is up, or onLine\nnative\ncheck: null","root","block_devices","usb.native","process.spawn","Places","Strategy","Rust","Lifecycle","Shell","Plugins"]}}
{"check":"tap-strategy-root","result":{"url":"https://mui.kernelsu.org/index.html","socket":"webview_devtools_remote_9767","value":"tapped root process at 24,358 size 272x48 role checkbox tappable"}}
{"check":"strategy-root","result":{"url":"https://mui.kernelsu.org/index.html","socket":"webview_devtools_remote_9767","value":["Back\nBack","Objective: list the device's partitions. Strategies in preference order: on the device as root, then from a host over USB. The first one the place's facts allow runs; nothing reads kIsWeb or Platform.","Place","inline (the caller)","worker (isolate or Web Worker)","root process (the app CLI, serve mode)","Facts from root process (the app CLI, serve mode)\nSwitch a fact off to see the fallback. You can only take facts away.\nroot\ncheck: effective uid 0\nblock_devices\ncheck: a kernel-listed block device opens for reading\nusb.native\ncheck: /dev/bus/usb lists\nusb.web\ncheck: navigator.usb exists\nprocess.spawn\ncheck: a shell runs\nfs.persistent\ncheck: working dir writable, or storage persisted\nnet\ncheck: a non-loopback interface is up, or onLine\nnative\ncheck: null","root","block_devices","usb.native","process.spawn","Places","Strategy","Rust","Lifecycle","Shell","Plugins"]}}
{"check":"strategy-root-scroll-1","result":{"url":"https://mui.kernelsu.org/index.html","socket":"webview_devtools_remote_9767","value":["Back\nBack","Place","inline (the caller)","worker (isolate or Web Worker)","root process (the app CLI, serve mode)","Facts from root process (the app CLI, serve mode)\nSwitch a fact off to see the fallback. You can only take facts away.\nroot\ncheck: effective uid 0\nblock_devices\ncheck: a kernel-listed block device opens for reading\nusb.native\ncheck: /dev/bus/usb lists\nusb.web\ncheck: navigator.usb exists\nprocess.spawn\ncheck: a shell runs\nfs.persistent\ncheck: working dir writable, or storage persisted\nnet\ncheck: a non-loopback interface is up, or onLine\nnative\ncheck: null","root","block_devices","usb.native","process.spawn","Chosen: on device (/proc/partitions as root)\non_device chosen","on device (/proc/partitions as root)\nneeds root + block_devices: has them","from host (fastboot getvar all)\nneeds usb.native + process.spawn: has them","Places","Strategy","Rust","Lifecycle","Shell","Plugins"]}}
{"check":"strategy-root-scroll-2","result":{"url":"https://mui.kernelsu.org/index.html","socket":"webview_devtools_remote_9767","value":["Back\nBack","Facts from root process (the app CLI, serve mode)\nSwitch a fact off to see the fallback. You can only take facts away.\nroot\ncheck: effective uid 0\nblock_devices\ncheck: a kernel-listed block device opens for reading\nusb.native\ncheck: /dev/bus/usb lists\nusb.web\ncheck: navigator.usb exists\nprocess.spawn\ncheck: a shell runs\nfs.persistent\ncheck: working dir writable, or storage persisted\nnet\ncheck: a non-loopback interface is up, or onLine\nnative\ncheck: null","usb.native","process.spawn","Chosen: on device (/proc/partitions as root)\non_device chosen","on device (/proc/partitions as root)\nneeds root + block_devices: has them","from host (fastboot getvar all)\nneeds usb.native + process.spawn: has them","Run on_device in process","Log\nEvery run: objective, strategy, place and the facts it saw.\nNothing has run yet.","Places","Strategy","Rust","Lifecycle","Shell","Plugins"]}}
{"check":"tap-rust","result":{"url":"https://mui.kernelsu.org/index.html","socket":"webview_devtools_remote_9767","value":"tapped Rust at 107,536 size 53x80 role tab tappable"}}
{"check":"rust","result":{"url":"https://mui.kernelsu.org/index.html","socket":"webview_devtools_remote_9767","value":["Back\nBack","The demo crate (rust/) counts the primes below 1000000 with the same loop as page 1's Dart. The service loads it in its own place through flutter_rust_bridge, so each place runs its own build.","Run in every place","inline (the caller)","Run here","worker (isolate or Web Worker)","Run here","root process (the app CLI, serve mode)","Run here","Places","Strategy","Rust","Lifecycle","Shell","Plugins"]}}
{"check":"tap-rust-run","result":{"url":"https://mui.kernelsu.org/index.html","socket":"webview_devtools_remote_9767","value":"tapped Run in every place at 16,196 size 288x48 role button tappable"}}
{"check":"rust-ran","result":{"url":"https://mui.kernelsu.org/index.html","socket":"webview_devtools_remote_9767","value":["Back\nBack","The demo crate (rust/) counts the primes below 1000000 with the same loop as page 1's Dart. The service loads it in its own place through flutter_rust_bridge, so each place runs its own build.","Run in every place","inline (the caller)\nBuilt for: wasm32-unknown (single-threaded)\nLoad: 53 ms (once per place, on its first Rust call; on the web that fetches and instantiates the wasm)\nRust 102 ms, Dart 607 ms (same count: 78498)","Run here","worker (isolate or Web Worker)\nBuilt for: wasm32-unknown (single-threaded)\nLoad: 31 ms (once per place, on its first Rust call; on the web that fetches and instantiates the wasm)\nRust 118 ms, Dart 176 ms (same count: 78498)","Run here","root process (the app CLI, serve mode)\nBuilt for: x86_64-android\nLoad: 0 ms (once per place, on its first Rust call; on the web that fetches and instantiates the wasm)\nRust 101 ms, Dart 101 ms (same count: 78498)","Places","Strategy","Rust","Lifecycle","Shell","Plugins"]}}
{"check":"wasm-after-rust","result":{"url":"https://mui.kernelsu.org/index.html","socket":"webview_devtools_remote_9767","value":{"wasm":[{"name":"chromium/canvaskit.wasm","start":71,"dur":33},{"name":"pkg/demo_native_bg.wasm","start":79876,"dur":19}],"marks":[{"name":"flutter_webui:register","t":267},{"name":"flutter_webui:registered","t":267},{"name":"flutter_webui:register","t":268},{"name":"flutter_webui:registered","t":268},{"name":"flutter_webui:first-frame","t":334}],"measures":[],"now":100772}}}
{"check":"tap-rust-run-2","result":{"url":"https://mui.kernelsu.org/index.html","socket":"webview_devtools_remote_9767","value":"tapped Run in every place at 16,196 size 288x48 role button tappable"}}
{"check":"rust-ran-2","result":{"url":"https://mui.kernelsu.org/index.html","socket":"webview_devtools_remote_9767","value":["Back\nBack","The demo crate (rust/) counts the primes below 1000000 with the same loop as page 1's Dart. The service loads it in its own place through flutter_rust_bridge, so each place runs its own build.","Run in every place","inline (the caller)\nBuilt for: wasm32-unknown (single-threaded)\nLoad: 0 ms (once per place, on its first Rust call; on the web that fetches and instantiates the wasm)\nRust 105 ms, Dart 652 ms (same count: 78498)","Run here","worker (isolate or Web Worker)\nBuilt for: wasm32-unknown (single-threaded)\nLoad: 0 ms (once per place, on its first Rust call; on the web that fetches and instantiates the wasm)\nRust 104 ms, Dart 184 ms (same count: 78498)","Run here","root process (the app CLI, serve mode)\nBuilt for: x86_64-android\nLoad: 0 ms (once per place, on its first Rust call; on the web that fetches and instantiates the wasm)\nRust 101 ms, Dart 110 ms (same count: 78498)","Places","Strategy","Rust","Lifecycle","Shell","Plugins"]}}
{"check":"tap-lifecycle","result":{"url":"https://mui.kernelsu.org/index.html","socket":"webview_devtools_remote_9767","value":"tapped Lifecycle at 160,536 size 53x80 role tab tappable"}}
{"check":"tap-root-process","result":{"url":"https://mui.kernelsu.org/index.html","socket":"webview_devtools_remote_9767","value":"tapped root process at 24,390 size 272x48 role checkbox tappable"}}
{"check":"tap-start","result":{"url":"https://mui.kernelsu.org/index.html","socket":"webview_devtools_remote_9767","value":"tapped Start at 24,462 size 97x48 role button tappable"}}
{"check":"lifecycle-running","result":{"url":"https://mui.kernelsu.org/index.html","socket":"webview_devtools_remote_9767","value":["Back\nBack","Start a five-minute task, then switch away (Home, another app or tab) and come back: hidden keeps going. Close the app instead and reopen it: closed stops, and this page says where the task was when it ended.","Task\ntick every 500 ms, stamped with the place's own clock\nrunning in process: tick 17/600, longest gap 503 ms, app resumed 3","inline (the caller)","worker (isolate or Web Worker)","root process (the app CLI, serve mode)","Stop","Lifecycle\n22:44:17  started in process","Facts from root process (the app CLI, serve mode)\nroot\ncheck: effective uid 0\nblock_devices\ncheck: a kernel-listed block device opens for reading\nusb.native\ncheck: /dev/bus/usb lists\nusb.web\ncheck: navigator.usb exists\nprocess.spawn\ncheck: a shell runs\nfs.persistent\ncheck: working dir writable, or storage persisted\nnet\ncheck: a non-loopback interface is up, or onLine\nnative\ncheck: null","Places","Strategy","Rust","Lifecycle","Shell","Plugins"]}}
{"check":"lifecycle-after-home","result":{"url":"https://mui.kernelsu.org/index.html","socket":"webview_devtools_remote_9767","value":["Back\nBack","Start a five-minute task, then switch away (Home, another app or tab) and come back: hidden keeps going. Close the app instead and reopen it: closed stops, and this page says where the task was when it ended.","Task\ntick every 500 ms, stamped with the place's own clock\nrunning in process: tick 41/600, longest gap 503 ms, app resumed 7","inline (the caller)","worker (isolate or Web Worker)","root process (the app CLI, serve mode)","Stop","Lifecycle\n22:44:33  away 7.1 s: the place produced 14 ticks (on schedule: 14); longest gap 503 ms\n22:44:33  inactive -> resumed\n22:44:33  hidden -> inactive\n22:44:26  inactive -> hidden\n22:44:26  resumed -> inactive\n22:44:17  started in process","Places","Strategy","Rust","Lifecycle","Shell","Plugins"]}}
{"check":"root-process","result":"root             0 u:r:ksu:s0                     10058 dartaotruntime\nroot             0 u:r:ksu:s0                     10098 dartaotruntime"}
/home/runner/work/devicelab/devicelab/out/sockprobe: 1 file pushed, 0 skipped. 395.3 MB/s (3501149 bytes in 0.008s)
{"check":"block-devices","result":"dm-0\ndm-1\ndm-11\ndm-13\ndm-14\ndm-16\ndm-17\ndm-18\ntotal 0\ndrwxr-xr-x 2 root root u:object_r:block_device:s0                140 2026-10-01 22:36 by-name\nbrw------- 1 root root u:object_r:dm_device:s0              254,   0 2026-10-01 22:36 dm-0\nbrw------- 1 root root u:object_r:dm_device:s0              254,   1 2026-10-01 22:36 dm-1\nbrw------- 1 root root u:object_r:dm_device:s0              254,  11 2026-10-01 22:36 dm-11\nbrw------- 1 root root u:object_r:dm_device:s0              254,  13 2026-10-01 22:36 dm-13\nbrw------- 1 root root u:object_r:dm_device:s0              254,  14 2026-10-01 22:36 dm-14\nbrw------- 1 root root u:object_r:dm_device:s0              254,  16 2026-10-01 22:36 dm-16\nbrw------- 1 root root u:object_r:dm_device:s0              254,  17 2026-10-01 22:36 dm-17\nbrw------- 1 root root u:object_r:dm_device:s0              254,  18 2026-10-01 22:36 dm-18\nbrw------- 1 root root u:object_r:dm_device:s0              254,  19 2026-10-01 22:36 dm-19\nbrw------- 1 root root u:object_r:dm_device:s0              254,   2 2026-10-01 22:36 dm-2\n-- su:\n0000000  \\0\n-- ksu:\n{\"error\":\"write /proc/thread-self/attr/current: operation not permitted\",\"op\":\"setcon\"}\n-- avc:"}
{"check":"back-1","result":{"url":"https://mui.kernelsu.org/index.html","socket":"webview_devtools_remote_9767","value":["Squadron","Process","native","net","Say hello","Count to 5","SHA-256","Demo pages\nOne page per thing the stack promises.","Places","Strategy","Rust","Lifecycle","Shell","Plugins"]}}
{"check":"back-1-top","result":"topResumedActivity=ActivityRecord{8f4ef0 u0 me.weishu.kernelsu/.ui.webui.WebUIActivity t22}"}
{"check":"back-2-top","result":"topResumedActivity=ActivityRecord{d566fab u0 com.google.android.apps.nexuslauncher/.NexusLauncherActivity t10}"}
{"check":"back-3-top","result":"topResumedActivity=ActivityRecord{d566fab u0 com.google.android.apps.nexuslauncher/.NexusLauncherActivity t10}"}
{"check":"monet-dark-sys-light","night":"no","color_mode":"5","opened":"opened: intent-token","result":{"url":"https://mui.kernelsu.org/index.html","socket":"webview_devtools_remote_10498","value":{"dark":false,"primary":"#277af7","background":"#242424","cssBytes":1427}}}
{"check":"monet-light-sys-dark","night":"yes","color_mode":"4","opened":"opened: intent-token","result":{"url":"https://mui.kernelsu.org/index.html","socket":"webview_devtools_remote_10745","value":{"dark":true,"primary":"#3482ff","background":"#ffffff","cssBytes":1425}}}
{"check":"monet-system-sys-dark","night":"yes","color_mode":"3","opened":"opened: intent-token","result":{"url":"https://mui.kernelsu.org/index.html","socket":"webview_devtools_remote_10998","value":{"dark":true,"primary":"#277af7","background":"#242424","cssBytes":1427}}}
{"check":"dark-sys-light","night":"no","color_mode":"2","opened":"opened: intent-token","result":{"url":"https://mui.kernelsu.org/index.html","socket":"webview_devtools_remote_11242","value":{"dark":false,"primary":null,"background":null,"cssBytes":0}}}
{"check":"system-sys-dark","night":"yes","color_mode":"0","opened":"opened: intent-token","result":{"url":"https://mui.kernelsu.org/index.html","socket":"webview_devtools_remote_11492","value":{"dark":true,"primary":null,"background":null,"cssBytes":0}}}
{"check":"app","result":"ls: /product/app/WebuiApi_demo/: No such file or directory"}
{"check":"mounts","result":"ls: /data/adb/metamodule: No such file or directory\ntmpfs /product/app tmpfs rw,seclabel,relatime,mode=755 0 0\nCalendarGooglePrebuilt Camera2 Chrome Chrome-Stub Drive GoogleContacts GoogleTTS LatinIMEGooglePrebuilt LicenseChecker Maps MarkupGoogle_v2 ModuleMetadataGoogle NexusWallpapersStubPrebuilt2018 Photos PixelThemesStub PrebuiltDeskClockGoogle PrebuiltGmail PrebuiltGoogleAdservicesTvp PrebuiltGoogleTelemetryTvp SoundPickerPrebuilt TrichromeLibrary TrichromeLibrary-Stub WebViewGoogle WebViewGoogle-Stub WebuiTermuxApi YouTube YouTubeMusicPrebuilt talkback"}
{"check":"app-label","result":"No activities found"}
{"check":"module-config","result":"manage module configuration\n\nUsage: ksud module config [OPTIONS] <COMMAND>\n\nCommands:\n  get     Get a config value\n  set     Set a config value\n  list    List all config entries\n  delete  Delete a config entry\n  clear   Clear all config entries\n  help    Print this message or the help of the given subcommand(s)\n\n-- files:\ntotal 32\ndrwxr-xr-x 2 root root 4096 2026-10-01 22:42 .\ndrwxr-xr-x 3 root root 4096 2026-10-01 22:37 ..\n-rw-r--r-- 1 root root   36 2026-10-01 22:37 persist.config\n-rw------- 1 root root  284 2026-10-01 22:42 tmp.config\n== /data/adb/ksu/module_configs/demo/persist.config\nMUSK\u0001\u0000\u0000\u0000\u0001\u0000\u0000\u0000\u000f\u0000\u0000\u0000webui.installed\u0001\u0000\u0000\u00001\n== /data/adb/ksu/module_configs/demo/tmp.config\nMUSK\u0001\u0000\u0000\u0000\u0002\u0000\u0000\u0000\u0000\u0000\u0000webui.session\udcc5\u0000\u0000\u0000{\"protocol\":1,\"version\":\"0.2.0\",\"port\":36767,\"token\":\"s8YpKz0x7tbA8vthoYZobAPehDKvWS1hdMcLY9dTk9c\",\"pid\":10058,\"boot\":\"291fa5d4-87f3-4e5c-abc5-995fe6f0fc42\",\"started\":\"2026-10-01T22:42:29.484233Z\"}\n\u0000\u0000\u0000webui.boot$\u0000\u0000\u0000291fa5d4-87f3-4e5c-abc5-995fe6f0fc42\n-- ksud get:\n1\nwebui.session={\"protocol\":1,\"version\":\"0.2.0\",\"port\":36767,\"token\":\"s8YpKz0x7tbA8vthoYZobAPehDKvWS1hdMcLY9dTk9c\",\"pid\":10058,\"boot\":\"291fa5d4-87f3-4e5c-abc5-995fe6f0fc42\",\"started\":\"2026-10-01T22:42:29.484233Z\"}\nwebui.boot=291fa5d4-87f3-4e5c-abc5-995fe6f0fc42\nwebui.installed=1"}
{"check":"module-dirs","result":"/data/adb/demo:\ntotal 24\ndrwx------ 3 root root 4096 2026-10-01 22:42 .\ndrwx------ 6 root root 4096 2026-10-01 22:42 ..\ndrwx------ 2 root root 4096 2026-10-01 22:42 tmp\n\n/data/adb/demo/tmp:\ntotal 16\ndrwx------ 2 root root 4096 2026-10-01 22:42 .\ndrwx------ 3 root root 4096 2026-10-01 22:42 .."}
{"check":"open","result":"opened: intent-token"}
{"check":"tap-places","result":{"url":"https://mui.kernelsu.org/index.html","socket":"webview_devtools_remote_11815","value":"tapped Places at 16,572 size 288x56 role button tappable"}}
{"check":"tap-plugins","result":{"url":"https://mui.kernelsu.org/index.html","socket":"webview_devtools_remote_11815","value":"tapped Plugins at 267,536 size 53x80 role tab tappable"}}
{"check":"plugins","result":The app calls share_plus and permission_handler as on any platform. Running in a WebUI host, so their *_webui packages answer.
share_plus
On WebUI: share_plus_webui: Android's share sheet, opened by the module's own app
Share text
permission_handler
On WebUI: permission_handler_webui: Android's own permission dialog, for the module's own app
Camera: denied}
{"check":"tap-share","result":{"url":"https://mui.kernelsu.org/index.html","socket":"webview_devtools_remote_11815","value":"tapped Share text at 24,258 size 112x48 role button tappable"}}
{"check":"share-top","result":"com.google.android.gm/.welcome.WelcomeTourActivity"}
{"check":"app-process","result":""}
{"check":"share-log","result":"10-01 22:48:22.806 11815 11815 I chromium: [INFO:CONSOLE(28301)] \"2026-10-01T22:48:22.800 INFO ui.plugins: share: unavailable\", source: https://mui.kernelsu.org/main.dart.js (28301)\n10-01 22:48:23.336  6154  6345 D ShortcutService: Package com.google.android.gm has 1 manifest shortcut(s), and 1 share target(s)\n10-01 22:48:23.917  6154  6345 D ShortcutService: Package com.google.android.gm has 1 manifest shortcut(s), and 1 share target(s)\n10-01 22:48:25.072  6154  6345 D ShortcutService: Package com.google.android.gm has 1 manifest shortcut(s), and 1 share target(s)\n10-01 22:48:30.899 12374 12374 W app_process: ClassLoaderContext shared library size mismatch. Expected=2, found=0 (PCL[]{PCL[/system/framework/android.test.base.jar*724373495]#PCL[/system/framework/android.test.mock.jar*1452759902]} | PCL[])"}
{"check":"share-result","result":share_plus
On WebUI: share_plus_webui: Android's share sheet, opened by the module's own app
Share result: unavailable}
Failure [package not found]
Error: package not found
{"check":"cam-deny-1-tap","result":{"url":"https://mui.kernelsu.org/index.html","socket":"webview_devtools_remote_11815","value":"tapped Request camera at 24,470 size 150x48 role button tappable"}}
{"check":"cam-deny-1-top","result":"me.weishu.kernelsu/.ui.webui.WebUIActivity"}
{"check":"cam-deny-1-dialog","result":"Back Back\nShare text\nRequest camera\nPlaces\nStrategy\nRust\nLifecycle\nShell\nPlugins"}
{"check":"cam-deny-1-press","result":"ui: no node with 'Don'"}
{"check":"cam-deny-1-status","result":permission_handler
On WebUI: permission_handler_webui: Android's own permission dialog, for the module's own app
Camera: permanentlyDenied}
{"check":"cam-deny-1-perm","result":""}
{"check":"cam-deny-2-tap","result":{"url":"https://mui.kernelsu.org/index.html","socket":"webview_devtools_remote_11815","value":"tapped Request camera at 24,470 size 150x48 role button tappable"}}
{"check":"cam-deny-2-top","result":"me.weishu.kernelsu/.ui.webui.WebUIActivity"}
{"check":"cam-deny-2-dialog","result":"Back Back\nShare text\nRequest camera\nPlaces\nStrategy\nRust\nLifecycle\nShell\nPlugins"}
{"check":"cam-deny-2-press","result":"ui: no node with 'Don'"}
{"check":"cam-deny-2-status","result":permission_handler
On WebUI: permission_handler_webui: Android's own permission dialog, for the module's own app
Camera: permanentlyDenied}
{"check":"cam-deny-2-perm","result":""}
{"check":"cam-after-deny-tap","result":{"url":"https://mui.kernelsu.org/index.html","socket":"webview_devtools_remote_11815","value":"tapped Request camera at 24,470 size 150x48 role button tappable"}}
{"check":"cam-after-deny-top","result":"me.weishu.kernelsu/.ui.webui.WebUIActivity"}
{"check":"cam-after-deny-dialog","result":"Back Back\nShare text\nRequest camera\nPlaces\nStrategy\nRust\nLifecycle\nShell\nPlugins"}
{"check":"cam-after-deny-status","result":permission_handler
On WebUI: permission_handler_webui: Android's own permission dialog, for the module's own app
Camera: permanentlyDenied}
{"check":"cam-after-deny-perm","result":""}
Failure [package not found]
Error: package not found
{"check":"cam-grant-tap","result":{"error":"no page target","sockets":["webview_devtools_remote_11815"],"targets":[]}}
{"check":"cam-grant-top","result":"com.google.android.apps.nexuslauncher/.NexusLauncherActivity"}
{"check":"cam-grant-dialog","result":"Thu, Oct 1 | Thu, Oct 1\nThu, Oct 1 | Thu, Oct 1\nPhone | Phone\nMessages | Messages\nKernelSU | Predicted app: KernelSU\nChrome | Chrome\nCamera | Camera\nGoogle search | Google app | Voice search | Google Lens\nGoogle app\nVoice search\nGoogle Lens"}
{"check":"cam-grant-press","result":"ui: no node with 'While using the app'"}
{"check":"cam-grant-status","result":null}
{"check":"cam-grant-perm","result":""}
{"check":"clipboard","result":"no Paste button on page 6"}
{"check":"file-pick","result":"no Pick a file button on page 6"}
{"check":"app-settings","result":"Thu, Oct 1 | Thu, Oct 1\nThu, Oct 1 | Thu, Oct 1\nPhone | Phone\nMessages | Messages\nKernelSU | Predicted app: KernelSU\nChrome | Chrome\nCamera | Camera\nGoogle search | Google app | Voice search | Google Lens\nGoogle app\nVoice search\nGoogle Lens"}
{"check":"uninstall","result":""}
{"check":"after-uninstall","result":"ls: /data/adb/modules/demo: No such file or directory\nls: /data/adb/demo: No such file or directory\nls: /data/adb/ksu/module_configs/demo: No such file or directory\nls: /product/app/WebuiApi_demo: No such file or directory\ncmd: Can't find service: package\ncmd: Can't find service: package"}
{"check":"mount","result":"mount: mounting overlay on /product/app failed: Invalid argument\noverlay failed: 255\nmagic mount ok\nmount: mounting overlay on /product/app failed: Invalid argument\noverlay failed: 255\nmagic mount ok\ntotal 3736\ndrwxr-xr-x 2 root root u:object_r:system_file:s0     4096 2026-10-01 22:37 .\ndrwxr-xr-x 4 root root u:object_r:system_file:s0       80 2026-10-01 22:50 ..\n-rw-r--r-- 1 root root u:object_r:system_file:s0  3809993 2026-10-01 22:37 WebuiTermuxApi.apk\n*\nWebuiTermuxApi\n/dev/block/dm-3 /product ext4 ro,seclabel,relatime 0 0\ntmpfs /dev/app_plane_app tmpfs rw,seclabel,relatime,mode=755 0 0\ntmpfs /product/app tmpfs rw,seclabel,relatime,mode=755 0 0\n/dev/block/dm-3 /product/app/CalendarGooglePrebuilt ext4 ro,seclabel,relatime 0 0\n/dev/block/dm-3 /product/app/Camera2 ext4 ro,seclabel,relatime 0 0\n/dev/block/dm-3 /product/app/Chrome ext4 ro,seclabel,relatime 0 0\n/dev/block/dm-3 /product/app/Chrome-Stub ext4 ro,seclabel,relatime 0 0\n/dev/block/dm-3 /product/app/Drive ext4 ro,seclabel,relatime 0 0\n32"}
cmd: Can't find service: package
{"check":"package","result":""}
/home/runner/work/devicelab/devicelab/out/sockprobe: 1 file pushed, 0 skipped. 409.7 MB/s (3501149 bytes in 0.008s)
cmd: Can't find service: activity
cmd: Can't find service: activity
{"check":"broadcast","result":"cmd: Can't find service: activity\ncmd: Can't find service: activity"}
{"check":"app-process","result":""}
{"check":"listener-module","result":"{\"context\":\"u:r:su:s0\",\"event\":\"start\",\"names\":[\"wx_ksu_out\",\"wx_ksu_in\"],\"uid\":0}\n{\"event\":\"exit\"}\nunix @wx_ksu_out: bind: address already in use\",\"event\":\"listen-error\",\"name\":\"wx_ksu_out\"}\n{\"error\":\"listen unix @wx_ksu_in: bind: address already in use\",\"event\":\"listen-error\",\"name\":\"wx_ksu_in\"}"}
{"check":"listener-su","result":"{\"context\":\"u:r:su:s0\",\"event\":\"start\",\"names\":[\"wx_su_out\",\"wx_su_in\"],\"uid\":0}"}
{"check":"avc","result":"10-01 22:58:30.662  7048  7048 W PackageSettings: Missing permission state for package com.webui.termux.api on user 0\n10-01 22:58:31.038   508   517 D installd: Found quota mount /dev/block/dm-46 at /dev/app_plane_app/WebuiTermuxApi\n10-01 22:58:31.038   508   517 D installd: Found quota mount /dev/block/dm-46 at /product/app/WebuiTermuxApi\n10-01 22:58:31.038   508   517 D installd: Found quota mount /dev/block/dm-46 at /dev/app_plane_app/WebuiTermuxApi\n10-01 22:58:31.038   508   517 D installd: Found quota mount /dev/block/dm-46 at /product/app/WebuiTermuxApi\n10-01 22:58:31.038   508   517 D installd: Found quota mount /dev/block/dm-46 at /product/app/WebuiTermuxApi\n10-01 22:58:31.038   508   517 D installd: Found quota mount /dev/block/dm-46 at /dev/app_plane_app/WebuiTermuxApi\n10-01 22:58:31.161   508   517 D installd: Found quota mount /dev/block/dm-46 at /dev/app_plane_app/WebuiTermuxApi\n10-01 22:58:31.161   508   517 D installd: Found quota mount /dev/block/dm-46 at /product/app/WebuiTermuxApi\n10-01 22:58:31.161   508   517 D installd: Found quota mount /dev/block/dm-46 at /dev/app_plane_app/WebuiTermuxApi\n10-01 22:58:31.161   508   517 D installd: Found quota mount /dev/block/dm-46 at /product/app/WebuiTermuxApi\n10-01 22:58:31.161   508   517 D installd: Found quota mount /dev/block/dm-46 at /product/app/WebuiTermuxApi\n10-01 22:58:31.161   508   517 D installd: Found quota mount /dev/block/dm-46 at /dev/app_plane_app/WebuiTermuxApi\n10-01 22:58:31.165   508   517 D installd: Found quota mount /dev/block/dm-46 at /dev/app_plane_app/WebuiTermuxApi\n10-01 22:58:31.165   508   517 D installd: Found quota mount /dev/block/dm-46 at /product/app/WebuiTermuxApi\n10-01 22:58:31.165   508   517 D installd: Found quota mount /dev/block/dm-46 at /dev/app_plane_app/WebuiTermuxApi\n10-01 22:58:31.165   508   517 D installd: Found quota mount /dev/block/dm-46 at /product/app/WebuiTermuxApi\n10-01 22:58:31.165   508   517 D installd: Found quota mount /dev/block/dm-46 at /product/app/WebuiTermuxApi\n10-01 22:58:31.165   508   517 D installd: Found quota mount /dev/block/dm-46 at /dev/app_plane_app/WebuiTermuxApi\n10-01 22:58:31.166   508   517 D installd: Found quota mount /dev/block/dm-46 at /dev/app_plane_app/WebuiTermuxApi\n10-01 22:58:31.166   508   517 D installd: Found quota mount /dev/block/dm-46 at /product/app/WebuiTermuxApi\n10-01 22:58:31.166   508   517 D installd: Found quota mount /dev/block/dm-46 at /dev/app_plane_app/WebuiTermuxApi\n10-01 22:58:31.166   508   517 D installd: Found quota mount /dev/block/dm-46 at /product/app/WebuiTermuxApi\n10-01 22:58:31.166   508   517 D installd: Found quota mount /dev/block/dm-46 at /product/app/WebuiTermuxApi\n10-01 22:58:31.166   508   517 D installd: Found quota mount /dev/block/dm-46 at /dev/app_plane_app/WebuiTermuxApi"}
SELinux: Loaded file context from:
		/system/etc/selinux/plat_file_contexts
		/system_ext/etc/selinux/system_ext_file_contexts
		/vendor/etc/selinux/vendor_file_contexts
{"check":"restorecon","result":"u:object_r:app_data_file:s0:c210,c256,c512,c768 /data/data/com.webui.termux.api\nu:object_r:app_data_file:s0                     /data/data/com.webui.termux.api/files/devicelab/probe.txt"}
{"check":"app-read","result":"u:object_r:app_data_file:s0:c210,c256,c512,c768 chcon.txt\nu:object_r:app_data_file:s0                     probe.txt\n{\"error\":\"write /proc/thread-self/attr/current: operation not permitted\",\"op\":\"setcon\"}"}
Can't find service: activity
{"check":"share-text","result":"{\"context\":\"u:r:su:s0\",\"event\":\"start\",\"names\":[\"sh_text_out\",\"sh_text_in\"],\"uid\":0}\n10-01 22:58:46.189   508   517 D installd: Found quota mount /dev/block/dm-46 at /dev/app_plane_app/WebuiTermuxApi\n10-01 22:58:46.189   508   517 D installd: Found quota mount /dev/block/dm-46 at /product/app/WebuiTermuxApi\n10-01 22:58:46.189   508   517 D installd: Found quota mount /dev/block/dm-46 at /product/app/WebuiTermuxApi\n10-01 22:58:46.189   508   517 D installd: Found quota mount /dev/block/dm-46 at /dev/app_plane_app/WebuiTermuxApi\n10-01 22:58:46.190   508   517 D installd: Found quota mount /dev/block/dm-46 at /dev/app_plane_app/WebuiTermuxApi\n10-01 22:58:46.190   508   517 D installd: Found quota mount /dev/block/dm-46 at /product/app/WebuiTermuxApi\n10-01 22:58:46.190   508   517 D installd: Found quota mount /dev/block/dm-46 at /dev/app_plane_app/WebuiTermuxApi\n10-01 22:58:46.190   508   517 D installd: Found quota mount /dev/block/dm-46 at /product/app/WebuiTermuxApi\n10-01 22:58:46.190   508   517 D installd: Found quota mount /dev/block/dm-46 at /product/app/WebuiTermuxApi\n10-01 22:58:46.190   508   517 D installd: Found quota mount /dev/block/dm-46 at /dev/app_plane_app/WebuiTermuxApi\n10-01 22:58:46.216  7971  7971 D nativeloader: Load libservice-connectivity.so using ns clns-shared-13 from class loader (caller=/apex/com.android.tethering/javalib/service-connectivity.jar): ok\n10-01 22:58:46.305  7926  7926 D AudioFlinger: isLowRamDevice:false totalMemory:6217912320 mClientSharedHeapSize:33554432"}
cmd: Can't find service: input
Can't find service: activity
{"check":"share-file","result":"{\"context\":\"u:r:su:s0\",\"event\":\"start\",\"names\":[\"sh_file_out\",\"sh_file_in\"],\"uid\":0}\n10-01 22:59:01.162   508   517 D installd: Found quota mount /dev/block/dm-46 at /dev/app_plane_app/WebuiTermuxApi\n10-01 22:59:01.162   508   517 D installd: Found quota mount /dev/block/dm-46 at /product/app/WebuiTermuxApi\n10-01 22:59:01.162   508   517 D installd: Found quota mount /dev/block/dm-46 at /product/app/WebuiTermuxApi\n10-01 22:59:01.162   508   517 D installd: Found quota mount /dev/block/dm-46 at /dev/app_plane_app/WebuiTermuxApi\n10-01 22:59:01.163   508 16161 D installd: Found quota mount /dev/block/dm-46 at /dev/app_plane_app/WebuiTermuxApi\n10-01 22:59:01.163   508 16161 D installd: Found quota mount /dev/block/dm-46 at /product/app/WebuiTermuxApi\n10-01 22:59:01.163   508 16161 D installd: Found quota mount /dev/block/dm-46 at /dev/app_plane_app/WebuiTermuxApi\n10-01 22:59:01.163   508 16161 D installd: Found quota mount /dev/block/dm-46 at /product/app/WebuiTermuxApi\n10-01 22:59:01.163   508 16161 D installd: Found quota mount /dev/block/dm-46 at /product/app/WebuiTermuxApi\n10-01 22:59:01.163   508 16161 D installd: Found quota mount /dev/block/dm-46 at /dev/app_plane_app/WebuiTermuxApi\n10-01 22:59:01.205  8870  8870 D nativeloader: Load libservice-connectivity.so using ns clns-shared-13 from class loader (caller=/apex/com.android.tethering/javalib/service-connectivity.jar): ok\n10-01 22:59:01.290  8824  8824 D AudioFlinger: isLowRamDevice:false totalMemory:6217912320 mClientSharedHeapSize:33554432"}
cmd: Can't find service: input
cmd: Can't find service: appops
Can't find service: activity
{"check":"share-text-saw","result":"{\"context\":\"u:r:su:s0\",\"event\":\"start\",\"names\":[\"sh_text-saw_out\",\"sh_text-saw_in\"],\"uid\":0}\n10-01 22:59:16.225   508 16161 D installd: Found quota mount /dev/block/dm-46 at /dev/app_plane_app/WebuiTermuxApi\n10-01 22:59:16.225   508 16161 D installd: Found quota mount /dev/block/dm-46 at /product/app/WebuiTermuxApi\n10-01 22:59:16.225   508 16161 D installd: Found quota mount /dev/block/dm-46 at /product/app/WebuiTermuxApi\n10-01 22:59:16.225   508 16161 D installd: Found quota mount /dev/block/dm-46 at /dev/app_plane_app/WebuiTermuxApi\n10-01 22:59:16.226   508   517 D installd: Found quota mount /dev/block/dm-46 at /dev/app_plane_app/WebuiTermuxApi\n10-01 22:59:16.226   508   517 D installd: Found quota mount /dev/block/dm-46 at /product/app/WebuiTermuxApi\n10-01 22:59:16.226   508   517 D installd: Found quota mount /dev/block/dm-46 at /dev/app_plane_app/WebuiTermuxApi\n10-01 22:59:16.226   508   517 D installd: Found quota mount /dev/block/dm-46 at /product/app/WebuiTermuxApi\n10-01 22:59:16.226   508   517 D installd: Found quota mount /dev/block/dm-46 at /product/app/WebuiTermuxApi\n10-01 22:59:16.226   508   517 D installd: Found quota mount /dev/block/dm-46 at /dev/app_plane_app/WebuiTermuxApi\n10-01 22:59:16.258  9762  9762 D nativeloader: Load libservice-connectivity.so using ns clns-shared-13 from class loader (caller=/apex/com.android.tethering/javalib/service-connectivity.jar): ok\n10-01 22:59:16.344  9717  9721 D AudioFlinger: isLowRamDevice:false totalMemory:6217912320 mClientSharedHeapSize:33554432"}
cmd: Can't find service: input
Can't find service: activity
{"check":"share-file-saw","result":"{\"context\":\"u:r:su:s0\",\"event\":\"start\",\"names\":[\"sh_file-saw_out\",\"sh_file-saw_in\"],\"uid\":0}\n10-01 22:59:31.224   508 16161 D installd: Found quota mount /dev/block/dm-46 at /dev/app_plane_app/WebuiTermuxApi\n10-01 22:59:31.224   508 16161 D installd: Found quota mount /dev/block/dm-46 at /product/app/WebuiTermuxApi\n10-01 22:59:31.224   508 16161 D installd: Found quota mount /dev/block/dm-46 at /product/app/WebuiTermuxApi\n10-01 22:59:31.224   508 16161 D installd: Found quota mount /dev/block/dm-46 at /dev/app_plane_app/WebuiTermuxApi\n10-01 22:59:31.225   508 16161 D installd: Found quota mount /dev/block/dm-46 at /dev/app_plane_app/WebuiTermuxApi\n10-01 22:59:31.225   508 16161 D installd: Found quota mount /dev/block/dm-46 at /product/app/WebuiTermuxApi\n10-01 22:59:31.225   508 16161 D installd: Found quota mount /dev/block/dm-46 at /dev/app_plane_app/WebuiTermuxApi\n10-01 22:59:31.225   508 16161 D installd: Found quota mount /dev/block/dm-46 at /product/app/WebuiTermuxApi\n10-01 22:59:31.225   508 16161 D installd: Found quota mount /dev/block/dm-46 at /product/app/WebuiTermuxApi\n10-01 22:59:31.225   508 16161 D installd: Found quota mount /dev/block/dm-46 at /dev/app_plane_app/WebuiTermuxApi\n10-01 22:59:31.268 10654 10654 D nativeloader: Load libservice-connectivity.so using ns clns-shared-13 from class loader (caller=/apex/com.android.tethering/javalib/service-connectivity.jar): ok\n10-01 22:59:31.352 10609 10722 D AudioFlinger: isLowRamDevice:false totalMemory:6217912320 mClientSharedHeapSize:33554432"}
cmd: Can't find service: input
app uid: 10210
/system/bin/sh: can't create /storage/emulated/0/Download/dl-scan-fuse.txt: Transport endpoint is not connected
SELinux: Loaded file context from:
		/system/etc/selinux/plat_file_contexts
		/system_ext/etc/selinux/system_ext_file_contexts
		/vendor/etc/selinux/vendor_file_contexts
Error while accessing provider:media
java.lang.NullPointerException: Attempt to invoke interface method 'android.app.ContentProviderHolder android.app.IActivityManager.getContentProviderExternal(java.lang.String, int, android.os.IBinder, java.lang.String)' on a null object reference
	at com.android.commands.content.Content$Command.execute(Content.java:516)
	at com.android.commands.content.Content.main(Content.java:735)
	at com.android.internal.os.RuntimeInit.nativeFinishInit(Native Method)
	at com.android.internal.os.RuntimeInit.main(RuntimeInit.java:369)
{"check":"media-before","result":"-rw-rw---- 1 10191 1023 u:object_r:media_rw_data_file:s0  4 2026-10-01 22:59 dl-scan-app.txt\n-rw-rw---- 1 10191 1023 u:object_r:media_rw_data_file:s0  6 2026-10-01 22:59 dl-scan-bcast.txt\n-rw-rw---- 1 10191 1023 u:object_r:media_rw_data_file:s0  5 2026-10-01 22:59 dl-scan-none.txt\n-- mediastore:"}
Error while accessing provider:media
java.lang.NullPointerException: Attempt to invoke interface method 'android.app.ContentProviderHolder android.app.IActivityManager.getContentProviderExternal(java.lang.String, int, android.os.IBinder, java.lang.String)' on a null object reference
	at com.android.commands.content.Content$Command.execute(Content.java:516)
	at com.android.commands.content.Content.main(Content.java:735)
	at com.android.internal.os.RuntimeInit.nativeFinishInit(Native Method)
	at com.android.internal.os.RuntimeInit.main(RuntimeInit.java:369)
{"check":"media-scan-app","result":"{\"context\":\"u:r:su:s0\",\"event\":\"start\",\"names\":[\"ms_out\",\"ms_in\"],\"uid\":0}\n10-01 22:59:46.199   508   517 D installd: Found quota mount /dev/block/dm-46 at /dev/app_plane_app/WebuiTermuxApi\n10-01 22:59:46.199   508   517 D installd: Found quota mount /dev/block/dm-46 at /product/app/WebuiTermuxApi\n10-01 22:59:46.199   508   517 D installd: Found quota mount /dev/block/dm-46 at /product/app/WebuiTermuxApi\n10-01 22:59:46.199   508   517 D installd: Found quota mount /dev/block/dm-46 at /dev/app_plane_app/WebuiTermuxApi\n10-01 22:59:46.200   508   517 D installd: Found quota mount /dev/block/dm-46 at /dev/app_plane_app/WebuiTermuxApi\n10-01 22:59:46.200   508   517 D installd: Found quota mount /dev/block/dm-46 at /product/app/WebuiTermuxApi\n10-01 22:59:46.200   508   517 D installd: Found quota mount /dev/block/dm-46 at /dev/app_plane_app/WebuiTermuxApi\n10-01 22:59:46.200   508   517 D installd: Found quota mount /dev/block/dm-46 at /product/app/WebuiTermuxApi\n10-01 22:59:46.200   508   517 D installd: Found quota mount /dev/block/dm-46 at /product/app/WebuiTermuxApi\n10-01 22:59:46.200   508   517 D installd: Found quota mount /dev/block/dm-46 at /dev/app_plane_app/WebuiTermuxApi\n-- mediastore:"}
Error while accessing provider:media
java.lang.NullPointerException: Attempt to invoke interface method 'android.app.ContentProviderHolder android.app.IActivityManager.getContentProviderExternal(java.lang.String, int, android.os.IBinder, java.lang.String)' on a null object reference
	at com.android.commands.content.Content$Command.execute(Content.java:516)
	at com.android.commands.content.Content.main(Content.java:735)
	at com.android.internal.os.RuntimeInit.nativeFinishInit(Native Method)
	at com.android.internal.os.RuntimeInit.main(RuntimeInit.java:369)
{"check":"media-scan-bcast","result":"Broadcasting: Intent { act=android.intent.action.MEDIA_SCANNER_SCAN_FILE dat=file:///... flg=0x400000 }\n\nException occurred while executing 'broadcast':\njava.lang.IllegalStateException: Cannot broadcast before boot completed\n\tat com.android.server.am.ActivityManagerService.verifyBroadcastLocked(ActivityManagerService.java:16263)\n\tat com.android.server.am.ActivityManagerService.broadcastIntentWithFeature(ActivityManagerService.java:16311)\n\tat com.android.server.am.ActivityManagerShellCommand.runSendBroadcast(ActivityManagerShellCommand.java:1004)\n\tat com.android.server.am.ActivityManagerShellCommand.onCommand(ActivityManagerShellCommand.java:276)\n\tat com.android.modules.utils.BasicShellCommandHandler.exec(BasicShellCommandHandler.java:97)\n\tat android.os.ShellCommand.exec(ShellCommand.java:38)\n\tat com.android.server.am.ActivityManagerService.onShellCommand(ActivityManagerService.java:10471)\n\tat android.os.Binder.shellCommand(Binder.java:1230)\n\tat android.os.Binder.onTransact(Binder.java:1043)\n\tat android.app.IActivityManager$Stub.onTransact(IActivityManager.java:5675)\n\tat com.android.server.am.ActivityManagerService.onTransact(ActivityManagerService.java:2812)\n\tat android.os.Binder.execTransactInternal(Binder.java:1505)\n\tat android.os.Binder.execTransact(Binder.java:1444)\n10-01 22:59:55.657     0     0 I apexd   : Found pre-installed APEX /system/apex/com.google.android.mediaprovider.apex\n10-01 22:59:55.725     0     0 I apexd   : Found \"/apex/com.android.mediaprovider@350820300\" backed by file /data/apex/decompressed/com.android.mediaprovider@350820300.decompressed.apex\n10-01 22:59:55.617 12166 12166 D CompatConfig: Found a config file: /apex/com.android.mediaprovider/etc/compatconfig/framework-pdf-v-platform-compat-config.xml\n10-01 22:59:55.617 12166 12166 D CompatConfig: Found a config file: /apex/com.android.mediaprovider/etc/compatconfig/media-provider-platform-compat-config.xml\n10-01 22:59:55.755 12166 12166 W PackageManager: No package known for package restrictions com.google.android.mediaprovider\n10-01 22:59:55.773 12166 12166 D PackageManager: Directories scanned as system partitions: [/system:0, /vendor:524288, /odm:4194304, /oem:262144, /product:1048576, /system_ext:2097152, /apex/com.android.virt:41943040, /apex/com.android.ipsec:41943040, /apex/com.android.adbd:41943040, /apex/com.android.hardware.neuralnetworks:42467328, /apex/com.android.uwb:41943040, /apex/com.android.rkpd:41943040, /apex/com.android.permission:41943040, /apex/com.android.nfcservices:41943040, /apex/com.android.tzdata:41943040, /apex/com.android.neuralnetworks:41943040, /apex/com.android.scheduling:41943040, /apex/com.android.media:41943040, /apex/com.android.healthfitness:41943040, /apex/com.android.cellbroadcast:41943040, /apex/com.android.adservices:41943040, /apex/com.android.configinfrastructure:41943040, /apex/com.google.mainline.primary.libs:41943040, /apex/com.android.hardware.rebootescrow:42467328, /apex/com.android.profiling:41943040, /apex/com.android.hardware.cas:42467328, /apex/com.android.appsearch:41943040, /apex/com.android.compos:44040192, /apex/com.android.mediaprovider:41943040, /apex/com.android.btservices:41943040, /apex/com.android.os.statsd:41943040, /apex/com.android.sdkext:41943040, /apex/com.android.apex.cts.shim:41943040, /apex/com.android.art:41943040, /apex/com.android.hardware.authsecret:42467328, /apex/com.android.runtime:41943040, /apex/com.android.resolv:41943040, /apex/com.android.wifi:41943040, /apex/com.android.media.swcodec:41943040, /apex/com.android.devicelock:41943040, /apex/com.android.extservices:41943040, /apex/com.android.i18n:41943040, /apex/com.android.tethering:41943040, /apex/com.google.android.widevine:42467328, /apex/com.android.conscrypt:41943040, /apex/com.android.ondevicepersonalization:41943040]\n10-01 22:59:55.844 12166 12166 I PackageManager: /data/apex/decompressed/com.android.mediaprovider@350820300.decompressed.apex changed; collecting certs\n10-01 22:59:55.971 12166 12166 I ApexManager: Registering com.google.android.providers.media.module as apk-in-apex of com.android.mediaprovider\n10-01 22:59:55.971 12166 12166 D PackageManager: No files in app dir /apex/com.android.mediaprovider/app\n10-01 22:59:56.027 12166 12232 W PackageManager: Skipping preparing app data for com.google.android.mediaprovider\n-- mediastore:"}
