yes: standard output: Broken pipe
Auto-selecting single ABI x86_64
Do you wish to create a custom hardware profile? [no] lab.avd
lab.ini
emulator Android emulator version 37.1.11.0 (build_id 15917651) (CL:N/A)
* daemon not running; starting now at tcp:5037
* daemon started successfully
booted in 54s: google/sdk_gphone64_x86_64/emu64xa:15/AE3A.240806.043/12960925:userdebug/dev-keys
kernel 6.6.50-android15-8-g8adecb593e9b-ab12525588 -> kmi android15-6.6; tiann/KernelSU v3.3.0
total 16428
drwx------  2 runner runner     4096 Oct  1 08:30 .
drwxrwxrwt 16 root   root       4096 Oct  1 08:30 ..
-rw-r--r--  1 runner runner 10777987 Oct  1 08:30 KernelSU_v3.3.0_32601-release.apk
-rw-r--r--  1 runner runner  5713312 Oct  1 08:30 ksud-x86_64-linux-android
-rw-r--r--  1 runner runner   318824 Oct  1 08:30 lkm-x86_64-android15-6.6_kernelsu.ko
== manager installed (me.weishu.kernelsu)
/tmp/tmp.VCYtLVHovy/lkm-x86_64-android15-6.6_kernelsu.ko: 1 file pushed, 0 skipped. 3.2 MB/s (318824 bytes in 0.094s)
/tmp/tmp.VCYtLVHovy/ksud-x86_64-linux-android: 1 file pushed, 0 skipped. 71.4 MB/s (5713312 bytes in 0.076s)
== ksud: ksud 3.3.0 (uapi: 2)
== ksud late-load: rc=0
== ksud insmod /data/adb/kernelsu.ko: Error: load module failed: /data/adb/kernelsu.ko

Caused by:
    0: init_module failed without vermagic mismatch
    1: File exists (os error 17)
rc=1
kernelsu              159744  0 
== lsmod: kernelsu              159744  1 
KernelSU_v3.3.0_32601-release.apk
ksud-aarch64-apple-darwin
ksud-aarch64-linux-android
ksud-aarch64-unknown-linux-musl
ksud-x86_64-apple-darwin
ksud-x86_64-linux-android
ksud-x86_64-pc-windows-gnu.exe
ksud-x86_64-unknown-linux-musl
ksuinit-aarch64
ksuinit-x86_64
lkm-aarch64-android12-5.10_kernelsu.ko
lkm-aarch64-android13-5.10_kernelsu.ko
lkm-aarch64-android13-5.15_kernelsu.ko
lkm-aarch64-android14-5.15_kernelsu.ko
lkm-aarch64-android14-6.1_kernelsu.ko
lkm-aarch64-android15-6.6_kernelsu.ko
lkm-aarch64-android16-6.12_kernelsu.ko
lkm-aarch64-android17-6.18_kernelsu.ko
lkm-x86_64-android12-5.10_kernelsu.ko
lkm-x86_64-android13-5.10_kernelsu.ko
lkm-x86_64-android13-5.15_kernelsu.ko
lkm-x86_64-android14-5.15_kernelsu.ko
lkm-x86_64-android14-6.1_kernelsu.ko
lkm-x86_64-android15-6.6_kernelsu.ko
lkm-x86_64-android16-6.12_kernelsu.ko
lkm-x86_64-android17-6.18_kernelsu.ko
== no metamodule asset in tiann/KernelSU v3.3.0
/home/runner/work/devicelab/devicelab/modules/probe/./: 2 files pushed, 0 skipped. 0.0 MB/s (1474 bytes in 0.048s)
== modules: [
  {
    "action": "false",
    "versionCode": "1",
    "web": "true",
    "mount": "false",
    "enabled": "true",
    "name": "devicelab probe",
    "version": "1",
    "remove": "false",
    "id": "devicelab_probe",
    "update": "false",
    "description": "Observation module for devicelab. Its WebUI page is driven over DevTools.",
    "author": "p0g-stack"
  }
]
SELinux: Loaded file context from:
		/system/etc/selinux/plat_file_contexts
		/system_ext/etc/selinux/system_ext_file_contexts
		/vendor/etc/selinux/vendor_file_contexts
== home text: text="LKM" text="Working [Jailbreak mode]" text="Version: 32601-2" text="Manager version" text="v3.3.0 (32601-2)" text="Kernel version" text="6.6.50-android15-8-g8adecb593e9b-ab12525588" text="Device model" text="Google sdk_gphone64_x86_64" text="Fingerprint" text="google/sdk_gphone64_x86_64/emu64xa:15/AE3A.240806.043/12960925:userdebug/dev-keys" text="Enforcing" text="KernelSU" text="Home" text="Superuser" text="1" text="Module" text="Settings" 
== manager activities: me.weishu.kernelsu/.magica.BootCompletedReceiver me.weishu.kernelsu/.ui.MainActivity me.weishu.kernelsu/androidx.core.content.FileProvider me.weishu.kernelsu/androidx.profileinstaller.ProfileInstallReceiver me.weishu.kernelsu/androidx.startup.InitializationProvider 
WebUI-X-v438-release-official.apk
WebUI-X-v438-release-spoofed.apk
== downloaded MMRLApp/WebUI-X-Portable v438 WebUI-X-v438-release-official.apk
Success
== installed com.dergoogler.mmrl.wx uid=10210     versionName=v438-release
== activities: com.dergoogler.mmrl.wx/.ui.activity.CrashHandlerActivity com.dergoogler.mmrl.wx/.ui.activity.MainActivity com.dergoogler.mmrl.wx/.ui.activity.modconf.ModConfActivity com.dergoogler.mmrl.wx/.ui.activity.webui.KsuWebUIActivity com.dergoogler.mmrl.wx/.ui.activity.webui.WebUIActivity com.dergoogler.mmrl.wx/.util.NonRootService com.dergoogler.mmrl.wx/androidx.core.content.FileProvider com.dergoogler.mmrl.wx/androidx.profileinstaller.ProfileInstallReceiver com.dergoogler.mmrl.wx/androidx.startup.InitializationProvider com.dergoogler.mmrl.wx/androidx.work.impl.background.systemalarm.ConstraintProxy com.dergoogler.mmrl.wx/androidx.work.impl.background.systemalarm.ConstraintProxyUpdateReceiver com.dergoogler.mmrl.wx/androidx.work.impl.background.systemalarm.RescheduleReceiver com.dergoogler.mmrl.wx/androidx.work.impl.diagnostics.DiagnosticsReceiver 
ui: tapped 'Superuser' at 120,584
ui: tapped 160,152
ui: tapped 'com.dergoogler.mmrl.wx' at 160,130
[12,230][308,290] Superuser
[243,236][292,284] 
[12,302][308,358] App Profile | Default
[12,26][60,74] 
[260,26][308,74] Settings
ui: tapped switch 1 ('', was checked=false)
== ksud feature list: Available Features: ================================================================================ [ENABLED (1)] su_compat (ID=0)     SU Compatibility Mode - allows authorized apps to gain root via traditional 'su' command  [ENABLED (1)] kernel_umount (ID=1)     Kernel Umount - controls whether kernel automatically unmounts modules when not needed  [DISABLED] sulog (ID=2)     SU Log - streams kernel sulog events to userspace and persists them to disk  [DISABLED] adb_root (ID=3)     ADB Root - Enable adbd root  [DISABLED] selinux_hide (ID=4)     SELinux Hide - sanitize /sys/fs/selinux access results for app UIDs  [DISABLED] webview_zygote_umount (ID=5)     WebView Zygote Umount - unmount modules from WebView zygote and its isolated children  
== su_compat: Feature: su_compat (0) Description: SU Compatibility Mode - allows authorized apps to gain root via traditional 'su' command Value: 1 Status: enabled 
== root grant: ui; su as app uid 10210: su: failed to exec /system/bin/su: No such file or directory
ui: tapped 'KernelSU' at 160,265
[40,165][280,221] Magisk
[40,309][280,389] KernelSU Next
[40,405][280,461] APatch
[40,477][280,557] SukiSU Ultra
[40,573][280,629] Non-Root
[40,644][280,692] Continue with KernelSU
ui: tapped 'Continue with KernelSU' at 160,668
[16,104][304,330] devicelab probe | 1 (1) by p0g-stack | Updated on 1 October 2026 | Observation module for devicelab. Its WebUI page is d
[32,274][90,322] 
[153,274][288,322] Add Shortcut
[220,32][268,80] 
[268,32][316,80] 
[164,796][320,876] Settings
ui: no node with 'Continue with KernelSU'
ui: no node with 'Next'
ui: no node with 'Continue'
ui: no node with 'Grant'
ui: no node with 'Allow'
ui: no node with 'Get started'
ui: no node with 'Done'
ui: no node with 'OK'
ui: no node with 'Finish'
[16,104][304,330] devicelab probe | 1 (1) by p0g-stack | Updated on 1 October 2026 | Observation module for devicelab. Its WebUI page is d
[32,274][90,322] 
[153,274][288,322] Add Shortcut
[220,32][268,80] 
[268,32][316,80] 
[164,796][320,876] Settings
ui: no node with 'Continue with KernelSU'
ui: no node with 'Next'
ui: no node with 'Continue'
ui: no node with 'Grant'
ui: no node with 'Allow'
ui: no node with 'Get started'
ui: no node with 'Done'
ui: no node with 'OK'
ui: no node with 'Finish'
[16,104][304,330] devicelab probe | 1 (1) by p0g-stack | Updated on 1 October 2026 | Observation module for devicelab. Its WebUI page is d
[32,274][90,322] 
[153,274][288,322] Add Shortcut
[220,32][268,80] 
[268,32][316,80] 
[164,796][320,876] Settings
== WebUI X platform after onboarding: preferences.pb 
== devtools sockets: @webview_devtools_remote_1648 
inputs/modules/flutter_webui_counter-0.1.3.zip: 1 file pushed, 0 skipped. 141.5 MB/s (21434445 bytes in 0.144s)
== install flutter_webui_counter-0.1.3.zip
  inflating: webroot/fonts/notocoloremoji/v32/Yq6P-KqIXTD0t4D9z1ESnKM3-HpFabsE4tq3luCC7p-aXxcn.3.woff2
  inflating: webroot/fonts/notocoloremoji/v32/Yq6P-KqIXTD0t4D9z1ESnKM3-HpFabsE4tq3luCC7p-aXxcn.8.woff2
  inflating: webroot/fonts/notocoloremoji/v32/Yq6P-KqIXTD0t4D9z1ESnKM3-HpFabsE4tq3luCC7p-aXxcn.2.woff2
   creating: webroot/fonts/notosansmath/
   creating: webroot/fonts/notosansmath/v15/
  inflating: webroot/fonts/notosansmath/v15/7Aump_cpkSecTWaHRlH2hyV5UHkD-V048PW0.woff2
   creating: webroot/fonts/roboto/
   creating: webroot/fonts/roboto/v32/
  inflating: webroot/fonts/roboto/v32/KFOmCnqEu92Fr1Me4GZLCzYlKw.woff2
  inflating: webroot/.last_build_id
  inflating: webroot/config.json
  inflating: webroot/flutter_webui.js
  inflating: customize.sh
- Done
- Module installed successfully!
inputs/modules/counter-v1.0.0.zip: 1 file pushed, 0 skipped. 166.3 MB/s (6582359 bytes in 0.038s)
== install counter-v1.0.0.zip
  inflating: webroot/canvaskit/chromium/canvaskit.wasm
  inflating: webroot/config.json
  inflating: webroot/favicon.png
  inflating: webroot/flutter.js
  inflating: webroot/flutter_bootstrap.js
  inflating: webroot/icons/Icon-192.png
  inflating: webroot/icons/Icon-512.png
  inflating: webroot/icons/Icon-maskable-192.png
  inflating: webroot/icons/Icon-maskable-512.png
  inflating: webroot/index.html
  inflating: webroot/main.dart.js
  inflating: webroot/manifest.json
  inflating: webroot/version.json
- Done
- Module installed successfully!
inputs/modules/demo-v0.1.0.zip: 1 file pushed, 0 skipped. 250.0 MB/s (14037155 bytes in 0.054s)
== install demo-v0.1.0.zip
  inflating: webroot/icons/Icon-512.png
  inflating: webroot/icons/Icon-maskable-192.png
  inflating: webroot/icons/Icon-maskable-512.png
  inflating: webroot/index.html
  inflating: webroot/main.dart.js
  inflating: webroot/manifest.json
  inflating: webroot/pkg/.gitignore
  inflating: webroot/pkg/demo_native.js
  inflating: webroot/pkg/demo_native_bg.wasm
  inflating: webroot/pkg/package.json
  inflating: webroot/version.json
  inflating: webroot/workers/demo_service.web.g.dart.js
  inflating: webroot/workers/hello_service.web.g.dart.js
- Done
- Module installed successfully!
== soft-reboot: 
== after soft-reboot (53s): [
  {
    "versionCode": "1",
    "enabled": "true",
    "author": "p0g-stack",
    "version": "1",
    "action": "false",
    "web": "true",
    "id": "devicelab_probe",
    "description": "Observation module for devicelab. Its WebUI page is driven over DevTools.",
    "mount": "false",
    "name": "devicelab probe",
    "update": "false",
    "remove": "false"
  },
  {
    "remove": "false",
    "version": "0.1.3",
    "description": "Stock Flutter counter app on flutter-webui (devicelab bring-up build).",
    "author": "p0g-stack",
    "name": "flutter-webui Counter",
    "enabled": "true",
    "web": "true",
    "id": "flutter_webui_counter",
    "action": "false",
    "versionCode": "4",
    "mount": "false",
    "update": "false"
  },
  {
    "description": "A new Flutter project.",
    "versionCode": "1",
    "web": "true",
    "remove": "false",
    "mount": "false",
    "name": "Counter",
    "id": "counter",
    "version": "v1.0.0",
    "enabled": "true",
    "update": "false",
    "action": "false",
    "author": "Yuv"
  },
  {
    "update": "false",
    "mount": "false",
    "versionCode": "1",
    "version": "v0.1.0",
    "description": "The demo GUI. Flutter on top of the core.",
    "name": "Demo",
    "enabled": "true",
    "id": "demo",
    "remove": "false",
    "action": "false",
    "web": "true",
    "author": ""
  }
]
total 48
drwxrwxrwx 6 root root 4096 2026-10-01 08:35 .
drwx------ 6 root root 4096 2026-10-01 08:35 ..
drwxr-xr-x 3 root root 4096 2026-10-01 08:35 counter
drwxr-xr-x 4 root root 4096 2026-10-01 08:35 demo
drwxr-xr-x 3 root root 4096 2026-10-01 08:30 devicelab_probe
drwxr-xr-x 4 root root 4096 2026-10-01 08:35 flutter_webui_counter
/home/runner/work/devicelab/devicelab/out/labserver: 1 file pushed, 0 skipped. 72.4 MB/s (7843260 bytes in 0.103s)
Starting: Intent { cmp=com.dergoogler.mmrl.wx/.ui.activity.webui.WebUIActivity (has extras) }
Status: ok
Activity: com.dergoogler.mmrl.wx/.ui.activity.webui.WebUIActivity



https://mui.kernelsu.org/index.html
opened: intent
{"check":"targets","result":[{"socket": "webview_devtools_remote_9152", "type": "page", "url": "https://mui.kernelsu.org/index.html", "title": "devicelab probe"}]}
{"check":"globals","result":{"url":"https://mui.kernelsu.org/index.html","socket":"webview_devtools_remote_9152","value":{"ua":"WebUI X/438 (Linux; Android 15; sdk_gphone64_x86_64; KernelSU/32601)","origin":"https://mui.kernelsu.org","href":"https://mui.kernelsu.org/index.html","globals":["$DeFile","$DeFileInputStream","$DeFileOutputStream","$devicelab_probe","$intent","$packageManager","$userManager","ksu","webui"],"ksu":["exec","execBool","fullScreen","mmrl","moduleInfo","spawn","toast","exec","execBool","fullScreen","mmrl","moduleInfo","spawn","toast"]}}}
{"check":"ksu-exec","result":{"url":"https://mui.kernelsu.org/index.html","socket":"webview_devtools_remote_9152","value":{"code":0,"out":"uid=0(root) gid=0(root) groups=0(root) context=u:r:ksu:s0\nu:r:ksu:s0\u0000","err":""}}}
{"check":"ws-loopback","result":{"url":"https://mui.kernelsu.org/index.html","socket":"webview_devtools_remote_9152","value":{"got":["{\"origin\":\"https://mui.kernelsu.org\",\"peerUid\":10210,\"remote\":\"127.0.0.1:44656\",\"serverUid\":0,\"t\":1790843789936,\"uidSource\":\"/proc/net/tcp\"}","hi"],"ms":148}}}
{"check":"fetch-loopback","result":{"url":"https://mui.kernelsu.org/index.html","socket":"webview_devtools_remote_9152","value":{"origin":"https://mui.kernelsu.org","peerUid":10210,"remote":"127.0.0.1:44666","serverUid":0,"t":1790843790495,"uidSource":"/proc/net/tcp"}}}
{"check":"webview-uid","result":["webview_zygote 1053 webview_zygote", "u0_a210      10210 com.dergoogler.mmrl.wx", "root             0 com.dergoogler.mmrl.wx:root:0", "root             0 com.dergoogler.mmrl.wx:root:0", "u0_a151      10151 com.google.android.webview:webview_service", "u0_i9000     99000 com.google.android.webview:sandboxed_process0:org.chromium.content.app.SandboxedProcessService0:0"]}
{"check":"while-home-heartbeat","result":{"url":"https://mui.kernelsu.org/index.html","socket":"webview_devtools_remote_9152","value":{"now":13179,"vis":"hidden"}}}
{"check":"lifecycle","result":{"url":"https://mui.kernelsu.org/index.html","socket":"webview_devtools_remote_9152","value":{"events":[{"type":"pageshow","t":738,"vis":"visible"},{"type":"visibilitychange","t":6762,"vis":"hidden"}],"gaps":[],"slow":{"heldMs":3003,"sentAt":1790843794122,"resolvedAt":1790843794139,"vis":"hidden"}}}}
{"check":"dev-url","result":{"error":"no page target","sockets":["webview_devtools_remote_9152"],"targets":[{"socket":"webview_devtools_remote_9152","port":9300,"description":"{\"attached\":true,\"empty\":false,\"height\":640,\"never_attached\":false,\"screenX\":0,\"screenY\":0,\"visible\":false,\"width\":320}","devtoolsFrontendUrl":"https://chrome-devtools-frontend.appspot.com/serve_internal_file/@7741f71cbce3b7dfe3eb5890976d2596364b0733/inspector.html?ws=127.0.0.1:9300/devtools/page/91BC77B0145039187B2FC0C3599BBE96","id":"91BC77B0145039187B2FC0C3599BBE96","title":"devicelab probe","type":"page","url":"https://mui.kernelsu.org/index.html","webSocketDebuggerUrl":"ws://127.0.0.1:9300/devtools/page/91BC77B0145039187B2FC0C3599BBE96"}]}}
Starting: Intent { cmp=com.dergoogler.mmrl.wx/.ui.activity.webui.WebUIActivity (has extras) }
Status: ok
Activity: com.dergoogler.mmrl.wx/.ui.activity.webui.WebUIActivity


https://mui.kernelsu.org/index.html
opened: intent
{"check":"targets","result":[{"type": "page", "url": "https://mui.kernelsu.org/index.html", "title": "Flutter Demo"}]}
{"check":"page","result":{"url":"https://mui.kernelsu.org/index.html","socket":"webview_devtools_remote_9947","value":{"href":"https://mui.kernelsu.org/index.html","title":"Flutter Demo","ready":"complete","flutter":true,"glass":true,"nav":{"dcl":510,"load":1911},"paint":{"first-paint":1340,"first-contentful-paint":4888},"glassAt":"present","firstFrame":null,"insets":"24px","vv":[320,640,1]}}}
{"check":"console-errors","result":["--------- beginning of main", "10-01 08:36:56.793  9947 10069 E chromium: [ERROR:simple_file_enumerator.cc(21)] opendir /data/user/0/com.dergoogler.mmrl.wx/cache/WebView/Default/HTTP Cache/Code Cache/wasm: No such file or directory (2)", "10-01 08:36:56.793  9947 10069 E chromium: [ERROR:simple_index_file.cc(614)] Could not reconstruct index from disk", "10-01 08:36:56.797  9947 10052 E chromium: [ERROR:simple_file_enumerator.cc(21)] opendir /data/user/0/com.dergoogler.mmrl.wx/cache/WebView/Default/HTTP Cache/Code Cache/js: No such file or directory (2)", "10-01 08:36:56.797  9947 10052 E chromium: [ERROR:simple_index_file.cc(614)] Could not reconstruct index from disk", "10-01 08:36:57.143 10053 10078 W chromium: [WARNING:runtime_features.cc(694)] SharedStorage for M118+ cannot be enabled in this configuration. Use --enable-features=SharedStorageAPI,SharedStorageAPIM118 in addition.", "10-01 08:36:57.692 10053 10078 I chromium: [INFO:viewport_data.cc(133)] E2E_Used ViewportFitCover", "10-01 08:36:57.947  9947  9947 I chromium: [INFO:CONSOLE(53)] \"Injecting <script> tag. Using callback.\", source:  (53)"]}
{"check":"first-frame-warm","result":{"url":"https://mui.kernelsu.org/index.html","socket":"webview_devtools_remote_9947","value":{"firstFrameMs":2093,"now":15052,"flutter":true,"resizes":[],"paint":{"first-paint":821,"first-contentful-paint":3455},"calls":[],"resources":[["/internal/insets.css",172,222,"link",0],["/flutter_webui.css",173,244,"link",0],["/flutter_webui.js",173,223,"script",0],["/internal/assets/ext/require.js",176,237,"script",0],["/flutter_bootstrap.js",176,247,"script",0],["/canvaskit/chromium/canvaskit.wasm",549,820,"fetch",0],["/canvaskit/chromium/canvaskit.js",549,598,"other",0],["/main.dart.js",553,711,"script",0],["/assets/FontManifest.json",1686,1754,"fetch",0],["/favicon.ico",1736,1770,"other",0],["/assets/fonts/MaterialIcons-Regular.otf",1759,1873,"fetch",0],["/assets/packages/cupertino_icons/assets/CupertinoIcons.ttf",1760,1801,"fetch",0],["/assets/fonts/fallback/Roboto-Regular.ttf",1760,1871,"fetch",0]],"fonts":[]}}}
{"check":"root-start","result":{"url":"https://mui.kernelsu.org/index.html","socket":"webview_devtools_remote_9947","value":{"code":0,"out":"","err":"","ms":181}}}
{"check":"session","result":{"url":"https://mui.kernelsu.org/index.html","socket":"webview_devtools_remote_9947","value":{"status":200,"ms":81,"protocol":1,"version":"0.1.0","port":41657,"pid":10191,"tokenLen":43}}}
{"check":"ws-hello","result":{"url":"https://mui.kernelsu.org/index.html","socket":"webview_devtools_remote_9947","value":{"first":"{\"op\":\"hello\",\"protocol\":1,\"version\":\"0.1.0\",\"pid\":10191,\"boot\":\"c9635ecf-fdb8-449d-889f-d39529c09b33\",\"uid\":0,\"moduleDir\":\"/data/adb/modules/flutter_webui_counter\"}"}}}
{"check":"channel-process","result":"USER           UID LABEL                            PID NAME                       \nroot             0 u:r:ksu:s0                     10191 ld-linux-x86-64.so.2\nexe=/data/adb/modules/flutter_webui_counter/flutter_webui/x86_64/ld-linux-x86-64.so.2\n/data/adb/modules/flutter_webui_counter/flutter_webui/x86_64/ld-linux-x86-64.so.2 --library-path /data/adb/modules/flutter_webui_counter/flutter_webui/x86_64 /data/adb/modules/flutter_webui_counter/flutter_webui/x86_64/dartaotruntime /data/adb/modules/flutter_webui_counter/flutter_webui/x86_64/flutter_webui_root.aot serve --module-dir /data/adb/modules/flutter_webui_counter \narm64-v8a\nroot\nx86_64\n/data/adb/modules/flutter_webui_counter/flutter_webui/arm64-v8a:\ndartaotruntime\nflutter_webui_root.aot\nld-linux-aarch64.so.1\nlibc.so.6\nlibdl.so.2\nlibm.so.6\nlibpthread.so.0\n\n/data/adb/modules/flutter_webui_counter/flutter_webui/x86_64:\ndartaotruntime\nflutter_webui_root.aot\nld-linux-x86-64.so.2\nlibc.so.6\nlibdl.so.2\nlibm.so.6\nlibpthread.so.0"}
{"check":"root-log","result":"2026-10-01T08:37:30.685541 listening on 127.0.0.1:41657"}
{"check":"session-mode","result":"total 44\ndrwx--x--x 3 root root 4096 2026-10-01 08:37 .\ndrwxr-xr-x 7 root root 4096 2026-10-01 08:37 ..\n-rw------- 1 root root    0 2026-10-01 08:37 lock\ndrwx------ 2 root root 4096 2026-10-01 08:37 proc\n-rw------- 1 root root   56 2026-10-01 08:37 root.log\n-rw-r--r-- 1 root root  197 2026-10-01 08:37 session.json"}
{"check":"home-resume","result":{"url":"https://mui.kernelsu.org/index.html","socket":"webview_devtools_remote_9947","value":{"events":[["visibilitychange","hidden",16722],["visibilitychange","visible",23933]],"ticks":13,"vis":"visible","hasFocus":false}}}
{"check":"back-events","result":{"url":"https://mui.kernelsu.org/index.html","socket":"webview_devtools_remote_9947","value":{"bk":[["message","{\"type\":\"WX_ON_BACK\"}",27489]],"vis":"visible"}}}
{"check":"back-at-root","result":"topResumedActivity=ActivityRecord{5c2b5df u0 com.dergoogler.mmrl.wx/.ui.activity.webui.WebUIActivity t14}"}
Starting: Intent { cmp=com.dergoogler.mmrl.wx/.ui.activity.webui.WebUIActivity (has extras) }
Status: ok
Activity: com.dergoogler.mmrl.wx/.ui.activity.webui.WebUIActivity

https://mui.kernelsu.org/index.html
opened: intent
{"check":"targets","result":[{"type": "page", "url": "https://mui.kernelsu.org/index.html", "title": "Flutter Demo"}]}
{"check":"page","result":{"url":"https://mui.kernelsu.org/index.html","socket":"webview_devtools_remote_10309","value":{"href":"https://mui.kernelsu.org/index.html","title":"Flutter Demo","ready":"complete","flutter":true,"glass":true,"nav":{"dcl":269,"load":1004},"paint":{"first-paint":2862,"first-contentful-paint":2862},"glassAt":"present","firstFrame":null,"insets":"24px","vv":[320,640,1]}}}
{"check":"console-errors","result":["--------- beginning of main", "10-01 08:37:49.062 10309 10402 I chromium: [1001/083749.052624:INFO:variations_seed_loader.cc(66)] Failed to open file for reading.: No such file or directory (2)", "10-01 08:37:49.288 10309 10410 E chromium: [ERROR:simple_file_enumerator.cc(21)] opendir /data/user/0/com.dergoogler.mmrl.wx/cache/WebView/Default/HTTP Cache/Code Cache/js: No such file or directory (2)", "10-01 08:37:49.288 10309 10410 E chromium: [ERROR:simple_index_file.cc(614)] Could not reconstruct index from disk", "10-01 08:37:49.607 10406 10433 W chromium: [WARNING:runtime_features.cc(694)] SharedStorage for M118+ cannot be enabled in this configuration. Use --enable-features=SharedStorageAPI,SharedStorageAPIM118 in addition.", "10-01 08:37:50.310 10309 10309 I chromium: [INFO:CONSOLE(53)] \"Injecting <script> tag. Using callback.\", source:  (53)"]}
{"check":"first-frame-warm","result":{"url":"https://mui.kernelsu.org/index.html","socket":"webview_devtools_remote_10309","value":{"firstFrameMs":1109,"now":15035,"flutter":true,"resizes":[],"paint":{"first-paint":1809,"first-contentful-paint":1809},"calls":[],"resources":[["/flutter_bootstrap.js",161,240,"script",0],["/internal/assets/ext/require.js",168,231,"script",0],["/canvaskit/chromium/canvaskit.wasm",317,438,"fetch",0],["/canvaskit/chromium/canvaskit.js",319,348,"other",0],["/main.dart.js",323,438,"script",0],["/assets/FontManifest.json",827,895,"fetch",0],["/favicon.png",872,987,"other",0],["/assets/fonts/MaterialIcons-Regular.otf",904,934,"fetch",0],["/assets/packages/cupertino_icons/assets/CupertinoIcons.ttf",906,989,"fetch",0],["/assets/fonts/fallback/Roboto-Regular.ttf",907,987,"fetch",0],["/favicon.png",1111,1790,"other",0]],"fonts":[]}}}
Starting: Intent { cmp=com.dergoogler.mmrl.wx/.ui.activity.webui.WebUIActivity (has extras) }
Status: ok
Activity: com.dergoogler.mmrl.wx/.ui.activity.webui.WebUIActivity

https://mui.kernelsu.org/index.html
opened: intent
{"check":"targets","result":[{"type": "page", "url": "https://mui.kernelsu.org/index.html", "title": "Demo"}]}
{"check":"page","result":{"url":"https://mui.kernelsu.org/index.html","socket":"webview_devtools_remote_10536","value":{"href":"https://mui.kernelsu.org/index.html","title":"Demo","ready":"complete","flutter":true,"glass":true,"nav":{"dcl":219,"load":2171},"paint":{"first-paint":1448},"glassAt":"present","firstFrame":null,"insets":"24px","vv":[320,640,1]}}}
{"check":"console-errors","result":["--------- beginning of main", "10-01 08:38:25.351 10536 10634 I chromium: [1001/083825.340179:INFO:variations_seed_loader.cc(66)] Failed to open file for reading.: No such file or directory (2)", "10-01 08:38:25.888 10640 10670 W chromium: [WARNING:runtime_features.cc(694)] SharedStorage for M118+ cannot be enabled in this configuration. Use --enable-features=SharedStorageAPI,SharedStorageAPIM118 in addition.", "10-01 08:38:26.296 10640 10670 I chromium: [INFO:viewport_data.cc(133)] E2E_Used ViewportFitCover", "10-01 08:38:26.532 10536 10536 I chromium: [INFO:CONSOLE(53)] \"Injecting <script> tag. Using callback.\", source:  (53)", "10-01 08:38:28.726 10536 10536 I chromium: [INFO:CONSOLE(7239)] \"Uncaught (in promise) Error: Error: Java exception was raised during method invocation", "10-01 08:38:28.726 10536 10536 I chromium: ", "10-01 08:38:28.726 10536 10536 I chromium: Dart stack trace:", "10-01 08:38:28.726 10536 10536 I chromium: Error: Java exception was raised during method invocation", "10-01 08:38:28.726 10536 10536 I chromium:     at Object.Ag (https://mui.kernelsu.org/main.dart.js:26228:18)", "10-01 08:38:28.726 10536 10536 I chromium:     at a6S.Z5 (https://mui.kernelsu.org/main.dart.js:89702:27)", "10-01 08:38:28.726 10536 10536 I chromium:     at Object.ak2 (https://mui.kernelsu.org/main.dart.js:26061:25)", "10-01 08:38:28.726 10536 10536 I chromium:     at https://mui.kernelsu.org/main.dart.js:98693:22", "10-01 08:38:28.726 10536 10536 I chromium:     at a.<computed> [as J2] (https://mui.kernelsu.org/main.dart.js:24:36)", "10-01 08:38:28.726 10536 10536 I chromium:     at Object.aYj (https://mui.kernelsu.org/main.dart.js:28185:34)", "10-01 08:38:28.726 10536 10536 I chromium:     at axy.$0 (https://mui.kernelsu.org/main.dart.js:92453:15)", "10-01 08:38:28.726 10536 10536 I chromium:     at https://mui.kernelsu.org/main.dart.js:44011:12", "10-01 08:38:28.726 10536 10536 I chromium:     at awR.a (https://mui.kernelsu.org/main.dart.js:5156:63)", "10-01 08:38:28.726 10536 10536 I chromium:     at awR.$2 (https://mui.kernelsu.org/main.dart.js:39464:14)\", source: https://mui.kernelsu.org/main.dart.js (7239)"]}
{"check":"first-frame-warm","result":{"url":"https://mui.kernelsu.org/index.html","socket":"webview_devtools_remote_10536","value":{"firstFrameMs":null,"now":32692,"flutter":true,"paint":{"first-paint":1448},"resources":[["/internal/insets.css",144,193,"link",0],["/flutter_webui.css",145,197,"link",0],["/flutter_webui.js",145,201,"script",0],["/flutter_bootstrap.js",145,228,"script",0],["/internal/assets/ext/require.js",145,201,"script",0],["/canvaskit/chromium/canvaskit.wasm",385,608,"fetch",0],["/canvaskit/chromium/canvaskit.js",392,417,"other",0],["/main.dart.js",398,484,"script",0],["/assets/FontManifest.json",2121,2236,"fetch",0],["/favicon.ico",2176,2195,"other",0],["/assets/fonts/MaterialIcons-Regular.otf",2246,2311,"fetch",0],["/assets/fonts/fallback/Roboto-Regular.ttf",2251,2312,"fetch",0]],"fonts":[]}}}
{"url":"https://mui.kernelsu.org/index.html","socket":"webview_devtools_remote_10536","value":"semantics on"}
{"check":"home","result":{"url":"https://mui.kernelsu.org/index.html","socket":"webview_devtools_remote_10536","value":[]}}
{"check":"tap-places","result":{"url":"https://mui.kernelsu.org/index.html","socket":"webview_devtools_remote_10536","value":"no Places"}}
{"check":"places","result":{"url":"https://mui.kernelsu.org/index.html","socket":"webview_devtools_remote_10536","value":[]}}
{"check":"tap-strategy","result":{"url":"https://mui.kernelsu.org/index.html","socket":"webview_devtools_remote_10536","value":"no Strategy"}}
{"check":"strategy","result":{"url":"https://mui.kernelsu.org/index.html","socket":"webview_devtools_remote_10536","value":[]}}
{"check":"tap-lifecycle","result":{"url":"https://mui.kernelsu.org/index.html","socket":"webview_devtools_remote_10536","value":"no Lifecycle"}}
{"check":"tap-root-process","result":{"url":"https://mui.kernelsu.org/index.html","socket":"webview_devtools_remote_10536","value":"no root process"}}
{"check":"tap-start","result":{"url":"https://mui.kernelsu.org/index.html","socket":"webview_devtools_remote_10536","value":"no Start"}}
{"check":"lifecycle-running","result":{"url":"https://mui.kernelsu.org/index.html","socket":"webview_devtools_remote_10536","value":[]}}
{"check":"lifecycle-after-home","result":{"url":"https://mui.kernelsu.org/index.html","socket":"webview_devtools_remote_10536","value":[]}}
{"check":"root-process","result":""}
