10-03 04:10:21.261   805   811 D AERA UI : touch released at 619,1269
10-03 04:10:23.010   805   811 D AERA UI : touch released at 611,1269
10-03 04:10:24.698   805   811 D AERA UI : touch released at 605,1269
10-03 04:10:26.450   805   811 D AERA UI : touch released at 611,1261
10-03 04:10:28.215   805   811 D AERA UI : touch released at 605,1269
10-03 04:10:30.081   805   811 D AERA UI : touch released at 613,1265
10-03 04:10:31.537   805   811 D AERA UI : touch released at 617,1265
10-03 04:10:35.143   805   811 D AERA UI : touch released at 639,1299
10-03 04:10:40.994   805   811 D AERA UI : touch released at 643,1301
10-03 04:10:44.763   805   811 D AERA UI : touch released at 359,1039
10-03 04:10:55.929   805   811 D AERA UI : touch released at 359,1039
10-03 04:19:40.268   805   811 D AERA UI : touch released at 360,263
10-03 04:19:49.987   805   811 D AERA UI : touch released at 360,460
10-03 04:19:59.727   805   811 D AERA UI : touch released at 360,657
10-03 04:20:09.521   805   811 D AERA UI : touch released at 360,854
10-03 04:22:25.117   805   811 D AERA UI : touch released at 360,1000
10-03 04:22:26.337   805   811 D AERA UI : touch released at 350,1012
10-03 04:22:30.120   805   811 D AERA UI : touch released at 360,1040
10-03 04:22:39.259   805   811 D AERA UI : touch released at 360,790
10-03 04:24:29.603   805   811 D AERA UI : touch released at 360,1040
10-03 04:24:36.963   805   811 D AERA UI : touch released at 360,790
10-03 04:25:17.342   805   811 D AERA UI : touch released at 361,791
10-03 04:25:55.173   805   811 D AERA UI : touch released at 354,1007
10-03 04:25:58.667   805   811 D AERA UI : touch released at 354,1007
10-03 04:26:02.102   805   811 D AERA UI : touch released at 354,1007
10-03 04:26:09.783   805   811 D AERA UI : touch released at 378,660
10-03 04:26:17.382   805   811 D AERA UI : touch released at 378,660
10-03 04:26:24.991   805   811 D AERA UI : touch released at 378,660
10-03 04:27:03.419   805   811 D AERA UI : touch released at 360,1000
10-03 04:27:04.645   805   811 D AERA UI : touch released at 352,1010
10-03 04:27:24.876   805   811 I AERA UI : left-edge Back gesture accepted
10-03 04:27:24.876   805   811 D AERA UI : touch released at 228,706
10-03 04:27:35.777  4590  4596 I AERA UI : AERA Recovery Project native engine active; hardware Back and edge swipe use navigation history
10-03 04:28:11.159  4590  4596 D AERA UI : touch released at 360,1000
10-03 04:28:12.359  4590  4596 D AERA UI : touch released at 352,1010
10-03 04:28:32.614  4590  4596 I AERA UI : left-edge Back gesture accepted
10-03 04:28:32.614  4590  4596 D AERA UI : touch released at 228,706
10-03 04:28:43.674  5099  5105 I AERA UI : AERA Recovery Project native engine active; hardware Back and edge swipe use navigation history
