10-02 05:45:43.220    91   110 I AERA UI : AERA Recovery Project native engine active; hardware Back and edge swipe use navigation history
10-02 05:46:38.503    91   110 D AERA UI : touch released at 619,1277
10-02 05:46:42.188    91   110 D AERA UI : touch released at 609,1285
10-02 05:46:45.827    91   110 D AERA UI : touch released at 679,1277
10-02 05:46:49.429    91   110 D AERA UI : touch released at 673,1285
10-02 05:46:56.213    91   110 D AERA UI : touch released at 620,1278
10-02 05:57:16.305    91   110 D AERA UI : touch released at 360,263
10-02 05:57:25.862    91   110 D AERA UI : touch released at 360,460
10-02 05:57:35.541    91   110 D AERA UI : touch released at 360,657
10-02 05:57:45.222    91   110 D AERA UI : touch released at 360,854
10-02 06:00:29.084    91   110 D AERA UI : touch released at 360,1000
10-02 06:00:30.291    91   110 D AERA UI : touch released at 350,1012
10-02 06:00:34.027    91   110 D AERA UI : touch released at 360,1040
10-02 06:00:43.770  1681  1687 I AERA UI : AERA Recovery Project native engine active; hardware Back and edge swipe use navigation history
10-02 06:02:28.035  1681  1687 D AERA UI : touch released at 360,1040
10-02 06:02:36.034  2349  2355 I AERA UI : AERA Recovery Project native engine active; hardware Back and edge swipe use navigation history
10-02 06:03:26.323  2349  2355 D AERA UI : touch released at -1,65535
10-02 06:03:31.027  2495  2501 I AERA UI : AERA Recovery Project native engine active; hardware Back and edge swipe use navigation history
10-02 06:04:36.915  2495  2501 D AERA UI : touch released at 354,1007
10-02 06:04:40.363  2495  2501 D AERA UI : touch released at 354,1007
10-02 06:04:43.736  2495  2501 D AERA UI : touch released at 354,1007
10-02 06:04:51.517  2495  2501 D AERA UI : touch released at 378,660
10-02 06:04:59.106  2495  2501 D AERA UI : touch released at 378,660
10-02 06:05:06.650  2495  2501 D AERA UI : touch released at 378,660
10-02 06:05:43.394  2495  2501 D AERA UI : touch released at 360,1000
10-02 06:05:44.601  2495  2501 D AERA UI : touch released at 352,1010
10-02 06:06:05.402  2495  2501 I AERA UI : left-edge Back gesture accepted
10-02 06:06:05.402  2495  2501 D AERA UI : touch released at 228,706
10-02 06:06:50.014  2495  2501 D AERA UI : touch released at 360,1000
10-02 06:06:51.233  2495  2501 D AERA UI : touch released at 352,1010
10-02 06:07:12.282  2495  2501 I AERA UI : left-edge Back gesture accepted
10-02 06:07:12.282  2495  2501 D AERA UI : touch released at 228,706
