yes: standard output: Broken pipe
Auto-selecting single ABI x86_64
Do you wish to create a custom hardware profile? [no] lab.avd
lab.ini
emulator Android emulator version 37.2.12.0 (build_id 16428233) (CL:N/A)
* daemon not running; starting now at tcp:5037
* daemon started successfully
booted in 56s: google/sdk_gphone64_x86_64/emu64xa:15/AE3A.240806.043/12960925:userdebug/dev-keys
kernel 6.6.50-android15-8-g8adecb593e9b-ab12525588 -> kmi android15-6.6; KernelSU-Next/KernelSU-Next v3.4.0
total 28968
drwx------  2 runner runner     4096 Oct  1 18:00 .
drwxrwxrwt 16 root   root       4096 Oct  1 18:00 ..
-rw-r--r--  1 runner runner 11859167 Oct  1 18:00 KernelSU_Next_v3.4.0-spoofed_33294-release.apk
-rw-r--r--  1 runner runner 11857955 Oct  1 18:00 KernelSU_Next_v3.4.0_33294-release.apk
-rw-r--r--  1 runner runner  5583488 Oct  1 18:00 ksud-x86_64-linux-android
-rw-r--r--  1 runner runner   342200 Oct  1 18:00 x86_64-android15-6.6_kernelsu.ko
== manager installed (com.rifsxd.ksunext, KernelSU_Next_v3.4.0_33294-release.apk)
/tmp/tmp.ekktcTqQfg/x86_64-android15-6.6_kernelsu.ko: 1 file pushed, 0 skipped. 8.3 MB/s (342200 bytes in 0.040s)
/tmp/tmp.ekktcTqQfg/ksud-x86_64-linux-android: 1 file pushed, 0 skipped. 67.6 MB/s (5583488 bytes in 0.079s)
== ksud: ksud 3.4.0 (uapi: 4)
== ksud late-load: rc=0
== ksud insmod /data/adb/kernelsu.ko: Loaded kernel module: /data/adb/kernelsu.ko
rc=0
kernelsu              258048  0 
== lsmod: kernelsu              258048  0 
aarch64-android12-5.10_kernelsu.ko
aarch64-android13-5.10_kernelsu.ko
aarch64-android13-5.15_kernelsu.ko
aarch64-android14-5.15_kernelsu.ko
aarch64-android14-6.1_kernelsu.ko
aarch64-android15-6.6_kernelsu.ko
aarch64-android16-6.12_kernelsu.ko
aarch64-android17-6.18_kernelsu.ko
KernelSU_Next_v3.4.0-spoofed_33294-release.apk
KernelSU_Next_v3.4.0_33294-release.apk
ksud-aarch64-apple-darwin
ksud-aarch64-linux-android
ksud-aarch64-unknown-linux-musl
ksud-x86_64-apple-darwin
ksud-x86_64-linux-android
ksud-x86_64-unknown-linux-musl
x86_64-android12-5.10_kernelsu.ko
x86_64-android13-5.10_kernelsu.ko
x86_64-android13-5.15_kernelsu.ko
x86_64-android14-5.15_kernelsu.ko
x86_64-android14-6.1_kernelsu.ko
x86_64-android15-6.6_kernelsu.ko
x86_64-android16-6.12_kernelsu.ko
x86_64-android17-6.18_kernelsu.ko
== no metamodule asset in KernelSU-Next/KernelSU-Next v3.4.0
/home/runner/work/devicelab/devicelab/modules/probe/./: 2 files pushed, 0 skipped. 0.0 MB/s (1474 bytes in 0.046s)
== modules: [
  {
    "enabled": "true",
    "action": "false",
    "update": "false",
    "version": "1",
    "versionCode": "1",
    "name": "devicelab probe",
    "id": "devicelab_probe",
    "remove": "false",
    "description": "Observation module for devicelab. Its WebUI page is driven over DevTools.",
    "web": "true",
    "author": "p0g-stack",
    "mount": "false"
  }
]
SELinux: Loaded file context from:
		/system/etc/selinux/plat_file_contexts
		/system_ext/etc/selinux/system_ext_file_contexts
		/vendor/etc/selinux/vendor_file_contexts
ERROR: null root node returned by UiTestAutomationBridge.
cat: /data/local/tmp/ui.xml: No such file or directory
== home text: 
== manager activities: com.rifsxd.ksunext/.FlashModule com.rifsxd.ksunext/.ui.MainActivity com.rifsxd.ksunext/androidx.core.content.FileProvider com.rifsxd.ksunext/androidx.profileinstaller.ProfileInstallReceiver com.rifsxd.ksunext/androidx.startup.InitializationProvider 
WebUI-X-v438-release-official.apk
WebUI-X-v438-release-spoofed.apk
== downloaded MMRLApp/WebUI-X-Portable v438 WebUI-X-v438-release-official.apk
Success
== installed com.dergoogler.mmrl.wx uid=10210     versionName=v438-release
== activities: com.dergoogler.mmrl.wx/.ui.activity.CrashHandlerActivity com.dergoogler.mmrl.wx/.ui.activity.MainActivity com.dergoogler.mmrl.wx/.ui.activity.modconf.ModConfActivity com.dergoogler.mmrl.wx/.ui.activity.webui.KsuWebUIActivity com.dergoogler.mmrl.wx/.ui.activity.webui.WebUIActivity com.dergoogler.mmrl.wx/.util.NonRootService com.dergoogler.mmrl.wx/androidx.core.content.FileProvider com.dergoogler.mmrl.wx/androidx.profileinstaller.ProfileInstallReceiver com.dergoogler.mmrl.wx/androidx.startup.InitializationProvider com.dergoogler.mmrl.wx/androidx.work.impl.background.systemalarm.ConstraintProxy com.dergoogler.mmrl.wx/androidx.work.impl.background.systemalarm.ConstraintProxyUpdateReceiver com.dergoogler.mmrl.wx/androidx.work.impl.background.systemalarm.RescheduleReceiver com.dergoogler.mmrl.wx/androidx.work.impl.diagnostics.DiagnosticsReceiver 
ui: tapped 'Superuser' at 84,260
ui: tapped 160,152
ui: no node with 'com.dergoogler.mmrl.wx'
== ksud feature list: Available Features: ================================================================================ [ENABLED (1)] su_compat (ID=0)     SU Compatibility Mode - allows authorized apps to gain root via traditional 'su' command  [ENABLED (1)] kernel_umount (ID=1)     Kernel Umount - controls whether kernel automatically unmounts modules when not needed  [DISABLED] sulog (ID=2)     SU Log - streams kernel sulog events to userspace and persists them to disk  [DISABLED] adb_root (ID=3)     ADB Root - Enable adbd root  [DISABLED] selinux_hide (ID=4)     SELinux Hide - sanitize /sys/fs/selinux access results for app UIDs  [ENABLED (1)] avc_spoof (ID=10003)     AVC Spoof - fix selinux context leak due to avc denial  
== su_compat: Feature: su_compat (0) Description: SU Compatibility Mode - allows authorized apps to gain root via traditional 'su' command Value: 1 Status: enabled 
== root grant: no; su as app uid 10210: su: failed to exec /system/bin/su: No such file or directory
ui: tapped 'KernelSU' at 160,265
[40,165][280,221] Magisk
[40,309][280,389] KernelSU Next
[40,405][280,461] APatch
[40,477][280,557] SukiSU Ultra
[40,573][280,629] Non-Root
[40,644][280,692] Continue with KernelSU
ui: tapped 'Continue with KernelSU' at 160,668
[220,32][268,80] 
[268,32][316,80] 
[164,796][320,876] Settings
ui: no node with 'Continue with KernelSU'
ui: no node with 'Next'
ui: no node with 'Continue'
ui: no node with 'Grant'
ui: no node with 'Allow'
ui: no node with 'Get started'
ui: no node with 'Done'
ui: no node with 'OK'
ui: no node with 'Finish'
[220,32][268,80] 
[268,32][316,80] 
[164,796][320,876] Settings
ui: no node with 'Continue with KernelSU'
ui: no node with 'Next'
ui: no node with 'Continue'
ui: no node with 'Grant'
ui: no node with 'Allow'
ui: no node with 'Get started'
ui: no node with 'Done'
ui: no node with 'OK'
ui: no node with 'Finish'
[220,32][268,80] 
[268,32][316,80] 
[164,796][320,876] Settings
== WebUI X platform after onboarding: preferences.pb 
== devtools sockets: 
inputs/modules/flutter_webui_counter-0.1.5.zip: 1 file pushed, 0 skipped. 251.5 MB/s (21434766 bytes in 0.081s)
== install flutter_webui_counter-0.1.5.zip
  inflating: webroot/fonts/notocoloremoji/v32/Yq6P-KqIXTD0t4D9z1ESnKM3-HpFabsE4tq3luCC7p-aXxcn.3.woff2
  inflating: webroot/fonts/notocoloremoji/v32/Yq6P-KqIXTD0t4D9z1ESnKM3-HpFabsE4tq3luCC7p-aXxcn.8.woff2
  inflating: webroot/fonts/notocoloremoji/v32/Yq6P-KqIXTD0t4D9z1ESnKM3-HpFabsE4tq3luCC7p-aXxcn.2.woff2
   creating: webroot/fonts/notosansmath/
   creating: webroot/fonts/notosansmath/v15/
  inflating: webroot/fonts/notosansmath/v15/7Aump_cpkSecTWaHRlH2hyV5UHkD-V048PW0.woff2
   creating: webroot/fonts/roboto/
   creating: webroot/fonts/roboto/v32/
  inflating: webroot/fonts/roboto/v32/KFOmCnqEu92Fr1Me4GZLCzYlKw.woff2
  inflating: webroot/.last_build_id
  inflating: webroot/config.json
  inflating: webroot/flutter_webui.js
  inflating: customize.sh
- Done
- Module installed successfully!
inputs/modules/counter-v1.0.0.zip: 1 file pushed, 0 skipped. 319.5 MB/s (6582359 bytes in 0.020s)
== install counter-v1.0.0.zip
  inflating: webroot/canvaskit/chromium/canvaskit.wasm
  inflating: webroot/config.json
  inflating: webroot/favicon.png
  inflating: webroot/flutter.js
  inflating: webroot/flutter_bootstrap.js
  inflating: webroot/icons/Icon-192.png
  inflating: webroot/icons/Icon-512.png
  inflating: webroot/icons/Icon-maskable-192.png
  inflating: webroot/icons/Icon-maskable-512.png
  inflating: webroot/index.html
  inflating: webroot/main.dart.js
  inflating: webroot/manifest.json
  inflating: webroot/version.json
- Done
- Module installed successfully!
inputs/modules/demo.zip: 1 file pushed, 0 skipped. 261.2 MB/s (24330146 bytes in 0.089s)
== install demo.zip
  inflating: webroot/icons/Icon-512.png
  inflating: webroot/icons/Icon-maskable-192.png
  inflating: webroot/icons/Icon-maskable-512.png
  inflating: webroot/index.html
  inflating: webroot/main.dart.js
  inflating: webroot/manifest.json
  inflating: webroot/pkg/.gitignore
  inflating: webroot/pkg/demo_native.js
  inflating: webroot/pkg/demo_native_bg.wasm
  inflating: webroot/pkg/package.json
  inflating: webroot/version.json
  inflating: webroot/workers/demo_service.web.g.dart.js
  inflating: webroot/workers/hello_service.web.g.dart.js
- Done
- Module installed successfully!
== soft-reboot: 
== after soft-reboot (62s): [
  {
    "remove": "false",
    "update": "false",
    "author": "p0g-stack",
    "mount": "false",
    "action": "false",
    "web": "true",
    "name": "devicelab probe",
    "version": "1",
    "id": "devicelab_probe",
    "versionCode": "1",
    "description": "Observation module for devicelab. Its WebUI page is driven over DevTools.",
    "enabled": "true"
  },
  {
    "remove": "false",
    "name": "flutter-webui Counter",
    "author": "p0g-stack",
    "enabled": "true",
    "web": "true",
    "description": "Stock Flutter counter app on flutter-webui (devicelab bring-up build).",
    "version": "0.1.5",
    "id": "flutter_webui_counter",
    "mount": "false",
    "versionCode": "6",
    "update": "false",
    "action": "false"
  },
  {
    "author": "Yuv",
    "action": "false",
    "name": "Counter",
    "enabled": "true",
    "update": "false",
    "description": "A new Flutter project.",
    "remove": "false",
    "id": "counter",
    "web": "true",
    "mount": "false",
    "version": "v1.0.0",
    "versionCode": "1"
  },
  {
    "version": "v0.1.28",
    "action": "false",
    "web": "true",
    "enabled": "true",
    "mount": "false",
    "id": "demo",
    "remove": "false",
    "updateJson": "https://github.com/p0g-stack/demo/releases/latest/download/update.json",
    "update": "false",
    "author": "",
    "description": "The demo GUI. Flutter on top of the core.",
    "name": "Demo",
    "versionCode": "28"
  }
]
total 48
drwxrwxrwx 6 root root 4096 2026-10-01 18:05 .
drwx------ 5 root root 4096 2026-10-01 18:05 ..
drwxr-xr-x 3 root root 4096 2026-10-01 18:05 counter
drwxr-xr-x 5 root root 4096 2026-10-01 18:05 demo
drwxr-xr-x 3 root root 4096 2026-10-01 18:00 devicelab_probe
drwxr-xr-x 4 root root 4096 2026-10-01 18:05 flutter_webui_counter
/home/runner/work/devicelab/devicelab/out/labserver: 1 file pushed, 0 skipped. 39.1 MB/s (7843260 bytes in 0.191s)
Starting: Intent { cmp=com.dergoogler.mmrl.wx/.ui.activity.webui.WebUIActivity (has extras) }
Status: ok
Activity: com.dergoogler.mmrl.wx/.ui.activity.webui.WebUIActivity








Status: ok








Segmentation fault 
intent path: no page; manager log:
ui: dismissed ANR dialog
ui: no node with 'Module'
ui: tapped 'Modules' at 77,592
ui: tapped 160,152
ui: no node with 'Clean'
ui: no node with 'Clean'
ui: no node with 'Clean'
[4,32][52,80] 
[56,28][264,84] obedevicelab probedevicelab probe
[268,32][316,80] 
[164,301][320,381] Settings
ui: no node with 'Open'












[4,32][52,80] 
[56,28][264,84] obedevicelab probedevicelab probe
[268,32][316,80] 
[164,301][320,381] Settings
opened: none
{"check":"targets","result":[]}
{"check":"globals","result":{"error":"no page target","sockets":[],"targets":[]}}
{"check":"ksu-exec","result":{"error":"no page target","sockets":[],"targets":[]}}
{"check":"ws-loopback","result":{"error":"no page target","sockets":[],"targets":[]}}
{"check":"fetch-loopback","result":{"error":"no page target","sockets":[],"targets":[]}}
{"check":"webview-uid","result":["webview_zygote 1053 webview_zygote", "u0_a210      10210 com.dergoogler.mmrl.wx"]}
{"check":"while-home-heartbeat","result":{"error":"no page target","sockets":[],"targets":[]}}
{"check":"lifecycle","result":{"error":"no page target","sockets":[],"targets":[]}}
{"check":"dev-url","result":{"error":"no page target","sockets":[],"targets":[]}}
Starting: Intent { cmp=com.dergoogler.mmrl.wx/.ui.activity.webui.WebUIActivity (has extras) }
Status: ok
Activity: com.dergoogler.mmrl.wx/.ui.activity.webui.WebUIActivity








Status: ok








Segmentation fault 
intent path: no page; manager log:
10-01 18:09:42.431 10350 10368 D WM-ForceStopRunnable: Application was force-stopped, rescheduling.
10-01 18:09:42.443 10350 10350 D PlatformManager: Starting synchronous initialization.
10-01 18:09:42.452 10350 10350 D PlatformManager: Attempting to get service from provider: RootProvider
10-01 18:09:42.459 10350 10370 D WM-PackageManagerHelper: Skipping component enablement for androidx.work.impl.background.systemalarm.RescheduleReceiver
10-01 18:09:42.514 10350 10350 D PlatformManager: Provider RootProvider is available and authorized. Getting service.
10-01 18:09:42.525 10350 10350 D PlatformManager: Binding to provider: RootProvider
10-01 18:09:47.675 10350 10392 D ProfileInstaller: Skipping profile installation for com.dergoogler.mmrl.wx
10-01 18:09:52.193 10350 10350 D PlatformManager: Starting synchronous initialization.
10-01 18:09:52.195 10350 10350 D PlatformManager: Attempting to get service from provider: RootProvider
10-01 18:09:52.195 10350 10350 D PlatformManager: Provider RootProvider is available and authorized. Getting service.
10-01 18:09:52.195 10350 10350 D PlatformManager: Binding to provider: RootProvider
10-01 18:09:57.521 10350 10350 D PlatformManager: Coroutine cancelled, unbinding from provider: RootProvider
10-01 18:09:57.522 10350 10350 E PlatformManager: Failed to init service manager (synchronous)
10-01 18:09:57.522 10350 10350 E PlatformManager: kotlinx.coroutines.TimeoutCancellationException: Timed out waiting for 15000 ms
10-01 18:09:57.522 10350 10350 E PlatformManager: 	at kotlinx.coroutines.TimeoutKt.TimeoutCancellationException(Timeout.kt:188)
10-01 18:09:57.522 10350 10350 E PlatformManager: 	at kotlinx.coroutines.TimeoutCoroutine.run(Timeout.kt:156)
10-01 18:09:57.522 10350 10350 E PlatformManager: 	at android.os.Handler.handleCallback(Handler.java:959)
10-01 18:09:57.522 10350 10350 E PlatformManager: 	at android.os.Handler.dispatchMessage(Handler.java:100)
10-01 18:09:57.522 10350 10350 E PlatformManager: 	at android.os.Looper.loopOnce(Looper.java:232)
10-01 18:09:57.522 10350 10350 E PlatformManager: 	at android.os.Looper.loop(Looper.java:317)
10-01 18:09:57.522 10350 10350 E PlatformManager: 	at android.app.ActivityThread.main(ActivityThread.java:8705)
10-01 18:09:57.522 10350 10350 E PlatformManager: 	at java.lang.reflect.Method.invoke(Native Method)
10-01 18:09:57.522 10350 10350 E PlatformManager: 	at com.android.internal.os.RuntimeInit$MethodAndArgsCaller.run(RuntimeInit.java:580)
10-01 18:09:57.522 10350 10350 E PlatformManager: 	at com.android.internal.os.ZygoteInit.main(ZygoteInit.java:886)
10-01 18:09:57.522 10350 10350 D PlatformManager: State updated. isAlive: false
ui: no node with 'Module'
ui: tapped 'Modules' at 77,592
ui: tapped 160,152
ui: no node with 'Clean'
ui: no node with 'Clean'
ui: no node with 'Clean'
[4,32][52,80] 
[56,28][264,84] ounterflutter-webui Counterflutter-webui Counter
[268,32][316,80] 
[164,301][320,381] Settings
ui: no node with 'Open'












[4,32][52,80] 
[56,28][264,84] ounterflutter-webui Counterflutter-webui Counter
[268,32][316,80] 
[164,301][320,381] Settings
opened: none
{"check":"targets","result":[]}
{"check":"page","result":{"error":"no page target","sockets":[],"targets":[]}}
{"check":"java-exceptions","result":["10-01 18:11:17.816 10350 10464 D EGL_emulation: app_time_stats: avg=500.20ms min=500.05ms max=500.36ms count=2", "10-01 18:11:18.013 10812 10812 D AndroidRuntime: >>>>>> START com.android.internal.os.RuntimeInit uid 0 <<<<<<", "--", "10-01 18:11:19.177  7353  8130 I ChimeraSrvcProxy: NullBinder for android.net.action.RECOMMEND_NETWORKS triggering remote TransactionTooLargeException due to Service without Chimera impl", "10-01 18:11:19.177  7353  8130 W .gms.persistent: Large reply transaction of 1056768 bytes, interface descriptor , code 1", "10-01 18:11:19.177  7718  8216 I BugleRcsEngine: handleMessage processing message:[NOTIFY_UPTIME_IGNORE_STATE_CHANGED] with [non-null]:RcsEngineImpl reference [CONTEXT log_prefix=\"RcsEngineImpl[DUAL_REG]:[d0c4e0e6-4168]>Handler\" thread_id=65 ]", "10-01 18:11:19.195  7225  7372 W BtGatt.ScanManager: Moving filtered scan client to downgraded scan (scannerId 1)", "10-01 18:11:19.197  7225  7372 I bt_shim_scanner: system/main/shim/le_scanning_manager.cc:179 Scan: in shim layer stopped", "10-01 18:11:19.197  7225  7309 I bluetooth: system/gd/hci/le_address_manager.cc:244 unregister_client: Client unregistered", "10-01 18:11:19.198  7225  7372 I bt_shim_scanner: system/main/shim/le_scanning_manager.cc:361 SetScanParameters: in shim layer", "10-01 18:11:19.198  7225  7372 I bt_shim_scanner: system/main/shim/le_scanning_manager.cc:179 Scan: in shim layer started", "10-01 18:11:19.198  7225  7309 I bluetooth: system/gd/hci/le_address_manager.cc:248 unregister_client: Cancelled address rotation alarm", "10-01 18:11:19.199  7225  7309 I bluetooth: system/gd/hci/le_scanning_manager.cc:636 stop_scan: Scanning already stopped, return!", "10-01 18:11:19.199  7225  7309 I bluetooth: system/gd/hci/le_address_manager.cc:226 register_client: Scheduled address rotation for first client registered", "10-01 18:11:19.199  7225  7309 I bluetooth: system/gd/hci/le_address_manager.cc:229 register_client: Client registered", "10-01 18:11:20.070 10828 10828 D AndroidRuntime: >>>>>> START com.android.internal.os.RuntimeInit uid 0 <<<<<<", "--", "10-01 18:11:40.211  7353  8130 I ChimeraSrvcProxy: NullBinder for android.net.action.RECOMMEND_NETWORKS triggering remote TransactionTooLargeException due to Service without Chimera impl", "10-01 18:11:40.211  7353  8130 W .gms.persistent: Large reply transaction of 1056768 bytes, interface descriptor , code 1", "10-01 18:11:40.213  7718  8007 I BugleRcsEngine: Connected state: [1], networkType: [WIFI] [CONTEXT thread_id=57 ]", "10-01 18:11:40.213  7718  8216 I BugleRcsEngine: handleMessage processing message:[NOTIFY_UPTIME_IGNORE_STATE_CHANGED] with [non-null]:RcsEngineImpl reference [CONTEXT log_prefix=\"RcsEngineImpl[DUAL_REG]:[d0c4e0e6-4168]>Handler\" thread_id=65 ]", "10-01 18:11:40.216  6872  8591 D OomAdjuster: Not killing cached processes", "10-01 18:11:40.319 10913 10913 D AndroidRuntime: >>>>>> START com.android.internal.os.RuntimeInit uid 0 <<<<<<", "10-01 18:11:40.322 10913 10913 I AndroidRuntime: Using default boot image", "10-01 18:11:40.322 10913 10913 I AndroidRuntime: Leaving lock profiling enabled", "10-01 18:11:40.324 10913 10913 I app_process: Core platform API reporting enabled, enforcing=false", "10-01 18:11:40.325 10913 10913 I app_process: Using CollectorTypeCMC GC.", "10-01 18:11:40.388 10913 10913 D app_process: u_setTimeZoneFilesDirectory(\"/apex/com.android.tzdata/etc/tz/versioned/8/icu\") succeeded. ", "--", "10-01 18:11:55.255  7353  8130 I ChimeraSrvcProxy: NullBinder for android.net.action.RECOMMEND_NETWORKS triggering remote TransactionTooLargeException due to Service without Chimera impl", "10-01 18:11:55.255  7353  8130 W .gms.persistent: Large reply transaction of 1056768 bytes, interface descriptor , code 1", "10-01 18:11:55.257  7718  8216 I BugleRcsEngine: handleMessage processing message:[NOTIFY_UPTIME_IGNORE_STATE_CHANGED] with [non-null]:RcsEngineImpl reference [CONTEXT log_prefix=\"RcsEngineImpl[DUAL_REG]:[d0c4e0e6-4168]>Handler\" thread_id=65 ]", "10-01 18:11:55.258  7718  8007 I BugleRcsEngine: Connected state: [1], networkType: [WIFI] [CONTEXT thread_id=57 ]", "10-01 18:11:55.582 10350 10464 D EGL_emulation: app_time_stats: avg=500.04ms min=499.11ms max=500.96ms count=2", "10-01 18:11:57.082 10350 10464 D EGL_emulation: app_time_stats: avg=499.92ms min=498.62ms max=501.16ms count=3", "10-01 18:11:57.396 10997 10997 D AndroidRuntime: >>>>>> START com.android.internal.os.RuntimeInit uid 0 <<<<<<", "10-01 18:11:57.399 10997 10997 I AndroidRuntime: Using default boot image", "10-01 18:11:57.399 10997 10997 I AndroidRuntime: Leaving lock profiling enabled", "10-01 18:11:57.401 10997 10997 I app_process: Core platform API reporting enabled, enforcing=false", "10-01 18:11:57.402 10997 10997 I app_process: Using CollectorTypeCMC GC."]}
{"check":"console-errors","result":[]}
{"check":"first-frame-warm","result":{"error":"no page target","sockets":[],"targets":[]}}
{"check":"root-start","result":{"error":"no page target","sockets":[],"targets":[]}}
{"check":"session","result":{"error":"no page target","sockets":[],"targets":[]}}
{"check":"ws-hello","result":{"error":"no page target","sockets":[],"targets":[]}}
{"check":"channel-process","result":""}
{"check":"root-log","result":"tail: /data/adb/modules/flutter_webui_counter/webroot/.run/root.log: No such file or directory"}
{"check":"session-mode","result":"ls: /data/adb/modules/flutter_webui_counter/webroot/.run/: No such file or directory"}
{"check":"home-resume","result":{"error":"no page target","sockets":[],"targets":[]}}
{"check":"before-back","result":{"error":"no page target","sockets":[],"targets":[]}}
{"check":"back-events","result":{"error":"no page target","sockets":[],"targets":[]}}
{"check":"back-console","result":[]}
{"check":"back-at-root","result":"topResumedActivity=ActivityRecord{c8307e6 u0 com.dergoogler.mmrl.wx/.ui.activity.MainActivity t17}"}
Starting: Intent { cmp=com.dergoogler.mmrl.wx/.ui.activity.webui.WebUIActivity (has extras) }
Status: ok
Activity: com.dergoogler.mmrl.wx/.ui.activity.webui.WebUIActivity








Status: ok








Segmentation fault 
intent path: no page; manager log:
10-01 18:12:49.976 11235 11254 D WM-ForceStopRunnable: Application was force-stopped, rescheduling.
10-01 18:12:50.006 11235 11235 D PlatformManager: Starting synchronous initialization.
10-01 18:12:50.006 11235 11235 D PlatformManager: Attempting to get service from provider: RootProvider
10-01 18:12:50.008 11235 11254 D WM-PackageManagerHelper: Skipping component enablement for androidx.work.impl.background.systemalarm.RescheduleReceiver
10-01 18:12:50.046 11235 11235 D PlatformManager: Provider RootProvider is available and authorized. Getting service.
10-01 18:12:50.048 11235 11235 D PlatformManager: Binding to provider: RootProvider
10-01 18:12:55.186 11235 11278 D ProfileInstaller: Skipping profile installation for com.dergoogler.mmrl.wx
10-01 18:12:59.473 11235 11235 D PlatformManager: Starting synchronous initialization.
10-01 18:12:59.473 11235 11235 D PlatformManager: Attempting to get service from provider: RootProvider
10-01 18:12:59.473 11235 11235 D PlatformManager: Provider RootProvider is available and authorized. Getting service.
10-01 18:12:59.473 11235 11235 D PlatformManager: Binding to provider: RootProvider
10-01 18:13:05.055 11235 11235 D PlatformManager: Coroutine cancelled, unbinding from provider: RootProvider
10-01 18:13:05.055 11235 11235 E PlatformManager: Failed to init service manager (synchronous)
10-01 18:13:05.055 11235 11235 E PlatformManager: kotlinx.coroutines.TimeoutCancellationException: Timed out waiting for 15000 ms
10-01 18:13:05.055 11235 11235 E PlatformManager: 	at kotlinx.coroutines.TimeoutKt.TimeoutCancellationException(Timeout.kt:188)
10-01 18:13:05.055 11235 11235 E PlatformManager: 	at kotlinx.coroutines.TimeoutCoroutine.run(Timeout.kt:156)
10-01 18:13:05.055 11235 11235 E PlatformManager: 	at android.os.Handler.handleCallback(Handler.java:959)
10-01 18:13:05.055 11235 11235 E PlatformManager: 	at android.os.Handler.dispatchMessage(Handler.java:100)
10-01 18:13:05.055 11235 11235 E PlatformManager: 	at android.os.Looper.loopOnce(Looper.java:232)
10-01 18:13:05.055 11235 11235 E PlatformManager: 	at android.os.Looper.loop(Looper.java:317)
10-01 18:13:05.055 11235 11235 E PlatformManager: 	at android.app.ActivityThread.main(ActivityThread.java:8705)
10-01 18:13:05.055 11235 11235 E PlatformManager: 	at java.lang.reflect.Method.invoke(Native Method)
10-01 18:13:05.055 11235 11235 E PlatformManager: 	at com.android.internal.os.RuntimeInit$MethodAndArgsCaller.run(RuntimeInit.java:580)
10-01 18:13:05.055 11235 11235 E PlatformManager: 	at com.android.internal.os.ZygoteInit.main(ZygoteInit.java:886)
10-01 18:13:05.056 11235 11235 D PlatformManager: State updated. isAlive: false
ui: no node with 'Module'
ui: tapped 'Modules' at 77,592
ui: tapped 160,152
ui: no node with 'Clean'
ui: no node with 'Clean'
ui: no node with 'Clean'
[220,32][268,80] 
[268,32][316,80] 
[164,536][320,616] Settings
ui: no node with 'Open'












[220,32][268,80] 
[268,32][316,80] 
[164,536][320,616] Settings
opened: none
{"check":"targets","result":[]}
{"check":"page","result":{"error":"no page target","sockets":[],"targets":[]}}
{"check":"java-exceptions","result":["10-01 18:14:00.039  7684  7805 I AiAiEcho: EchoTargets: ", "10-01 18:14:00.039  7684  7805 I AiAiEcho: Filtered by AiAi flag check: ", "10-01 18:14:00.039  7684  7805 I AiAiEcho: [CONTEXT ratelimit_period=\"10 SECONDS\" ]", "--", "10-01 18:14:28.571  7353  8130 I ChimeraSrvcProxy: NullBinder for android.net.action.RECOMMEND_NETWORKS triggering remote TransactionTooLargeException due to Service without Chimera impl", "10-01 18:14:28.571  7353  8130 W .gms.persistent: Large reply transaction of 1056768 bytes, interface descriptor , code 1", "10-01 18:14:28.572  6872  6887 D OomAdjuster: Not killing cached processes", "10-01 18:14:29.514 11674 11674 D AndroidRuntime: >>>>>> START com.android.internal.os.RuntimeInit uid 0 <<<<<<", "10-01 18:14:29.517 11674 11674 I AndroidRuntime: Using default boot image", "10-01 18:14:29.517 11674 11674 I AndroidRuntime: Leaving lock profiling enabled", "10-01 18:14:29.519 11674 11674 I app_process: Core platform API reporting enabled, enforcing=false", "10-01 18:14:29.519 11674 11674 I app_process: Using CollectorTypeCMC GC.", "10-01 18:14:29.585 11674 11674 D app_process: u_setTimeZoneFilesDirectory(\"/apex/com.android.tzdata/etc/tz/versioned/8/icu\") succeeded. ", "10-01 18:14:29.585 11674 11674 D app_process: I18n APEX ICU file found: /apex/com.android.i18n/etc/icu/icudt75l.dat", "--", "10-01 18:14:58.632  7353  8131 I ChimeraSrvcProxy: NullBinder for android.net.action.RECOMMEND_NETWORKS triggering remote TransactionTooLargeException due to Service without Chimera impl", "10-01 18:14:58.632  7353  8131 W .gms.persistent: Large reply transaction of 1056768 bytes, interface descriptor , code 1", "10-01 18:14:58.633  7718  8216 I BugleRcsEngine: handleMessage processing message:[NOTIFY_UPTIME_IGNORE_STATE_CHANGED] with [non-null]:RcsEngineImpl reference [CONTEXT log_prefix=\"RcsEngineImpl[DUAL_REG]:[d0c4e0e6-4168]>Handler\" thread_id=65 ]", "10-01 18:14:58.634  7718  8007 I BugleRcsEngine: Connected state: [1], networkType: [WIFI] [CONTEXT thread_id=57 ]", "10-01 18:14:58.636  6872  8263 D OomAdjuster: Not killing cached processes", "10-01 18:14:59.296 11808 11808 D AndroidRuntime: >>>>>> START com.android.internal.os.RuntimeInit uid 0 <<<<<<", "10-01 18:14:59.300 11808 11808 I AndroidRuntime: Using default boot image", "10-01 18:14:59.300 11808 11808 I AndroidRuntime: Leaving lock profiling enabled", "10-01 18:14:59.303 11808 11808 I app_process: Core platform API reporting enabled, enforcing=false", "10-01 18:14:59.304 11808 11808 I app_process: Using CollectorTypeCMC GC.", "10-01 18:14:59.379 11808 11808 D app_process: u_setTimeZoneFilesDirectory(\"/apex/com.android.tzdata/etc/tz/versioned/8/icu\") succeeded. ", "--", "10-01 18:15:10.635  7353  8131 I ChimeraSrvcProxy: NullBinder for android.net.action.RECOMMEND_NETWORKS triggering remote TransactionTooLargeException due to Service without Chimera impl", "10-01 18:15:10.636  7353  8131 W .gms.persistent: Large reply transaction of 1056768 bytes, interface descriptor , code 1", "10-01 18:15:10.637  7718  8216 I BugleRcsEngine: handleMessage processing message:[NOTIFY_UPTIME_IGNORE_STATE_CHANGED] with [non-null]:RcsEngineImpl reference [CONTEXT log_prefix=\"RcsEngineImpl[DUAL_REG]:[d0c4e0e6-4168]>Handler\" thread_id=65 ]", "10-01 18:15:10.638  7718  8007 I BugleRcsEngine: Connected state: [1], networkType: [WIFI] [CONTEXT thread_id=57 ]", "10-01 18:15:10.639  6872  7029 W IPCThreadState: Sending oneway calls to frozen process.", "10-01 18:15:10.639  6872  7029 W IPCThreadState: Sending oneway calls to frozen process.", "10-01 18:15:10.639  6872  7029 W IPCThreadState: Sending oneway calls to frozen process.", "10-01 18:15:10.639  6872  8591 D OomAdjuster: Not killing cached processes", "10-01 18:15:16.655  6872  6909 D OomAdjuster: Not killing cached processes", "10-01 18:15:16.659  6797 11884 I resolv  : GetAddrInfoHandler::run: {101 786533 101 983141 10143 0}", "10-01 18:15:16.660  6797 11885 I resolv  : res_nmkquery: (QUERY, IN, AAAA)", "10-01 18:15:16.660  6797 11886 I resolv  : res_nmkquery: (QUERY, IN, A)", "10-01 18:15:16.666  6797 11886 I resolv  : res_nsend: used send_dg 79 terrno: 0"]}
{"check":"console-errors","result":[]}
{"check":"first-frame-warm","result":{"error":"no page target","sockets":[],"targets":[]}}
Starting: Intent { cmp=com.dergoogler.mmrl.wx/.ui.activity.webui.WebUIActivity (has extras) }
Status: ok
Activity: com.dergoogler.mmrl.wx/.ui.activity.webui.WebUIActivity








Status: ok








Status: ok








Status: ok








Status: ok








Status: ok








Status: ok








intent path: no page; manager log:
10-01 18:17:00.720 11996 11996 E PlatformManager: 	at android.os.Looper.loopOnce(Looper.java:232)
10-01 18:17:00.720 11996 11996 E PlatformManager: 	at android.os.Looper.loop(Looper.java:317)
10-01 18:17:00.720 11996 11996 E PlatformManager: 	at android.app.ActivityThread.main(ActivityThread.java:8705)
10-01 18:17:00.720 11996 11996 E PlatformManager: 	at java.lang.reflect.Method.invoke(Native Method)
10-01 18:17:00.720 11996 11996 E PlatformManager: 	at com.android.internal.os.RuntimeInit$MethodAndArgsCaller.run(RuntimeInit.java:580)
10-01 18:17:00.720 11996 11996 E PlatformManager: 	at com.android.internal.os.ZygoteInit.main(ZygoteInit.java:886)
10-01 18:17:00.720 11996 11996 D PlatformManager: State updated. isAlive: false
10-01 18:17:04.197 11996 11996 D PlatformManager: Starting synchronous initialization.
10-01 18:17:04.197 11996 11996 D PlatformManager: Attempting to get service from provider: RootProvider
10-01 18:17:04.197 11996 11996 D PlatformManager: Provider RootProvider is available and authorized. Getting service.
10-01 18:17:04.197 11996 11996 D PlatformManager: Binding to provider: RootProvider
10-01 18:17:09.968 11996 11996 D PlatformManager: Coroutine cancelled, unbinding from provider: RootProvider
10-01 18:17:09.969 11996 11996 E PlatformManager: Failed to init service manager (synchronous)
10-01 18:17:09.969 11996 11996 E PlatformManager: kotlinx.coroutines.TimeoutCancellationException: Timed out waiting for 15000 ms
10-01 18:17:09.969 11996 11996 E PlatformManager: 	at kotlinx.coroutines.TimeoutKt.TimeoutCancellationException(Timeout.kt:188)
10-01 18:17:09.969 11996 11996 E PlatformManager: 	at kotlinx.coroutines.TimeoutCoroutine.run(Timeout.kt:156)
10-01 18:17:09.969 11996 11996 E PlatformManager: 	at android.os.Handler.handleCallback(Handler.java:959)
10-01 18:17:09.969 11996 11996 E PlatformManager: 	at android.os.Handler.dispatchMessage(Handler.java:100)
10-01 18:17:09.969 11996 11996 E PlatformManager: 	at android.os.Looper.loopOnce(Looper.java:232)
10-01 18:17:09.969 11996 11996 E PlatformManager: 	at android.os.Looper.loop(Looper.java:317)
10-01 18:17:09.969 11996 11996 E PlatformManager: 	at android.app.ActivityThread.main(ActivityThread.java:8705)
10-01 18:17:09.969 11996 11996 E PlatformManager: 	at java.lang.reflect.Method.invoke(Native Method)
10-01 18:17:09.969 11996 11996 E PlatformManager: 	at com.android.internal.os.RuntimeInit$MethodAndArgsCaller.run(RuntimeInit.java:580)
10-01 18:17:09.969 11996 11996 E PlatformManager: 	at com.android.internal.os.ZygoteInit.main(ZygoteInit.java:886)
10-01 18:17:09.969 11996 11996 D PlatformManager: State updated. isAlive: false
ui: no node with 'Module'
ui: tapped 'Modules' at 77,592
ui: tapped 160,152
ui: no node with 'Clean'
ui: no node with 'Clean'
ui: no node with 'Clean'
[220,32][268,80] 
[268,32][316,80] 
[164,536][320,616] Settings
ui: no node with 'Open'












[220,32][268,80] 
[268,32][316,80] 
[164,536][320,616] Settings
opened: none
{"check":"targets","result":[]}
{"check":"page","result":{"error":"no page target","sockets":[],"targets":[]}}
{"check":"java-exceptions","result":["--", "10-01 18:19:17.291  7353  8129 I ChimeraSrvcProxy: NullBinder for android.net.action.RECOMMEND_NETWORKS triggering remote TransactionTooLargeException due to Service without Chimera impl", "10-01 18:19:17.291  7353  8129 W .gms.persistent: Large reply transaction of 1056768 bytes, interface descriptor , code 1", "10-01 18:19:17.291  7863  7863 W JobService: onNetworkChanged() not implemented in androidx.work.impl.background.systemjob.SystemJobService. Must override in a subclass.", "10-01 18:19:25.418  7209  8272 D ApfFilter: (wlan0): Ignoring RA RA fe80::2 -> ff02::1 1800s fec0::/64 86400s/14400s  which matches RA fe80::2 -> ff02::1 1800s fec0::/64 86400s/14400s ", "10-01 18:19:25.677  6872 10310 D TelephonyManager: requestModemActivityInfo: Sending result to app: ModemActivityInfo{ mTimestamp=1212426 mSleepTimeMs=0 mIdleTimeMs=1083626 mActivityStatsTechSpecificInfo=[{mRat=UNKNOWN,mFrequencyRange=UNKNOWN,mTxTimeMs[]=[0, 0, 0, 0, 0],mRxTimeMs=0}]}", "10-01 18:19:25.694  6797  6831 I netd    : tetherGetStats() -> {[]} <0.86ms>", "10-01 18:19:26.087 12784 12784 D AndroidRuntime: >>>>>> START com.android.internal.os.RuntimeInit uid 0 <<<<<<", "10-01 18:19:26.091 12784 12784 I AndroidRuntime: Using default boot image", "10-01 18:19:26.092 12784 12784 I AndroidRuntime: Leaving lock profiling enabled", "10-01 18:19:26.095 12784 12784 I app_process: Core platform API reporting enabled, enforcing=false", "10-01 18:19:26.095 12784 12784 I app_process: Using CollectorTypeCMC GC.", "--", "10-01 18:19:38.356  7353  8134 I ChimeraSrvcProxy: NullBinder for android.net.action.RECOMMEND_NETWORKS triggering remote TransactionTooLargeException due to Service without Chimera impl", "10-01 18:19:38.357  7353  8134 W .gms.persistent: Large reply transaction of 1056768 bytes, interface descriptor , code 1", "10-01 18:19:41.259  6797 12828 I resolv  : GetAddrInfoHandler::run: {101 786533 101 983141 10143 0}", "10-01 18:19:41.259  6797 12829 I resolv  : res_nmkquery: (QUERY, IN, AAAA)", "10-01 18:19:41.259  6797 12830 I resolv  : res_nmkquery: (QUERY, IN, A)", "10-01 18:19:41.268  6797 12830 I resolv  : res_nsend: used send_dg 79 terrno: 0", "10-01 18:19:41.268  6797 12830 I resolv  : doQuery: rcode=0, ancount=2, return value=79", "10-01 18:19:41.276  6797 12829 I resolv  : res_nsend: used send_dg 91 terrno: 0", "10-01 18:19:41.276  6797 12829 I resolv  : doQuery: rcode=0, ancount=2, return value=91", "10-01 18:19:41.278  7353  7946 D TrafficStats: tagSocket(-1) with statsTag=0x30000407, statsUid=-1", "10-01 18:19:41.278  7353  7946 I TrafficStats: tagSocketFd(-1, 805307399, -1) failed with errno-9", "10-01 18:19:41.278  7353  7946 D TrafficStats: tagSocket(112) with statsTag=0x30000407, statsUid=-1", "10-01 18:19:41.339  7863  7863 W JobService: onNetworkChanged() not implemented in androidx.work.impl.background.systemjob.SystemJobService. Must override in a subclass.", "--", "10-01 18:19:41.343  7353  8130 I ChimeraSrvcProxy: NullBinder for android.net.action.RECOMMEND_NETWORKS triggering remote TransactionTooLargeException due to Service without Chimera impl", "10-01 18:19:41.343  7353  8130 W .gms.persistent: Large reply transaction of 1056768 bytes, interface descriptor , code 1", "10-01 18:19:41.344  7718  8007 I BugleRcsEngine: Connected state: [1], networkType: [WIFI] [CONTEXT thread_id=57 ]", "10-01 18:19:41.345  7718  8216 I BugleRcsEngine: handleMessage processing message:[NOTIFY_UPTIME_IGNORE_STATE_CHANGED] with [non-null]:RcsEngineImpl reference [CONTEXT log_prefix=\"RcsEngineImpl[DUAL_REG]:[d0c4e0e6-4168]>Handler\" thread_id=65 ]", "10-01 18:19:41.807  7353 12646 D TrafficStats: tagSocket(113) with statsTag=0x30000407, statsUid=-1", "10-01 18:19:41.813  7353 12646 I AlarmManager: setExactAndAllowWhileIdle [name: GCM_HB_ALARM type: 2 triggerAtMillis: 1788564]", "10-01 18:19:41.871  7353 11539 I AlarmManager: setExactAndAllowWhileIdle [name: GCM_HB_ALARM type: 2 triggerAtMillis: 1788622]", "10-01 18:19:41.873  7353 11539 E WakeLock: GCM_CONN_ALARM release without a matched acquire!", "10-01 18:19:41.875  7353 11539 I AlarmManager: setExactAndAllowWhileIdle [name: GCM_HB_ALARM type: 2 triggerAtMillis: 1788626]", "10-01 18:19:43.739 12836 12836 W BpBinder: Linking to death on android.gui.ISurfaceComposer but there are no threads (yet?) listening to incoming transactions. See ProcessState::startThreadPool and ProcessState::setThreadPoolMaxThreadCount. Generally you should setup the binder threadpool before other initialization steps.", "10-01 18:19:43.740 12836 12836 W ProcessState: Extra binder thread started, but 0 threads requested. Do not use *startThreadPool when zero threads are requested.", "10-01 18:19:43.753   161   161 I hwservicemanager: getTransport: Cannot find entry android.hardware.graphics.mapper@4.0::IMapper/default in either framework or device VINTF manifest.", "10-01 18:19:43.753 12836 12837 I Gralloc4: mapper 4.x is not supported"]}
{"check":"console-errors","result":[]}
{"check":"first-frame-warm","result":{"error":"no page target","sockets":[],"targets":[]}}
{"error":"no page target","sockets":[],"targets":[]}
{"check":"home","result":{"error":"no page target","sockets":[],"targets":[]}}
{"check":"home-device","result":"18:19:46 up 20 min,  0 users,  load average: 0.34, 1.91, 3.76\nTasks: 311 total,   2 running, 309 sleeping,   0 stopped,   0 zombie\n  Mem:  6072172K total,  5668800K used,   403372K free,   100164K buffers\n Swap:  4554124K total,   172800K used,  4381324K free,  4373432K cached\n400%cpu   0%user   0%nice   7%sys 385%idle   0%iow   0%irq   4%sirq   4%host\n  PID USER         PR  NI VIRT  RES  SHR S[%CPU] %MEM     TIME+ ARGS\n12865 root         20   0  10G 4.7M 3.8M R  3.7   0.0   0:00.02 top -b -n1 -m 12\n 7071 system       20   0  10G 5.4M 4.7M S  3.7   0.0   0:00.21 android.hardware.biometrics.fingerprint-service.ranchu\n  395 system       20   0  10G 6.6M 5.6M S  3.7   0.1   0:08.08 android.hardware.sensors-service.multihal\n12862 root         20   0  10G 3.2M 2.6M S  0.0   0.0   0:00.00 sh -c uptime; top -b -n1 -m 12; dumpsys activity activities | grep -m1 topResumedActivity; grep -E \"MemAvailable|SwapFree\" /proc/meminfo\n12041 root         20   0    0    0    0 I  0.0   0.0   0:00.11 [kworker/1:1-virtio_vsock]\n12029 u0_a210      20   0  10G 3.2M 2.6M S  0.0   0.0   0:00.00 sh\n12008 u0_a210      20   0  10G 3.2M 2.6M S  0.0   0.0   0:00.00 sh\n11996 u0_a210      10 -10  15G 187M 123M S  0.0   3.1   0:03.87 com.dergoogler.mmrl.wx\n11972 u0_a210      20   0  15G 184M 117M S  0.0   3.1   0:18.17 com.dergoogler.mmrl.process.webui\n11588 root         20   0    0    0    0 I  0.0   0.0   0:00.30 [kworker/u8:3-events_unbound]\n11224 root          0 -20    0    0    0 I  0.0   0.0   0:00.00 [kworker/u9:3-fscrypt_read_queue]\n11181 root         20   0    0    0    0 I  0.0   0.0   0:00.00 [kworker/3:0-events]\n    topResumedActivity=ActivityRecord{c88b087 u0 com.dergoogler.mmrl.wx/.ui.activity.MainActivity t28}\nFailed to write while dumping service activity: Broken pipe\nMemAvailable:    4586376 kB\nSwapFree:        4381324 kB"}
{"check":"colors-css","result":{"error":"no page target","sockets":[],"targets":[]}}
{"check":"colors-css-device","result":"18:19:47 up 20 min,  0 users,  load average: 0.34, 1.91, 3.76\nTasks: 311 total,   2 running, 309 sleeping,   0 stopped,   0 zombie\n  Mem:  6072172K total,  5671264K used,   400908K free,   100164K buffers\n Swap:  4554124K total,   172800K used,  4381324K free,  4373432K cached\n400%cpu   7%user   0%nice   7%sys 381%idle   0%iow   0%irq   0%sirq   4%host\n  PID USER         PR  NI VIRT  RES  SHR S[%CPU] %MEM     TIME+ ARGS\n12879 root         20   0  10G 4.9M 4.1M R  3.7   0.0   0:00.02 top -b -n1 -m 12\n 6872 system       18  -2  17G 344M 218M S  3.7   5.7   0:50.40 system_server\n  395 system       20   0  10G 6.6M 5.6M S  3.7   0.1   0:08.10 android.hardware.sensors-service.multihal\n   16 root         -2   0    0    0    0 I  3.7   0.0   0:02.11 [rcu_preempt]\n12876 root         20   0  10G 3.3M 2.7M S  0.0   0.0   0:00.00 sh -c uptime; top -b -n1 -m 12; dumpsys activity activities | grep -m1 topResumedActivity; grep -E \"MemAvailable|SwapFree\" /proc/meminfo\n12041 root         20   0    0    0    0 R  0.0   0.0   0:00.15 [kworker/1:1+virtio_vsock]\n12029 u0_a210      20   0  10G 3.2M 2.6M S  0.0   0.0   0:00.00 sh\n12008 u0_a210      20   0  10G 3.2M 2.6M S  0.0   0.0   0:00.00 sh\n11996 u0_a210      10 -10  15G 187M 123M S  0.0   3.1   0:03.87 com.dergoogler.mmrl.wx\n11972 u0_a210      20   0  15G 184M 117M S  0.0   3.1   0:18.17 com.dergoogler.mmrl.process.webui\n11588 root         20   0    0    0    0 I  0.0   0.0   0:00.30 [kworker/u8:3-events_unbound]\n11224 root          0 -20    0    0    0 I  0.0   0.0   0:00.00 [kworker/u9:3-fscrypt_read_queue]\n    topResumedActivity=ActivityRecord{c88b087 u0 com.dergoogler.mmrl.wx/.ui.activity.MainActivity t28}\nFailed to write while dumping service activity: Broken pipe\nMemAvailable:    4582788 kB\nSwapFree:        4381324 kB"}
{"check":"wasm-at-home","result":{"error":"no page target","sockets":[],"targets":[]}}
{"check":"wasm-at-home-device","result":"18:19:47 up 20 min,  0 users,  load average: 0.34, 1.91, 3.76\nTasks: 311 total,   2 running, 309 sleeping,   0 stopped,   0 zombie\n  Mem:  6072172K total,  5672720K used,   399452K free,   100164K buffers\n Swap:  4554124K total,   172800K used,  4381324K free,  4373432K cached\n400%cpu   4%user   0%nice   4%sys 392%idle   0%iow   0%irq   0%sirq   0%host\n  PID USER         PR  NI VIRT  RES  SHR S[%CPU] %MEM     TIME+ ARGS\n12889 root         20   0  10G 4.9M 4.0M R  7.6   0.0   0:00.00 top -b -n1 -m 12\n12041 root         20   0    0    0    0 R  3.8   0.0   0:00.16 [kworker/1:1+virtio_vsock]\n12886 root         20   0  10G 3.2M 2.6M S  0.0   0.0   0:00.00 sh -c uptime; top -b -n1 -m 12; dumpsys activity activities | grep -m1 topResumedActivity; grep -E \"MemAvailable|SwapFree\" /proc/meminfo\n12029 u0_a210      20   0  10G 3.2M 2.6M S  0.0   0.0   0:00.00 sh\n12008 u0_a210      20   0  10G 3.2M 2.6M S  0.0   0.0   0:00.00 sh\n11996 u0_a210      10 -10  15G 187M 123M S  0.0   3.1   0:03.87 com.dergoogler.mmrl.wx\n11972 u0_a210      20   0  15G 184M 117M S  0.0   3.1   0:18.17 com.dergoogler.mmrl.process.webui\n11588 root         20   0    0    0    0 I  0.0   0.0   0:00.30 [kworker/u8:3-events_unbound]\n11224 root          0 -20    0    0    0 I  0.0   0.0   0:00.00 [kworker/u9:3-fscrypt_read_queue]\n11181 root         20   0    0    0    0 I  0.0   0.0   0:00.00 [kworker/3:0-events]\n11075 root         20   0    0    0    0 I  0.0   0.0   0:00.30 [kworker/0:1-events]\n10572 root         20   0    0    0    0 I  0.0   0.0   0:03.99 [kworker/1:3-virtio_vsock]\n    topResumedActivity=ActivityRecord{c88b087 u0 com.dergoogler.mmrl.wx/.ui.activity.MainActivity t28}\nFailed to write while dumping service activity: Broken pipe\nMemAvailable:    4582088 kB\nSwapFree:        4381324 kB"}
{"check":"tap-places","result":{"error":"no page target","sockets":[],"targets":[]}}
{"check":"tap-places-device","result":"18:19:48 up 20 min,  0 users,  load average: 0.34, 1.91, 3.76\nTasks: 311 total,   1 running, 310 sleeping,   0 stopped,   0 zombie\n  Mem:  6072172K total,  5673716K used,   398456K free,   100164K buffers\n Swap:  4554124K total,   172800K used,  4381324K free,  4373432K cached\n400%cpu   0%user   0%nice   4%sys 396%idle   0%iow   0%irq   0%sirq   0%host\n  PID USER         PR  NI VIRT  RES  SHR S[%CPU] %MEM     TIME+ ARGS\n12901 root         20   0  10G 4.7M 3.8M R  3.8   0.0   0:00.01 top -b -n1 -m 12\n12898 root         20   0  10G 3.2M 2.6M S  0.0   0.0   0:00.00 sh -c uptime; top -b -n1 -m 12; dumpsys activity activities | grep -m1 topResumedActivity; grep -E \"MemAvailable|SwapFree\" /proc/meminfo\n12041 root         20   0    0    0    0 I  0.0   0.0   0:00.18 [kworker/1:1-virtio_vsock]\n12029 u0_a210      20   0  10G 3.2M 2.6M S  0.0   0.0   0:00.00 sh\n12008 u0_a210      20   0  10G 3.2M 2.6M S  0.0   0.0   0:00.00 sh\n11996 u0_a210      10 -10  15G 187M 123M S  0.0   3.1   0:03.87 com.dergoogler.mmrl.wx\n11972 u0_a210      20   0  15G 184M 117M S  0.0   3.1   0:18.17 com.dergoogler.mmrl.process.webui\n11588 root         20   0    0    0    0 I  0.0   0.0   0:00.30 [kworker/u8:3-events_unbound]\n11224 root          0 -20    0    0    0 I  0.0   0.0   0:00.00 [kworker/u9:3-fscrypt_read_queue]\n11181 root         20   0    0    0    0 I  0.0   0.0   0:00.00 [kworker/3:0-events]\n11075 root         20   0    0    0    0 I  0.0   0.0   0:00.30 [kworker/0:1-events]\n10572 root         20   0    0    0    0 I  0.0   0.0   0:03.99 [kworker/1:3-virtio_vsock]\n    topResumedActivity=ActivityRecord{c88b087 u0 com.dergoogler.mmrl.wx/.ui.activity.MainActivity t28}\nFailed to write while dumping service activity: Broken pipe\nMemAvailable:    4581092 kB\nSwapFree:        4381324 kB"}
{"check":"places","result":{"error":"no page target","sockets":[],"targets":[]}}
{"check":"places-device","result":"18:20:00 up 20 min,  0 users,  load average: 0.26, 1.82, 3.70\nTasks: 311 total,   1 running, 310 sleeping,   0 stopped,   0 zombie\n  Mem:  6072172K total,  5680816K used,   391356K free,   100168K buffers\n Swap:  4554124K total,   172800K used,  4381324K free,  4373432K cached\n400%cpu   4%user   0%nice   4%sys 392%idle   0%iow   0%irq   0%sirq   0%host\n  PID USER         PR  NI VIRT  RES  SHR S[%CPU] %MEM     TIME+ ARGS\n12913 root         20   0  10G 4.9M 4.1M R  3.8   0.0   0:00.01 top -b -n1 -m 12\n12041 root         20   0    0    0    0 I  3.8   0.0   0:00.37 [kworker/1:1-virtio_vsock]\n12910 root         20   0  10G 3.1M 2.5M S  0.0   0.0   0:00.00 sh -c uptime; top -b -n1 -m 12; dumpsys activity activities | grep -m1 topResumedActivity; grep -E \"MemAvailable|SwapFree\" /proc/meminfo\n12029 u0_a210      20   0  10G 3.2M 2.6M S  0.0   0.0   0:00.00 sh\n12008 u0_a210      20   0  10G 3.2M 2.6M S  0.0   0.0   0:00.00 sh\n11996 u0_a210      10 -10  15G 187M 123M S  0.0   3.1   0:03.87 com.dergoogler.mmrl.wx\n11972 u0_a210      20   0  15G 184M 117M S  0.0   3.1   0:18.17 com.dergoogler.mmrl.process.webui\n11588 root         20   0    0    0    0 I  0.0   0.0   0:00.30 [kworker/u8:3-events_unbound]\n11224 root          0 -20    0    0    0 I  0.0   0.0   0:00.00 [kworker/u9:3-fscrypt_read_queue]\n11181 root         20   0    0    0    0 I  0.0   0.0   0:00.00 [kworker/3:0-events]\n11075 root         20   0    0    0    0 I  0.0   0.0   0:00.30 [kworker/0:1-events]\n10572 root         20   0    0    0    0 I  0.0   0.0   0:03.99 [kworker/1:3-virtio_vsock]\n    topResumedActivity=ActivityRecord{c88b087 u0 com.dergoogler.mmrl.wx/.ui.activity.MainActivity t28}\nFailed to write while dumping service activity: Broken pipe\nMemAvailable:    4573768 kB\nSwapFree:        4381324 kB"}
{"check":"places-scroll-1","result":{"error":"no page target","sockets":[],"targets":[]}}
{"check":"places-scroll-1-device","result":"18:20:03 up 20 min,  0 users,  load average: 0.26, 1.82, 3.70\nTasks: 311 total,   1 running, 310 sleeping,   0 stopped,   0 zombie\n  Mem:  6072172K total,  5685344K used,   386828K free,   100168K buffers\n Swap:  4554124K total,   172800K used,  4381324K free,  4373520K cached\n400%cpu   0%user   0%nice   8%sys 388%idle   0%iow   0%irq   0%sirq   4%host\n  PID USER         PR  NI VIRT  RES  SHR S[%CPU] %MEM     TIME+ ARGS\n12934 root         20   0  10G 4.8M 4.0M R  3.8   0.0   0:00.01 top -b -n1 -m 12\n12931 root         20   0  10G 3.2M 2.6M S  0.0   0.0   0:00.00 sh -c uptime; top -b -n1 -m 12; dumpsys activity activities | grep -m1 topResumedActivity; grep -E \"MemAvailable|SwapFree\" /proc/meminfo\n12041 root         20   0    0    0    0 I  0.0   0.0   0:00.46 [kworker/1:1-virtio_vsock]\n12029 u0_a210      20   0  10G 3.2M 2.6M S  0.0   0.0   0:00.00 sh\n12008 u0_a210      20   0  10G 3.2M 2.6M S  0.0   0.0   0:00.00 sh\n11996 u0_a210      10 -10  15G 189M 123M S  0.0   3.1   0:04.08 com.dergoogler.mmrl.wx\n11972 u0_a210      20   0  15G 184M 117M S  0.0   3.1   0:18.17 com.dergoogler.mmrl.process.webui\n11588 root         20   0    0    0    0 I  0.0   0.0   0:00.31 [kworker/u8:3-events_unbound]\n11224 root          0 -20    0    0    0 I  0.0   0.0   0:00.00 [kworker/u9:3-fscrypt_read_queue]\n11181 root         20   0    0    0    0 I  0.0   0.0   0:00.00 [kworker/3:0-events]\n11075 root         20   0    0    0    0 I  0.0   0.0   0:00.30 [kworker/0:1-events]\n10572 root         20   0    0    0    0 I  0.0   0.0   0:03.99 [kworker/1:3-virtio_vsock]\n    topResumedActivity=ActivityRecord{c88b087 u0 com.dergoogler.mmrl.wx/.ui.activity.MainActivity t28}\nFailed to write while dumping service activity: Broken pipe\nMemAvailable:    4569720 kB\nSwapFree:        4381324 kB"}
{"check":"places-scroll-2","result":{"error":"no page target","sockets":[],"targets":[]}}
{"check":"places-scroll-2-device","result":"18:20:06 up 20 min,  0 users,  load average: 0.48, 1.84, 3.70\nTasks: 311 total,   1 running, 310 sleeping,   0 stopped,   0 zombie\n  Mem:  6072172K total,  5695012K used,   377160K free,   100168K buffers\n Swap:  4554124K total,   172800K used,  4381324K free,  4373556K cached\n400%cpu   4%user   0%nice   4%sys 388%idle   0%iow   0%irq   0%sirq   4%host\n  PID USER         PR  NI VIRT  RES  SHR S[%CPU] %MEM     TIME+ ARGS\n12955 root         20   0  10G 4.8M 3.9M R  3.8   0.0   0:00.02 top -b -n1 -m 12\n12041 root         20   0    0    0    0 I  3.8   0.0   0:00.53 [kworker/1:1-virtio_vsock]\n12952 root         20   0  10G 3.3M 2.7M S  0.0   0.0   0:00.00 sh -c uptime; top -b -n1 -m 12; dumpsys activity activities | grep -m1 topResumedActivity; grep -E \"MemAvailable|SwapFree\" /proc/meminfo\n12029 u0_a210      20   0  10G 3.2M 2.6M S  0.0   0.0   0:00.00 sh\n12008 u0_a210      20   0  10G 3.2M 2.6M S  0.0   0.0   0:00.00 sh\n11996 u0_a210      10 -10  15G 189M 123M S  0.0   3.1   0:04.15 com.dergoogler.mmrl.wx\n11972 u0_a210      20   0  15G 184M 117M S  0.0   3.1   0:18.17 com.dergoogler.mmrl.process.webui\n11588 root         20   0    0    0    0 I  0.0   0.0   0:00.31 [kworker/u8:3-events_unbound]\n11224 root          0 -20    0    0    0 I  0.0   0.0   0:00.00 [kworker/u9:3-fscrypt_read_queue]\n11181 root         20   0    0    0    0 I  0.0   0.0   0:00.00 [kworker/3:0-events]\n11075 root         20   0    0    0    0 I  0.0   0.0   0:00.30 [kworker/0:1-events]\n10572 root         20   0    0    0    0 I  0.0   0.0   0:03.99 [kworker/1:3-virtio_vsock]\n    topResumedActivity=ActivityRecord{c88b087 u0 com.dergoogler.mmrl.wx/.ui.activity.MainActivity t28}\nFailed to write while dumping service activity: Broken pipe\nMemAvailable:    4559576 kB\nSwapFree:        4381324 kB"}
{"check":"places-scroll-3","result":{"error":"no page target","sockets":[],"targets":[]}}
{"check":"places-scroll-3-device","result":"18:20:10 up 20 min,  0 users,  load average: 0.52, 1.82, 3.68\nTasks: 311 total,   2 running, 309 sleeping,   0 stopped,   0 zombie\n  Mem:  6072172K total,  5698400K used,   373772K free,   100168K buffers\n Swap:  4554124K total,   172800K used,  4381324K free,  4373580K cached\n400%cpu   0%user   0%nice  23%sys 377%idle   0%iow   0%irq   0%sirq   0%host\n  PID USER         PR  NI VIRT  RES  SHR S[%CPU] %MEM     TIME+ ARGS\n12976 root         20   0  10G 4.7M 3.8M R  3.8   0.0   0:00.01 top -b -n1 -m 12\n  395 system       20   0  10G 6.6M 5.6M S  3.8   0.1   0:08.36 android.hardware.sensors-service.multihal\n12973 root         20   0  10G 3.3M 2.7M S  0.0   0.0   0:00.00 sh -c uptime; top -b -n1 -m 12; dumpsys activity activities | grep -m1 topResumedActivity; grep -E \"MemAvailable|SwapFree\" /proc/meminfo\n12041 root         20   0    0    0    0 I  0.0   0.0   0:00.61 [kworker/1:1-virtio_vsock]\n12029 u0_a210      20   0  10G 3.2M 2.6M S  0.0   0.0   0:00.00 sh\n12008 u0_a210      20   0  10G 3.2M 2.6M S  0.0   0.0   0:00.00 sh\n11996 u0_a210      10 -10  15G 189M 123M S  0.0   3.1   0:04.21 com.dergoogler.mmrl.wx\n11972 u0_a210      20   0  15G 184M 117M S  0.0   3.1   0:18.17 com.dergoogler.mmrl.process.webui\n11588 root         20   0    0    0    0 I  0.0   0.0   0:00.31 [kworker/u8:3-events_unbound]\n11224 root          0 -20    0    0    0 I  0.0   0.0   0:00.00 [kworker/u9:3-fscrypt_read_queue]\n11181 root         20   0    0    0    0 I  0.0   0.0   0:00.00 [kworker/3:0-events]\n11075 root         20   0    0    0    0 I  0.0   0.0   0:00.30 [kworker/0:1-events]\n    topResumedActivity=ActivityRecord{c88b087 u0 com.dergoogler.mmrl.wx/.ui.activity.MainActivity t28}\nFailed to write while dumping service activity: Broken pipe\nMemAvailable:    4556412 kB\nSwapFree:        4381324 kB"}
{"check":"tap-strategy","result":{"error":"no page target","sockets":[],"targets":[]}}
{"check":"tap-strategy-device","result":"18:20:10 up 20 min,  0 users,  load average: 0.52, 1.82, 3.68\nTasks: 311 total,   1 running, 310 sleeping,   0 stopped,   0 zombie\n  Mem:  6072172K total,  5701872K used,   370300K free,   100168K buffers\n Swap:  4554124K total,   172800K used,  4381324K free,  4373580K cached\n400%cpu   8%user   0%nice  19%sys 369%idle   0%iow   0%irq   4%sirq   0%host\n  PID USER         PR  NI VIRT  RES  SHR S[%CPU] %MEM     TIME+ ARGS\n12041 root         20   0    0    0    0 I  3.8   0.0   0:00.64 [kworker/1:1-virtio_vsock]\n12992 root         20   0  10G 4.8M 3.9M R  0.0   0.0   0:00.02 top -b -n1 -m 12\n12989 root         20   0  10G 3.2M 2.6M S  0.0   0.0   0:00.00 sh -c uptime; top -b -n1 -m 12; dumpsys activity activities | grep -m1 topResumedActivity; grep -E \"MemAvailable|SwapFree\" /proc/meminfo\n12029 u0_a210      20   0  10G 3.2M 2.6M S  0.0   0.0   0:00.00 sh\n12008 u0_a210      20   0  10G 3.2M 2.6M S  0.0   0.0   0:00.00 sh\n11996 u0_a210      10 -10  15G 189M 123M S  0.0   3.1   0:04.21 com.dergoogler.mmrl.wx\n11972 u0_a210      20   0  15G 184M 117M S  0.0   3.1   0:18.17 com.dergoogler.mmrl.process.webui\n11588 root         20   0    0    0    0 I  0.0   0.0   0:00.32 [kworker/u8:3-events_unbound]\n11224 root          0 -20    0    0    0 I  0.0   0.0   0:00.00 [kworker/u9:3-fscrypt_read_queue]\n11181 root         20   0    0    0    0 I  0.0   0.0   0:00.00 [kworker/3:0-events]\n11075 root         20   0    0    0    0 I  0.0   0.0   0:00.30 [kworker/0:1-events]\n10572 root         20   0    0    0    0 I  0.0   0.0   0:03.99 [kworker/1:3-virtio_vsock]\n    topResumedActivity=ActivityRecord{c88b087 u0 com.dergoogler.mmrl.wx/.ui.activity.MainActivity t28}\nFailed to write while dumping service activity: Broken pipe\nMemAvailable:    4553192 kB\nSwapFree:        4381324 kB"}
{"check":"strategy","result":{"error":"no page target","sockets":[],"targets":[]}}
{"check":"strategy-device","result":"18:20:21 up 21 min,  0 users,  load average: 0.44, 1.76, 3.64\nTasks: 311 total,   1 running, 310 sleeping,   0 stopped,   0 zombie\n  Mem:  6072172K total,  5695832K used,   376340K free,   100168K buffers\n Swap:  4554124K total,   172800K used,  4381324K free,  4373580K cached\n400%cpu   4%user   0%nice   8%sys 385%idle   0%iow   0%irq   0%sirq   4%host\n  PID USER         PR  NI VIRT  RES  SHR S[%CPU] %MEM     TIME+ ARGS\n13004 root         20   0  10G 4.8M 3.9M R  3.8   0.0   0:00.01 top -b -n1 -m 12\n  406 system       -3   0  10G  16M  10M S  3.8   0.2   0:50.75 android.hardware.graphics.composer3-service.ranchu\n13001 root         20   0  10G 3.2M 2.6M S  0.0   0.0   0:00.00 sh -c uptime; top -b -n1 -m 12; dumpsys activity activities | grep -m1 topResumedActivity; grep -E \"MemAvailable|SwapFree\" /proc/meminfo\n12041 root         20   0    0    0    0 I  0.0   0.0   0:00.81 [kworker/1:1-virtio_vsock]\n12029 u0_a210      20   0  10G 3.2M 2.6M S  0.0   0.0   0:00.00 sh\n12008 u0_a210      20   0  10G 3.2M 2.6M S  0.0   0.0   0:00.00 sh\n11996 u0_a210      10 -10  15G 189M 123M S  0.0   3.1   0:04.21 com.dergoogler.mmrl.wx\n11972 u0_a210      20   0  15G 184M 117M S  0.0   3.1   0:18.17 com.dergoogler.mmrl.process.webui\n11588 root         20   0    0    0    0 I  0.0   0.0   0:00.32 [kworker/u8:3-events_unbound]\n11224 root          0 -20    0    0    0 I  0.0   0.0   0:00.00 [kworker/u9:3-hci0]\n11181 root         20   0    0    0    0 I  0.0   0.0   0:00.00 [kworker/3:0-events]\n11075 root         20   0    0    0    0 I  0.0   0.0   0:00.30 [kworker/0:1-events]\n    topResumedActivity=ActivityRecord{c88b087 u0 com.dergoogler.mmrl.wx/.ui.activity.MainActivity t28}\nFailed to write while dumping service activity: Broken pipe\nMemAvailable:    4559232 kB\nSwapFree:        4381324 kB"}
{"check":"tap-strategy-root","result":{"error":"no page target","sockets":[],"targets":[]}}
{"check":"tap-strategy-root-device","result":"18:20:22 up 21 min,  0 users,  load average: 0.44, 1.76, 3.64\nTasks: 311 total,   1 running, 310 sleeping,   0 stopped,   0 zombie\n  Mem:  6072172K total,  5696504K used,   375668K free,   100168K buffers\n Swap:  4554124K total,   172800K used,  4381324K free,  4373580K cached\n400%cpu   4%user   0%nice   8%sys 385%idle   0%iow   0%irq   0%sirq   4%host\n  PID USER         PR  NI VIRT  RES  SHR S[%CPU] %MEM     TIME+ ARGS\n13020 root         20   0  10G 4.9M 4.1M R  7.6   0.0   0:00.01 top -b -n1 -m 12\n12041 root         20   0    0    0    0 I  3.8   0.0   0:00.83 [kworker/1:1-virtio_vsock]\n13017 root         20   0  10G 3.2M 2.6M S  0.0   0.0   0:00.00 sh -c uptime; top -b -n1 -m 12; dumpsys activity activities | grep -m1 topResumedActivity; grep -E \"MemAvailable|SwapFree\" /proc/meminfo\n12029 u0_a210      20   0  10G 3.2M 2.6M S  0.0   0.0   0:00.00 sh\n12008 u0_a210      20   0  10G 3.2M 2.6M S  0.0   0.0   0:00.00 sh\n11996 u0_a210      10 -10  15G 189M 123M S  0.0   3.1   0:04.21 com.dergoogler.mmrl.wx\n11972 u0_a210      20   0  15G 184M 117M S  0.0   3.1   0:18.17 com.dergoogler.mmrl.process.webui\n11588 root         20   0    0    0    0 I  0.0   0.0   0:00.32 [kworker/u8:3-events_unbound]\n11224 root          0 -20    0    0    0 I  0.0   0.0   0:00.00 [kworker/u9:3-hci0]\n11181 root         20   0    0    0    0 I  0.0   0.0   0:00.00 [kworker/3:0-events]\n11075 root         20   0    0    0    0 I  0.0   0.0   0:00.30 [kworker/0:1-events]\n10572 root         20   0    0    0    0 I  0.0   0.0   0:03.99 [kworker/1:3-mm_percpu_wq]\n    topResumedActivity=ActivityRecord{c88b087 u0 com.dergoogler.mmrl.wx/.ui.activity.MainActivity t28}\nFailed to write while dumping service activity: Broken pipe\nMemAvailable:    4557580 kB\nSwapFree:        4381324 kB"}
{"check":"strategy-root","result":{"error":"no page target","sockets":[],"targets":[]}}
{"check":"strategy-root-device","result":"18:20:28 up 21 min,  0 users,  load average: 0.41, 1.73, 3.62\nTasks: 311 total,   1 running, 310 sleeping,   0 stopped,   0 zombie\n  Mem:  6072172K total,  5697484K used,   374688K free,   100168K buffers\n Swap:  4554124K total,   172800K used,  4381324K free,  4373580K cached\n400%cpu   0%user   0%nice   4%sys 392%idle   0%iow   0%irq   0%sirq   4%host\n  PID USER         PR  NI VIRT  RES  SHR S[%CPU] %MEM     TIME+ ARGS\n13032 root         20   0  10G 4.9M 4.1M R  3.8   0.0   0:00.00 top -b -n1 -m 12\n 6798 system       -3  -8  10G  39M  20M S  3.8   0.6   0:43.53 surfaceflinger\n13029 root         20   0  10G 3.2M 2.6M S  0.0   0.0   0:00.00 sh -c uptime; top -b -n1 -m 12; dumpsys activity activities | grep -m1 topResumedActivity; grep -E \"MemAvailable|SwapFree\" /proc/meminfo\n12041 root         20   0    0    0    0 I  0.0   0.0   0:00.92 [kworker/1:1-virtio_vsock]\n12029 u0_a210      20   0  10G 3.2M 2.6M S  0.0   0.0   0:00.00 sh\n12008 u0_a210      20   0  10G 3.2M 2.6M S  0.0   0.0   0:00.00 sh\n11996 u0_a210      10 -10  15G 189M 123M S  0.0   3.1   0:04.21 com.dergoogler.mmrl.wx\n11972 u0_a210      20   0  15G 184M 117M S  0.0   3.1   0:18.17 com.dergoogler.mmrl.process.webui\n11588 root         20   0    0    0    0 I  0.0   0.0   0:00.32 [kworker/u8:3-events_unbound]\n11224 root          0 -20    0    0    0 I  0.0   0.0   0:00.00 [kworker/u9:3-hci0]\n11181 root         20   0    0    0    0 I  0.0   0.0   0:00.00 [kworker/3:0-events]\n11075 root         20   0    0    0    0 I  0.0   0.0   0:00.30 [kworker/0:1-events]\n    topResumedActivity=ActivityRecord{c88b087 u0 com.dergoogler.mmrl.wx/.ui.activity.MainActivity t28}\nFailed to write while dumping service activity: Broken pipe\nMemAvailable:    4557580 kB\nSwapFree:        4381324 kB"}
{"check":"strategy-root-scroll-1","result":{"error":"no page target","sockets":[],"targets":[]}}
{"check":"strategy-root-scroll-1-device","result":"18:20:31 up 21 min,  0 users,  load average: 0.37, 1.70, 3.60\nTasks: 311 total,   2 running, 309 sleeping,   0 stopped,   0 zombie\n  Mem:  6072172K total,  5700984K used,   371188K free,   100168K buffers\n Swap:  4554124K total,   172800K used,  4381324K free,  4373628K cached\n400%cpu   8%user   0%nice  12%sys 377%idle   0%iow   0%irq   0%sirq   4%host\n  PID USER         PR  NI VIRT  RES  SHR S[%CPU] %MEM     TIME+ ARGS\n 7353 u0_a143      20   0  16G 262M 180M S  7.6   4.4   0:15.43 com.google.android.gms.persistent\n13053 root         20   0  10G 4.9M 4.1M R  3.8   0.0   0:00.02 top -b -n1 -m 12\n12041 root         20   0    0    0    0 R  3.8   0.0   0:00.99 [kworker/1:1+virtio_vsock]\n 7641 root         20   0    0    0    0 I  3.8   0.0   0:00.38 [kworker/0:0-virtio_vsock]\n 6872 system       18  -2  17G 350M 219M S  3.8   5.9   0:51.09 system_server\n   15 root         20   0    0    0    0 S  3.8   0.0   0:00.57 [ksoftirqd/0]\n13050 root         20   0  10G 3.2M 2.6M S  0.0   0.0   0:00.00 sh -c uptime; top -b -n1 -m 12; dumpsys activity activities | grep -m1 topResumedActivity; grep -E \"MemAvailable|SwapFree\" /proc/meminfo\n12029 u0_a210      20   0  10G 3.2M 2.6M S  0.0   0.0   0:00.00 sh\n12008 u0_a210      20   0  10G 3.2M 2.6M S  0.0   0.0   0:00.00 sh\n11996 u0_a210      10 -10  15G 189M 123M S  0.0   3.1   0:04.25 com.dergoogler.mmrl.wx\n11972 u0_a210      20   0  15G 184M 117M S  0.0   3.1   0:18.17 com.dergoogler.mmrl.process.webui\n11588 root         20   0    0    0    0 I  0.0   0.0   0:00.32 [kworker/u8:3-events_unbound]\n    topResumedActivity=ActivityRecord{c88b087 u0 com.dergoogler.mmrl.wx/.ui.activity.MainActivity t28}\nFailed to write while dumping service activity: Broken pipe\nMemAvailable:    4554080 kB\nSwapFree:        4381324 kB"}
{"check":"strategy-root-scroll-2","result":{"error":"no page target","sockets":[],"targets":[]}}
{"check":"strategy-root-scroll-2-device","result":"18:20:34 up 21 min,  0 users,  load average: 0.34, 1.68, 3.58\nTasks: 311 total,   1 running, 310 sleeping,   0 stopped,   0 zombie\n  Mem:  6072172K total,  5698352K used,   373820K free,   100168K buffers\n Swap:  4554124K total,   172800K used,  4381324K free,  4373632K cached\n400%cpu   0%user   0%nice   0%sys 396%idle   0%iow   0%irq   0%sirq   4%host\n  PID USER         PR  NI VIRT  RES  SHR S[%CPU] %MEM     TIME+ ARGS\n13075 root         20   0  10G 4.7M 4.0M R  7.6   0.0   0:00.01 top -b -n1 -m 12\n12041 root         20   0    0    0    0 I  3.8   0.0   0:01.07 [kworker/1:1-virtio_vsock]\n13072 root         20   0  10G 3.2M 2.6M S  0.0   0.0   0:00.00 sh -c uptime; top -b -n1 -m 12; dumpsys activity activities | grep -m1 topResumedActivity; grep -E \"MemAvailable|SwapFree\" /proc/meminfo\n12029 u0_a210      20   0  10G 3.2M 2.6M S  0.0   0.0   0:00.00 sh\n12008 u0_a210      20   0  10G 3.2M 2.6M S  0.0   0.0   0:00.00 sh\n11996 u0_a210      10 -10  15G 189M 123M S  0.0   3.1   0:04.30 com.dergoogler.mmrl.wx\n11972 u0_a210      20   0  15G 184M 117M S  0.0   3.1   0:18.17 com.dergoogler.mmrl.process.webui\n11588 root         20   0    0    0    0 I  0.0   0.0   0:00.32 [kworker/u8:3-events_unbound]\n11224 root          0 -20    0    0    0 I  0.0   0.0   0:00.00 [kworker/u9:3-hci0]\n11181 root         20   0    0    0    0 I  0.0   0.0   0:00.00 [kworker/3:0-events]\n11075 root         20   0    0    0    0 I  0.0   0.0   0:00.30 [kworker/0:1-events]\n10572 root         20   0    0    0    0 I  0.0   0.0   0:03.99 [kworker/1:3-virtio_vsock]\n    topResumedActivity=ActivityRecord{c88b087 u0 com.dergoogler.mmrl.wx/.ui.activity.MainActivity t28}\nFailed to write while dumping service activity: Broken pipe\nMemAvailable:    4556712 kB\nSwapFree:        4381324 kB"}
{"check":"tap-rust","result":{"error":"no page target","sockets":[],"targets":[]}}
{"check":"tap-rust-device","result":"18:20:35 up 21 min,  0 users,  load average: 0.34, 1.68, 3.58\nTasks: 311 total,   3 running, 308 sleeping,   0 stopped,   0 zombie\n  Mem:  6072172K total,  5705828K used,   366344K free,   100168K buffers\n Swap:  4554124K total,   172800K used,  4381324K free,  4373632K cached\n400%cpu   0%user   0%nice   7%sys 393%idle   0%iow   0%irq   0%sirq   0%host\n  PID USER         PR  NI VIRT  RES  SHR S[%CPU] %MEM     TIME+ ARGS\n13091 root         20   0  10G 4.7M 3.8M R  3.7   0.0   0:00.02 top -b -n1 -m 12\n 6872 system       18  -2  17G 351M 219M S  3.7   5.9   0:51.22 system_server\n 6798 system       -3  -8  10G  39M  20M S  3.7   0.6   0:43.59 surfaceflinger\n  406 system       -3   0  10G  16M  10M S  3.7   0.2   0:50.85 android.hardware.graphics.composer3-service.ranchu\n13088 root         20   0  10G 3.3M 2.7M S  0.0   0.0   0:00.00 sh -c uptime; top -b -n1 -m 12; dumpsys activity activities | grep -m1 topResumedActivity; grep -E \"MemAvailable|SwapFree\" /proc/meminfo\n12041 root         20   0    0    0    0 I  0.0   0.0   0:01.12 [kworker/1:1-virtio_vsock]\n12029 u0_a210      20   0  10G 3.2M 2.6M S  0.0   0.0   0:00.00 sh\n12008 u0_a210      20   0  10G 3.2M 2.6M S  0.0   0.0   0:00.00 sh\n11996 u0_a210      10 -10  15G 189M 123M S  0.0   3.1   0:04.30 com.dergoogler.mmrl.wx\n11972 u0_a210      20   0  15G 184M 117M S  0.0   3.1   0:18.17 com.dergoogler.mmrl.process.webui\n11588 root         20   0    0    0    0 I  0.0   0.0   0:00.32 [kworker/u8:3-events_unbound]\n11224 root          0 -20    0    0    0 I  0.0   0.0   0:00.00 [kworker/u9:3-hci0]\n    topResumedActivity=ActivityRecord{c88b087 u0 com.dergoogler.mmrl.wx/.ui.activity.MainActivity t28}\nFailed to write while dumping service activity: Broken pipe\nMemAvailable:    4549236 kB\nSwapFree:        4381324 kB"}
{"check":"rust","result":{"error":"no page target","sockets":[],"targets":[]}}
{"check":"rust-device","result":"18:20:45 up 21 min,  0 users,  load average: 0.29, 1.62, 3.54\nTasks: 311 total,   2 running, 309 sleeping,   0 stopped,   0 zombie\n  Mem:  6072172K total,  5700136K used,   372036K free,   100180K buffers\n Swap:  4554124K total,   172800K used,  4381324K free,  4373644K cached\n400%cpu   0%user   0%nice  15%sys 373%idle   0%iow   0%irq   4%sirq   8%host\n  PID USER         PR  NI VIRT  RES  SHR S[%CPU] %MEM     TIME+ ARGS\n13105 root         20   0  10G 4.8M 3.9M R  7.6   0.0   0:00.00 top -b -n1 -m 12\n12041 root         20   0    0    0    0 I  3.8   0.0   0:01.29 [kworker/1:1-virtio_vsock]\n 6872 system       18  -2  17G 352M 219M S  3.8   5.9   0:51.33 system_server\n13102 root         20   0  10G 3.3M 2.7M S  0.0   0.0   0:00.00 sh -c uptime; top -b -n1 -m 12; dumpsys activity activities | grep -m1 topResumedActivity; grep -E \"MemAvailable|SwapFree\" /proc/meminfo\n12029 u0_a210      20   0  10G 3.2M 2.6M S  0.0   0.0   0:00.00 sh\n12008 u0_a210      20   0  10G 3.2M 2.6M S  0.0   0.0   0:00.00 sh\n11996 u0_a210      10 -10  15G 189M 123M S  0.0   3.1   0:04.35 com.dergoogler.mmrl.wx\n11972 u0_a210      20   0  15G 184M 117M S  0.0   3.1   0:18.17 com.dergoogler.mmrl.process.webui\n11588 root         20   0    0    0    0 I  0.0   0.0   0:00.33 [kworker/u8:3-events_unbound]\n11224 root          0 -20    0    0    0 I  0.0   0.0   0:00.00 [kworker/u9:3-hci0]\n11181 root         20   0    0    0    0 I  0.0   0.0   0:00.00 [kworker/3:0-events]\n11075 root         20   0    0    0    0 I  0.0   0.0   0:00.30 [kworker/0:1-events]\n    topResumedActivity=ActivityRecord{c88b087 u0 com.dergoogler.mmrl.wx/.ui.activity.MainActivity t28}\nFailed to write while dumping service activity: Broken pipe\nMemAvailable:    4554952 kB\nSwapFree:        4381324 kB"}
{"check":"tap-rust-run","result":{"error":"no page target","sockets":[],"targets":[]}}
{"check":"tap-rust-run-device","result":"18:20:46 up 21 min,  0 users,  load average: 0.29, 1.62, 3.54\nTasks: 311 total,   1 running, 310 sleeping,   0 stopped,   0 zombie\n  Mem:  6072172K total,  5700660K used,   371512K free,   100180K buffers\n Swap:  4554124K total,   172800K used,  4381324K free,  4373644K cached\n400%cpu   0%user   0%nice   8%sys 392%idle   0%iow   0%irq   0%sirq   0%host\n  PID USER         PR  NI VIRT  RES  SHR S[%CPU] %MEM     TIME+ ARGS\n13121 root         20   0  10G 4.9M 4.0M R  3.8   0.0   0:00.02 top -b -n1 -m 12\n12041 root         20   0    0    0    0 I  3.8   0.0   0:01.34 [kworker/1:1-virtio_vsock]\n 6872 system       18  -2  17G 353M 219M S  3.8   5.9   0:51.36 system_server\n13118 root         20   0  10G 3.2M 2.6M S  0.0   0.0   0:00.00 sh -c uptime; top -b -n1 -m 12; dumpsys activity activities | grep -m1 topResumedActivity; grep -E \"MemAvailable|SwapFree\" /proc/meminfo\n12029 u0_a210      20   0  10G 3.2M 2.6M S  0.0   0.0   0:00.00 sh\n12008 u0_a210      20   0  10G 3.2M 2.6M S  0.0   0.0   0:00.00 sh\n11996 u0_a210      10 -10  15G 189M 123M S  0.0   3.1   0:04.35 com.dergoogler.mmrl.wx\n11972 u0_a210      20   0  15G 184M 117M S  0.0   3.1   0:18.17 com.dergoogler.mmrl.process.webui\n11588 root         20   0    0    0    0 I  0.0   0.0   0:00.33 [kworker/u8:3-events_unbound]\n11224 root          0 -20    0    0    0 I  0.0   0.0   0:00.00 [kworker/u9:3-hci0]\n11181 root         20   0    0    0    0 I  0.0   0.0   0:00.00 [kworker/3:0-events]\n11075 root         20   0    0    0    0 I  0.0   0.0   0:00.30 [kworker/0:1-events]\n    topResumedActivity=ActivityRecord{c88b087 u0 com.dergoogler.mmrl.wx/.ui.activity.MainActivity t28}\nFailed to write while dumping service activity: Broken pipe\nMemAvailable:    4554428 kB\nSwapFree:        4381324 kB"}
{"check":"rust-ran","result":{"error":"no page target","sockets":[],"targets":[]}}
{"check":"rust-ran-device","result":"18:21:07 up 21 min,  0 users,  load average: 0.21, 1.51, 3.47\nTasks: 311 total,   1 running, 310 sleeping,   0 stopped,   0 zombie\n  Mem:  6072172K total,  5701300K used,   370872K free,   100180K buffers\n Swap:  4554124K total,   154368K used,  4399756K free,  4373660K cached\n400%cpu   0%user   0%nice   4%sys 396%idle   0%iow   0%irq   0%sirq   0%host\n  PID USER         PR  NI VIRT  RES  SHR S[%CPU] %MEM     TIME+ ARGS\n13140 root         20   0  10G 4.8M 3.9M R  3.8   0.0   0:00.01 top -b -n1 -m 12\n13137 root         20   0  10G 3.3M 2.7M S  0.0   0.0   0:00.00 sh -c uptime; top -b -n1 -m 12; dumpsys activity activities | grep -m1 topResumedActivity; grep -E \"MemAvailable|SwapFree\" /proc/meminfo\n13127 root         20   0    0    0    0 I  0.0   0.0   0:00.02 [kworker/1:0-virtio_vsock]\n12041 root         20   0    0    0    0 I  0.0   0.0   0:01.56 [kworker/1:1-virtio_vsock]\n12029 u0_a210      20   0  10G 3.2M 2.6M S  0.0   0.0   0:00.00 sh\n12008 u0_a210      20   0  10G 3.2M 2.6M S  0.0   0.0   0:00.00 sh\n11996 u0_a210      10 -10  15G 189M 123M S  0.0   3.1   0:04.35 com.dergoogler.mmrl.wx\n11972 u0_a210      20   0  15G 184M 117M S  0.0   3.1   0:18.17 com.dergoogler.mmrl.process.webui\n11588 root         20   0    0    0    0 I  0.0   0.0   0:00.37 [kworker/u8:3-events_unbound]\n11224 root          0 -20    0    0    0 I  0.0   0.0   0:00.00 [kworker/u9:3-hci0]\n11181 root         20   0    0    0    0 I  0.0   0.0   0:00.00 [kworker/3:0-events]\n11075 root         20   0    0    0    0 I  0.0   0.0   0:00.30 [kworker/0:1-events]\n    topResumedActivity=ActivityRecord{c88b087 u0 com.dergoogler.mmrl.wx/.ui.activity.MainActivity t28}\nFailed to write while dumping service activity: Broken pipe\nMemAvailable:    4553792 kB\nSwapFree:        4399756 kB"}
{"check":"wasm-after-rust","result":{"error":"no page target","sockets":[],"targets":[]}}
{"check":"wasm-after-rust-device","result":"18:21:07 up 21 min,  0 users,  load average: 0.21, 1.51, 3.47\nTasks: 311 total,   2 running, 309 sleeping,   0 stopped,   0 zombie\n  Mem:  6072172K total,  5700292K used,   371880K free,   100180K buffers\n Swap:  4554124K total,   154368K used,  4399756K free,  4373668K cached\n400%cpu   4%user   0%nice   4%sys 392%idle   0%iow   0%irq   0%sirq   0%host\n  PID USER         PR  NI VIRT  RES  SHR S[%CPU] %MEM     TIME+ ARGS\n13154 root         20   0  10G 4.8M 3.9M R  7.6   0.0   0:00.01 top -b -n1 -m 12\n 6872 system       18  -2  17G 354M 219M S  3.8   5.9   0:51.58 system_server\n13151 root         20   0  10G 3.2M 2.6M S  0.0   0.0   0:00.00 sh -c uptime; top -b -n1 -m 12; dumpsys activity activities | grep -m1 topResumedActivity; grep -E \"MemAvailable|SwapFree\" /proc/meminfo\n13127 root         20   0    0    0    0 I  0.0   0.0   0:00.03 [kworker/1:0-virtio_vsock]\n12041 root         20   0    0    0    0 I  0.0   0.0   0:01.56 [kworker/1:1-virtio_vsock]\n12029 u0_a210      20   0  10G 3.2M 2.6M S  0.0   0.0   0:00.00 sh\n12008 u0_a210      20   0  10G 3.2M 2.6M S  0.0   0.0   0:00.00 sh\n11996 u0_a210      10 -10  15G 189M 123M S  0.0   3.1   0:04.35 com.dergoogler.mmrl.wx\n11972 u0_a210      20   0  15G 184M 117M S  0.0   3.1   0:18.17 com.dergoogler.mmrl.process.webui\n11588 root         20   0    0    0    0 I  0.0   0.0   0:00.37 [kworker/u8:3-events_unbound]\n11224 root          0 -20    0    0    0 I  0.0   0.0   0:00.00 [kworker/u9:3-hci0]\n11181 root         20   0    0    0    0 I  0.0   0.0   0:00.00 [kworker/3:0-events]\n    topResumedActivity=ActivityRecord{c88b087 u0 com.dergoogler.mmrl.wx/.ui.activity.MainActivity t28}\nFailed to write while dumping service activity: Broken pipe\nMemAvailable:    4554296 kB\nSwapFree:        4399756 kB"}
{"check":"tap-rust-run-2","result":{"error":"no page target","sockets":[],"targets":[]}}
{"check":"tap-rust-run-2-device","result":"18:21:08 up 21 min,  0 users,  load average: 0.21, 1.51, 3.47\nTasks: 311 total,   1 running, 310 sleeping,   0 stopped,   0 zombie\n  Mem:  6072172K total,  5701552K used,   370620K free,   100180K buffers\n Swap:  4554124K total,   154368K used,  4399756K free,  4373668K cached\n400%cpu   0%user   0%nice   4%sys 396%idle   0%iow   0%irq   0%sirq   0%host\n  PID USER         PR  NI VIRT  RES  SHR S[%CPU] %MEM     TIME+ ARGS\n13166 root         20   0  10G 4.8M 3.9M R  0.0   0.0   0:00.01 top -b -n1 -m 12\n13163 root         20   0  10G 3.2M 2.6M S  0.0   0.0   0:00.00 sh -c uptime; top -b -n1 -m 12; dumpsys activity activities | grep -m1 topResumedActivity; grep -E \"MemAvailable|SwapFree\" /proc/meminfo\n13127 root         20   0    0    0    0 I  0.0   0.0   0:00.04 [kworker/1:0-events]\n12041 root         20   0    0    0    0 I  0.0   0.0   0:01.56 [kworker/1:1-virtio_vsock]\n12029 u0_a210      20   0  10G 3.2M 2.6M S  0.0   0.0   0:00.00 sh\n12008 u0_a210      20   0  10G 3.2M 2.6M S  0.0   0.0   0:00.00 sh\n11996 u0_a210      10 -10  15G 189M 123M S  0.0   3.1   0:04.35 com.dergoogler.mmrl.wx\n11972 u0_a210      20   0  15G 184M 117M S  0.0   3.1   0:18.17 com.dergoogler.mmrl.process.webui\n11588 root         20   0    0    0    0 I  0.0   0.0   0:00.37 [kworker/u8:3-events_unbound]\n11224 root          0 -20    0    0    0 I  0.0   0.0   0:00.00 [kworker/u9:3-hci0]\n11181 root         20   0    0    0    0 I  0.0   0.0   0:00.00 [kworker/3:0-events]\n11075 root         20   0    0    0    0 I  0.0   0.0   0:00.30 [kworker/0:1-events]\n    topResumedActivity=ActivityRecord{c88b087 u0 com.dergoogler.mmrl.wx/.ui.activity.MainActivity t28}\nFailed to write while dumping service activity: Broken pipe\nMemAvailable:    4553036 kB\nSwapFree:        4399756 kB"}
{"check":"rust-ran-2","result":{"error":"no page target","sockets":[],"targets":[]}}
{"check":"rust-ran-2-device","result":"18:21:23 up 22 min,  0 users,  load average: 0.16, 1.44, 3.41\nTasks: 311 total,   1 running, 310 sleeping,   0 stopped,   0 zombie\n  Mem:  6072172K total,  5703288K used,   368884K free,   100180K buffers\n Swap:  4554124K total,   153856K used,  4400268K free,  4373668K cached\n400%cpu   0%user   0%nice   8%sys 392%idle   0%iow   0%irq   0%sirq   0%host\n  PID USER         PR  NI VIRT  RES  SHR S[%CPU] %MEM     TIME+ ARGS\n13179 root         20   0  10G 5.0M 4.1M R  3.8   0.0   0:00.01 top -b -n1 -m 12\n   38 root         20   0    0    0    0 S  3.8   0.0   0:03.34 [ksoftirqd/3]\n13176 root         20   0  10G 3.3M 2.7M S  0.0   0.0   0:00.00 sh -c uptime; top -b -n1 -m 12; dumpsys activity activities | grep -m1 topResumedActivity; grep -E \"MemAvailable|SwapFree\" /proc/meminfo\n13127 root         20   0    0    0    0 I  0.0   0.0   0:00.08 [kworker/1:0-virtio_vsock]\n12041 root         20   0    0    0    0 I  0.0   0.0   0:01.56 [kworker/1:1-virtio_vsock]\n12029 u0_a210      20   0  10G 3.2M 2.6M S  0.0   0.0   0:00.00 sh\n12008 u0_a210      20   0  10G 3.2M 2.6M S  0.0   0.0   0:00.00 sh\n11996 u0_a210      10 -10  15G 189M 123M S  0.0   3.1   0:04.35 com.dergoogler.mmrl.wx\n11972 u0_a210      20   0  15G 184M 117M S  0.0   3.1   0:18.18 com.dergoogler.mmrl.process.webui\n11588 root         20   0    0    0    0 I  0.0   0.0   0:00.40 [kworker/u8:3-events_unbound]\n11224 root          0 -20    0    0    0 I  0.0   0.0   0:00.00 [kworker/u9:3-hci0]\n11181 root         20   0    0    0    0 I  0.0   0.0   0:00.00 [kworker/3:0-events]\n    topResumedActivity=ActivityRecord{c88b087 u0 com.dergoogler.mmrl.wx/.ui.activity.MainActivity t28}\nFailed to write while dumping service activity: Broken pipe\nMemAvailable:    4551300 kB\nSwapFree:        4400268 kB"}
{"check":"tap-lifecycle","result":{"error":"no page target","sockets":[],"targets":[]}}
{"check":"tap-lifecycle-device","result":"18:21:24 up 22 min,  0 users,  load average: 0.16, 1.44, 3.41\nTasks: 311 total,   2 running, 309 sleeping,   0 stopped,   0 zombie\n  Mem:  6072172K total,  5708076K used,   364096K free,   100180K buffers\n Swap:  4554124K total,   153856K used,  4400268K free,  4373668K cached\n400%cpu   4%user   0%nice   0%sys 396%idle   0%iow   0%irq   0%sirq   0%host\n  PID USER         PR  NI VIRT  RES  SHR S[%CPU] %MEM     TIME+ ARGS\n13195 root         20   0  10G 4.8M 4.0M R  3.8   0.0   0:00.01 top -b -n1 -m 12\n 6798 system       -3  -8  10G  39M  20M S  3.8   0.6   0:43.78 surfaceflinger\n  395 system       20   0  10G 6.6M 5.6M S  3.8   0.1   0:08.97 android.hardware.sensors-service.multihal\n  160 system       20   0  10G 5.4M 4.2M S  3.8   0.0   0:03.65 servicemanager\n13192 root         20   0  10G 3.2M 2.6M S  0.0   0.0   0:00.00 sh -c uptime; top -b -n1 -m 12; dumpsys activity activities | grep -m1 topResumedActivity; grep -E \"MemAvailable|SwapFree\" /proc/meminfo\n13127 root         20   0    0    0    0 I  0.0   0.0   0:00.09 [kworker/1:0-virtio_vsock]\n12041 root         20   0    0    0    0 I  0.0   0.0   0:01.56 [kworker/1:1-virtio_vsock]\n12029 u0_a210      20   0  10G 3.2M 2.6M S  0.0   0.0   0:00.00 sh\n12008 u0_a210      20   0  10G 3.2M 2.6M S  0.0   0.0   0:00.00 sh\n11996 u0_a210      10 -10  15G 189M 123M S  0.0   3.1   0:04.35 com.dergoogler.mmrl.wx\n11972 u0_a210      20   0  15G 184M 117M S  0.0   3.1   0:18.18 com.dergoogler.mmrl.process.webui\n11588 root         20   0    0    0    0 I  0.0   0.0   0:00.40 [kworker/u8:3-events_unbound]\n    topResumedActivity=ActivityRecord{c88b087 u0 com.dergoogler.mmrl.wx/.ui.activity.MainActivity t28}\nFailed to write while dumping service activity: Broken pipe\nMemAvailable:    4546260 kB\nSwapFree:        4400268 kB"}
{"check":"tap-root-process","result":{"error":"no page target","sockets":[],"targets":[]}}
{"check":"tap-root-process-device","result":"18:21:28 up 22 min,  0 users,  load average: 0.23, 1.43, 3.40\nTasks: 311 total,   1 running, 310 sleeping,   0 stopped,   0 zombie\n  Mem:  6072172K total,  5710512K used,   361660K free,   100180K buffers\n Swap:  4554124K total,   153856K used,  4400268K free,  4373668K cached\n400%cpu   4%user   0%nice   4%sys 392%idle   0%iow   0%irq   0%sirq   0%host\n  PID USER         PR  NI VIRT  RES  SHR S[%CPU] %MEM     TIME+ ARGS\n13207 root         20   0  10G 4.7M 3.8M R  7.6   0.0   0:00.00 top -b -n1 -m 12\n13204 root         20   0  10G 3.2M 2.6M S  0.0   0.0   0:00.00 sh -c uptime; top -b -n1 -m 12; dumpsys activity activities | grep -m1 topResumedActivity; grep -E \"MemAvailable|SwapFree\" /proc/meminfo\n13127 root         20   0    0    0    0 I  0.0   0.0   0:00.11 [kworker/1:0-virtio_vsock]\n12041 root         20   0    0    0    0 I  0.0   0.0   0:01.56 [kworker/1:1-virtio_vsock]\n12029 u0_a210      20   0  10G 3.2M 2.6M S  0.0   0.0   0:00.00 sh\n12008 u0_a210      20   0  10G 3.2M 2.6M S  0.0   0.0   0:00.00 sh\n11996 u0_a210      10 -10  15G 189M 123M S  0.0   3.1   0:04.35 com.dergoogler.mmrl.wx\n11972 u0_a210      20   0  15G 184M 117M S  0.0   3.1   0:18.18 com.dergoogler.mmrl.process.webui\n11588 root         20   0    0    0    0 I  0.0   0.0   0:00.40 [kworker/u8:3-events_unbound]\n11224 root          0 -20    0    0    0 I  0.0   0.0   0:00.00 [kworker/u9:3-hci0]\n11181 root         20   0    0    0    0 I  0.0   0.0   0:00.00 [kworker/3:0-events]\n11075 root         20   0    0    0    0 I  0.0   0.0   0:00.30 [kworker/0:1-events]\n    topResumedActivity=ActivityRecord{c88b087 u0 com.dergoogler.mmrl.wx/.ui.activity.MainActivity t28}\nFailed to write while dumping service activity: Broken pipe\nMemAvailable:    4543824 kB\nSwapFree:        4400268 kB"}
{"check":"tap-start","result":{"error":"no page target","sockets":[],"targets":[]}}
{"check":"tap-start-device","result":"18:21:32 up 22 min,  0 users,  load average: 0.21, 1.41, 3.38\nTasks: 311 total,   1 running, 310 sleeping,   0 stopped,   0 zombie\n  Mem:  6072172K total,  5712948K used,   359224K free,   100180K buffers\n Swap:  4554124K total,   153856K used,  4400268K free,  4373668K cached\n400%cpu   8%user   0%nice   4%sys 385%idle   0%iow   0%irq   0%sirq   4%host\n  PID USER         PR  NI VIRT  RES  SHR S[%CPU] %MEM     TIME+ ARGS\n13219 root         20   0  10G 4.9M 4.1M R  3.8   0.0   0:00.01 top -b -n1 -m 12\n 6872 system       18  -2  17G 357M 219M S  3.8   6.0   0:51.86 system_server\n   38 root         20   0    0    0    0 S  3.8   0.0   0:03.35 [ksoftirqd/3]\n13216 root         20   0  10G 3.3M 2.7M S  0.0   0.0   0:00.00 sh -c uptime; top -b -n1 -m 12; dumpsys activity activities | grep -m1 topResumedActivity; grep -E \"MemAvailable|SwapFree\" /proc/meminfo\n13127 root         20   0    0    0    0 I  0.0   0.0   0:00.12 [kworker/1:0-virtio_vsock]\n12041 root         20   0    0    0    0 I  0.0   0.0   0:01.56 [kworker/1:1-virtio_vsock]\n12029 u0_a210      20   0  10G 3.2M 2.6M S  0.0   0.0   0:00.00 sh\n12008 u0_a210      20   0  10G 3.2M 2.6M S  0.0   0.0   0:00.00 sh\n11996 u0_a210      10 -10  15G 189M 123M S  0.0   3.1   0:04.35 com.dergoogler.mmrl.wx\n11972 u0_a210      20   0  15G 184M 117M S  0.0   3.1   0:18.18 com.dergoogler.mmrl.process.webui\n11588 root         20   0    0    0    0 I  0.0   0.0   0:00.40 [kworker/u8:3-events_unbound]\n11224 root          0 -20    0    0    0 I  0.0   0.0   0:00.00 [kworker/u9:3-hci0]\n    topResumedActivity=ActivityRecord{c88b087 u0 com.dergoogler.mmrl.wx/.ui.activity.MainActivity t28}\nFailed to write while dumping service activity: Broken pipe\nMemAvailable:    4542632 kB\nSwapFree:        4395404 kB"}
{"check":"lifecycle-running","result":{"error":"no page target","sockets":[],"targets":[]}}
{"check":"lifecycle-running-device","result":"18:21:40 up 22 min,  0 users,  load average: 0.18, 1.36, 3.34\nTasks: 311 total,   1 running, 310 sleeping,   0 stopped,   0 zombie\n  Mem:  6072172K total,  5691612K used,   380560K free,   100180K buffers\n Swap:  4554124K total,   175872K used,  4378252K free,  4373668K cached\n400%cpu   0%user   0%nice   4%sys 396%idle   0%iow   0%irq   0%sirq   0%host\n  PID USER         PR  NI VIRT  RES  SHR S[%CPU] %MEM     TIME+ ARGS\n13231 root         20   0  10G 4.9M 4.1M R  3.8   0.0   0:00.01 top -b -n1 -m 12\n13228 root         20   0  10G 3.2M 2.6M S  0.0   0.0   0:00.00 sh -c uptime; top -b -n1 -m 12; dumpsys activity activities | grep -m1 topResumedActivity; grep -E \"MemAvailable|SwapFree\" /proc/meminfo\n13127 root         20   0    0    0    0 I  0.0   0.0   0:00.15 [kworker/1:0-virtio_vsock]\n12041 root         20   0    0    0    0 I  0.0   0.0   0:01.56 [kworker/1:1-virtio_vsock]\n12029 u0_a210      20   0  10G 3.2M 2.6M S  0.0   0.0   0:00.00 sh\n12008 u0_a210      20   0  10G 3.2M 2.6M S  0.0   0.0   0:00.00 sh\n11996 u0_a210      10 -10  15G 189M 123M S  0.0   3.1   0:04.35 com.dergoogler.mmrl.wx\n11972 u0_a210      20   0  15G 184M 117M S  0.0   3.1   0:18.18 com.dergoogler.mmrl.process.webui\n11588 root         20   0    0    0    0 I  0.0   0.0   0:00.40 [kworker/u8:3-events_unbound]\n11224 root          0 -20    0    0    0 I  0.0   0.0   0:00.00 [kworker/u9:3-hci0]\n11181 root         20   0    0    0    0 I  0.0   0.0   0:00.00 [kworker/3:0-events]\n11075 root         20   0    0    0    0 I  0.0   0.0   0:00.30 [kworker/0:1-events]\n    topResumedActivity=ActivityRecord{c88b087 u0 com.dergoogler.mmrl.wx/.ui.activity.MainActivity t28}\nFailed to write while dumping service activity: Broken pipe\nMemAvailable:    4563480 kB\nSwapFree:        4378252 kB"}
{"check":"lifecycle-after-home","result":{"error":"no page target","sockets":[],"targets":[]}}
{"check":"lifecycle-after-home-device","result":"18:21:52 up 22 min,  0 users,  load average: 0.15, 1.32, 3.31\nTasks: 312 total,   1 running, 311 sleeping,   0 stopped,   0 zombie\n  Mem:  6072172K total,  5665064K used,   407108K free,   100192K buffers\n Swap:  4554124K total,   191744K used,  4362380K free,  4370752K cached\n400%cpu   4%user   0%nice   4%sys 388%idle   0%iow   0%irq   0%sirq   4%host\n  PID USER         PR  NI VIRT  RES  SHR S[%CPU] %MEM     TIME+ ARGS\n13282 root         20   0  10G 4.9M 4.0M R  3.8   0.0   0:00.01 top -b -n1 -m 12\n10572 root         20   0    0    0    0 I  3.8   0.0   0:04.03 [kworker/1:3-virtio_vsock]\n13279 root         20   0  10G 3.3M 2.7M S  0.0   0.0   0:00.00 sh -c uptime; top -b -n1 -m 12; dumpsys activity activities | grep -m1 topResumedActivity; grep -E \"MemAvailable|SwapFree\" /proc/meminfo\n13240 root         20   0    0    0    0 I  0.0   0.0   0:00.00 [kworker/u8:1]\n13127 root         20   0    0    0    0 I  0.0   0.0   0:00.16 [kworker/1:0-virtio_vsock]\n12041 root         20   0    0    0    0 I  0.0   0.0   0:01.56 [kworker/1:1-virtio_vsock]\n12029 u0_a210      20   0  10G 3.2M 2.6M S  0.0   0.0   0:00.00 sh\n12008 u0_a210      20   0  10G 3.2M 2.6M S  0.0   0.0   0:00.00 sh\n11996 u0_a210      10 -10  15G 190M 123M S  0.0   3.1   0:04.51 com.dergoogler.mmrl.wx\n11972 u0_a210      20   0  15G 160M 114M S  0.0   2.6   0:18.23 com.dergoogler.mmrl.process.webui\n11588 root         20   0    0    0    0 I  0.0   0.0   0:00.40 [kworker/u8:3-events_unbound]\n11224 root          0 -20    0    0    0 I  0.0   0.0   0:00.00 [kworker/u9:3-hci0]\n    topResumedActivity=ActivityRecord{c88b087 u0 com.dergoogler.mmrl.wx/.ui.activity.MainActivity t28}\nFailed to write while dumping service activity: Broken pipe\nMemAvailable:    4586412 kB\nSwapFree:        4362380 kB"}
{"check":"root-process","result":""}
/home/runner/work/devicelab/devicelab/out/sockprobe: 1 file pushed, 0 skipped. 144.4 MB/s (3501149 bytes in 0.023s)
{"check":"block-devices","result":"dm-0\ndm-1\ndm-11\ndm-13\ndm-14\ndm-16\ndm-17\ndm-18\ntotal 0\ndrwxr-xr-x 2 root root u:object_r:block_device:s0                140 2026-10-01 17:59 by-name\nbrw------- 1 root root u:object_r:dm_device:s0              254,   0 2026-10-01 17:59 dm-0\nbrw------- 1 root root u:object_r:dm_device:s0              254,   1 2026-10-01 17:59 dm-1\nbrw------- 1 root root u:object_r:dm_device:s0              254,  11 2026-10-01 17:59 dm-11\nbrw------- 1 root root u:object_r:dm_device:s0              254,  13 2026-10-01 17:59 dm-13\nbrw------- 1 root root u:object_r:dm_device:s0              254,  14 2026-10-01 17:59 dm-14\nbrw------- 1 root root u:object_r:dm_device:s0              254,  16 2026-10-01 17:59 dm-16\nbrw------- 1 root root u:object_r:dm_device:s0              254,  17 2026-10-01 17:59 dm-17\nbrw------- 1 root root u:object_r:dm_device:s0              254,  18 2026-10-01 17:59 dm-18\nbrw------- 1 root root u:object_r:dm_device:s0              254,  19 2026-10-01 17:59 dm-19\nbrw------- 1 root root u:object_r:dm_device:s0              254,   2 2026-10-01 17:59 dm-2\n-- su:\n0000000  \\0\n-- ksu:\n{\"error\":\"write /proc/thread-self/attr/current: operation not permitted\",\"op\":\"setcon\"}\n-- avc:"}
{"check":"back-1","result":{"error":"no page target","sockets":[],"targets":[]}}
{"check":"back-1-device","result":"18:21:56 up 22 min,  0 users,  load average: 0.14, 1.29, 3.29\nTasks: 313 total,   1 running, 312 sleeping,   0 stopped,   0 zombie\n  Mem:  6072172K total,  5665076K used,   407096K free,   100220K buffers\n Swap:  4554124K total,   191744K used,  4362380K free,  4374300K cached\n400%cpu  12%user   0%nice  23%sys 342%idle   0%iow   0%irq   0%sirq  23%host\n  PID USER         PR  NI VIRT  RES  SHR S[%CPU] %MEM     TIME+ ARGS\n 7718 u0_a134      20   0  15G 169M 108M S 11.5   2.8   0:01.09 com.google.android.apps.messaging:rcs\n13338 root         20   0  10G 4.8M 3.9M R  3.8   0.0   0:00.01 top -b -n1 -m 12\n 7863 u0_a134      20   0  16G 260M 173M S  3.8   4.3   0:22.41 com.google.android.apps.messaging\n 7257 radio        20   0  15G 149M  91M S  3.8   2.5   0:02.16 com.android.phone\n 6872 system       18  -2  17G 339M 219M S  3.8   5.7   0:52.89 system_server\n  406 system       -3   0  10G  16M  10M S  3.8   0.2   0:51.70 android.hardware.graphics.composer3-service.ranchu\n13335 root         20   0  10G 3.2M 2.6M S  0.0   0.0   0:00.00 sh -c uptime; top -b -n1 -m 12; dumpsys activity activities | grep -m1 topResumedActivity; grep -E \"MemAvailable|SwapFree\" /proc/meminfo\n13330 root         20   0    0    0    0 I  0.0   0.0   0:00.00 [kworker/0:2-virtio_vsock]\n13240 root         20   0    0    0    0 I  0.0   0.0   0:00.00 [kworker/u8:1]\n13127 root         20   0    0    0    0 I  0.0   0.0   0:00.16 [kworker/1:0-virtio_vsock]\n12041 root         20   0    0    0    0 I  0.0   0.0   0:01.56 [kworker/1:1-virtio_vsock]\n12029 u0_a210      20   0  10G 3.2M 2.6M S  0.0   0.0   0:00.00 sh\n      topResumedActivity=ActivityRecord{ef42d62 u0 com.google.android.apps.nexuslauncher/.NexusLauncherActivity t11}\nFailed to write while dumping service activity: Broken pipe\nMemAvailable:    4590400 kB\nSwapFree:        4362380 kB"}
{"check":"back-1-top","result":"topResumedActivity=ActivityRecord{ef42d62 u0 com.google.android.apps.nexuslauncher/.NexusLauncherActivity t11}"}
{"check":"back-2-top","result":"topResumedActivity=ActivityRecord{ef42d62 u0 com.google.android.apps.nexuslauncher/.NexusLauncherActivity t11}"}
{"check":"back-3-top","result":"topResumedActivity=ActivityRecord{ef42d62 u0 com.google.android.apps.nexuslauncher/.NexusLauncherActivity t11}"}
{"check":"sys-dark","night":"yes","color_mode":"","opened":"opened: none","result":{"error":"no page target","sockets":[],"targets":[]}}
{"check":"sys-light","night":"no","color_mode":"","opened":"opened: none","result":{"error":"no page target","sockets":[],"targets":[]}}
