* Boot slot:  _a
* Virtual_AB: no
* Kernel:     6.12.74-android16-6-g3ec022196c4e-ab15076761
I:Is_Mounted: Unable to find partition for path '/system_root'
Unable to find partition for path '/system_root'
I:Is_Mounted: Unable to find partition for path '/system_root'
Unable to find partition for path '/system_root'
I:Is_Mounted: Unable to find partition for path '/system_root'
Unable to find partition for path '/system_root'
I:Is_Mounted: Unable to find partition for path '/system_root'
Unable to find partition for path '/system_root'
* No ROM.
--------------------------
I:Is_Mounted: Unable to find partition for path '/system_root'
Unable to find partition for path '/system_root'
I:Is_Mounted: Unable to find partition for path '/system_root'
Unable to find partition for path '/system_root'
I:Is_Mounted: Unable to find partition for path '/system_root'
Unable to find partition for path '/system_root'
I:Is_Mounted: Unable to find partition for path '/system_root'
Unable to find partition for path '/system_root'
I:ROM Status: Is not installed
I:Themes version: 2.0
I:Can't probe device /dev/block/vda9
I:Unable to mount '/data'
I:Actual block device: '/dev/block/vda9', current file system: 'ext4'
I:Can't probe device /dev/block/vda9
I:Unable to mount '/data'
I:Actual block device: '/dev/block/vda9', current file system: 'ext4'
I:Can't probe device /dev/block/vda9
I:Unable to mount '/data'
I:Actual block device: '/dev/block/vda9', current file system: 'ext4'
I:Starting Adb Backup FIFO
I:Reloading input devices
lab-stock-ui: press Files card 190,330
I:Cannot find file /sys/class/timed_output/vibrator/enable
lab-stock-ui: transition fastboot
lab-stock-ui: transition recovery
lab-stock-ui: power held on event6
lab-stock-ui: tap Recovery 491,630 (uptime 1789)
