yes: standard output: Broken pipe
Auto-selecting single ABI x86_64
Do you wish to create a custom hardware profile? [no] lab.avd
lab.ini
emulator Android emulator version 37.2.12.0 (build_id 16428233) (CL:N/A)
* daemon not running; starting now at tcp:5037
* daemon started successfully
booted in 29s: google/sdk_gphone64_x86_64/emu64xa:15/AE3A.240806.043/12960925:userdebug/dev-keys
kernel 6.6.50-android15-8-g8adecb593e9b-ab12525588 -> kmi android15-6.6; tiann/KernelSU v3.3.0
total 16428
drwx------  2 runner runner     4096 Oct  1 22:16 .
drwxrwxrwt 16 root   root       4096 Oct  1 22:16 ..
-rw-r--r--  1 runner runner 10777987 Oct  1 22:16 KernelSU_v3.3.0_32601-release.apk
-rw-r--r--  1 runner runner  5713312 Oct  1 22:16 ksud-x86_64-linux-android
-rw-r--r--  1 runner runner   318824 Oct  1 22:16 lkm-x86_64-android15-6.6_kernelsu.ko
== manager installed (me.weishu.kernelsu, KernelSU_v3.3.0_32601-release.apk)
/tmp/tmp.TrieX9VnLE/lkm-x86_64-android15-6.6_kernelsu.ko: 1 file pushed, 0 skipped. 5.6 MB/s (318824 bytes in 0.055s)
/tmp/tmp.TrieX9VnLE/ksud-x86_64-linux-android: 1 file pushed, 0 skipped. 96.1 MB/s (5713312 bytes in 0.057s)
== ksud: ksud 3.3.0 (uapi: 2)
== ksud late-load: rc=0
== ksud insmod /data/adb/kernelsu.ko: Error: load module failed: /data/adb/kernelsu.ko

Caused by:
    0: init_module failed without vermagic mismatch
    1: File exists (os error 17)
rc=1
kernelsu              159744  0 
== lsmod: kernelsu              159744  1 
KernelSU_v3.3.0_32601-release.apk
ksud-aarch64-apple-darwin
ksud-aarch64-linux-android
ksud-aarch64-unknown-linux-musl
ksud-x86_64-apple-darwin
ksud-x86_64-linux-android
ksud-x86_64-pc-windows-gnu.exe
ksud-x86_64-unknown-linux-musl
ksuinit-aarch64
ksuinit-x86_64
lkm-aarch64-android12-5.10_kernelsu.ko
lkm-aarch64-android13-5.10_kernelsu.ko
lkm-aarch64-android13-5.15_kernelsu.ko
lkm-aarch64-android14-5.15_kernelsu.ko
lkm-aarch64-android14-6.1_kernelsu.ko
lkm-aarch64-android15-6.6_kernelsu.ko
lkm-aarch64-android16-6.12_kernelsu.ko
lkm-aarch64-android17-6.18_kernelsu.ko
lkm-x86_64-android12-5.10_kernelsu.ko
lkm-x86_64-android13-5.10_kernelsu.ko
lkm-x86_64-android13-5.15_kernelsu.ko
lkm-x86_64-android14-5.15_kernelsu.ko
lkm-x86_64-android14-6.1_kernelsu.ko
lkm-x86_64-android15-6.6_kernelsu.ko
lkm-x86_64-android16-6.12_kernelsu.ko
lkm-x86_64-android17-6.18_kernelsu.ko
== no metamodule asset in tiann/KernelSU v3.3.0
/home/runner/work/devicelab/devicelab/modules/probe/./: 2 files pushed, 0 skipped. 0.0 MB/s (1474 bytes in 0.504s)
== modules: [
  {
    "version": "1",
    "web": "true",
    "description": "Observation module for devicelab. Its WebUI page is driven over DevTools.",
    "action": "false",
    "id": "devicelab_probe",
    "enabled": "true",
    "remove": "false",
    "versionCode": "1",
    "author": "p0g-stack",
    "update": "false",
    "mount": "false",
    "name": "devicelab probe"
  }
]
SELinux: Loaded file context from:
		/system/etc/selinux/plat_file_contexts
		/system_ext/etc/selinux/system_ext_file_contexts
		/vendor/etc/selinux/vendor_file_contexts
== home text: text="LKM" text="Working [Jailbreak mode]" text="Version: 32601-2" text="Manager version" text="v3.3.0 (32601-2)" text="Kernel version" text="6.6.50-android15-8-g8adecb593e9b-ab12525588" text="Device model" text="Google sdk_gphone64_x86_64" text="Fingerprint" text="google/sdk_gphone64_x86_64/emu64xa:15/AE3A.240806.043/12960925:userdebug/dev-keys" text="Enforcing" text="KernelSU" text="Home" text="Superuser" text="1" text="Module" text="Settings" 
== manager activities: me.weishu.kernelsu/.magica.BootCompletedReceiver me.weishu.kernelsu/.ui.MainActivity me.weishu.kernelsu/androidx.core.content.FileProvider me.weishu.kernelsu/androidx.profileinstaller.ProfileInstallReceiver me.weishu.kernelsu/androidx.startup.InitializationProvider 
HTTP 500 (https://api.github.com/repos/MMRLApp/WebUI-X-Portable/releases/latest)
WebUI-X-v438-release-official.apk
WebUI-X-v438-release-spoofed.apk
== downloaded MMRLApp/WebUI-X-Portable  WebUI-X-v438-release-official.apk
Success
== installed com.dergoogler.mmrl.wx uid=10210     versionName=v438-release
== activities: com.dergoogler.mmrl.wx/.ui.activity.CrashHandlerActivity com.dergoogler.mmrl.wx/.ui.activity.MainActivity com.dergoogler.mmrl.wx/.ui.activity.modconf.ModConfActivity com.dergoogler.mmrl.wx/.ui.activity.webui.KsuWebUIActivity com.dergoogler.mmrl.wx/.ui.activity.webui.WebUIActivity com.dergoogler.mmrl.wx/.util.NonRootService com.dergoogler.mmrl.wx/androidx.core.content.FileProvider com.dergoogler.mmrl.wx/androidx.profileinstaller.ProfileInstallReceiver com.dergoogler.mmrl.wx/androidx.startup.InitializationProvider com.dergoogler.mmrl.wx/androidx.work.impl.background.systemalarm.ConstraintProxy com.dergoogler.mmrl.wx/androidx.work.impl.background.systemalarm.ConstraintProxyUpdateReceiver com.dergoogler.mmrl.wx/androidx.work.impl.background.systemalarm.RescheduleReceiver com.dergoogler.mmrl.wx/androidx.work.impl.diagnostics.DiagnosticsReceiver 
ui: tapped 'Superuser' at 120,584
ui: no node with 'com.dergoogler.mmrl.wx'
ui: tapped 160,152
ui: tapped 'com.dergoogler.mmrl.wx' at 160,130
[12,230][308,290] Superuser
[243,236][292,284] 
[12,302][308,358] App Profile | Default
[12,26][60,74] 
[260,26][308,74] Settings
ui: tapped switch 1 ('', was checked=false)
== ksud feature list: Available Features: ================================================================================ [ENABLED (1)] su_compat (ID=0)     SU Compatibility Mode - allows authorized apps to gain root via traditional 'su' command  [ENABLED (1)] kernel_umount (ID=1)     Kernel Umount - controls whether kernel automatically unmounts modules when not needed  [DISABLED] sulog (ID=2)     SU Log - streams kernel sulog events to userspace and persists them to disk  [DISABLED] adb_root (ID=3)     ADB Root - Enable adbd root  [DISABLED] selinux_hide (ID=4)     SELinux Hide - sanitize /sys/fs/selinux access results for app UIDs  [DISABLED] webview_zygote_umount (ID=5)     WebView Zygote Umount - unmount modules from WebView zygote and its isolated children  
== su_compat: Feature: su_compat (0) Description: SU Compatibility Mode - allows authorized apps to gain root via traditional 'su' command Value: 1 Status: enabled 
== root grant: ui; su as app uid 10210: su: failed to exec /system/bin/su: No such file or directory
ui: tapped 'KernelSU' at 160,265
[40,165][280,221] Magisk
[40,309][280,389] KernelSU Next
[40,405][280,461] APatch
[40,477][280,557] SukiSU Ultra
[40,573][280,629] Non-Root
[40,644][280,692] Continue with KernelSU
ui: tapped 'Continue with KernelSU' at 160,668
[16,104][304,330] devicelab probe | 1 (1) by p0g-stack | Updated on 1 October 2026 | Observation module for devicelab. Its WebUI page is d
[32,274][90,322] 
[153,274][288,322] Add Shortcut
[220,32][268,80] 
[268,32][316,80] 
[164,796][320,876] Settings
ui: no node with 'Continue with KernelSU'
ui: no node with 'Next'
ui: no node with 'Continue'
ui: no node with 'Grant'
ui: no node with 'Allow'
ui: no node with 'Get started'
ui: no node with 'Done'
ui: no node with 'OK'
ui: no node with 'Finish'
[16,104][304,330] devicelab probe | 1 (1) by p0g-stack | Updated on 1 October 2026 | Observation module for devicelab. Its WebUI page is d
[32,274][90,322] 
[153,274][288,322] Add Shortcut
[220,32][268,80] 
[268,32][316,80] 
[164,796][320,876] Settings
ui: no node with 'Continue with KernelSU'
ui: no node with 'Next'
ui: no node with 'Continue'
ui: no node with 'Grant'
ui: no node with 'Allow'
ui: no node with 'Get started'
ui: no node with 'Done'
ui: no node with 'OK'
ui: no node with 'Finish'
[16,104][304,330] devicelab probe | 1 (1) by p0g-stack | Updated on 1 October 2026 | Observation module for devicelab. Its WebUI page is d
[32,274][90,322] 
[153,274][288,322] Add Shortcut
[220,32][268,80] 
[268,32][316,80] 
[164,796][320,876] Settings
== WebUI X platform after onboarding: preferences.pb 
== devtools sockets: 
inputs/modules/flutter_webui_counter-0.1.5.zip: 1 file pushed, 0 skipped. 481.8 MB/s (21434766 bytes in 0.042s)
== install flutter_webui_counter-0.1.5.zip
  inflating: webroot/fonts/notocoloremoji/v32/Yq6P-KqIXTD0t4D9z1ESnKM3-HpFabsE4tq3luCC7p-aXxcn.3.woff2
  inflating: webroot/fonts/notocoloremoji/v32/Yq6P-KqIXTD0t4D9z1ESnKM3-HpFabsE4tq3luCC7p-aXxcn.8.woff2
  inflating: webroot/fonts/notocoloremoji/v32/Yq6P-KqIXTD0t4D9z1ESnKM3-HpFabsE4tq3luCC7p-aXxcn.2.woff2
   creating: webroot/fonts/notosansmath/
   creating: webroot/fonts/notosansmath/v15/
  inflating: webroot/fonts/notosansmath/v15/7Aump_cpkSecTWaHRlH2hyV5UHkD-V048PW0.woff2
   creating: webroot/fonts/roboto/
   creating: webroot/fonts/roboto/v32/
  inflating: webroot/fonts/roboto/v32/KFOmCnqEu92Fr1Me4GZLCzYlKw.woff2
  inflating: webroot/.last_build_id
  inflating: webroot/config.json
  inflating: webroot/flutter_webui.js
  inflating: customize.sh
- Done
- Module installed successfully!
inputs/modules/counter-v1.0.0.zip: 1 file pushed, 0 skipped. 464.7 MB/s (6582359 bytes in 0.014s)
== install counter-v1.0.0.zip
  inflating: webroot/canvaskit/chromium/canvaskit.wasm
  inflating: webroot/config.json
  inflating: webroot/favicon.png
  inflating: webroot/flutter.js
  inflating: webroot/flutter_bootstrap.js
  inflating: webroot/icons/Icon-192.png
  inflating: webroot/icons/Icon-512.png
  inflating: webroot/icons/Icon-maskable-192.png
  inflating: webroot/icons/Icon-maskable-512.png
  inflating: webroot/index.html
  inflating: webroot/main.dart.js
  inflating: webroot/manifest.json
  inflating: webroot/version.json
- Done
- Module installed successfully!
inputs/modules/demo.zip: 1 file pushed, 0 skipped. 396.5 MB/s (28103187 bytes in 0.068s)
== install demo.zip
  inflating: webroot/main.dart.js
  inflating: webroot/manifest.json
  inflating: webroot/pkg/.gitignore
  inflating: webroot/pkg/demo_native.js
  inflating: webroot/pkg/demo_native_bg.wasm
  inflating: webroot/pkg/package.json
  inflating: webroot/version.json
  inflating: webroot/workers/demo_service.web.g.dart.js
  inflating: webroot/workers/hello_service.web.g.dart.js
  inflating: webui_app_plane/arm64-v8a/webui_termux_api.aot
  inflating: webui_app_plane/termux-api
  inflating: webui_app_plane/x86_64/webui_termux_api.aot
- Handle partition /product
- Done
- Module installed successfully!
/home/runner/work/devicelab/devicelab/envdump.zip: 1 file pushed, 0 skipped. 21.3 MB/s (1766 bytes in 0.000s)
== install envdump.zip
 devicelab envdump 
 by p0g-stack 
*******************
*********************
 Powered by KernelSU 
*********************
Archive:  /data/local/tmp/m.zip
  inflating: customize.sh
- Extracting module files
Archive:  /data/local/tmp/m.zip
  inflating: module.prop
  inflating: customize.sh
- devicelab envdump: written /data/local/tmp/customize-env.txt
- Done
- Module installed successfully!
== soft-reboot: 
== after soft-reboot (41s): [
  {
    "author": "p0g-stack",
    "remove": "false",
    "description": "Observation module for devicelab. Its WebUI page is driven over DevTools.",
    "action": "false",
    "id": "devicelab_probe",
    "versionCode": "1",
    "enabled": "true",
    "update": "false",
    "web": "true",
    "version": "1",
    "mount": "false",
    "name": "devicelab probe"
  },
  {
    "mount": "false",
    "web": "true",
    "update": "false",
    "name": "flutter-webui Counter",
    "id": "flutter_webui_counter",
    "version": "0.1.5",
    "author": "p0g-stack",
    "remove": "false",
    "enabled": "true",
    "versionCode": "6",
    "description": "Stock Flutter counter app on flutter-webui (devicelab bring-up build).",
    "action": "false"
  },
  {
    "versionCode": "1",
    "web": "true",
    "action": "false",
    "mount": "false",
    "update": "false",
    "id": "counter",
    "description": "A new Flutter project.",
    "version": "v1.0.0",
    "remove": "false",
    "author": "Yuv",
    "name": "Counter",
    "enabled": "true"
  },
  {
    "mount": "true",
    "updateJson": "https://github.com/p0g-stack/demo/releases/latest/download/update.json",
    "enabled": "true",
    "description": "The demo GUI. Flutter on top of the core.",
    "versionCode": "35",
    "id": "demo",
    "version": "v0.1.35",
    "remove": "false",
    "action": "false",
    "update": "false",
    "name": "Demo",
    "author": "",
    "web": "true"
  },
  {
    "id": "devicelab_envdump",
    "versio
total 56
drwxrwxrwx 7 root root 4096 2026-10-01 22:20 .
drwx------ 6 root root 4096 2026-10-01 22:20 ..
drwxr-xr-x 3 root root 4096 2026-10-01 22:20 counter
drwxr-xr-x 8 root root 4096 2026-10-01 22:20 demo
drwxr-xr-x 2 root root 4096 2026-10-01 22:20 devicelab_envdump
drwxr-xr-x 3 root root 4096 2026-10-01 22:16 devicelab_probe
drwxr-xr-x 4 root root 4096 2026-10-01 22:20 flutter_webui_counter
/home/runner/work/devicelab/devicelab/out/labserver: 1 file pushed, 0 skipped. 216.7 MB/s (7843260 bytes in 0.035s)
Starting: Intent { cmp=com.dergoogler.mmrl.wx/.ui.activity.webui.WebUIActivity (has extras) }
Status: ok
Activity: com.dergoogler.mmrl.wx/.ui.activity.webui.WebUIActivity
https://mui.kernelsu.org/index.html
opened: intent
{"check":"targets","result":[{"socket": "webview_devtools_remote_9928", "type": "page", "url": "https://mui.kernelsu.org/index.html", "title": "devicelab probe"}]}
{"check":"globals","result":{"url":"https://mui.kernelsu.org/index.html","socket":"webview_devtools_remote_9928","value":{"ua":"WebUI X/438 (Linux; Android 15; sdk_gphone64_x86_64; KernelSU/32601)","origin":"https://mui.kernelsu.org","href":"https://mui.kernelsu.org/index.html","globals":["$DeFile","$DeFileInputStream","$DeFileOutputStream","$devicelab_probe","$intent","$packageManager","$userManager","ksu","webui"],"ksu":["exec","execBool","fullScreen","mmrl","moduleInfo","spawn","toast","exec","execBool","fullScreen","mmrl","moduleInfo","spawn","toast"]}}}
{"check":"ksu-exec","result":{"url":"https://mui.kernelsu.org/index.html","socket":"webview_devtools_remote_9928","value":{"code":0,"out":"uid=0(root) gid=0(root) groups=0(root) context=u:r:ksu:s0\nu:r:ksu:s0\u0000","err":""}}}
{"check":"ws-loopback","result":{"url":"https://mui.kernelsu.org/index.html","socket":"webview_devtools_remote_9928","value":{"got":["{\"origin\":\"https://mui.kernelsu.org\",\"peerUid\":10210,\"remote\":\"127.0.0.1:53620\",\"serverUid\":0,\"t\":1790893288875,\"uidSource\":\"/proc/net/tcp\"}","hi"],"ms":23}}}
{"check":"fetch-loopback","result":{"url":"https://mui.kernelsu.org/index.html","socket":"webview_devtools_remote_9928","value":{"origin":"https://mui.kernelsu.org","peerUid":10210,"remote":"127.0.0.1:53632","serverUid":0,"t":1790893289008,"uidSource":"/proc/net/tcp"}}}
{"check":"webview-uid","result":["webview_zygote 1053 webview_zygote", "u0_a210      10210 com.dergoogler.mmrl.wx", "root             0 com.dergoogler.mmrl.wx:root:0", "root             0 com.dergoogler.mmrl.wx:root:0", "u0_a151      10151 com.google.android.webview:webview_service", "u0_i9000     99000 com.google.android.webview:sandboxed_process0:org.chromium.content.app.SandboxedProcessService0:0"]}
{"check":"while-home-heartbeat","result":{"url":"https://mui.kernelsu.org/index.html","socket":"webview_devtools_remote_9928","value":{"now":12593,"vis":"hidden"}}}
{"check":"lifecycle","result":{"url":"https://mui.kernelsu.org/index.html","socket":"webview_devtools_remote_9928","value":{"events":[{"type":"pageshow","t":89,"vis":"visible"},{"type":"visibilitychange","t":6467,"vis":"hidden"},{"type":"visibilitychange","t":14886,"vis":"visible"}],"gaps":[{"from":6337,"ms":8549,"vis":"visible"}],"slow":{"heldMs":3000,"sentAt":1790893292168,"resolvedAt":1790893292172,"vis":"hidden"}}}}
{"check":"dev-url","result":{"error":"no page target","sockets":["webview_devtools_remote_9928"],"targets":[{"socket":"webview_devtools_remote_9928","port":9300,"description":"{\"attached\":true,\"empty\":false,\"height\":640,\"never_attached\":false,\"screenX\":0,\"screenY\":0,\"visible\":false,\"width\":320}","devtoolsFrontendUrl":"https://chrome-devtools-frontend.appspot.com/serve_internal_file/@7741f71cbce3b7dfe3eb5890976d2596364b0733/inspector.html?ws=127.0.0.1:9300/devtools/page/C02CF2B6F1F808B1470BA3EE82902D57","id":"C02CF2B6F1F808B1470BA3EE82902D57","title":"devicelab probe","type":"page","url":"https://mui.kernelsu.org/index.html","webSocketDebuggerUrl":"ws://127.0.0.1:9300/devtools/page/C02CF2B6F1F808B1470BA3EE82902D57"}]}}
Starting: Intent { cmp=com.dergoogler.mmrl.wx/.ui.activity.webui.WebUIActivity (has extras) }
Status: ok
Activity: com.dergoogler.mmrl.wx/.ui.activity.webui.WebUIActivity
https://mui.kernelsu.org/index.html
opened: intent
{"check":"targets","result":[{"type": "page", "url": "https://mui.kernelsu.org/index.html", "title": "Flutter Demo"}]}
{"check":"page","result":{"url":"https://mui.kernelsu.org/index.html","socket":"webview_devtools_remote_10332","value":{"href":"https://mui.kernelsu.org/index.html","title":"Flutter Demo","ready":"complete","flutter":true,"glass":true,"nav":{"dcl":85,"load":450},"paint":{"first-paint":1376,"first-contentful-paint":1376},"glassAt":"present","firstFrame":null,"insets":"24px","vv":[320,640,1]}}}
{"check":"java-exceptions","result":["10-01 22:21:54.153  8072  8566 W GLSUser : \tat bpdw.b(:com.google.android.gms@242335041@24.23.35 (190800-646585959):80)", "10-01 22:21:54.153  8072  8566 W GLSUser : \tat bpgb.e(:com.google.android.gms@242335041@24.23.35 (190800-646585959):17)", "10-01 22:21:54.153  8072  8566 W GLSUser : \tat bpgp.onSucceeded(:com.google.android.gms@242335041@24.23.35 (190800-646585959):7)", "10-01 22:21:54.153  8072  8566 W GLSUser : \tat m.mw.onSucceeded(:com.google.android.gms.dynamite_cronetdynamite@242335041@24.23.35 (190800-0):3)", "10-01 22:21:54.153  8072  8566 W GLSUser : \tat m.lt.run(:com.google.android.gms.dynamite_cronetdynamite@242335041@24.23.35 (190800-0):25)", "10-01 22:21:54.153  8072  8566 W GLSUser : \t... 6 more", "10-01 22:21:54.153  8072  8566 W GLSUser : Caused by: fkhe: Protocol message contained an invalid tag (zero).", "10-01 22:21:54.153  8072  8566 W GLSUser : \tat fkea.k(:com.google.android.gms@242335041@24.23.35 (190800-646585959):39)", "10-01 22:21:54.153  8072  8566 W GLSUser : \tat fkid.c(:com.google.android.gms@242335041@24.23.35 (190800-646585959):309)", "10-01 22:21:54.153  8072  8566 W GLSUser : \tat fkid.i(:com.google.android.gms@242335041@24.23.35 (190800-646585959):8)", "10-01 22:21:54.153  8072  8566 W GLSUser : \tat fkgi.fe(:com.google.android.gms@242335041@24.23.35 (190800-646585959):25)", "10-01 22:21:54.153  8072  8566 W GLSUser : \tat fkgc.g(:com.google.android.gms@242335041@24.23.35 (190800-646585959):3)", "--", "10-01 22:21:54.556  8072  8153 I ChimeraSrvcProxy: NullBinder for android.net.action.RECOMMEND_NETWORKS triggering remote TransactionTooLargeException due to Service without Chimera impl", "10-01 22:21:54.556  8072  8153 W .gms.persistent: Large reply transaction of 1056768 bytes, interface descriptor , code 1", "10-01 22:21:55.388 10516 10516 W BpBinder: Linking to death on android.gui.ISurfaceComposer but there are no threads (yet?) listening to incoming transactions. See ProcessState::startThreadPool and ProcessState::setThreadPoolMaxThreadCount. Generally you should setup the binder threadpool before other initialization steps.", "10-01 22:21:55.388 10516 10516 W ProcessState: Extra binder thread started, but 0 threads requested. Do not use *startThreadPool when zero threads are requested.", "10-01 22:21:55.395   173   173 I hwservicemanager: getTransport: Cannot find entry android.hardware.graphics.mapper@4.0::IMapper/default in either framework or device VINTF manifest.", "10-01 22:21:55.395 10516 10517 I Gralloc4: mapper 4.x is not supported", "10-01 22:21:55.545     0     0 I servicemanager: Caller(pid=10516,uid=0,sid=u:r:su:s0) Could not find android.hardware.graphics.allocator.IAllocator/default in the VINTF manifest. No alternative instances declared in VINTF.", "10-01 22:21:56.583  7822  7915 D EGL_emulation: app_time_stats: avg=505.47ms min=3.00ms max=7965.75ms count=16", "10-01 22:21:58.796  7597  7688 D ActivityManager: freezing 10033 com.google.android.webview:webview_service", "10-01 22:21:58.797  7597  7745 D InetDiagMessage: Destroyed 0 sockets, proto=IPPROTO_TCP, family=AF_INET, states=14", "10-01 22:21:58.797  7597  7745 D InetDiagMessage: Destroyed 0 sockets, proto=IPPROTO_TCP, family=AF_INET6, states=14", "10-01 22:21:58.797  7597  7745 D InetDiagMessage: Destroyed live tcp sockets for uids={10151} in 1ms", "10-01 22:21:58.885 10332 10338 W l.process.webui: ApkAssets: Deleting an ApkAssets object '<empty> and /data/app/~~iVIg9L7O1M9lHuNT2-aDkw==/com.google.android.webview-jknIb--tkyZh5R3Pe31bYA==/WebViewGoogle.apk' with 2 weak references", "--", "10-01 22:22:00.564  8072  8879 I ChimeraSrvcProxy: NullBinder for android.net.action.RECOMMEND_NETWORKS triggering remote TransactionTooLargeException due to Service without Chimera impl", "10-01 22:22:00.564  8072  8879 W .gms.persistent: Large reply transaction of 1056768 bytes, interface descriptor , code 1", "10-01 22:22:00.565  8422  9001 I BugleRcsEngine: handleMessage processing message:[NOTIFY_UPTIME_IGNORE_STATE_CHANGED] with [non-null]:RcsEngineImpl reference [CONTEXT log_prefix=\"RcsEngineImpl[DUAL_REG]:[374a1096-e718]>Handler\" thread_id=65 ]", "10-01 22:22:00.566  8422  8678 I BugleRcsEngine: Connected state: [1], networkType: [WIFI] [CONTEXT thread_id=55 ]", "10-01 22:22:03.145  8526  8526 D BoundBrokerSvc: onUnbind: Intent { act=com.google.android.gms.credential.manager.service.firstparty.START dat=chimera-action:/... cmp=com.google.android.gms/.chimera.GmsApiService }", "10-01 22:22:03.146  8526  8526 D BoundBrokerSvc: onUnbind: Intent { act=com.google.android.gms.auth.key.retrieval.service.START dat=chimera-action:/... cmp=com.google.android.gms/.chimera.GmsApiService }", "10-01 22:22:03.790  7597  7688 D ActivityManager: freezing 8122 com.google.android.permissioncontroller", "10-01 22:22:03.791  7597  7745 D InetDiagMessage: Destroyed 0 sockets, proto=IPPROTO_TCP, family=AF_INET, states=14", "10-01 22:22:03.792  7597  7745 D InetDiagMessage: Destroyed 0 sockets, proto=IPPROTO_TCP, family=AF_INET6, states=14", "10-01 22:22:03.792  7597  7745 D InetDiagMessage: Destroyed live tcp sockets for uids={10203} in 2ms", "10-01 22:22:03.871  8526  8526 D BoundBrokerSvc: onUnbind: Intent { act=com.google.android.gms.safetynet.service.START pkg=com.google.android.gms }", "10-01 22:22:03.885  7526  7556 I netd    : tetherGetStats() -> {[]} <0.54ms>", "10-01 22:22:04.496 10521 10521 W BpBinder: Linking to death on android.gui.ISurfaceComposer but there are no threads (yet?) listening to incoming transactions. See ProcessState::startThreadPool and ProcessState::setThreadPoolMaxThreadCount. Generally you should setup the binder threadpool before other initialization steps."]}
{"check":"console-errors","result":["--------- beginning of main", "10-01 22:21:48.695 10424 10448 W chromium: [WARNING:runtime_features.cc(694)] SharedStorage for M118+ cannot be enabled in this configuration. Use --enable-features=SharedStorageAPI,SharedStorageAPIM118 in addition.", "10-01 22:21:48.817 10424 10448 I chromium: [INFO:viewport_data.cc(133)] E2E_Used ViewportFitCover", "10-01 22:21:48.874 10424 10448 I chromium: [INFO:viewport_data.cc(133)] E2E_Used ViewportFitCover", "10-01 22:21:48.916 10332 10332 I chromium: [INFO:CONSOLE(53)] \"Injecting <script> tag. Using callback.\", source:  (53)", "10-01 22:21:53.049  9521 10224 W chromium: [WARNING:ev_root_ca_metadata.cc(119)] Not implemented", "10-01 22:21:53.133  9521  9521 W chromium: [WARNING:controller_impl.cc(1191)] Background download complete, client: 6, completion type: 0, file size:5154", "10-01 22:21:53.193 10486 10496 I chromium: [INFO:child_process_service.cc(70)] ChildProcessService: Exiting child process."]}
{"check":"first-frame-warm","result":{"url":"https://mui.kernelsu.org/index.html","socket":"webview_devtools_remote_10332","value":{"firstFrameMs":394,"now":15054,"flutter":true,"resizes":[],"paint":{"first-paint":913,"first-contentful-paint":913},"calls":[[32,"at-preload","ksu:undefined webui:undefined"],[38,"ksu-defined"],[47,"wrap-failed","exec"],[47,"wrap-failed","spawn"],[47,"wrap-failed","moduleInfo"],[48,"wrap-failed","fullScreen"],[48,"wrap-failed","toast"]],"resources":[["/internal/insets.css",21,35,"link",0],["/flutter_webui.css",21,48,"link",0],["/flutter_webui.js",22,50,"script",0],["/internal/assets/ext/require.js",22,36,"script",0],["/flutter_bootstrap.js",22,58,"script",0],["/canvaskit/chromium/canvaskit.wasm",88,147,"fetch",0],["/canvaskit/chromium/canvaskit.js",88,106,"other",0],["/main.dart.js",89,139,"script",0],["/assets/FontManifest.json",325,333,"fetch",0],["/assets/fonts/MaterialIcons-Regular.otf",335,343,"fetch",0],["/assets/packages/cupertino_icons/assets/CupertinoIcons.ttf",335,343,"fetch",0],["/assets/fonts/fallback/Roboto-Regular.ttf",336,343,"fetch",0],["/favicon.ico",336,338,"other",0]],"marks":[["flutter_webui:register",346],["flutter_webui:registered",348],["flutter_webui:first-frame",394]],"measures":[],"fonts":[]}}}
{"check":"root-start","result":{"url":"https://mui.kernelsu.org/index.html","socket":"webview_devtools_remote_10332","value":{"code":0,"out":"","err":"","ms":90}}}
{"check":"session","result":{"url":"https://mui.kernelsu.org/index.html","socket":"webview_devtools_remote_10332","value":{"status":200,"ms":19,"protocol":1,"version":"0.1.0","port":37071,"pid":10579,"tokenLen":43}}}
{"check":"ws-hello","result":{"url":"https://mui.kernelsu.org/index.html","socket":"webview_devtools_remote_10332","value":{"first":"{\"op\":\"hello\",\"protocol\":1,\"version\":\"0.1.0\",\"pid\":10579,\"boot\":\"9040cc13-b109-4d5d-adef-659b344a9fdd\",\"uid\":0,\"moduleDir\":\"/data/adb/modules/flutter_webui_counter\"}"}}}
{"check":"channel-process","result":"USER           UID LABEL                            PID NAME                       \nroot             0 u:r:ksu:s0                     10579 ld-linux-x86-64.so.2\nexe=/data/adb/modules/flutter_webui_counter/flutter_webui/x86_64/ld-linux-x86-64.so.2\n/data/adb/modules/flutter_webui_counter/flutter_webui/x86_64/ld-linux-x86-64.so.2 --library-path /data/adb/modules/flutter_webui_counter/flutter_webui/x86_64 /data/adb/modules/flutter_webui_counter/flutter_webui/x86_64/dartaotruntime /data/adb/modules/flutter_webui_counter/flutter_webui/x86_64/flutter_webui_root.aot serve --module-dir /data/adb/modules/flutter_webui_counter \narm64-v8a\nroot\nx86_64\n/data/adb/modules/flutter_webui_counter/flutter_webui/arm64-v8a:\ndartaotruntime\nflutter_webui_root.aot\nld-linux-aarch64.so.1\nlibc.so.6\nlibdl.so.2\nlibm.so.6\nlibpthread.so.0\n\n/data/adb/modules/flutter_webui_counter/flutter_webui/x86_64:\ndartaotruntime\nflutter_webui_root.aot\nld-linux-x86-64.so.2\nlibc.so.6\nlibdl.so.2\nlibm.so.6\nlibpthread.so.0"}
{"check":"root-log","result":"2026-10-01T22:22:20.402242 listening on 127.0.0.1:37071"}
{"check":"session-mode","result":"total 44\ndrwx--x--x 3 root root 4096 2026-10-01 22:22 .\ndrwxr-xr-x 7 root root 4096 2026-10-01 22:22 ..\n-rw------- 1 root root    0 2026-10-01 22:22 lock\ndrwx------ 2 root root 4096 2026-10-01 22:22 proc\n-rw------- 1 root root   56 2026-10-01 22:22 root.log\n-rw-r--r-- 1 root root  197 2026-10-01 22:22 session.json"}
{"check":"home-resume","result":{"url":"https://mui.kernelsu.org/index.html","socket":"webview_devtools_remote_10332","value":{"events":[["visibilitychange","hidden",15971],["visibilitychange","visible",23068]],"ticks":13,"vis":"visible","hasFocus":false}}}
{"check":"before-back","result":{"url":"https://mui.kernelsu.org/index.html","socket":"webview_devtools_remote_10332","value":{"historyLength":2,"historyState":"{\"flutter\":true}","href":"https://mui.kernelsu.org/index.html","typeofWebui":"object","typeofWebuiExit":"function","typeofKsuExit":"undefined","webuiKeys":["exit","getAdditionalConfig","getApplication","getCurrentApplication","getCurrentRootManager","isDebug","openFile","setRefreshing","setRefreshingEnabled","startActivity"],"wrapped":"not writable"}}}
{"check":"back-events","result":{"error":"no page target","sockets":[],"targets":[]}}
{"check":"back-console","result":["10-01 22:22:31.480  7597  8697 I ActivityManager: Killing 10424:com.google.android.webview:sandboxed_process0:org.chromium.content.app.SandboxedProcessService0:0/u0a210i1 (adj 0): isolated not needed"]}
{"check":"back-at-root","result":"topResumedActivity=ActivityRecord{a577742 u0 com.google.android.apps.nexuslauncher/.NexusLauncherActivity t13}"}
Starting: Intent { cmp=com.dergoogler.mmrl.wx/.ui.activity.webui.WebUIActivity (has extras) }
Status: ok
Activity: com.dergoogler.mmrl.wx/.ui.activity.webui.WebUIActivity
https://mui.kernelsu.org/index.html
opened: intent
{"check":"targets","result":[{"type": "page", "url": "https://mui.kernelsu.org/index.html", "title": "Flutter Demo"}]}
{"check":"page","result":{"url":"https://mui.kernelsu.org/index.html","socket":"webview_devtools_remote_10716","value":{"href":"https://mui.kernelsu.org/index.html","title":"Flutter Demo","ready":"complete","flutter":true,"glass":true,"nav":{"dcl":105,"load":442},"paint":{"first-paint":1267,"first-contentful-paint":1267},"glassAt":"present","firstFrame":null,"insets":"24px","vv":[320,640,1]}}}
{"check":"java-exceptions","result":["10-01 22:22:36.110 10716 10716 E JavaScriptInterfaceImplementation.createNewWX(...): java.lang.NoSuchMethodException: com.dergoogler.mmrl.hybridwebui.interfaces.prebuilt.FileChooserInterface.<init> [class com.dergoogler.mmrl.webui.interfaces.WXOptions]", "10-01 22:22:36.110 10716 10716 E JavaScriptInterfaceImplementation.createNewWX(...): \tat java.lang.Class.getConstructor0(Class.java:3395)", "10-01 22:22:36.110 10716 10716 E JavaScriptInterfaceImplementation.createNewWX(...): \tat java.lang.Class.getDeclaredConstructor(Class.java:3077)", "10-01 22:22:36.110 10716 10716 E JavaScriptInterfaceImplementation.createNewWX(...): \tat com.dergoogler.mmrl.ext.JavaScriptInterfaceExtKt.createNewWX(JavaScriptInterfaceExt.kt:16)", "10-01 22:22:36.110 10716 10716 E JavaScriptInterfaceImplementation.createNewWX(...): \tat com.dergoogler.mmrl.webui.view.WebUIView.addJavascriptInterface(WebUIView.kt:267)", "10-01 22:22:36.110 10716 10716 E JavaScriptInterfaceImplementation.createNewWX(...): \tat com.dergoogler.mmrl.wx.ui.activity.webui.WebUIActivity.init$lambda$4$lambda$3$lambda$2(WebUIActivity.kt:219)", "10-01 22:22:36.110 10716 10716 E JavaScriptInterfaceImplementation.createNewWX(...): \tat com.dergoogler.mmrl.wx.ui.activity.webui.WebUIActivity.$r8$lambda$_nZAC8A9f41jkM28VFfiLo2SZbA(Unknown Source:0)", "10-01 22:22:36.110 10716 10716 E JavaScriptInterfaceImplementation.createNewWX(...): \tat com.dergoogler.mmrl.wx.ui.activity.webui.WebUIActivity$$ExternalSyntheticLambda2.invoke(D8$$SyntheticClass:0)", "10-01 22:22:36.110 10716 10716 E JavaScriptInterfaceImplementation.createNewWX(...): \tat com.dergoogler.mmrl.hybridwebui.HybridWebUI.setupDependencies(HybridWebUI.kt:106)", "10-01 22:22:36.110 10716 10716 E JavaScriptInterfaceImplementation.createNewWX(...): \tat com.dergoogler.mmrl.hybridwebui.HybridWebUI.onAttachedToWindow(HybridWebUI.kt:77)", "10-01 22:22:36.110 10716 10716 E JavaScriptInterfaceImplementation.createNewWX(...): \tat android.view.View.dispatchAttachedToWindow(View.java:22860)", "10-01 22:22:36.110 10716 10716 E JavaScriptInterfaceImplementation.createNewWX(...): \tat android.view.ViewGroup.dispatchAttachedToWindow(ViewGroup.java:3492)", "10-01 22:22:36.110 10716 10716 E JavaScriptInterfaceImplementation.createNewWX(...): \tat android.view.ViewGroup.dispatchAttachedToWindow(ViewGroup.java:3499)", "10-01 22:22:36.110 10716 10716 E JavaScriptInterfaceImplementation.createNewWX(...): \tat android.view.ViewGroup.dispatchAttachedToWindow(ViewGroup.java:3499)", "10-01 22:22:36.110 10716 10716 E JavaScriptInterfaceImplementation.createNewWX(...): \tat android.view.ViewGroup.dispatchAttachedToWindow(ViewGroup.java:3499)", "10-01 22:22:36.110 10716 10716 E JavaScriptInterfaceImplementation.createNewWX(...): \tat android.view.ViewGroup.dispatchAttachedToWindow(ViewGroup.java:3499)", "10-01 22:22:36.110 10716 10716 E JavaScriptInterfaceImplementation.createNewWX(...): \tat android.view.ViewGroup.dispatchAttachedToWindow(ViewGroup.java:3499)"]}
{"check":"console-errors","result":["--------- beginning of main", "10-01 22:22:35.888 10716 10800 I chromium: [INFO:variations_seed_loader.cc(66)] Failed to open file for reading.: No such file or directory (2)", "10-01 22:22:36.073 10804 10833 W chromium: [WARNING:runtime_features.cc(694)] SharedStorage for M118+ cannot be enabled in this configuration. Use --enable-features=SharedStorageAPI,SharedStorageAPIM118 in addition.", "10-01 22:22:36.279 10716 10716 I chromium: [INFO:CONSOLE(1)] \"Injecting <script> tag. Using callback.\", source: https://mui.kernelsu.org/flutter_bootstrap.js (1)", "10-01 22:22:36.327 10716 10716 I chromium: [INFO:CONSOLE(53)] \"Injecting <script> tag. Using callback.\", source:  (53)"]}
{"check":"first-frame-warm","result":{"url":"https://mui.kernelsu.org/index.html","socket":"webview_devtools_remote_10716","value":{"firstFrameMs":406,"now":15048,"flutter":true,"resizes":[],"paint":{"first-paint":790,"first-contentful-paint":790},"calls":[[30,"at-preload","ksu:undefined webui:undefined"],[42,"ksu-defined"],[45,"wrap-failed","exec"],[45,"wrap-failed","spawn"],[46,"wrap-failed","moduleInfo"],[46,"wrap-failed","fullScreen"],[46,"wrap-failed","toast"]],"resources":[["/flutter_bootstrap.js",27,52,"script",0],["/internal/assets/ext/require.js",27,47,"script",0],["/canvaskit/chromium/canvaskit.wasm",88,145,"fetch",0],["/canvaskit/chromium/canvaskit.js",88,98,"other",0],["/main.dart.js",89,131,"script",0],["/assets/FontManifest.json",334,344,"fetch",0],["/assets/fonts/MaterialIcons-Regular.otf",345,352,"fetch",0],["/assets/packages/cupertino_icons/assets/CupertinoIcons.ttf",346,354,"fetch",0],["/assets/fonts/fallback/Roboto-Regular.ttf",346,354,"fetch",0],["/favicon.png",346,354,"other",0],["/favicon.png",789,800,"other",0]],"marks":[],"measures":[],"fonts":[]}}}
Starting: Intent { cmp=com.dergoogler.mmrl.wx/.ui.activity.webui.WebUIActivity (has extras) }
Status: ok
Activity: com.dergoogler.mmrl.wx/.ui.activity.webui.WebUIActivity
https://mui.kernelsu.org/index.html
opened: intent
{"check":"targets","result":[{"type": "page", "url": "https://mui.kernelsu.org/index.html", "title": "Demo"}]}
{"check":"page","result":{"url":"https://mui.kernelsu.org/index.html","socket":"webview_devtools_remote_10938","value":{"href":"https://mui.kernelsu.org/index.html","title":"Demo","ready":"complete","flutter":true,"glass":true,"nav":{"dcl":218,"load":668},"paint":{"first-paint":1171,"first-contentful-paint":2190},"glassAt":"present","firstFrame":null,"insets":"24px","vv":[320,640,1]}}}
{"check":"java-exceptions","result":["10-01 22:23:07.918  8291 10928 E OneSearchSuggestProvider: \tat java.util.concurrent.ThreadPoolExecutor.runWorker(ThreadPoolExecutor.java:1145)", "10-01 22:23:07.918  8291 10928 E OneSearchSuggestProvider: \tat java.util.concurrent.ThreadPoolExecutor$Worker.run(ThreadPoolExecutor.java:644)", "10-01 22:23:07.918  8291 10928 E OneSearchSuggestProvider: \tat java.lang.Thread.run(Thread.java:1012)", "10-01 22:23:08.065     0     0 I binder  : undelivered transaction 621224, process died.", "10-01 22:23:08.071     0     0 I binder  : undelivered transaction 621229, process died.", "10-01 22:23:07.920 10764 10764 I com.dergoogler.mmrl.wx:root:0: System.exit called, status: 0", "10-01 22:23:07.920 10764 10764 I AndroidRuntime: VM exiting with result code 0.", "--", "10-01 22:23:08.184  7597  8697 W WindowManager: Exception thrown during dispatchAppVisibility Window{6cc06f1 u0 com.dergoogler.mmrl.wx/com.dergoogler.mmrl.wx.ui.activity.webui.WebUIActivity EXITING}", "10-01 22:23:08.184  7597  8697 W WindowManager: android.os.DeadObjectException", "10-01 22:23:08.184  7597  8697 W WindowManager: \tat android.os.BinderProxy.transactNative(Native Method)", "10-01 22:23:08.184  7597  8697 W WindowManager: \tat android.os.BinderProxy.transact(BinderProxy.java:586)", "10-01 22:23:08.184  7597  8697 W WindowManager: \tat android.view.IWindow$Stub$Proxy.dispatchAppVisibility(IWindow.java:553)", "10-01 22:23:08.184  7597  8697 W WindowManager: \tat com.android.server.wm.WindowState.sendAppVisibilityToClients(WindowState.java:3253)", "10-01 22:23:08.184  7597  8697 W WindowManager: \tat com.android.server.wm.WindowContainer.sendAppVisibilityToClients(WindowContainer.java:1289)", "10-01 22:23:08.184  7597  8697 W WindowManager: \tat com.android.server.wm.WindowToken.setClientVisible(WindowToken.java:403)", "10-01 22:23:08.184  7597  8697 W WindowManager: \tat com.android.server.wm.ActivityRecord.setClientVisible(ActivityRecord.java:7166)", "10-01 22:23:08.184  7597  8697 W WindowManager: \tat com.android.server.wm.ActivityRecord.postApplyAnimation(ActivityRecord.java:5881)", "10-01 22:23:08.184  7597  8697 W WindowManager: \tat com.android.server.wm.ActivityRecord.commitVisibility(ActivityRecord.java:5823)", "10-01 22:23:08.184  7597  8697 W WindowManager: \tat com.android.server.wm.Transition.finishTransition(Transition.java:1286)", "10-01 22:23:08.184  7597  8697 W WindowManager: \tat com.android.server.wm.TransitionController.finishTransition(TransitionController.java:937)", "10-01 22:23:08.184  7597  8697 W WindowManager: \tat com.android.server.wm.WindowOrganizerController.finishTransition(WindowOrganizerController.java:494)", "--", "10-01 22:23:09.188 10938 10938 E JavaScriptInterfaceImplementation.createNewWX(...): java.lang.NoSuchMethodException: com.dergoogler.mmrl.hybridwebui.interfaces.prebuilt.FileChooserInterface.<init> [class com.dergoogler.mmrl.webui.interfaces.WXOptions]", "10-01 22:23:09.188 10938 10938 E JavaScriptInterfaceImplementation.createNewWX(...): \tat java.lang.Class.getConstructor0(Class.java:3395)", "10-01 22:23:09.188 10938 10938 E JavaScriptInterfaceImplementation.createNewWX(...): \tat java.lang.Class.getDeclaredConstructor(Class.java:3077)", "10-01 22:23:09.188 10938 10938 E JavaScriptInterfaceImplementation.createNewWX(...): \tat com.dergoogler.mmrl.ext.JavaScriptInterfaceExtKt.createNewWX(JavaScriptInterfaceExt.kt:16)", "10-01 22:23:09.188 10938 10938 E JavaScriptInterfaceImplementation.createNewWX(...): \tat com.dergoogler.mmrl.webui.view.WebUIView.addJavascriptInterface(WebUIView.kt:267)", "10-01 22:23:09.188 10938 10938 E JavaScriptInterfaceImplementation.createNewWX(...): \tat com.dergoogler.mmrl.wx.ui.activity.webui.WebUIActivity.init$lambda$4$lambda$3$lambda$2(WebUIActivity.kt:219)", "10-01 22:23:09.188 10938 10938 E JavaScriptInterfaceImplementation.createNewWX(...): \tat com.dergoogler.mmrl.wx.ui.activity.webui.WebUIActivity.$r8$lambda$_nZAC8A9f41jkM28VFfiLo2SZbA(Unknown Source:0)", "10-01 22:23:09.188 10938 10938 E JavaScriptInterfaceImplementation.createNewWX(...): \tat com.dergoogler.mmrl.wx.ui.activity.webui.WebUIActivity$$ExternalSyntheticLambda2.invoke(D8$$SyntheticClass:0)", "10-01 22:23:09.188 10938 10938 E JavaScriptInterfaceImplementation.createNewWX(...): \tat com.dergoogler.mmrl.hybridwebui.HybridWebUI.setupDependencies(HybridWebUI.kt:106)", "10-01 22:23:09.188 10938 10938 E JavaScriptInterfaceImplementation.createNewWX(...): \tat com.dergoogler.mmrl.hybridwebui.HybridWebUI.onAttachedToWindow(HybridWebUI.kt:77)", "10-01 22:23:09.188 10938 10938 E JavaScriptInterfaceImplementation.createNewWX(...): \tat android.view.View.dispatchAttachedToWindow(View.java:22860)", "10-01 22:23:09.188 10938 10938 E JavaScriptInterfaceImplementation.createNewWX(...): \tat android.view.ViewGroup.dispatchAttachedToWindow(ViewGroup.java:3492)", "10-01 22:23:09.188 10938 10938 E JavaScriptInterfaceImplementation.createNewWX(...): \tat android.view.ViewGroup.dispatchAttachedToWindow(ViewGroup.java:3499)", "10-01 22:23:09.188 10938 10938 E JavaScriptInterfaceImplementation.createNewWX(...): \tat android.view.ViewGroup.dispatchAttachedToWindow(ViewGroup.java:3499)", "10-01 22:23:09.188 10938 10938 E JavaScriptInterfaceImplementation.createNewWX(...): \tat android.view.ViewGroup.dispatchAttachedToWindow(ViewGroup.java:3499)", "10-01 22:23:09.188 10938 10938 E JavaScriptInterfaceImplementation.createNewWX(...): \tat android.view.ViewGroup.dispatchAttachedToWindow(ViewGroup.java:3499)", "10-01 22:23:09.188 10938 10938 E JavaScriptInterfaceImplementation.createNewWX(...): \tat android.view.ViewGroup.dispatchAttachedToWindow(ViewGroup.java:3499)"]}
{"check":"console-errors","result":["--------- beginning of main", "10-01 22:23:08.875 10938 11019 I chromium: [1001/222308.874755:INFO:variations_seed_loader.cc(66)] Failed to open file for reading.: No such file or directory (2)", "10-01 22:23:09.139 11025 11055 W chromium: [WARNING:runtime_features.cc(694)] SharedStorage for M118+ cannot be enabled in this configuration. Use --enable-features=SharedStorageAPI,SharedStorageAPIM118 in addition.", "10-01 22:23:09.271 11025 11055 I chromium: [INFO:viewport_data.cc(133)] E2E_Used ViewportFitCover", "10-01 22:23:09.395 11025 11055 I chromium: [INFO:viewport_data.cc(133)] E2E_Used ViewportFitCover", "10-01 22:23:09.480 10938 10938 I chromium: [INFO:CONSOLE(53)] \"Injecting <script> tag. Using callback.\", source:  (53)"]}
{"check":"first-frame-warm","result":{"url":"https://mui.kernelsu.org/index.html","socket":"webview_devtools_remote_10938","value":{"firstFrameMs":545,"now":15049,"flutter":true,"resizes":[],"paint":{"first-paint":1046,"first-contentful-paint":1046},"calls":[[42,"at-preload","ksu:undefined webui:undefined"],[54,"ksu-defined"],[57,"wrap-failed","exec"],[57,"wrap-failed","spawn"],[58,"wrap-failed","moduleInfo"],[60,"wrap-failed","fullScreen"],[61,"wrap-failed","toast"]],"resources":[["/internal/insets.css",32,53,"link",0],["/internal/colors.css",33,53,"link",0],["/flutter_webui.css",33,63,"link",0],["/flutter_webui.js",34,54,"script",0],["/internal/assets/ext/require.js",34,65,"script",0],["/flutter_bootstrap.js",34,66,"script",0],["/canvaskit/chromium/canvaskit.wasm",114,159,"fetch",0],["/canvaskit/chromium/canvaskit.js",115,124,"other",0],["/main.dart.js",115,186,"script",0],["/assets/FontManifest.json",393,410,"fetch",0],["/favicon.ico",397,415,"other",0],["/assets/fonts/MaterialIcons-Regular.otf",414,424,"fetch",0],["/assets/fonts/fallback/Roboto-Regular.ttf",415,424,"fetch",0],["/internal/colors.css",435,1044,"fetch",0],["/pkg/demo_native.js",1044,1090,"fetch",0]],"marks":[["flutter_webui:register",429],["flutter_webui:registered",431],["flutter_webui:first-frame",545]],"measures":[],"fonts":[]}}}
{"url":"https://mui.kernelsu.org/index.html","socket":"webview_devtools_remote_10938","value":"semantics on"}
{"check":"home","result":{"url":"https://mui.kernelsu.org/index.html","socket":"webview_devtools_remote_10938","value":["Squadron","Process","native","net","Say hello","Count to 5","SHA-256","Demo pages\nOne page per thing the stack promises.","Places","Strategy","Rust","Lifecycle","Shell","Plugins"]}}
{"check":"colors-css","result":{"url":"https://mui.kernelsu.org/index.html","socket":"webview_devtools_remote_10938","value":{"status":200,"type":"text/css","body":":root {\n\t/* App Base Colors */\n\t--background: #faf8ffff;\n\t--error: #b3261eff;\n\t--errorContainer: #f9dedcff;\n\t--inverseOnSurface: #e3e2e9ff;\n\t--inversePrimary: #b2c5ffff;\n\t--inverseSurface: #121318ff;\n\t--onBackground: #1a1b21ff;\n\t--onError: #ffffffff;\n\t--onErrorContainer: #410e0bff;\n\t--onPrimary: #ffffffff;\n\t--onPrimaryContainer: #001849ff;\n\t--onSecondary: #ffffffff;\n\t--onSecondaryContainer: #151b2cff;\n\t--onSurface: #1a1b21ff;\n\t--onSurfaceVariant: #45464fff;\n\t--onTertiary: #ffffffff;\n\t--onTertiaryContainer: #2b122bff;\n\t--outline: #757780ff;\n\t--outlineVariant: #c5c6d0ff;\n\t--primary: #495d92ff;\n\t--primaryContainer: #dae2ffff;\n\t--scrim: #000000ff;\n\t--secondary: #585e71ff;\n\t--secondaryContainer: #dde2f9ff;\n\t--surface: #faf8ffff;\n\t--tonalSurface: #f1f0f9ff;\n\t--surfaceBright: #faf8ffff;\n\t--surfaceContainer: #eeedf4ff;\n\t--surfaceContainerHigh: #e8e7efff;\n\t--surfaceContainerHighest: #e3e2e9ff;\n\t--surfaceContainerLow: #f4f3faff;\n\t--surfaceContainerLowest: #ffffffff;\n\t--surfaceDim: #dad9e0ff;\n\t--surfaceTint: #495d92ff;\n\t--surfaceVariant: #e1e2ecff;\n\t--tertiary: #735471ff;\n\t--tertiaryContainer: #fed6f9ff;\n\t/* Filled Tonal Button Colors */\n\t--filledTonalButtonContainerColor: #dde2f9ff;\n\t--filledTonalButtonContentColor: #151b2cff;\n\t--filledTonalButtonDisabledContainerColor: #1a1b211f;\n\t--filledTonalButtonDisabledContentColor: #1a1b2161;\n\t/* Filled Card Colors */\n\t--filledCardContainerColor: #e3e2e9ff;\n\t--filledCardContentColor: #1a1b21ff;\n\t--filledCardDisabledContainerColor: #e2e2eaff;\n\t--"}}}
{"check":"wasm-at-home","result":{"url":"https://mui.kernelsu.org/index.html","socket":"webview_devtools_remote_10938","value":{"wasm":[{"name":"chromium/canvaskit.wasm","start":114,"dur":44}],"marks":[{"name":"flutter_webui:register","t":429},{"name":"flutter_webui:registered","t":431},{"name":"flutter_webui:first-frame","t":545}],"measures":[],"now":18592}}}
{"check":"tap-places","result":{"url":"https://mui.kernelsu.org/index.html","socket":"webview_devtools_remote_10938","value":"tapped Places at 16,572 size 288x56 role button tappable"}}
{"check":"places","result":{"url":"https://mui.kernelsu.org/index.html","socket":"webview_devtools_remote_10938","value":["Back\nBack","One service, DemoService, opened in every place this build knows. Each place probes its own facts from inside; the page never guesses from the platform it was built for.","200k","1M","3M","Count primes in every place","Restart places","inline (the caller)\nkind: inline\nstart 261 ms, first facts() round trip 143 ms\nroot\ncheck: effective uid 0\nblock_devices\ncheck: a kernel-listed block device opens for reading\nusb.native\ncheck: /dev/bus/usb lists\nusb.web\ncheck: navigator.usb exists\nprocess.spawn\ncheck: a shell runs\nfs.persistent\ncheck: working dir writable, or storage persisted\nnet\ncheck: a non-loopback interface is up, or onLine\nnative\ncheck: null","worker (isolate or Web Worker)\nkind: web_worker\nstart 325 ms, first facts() round trip 64 ms\nroot\ncheck: effective uid 0\nblock_devices\ncheck: a kernel-listed block device opens for reading\nusb.native\ncheck: /dev/bus/usb lists\nusb.web\ncheck: navigator.usb exists\nprocess.spawn\ncheck: a shell runs\nfs.persistent\ncheck: working dir writable, or storage persisted\nnet\ncheck: a non-loopback interface is up, or onLine\nnative\ncheck: null","Places","Strategy","Rust","Lifecycle","Shell","Plugins"]}}
{"check":"places-scroll-1","result":{"url":"https://mui.kernelsu.org/index.html","socket":"webview_devtools_remote_10938","value":["Back\nBack","One service, DemoService, opened in every place this build knows. Each place probes its own facts from inside; the page never guesses from the platform it was built for.","200k","1M","3M","Count primes in every place","Restart places","inline (the caller)\nkind: inline\nstart 261 ms, first facts() round trip 143 ms\nroot\ncheck: effective uid 0\nblock_devices\ncheck: a kernel-listed block device opens for reading\nusb.native\ncheck: /dev/bus/usb lists\nusb.web\ncheck: navigator.usb exists\nprocess.spawn\ncheck: a shell runs\nfs.persistent\ncheck: working dir writable, or storage persisted\nnet\ncheck: a non-loopback interface is up, or onLine\nnative\ncheck: null","worker (isolate or Web Worker)\nkind: web_worker\nstart 325 ms, first facts() round trip 64 ms\nroot\ncheck: effective uid 0\nblock_devices\ncheck: a kernel-listed block device opens for reading\nusb.native\ncheck: /dev/bus/usb lists\nusb.web\ncheck: navigator.usb exists\nprocess.spawn\ncheck: a shell runs\nfs.persistent\ncheck: working dir writable, or storage persisted\nnet\ncheck: a non-loopback interface is up, or onLine\nnative\ncheck: null","Places","Strategy","Rust","Lifecycle","Shell","Plugins"]}}
{"check":"places-scroll-2","result":{"url":"https://mui.kernelsu.org/index.html","socket":"webview_devtools_remote_10938","value":["Back\nBack","inline (the caller)\nkind: inline\nstart 261 ms, first facts() round trip 143 ms\nroot\ncheck: effective uid 0\nblock_devices\ncheck: a kernel-listed block device opens for reading\nusb.native\ncheck: /dev/bus/usb lists\nusb.web\ncheck: navigator.usb exists\nprocess.spawn\ncheck: a shell runs\nfs.persistent\ncheck: working dir writable, or storage persisted\nnet\ncheck: a non-loopback interface is up, or onLine\nnative\ncheck: null","worker (isolate or Web Worker)\nkind: web_worker\nstart 325 ms, first facts() round trip 64 ms\nroot\ncheck: effective uid 0\nblock_devices\ncheck: a kernel-listed block device opens for reading\nusb.native\ncheck: /dev/bus/usb lists\nusb.web\ncheck: navigator.usb exists\nprocess.spawn\ncheck: a shell runs\nfs.persistent\ncheck: working dir writable, or storage persisted\nnet\ncheck: a non-loopback interface is up, or onLine\nnative\ncheck: null","root process (the app CLI, serve mode)\nkind: process\nstart 330 ms, first facts() round trip 0 ms\nroot\ncheck: effective uid 0\nblock_devices\ncheck: a kernel-listed block device opens for reading\nusb.native\ncheck: /dev/bus/usb lists\nusb.web\ncheck: navigator.usb exists\nprocess.spawn\ncheck: a shell runs\nfs.persistent\ncheck: working dir writable, or storage persisted\nnet\ncheck: a non-loopback interface is up, or onLine\nnative\ncheck: null","Places","Strategy","Rust","Lifecycle","Shell","Plugins"]}}
{"check":"places-scroll-3","result":{"url":"https://mui.kernelsu.org/index.html","socket":"webview_devtools_remote_10938","value":["Back\nBack","worker (isolate or Web Worker)\nkind: web_worker\nstart 325 ms, first facts() round trip 64 ms\nroot\ncheck: effective uid 0\nblock_devices\ncheck: a kernel-listed block device opens for reading\nusb.native\ncheck: /dev/bus/usb lists\nusb.web\ncheck: navigator.usb exists\nprocess.spawn\ncheck: a shell runs\nfs.persistent\ncheck: working dir writable, or storage persisted\nnet\ncheck: a non-loopback interface is up, or onLine\nnative\ncheck: null","root process (the app CLI, serve mode)\nkind: process\nstart 330 ms, first facts() round trip 0 ms\nroot\ncheck: effective uid 0\nblock_devices\ncheck: a kernel-listed block device opens for reading\nusb.native\ncheck: /dev/bus/usb lists\nusb.web\ncheck: navigator.usb exists\nprocess.spawn\ncheck: a shell runs\nfs.persistent\ncheck: working dir writable, or storage persisted\nnet\ncheck: a non-loopback interface is up, or onLine\nnative\ncheck: null","Reference: one call and one stream per place\nsquadron_process doc/benchmark.md, a 4-vCPU VM. Not measured here; devicelab measures devices.\nCall: isolate 31 µs, Web Worker (dart2js) 120 µs, process 247 µs, process from the page 401 µs.\n64 KiB stream: isolate 3643 MiB/s, Web Worker 631 MiB/s, process link about 110 MiB/s.","Places","Strategy","Rust","Lifecycle","Shell","Plugins"]}}
{"check":"tap-strategy","result":{"url":"https://mui.kernelsu.org/index.html","socket":"webview_devtools_remote_10938","value":"tapped Strategy at 53,536 size 53x80 role tab tappable"}}
{"check":"strategy","result":{"url":"https://mui.kernelsu.org/index.html","socket":"webview_devtools_remote_10938","value":["Back\nBack","Objective: list the device's partitions. Strategies in preference order: on the device as root, then from a host over USB. The first one the place's facts allow runs; nothing reads kIsWeb or Platform.","Place","inline (the caller)","worker (isolate or Web Worker)","root process (the app CLI, serve mode)","Facts from inline (the caller)\nSwitch a fact off to see the fallback. You can only take facts away.\nroot\ncheck: effective uid 0\nblock_devices\ncheck: a kernel-listed block device opens for reading\nusb.native\ncheck: /dev/bus/usb lists\nusb.web\ncheck: navigator.usb exists\nprocess.spawn\ncheck: a shell runs\nfs.persistent\ncheck: working dir writable, or storage persisted\nnet\ncheck: a non-loopback interface is up, or onLine\nnative\ncheck: null","root","block_devices","usb.native","process.spawn","Places","Strategy","Rust","Lifecycle","Shell","Plugins"]}}
{"check":"tap-strategy-root","result":{"url":"https://mui.kernelsu.org/index.html","socket":"webview_devtools_remote_10938","value":"tapped root process at 24,358 size 272x48 role checkbox tappable"}}
{"check":"strategy-root","result":{"url":"https://mui.kernelsu.org/index.html","socket":"webview_devtools_remote_10938","value":["Back\nBack","Objective: list the device's partitions. Strategies in preference order: on the device as root, then from a host over USB. The first one the place's facts allow runs; nothing reads kIsWeb or Platform.","Place","inline (the caller)","worker (isolate or Web Worker)","root process (the app CLI, serve mode)","Facts from root process (the app CLI, serve mode)\nSwitch a fact off to see the fallback. You can only take facts away.\nroot\ncheck: effective uid 0\nblock_devices\ncheck: a kernel-listed block device opens for reading\nusb.native\ncheck: /dev/bus/usb lists\nusb.web\ncheck: navigator.usb exists\nprocess.spawn\ncheck: a shell runs\nfs.persistent\ncheck: working dir writable, or storage persisted\nnet\ncheck: a non-loopback interface is up, or onLine\nnative\ncheck: null","root","block_devices","usb.native","process.spawn","Places","Strategy","Rust","Lifecycle","Shell","Plugins"]}}
{"check":"strategy-root-scroll-1","result":{"url":"https://mui.kernelsu.org/index.html","socket":"webview_devtools_remote_10938","value":["Back\nBack","Objective: list the device's partitions. Strategies in preference order: on the device as root, then from a host over USB. The first one the place's facts allow runs; nothing reads kIsWeb or Platform.","Place","inline (the caller)","worker (isolate or Web Worker)","root process (the app CLI, serve mode)","Facts from root process (the app CLI, serve mode)\nSwitch a fact off to see the fallback. You can only take facts away.\nroot\ncheck: effective uid 0\nblock_devices\ncheck: a kernel-listed block device opens for reading\nusb.native\ncheck: /dev/bus/usb lists\nusb.web\ncheck: navigator.usb exists\nprocess.spawn\ncheck: a shell runs\nfs.persistent\ncheck: working dir writable, or storage persisted\nnet\ncheck: a non-loopback interface is up, or onLine\nnative\ncheck: null","root","block_devices","usb.native","process.spawn","Chosen: on device (/proc/partitions as root)\non_device chosen","on device (/proc/partitions as root)\nneeds root + block_devices: has them","Places","Strategy","Rust","Lifecycle","Shell","Plugins"]}}
{"check":"strategy-root-scroll-2","result":{"url":"https://mui.kernelsu.org/index.html","socket":"webview_devtools_remote_10938","value":["Back\nBack","Facts from root process (the app CLI, serve mode)\nSwitch a fact off to see the fallback. You can only take facts away.\nroot\ncheck: effective uid 0\nblock_devices\ncheck: a kernel-listed block device opens for reading\nusb.native\ncheck: /dev/bus/usb lists\nusb.web\ncheck: navigator.usb exists\nprocess.spawn\ncheck: a shell runs\nfs.persistent\ncheck: working dir writable, or storage persisted\nnet\ncheck: a non-loopback interface is up, or onLine\nnative\ncheck: null","root","block_devices","usb.native","process.spawn","Chosen: on device (/proc/partitions as root)\non_device chosen","on device (/proc/partitions as root)\nneeds root + block_devices: has them","from host (fastboot getvar all)\nneeds usb.native + process.spawn: has them","Run on_device in process","Log\nEvery run: objective, strategy, place and the facts it saw.\nNothing has run yet.","Places","Strategy","Rust","Lifecycle","Shell","Plugins"]}}
{"check":"tap-rust","result":{"url":"https://mui.kernelsu.org/index.html","socket":"webview_devtools_remote_10938","value":"tapped Rust at 107,536 size 53x80 role tab tappable"}}
{"check":"rust","result":{"url":"https://mui.kernelsu.org/index.html","socket":"webview_devtools_remote_10938","value":["Back\nBack","The demo crate (rust/) counts the primes below 1000000 with the same loop as page 1's Dart. The service loads it in its own place through flutter_rust_bridge, so each place runs its own build.","Run in every place","inline (the caller)","Run here","worker (isolate or Web Worker)","Run here","root process (the app CLI, serve mode)","Run here","Places","Strategy","Rust","Lifecycle","Shell","Plugins"]}}
{"check":"tap-rust-run","result":{"url":"https://mui.kernelsu.org/index.html","socket":"webview_devtools_remote_10938","value":"tapped Run in every place at 16,196 size 288x48 role button tappable"}}
{"check":"rust-ran","result":{"url":"https://mui.kernelsu.org/index.html","socket":"webview_devtools_remote_10938","value":["Back\nBack","The demo crate (rust/) counts the primes below 1000000 with the same loop as page 1's Dart. The service loads it in its own place through flutter_rust_bridge, so each place runs its own build.","Run in every place","inline (the caller)\nBuilt for: wasm32-unknown (single-threaded)\nLoad: 109 ms (once per place, on its first Rust call; on the web that fetches and instantiates the wasm)\nRust 147 ms, Dart 1232 ms (same count: 78498)","Run here","worker (isolate or Web Worker)\nBuilt for: wasm32-unknown (single-threaded)\nLoad: 52 ms (once per place, on its first Rust call; on the web that fetches and instantiates the wasm)\nRust 208 ms, Dart 253 ms (same count: 78498)","Run here","root process (the app CLI, serve mode)\nBuilt for: x86_64-android\nLoad: 0 ms (once per place, on its first Rust call; on the web that fetches and instantiates the wasm)\nRust 145 ms, Dart 149 ms (same count: 78498)","Places","Strategy","Rust","Lifecycle","Shell","Plugins"]}}
{"check":"wasm-after-rust","result":{"url":"https://mui.kernelsu.org/index.html","socket":"webview_devtools_remote_10938","value":{"wasm":[{"name":"chromium/canvaskit.wasm","start":114,"dur":44},{"name":"pkg/demo_native_bg.wasm","start":81647,"dur":42}],"marks":[{"name":"flutter_webui:register","t":429},{"name":"flutter_webui:registered","t":431},{"name":"flutter_webui:first-frame","t":545}],"measures":[],"now":102660}}}
{"check":"tap-rust-run-2","result":{"url":"https://mui.kernelsu.org/index.html","socket":"webview_devtools_remote_10938","value":"tapped Run in every place at 16,196 size 288x48 role button tappable"}}
{"check":"rust-ran-2","result":{"url":"https://mui.kernelsu.org/index.html","socket":"webview_devtools_remote_10938","value":["Back\nBack","The demo crate (rust/) counts the primes below 1000000 with the same loop as page 1's Dart. The service loads it in its own place through flutter_rust_bridge, so each place runs its own build.","Run in every place","inline (the caller)\nBuilt for: wasm32-unknown (single-threaded)\nLoad: 0 ms (once per place, on its first Rust call; on the web that fetches and instantiates the wasm)\nRust 133 ms, Dart 1254 ms (same count: 78498)","Run here","worker (isolate or Web Worker)\nBuilt for: wasm32-unknown (single-threaded)\nLoad: 1 ms (once per place, on its first Rust call; on the web that fetches and instantiates the wasm)\nRust 147 ms, Dart 247 ms (same count: 78498)","Run here","root process (the app CLI, serve mode)\nBuilt for: x86_64-android\nLoad: 0 ms (once per place, on its first Rust call; on the web that fetches and instantiates the wasm)\nRust 134 ms, Dart 149 ms (same count: 78498)","Places","Strategy","Rust","Lifecycle","Shell","Plugins"]}}
{"check":"tap-lifecycle","result":{"url":"https://mui.kernelsu.org/index.html","socket":"webview_devtools_remote_10938","value":"tapped Lifecycle at 160,536 size 53x80 role tab tappable"}}
{"check":"tap-root-process","result":{"url":"https://mui.kernelsu.org/index.html","socket":"webview_devtools_remote_10938","value":"tapped root process at 24,390 size 272x48 role checkbox tappable"}}
{"check":"tap-start","result":{"url":"https://mui.kernelsu.org/index.html","socket":"webview_devtools_remote_10938","value":"tapped Start at 24,462 size 97x48 role button tappable"}}
{"check":"lifecycle-running","result":{"url":"https://mui.kernelsu.org/index.html","socket":"webview_devtools_remote_10938","value":["Back\nBack","Start a five-minute task, then switch away (Home, another app or tab) and come back: hidden keeps going. Close the app instead and reopen it: closed stops, and this page says where the task was when it ended.","Task\ntick every 500 ms, stamped with the place's own clock\nrunning in process: tick 17/600, longest gap 504 ms, app resumed 3","inline (the caller)","worker (isolate or Web Worker)","root process (the app CLI, serve mode)","Stop","Lifecycle\n22:25:36  started in process","Facts from root process (the app CLI, serve mode)\nroot\ncheck: effective uid 0\nblock_devices\ncheck: a kernel-listed block device opens for reading\nusb.native\ncheck: /dev/bus/usb lists\nusb.web\ncheck: navigator.usb exists\nprocess.spawn\ncheck: a shell runs\nfs.persistent\ncheck: working dir writable, or storage persisted\nnet\ncheck: a non-loopback interface is up, or onLine\nnative\ncheck: null","Places","Strategy","Rust","Lifecycle","Shell","Plugins"]}}
{"check":"lifecycle-after-home","result":{"url":"https://mui.kernelsu.org/index.html","socket":"webview_devtools_remote_10938","value":["Back\nBack","Start a five-minute task, then switch away (Home, another app or tab) and come back: hidden keeps going. Close the app instead and reopen it: closed stops, and this page says where the task was when it ended.","Task\ntick every 500 ms, stamped with the place's own clock\nrunning in process: tick 41/600, longest gap 504 ms, app resumed 7","inline (the caller)","worker (isolate or Web Worker)","root process (the app CLI, serve mode)","Stop","Lifecycle\n22:25:52  away 7.1 s: the place produced 15 ticks (on schedule: 14); longest gap 504 ms\n22:25:52  inactive -> resumed\n22:25:52  hidden -> inactive\n22:25:45  inactive -> hidden\n22:25:45  resumed -> inactive\n22:25:36  started in process","Places","Strategy","Rust","Lifecycle","Shell","Plugins"]}}
{"check":"root-process","result":"root             0 u:r:ksu:s0                     11183 dartaotruntime\nroot             0 u:r:ksu:s0                     11212 dartaotruntime"}
/home/runner/work/devicelab/devicelab/out/sockprobe: 1 file pushed, 0 skipped. 215.5 MB/s (3501149 bytes in 0.015s)
{"check":"block-devices","result":"dm-0\ndm-1\ndm-11\ndm-13\ndm-14\ndm-16\ndm-17\ndm-18\ntotal 0\ndrwxr-xr-x 2 root root u:object_r:block_device:s0                140 2026-10-01 22:15 by-name\nbrw------- 1 root root u:object_r:dm_device:s0              254,   0 2026-10-01 22:15 dm-0\nbrw------- 1 root root u:object_r:dm_device:s0              254,   1 2026-10-01 22:15 dm-1\nbrw------- 1 root root u:object_r:dm_device:s0              254,  11 2026-10-01 22:15 dm-11\nbrw------- 1 root root u:object_r:dm_device:s0              254,  13 2026-10-01 22:15 dm-13\nbrw------- 1 root root u:object_r:dm_device:s0              254,  14 2026-10-01 22:15 dm-14\nbrw------- 1 root root u:object_r:dm_device:s0              254,  16 2026-10-01 22:15 dm-16\nbrw------- 1 root root u:object_r:dm_device:s0              254,  17 2026-10-01 22:15 dm-17\nbrw------- 1 root root u:object_r:dm_device:s0              254,  18 2026-10-01 22:15 dm-18\nbrw------- 1 root root u:object_r:dm_device:s0              254,  19 2026-10-01 22:15 dm-19\nbrw------- 1 root root u:object_r:dm_device:s0              254,   2 2026-10-01 22:15 dm-2\n-- su:\n0000000  \\0\n-- ksu:\n{\"error\":\"write /proc/thread-self/attr/current: operation not permitted\",\"op\":\"setcon\"}\n-- avc:"}
{"check":"back-1","result":{"url":"https://mui.kernelsu.org/index.html","socket":"webview_devtools_remote_10938","value":["Squadron","Process","native","net","Say hello","Count to 5","SHA-256","Demo pages\nOne page per thing the stack promises.","Places","Strategy","Rust","Lifecycle","Shell","Plugins"]}}
{"check":"back-1-top","result":"topResumedActivity=ActivityRecord{38fd89f u0 com.dergoogler.mmrl.wx/.ui.activity.webui.WebUIActivity t18}"}
{"check":"back-2-top","result":"topResumedActivity=ActivityRecord{a577742 u0 com.google.android.apps.nexuslauncher/.NexusLauncherActivity t13}"}
{"check":"back-3-top","result":"topResumedActivity=ActivityRecord{a577742 u0 com.google.android.apps.nexuslauncher/.NexusLauncherActivity t13}"}
{"check":"sys-dark","night":"yes","color_mode":"","opened":"opened: intent","result":{"url":"https://mui.kernelsu.org/index.html","socket":"webview_devtools_remote_11596","value":{"dark":true,"primary":"#b2c5ffff","background":"#121318ff","cssBytes":1545}}}
{"check":"sys-light","night":"no","color_mode":"","opened":"opened: intent","result":{"url":"https://mui.kernelsu.org/index.html","socket":"webview_devtools_remote_11808","value":{"dark":false,"primary":"#495d92ff","background":"#faf8ffff","cssBytes":1545}}}
{"check":"app","result":"ls: /product/app/WebuiApi_demo/: No such file or directory"}
{"check":"mounts","result":"ls: /data/adb/metamodule: No such file or directory\nCalendarGooglePrebuilt Camera2 Chrome Chrome-Stub Drive GoogleContacts GoogleTTS LatinIMEGooglePrebuilt LicenseChecker Maps MarkupGoogle_v2 ModuleMetadataGoogle NexusWallpapersStubPrebuilt2018 Photos PixelThemesStub PrebuiltDeskClockGoogle PrebuiltGmail PrebuiltGoogleAdservicesTvp PrebuiltGoogleTelemetryTvp SoundPickerPrebuilt TrichromeLibrary TrichromeLibrary-Stub WebViewGoogle WebViewGoogle-Stub YouTube YouTubeMusicPrebuilt talkback"}
{"check":"app-label","result":"No activities found"}
{"check":"module-config","result":"manage module configuration\n\nUsage: ksud module config [OPTIONS] <COMMAND>\n\nCommands:\n  get     Get a config value\n  set     Set a config value\n  list    List all config entries\n  delete  Delete a config entry\n  clear   Clear all config entries\n  help    Print this message or the help of the given subcommand(s)\n\n-- files:\ntotal 32\ndrwxr-xr-x 2 root root 4096 2026-10-01 22:26 .\ndrwxr-xr-x 3 root root 4096 2026-10-01 22:20 ..\n-rw-r--r-- 1 root root   36 2026-10-01 22:20 persist.config\n-rw-r--r-- 1 root root   66 2026-10-01 22:26 tmp.config\n== /data/adb/ksu/module_configs/demo/persist.config\nMUSK\u0001\u0000\u0000\u0000\u0001\u0000\u0000\u0000\u000f\u0000\u0000\u0000webui.installed\u0001\u0000\u0000\u00001\n== /data/adb/ksu/module_configs/demo/tmp.config\nMUSK\u0001\u0000\u0000\u0000\u0001\u0000\u0000\u0000\n\u0000\u0000\u0000webui.boot$\u0000\u0000\u00009040cc13-b109-4d5d-adef-659b344a9fdd\n-- ksud get:\n1\nwebui.installed=1\nwebui.boot=9040cc13-b109-4d5d-adef-659b344a9fdd"}
{"check":"module-dirs","result":"/data/adb/demo:\ntotal 24\ndrwx------ 3 root root 4096 2026-10-01 22:23 .\ndrwx------ 7 root root 4096 2026-10-01 22:23 ..\ndrwx------ 2 root root 4096 2026-10-01 22:23 tmp\n\n/data/adb/demo/tmp:\ntotal 16\ndrwx------ 2 root root 4096 2026-10-01 22:23 .\ndrwx------ 3 root root 4096 2026-10-01 22:23 .."}
{"check":"open","result":"opened: intent"}
{"check":"tap-places","result":{"url":"https://mui.kernelsu.org/index.html","socket":"webview_devtools_remote_12046","value":"tapped Places at 16,572 size 288x56 role button tappable"}}
{"check":"tap-plugins","result":{"url":"https://mui.kernelsu.org/index.html","socket":"webview_devtools_remote_12046","value":"tapped Plugins at 267,536 size 53x80 role tab tappable"}}
{"check":"plugins","result":The app calls share_plus and permission_handler as on any platform. Running in a WebUI host, so their *_webui packages answer.
share_plus
On WebUI: share_plus_webui: Android's share sheet, opened by the module's own app
Share text
permission_handler
On WebUI: permission_handler_webui: Android's own permission dialog, for the module's own app
Camera: denied}
{"check":"tap-share","result":{"url":"https://mui.kernelsu.org/index.html","socket":"webview_devtools_remote_12046","value":"tapped Share text at 24,258 size 112x48 role button tappable"}}
{"check":"share-top","result":"com.google.android.gm/.welcome.WelcomeTourActivity"}
{"check":"app-process","result":""}
{"check":"share-log","result":"10-01 22:27:11.756 12603 12603 W ThreadPoolForeg: type=1400 audit(0.0:784): avc:  denied  { setattr } for  name=\"optimization-hints.pb\" dev=\"dm-46\" ino=377417 scontext=u:r:isolated_app:s0:c512,c768 tcontext=u:object_r:app_data_file:s0:c145,c256,c512,c768 tclass=file permissive=0\n10-01 22:27:11.756 12603 12603 W ThreadPoolForeg: type=1400 audit(0.0:785): avc:  denied  { setattr } for  name=\"manifest.json\" dev=\"dm-46\" ino=377418 scontext=u:r:isolated_app:s0:c512,c768 tcontext=u:object_r:app_data_file:s0:c145,c256,c512,c768 tclass=file permissive=0\n10-01 22:27:11.756 12603 12603 W ThreadPoolForeg: type=1400 audit(0.0:786): avc:  denied  { setattr } for  name=\"verified_contents.json\" dev=\"dm-46\" ino=377420 scontext=u:r:isolated_app:s0:c512,c768 tcontext=u:object_r:app_data_file:s0:c145,c256,c512,c768 tclass=file permissive=0\n10-01 22:27:13.668 12620 12620 W ThreadPoolForeg: type=1400 audit(0.0:787): avc:  denied  { setattr } for  name=\"keys.json\" dev=\"dm-46\" ino=377428 scontext=u:r:isolated_app:s0:c512,c768 tcontext=u:object_r:app_data_file:s0:c145,c256,c512,c768 tclass=file permissive=0\n10-01 22:27:13.668 12620 12620 W ThreadPoolForeg: type=1400 audit(0.0:788): avc:  denied  { setattr } for  name=\"manifest.json\" dev=\"dm-46\" ino=377429 scontext=u:r:isolated_app:s0:c512,c768 tcontext=u:object_r:app_data_file:s0:c145,c256,c512,c768 tclass=file permissive=0\n10-01 22:27:13.668 12620 12620 W ThreadPoolForeg: type=1400 audit(0.0:789): avc:  denied  { setattr } for  name=\"LICENSE\" dev=\"dm-46\" ino=377430 scontext=u:r:isolated_app:s0:c512,c768 tcontext=u:object_r:app_data_file:s0:c145,c256,c512,c768 tclass=file permissive=0\n10-01 22:27:13.668 12620 12620 W ThreadPoolForeg: type=1400 audit(0.0:790): avc:  denied  { setattr } for  name=\"verified_contents.json\" dev=\"dm-46\" ino=377432 scontext=u:r:isolated_app:s0:c512,c768 tcontext=u:object_r:app_data_file:s0:c145,c256,c512,c768 tclass=file permissive=0\n10-01 22:27:15.198 12644 12644 W app_process: ClassLoaderContext shared library size mismatch. Expected=2, found=0 (PCL[]{PCL[/system/framework/android.test.base.jar*724373495]#PCL[/system/framework/android.test.mock.jar*1452759902]} | PCL[])\n10-01 22:27:15.632 12657 12657 W ThreadPoolForeg: type=1400 audit(0.0:791): avc:  denied  { setattr } for  name=\"ssl_error_assistant.pb\" dev=\"dm-46\" ino=377436 scontext=u:r:isolated_app:s0:c512,c768 tcontext=u:object_r:app_data_file:s0:c145,c256,c512,c768 tclass=file permissive=0\n10-01 22:27:15.632 12657 12657 W ThreadPoolForeg: type=1400 audit(0.0:792): avc:  denied  { setattr } for  name=\"ssl_error_assistant.pb\" dev=\"dm-46\" ino=377436 scontext=u:r:isolated_app:s0:c512,c768 tcontext=u:object_r:app_data_file:s0:c145,c256,c512,c768 tclass=file permissive=0\n10-01 22:27:15.632 12657 12657 W ThreadPoolForeg: type=1400 audit(0.0:793): avc:  denied  { setattr } for  name=\"manifest.json\" dev=\"dm-46\" ino=377437 scontext=u:r:isolated_app:s0:c512,c768 tcontext=u:object_r:app_data_file:s0:c145,c256,c512,c768 tclass=file permissive=0\n10-01 22:27:15.632 12657 12657 W ThreadPoolForeg: type=1400 audit(0.0:794): avc:  denied  { setattr } for  name=\"verified_contents.json\" dev=\"dm-46\" ino=377439 scontext=u:r:isolated_app:s0:c512,c768 tcontext=u:object_r:app_data_file:s0:c145,c256,c512,c768 tclass=file permissive=0"}
{"check":"share-result","result":share_plus
On WebUI: share_plus_webui: Android's share sheet, opened by the module's own app
Share result: unavailable}
Failure [package not found]
Error: package not found
{"check":"cam-deny-1-tap","result":{"url":"https://mui.kernelsu.org/index.html","socket":"webview_devtools_remote_12046","value":"tapped Request camera at 24,470 size 150x48 role button tappable"}}
{"check":"cam-deny-1-top","result":"com.dergoogler.mmrl.wx/.ui.activity.webui.WebUIActivity"}
{"check":"cam-deny-1-dialog","result":"Back Back\nShare text\nRequest camera\nPlaces\nStrategy\nRust\nLifecycle\nShell\nPlugins"}
{"check":"cam-deny-1-press","result":"ui: no node with 'Don'"}
{"check":"cam-deny-1-status","result":permission_handler
On WebUI: permission_handler_webui: Android's own permission dialog, for the module's own app
Camera: denied}
{"check":"cam-deny-1-perm","result":""}
{"check":"cam-deny-2-tap","result":{"url":"https://mui.kernelsu.org/index.html","socket":"webview_devtools_remote_12046","value":"tapped Request camera at 24,470 size 150x48 role button"}}
{"check":"cam-deny-2-top","result":"com.dergoogler.mmrl.wx/.ui.activity.webui.WebUIActivity"}
{"check":"cam-deny-2-dialog","result":"Back Back\nShare text\nRequest camera\nPlaces\nStrategy\nRust\nLifecycle\nShell\nPlugins"}
{"check":"cam-deny-2-press","result":"ui: no node with 'Don'"}
{"check":"cam-deny-2-status","result":permission_handler
On WebUI: permission_handler_webui: Android's own permission dialog, for the module's own app
Camera: denied}
{"check":"cam-deny-2-perm","result":""}
{"check":"cam-after-deny-tap","result":{"url":"https://mui.kernelsu.org/index.html","socket":"webview_devtools_remote_12046","value":"tapped Request camera at 24,470 size 150x48 role button"}}
{"check":"cam-after-deny-top","result":"com.dergoogler.mmrl.wx/.ui.activity.webui.WebUIActivity"}
{"check":"cam-after-deny-dialog","result":"Back Back\nShare text\nRequest camera\nPlaces\nStrategy\nRust\nLifecycle\nShell\nPlugins"}
{"check":"cam-after-deny-status","result":permission_handler
On WebUI: permission_handler_webui: Android's own permission dialog, for the module's own app
Camera: denied}
{"check":"cam-after-deny-perm","result":""}
Failure [package not found]
Error: package not found
{"check":"cam-grant-tap","result":{"url":"https://mui.kernelsu.org/index.html","socket":"webview_devtools_remote_12046","value":"tapped Request camera at 24,470 size 150x48 role button"}}
{"check":"cam-grant-top","result":"com.dergoogler.mmrl.wx/.ui.activity.webui.WebUIActivity"}
{"check":"cam-grant-dialog","result":"Back Back\nShare text\nRequest camera\nPlaces\nStrategy\nRust\nLifecycle\nShell\nPlugins"}
{"check":"cam-grant-press","result":"ui: no node with 'While using the app'"}
{"check":"cam-grant-status","result":permission_handler
On WebUI: permission_handler_webui: Android's own permission dialog, for the module's own app
Camera: denied}
{"check":"cam-grant-perm","result":""}
{"check":"app-settings","result":"Back Back\nShare text\nRequest camera\nPlaces\nStrategy\nRust\nLifecycle\nShell\nPlugins"}
{"check":"uninstall","result":""}
{"check":"after-uninstall","result":"ls: /data/adb/modules/demo: No such file or directory\nls: /data/adb/demo: No such file or directory\nls: /data/adb/ksu/module_configs/demo: No such file or directory\nls: /product/app/WebuiApi_demo: No such file or directory"}
