[cf] installing cuttlefish host packages

Running kernel seems to be up-to-date.

No services need to be restarted.

No containers need to be restarted.

No user sessions are running outdated binaries.

No VM guests are running outdated hypervisor (qemu) binaries on this host.
ii  cuttlefish-base 1.57.0       amd64        Cuttlefish Android Virtual Device companion package
[cf] fetching aosp-android-latest-release/aosp_cf_x86_64_only_phone-userdebug
cvd(3925)  I 10-02 22:24:45  3925  3925 main.cc:137] version: 1.57.0 | VCS: 9bb9c72329cedcb436bb75afc05c24d73fbcdf5d
By using this Android Virtual Device, you agree to Google Terms of Service (https://policies.google.com/terms). The Google Privacy Policy (https://policies.google.com/privacy) describes how Google handles information generated as you use Google services.
cvd(3925)  I 10-02 22:24:46  3925  3925 fetch_cvd.cc:495] Starting fetch to "/mnt/cf"
cvd(3925)  I 10-02 22:24:46  3925  3928 host_package.cc:43] Downloading host package for 16373615/aosp_cf_x86_64_only_phone-userdebug
cvd(3925)  I 10-02 22:24:47  3925  3925 fetch_cvd.cc:206] Downloading image zip for 16373615/aosp_cf_x86_64_only_phone-userdebug
cvd(3925)  I 10-02 22:25:20  3925  3925 fetch_cvd.cc:511] Completed target fetch to '/mnt/cf' (1 out of 1)
cvd(3925)  I 10-02 22:25:20  3925  3925 fetch_cvd.cc:520] Completed all fetches
android-info.txt
bin
boot.img
chromeos
com.android.i18n
cuttlefish_example_custom.img
etc
fastboot-info.txt
fetch.log
fetcher_config.json
framework
init_boot.img
lib64
metrics
misc_info.txt
nativetest64
otatools
super.img
test_suites
userdata.img
usr
vbmeta.img
vbmeta_system.img
vbmeta_system_dlkm.img
vbmeta_vendor_dlkm.img
vendor_boot.img
[cf] launching (gpu_mode=gfxstream_guest_angle_host_swiftshader)
[cf] booted in 45s: generic/aosp_cf_x86_64_only_phone/vsoc_x86_64_only:17/CP2A.260605.016/16373615:userdebug/test-keys
[cf] state recovery after 6s
[cf] recovery adb uid 0
/usr/share/fonts/truetype/dejavu/DejaVuSans.ttf: 1 file pushed, 0 skipped. 212.0 MB/s (759720 bytes in 0.003s)
/usr/share/fonts/truetype/dejavu/DejaVuSans-Bold.ttf: 1 file pushed, 0 skipped. 176.7 MB/s (708920 bytes in 0.004s)
[cf] /twres/fonts absent in stock recovery: pushed host DejaVu as a stand-in
[cf] facts: 1113 lines -> /home/runner/work/devicelab/devicelab/out/stock-recovery-facts.txt
[cf] screenshot failed:
Exited with code '1'

    If the error above is unclear, please copy the text and `cvd version` output into an issue at:
        http://go/cuttlefish-bug

app 11 members, kit 29 members
/home/runner/work/devicelab/devicelab/out/counter-1.0.0-x64.aerap: 40 members, 140.6 MB expanded, 26.9 MB xz
/home/runner/work/devicelab/devicelab/out/counter-default/payload.tgz: 1 file pushed, 0 skipped. 492.7 MB/s (45314569 bytes in 0.088s)
/home/runner/work/_temp/kitx64/aera-host-sim: 1 file pushed, 0 skipped. 191.6 MB/s (1416800 bytes in 0.007s)
[sim] pushed in 1s; 134M	/tmp/aera-lab/root
[sim] exit 0 after 11s (switches: none; env: none)
sim: handshake done, 1080x2400 x3 slots
sim: first frame after 1140 ms
sim:   4000 ms Snap("start")
sim: wrote /tmp/aera-lab/out/start.png
sim:   4500 ms Tap(980, 2250)
sim:   5000 ms Tap(980, 2250)
sim:   5500 ms Tap(980, 2250)
sim:   8000 ms Snap("after")
sim: wrote /tmp/aera-lab/out/after.png
sim: 49 frames
sim: wrote /tmp/aera-lab/out/last.png
sim: embedder exited with exit status: 0
total 496
drwxr-xr-x 3 runner runner   4096 Oct  2 22:27 .
drwxr-xr-x 3 runner runner   4096 Oct  2 22:27 ..
-rw-r--r-- 1 runner runner 163422 Oct  2 22:27 after.png
-rw-r--r-- 1 runner runner 163422 Oct  2 22:27 last.png
drwxr-xr-x 6 runner runner   4096 Oct  2 22:27 plugin-data
-rw-r--r-- 1 runner runner 164487 Oct  2 22:27 start.png
aera-plugin: virtio-gpu capsets 0x208
aera-flutter: Vulkan on Virtio-GPU GFXStream (SwiftShader Device (LLVM 16.0.0))
aera-flutter: Vulkan renderer Virtio-GPU GFXStream (SwiftShader Device (LLVM 16.0.0))
/home/runner/work/devicelab/devicelab/out/counter-impeller/payload.tgz: 1 file pushed, 0 skipped. 264.7 MB/s (45314569 bytes in 0.163s)
/home/runner/work/_temp/kitx64/aera-host-sim: 1 file pushed, 0 skipped. 222.3 MB/s (1416800 bytes in 0.006s)
[sim] pushed in 1s; 134M	/tmp/aera-lab/root
[sim] exit 0 after 11s (switches: --enable-impeller; env: none)
sim: handshake done, 1080x2400 x3 slots
sim: first frame after 1485 ms
sim:   4000 ms Snap("start")
sim: wrote /tmp/aera-lab/out/start.png
sim:   4500 ms Tap(980, 2250)
sim:   5000 ms Tap(980, 2250)
sim:   5500 ms Tap(980, 2250)
sim:   8000 ms Snap("after")
sim: wrote /tmp/aera-lab/out/after.png
sim: 40 frames
sim: wrote /tmp/aera-lab/out/last.png
sim: embedder exited with exit status: 0
total 504
drwxr-xr-x 3 runner runner   4096 Oct  2 22:28 .
drwxr-xr-x 3 runner runner   4096 Oct  2 22:28 ..
-rw-r--r-- 1 runner runner 166674 Oct  2 22:28 after.png
-rw-r--r-- 1 runner runner 166674 Oct  2 22:28 last.png
drwxr-xr-x 6 runner runner   4096 Oct  2 22:28 plugin-data
-rw-r--r-- 1 runner runner 167335 Oct  2 22:28 start.png
aera-plugin: virtio-gpu capsets 0x208
aera-flutter: engine switches ["--enable-impeller"]
aera-flutter: Vulkan on Virtio-GPU GFXStream (SwiftShader Device (LLVM 16.0.0))
[IMPORTANT:flutter/shell/platform/embedder/embedder_surface_vulkan_impeller.cc(85)] Using the Impeller rendering backend (Vulkan).
aera-flutter: Vulkan renderer Virtio-GPU GFXStream (SwiftShader Device (LLVM 16.0.0))
/home/runner/work/devicelab/devicelab/out/counter-softpipe/payload.tgz: 1 file pushed, 0 skipped. 245.4 MB/s (45314569 bytes in 0.176s)
/home/runner/work/_temp/kitx64/aera-host-sim: 1 file pushed, 0 skipped. 196.6 MB/s (1416800 bytes in 0.007s)
[sim] pushed in 2s; 134M	/tmp/aera-lab/root
[sim] exit 0 after 10s (switches: none; env: none)
sim: handshake done, 1080x2400 x3 slots
sim: first frame after 1115 ms
sim:   4000 ms Snap("start")
sim: wrote /tmp/aera-lab/out/start.png
sim:   4500 ms Tap(980, 2250)
sim:   5000 ms Tap(980, 2250)
sim:   5500 ms Tap(980, 2250)
sim:   8000 ms Snap("after")
sim: wrote /tmp/aera-lab/out/after.png
sim: 48 frames
sim: wrote /tmp/aera-lab/out/last.png
sim: embedder exited with exit status: 0
total 496
drwxr-xr-x 3 runner runner   4096 Oct  2 22:28 .
drwxr-xr-x 3 runner runner   4096 Oct  2 22:28 ..
-rw-r--r-- 1 runner runner 163422 Oct  2 22:28 after.png
-rw-r--r-- 1 runner runner 163422 Oct  2 22:28 last.png
drwxr-xr-x 6 runner runner   4096 Oct  2 22:28 plugin-data
-rw-r--r-- 1 runner runner 164487 Oct  2 22:28 start.png
aera-plugin: virtio-gpu capsets 0x208
aera-flutter: Vulkan on Virtio-GPU GFXStream (SwiftShader Device (LLVM 16.0.0))
aera-flutter: Vulkan renderer Virtio-GPU GFXStream (SwiftShader Device (LLVM 16.0.0))
