yes: standard output: Broken pipe
Auto-selecting single ABI x86_64
Do you wish to create a custom hardware profile? [no] lab.avd
lab.ini
emulator Android emulator version 37.2.12.0 (build_id 16428233) (CL:N/A)
* daemon not running; starting now at tcp:5037
* daemon started successfully
booted in 28s: google/sdk_gphone64_x86_64/emu64xa:15/AE3A.240806.043/12960925:userdebug/dev-keys
kernel 6.6.50-android15-8-g8adecb593e9b-ab12525588 -> kmi android15-6.6; tiann/KernelSU v3.3.0
total 16428
drwx------  2 runner runner     4096 Oct  1 20:04 .
drwxrwxrwt 16 root   root       4096 Oct  1 20:04 ..
-rw-r--r--  1 runner runner 10777987 Oct  1 20:04 KernelSU_v3.3.0_32601-release.apk
-rw-r--r--  1 runner runner  5713312 Oct  1 20:04 ksud-x86_64-linux-android
-rw-r--r--  1 runner runner   318824 Oct  1 20:04 lkm-x86_64-android15-6.6_kernelsu.ko
== manager installed (me.weishu.kernelsu, KernelSU_v3.3.0_32601-release.apk)
/tmp/tmp.BT6Fwraigb/lkm-x86_64-android15-6.6_kernelsu.ko: 1 file pushed, 0 skipped. 3.8 MB/s (318824 bytes in 0.080s)
/tmp/tmp.BT6Fwraigb/ksud-x86_64-linux-android: 1 file pushed, 0 skipped. 108.5 MB/s (5713312 bytes in 0.050s)
== ksud: ksud 3.3.0 (uapi: 2)
== ksud late-load: rc=0
== ksud insmod /data/adb/kernelsu.ko: Error: load module failed: /data/adb/kernelsu.ko

Caused by:
    0: init_module failed without vermagic mismatch
    1: File exists (os error 17)
rc=1
kernelsu              159744  0 
== lsmod: kernelsu              159744  0 
KernelSU_v3.3.0_32601-release.apk
ksud-aarch64-apple-darwin
ksud-aarch64-linux-android
ksud-aarch64-unknown-linux-musl
ksud-x86_64-apple-darwin
ksud-x86_64-linux-android
ksud-x86_64-pc-windows-gnu.exe
ksud-x86_64-unknown-linux-musl
ksuinit-aarch64
ksuinit-x86_64
lkm-aarch64-android12-5.10_kernelsu.ko
lkm-aarch64-android13-5.10_kernelsu.ko
lkm-aarch64-android13-5.15_kernelsu.ko
lkm-aarch64-android14-5.15_kernelsu.ko
lkm-aarch64-android14-6.1_kernelsu.ko
lkm-aarch64-android15-6.6_kernelsu.ko
lkm-aarch64-android16-6.12_kernelsu.ko
lkm-aarch64-android17-6.18_kernelsu.ko
lkm-x86_64-android12-5.10_kernelsu.ko
lkm-x86_64-android13-5.10_kernelsu.ko
lkm-x86_64-android13-5.15_kernelsu.ko
lkm-x86_64-android14-5.15_kernelsu.ko
lkm-x86_64-android14-6.1_kernelsu.ko
lkm-x86_64-android15-6.6_kernelsu.ko
lkm-x86_64-android16-6.12_kernelsu.ko
lkm-x86_64-android17-6.18_kernelsu.ko
== no metamodule asset in tiann/KernelSU v3.3.0
/home/runner/work/devicelab/devicelab/modules/probe/./: 2 files pushed, 0 skipped. 0.0 MB/s (1474 bytes in 0.063s)
== modules: [
  {
    "author": "p0g-stack",
    "remove": "false",
    "mount": "false",
    "web": "true",
    "version": "1",
    "description": "Observation module for devicelab. Its WebUI page is driven over DevTools.",
    "update": "false",
    "enabled": "true",
    "name": "devicelab probe",
    "versionCode": "1",
    "action": "false",
    "id": "devicelab_probe"
  }
]
SELinux: Loaded file context from:
		/system/etc/selinux/plat_file_contexts
		/system_ext/etc/selinux/system_ext_file_contexts
		/vendor/etc/selinux/vendor_file_contexts
== home text: text="LKM" text="Working [Jailbreak mode]" text="Version: 32601-2" text="Manager version" text="v3.3.0 (32601-2)" text="Kernel version" text="6.6.50-android15-8-g8adecb593e9b-ab12525588" text="Device model" text="Google sdk_gphone64_x86_64" text="Fingerprint" text="google/sdk_gphone64_x86_64/emu64xa:15/AE3A.240806.043/12960925:userdebug/dev-keys" text="Enforcing" text="KernelSU" text="Home" text="Superuser" text="1" text="Module" text="Settings" 
== manager activities: me.weishu.kernelsu/.magica.BootCompletedReceiver me.weishu.kernelsu/.ui.MainActivity me.weishu.kernelsu/androidx.core.content.FileProvider me.weishu.kernelsu/androidx.profileinstaller.ProfileInstallReceiver me.weishu.kernelsu/androidx.startup.InitializationProvider 
WebUI-X-v438-release-official.apk
WebUI-X-v438-release-spoofed.apk
== downloaded MMRLApp/WebUI-X-Portable v438 WebUI-X-v438-release-official.apk
Success
== installed com.dergoogler.mmrl.wx uid=10210     versionName=v438-release
== activities: com.dergoogler.mmrl.wx/.ui.activity.CrashHandlerActivity com.dergoogler.mmrl.wx/.ui.activity.MainActivity com.dergoogler.mmrl.wx/.ui.activity.modconf.ModConfActivity com.dergoogler.mmrl.wx/.ui.activity.webui.KsuWebUIActivity com.dergoogler.mmrl.wx/.ui.activity.webui.WebUIActivity com.dergoogler.mmrl.wx/.util.NonRootService com.dergoogler.mmrl.wx/androidx.core.content.FileProvider com.dergoogler.mmrl.wx/androidx.profileinstaller.ProfileInstallReceiver com.dergoogler.mmrl.wx/androidx.startup.InitializationProvider com.dergoogler.mmrl.wx/androidx.work.impl.background.systemalarm.ConstraintProxy com.dergoogler.mmrl.wx/androidx.work.impl.background.systemalarm.ConstraintProxyUpdateReceiver com.dergoogler.mmrl.wx/androidx.work.impl.background.systemalarm.RescheduleReceiver com.dergoogler.mmrl.wx/androidx.work.impl.diagnostics.DiagnosticsReceiver 
ui: tapped 'Superuser' at 120,584
ui: no node with 'com.dergoogler.mmrl.wx'
ui: tapped 160,152
ui: tapped 'com.dergoogler.mmrl.wx' at 160,130
[12,230][308,290] Superuser
[243,236][292,284] 
[12,302][308,358] App Profile | Default
[12,26][60,74] 
[260,26][308,74] Settings
ui: tapped switch 1 ('', was checked=false)
== ksud feature list: Available Features: ================================================================================ [ENABLED (1)] su_compat (ID=0)     SU Compatibility Mode - allows authorized apps to gain root via traditional 'su' command  [ENABLED (1)] kernel_umount (ID=1)     Kernel Umount - controls whether kernel automatically unmounts modules when not needed  [DISABLED] sulog (ID=2)     SU Log - streams kernel sulog events to userspace and persists them to disk  [DISABLED] adb_root (ID=3)     ADB Root - Enable adbd root  [DISABLED] selinux_hide (ID=4)     SELinux Hide - sanitize /sys/fs/selinux access results for app UIDs  [DISABLED] webview_zygote_umount (ID=5)     WebView Zygote Umount - unmount modules from WebView zygote and its isolated children  
== su_compat: Feature: su_compat (0) Description: SU Compatibility Mode - allows authorized apps to gain root via traditional 'su' command Value: 1 Status: enabled 
== root grant: ui; su as app uid 10210: su: failed to exec /system/bin/su: No such file or directory
ui: tapped 'KernelSU' at 160,265
[40,165][280,221] Magisk
[40,309][280,389] KernelSU Next
[40,405][280,461] APatch
[40,477][280,557] SukiSU Ultra
[40,573][280,629] Non-Root
[40,644][280,692] Continue with KernelSU
ui: tapped 'Continue with KernelSU' at 160,668
[16,104][304,330] devicelab probe | 1 (1) by p0g-stack | Updated on 1 October 2026 | Observation module for devicelab. Its WebUI page is d
[32,274][90,322] 
[153,274][288,322] Add Shortcut
[220,32][268,80] 
[268,32][316,80] 
[164,796][320,876] Settings
ui: no node with 'Continue with KernelSU'
ui: no node with 'Next'
ui: no node with 'Continue'
ui: no node with 'Grant'
ui: no node with 'Allow'
ui: no node with 'Get started'
ui: no node with 'Done'
ui: no node with 'OK'
ui: no node with 'Finish'
[16,104][304,330] devicelab probe | 1 (1) by p0g-stack | Updated on 1 October 2026 | Observation module for devicelab. Its WebUI page is d
[32,274][90,322] 
[153,274][288,322] Add Shortcut
[220,32][268,80] 
[268,32][316,80] 
[164,796][320,876] Settings
ui: no node with 'Continue with KernelSU'
ui: no node with 'Next'
ui: no node with 'Continue'
ui: no node with 'Grant'
ui: no node with 'Allow'
ui: no node with 'Get started'
ui: no node with 'Done'
ui: no node with 'OK'
ui: no node with 'Finish'
[16,104][304,330] devicelab probe | 1 (1) by p0g-stack | Updated on 1 October 2026 | Observation module for devicelab. Its WebUI page is d
[32,274][90,322] 
[153,274][288,322] Add Shortcut
[220,32][268,80] 
[268,32][316,80] 
[164,796][320,876] Settings
== WebUI X platform after onboarding: preferences.pb 
== devtools sockets: 
inputs/modules/flutter_webui_counter-0.1.5.zip: 1 file pushed, 0 skipped. 448.1 MB/s (21434766 bytes in 0.046s)
== install flutter_webui_counter-0.1.5.zip
  inflating: webroot/fonts/notocoloremoji/v32/Yq6P-KqIXTD0t4D9z1ESnKM3-HpFabsE4tq3luCC7p-aXxcn.3.woff2
  inflating: webroot/fonts/notocoloremoji/v32/Yq6P-KqIXTD0t4D9z1ESnKM3-HpFabsE4tq3luCC7p-aXxcn.8.woff2
  inflating: webroot/fonts/notocoloremoji/v32/Yq6P-KqIXTD0t4D9z1ESnKM3-HpFabsE4tq3luCC7p-aXxcn.2.woff2
   creating: webroot/fonts/notosansmath/
   creating: webroot/fonts/notosansmath/v15/
  inflating: webroot/fonts/notosansmath/v15/7Aump_cpkSecTWaHRlH2hyV5UHkD-V048PW0.woff2
   creating: webroot/fonts/roboto/
   creating: webroot/fonts/roboto/v32/
  inflating: webroot/fonts/roboto/v32/KFOmCnqEu92Fr1Me4GZLCzYlKw.woff2
  inflating: webroot/.last_build_id
  inflating: webroot/config.json
  inflating: webroot/flutter_webui.js
  inflating: customize.sh
- Done
- Module installed successfully!
inputs/modules/counter-v1.0.0.zip: 1 file pushed, 0 skipped. 494.5 MB/s (6582359 bytes in 0.013s)
== install counter-v1.0.0.zip
  inflating: webroot/canvaskit/chromium/canvaskit.wasm
  inflating: webroot/config.json
  inflating: webroot/favicon.png
  inflating: webroot/flutter.js
  inflating: webroot/flutter_bootstrap.js
  inflating: webroot/icons/Icon-192.png
  inflating: webroot/icons/Icon-512.png
  inflating: webroot/icons/Icon-maskable-192.png
  inflating: webroot/icons/Icon-maskable-512.png
  inflating: webroot/index.html
  inflating: webroot/main.dart.js
  inflating: webroot/manifest.json
  inflating: webroot/version.json
- Done
- Module installed successfully!
inputs/modules/demo.zip: 1 file pushed, 0 skipped. 484.4 MB/s (24330148 bytes in 0.048s)
== install demo.zip
  inflating: webroot/icons/Icon-512.png
  inflating: webroot/icons/Icon-maskable-192.png
  inflating: webroot/icons/Icon-maskable-512.png
  inflating: webroot/index.html
  inflating: webroot/main.dart.js
  inflating: webroot/manifest.json
  inflating: webroot/pkg/.gitignore
  inflating: webroot/pkg/demo_native.js
  inflating: webroot/pkg/demo_native_bg.wasm
  inflating: webroot/pkg/package.json
  inflating: webroot/version.json
  inflating: webroot/workers/demo_service.web.g.dart.js
  inflating: webroot/workers/hello_service.web.g.dart.js
- Done
- Module installed successfully!
== soft-reboot: 
== after soft-reboot (43s): [
  {
    "remove": "false",
    "web": "true",
    "action": "false",
    "author": "p0g-stack",
    "id": "devicelab_probe",
    "description": "Observation module for devicelab. Its WebUI page is driven over DevTools.",
    "version": "1",
    "update": "false",
    "mount": "false",
    "enabled": "true",
    "name": "devicelab probe",
    "versionCode": "1"
  },
  {
    "enabled": "true",
    "remove": "false",
    "name": "flutter-webui Counter",
    "action": "false",
    "description": "Stock Flutter counter app on flutter-webui (devicelab bring-up build).",
    "web": "true",
    "versionCode": "6",
    "mount": "false",
    "id": "flutter_webui_counter",
    "version": "0.1.5",
    "author": "p0g-stack",
    "update": "false"
  },
  {
    "action": "false",
    "mount": "false",
    "description": "A new Flutter project.",
    "author": "Yuv",
    "enabled": "true",
    "name": "Counter",
    "id": "counter",
    "update": "false",
    "version": "v1.0.0",
    "remove": "false",
    "web": "true",
    "versionCode": "1"
  },
  {
    "author": "",
    "mount": "false",
    "remove": "false",
    "id": "demo",
    "description": "The demo GUI. Flutter on top of the core.",
    "name": "Demo",
    "version": "v0.1.29",
    "updateJson": "https://github.com/p0g-stack/demo/releases/latest/download/update.json",
    "versionCode": "29",
    "enabled": "true",
    "update": "false",
    "web": "true",
    "action": "false"
  }
]
total 48
drwxrwxrwx 6 root root 4096 2026-10-01 20:09 .
drwx------ 6 root root 4096 2026-10-01 20:09 ..
drwxr-xr-x 3 root root 4096 2026-10-01 20:09 counter
drwxr-xr-x 5 root root 4096 2026-10-01 20:09 demo
drwxr-xr-x 3 root root 4096 2026-10-01 20:05 devicelab_probe
drwxr-xr-x 4 root root 4096 2026-10-01 20:09 flutter_webui_counter
/home/runner/work/devicelab/devicelab/out/labserver: 1 file pushed, 0 skipped. 237.6 MB/s (7843260 bytes in 0.031s)
Starting: Intent { cmp=com.dergoogler.mmrl.wx/.ui.activity.webui.WebUIActivity (has extras) }
Status: ok
Activity: com.dergoogler.mmrl.wx/.ui.activity.webui.WebUIActivity
https://mui.kernelsu.org/index.html
opened: intent
{"check":"targets","result":[{"socket": "webview_devtools_remote_9523", "type": "page", "url": "https://mui.kernelsu.org/index.html", "title": "devicelab probe"}]}
{"check":"globals","result":{"url":"https://mui.kernelsu.org/index.html","socket":"webview_devtools_remote_9523","value":{"ua":"WebUI X/438 (Linux; Android 15; sdk_gphone64_x86_64; KernelSU/32601)","origin":"https://mui.kernelsu.org","href":"https://mui.kernelsu.org/index.html","globals":["$DeFile","$DeFileInputStream","$DeFileOutputStream","$devicelab_probe","$intent","$packageManager","$userManager","ksu","webui"],"ksu":["exec","execBool","fullScreen","mmrl","moduleInfo","spawn","toast","exec","execBool","fullScreen","mmrl","moduleInfo","spawn","toast"]}}}
{"check":"ksu-exec","result":{"url":"https://mui.kernelsu.org/index.html","socket":"webview_devtools_remote_9523","value":{"code":0,"out":"uid=0(root) gid=0(root) groups=0(root) context=u:r:ksu:s0\nu:r:ksu:s0\u0000","err":""}}}
{"check":"ws-loopback","result":{"url":"https://mui.kernelsu.org/index.html","socket":"webview_devtools_remote_9523","value":{"got":["{\"origin\":\"https://mui.kernelsu.org\",\"peerUid\":10210,\"remote\":\"127.0.0.1:43242\",\"serverUid\":0,\"t\":1790885408505,\"uidSource\":\"/proc/net/tcp\"}","hi"],"ms":18}}}
{"check":"fetch-loopback","result":{"url":"https://mui.kernelsu.org/index.html","socket":"webview_devtools_remote_9523","value":{"origin":"https://mui.kernelsu.org","peerUid":10210,"remote":"127.0.0.1:43258","serverUid":0,"t":1790885408641,"uidSource":"/proc/net/tcp"}}}
{"check":"webview-uid","result":["webview_zygote 1053 webview_zygote", "u0_a210      10210 com.dergoogler.mmrl.wx", "root             0 com.dergoogler.mmrl.wx:root:0", "root             0 com.dergoogler.mmrl.wx:root:0", "u0_a151      10151 com.google.android.webview:webview_service", "u0_i9000     99000 com.google.android.webview:sandboxed_process0:org.chromium.content.app.SandboxedProcessService0:0", "u0_a151      10151 com.google.android.webview:webview_apk"]}
{"check":"while-home-heartbeat","result":{"url":"https://mui.kernelsu.org/index.html","socket":"webview_devtools_remote_9523","value":{"now":12284,"vis":"hidden"}}}
{"check":"lifecycle","result":{"url":"https://mui.kernelsu.org/index.html","socket":"webview_devtools_remote_9523","value":{"events":[{"type":"pageshow","t":100,"vis":"visible"},{"type":"visibilitychange","t":6141,"vis":"hidden"},{"type":"visibilitychange","t":14453,"vis":"visible"}],"gaps":[{"from":6099,"ms":8357,"vis":"visible"}],"slow":{"heldMs":3000,"sentAt":1790885411803,"resolvedAt":1790885411806,"vis":"hidden"}}}}
{"check":"dev-url","result":{"error":"no page target","sockets":["webview_devtools_remote_9523"],"targets":[{"socket":"webview_devtools_remote_9523","port":9300,"description":"{\"attached\":true,\"empty\":false,\"height\":640,\"never_attached\":false,\"screenX\":0,\"screenY\":0,\"visible\":false,\"width\":320}","devtoolsFrontendUrl":"https://chrome-devtools-frontend.appspot.com/serve_internal_file/@7741f71cbce3b7dfe3eb5890976d2596364b0733/inspector.html?ws=127.0.0.1:9300/devtools/page/83CBB69A6423DD7B12F6BE40EBBA3FC1","id":"83CBB69A6423DD7B12F6BE40EBBA3FC1","title":"devicelab probe","type":"page","url":"https://mui.kernelsu.org/index.html","webSocketDebuggerUrl":"ws://127.0.0.1:9300/devtools/page/83CBB69A6423DD7B12F6BE40EBBA3FC1"}]}}
Starting: Intent { cmp=com.dergoogler.mmrl.wx/.ui.activity.webui.WebUIActivity (has extras) }
Status: ok
Activity: com.dergoogler.mmrl.wx/.ui.activity.webui.WebUIActivity
https://mui.kernelsu.org/index.html
opened: intent
{"check":"targets","result":[{"type": "page", "url": "https://mui.kernelsu.org/index.html", "title": "Flutter Demo"}]}
{"check":"page","result":{"url":"https://mui.kernelsu.org/index.html","socket":"webview_devtools_remote_10052","value":{"href":"https://mui.kernelsu.org/index.html","title":"Flutter Demo","ready":"complete","flutter":true,"glass":true,"nav":{"dcl":122,"load":450},"paint":{"first-paint":1352,"first-contentful-paint":1352},"glassAt":"present","firstFrame":null,"insets":"24px","vv":[320,640,1]}}}
{"check":"java-exceptions","result":["10-01 20:10:33.171  7123  9776 W ActivityManager: \tat com.android.server.am.ActiveServices.removeConnectionLocked(ActiveServices.java:6646)", "10-01 20:10:33.171  7123  9776 W ActivityManager: \tat com.android.server.am.ActiveServices.unbindServiceLocked(ActiveServices.java:4564)", "10-01 20:10:33.171  7123  9776 W ActivityManager: \tat com.android.server.am.ActivityManagerService.unbindService(ActivityManagerService.java:14253)", "10-01 20:10:33.171  7123  9776 W ActivityManager: \tat android.app.IActivityManager$Stub.onTransact(IActivityManager.java:3096)", "10-01 20:10:33.171  7123  9776 W ActivityManager: \tat com.android.server.am.ActivityManagerService.onTransact(ActivityManagerService.java:2812)", "10-01 20:10:33.171  7123  9776 W ActivityManager: \tat android.os.Binder.execTransactInternal(Binder.java:1500)", "10-01 20:10:33.171  7123  9776 W ActivityManager: \tat android.os.Binder.execTransact(Binder.java:1444)", "10-01 20:10:33.171  7123  7160 I libprocessgroup: Removed cgroup /sys/fs/cgroup/uid_90003/pid_10243", "--", "10-01 20:10:34.992  7569  8261 I ChimeraSrvcProxy: NullBinder for android.net.action.RECOMMEND_NETWORKS triggering remote TransactionTooLargeException due to Service without Chimera impl", "10-01 20:10:34.992  7569  8261 W .gms.persistent: Large reply transaction of 1056768 bytes, interface descriptor , code 1", "10-01 20:10:35.381 10279 10279 W BpBinder: Linking to death on android.gui.ISurfaceComposer but there are no threads (yet?) listening to incoming transactions. See ProcessState::startThreadPool and ProcessState::setThreadPoolMaxThreadCount. Generally you should setup the binder threadpool before other initialization steps.", "10-01 20:10:35.382 10279 10279 W ProcessState: Extra binder thread started, but 0 threads requested. Do not use *startThreadPool when zero threads are requested.", "10-01 20:10:35.388   169   169 I hwservicemanager: getTransport: Cannot find entry android.hardware.graphics.mapper@4.0::IMapper/default in either framework or device VINTF manifest.", "10-01 20:10:35.388 10279 10280 I Gralloc4: mapper 4.x is not supported", "10-01 20:10:35.571     0     0 I servicemanager: Caller(pid=10279,uid=0,sid=u:r:su:s0) Could not find android.hardware.graphics.allocator.IAllocator/default in the VINTF manifest. No alternative instances declared in VINTF.", "10-01 20:10:37.991  8104  8104 W JobService: onNetworkChanged() not implemented in androidx.work.impl.background.systemjob.SystemJobService. Must override in a subclass.", "10-01 20:10:37.994  7956  8434 I BugleRcsEngine: handleMessage processing message:[NOTIFY_UPTIME_IGNORE_STATE_CHANGED] with [non-null]:RcsEngineImpl reference [CONTEXT log_prefix=\"RcsEngineImpl[DUAL_REG]:[bc0acca8-63eb]>Handler\" thread_id=64 ]", "10-01 20:10:37.996  7956  8165 I BugleRcsEngine: Connected state: [1], networkType: [WIFI] [CONTEXT thread_id=57 ]", "10-01 20:10:37.998  7569  8261 I ChimeraSrvcProxy: NullBinder for android.net.action.RECOMMEND_NETWORKS triggering remote TransactionTooLargeException due to Service without Chimera impl", "10-01 20:10:37.998  7569  8261 W .gms.persistent: Large reply transaction of 1056768 bytes, interface descriptor , code 1", "10-01 20:10:38.778  7123  7213 D ActivityManager: freezing 9625 com.google.android.webview:webview_service", "10-01 20:10:38.779  7123  7273 D InetDiagMessage: Destroyed 0 sockets, proto=IPPROTO_TCP, family=AF_INET, states=14", "10-01 20:10:38.780  7123  7273 D InetDiagMessage: Destroyed 0 sockets, proto=IPPROTO_TCP, family=AF_INET6, states=14", "10-01 20:10:38.780  7123  7273 D InetDiagMessage: Destroyed live tcp sockets for uids={10151} in 1ms", "10-01 20:10:41.020  7123  7157 D OomAdjuster: Not killing cached processes", "10-01 20:10:41.624  7991  7991 I NearbySharing: SharingTileService destroyed [CONTEXT service_id=194 ]", "10-01 20:10:41.664  7052  7076 I netd    : tetherGetStats() -> {[]} <0.77ms>", "10-01 20:10:43.263 10052 10058 W l.process.webui: ApkAssets: Deleting an ApkAssets object '<empty> and /data/app/~~WugdYu5EhW_ycwDXgm7aFQ==/com.google.android.webview-anX_D7Wfa1bhA6Ua4U0FAw==/WebViewGoogle.apk' with 2 weak references", "10-01 20:10:43.263 10052 10058 W System  : A resource failed to call close. ", "10-01 20:10:43.263 10052 10058 W System  : A resource failed to call close. ", "10-01 20:10:43.322  7991  7991 D BoundBrokerSvc: onUnbind: Intent { act=com.google.android.gms.credential.manager.service.firstparty.START dat=chimera-action:/... cmp=com.google.android.gms/.chimera.GmsApiService }", "--", "10-01 20:10:44.003  7569  8261 I ChimeraSrvcProxy: NullBinder for android.net.action.RECOMMEND_NETWORKS triggering remote TransactionTooLargeException due to Service without Chimera impl", "10-01 20:10:44.003  7569  8261 W .gms.persistent: Large reply transaction of 1056768 bytes, interface descriptor , code 1", "10-01 20:10:44.488 10285 10285 W BpBinder: Linking to death on android.gui.ISurfaceComposer but there are no threads (yet?) listening to incoming transactions. See ProcessState::startThreadPool and ProcessState::setThreadPoolMaxThreadCount. Generally you should setup the binder threadpool before other initialization steps.", "10-01 20:10:44.488 10285 10285 W ProcessState: Extra binder thread started, but 0 threads requested. Do not use *startThreadPool when zero threads are requested.", "10-01 20:10:44.496   169   169 I hwservicemanager: getTransport: Cannot find entry android.hardware.graphics.mapper@4.0::IMapper/default in either framework or device VINTF manifest.", "10-01 20:10:44.496 10285 10286 I Gralloc4: mapper 4.x is not supported", "10-01 20:10:44.679     0     0 I servicemanager: Caller(pid=10285,uid=0,sid=u:r:su:s0) Could not find android.hardware.graphics.allocator.IAllocator/default in the VINTF manifest. No alternative instances declared in VINTF."]}
{"check":"console-errors","result":["--------- beginning of main", "10-01 20:10:28.542 10052 10136 E chromium: [1001/201028.542398:ERROR:variations_seed_loader.cc(37)] Seed missing signature.", "10-01 20:10:28.542 10052 10136 I chromium: [1001/201028.542625:INFO:variations_seed_loader.cc(66)] Failed to open file for reading.: No such file or directory (2)", "10-01 20:10:28.683 10147 10168 W chromium: [WARNING:runtime_features.cc(694)] SharedStorage for M118+ cannot be enabled in this configuration. Use --enable-features=SharedStorageAPI,SharedStorageAPIM118 in addition.", "10-01 20:10:28.684 10147 10168 W chromium: [WARNING:runtime_features.cc(730)] AttributionReportingCrossAppWeb cannot be enabled in this configuration. Use --enable-features=ConversionMeasurement,AttributionReportingCrossAppWeb in addition.", "10-01 20:10:28.839 10147 10168 I chromium: [INFO:viewport_data.cc(133)] E2E_Used ViewportFitCover", "10-01 20:10:28.883 10052 10052 I chromium: [INFO:CONSOLE(53)] \"Injecting <script> tag. Using callback.\", source:  (53)", "10-01 20:10:32.427  9104  9942 W chromium: [WARNING:ev_root_ca_metadata.cc(119)] Not implemented", "10-01 20:10:32.670  9104  9104 W chromium: [WARNING:controller_impl.cc(1191)] Background download complete, client: 6, completion type: 0, file size:5154", "10-01 20:10:32.769 10207 10218 I chromium: [INFO:child_process_service.cc(70)] ChildProcessService: Exiting child process.", "10-01 20:10:32.807  9104  9104 W chromium: [WARNING:controller_impl.cc(1191)] Background download complete, client: 6, completion type: 0, file size:45147", "10-01 20:10:32.951 10225 10236 I chromium: [INFO:child_process_service.cc(70)] ChildProcessService: Exiting child process.", "10-01 20:10:33.055  9104  9104 W chromium: [WARNING:controller_impl.cc(1191)] Background download complete, client: 6, completion type: 0, file size:2200227", "10-01 20:10:33.075  9104  9104 W chromium: [WARNING:controller_impl.cc(1191)] Background download complete, client: 6, completion type: 0, file size:609005", "10-01 20:10:33.151 10243 10262 I chromium: [INFO:child_process_service.cc(70)] ChildProcessService: Exiting child process.", "10-01 20:10:33.154 10253 10270 I chromium: [INFO:child_process_service.cc(70)] ChildProcessService: Exiting child process."]}
{"check":"first-frame-warm","result":{"url":"https://mui.kernelsu.org/index.html","socket":"webview_devtools_remote_10052","value":{"firstFrameMs":396,"now":15053,"flutter":true,"resizes":[],"paint":{"first-paint":773,"first-contentful-paint":773},"calls":[[30,"at-preload","ksu:undefined webui:undefined"],[37,"ksu-defined"],[42,"wrap-failed","exec"],[42,"wrap-failed","spawn"],[42,"wrap-failed","moduleInfo"],[42,"wrap-failed","fullScreen"],[43,"wrap-failed","toast"]],"resources":[["/internal/insets.css",21,34,"link",0],["/flutter_webui.css",22,50,"link",0],["/flutter_webui.js",22,47,"script",0],["/flutter_bootstrap.js",22,50,"script",0],["/internal/assets/ext/require.js",22,34,"script",0],["/canvaskit/chromium/canvaskit.wasm",87,132,"fetch",0],["/canvaskit/chromium/canvaskit.js",88,101,"other",0],["/main.dart.js",88,123,"script",0],["/assets/FontManifest.json",325,334,"fetch",0],["/assets/fonts/MaterialIcons-Regular.otf",336,345,"fetch",0],["/assets/packages/cupertino_icons/assets/CupertinoIcons.ttf",337,345,"fetch",0],["/assets/fonts/fallback/Roboto-Regular.ttf",337,345,"fetch",0],["/favicon.ico",338,339,"other",0]],"marks":[["flutter_webui:register",347],["flutter_webui:registered",349],["flutter_webui:first-frame",396]],"measures":[],"fonts":[]}}}
{"check":"root-start","result":{"url":"https://mui.kernelsu.org/index.html","socket":"webview_devtools_remote_10052","value":{"code":0,"out":"","err":"","ms":79}}}
{"check":"session","result":{"url":"https://mui.kernelsu.org/index.html","socket":"webview_devtools_remote_10052","value":{"status":200,"ms":15,"protocol":1,"version":"0.1.0","port":41997,"pid":10346,"tokenLen":43}}}
{"check":"ws-hello","result":{"url":"https://mui.kernelsu.org/index.html","socket":"webview_devtools_remote_10052","value":{"first":"{\"op\":\"hello\",\"protocol\":1,\"version\":\"0.1.0\",\"pid\":10346,\"boot\":\"ca4a5254-b388-4067-ac4a-bb355738b6d5\",\"uid\":0,\"moduleDir\":\"/data/adb/modules/flutter_webui_counter\"}"}}}
{"check":"channel-process","result":"USER           UID LABEL                            PID NAME                       \nroot             0 u:r:ksu:s0                     10346 ld-linux-x86-64.so.2\nexe=/data/adb/modules/flutter_webui_counter/flutter_webui/x86_64/ld-linux-x86-64.so.2\n/data/adb/modules/flutter_webui_counter/flutter_webui/x86_64/ld-linux-x86-64.so.2 --library-path /data/adb/modules/flutter_webui_counter/flutter_webui/x86_64 /data/adb/modules/flutter_webui_counter/flutter_webui/x86_64/dartaotruntime /data/adb/modules/flutter_webui_counter/flutter_webui/x86_64/flutter_webui_root.aot serve --module-dir /data/adb/modules/flutter_webui_counter \narm64-v8a\nroot\nx86_64\n/data/adb/modules/flutter_webui_counter/flutter_webui/arm64-v8a:\ndartaotruntime\nflutter_webui_root.aot\nld-linux-aarch64.so.1\nlibc.so.6\nlibdl.so.2\nlibm.so.6\nlibpthread.so.0\n\n/data/adb/modules/flutter_webui_counter/flutter_webui/x86_64:\ndartaotruntime\nflutter_webui_root.aot\nld-linux-x86-64.so.2\nlibc.so.6\nlibdl.so.2\nlibm.so.6\nlibpthread.so.0"}
{"check":"root-log","result":"2026-10-01T20:11:00.433919 listening on 127.0.0.1:41997"}
{"check":"session-mode","result":"total 44\ndrwx--x--x 3 root root 4096 2026-10-01 20:11 .\ndrwxr-xr-x 7 root root 4096 2026-10-01 20:11 ..\n-rw------- 1 root root    0 2026-10-01 20:11 lock\ndrwx------ 2 root root 4096 2026-10-01 20:11 proc\n-rw------- 1 root root   56 2026-10-01 20:11 root.log\n-rw-r--r-- 1 root root  197 2026-10-01 20:11 session.json"}
{"check":"home-resume","result":{"url":"https://mui.kernelsu.org/index.html","socket":"webview_devtools_remote_10052","value":{"events":[["visibilitychange","hidden",16031],["visibilitychange","visible",23126]],"ticks":13,"vis":"visible","hasFocus":false}}}
{"check":"before-back","result":{"url":"https://mui.kernelsu.org/index.html","socket":"webview_devtools_remote_10052","value":{"historyLength":1,"historyState":"{\"flutter\":true}","href":"https://mui.kernelsu.org/index.html","typeofWebui":"object","typeofWebuiExit":"function","typeofKsuExit":"undefined","webuiKeys":["exit","getAdditionalConfig","getApplication","getCurrentApplication","getCurrentRootManager","isDebug","openFile","setRefreshing","setRefreshingEnabled","startActivity"],"wrapped":"not writable"}}}
{"check":"back-events","result":{"error":"no page target","sockets":[],"targets":[]}}
{"check":"back-console","result":["10-01 20:11:11.536  7123  7197 I ActivityManager: Killing 10147:com.google.android.webview:sandboxed_process0:org.chromium.content.app.SandboxedProcessService0:0/u0a210i1 (adj 0): isolated not needed"]}
{"check":"back-at-root","result":"topResumedActivity=ActivityRecord{7f5ef1b u0 com.google.android.apps.nexuslauncher/.NexusLauncherActivity t13}"}
Starting: Intent { cmp=com.dergoogler.mmrl.wx/.ui.activity.webui.WebUIActivity (has extras) }
Status: ok
Activity: com.dergoogler.mmrl.wx/.ui.activity.webui.WebUIActivity
https://mui.kernelsu.org/index.html
opened: intent
{"check":"targets","result":[{"type": "page", "url": "https://mui.kernelsu.org/index.html", "title": "Flutter Demo"}]}
{"check":"page","result":{"url":"https://mui.kernelsu.org/index.html","socket":"webview_devtools_remote_10488","value":{"href":"https://mui.kernelsu.org/index.html","title":"Flutter Demo","ready":"complete","flutter":true,"glass":true,"nav":{"dcl":120,"load":472},"paint":{"first-paint":1281,"first-contentful-paint":1281},"glassAt":"present","firstFrame":null,"insets":"24px","vv":[320,640,1]}}}
{"check":"java-exceptions","result":["10-01 20:11:16.268 10488 10488 E JavaScriptInterfaceImplementation.createNewWX(...): java.lang.NoSuchMethodException: com.dergoogler.mmrl.hybridwebui.interfaces.prebuilt.FileChooserInterface.<init> [class com.dergoogler.mmrl.webui.interfaces.WXOptions]", "10-01 20:11:16.268 10488 10488 E JavaScriptInterfaceImplementation.createNewWX(...): \tat java.lang.Class.getConstructor0(Class.java:3395)", "10-01 20:11:16.268 10488 10488 E JavaScriptInterfaceImplementation.createNewWX(...): \tat java.lang.Class.getDeclaredConstructor(Class.java:3077)", "10-01 20:11:16.268 10488 10488 E JavaScriptInterfaceImplementation.createNewWX(...): \tat com.dergoogler.mmrl.ext.JavaScriptInterfaceExtKt.createNewWX(JavaScriptInterfaceExt.kt:16)", "10-01 20:11:16.268 10488 10488 E JavaScriptInterfaceImplementation.createNewWX(...): \tat com.dergoogler.mmrl.webui.view.WebUIView.addJavascriptInterface(WebUIView.kt:267)", "10-01 20:11:16.268 10488 10488 E JavaScriptInterfaceImplementation.createNewWX(...): \tat com.dergoogler.mmrl.wx.ui.activity.webui.WebUIActivity.init$lambda$4$lambda$3$lambda$2(WebUIActivity.kt:219)", "10-01 20:11:16.268 10488 10488 E JavaScriptInterfaceImplementation.createNewWX(...): \tat com.dergoogler.mmrl.wx.ui.activity.webui.WebUIActivity.$r8$lambda$_nZAC8A9f41jkM28VFfiLo2SZbA(Unknown Source:0)", "10-01 20:11:16.268 10488 10488 E JavaScriptInterfaceImplementation.createNewWX(...): \tat com.dergoogler.mmrl.wx.ui.activity.webui.WebUIActivity$$ExternalSyntheticLambda2.invoke(D8$$SyntheticClass:0)", "10-01 20:11:16.268 10488 10488 E JavaScriptInterfaceImplementation.createNewWX(...): \tat com.dergoogler.mmrl.hybridwebui.HybridWebUI.setupDependencies(HybridWebUI.kt:106)", "10-01 20:11:16.268 10488 10488 E JavaScriptInterfaceImplementation.createNewWX(...): \tat com.dergoogler.mmrl.hybridwebui.HybridWebUI.onAttachedToWindow(HybridWebUI.kt:77)", "10-01 20:11:16.268 10488 10488 E JavaScriptInterfaceImplementation.createNewWX(...): \tat android.view.View.dispatchAttachedToWindow(View.java:22860)", "10-01 20:11:16.268 10488 10488 E JavaScriptInterfaceImplementation.createNewWX(...): \tat android.view.ViewGroup.dispatchAttachedToWindow(ViewGroup.java:3492)", "10-01 20:11:16.268 10488 10488 E JavaScriptInterfaceImplementation.createNewWX(...): \tat android.view.ViewGroup.dispatchAttachedToWindow(ViewGroup.java:3499)", "10-01 20:11:16.268 10488 10488 E JavaScriptInterfaceImplementation.createNewWX(...): \tat android.view.ViewGroup.dispatchAttachedToWindow(ViewGroup.java:3499)", "10-01 20:11:16.268 10488 10488 E JavaScriptInterfaceImplementation.createNewWX(...): \tat android.view.ViewGroup.dispatchAttachedToWindow(ViewGroup.java:3499)", "10-01 20:11:16.268 10488 10488 E JavaScriptInterfaceImplementation.createNewWX(...): \tat android.view.ViewGroup.dispatchAttachedToWindow(ViewGroup.java:3499)", "10-01 20:11:16.268 10488 10488 E JavaScriptInterfaceImplementation.createNewWX(...): \tat android.view.ViewGroup.dispatchAttachedToWindow(ViewGroup.java:3499)"]}
{"check":"console-errors","result":["--------- beginning of main", "10-01 20:11:16.004 10488 10562 E chromium: [ERROR:variations_seed_loader.cc(37)] Seed missing signature.", "10-01 20:11:16.004 10488 10562 I chromium: [INFO:variations_seed_loader.cc(66)] Failed to open file for reading.: No such file or directory (2)", "10-01 20:11:16.226 10584 10609 W chromium: [WARNING:runtime_features.cc(694)] SharedStorage for M118+ cannot be enabled in this configuration. Use --enable-features=SharedStorageAPI,SharedStorageAPIM118 in addition.", "10-01 20:11:16.227 10584 10609 W chromium: [WARNING:runtime_features.cc(730)] AttributionReportingCrossAppWeb cannot be enabled in this configuration. Use --enable-features=ConversionMeasurement,AttributionReportingCrossAppWeb in addition.", "10-01 20:11:16.456 10488 10488 I chromium: [INFO:CONSOLE(1)] \"Injecting <script> tag. Using callback.\", source: https://mui.kernelsu.org/flutter_bootstrap.js (1)", "10-01 20:11:16.505 10488 10488 I chromium: [INFO:CONSOLE(53)] \"Injecting <script> tag. Using callback.\", source:  (53)"]}
{"check":"first-frame-warm","result":{"url":"https://mui.kernelsu.org/index.html","socket":"webview_devtools_remote_10488","value":{"firstFrameMs":384,"now":15050,"flutter":true,"resizes":[],"paint":{"first-paint":816,"first-contentful-paint":816},"calls":[[26,"at-preload","ksu:undefined webui:undefined"],[30,"ksu-defined"],[31,"wrap-failed","exec"],[32,"wrap-failed","spawn"],[34,"wrap-failed","moduleInfo"],[36,"wrap-failed","fullScreen"],[42,"wrap-failed","toast"]],"resources":[["/flutter_bootstrap.js",23,46,"script",0],["/internal/assets/ext/require.js",23,44,"script",0],["/canvaskit/chromium/canvaskit.wasm",87,130,"fetch",0],["/canvaskit/chromium/canvaskit.js",87,104,"other",0],["/main.dart.js",88,129,"script",0],["/assets/FontManifest.json",316,324,"fetch",0],["/favicon.png",319,328,"other",0],["/assets/fonts/MaterialIcons-Regular.otf",325,333,"fetch",0],["/assets/packages/cupertino_icons/assets/CupertinoIcons.ttf",326,333,"fetch",0],["/assets/fonts/fallback/Roboto-Regular.ttf",326,334,"fetch",0],["/favicon.png",815,829,"other",0]],"marks":[],"measures":[],"fonts":[]}}}
Starting: Intent { cmp=com.dergoogler.mmrl.wx/.ui.activity.webui.WebUIActivity (has extras) }
Status: ok
Activity: com.dergoogler.mmrl.wx/.ui.activity.webui.WebUIActivity
https://mui.kernelsu.org/index.html
opened: intent
{"check":"targets","result":[{"type": "page", "url": "https://mui.kernelsu.org/index.html", "title": "Demo"}]}
{"check":"page","result":{"url":"https://mui.kernelsu.org/index.html","socket":"webview_devtools_remote_10706","value":{"href":"https://mui.kernelsu.org/index.html","title":"Demo","ready":"complete","flutter":true,"glass":true,"nav":{"dcl":273,"load":703},"paint":{"first-paint":1223,"first-contentful-paint":2188},"glassAt":"present","firstFrame":null,"insets":"24px","vv":[320,640,1]}}}
{"check":"java-exceptions","result":["10-01 20:12:04.901  7569 10869 W TapAndPay: \tat anmg.run(:com.google.android.gms@242335041@24.23.35 (190800-646585959):8)", "10-01 20:12:04.901  7569 10869 W TapAndPay: \tat java.lang.Thread.run(Thread.java:1012)", "--", "10-01 20:12:05.074  7569  7638 W GLSUser : [AppCertManager] Exception while requesting key: ", "10-01 20:12:05.074  7569  7638 W GLSUser : java.util.concurrent.ExecutionException: bpcw: Parse Proto Exception with response code 400", "10-01 20:12:05.074  7569  7638 W GLSUser : \tat etvr.s(:com.google.android.gms@242335041@24.23.35 (190800-646585959):21)", "10-01 20:12:05.074  7569  7638 W GLSUser : \tat etvr.get(:com.google.android.gms@242335041@24.23.35 (190800-646585959):10)", "10-01 20:12:05.074  7569  7638 W GLSUser : \tat yfw.b(:com.google.android.gms@242335041@24.23.35 (190800-646585959):477)", "10-01 20:12:05.074  7569  7638 W GLSUser : \tat yfu.b(:com.google.android.gms@242335041@24.23.35 (190800-646585959):31)", "10-01 20:12:05.074  7569  7638 W GLSUser : \tat yfp.a(:com.google.android.gms@242335041@24.23.35 (190800-646585959):1)", "10-01 20:12:05.074  7569  7638 W GLSUser : \tat yfs.a(:com.google.android.gms@242335041@24.23.35 (190800-646585959):58)", "10-01 20:12:05.074  7569  7638 W GLSUser : \tat uou.call(:com.google.android.gms@242335041@24.23.35 (190800-646585959):56)", "10-01 20:12:05.074  7569  7638 W GLSUser : \tat java.util.concurrent.FutureTask.run(FutureTask.java:264)", "10-01 20:12:05.074  7569  7638 W GLSUser : \tat angs.c(:com.google.android.gms@242335041@24.23.35 (190800-646585959):50)", "10-01 20:12:05.074  7569  7638 W GLSUser : \tat angs.run(:com.google.android.gms@242335041@24.23.35 (190800-646585959):76)", "10-01 20:12:05.074  7569  7638 W GLSUser : \tat java.util.concurrent.ThreadPoolExecutor.runWorker(ThreadPoolExecutor.java:1145)", "10-01 20:12:05.074  7569  7638 W GLSUser : \tat java.util.concurrent.ThreadPoolExecutor$Worker.run(ThreadPoolExecutor.java:644)", "--", "10-01 20:12:05.074  7569  7638 W GLSUser : Caused by: bpcw: Parse Proto Exception with response code 400", "10-01 20:12:05.074  7569  7638 W GLSUser : \tat bpdw.b(:com.google.android.gms@242335041@24.23.35 (190800-646585959):80)", "10-01 20:12:05.074  7569  7638 W GLSUser : \tat bpgb.e(:com.google.android.gms@242335041@24.23.35 (190800-646585959):17)", "10-01 20:12:05.074  7569  7638 W GLSUser : \tat bpgp.onSucceeded(:com.google.android.gms@242335041@24.23.35 (190800-646585959):7)", "10-01 20:12:05.074  7569  7638 W GLSUser : \tat m.mw.onSucceeded(:com.google.android.gms.dynamite_cronetdynamite@242335041@24.23.35 (190800-0):3)", "10-01 20:12:05.074  7569  7638 W GLSUser : \tat m.lt.run(:com.google.android.gms.dynamite_cronetdynamite@242335041@24.23.35 (190800-0):25)", "10-01 20:12:05.074  7569  7638 W GLSUser : \t... 6 more", "10-01 20:12:05.074  7569  7638 W GLSUser : Caused by: fkhe: Protocol message contained an invalid tag (zero).", "10-01 20:12:05.074  7569  7638 W GLSUser : \tat fkea.k(:com.google.android.gms@242335041@24.23.35 (190800-646585959):39)", "10-01 20:12:05.074  7569  7638 W GLSUser : \tat fkid.c(:com.google.android.gms@242335041@24.23.35 (190800-646585959):309)", "10-01 20:12:05.074  7569  7638 W GLSUser : \tat fkid.i(:com.google.android.gms@242335041@24.23.35 (190800-646585959):8)", "10-01 20:12:05.074  7569  7638 W GLSUser : \tat fkgi.fe(:com.google.android.gms@242335041@24.23.35 (190800-646585959):25)", "10-01 20:12:05.074  7569  7638 W GLSUser : \tat fkgc.g(:com.google.android.gms@242335041@24.23.35 (190800-646585959):3)", "--", "10-01 20:12:05.125  7569  7583 I ChimeraSrvcProxy: NullBinder for android.net.action.RECOMMEND_NETWORKS triggering remote TransactionTooLargeException due to Service without Chimera impl", "10-01 20:12:05.125  7569  7583 W .gms.persistent: Large reply transaction of 1056768 bytes, interface descriptor , code 1", "10-01 20:12:05.437 10881 10881 W BpBinder: Linking to death on android.gui.ISurfaceComposer but there are no threads (yet?) listening to incoming transactions. See ProcessState::startThreadPool and ProcessState::setThreadPoolMaxThreadCount. Generally you should setup the binder threadpool before other initialization steps.", "10-01 20:12:05.437 10881 10881 W ProcessState: Extra binder thread started, but 0 threads requested. Do not use *startThreadPool when zero threads are requested.", "10-01 20:12:05.444   169   169 I hwservicemanager: getTransport: Cannot find entry android.hardware.graphics.mapper@4.0::IMapper/default in either framework or device VINTF manifest.", "10-01 20:12:05.444 10881 10882 I Gralloc4: mapper 4.x is not supported", "10-01 20:12:05.628     0     0 I servicemanager: Caller(pid=10881,uid=0,sid=u:r:su:s0) Could not find android.hardware.graphics.allocator.IAllocator/default in the VINTF manifest. No alternative instances declared in VINTF.", "10-01 20:12:05.939     0     0 I logd    : logdr: UID=0 GID=0 PID=10887 n tail=0 logMask=99 pid=0 start=0ns deadline=0ns"]}
{"check":"console-errors","result":["--------- beginning of main", "10-01 20:11:49.177 10706 10788 E chromium: [1001/201149.177463:ERROR:variations_seed_loader.cc(37)] Seed missing signature.", "10-01 20:11:49.180 10706 10788 I chromium: [INFO:variations_seed_loader.cc(66)] Failed to open file for reading.: No such file or directory (2)", "10-01 20:11:49.361 10794 10822 W chromium: [WARNING:runtime_features.cc(694)] SharedStorage for M118+ cannot be enabled in this configuration. Use --enable-features=SharedStorageAPI,SharedStorageAPIM118 in addition.", "10-01 20:11:49.361 10794 10822 W chromium: [WARNING:runtime_features.cc(730)] AttributionReportingCrossAppWeb cannot be enabled in this configuration. Use --enable-features=ConversionMeasurement,AttributionReportingCrossAppWeb in addition.", "10-01 20:11:49.538 10794 10822 I chromium: [INFO:viewport_data.cc(133)] E2E_Used ViewportFitCover", "10-01 20:11:49.683 10706 10706 I chromium: [INFO:CONSOLE(53)] \"Injecting <script> tag. Using callback.\", source:  (53)"]}
{"check":"first-frame-warm","result":{"url":"https://mui.kernelsu.org/index.html","socket":"webview_devtools_remote_10706","value":{"firstFrameMs":547,"now":15056,"flutter":true,"resizes":[],"paint":{"first-paint":1073,"first-contentful-paint":1073},"calls":[[44,"at-preload","ksu:undefined webui:undefined"],[46,"ksu-defined"],[58,"wrap-failed","exec"],[62,"wrap-failed","spawn"],[62,"wrap-failed","moduleInfo"],[63,"wrap-failed","fullScreen"],[63,"wrap-failed","toast"]],"resources":[["/internal/insets.css",39,64,"link",0],["/internal/colors.css",40,64,"link",0],["/flutter_webui.css",40,65,"link",0],["/flutter_webui.js",40,65,"script",0],["/flutter_bootstrap.js",40,78,"script",0],["/internal/assets/ext/require.js",40,65,"script",0],["/canvaskit/chromium/canvaskit.wasm",111,158,"fetch",0],["/canvaskit/chromium/canvaskit.js",112,122,"other",0],["/main.dart.js",112,141,"script",0],["/assets/FontManifest.json",412,422,"fetch",0],["/assets/fonts/MaterialIcons-Regular.otf",424,431,"fetch",0],["/assets/fonts/fallback/Roboto-Regular.ttf",424,431,"fetch",0],["/favicon.ico",425,427,"other",0],["/internal/colors.css",443,1066,"fetch",0],["/pkg/demo_native.js",1067,1139,"fetch",0]],"marks":[["flutter_webui:register",437],["flutter_webui:registered",438],["flutter_webui:first-frame",547]],"measures":[],"fonts":[]}}}
{"url":"https://mui.kernelsu.org/index.html","socket":"webview_devtools_remote_10706","value":"semantics on"}
{"check":"home","result":{"url":"https://mui.kernelsu.org/index.html","socket":"webview_devtools_remote_10706","value":["Squadron","Process","native","net","Say hello","Count to 5","SHA-256","Demo pages\nOne page per thing the stack promises.","Places","Strategy","Rust","Lifecycle","Shell","Plugins"]}}
{"check":"colors-css","result":{"url":"https://mui.kernelsu.org/index.html","socket":"webview_devtools_remote_10706","value":{"status":200,"type":"text/css","body":":root {\n\t/* App Base Colors */\n\t--background: #faf8ffff;\n\t--error: #b3261eff;\n\t--errorContainer: #f9dedcff;\n\t--inverseOnSurface: #e3e2e9ff;\n\t--inversePrimary: #b2c5ffff;\n\t--inverseSurface: #121318ff;\n\t--onBackground: #1a1b21ff;\n\t--onError: #ffffffff;\n\t--onErrorContainer: #410e0bff;\n\t--onPrimary: #ffffffff;\n\t--onPrimaryContainer: #001849ff;\n\t--onSecondary: #ffffffff;\n\t--onSecondaryContainer: #151b2cff;\n\t--onSurface: #1a1b21ff;\n\t--onSurfaceVariant: #45464fff;\n\t--onTertiary: #ffffffff;\n\t--onTertiaryContainer: #2b122bff;\n\t--outline: #757780ff;\n\t--outlineVariant: #c5c6d0ff;\n\t--primary: #495d92ff;\n\t--primaryContainer: #dae2ffff;\n\t--scrim: #000000ff;\n\t--secondary: #585e71ff;\n\t--secondaryContainer: #dde2f9ff;\n\t--surface: #faf8ffff;\n\t--tonalSurface: #f1f0f9ff;\n\t--surfaceBright: #faf8ffff;\n\t--surfaceContainer: #eeedf4ff;\n\t--surfaceContainerHigh: #e8e7efff;\n\t--surfaceContainerHighest: #e3e2e9ff;\n\t--surfaceContainerLow: #f4f3faff;\n\t--surfaceContainerLowest: #ffffffff;\n\t--surfaceDim: #dad9e0ff;\n\t--surfaceTint: #495d92ff;\n\t--surfaceVariant: #e1e2ecff;\n\t--tertiary: #735471ff;\n\t--tertiaryContainer: #fed6f9ff;\n\t/* Filled Tonal Button Colors */\n\t--filledTonalButtonContainerColor: #dde2f9ff;\n\t--filledTonalButtonContentColor: #151b2cff;\n\t--filledTonalButtonDisabledContainerColor: #1a1b211f;\n\t--filledTonalButtonDisabledContentColor: #1a1b2161;\n\t/* Filled Card Colors */\n\t--filledCardContainerColor: #e3e2e9ff;\n\t--filledCardContentColor: #1a1b21ff;\n\t--filledCardDisabledContainerColor: #e2e2eaff;\n\t--"}}}
{"check":"wasm-at-home","result":{"url":"https://mui.kernelsu.org/index.html","socket":"webview_devtools_remote_10706","value":{"wasm":[{"name":"chromium/canvaskit.wasm","start":111,"dur":47}],"marks":[{"name":"flutter_webui:register","t":437},{"name":"flutter_webui:registered","t":438},{"name":"flutter_webui:first-frame","t":547}],"measures":[],"now":18627}}}
{"check":"tap-places","result":{"url":"https://mui.kernelsu.org/index.html","socket":"webview_devtools_remote_10706","value":"tapped Places at 16,572 size 288x56 role button tappable"}}
{"check":"places","result":{"url":"https://mui.kernelsu.org/index.html","socket":"webview_devtools_remote_10706","value":["Back\nBack","One service, DemoService, opened in every place this build knows. Each place probes its own facts from inside; the page never guesses from the platform it was built for.","200k","1M","3M","Count primes in every place","Restart places","inline (the caller)\nkind: inline\nstart 221 ms, first facts() round trip 137 ms\nroot\ncheck: effective uid 0\nblock_devices\ncheck: a kernel-listed block device opens for reading\nusb.native\ncheck: /dev/bus/usb lists\nusb.web\ncheck: navigator.usb exists\nprocess.spawn\ncheck: a shell runs\nfs.persistent\ncheck: working dir writable, or storage persisted\nnet\ncheck: a non-loopback interface is up, or onLine\nnative\ncheck: null","worker (isolate or Web Worker)\nkind: web_worker\nstart 279 ms, first facts() round trip 32 ms\nroot\ncheck: effective uid 0\nblock_devices\ncheck: a kernel-listed block device opens for reading\nusb.native\ncheck: /dev/bus/usb lists\nusb.web\ncheck: navigator.usb exists\nprocess.spawn\ncheck: a shell runs\nfs.persistent\ncheck: working dir writable, or storage persisted\nnet\ncheck: a non-loopback interface is up, or onLine\nnative\ncheck: null","Places","Strategy","Rust","Lifecycle","Shell","Plugins"]}}
{"check":"places-scroll-1","result":{"url":"https://mui.kernelsu.org/index.html","socket":"webview_devtools_remote_10706","value":["Back\nBack","Count primes in every place","Restart places","inline (the caller)\nkind: inline\nstart 221 ms, first facts() round trip 137 ms\nroot\ncheck: effective uid 0\nblock_devices\ncheck: a kernel-listed block device opens for reading\nusb.native\ncheck: /dev/bus/usb lists\nusb.web\ncheck: navigator.usb exists\nprocess.spawn\ncheck: a shell runs\nfs.persistent\ncheck: working dir writable, or storage persisted\nnet\ncheck: a non-loopback interface is up, or onLine\nnative\ncheck: null","worker (isolate or Web Worker)\nkind: web_worker\nstart 279 ms, first facts() round trip 32 ms\nroot\ncheck: effective uid 0\nblock_devices\ncheck: a kernel-listed block device opens for reading\nusb.native\ncheck: /dev/bus/usb lists\nusb.web\ncheck: navigator.usb exists\nprocess.spawn\ncheck: a shell runs\nfs.persistent\ncheck: working dir writable, or storage persisted\nnet\ncheck: a non-loopback interface is up, or onLine\nnative\ncheck: null","root process (the app CLI, serve mode)\nkind: process\nstart 468 ms, first facts() round trip 0 ms\nroot\ncheck: effective uid 0\nblock_devices\ncheck: a kernel-listed block device opens for reading\nusb.native\ncheck: /dev/bus/usb lists\nusb.web\ncheck: navigator.usb exists\nprocess.spawn\ncheck: a shell runs\nfs.persistent\ncheck: working dir writable, or storage persisted\nnet\ncheck: a non-loopback interface is up, or onLine\nnative\ncheck: null","Places","Strategy","Rust","Lifecycle","Shell","Plugins"]}}
{"check":"places-scroll-2","result":{"url":"https://mui.kernelsu.org/index.html","socket":"webview_devtools_remote_10706","value":["Back\nBack","inline (the caller)\nkind: inline\nstart 221 ms, first facts() round trip 137 ms\nroot\ncheck: effective uid 0\nblock_devices\ncheck: a kernel-listed block device opens for reading\nusb.native\ncheck: /dev/bus/usb lists\nusb.web\ncheck: navigator.usb exists\nprocess.spawn\ncheck: a shell runs\nfs.persistent\ncheck: working dir writable, or storage persisted\nnet\ncheck: a non-loopback interface is up, or onLine\nnative\ncheck: null","worker (isolate or Web Worker)\nkind: web_worker\nstart 279 ms, first facts() round trip 32 ms\nroot\ncheck: effective uid 0\nblock_devices\ncheck: a kernel-listed block device opens for reading\nusb.native\ncheck: /dev/bus/usb lists\nusb.web\ncheck: navigator.usb exists\nprocess.spawn\ncheck: a shell runs\nfs.persistent\ncheck: working dir writable, or storage persisted\nnet\ncheck: a non-loopback interface is up, or onLine\nnative\ncheck: null","root process (the app CLI, serve mode)\nkind: process\nstart 468 ms, first facts() round trip 0 ms\nroot\ncheck: effective uid 0\nblock_devices\ncheck: a kernel-listed block device opens for reading\nusb.native\ncheck: /dev/bus/usb lists\nusb.web\ncheck: navigator.usb exists\nprocess.spawn\ncheck: a shell runs\nfs.persistent\ncheck: working dir writable, or storage persisted\nnet\ncheck: a non-loopback interface is up, or onLine\nnative\ncheck: null","Reference: one call and one stream per place\nsquadron_process doc/benchmark.md, a 4-vCPU VM. Not measured here; devicelab measures devices.\nCall: isolate 31 µs, Web Worker (dart2js) 120 µs, process 247 µs, process from the page 401 µs.\n64 KiB stream: isolate 3643 MiB/s, Web Worker 631 MiB/s, process link about 110 MiB/s.","Places","Strategy","Rust","Lifecycle","Shell","Plugins"]}}
{"check":"places-scroll-3","result":{"url":"https://mui.kernelsu.org/index.html","socket":"webview_devtools_remote_10706","value":["Back\nBack","worker (isolate or Web Worker)\nkind: web_worker\nstart 279 ms, first facts() round trip 32 ms\nroot\ncheck: effective uid 0\nblock_devices\ncheck: a kernel-listed block device opens for reading\nusb.native\ncheck: /dev/bus/usb lists\nusb.web\ncheck: navigator.usb exists\nprocess.spawn\ncheck: a shell runs\nfs.persistent\ncheck: working dir writable, or storage persisted\nnet\ncheck: a non-loopback interface is up, or onLine\nnative\ncheck: null","root process (the app CLI, serve mode)\nkind: process\nstart 468 ms, first facts() round trip 0 ms\nroot\ncheck: effective uid 0\nblock_devices\ncheck: a kernel-listed block device opens for reading\nusb.native\ncheck: /dev/bus/usb lists\nusb.web\ncheck: navigator.usb exists\nprocess.spawn\ncheck: a shell runs\nfs.persistent\ncheck: working dir writable, or storage persisted\nnet\ncheck: a non-loopback interface is up, or onLine\nnative\ncheck: null","Reference: one call and one stream per place\nsquadron_process doc/benchmark.md, a 4-vCPU VM. Not measured here; devicelab measures devices.\nCall: isolate 31 µs, Web Worker (dart2js) 120 µs, process 247 µs, process from the page 401 µs.\n64 KiB stream: isolate 3643 MiB/s, Web Worker 631 MiB/s, process link about 110 MiB/s.","Places","Strategy","Rust","Lifecycle","Shell","Plugins"]}}
{"check":"tap-strategy","result":{"url":"https://mui.kernelsu.org/index.html","socket":"webview_devtools_remote_10706","value":"tapped Strategy at 53,536 size 53x80 role tab tappable"}}
{"check":"strategy","result":{"url":"https://mui.kernelsu.org/index.html","socket":"webview_devtools_remote_10706","value":["Back\nBack","Objective: list the device's partitions. Strategies in preference order: on the device as root, then from a host over USB. The first one the place's facts allow runs; nothing reads kIsWeb or Platform.","Place","inline (the caller)","worker (isolate or Web Worker)","root process (the app CLI, serve mode)","Facts from inline (the caller)\nSwitch a fact off to see the fallback. You can only take facts away.\nroot\ncheck: effective uid 0\nblock_devices\ncheck: a kernel-listed block device opens for reading\nusb.native\ncheck: /dev/bus/usb lists\nusb.web\ncheck: navigator.usb exists\nprocess.spawn\ncheck: a shell runs\nfs.persistent\ncheck: working dir writable, or storage persisted\nnet\ncheck: a non-loopback interface is up, or onLine\nnative\ncheck: null","root","block_devices","usb.native","process.spawn","Places","Strategy","Rust","Lifecycle","Shell","Plugins"]}}
{"check":"tap-strategy-root","result":{"url":"https://mui.kernelsu.org/index.html","socket":"webview_devtools_remote_10706","value":"tapped root process at 24,358 size 272x48 role checkbox tappable"}}
{"check":"strategy-root","result":{"url":"https://mui.kernelsu.org/index.html","socket":"webview_devtools_remote_10706","value":["Back\nBack","Objective: list the device's partitions. Strategies in preference order: on the device as root, then from a host over USB. The first one the place's facts allow runs; nothing reads kIsWeb or Platform.","Place","inline (the caller)","worker (isolate or Web Worker)","root process (the app CLI, serve mode)","Facts from root process (the app CLI, serve mode)\nSwitch a fact off to see the fallback. You can only take facts away.\nroot\ncheck: effective uid 0\nblock_devices\ncheck: a kernel-listed block device opens for reading\nusb.native\ncheck: /dev/bus/usb lists\nusb.web\ncheck: navigator.usb exists\nprocess.spawn\ncheck: a shell runs\nfs.persistent\ncheck: working dir writable, or storage persisted\nnet\ncheck: a non-loopback interface is up, or onLine\nnative\ncheck: null","root","block_devices","usb.native","process.spawn","Places","Strategy","Rust","Lifecycle","Shell","Plugins"]}}
{"check":"strategy-root-scroll-1","result":{"url":"https://mui.kernelsu.org/index.html","socket":"webview_devtools_remote_10706","value":["Back\nBack","Place","inline (the caller)","worker (isolate or Web Worker)","root process (the app CLI, serve mode)","Facts from root process (the app CLI, serve mode)\nSwitch a fact off to see the fallback. You can only take facts away.\nroot\ncheck: effective uid 0\nblock_devices\ncheck: a kernel-listed block device opens for reading\nusb.native\ncheck: /dev/bus/usb lists\nusb.web\ncheck: navigator.usb exists\nprocess.spawn\ncheck: a shell runs\nfs.persistent\ncheck: working dir writable, or storage persisted\nnet\ncheck: a non-loopback interface is up, or onLine\nnative\ncheck: null","root","block_devices","usb.native","process.spawn","Chosen: on device (/proc/partitions as root)\non_device chosen","on device (/proc/partitions as root)\nneeds root + block_devices: has them","from host (fastboot getvar all)\nneeds usb.native + process.spawn: has them","Places","Strategy","Rust","Lifecycle","Shell","Plugins"]}}
{"check":"strategy-root-scroll-2","result":{"url":"https://mui.kernelsu.org/index.html","socket":"webview_devtools_remote_10706","value":["Back\nBack","Facts from root process (the app CLI, serve mode)\nSwitch a fact off to see the fallback. You can only take facts away.\nroot\ncheck: effective uid 0\nblock_devices\ncheck: a kernel-listed block device opens for reading\nusb.native\ncheck: /dev/bus/usb lists\nusb.web\ncheck: navigator.usb exists\nprocess.spawn\ncheck: a shell runs\nfs.persistent\ncheck: working dir writable, or storage persisted\nnet\ncheck: a non-loopback interface is up, or onLine\nnative\ncheck: null","usb.native","process.spawn","Chosen: on device (/proc/partitions as root)\non_device chosen","on device (/proc/partitions as root)\nneeds root + block_devices: has them","from host (fastboot getvar all)\nneeds usb.native + process.spawn: has them","Run on_device in process","Log\nEvery run: objective, strategy, place and the facts it saw.\nNothing has run yet.","Places","Strategy","Rust","Lifecycle","Shell","Plugins"]}}
{"check":"tap-rust","result":{"url":"https://mui.kernelsu.org/index.html","socket":"webview_devtools_remote_10706","value":"tapped Rust at 107,536 size 53x80 role tab tappable"}}
{"check":"rust","result":{"url":"https://mui.kernelsu.org/index.html","socket":"webview_devtools_remote_10706","value":["Back\nBack","The demo crate (rust/) counts the primes below 1000000 with the same loop as page 1's Dart. The service loads it in its own place through flutter_rust_bridge, so each place runs its own build.","Run in every place","inline (the caller)","Run here","worker (isolate or Web Worker)","Run here","root process (the app CLI, serve mode)","Run here","Places","Strategy","Rust","Lifecycle","Shell","Plugins"]}}
{"check":"tap-rust-run","result":{"url":"https://mui.kernelsu.org/index.html","socket":"webview_devtools_remote_10706","value":"tapped Run in every place at 16,196 size 288x48 role button tappable"}}
{"check":"rust-ran","result":{"url":"https://mui.kernelsu.org/index.html","socket":"webview_devtools_remote_10706","value":["Back\nBack","The demo crate (rust/) counts the primes below 1000000 with the same loop as page 1's Dart. The service loads it in its own place through flutter_rust_bridge, so each place runs its own build.","Run in every place","inline (the caller)\nBuilt for: wasm32-unknown (single-threaded)\nLoad: 100 ms (once per place, on its first Rust call; on the web that fetches and instantiates the wasm)\nRust 147 ms, Dart 1232 ms (same count: 78498)","Run here","worker (isolate or Web Worker)\nBuilt for: wasm32-unknown (single-threaded)\nLoad: 37 ms (once per place, on its first Rust call; on the web that fetches and instantiates the wasm)\nRust 195 ms, Dart 271 ms (same count: 78498)","Run here","root process (the app CLI, serve mode)\nBuilt for: x86_64-android\nLoad: 0 ms (once per place, on its first Rust call; on the web that fetches and instantiates the wasm)\nRust 141 ms, Dart 145 ms (same count: 78498)","Places","Strategy","Rust","Lifecycle","Shell","Plugins"]}}
{"check":"wasm-after-rust","result":{"url":"https://mui.kernelsu.org/index.html","socket":"webview_devtools_remote_10706","value":{"wasm":[{"name":"chromium/canvaskit.wasm","start":111,"dur":47},{"name":"pkg/demo_native_bg.wasm","start":81880,"dur":25}],"marks":[{"name":"flutter_webui:register","t":437},{"name":"flutter_webui:registered","t":438},{"name":"flutter_webui:first-frame","t":547}],"measures":[],"now":102923}}}
{"check":"tap-rust-run-2","result":{"url":"https://mui.kernelsu.org/index.html","socket":"webview_devtools_remote_10706","value":"tapped Run in every place at 16,196 size 288x48 role button tappable"}}
{"check":"rust-ran-2","result":{"url":"https://mui.kernelsu.org/index.html","socket":"webview_devtools_remote_10706","value":["Back\nBack","The demo crate (rust/) counts the primes below 1000000 with the same loop as page 1's Dart. The service loads it in its own place through flutter_rust_bridge, so each place runs its own build.","Run in every place","inline (the caller)\nBuilt for: wasm32-unknown (single-threaded)\nLoad: 0 ms (once per place, on its first Rust call; on the web that fetches and instantiates the wasm)\nRust 133 ms, Dart 1243 ms (same count: 78498)","Run here","worker (isolate or Web Worker)\nBuilt for: wasm32-unknown (single-threaded)\nLoad: 0 ms (once per place, on its first Rust call; on the web that fetches and instantiates the wasm)\nRust 143 ms, Dart 233 ms (same count: 78498)","Run here","root process (the app CLI, serve mode)\nBuilt for: x86_64-android\nLoad: 0 ms (once per place, on its first Rust call; on the web that fetches and instantiates the wasm)\nRust 133 ms, Dart 143 ms (same count: 78498)","Places","Strategy","Rust","Lifecycle","Shell","Plugins"]}}
{"check":"tap-lifecycle","result":{"url":"https://mui.kernelsu.org/index.html","socket":"webview_devtools_remote_10706","value":"tapped Lifecycle at 160,536 size 53x80 role tab tappable"}}
{"check":"tap-root-process","result":{"url":"https://mui.kernelsu.org/index.html","socket":"webview_devtools_remote_10706","value":"tapped root process at 24,390 size 272x48 role checkbox tappable"}}
{"check":"tap-start","result":{"url":"https://mui.kernelsu.org/index.html","socket":"webview_devtools_remote_10706","value":"tapped Start at 24,462 size 97x48 role button tappable"}}
{"check":"lifecycle-running","result":{"url":"https://mui.kernelsu.org/index.html","socket":"webview_devtools_remote_10706","value":["Back\nBack","Start a five-minute task, then switch away (Home, another app or tab) and come back: hidden keeps going. Close the app instead and reopen it: closed stops, and this page says where the task was when it ended.","Task\ntick every 500 ms, stamped with the place's own clock\nrunning in process: tick 17/600, longest gap 504 ms, app resumed 3","inline (the caller)","worker (isolate or Web Worker)","root process (the app CLI, serve mode)","Stop","Lifecycle\n20:14:16  started in process","Facts from root process (the app CLI, serve mode)\nroot\ncheck: effective uid 0\nblock_devices\ncheck: a kernel-listed block device opens for reading\nusb.native\ncheck: /dev/bus/usb lists\nusb.web\ncheck: navigator.usb exists\nprocess.spawn\ncheck: a shell runs\nfs.persistent\ncheck: working dir writable, or storage persisted\nnet\ncheck: a non-loopback interface is up, or onLine\nnative\ncheck: null","Places","Strategy","Rust","Lifecycle","Shell","Plugins"]}}
{"check":"lifecycle-after-home","result":{"url":"https://mui.kernelsu.org/index.html","socket":"webview_devtools_remote_10706","value":["Back\nBack","Start a five-minute task, then switch away (Home, another app or tab) and come back: hidden keeps going. Close the app instead and reopen it: closed stops, and this page says where the task was when it ended.","Task\ntick every 500 ms, stamped with the place's own clock\nrunning in process: tick 41/600, longest gap 504 ms, app resumed 7","inline (the caller)","worker (isolate or Web Worker)","root process (the app CLI, serve mode)","Stop","Lifecycle\n20:14:32  away 7.1 s: the place produced 14 ticks (on schedule: 14); longest gap 504 ms\n20:14:32  inactive -> resumed\n20:14:32  hidden -> inactive\n20:14:25  inactive -> hidden\n20:14:25  resumed -> inactive\n20:14:16  started in process","Places","Strategy","Rust","Lifecycle","Shell","Plugins"]}}
{"check":"root-process","result":"root             0 u:r:ksu:s0                     10939 dartaotruntime\nroot             0 u:r:ksu:s0                     10959 dartaotruntime"}
/home/runner/work/devicelab/devicelab/out/sockprobe: 1 file pushed, 0 skipped. 147.8 MB/s (3501149 bytes in 0.023s)
{"check":"block-devices","result":"dm-0\ndm-1\ndm-11\ndm-13\ndm-14\ndm-16\ndm-17\ndm-18\ntotal 0\ndrwxr-xr-x 2 root root u:object_r:block_device:s0                140 2026-10-01 20:04 by-name\nbrw------- 1 root root u:object_r:dm_device:s0              254,   0 2026-10-01 20:04 dm-0\nbrw------- 1 root root u:object_r:dm_device:s0              254,   1 2026-10-01 20:04 dm-1\nbrw------- 1 root root u:object_r:dm_device:s0              254,  11 2026-10-01 20:04 dm-11\nbrw------- 1 root root u:object_r:dm_device:s0              254,  13 2026-10-01 20:04 dm-13\nbrw------- 1 root root u:object_r:dm_device:s0              254,  14 2026-10-01 20:04 dm-14\nbrw------- 1 root root u:object_r:dm_device:s0              254,  16 2026-10-01 20:04 dm-16\nbrw------- 1 root root u:object_r:dm_device:s0              254,  17 2026-10-01 20:04 dm-17\nbrw------- 1 root root u:object_r:dm_device:s0              254,  18 2026-10-01 20:04 dm-18\nbrw------- 1 root root u:object_r:dm_device:s0              254,  19 2026-10-01 20:04 dm-19\nbrw------- 1 root root u:object_r:dm_device:s0              254,   2 2026-10-01 20:04 dm-2\n-- su:\n0000000  \\0\n-- ksu:\n{\"error\":\"write /proc/thread-self/attr/current: operation not permitted\",\"op\":\"setcon\"}\n-- avc:"}
{"check":"back-1","result":{"url":"https://mui.kernelsu.org/index.html","socket":"webview_devtools_remote_10706","value":["Squadron","Process","native","net","Say hello","Count to 5","SHA-256","Demo pages\nOne page per thing the stack promises.","Places","Strategy","Rust","Lifecycle","Shell","Plugins"]}}
{"check":"back-1-top","result":"topResumedActivity=ActivityRecord{ece0950 u0 com.dergoogler.mmrl.wx/.ui.activity.webui.WebUIActivity t21}"}
{"check":"back-2-top","result":"topResumedActivity=ActivityRecord{7f5ef1b u0 com.google.android.apps.nexuslauncher/.NexusLauncherActivity t13}"}
{"check":"back-3-top","result":"topResumedActivity=ActivityRecord{7f5ef1b u0 com.google.android.apps.nexuslauncher/.NexusLauncherActivity t13}"}
{"check":"sys-dark","night":"yes","color_mode":"","opened":"opened: intent","result":{"url":"https://mui.kernelsu.org/index.html","socket":"webview_devtools_remote_11331","value":{"dark":true,"primary":"#b2c5ffff","background":"#121318ff","cssBytes":1545}}}
{"check":"sys-light","night":"no","color_mode":"","opened":"opened: intent","result":{"url":"https://mui.kernelsu.org/index.html","socket":"webview_devtools_remote_11537","value":{"dark":false,"primary":"#495d92ff","background":"#faf8ffff","cssBytes":1545}}}
