yes: standard output: Broken pipe
Auto-selecting single ABI x86_64
Do you wish to create a custom hardware profile? [no] lab.avd
lab.ini
emulator Android emulator version 37.1.11.0 (build_id 15917651) (CL:N/A)
* daemon not running; starting now at tcp:5037
* daemon started successfully
booted in 53s: google/sdk_gphone64_x86_64/emu64xa:15/AE3A.240806.043/12960925:userdebug/dev-keys
kernel 6.6.50-android15-8-g8adecb593e9b-ab12525588 -> kmi android15-6.6; tiann/KernelSU v3.3.0
total 16428
drwx------  2 runner runner     4096 Oct  1 09:13 .
drwxrwxrwt 16 root   root       4096 Oct  1 09:13 ..
-rw-r--r--  1 runner runner 10777987 Oct  1 09:13 KernelSU_v3.3.0_32601-release.apk
-rw-r--r--  1 runner runner  5713312 Oct  1 09:13 ksud-x86_64-linux-android
-rw-r--r--  1 runner runner   318824 Oct  1 09:13 lkm-x86_64-android15-6.6_kernelsu.ko
== manager installed (me.weishu.kernelsu)
/tmp/tmp.KA7OW3980t/lkm-x86_64-android15-6.6_kernelsu.ko: 1 file pushed, 0 skipped. 7.9 MB/s (318824 bytes in 0.039s)
/tmp/tmp.KA7OW3980t/ksud-x86_64-linux-android: 1 file pushed, 0 skipped. 67.9 MB/s (5713312 bytes in 0.080s)
== ksud: ksud 3.3.0 (uapi: 2)
== ksud late-load: rc=0
== ksud insmod /data/adb/kernelsu.ko: Error: load module failed: /data/adb/kernelsu.ko

Caused by:
    0: init_module failed without vermagic mismatch
    1: File exists (os error 17)
rc=1
kernelsu              159744  0 
== lsmod: kernelsu              159744  1 
KernelSU_v3.3.0_32601-release.apk
ksud-aarch64-apple-darwin
ksud-aarch64-linux-android
ksud-aarch64-unknown-linux-musl
ksud-x86_64-apple-darwin
ksud-x86_64-linux-android
ksud-x86_64-pc-windows-gnu.exe
ksud-x86_64-unknown-linux-musl
ksuinit-aarch64
ksuinit-x86_64
lkm-aarch64-android12-5.10_kernelsu.ko
lkm-aarch64-android13-5.10_kernelsu.ko
lkm-aarch64-android13-5.15_kernelsu.ko
lkm-aarch64-android14-5.15_kernelsu.ko
lkm-aarch64-android14-6.1_kernelsu.ko
lkm-aarch64-android15-6.6_kernelsu.ko
lkm-aarch64-android16-6.12_kernelsu.ko
lkm-aarch64-android17-6.18_kernelsu.ko
lkm-x86_64-android12-5.10_kernelsu.ko
lkm-x86_64-android13-5.10_kernelsu.ko
lkm-x86_64-android13-5.15_kernelsu.ko
lkm-x86_64-android14-5.15_kernelsu.ko
lkm-x86_64-android14-6.1_kernelsu.ko
lkm-x86_64-android15-6.6_kernelsu.ko
lkm-x86_64-android16-6.12_kernelsu.ko
lkm-x86_64-android17-6.18_kernelsu.ko
== no metamodule asset in tiann/KernelSU v3.3.0
/home/runner/work/devicelab/devicelab/modules/probe/./: 2 files pushed, 0 skipped. 0.0 MB/s (1474 bytes in 0.045s)
== modules: [
  {
    "author": "p0g-stack",
    "versionCode": "1",
    "id": "devicelab_probe",
    "action": "false",
    "version": "1",
    "enabled": "true",
    "description": "Observation module for devicelab. Its WebUI page is driven over DevTools.",
    "name": "devicelab probe",
    "remove": "false",
    "web": "true",
    "update": "false",
    "mount": "false"
  }
]
SELinux: Loaded file context from:
		/system/etc/selinux/plat_file_contexts
		/system_ext/etc/selinux/system_ext_file_contexts
		/vendor/etc/selinux/vendor_file_contexts
== home text: text="LKM" text="Working [Jailbreak mode]" text="Version: 32601-2" text="Manager version" text="v3.3.0 (32601-2)" text="Kernel version" text="6.6.50-android15-8-g8adecb593e9b-ab12525588" text="Device model" text="Google sdk_gphone64_x86_64" text="Fingerprint" text="google/sdk_gphone64_x86_64/emu64xa:15/AE3A.240806.043/12960925:userdebug/dev-keys" text="Enforcing" text="KernelSU" text="Home" text="Superuser" text="1" text="Module" text="Settings" 
== manager activities: me.weishu.kernelsu/.magica.BootCompletedReceiver me.weishu.kernelsu/.ui.MainActivity me.weishu.kernelsu/androidx.core.content.FileProvider me.weishu.kernelsu/androidx.profileinstaller.ProfileInstallReceiver me.weishu.kernelsu/androidx.startup.InitializationProvider 
inputs/modules/flutter_webui_counter-0.1.4.zip: 1 file pushed, 0 skipped. 100.4 MB/s (21434743 bytes in 0.204s)
== install flutter_webui_counter-0.1.4.zip
  inflating: webroot/fonts/notocoloremoji/v32/Yq6P-KqIXTD0t4D9z1ESnKM3-HpFabsE4tq3luCC7p-aXxcn.3.woff2
  inflating: webroot/fonts/notocoloremoji/v32/Yq6P-KqIXTD0t4D9z1ESnKM3-HpFabsE4tq3luCC7p-aXxcn.8.woff2
  inflating: webroot/fonts/notocoloremoji/v32/Yq6P-KqIXTD0t4D9z1ESnKM3-HpFabsE4tq3luCC7p-aXxcn.2.woff2
   creating: webroot/fonts/notosansmath/
   creating: webroot/fonts/notosansmath/v15/
  inflating: webroot/fonts/notosansmath/v15/7Aump_cpkSecTWaHRlH2hyV5UHkD-V048PW0.woff2
   creating: webroot/fonts/roboto/
   creating: webroot/fonts/roboto/v32/
  inflating: webroot/fonts/roboto/v32/KFOmCnqEu92Fr1Me4GZLCzYlKw.woff2
  inflating: webroot/.last_build_id
  inflating: webroot/config.json
  inflating: webroot/flutter_webui.js
  inflating: customize.sh
- Done
- Module installed successfully!
inputs/modules/counter-v1.0.0.zip: 1 file pushed, 0 skipped. 181.3 MB/s (6582359 bytes in 0.035s)
== install counter-v1.0.0.zip
  inflating: webroot/canvaskit/chromium/canvaskit.wasm
  inflating: webroot/config.json
  inflating: webroot/favicon.png
  inflating: webroot/flutter.js
  inflating: webroot/flutter_bootstrap.js
  inflating: webroot/icons/Icon-192.png
  inflating: webroot/icons/Icon-512.png
  inflating: webroot/icons/Icon-maskable-192.png
  inflating: webroot/icons/Icon-maskable-512.png
  inflating: webroot/index.html
  inflating: webroot/main.dart.js
  inflating: webroot/manifest.json
  inflating: webroot/version.json
- Done
- Module installed successfully!
inputs/modules/demo-v0.1.0.zip: 1 file pushed, 0 skipped. 94.6 MB/s (24297061 bytes in 0.245s)
== install demo-v0.1.0.zip
  inflating: webroot/icons/Icon-512.png
  inflating: webroot/icons/Icon-maskable-192.png
  inflating: webroot/icons/Icon-maskable-512.png
  inflating: webroot/index.html
  inflating: webroot/main.dart.js
  inflating: webroot/manifest.json
  inflating: webroot/pkg/.gitignore
  inflating: webroot/pkg/demo_native.js
  inflating: webroot/pkg/demo_native_bg.wasm
  inflating: webroot/pkg/package.json
  inflating: webroot/version.json
  inflating: webroot/workers/demo_service.web.g.dart.js
  inflating: webroot/workers/hello_service.web.g.dart.js
- Done
- Module installed successfully!
/home/runner/work/devicelab/devicelab/app_plane.zip: 1 file pushed, 0 skipped. 165.1 MB/s (4514299 bytes in 0.026s)
== install app_plane.zip
Archive:  /data/local/tmp/m.zip
- Extracting module files
Archive:  /data/local/tmp/m.zip
  inflating: post-fs-data.sh
  inflating: module.prop
   creating: system/
   creating: system/product/
   creating: system/product/app/
   creating: system/product/app/WebuiTermuxApi/
  inflating: system/product/app/WebuiTermuxApi/WebuiTermuxApi.apk
  inflating: service.sh
  inflating: sockprobe
- Handle partition /product
- Done
- Module installed successfully!
== soft-reboot: 
== after soft-reboot (60s): [
  {
    "id": "devicelab_probe",
    "update": "false",
    "action": "false",
    "mount": "false",
    "remove": "false",
    "versionCode": "1",
    "version": "1",
    "web": "true",
    "description": "Observation module for devicelab. Its WebUI page is driven over DevTools.",
    "name": "devicelab probe",
    "enabled": "true",
    "author": "p0g-stack"
  },
  {
    "id": "flutter_webui_counter",
    "version": "0.1.4",
    "remove": "false",
    "web": "true",
    "enabled": "true",
    "action": "false",
    "update": "false",
    "author": "p0g-stack",
    "versionCode": "5",
    "description": "Stock Flutter counter app on flutter-webui (devicelab bring-up build).",
    "name": "flutter-webui Counter",
    "mount": "false"
  },
  {
    "web": "true",
    "id": "counter",
    "name": "Counter",
    "remove": "false",
    "description": "A new Flutter project.",
    "mount": "false",
    "version": "v1.0.0",
    "versionCode": "1",
    "author": "Yuv",
    "update": "false",
    "enabled": "true",
    "action": "false"
  },
  {
    "mount": "false",
    "remove": "false",
    "author": "",
    "web": "true",
    "update": "false",
    "version": "v0.1.0",
    "description": "The demo GUI. Flutter on top of the core.",
    "versionCode": "1",
    "enabled": "true",
    "id": "demo",
    "name": "Demo",
    "action": "false"
  },
  {
    "action": "false",
    "author": "p0g-stack",
    "enabled": "true",
    "remove": "false",
    "version": "1",
    "versionCode": 
total 56
drwxrwxrwx 7 root root 4096 2026-10-01 09:14 .
drwx------ 5 root root 4096 2026-10-01 09:14 ..
drwxr-xr-x 3 root root 4096 2026-10-01 09:14 counter
drwxr-xr-x 5 root root 4096 2026-10-01 09:14 demo
drwxr-xr-x 4 root root 4096 2026-10-01 09:14 devicelab_app_plane
drwxr-xr-x 3 root root 4096 2026-10-01 09:13 devicelab_probe
drwxr-xr-x 4 root root 4096 2026-10-01 09:14 flutter_webui_counter
/home/runner/work/devicelab/devicelab/out/labserver: 1 file pushed, 0 skipped. 45.7 MB/s (7843260 bytes in 0.164s)
Starting: Intent { cmp=me.weishu.kernelsu/.ui.webui.WebUIActivity (has extras) }
Status: ok
Activity: me.weishu.kernelsu/.ui.webui.WebUIActivity








Segmentation fault 
intent path: no page; manager log:
ui: dismissed ANR dialog
ui: tapped 'Module' at 200,584
ui: tapped 160,152
[0,0][320,640] devicelab probe | search | Clean | Cancel | devicelab probe | Version: 1 | Author: p0g-stack | Observation module for de
[12,40][235,88] devicelab probe | search | Clean
[185,40][233,88] Clean
[251,40][304,88] Cancel
[12,98][308,267] devicelab probe | Version: 1 | Author: p0g-stack | Observation module for devicelab. Its WebUI page is driven over DevTo
[243,116][292,164] 
[28,210][110,258] Open | Open
[186,210][292,258] Uninstall
[0,552][80,616] Home
[80,552][160,616] Superuser
[240,552][320,616] Settings
ui: tapped 'Open' at 69,234

https://mui.kernelsu.org/index.html
    * Hist  #1: ActivityRecord{339db9 u0 me.weishu.kernelsu/.ui.webui.WebUIActivity t12}
      packageName=me.weishu.kernelsu processName=me.weishu.kernelsu
      launchedFromUid=10209 launchedFromPackage=me.weishu.kernelsu launchedFromFeature=null userId=0
      app=ProcessRecord{7cb4355 7971:me.weishu.kernelsu/u0a209}
      Intent { dat=ksu://webui?id=devicelab_probe&token=7b39966e7d955c4d5aa6c5334347979daf64ae5c2285264c7998f085674735fd flg=0x80000 cmp=me.weishu.kernelsu/.ui.webui.WebUIActivity }
opened: ui
{"check":"targets","result":[{"socket": "webview_devtools_remote_7971", "type": "page", "url": "https://mui.kernelsu.org/index.html", "title": "devicelab probe"}]}
{"check":"globals","result":{"url":"https://mui.kernelsu.org/index.html","socket":"webview_devtools_remote_7971","value":{"ua":"Mozilla/5.0 (Linux; Android 15; sdk_gphone64_x86_64 Build/AE3A.240806.043; wv) AppleWebKit/537.36 (KHTML, like Gecko) Version/4.0 Chrome/124.0.6367.219 Mobile Safari/537.36","origin":"https://mui.kernelsu.org","href":"https://mui.kernelsu.org/index.html","globals":["ksu"],"ksu":["enableEdgeToEdge","exec","exit","fullScreen","getPackagesInfo","listPackages","moduleInfo","spawn","toast","enableEdgeToEdge","exec","exit","fullScreen","getPackagesInfo","listPackages","moduleInfo","spawn","toast"]}}}
{"check":"ksu-exec","result":{"url":"https://mui.kernelsu.org/index.html","socket":"webview_devtools_remote_7971","value":{"code":0,"out":"uid=0(root) gid=0(root) groups=0(root) context=u:r:ksu:s0\nu:r:ksu:s0\u0000","err":""}}}
{"check":"ws-loopback","result":{"url":"https://mui.kernelsu.org/index.html","socket":"webview_devtools_remote_7971","value":{"got":["{\"origin\":\"https://mui.kernelsu.org\",\"peerUid\":10209,\"remote\":\"127.0.0.1:60946\",\"serverUid\":0,\"t\":1790846256634,\"uidSource\":\"/proc/net/tcp\"}","hi"],"ms":175}}}
{"check":"fetch-loopback","result":{"url":"https://mui.kernelsu.org/index.html","socket":"webview_devtools_remote_7971","value":{"origin":"https://mui.kernelsu.org","peerUid":10209,"remote":"127.0.0.1:60962","serverUid":0,"t":1790846256967,"uidSource":"/proc/net/tcp"}}}
{"check":"webview-uid","result":["webview_zygote 1053 webview_zygote", "u0_a209      10209 me.weishu.kernelsu", "u0_a151      10151 com.google.android.webview:webview_service", "u0_i9000     99000 com.google.android.webview:sandboxed_process0:org.chromium.content.app.SandboxedProcessService0:0"]}
{"check":"while-home-heartbeat","result":{"url":"https://mui.kernelsu.org/index.html","socket":"webview_devtools_remote_7971","value":{"now":14467,"vis":"hidden"}}}
{"check":"lifecycle","result":{"url":"https://mui.kernelsu.org/index.html","socket":"webview_devtools_remote_7971","value":{"events":[{"type":"pageshow","t":1369,"vis":"visible"},{"type":"visibilitychange","t":8229,"vis":"hidden"},{"type":"visibilitychange","t":17958,"vis":"visible"}],"gaps":[{"from":8880,"ms":1001,"vis":"hidden"},{"from":9881,"ms":1000,"vis":"hidden"},{"from":14880,"ms":1003,"vis":"hidden"},{"from":16880,"ms":1003,"vis":"hidden"}],"slow":{"heldMs":3001,"sentAt":1790846260466,"resolvedAt":1790846260471,"vis":"hidden"}}}}
{"check":"dev-url","result":{"url":"http://127.0.0.1:8090/index.html","socket":"webview_devtools_remote_7971","value":{"href":"http://127.0.0.1:8090/index.html","ksu":"object","webui":"undefined","globals":["ksu"],"exec":{"code":0,"out":"uid=0(root) gid=0(root) groups=0(root) context=u:r:ksu:s0","err":""}}}}
Starting: Intent { cmp=me.weishu.kernelsu/.ui.webui.WebUIActivity (has extras) }
Status: ok
Activity: me.weishu.kernelsu/.ui.webui.WebUIActivity








Segmentation fault 
Status: ok
https://mui.kernelsu.org/index.html
token found in manager data: 7b39966e7d955c4d5aa6c5334347979daf64ae5c2285264c7998f085674735fd
opened: intent-token
{"check":"targets","result":[{"type": "page", "url": "https://mui.kernelsu.org/index.html", "title": "Flutter Demo"}]}
{"check":"page","result":{"url":"https://mui.kernelsu.org/index.html","socket":"webview_devtools_remote_9554","value":{"href":"https://mui.kernelsu.org/index.html","title":"Flutter Demo","ready":"complete","flutter":true,"glass":true,"nav":{"dcl":994,"load":3699},"paint":{"first-paint":2626,"first-contentful-paint":7016},"glassAt":"present","firstFrame":null,"insets":"24px","vv":[320,640,1]}}}
{"check":"java-exceptions","result":["10-01 09:18:23.341  8140  8239 E dqod    : \tat cwws.a(PG:5)", "--", "10-01 09:18:23.341  8140  8239 E dqod    : RuntimeException while executing runnable dqra{dkqj@8d6d84f} with executor MoreExecutors.directExecutor()", "10-01 09:18:23.341  8140  8239 E dqod    : java.lang.NullPointerException: Attempt to read from field 'java.lang.String cwru.b' on a null object reference in method 'void cyar.b(java.lang.Object)'", "10-01 09:18:23.341  8140  8239 E dqod    : \tat cyar.b(PG:11)", "10-01 09:18:23.341  8140  8239 E dqod    : \tat dkqj.b(PG:13)", "10-01 09:18:23.341  8140  8239 E dqod    : \tat dqra.run(PG:30)", "10-01 09:18:23.341  8140  8239 E dqod    : \tat dqqd.execute(PG:1)", "10-01 09:18:23.341  8140  8239 E dqod    : \tat dqod.o(PG:1)", "10-01 09:18:23.341  8140  8239 E dqod    : \tat dqod.b(PG:41)", "10-01 09:18:23.341  8140  8239 E dqod    : \tat dqrh.s(PG:9)", "10-01 09:18:23.341  8140  8239 E dqod    : \tat dksz.l(PG:5)", "10-01 09:18:23.341  8140  8239 E dqod    : \tat cyat.a(PG:138)", "10-01 09:18:23.341  8140  8239 E dqod    : \tat bilp.a(PG:29)", "10-01 09:18:23.341  8140  8239 E dqod    : \tat cwzc.r(PG:24)", "10-01 09:18:23.341  8140  8239 E dqod    : \tat cwws.a(PG:5)", "--", "10-01 09:18:24.150  6512  7317 I ChimeraSrvcProxy: NullBinder for android.net.action.RECOMMEND_NETWORKS triggering remote TransactionTooLargeException due to Service without Chimera impl", "10-01 09:18:24.150  6512  7317 W .gms.persistent: Large reply transaction of 1056768 bytes, interface descriptor , code 1", "10-01 09:18:24.152  6900  7520 I BugleRcsEngine: RCS Configuration storage in Bugle is disabled by p/h flag, using ProvisioningEngineStateCacheUtil.getProvisioningConfigurationForGivenSimIfExist() [CONTEXT log_prefix=\"ProvisioningEngineDataRetriever\" thread_id=65 ]", "10-01 09:18:24.443  6284  6372 D EGL_emulation: app_time_stats: avg=2339.01ms min=7.44ms max=13757.61ms count=6", "10-01 09:18:26.142  6280  6280 I wpa_supplicant: wlan0: CTRL-EVENT-BEACON-LOSS ", "10-01 09:18:26.907  6875  7225 I BistoHotwordHelper: (REDACTED) getHotwordActive::active query: %s, watch: %s, devices connected: %s", "10-01 09:18:27.135  6044  6206 W IPCThreadState: Sending oneway calls to frozen process.", "10-01 09:18:27.135  6044  6206 W IPCThreadState: Sending oneway calls to frozen process.", "10-01 09:18:27.135  6044  6206 W IPCThreadState: Sending oneway calls to frozen process.", "10-01 09:18:27.135  6044  6206 W IPCThreadState: Sending oneway calls to frozen process.", "10-01 09:18:27.137  6900  7520 I BugleRcsEngine: handleMessage processing message:[NOTIFY_UPTIME_IGNORE_STATE_CHANGED] with [non-null]:RcsEngineImpl reference [CONTEXT log_prefix=\"RcsEngineImpl[DUAL_REG]:[9d948e38-1c33]>Handler\" thread_id=65 ]", "10-01 09:18:27.138  6900  7520 I BugleRcsEngine: RCS Configuration storage in Bugle is disabled by p/h flag, using ProvisioningEngineStateCacheUtil.getProvisioningConfigurationForGivenSimIfExist() [CONTEXT log_prefix=\"ProvisioningEngineDataRetriever\" thread_id=65 ]", "10-01 09:18:27.139  6512  7317 I ChimeraSrvcProxy: NullBinder for android.net.action.RECOMMEND_NETWORKS triggering remote TransactionTooLargeException due to Service without Chimera impl", "10-01 09:18:27.139  6512  7317 W .gms.persistent: Large reply transaction of 1056768 bytes, interface descriptor , code 1", "10-01 09:18:27.139  6900  7157 I BugleRcsEngine: Connected state: [1], networkType: [WIFI] [CONTEXT thread_id=58 ]", "10-01 09:18:27.347  8527  8527 D BoundBrokerSvc: onUnbind: Intent { act=com.google.android.gms.safetynet.service.START pkg=com.google.android.gms }", "10-01 09:18:27.375  5961  6009 I netd    : tetherGetStats() -> {[]} <0.40ms>", "10-01 09:18:28.624  9795  9795 W BpBinder: Linking to death on android.gui.ISurfaceComposer but there are no threads (yet?) listening to incoming transactions. See ProcessState::startThreadPool and ProcessState::setThreadPoolMaxThreadCount. Generally you should setup the binder threadpool before other initialization steps.", "10-01 09:18:28.624  9795  9795 W ProcessState: Extra binder thread started, but 0 threads requested. Do not use *startThreadPool when zero threads are requested.", "10-01 09:18:28.813     0     0 I servicemanager: Caller(pid=9795,uid=0,sid=u:r:su:s0) Could not find android.hardware.graphics.allocator.IAllocator/default in the VINTF manifest. No alternative instances declared in VINTF.", "10-01 09:18:28.635   163   163 I hwservicemanager: getTransport: Cannot find entry android.hardware.graphics.mapper@4.0::IMapper/default in either framework or device VINTF manifest.", "10-01 09:18:28.635  9795  9796 I Gralloc4: mapper 4.x is not supported", "10-01 09:18:29.275     0     0 I logd    : logdr: UID=0 GID=0 PID=9801 n tail=0 logMask=99 pid=0 start=0ns deadline=0ns"]}
{"check":"console-errors","result":["--------- beginning of main", "10-01 09:18:11.842  9693  9716 W chromium: [WARNING:runtime_features.cc(694)] SharedStorage for M118+ cannot be enabled in this configuration. Use --enable-features=SharedStorageAPI,SharedStorageAPIM118 in addition.", "10-01 09:18:12.617  9554  9554 I chromium: [INFO:CONSOLE(1)] \"Uncaught TypeError: Cannot read properties of null (reading 'style')\", source: https://mui.kernelsu.org/index.html (1)", "10-01 09:18:12.624  9554  9554 I chromium: [INFO:CONSOLE(1)] \"Uncaught TypeError: Cannot read properties of null (reading 'style')\", source: https://mui.kernelsu.org/index.html (1)", "10-01 09:18:12.625  9693  9716 I chromium: [INFO:viewport_data.cc(133)] E2E_Used ViewportFitCover", "10-01 09:18:12.757  9554  9554 I chromium: [INFO:CONSOLE(3)] \"Injecting <script> tag. Using callback.\", source: https://mui.kernelsu.org/flutter_bootstrap.js (3)"]}
{"check":"first-frame-warm","result":{"url":"https://mui.kernelsu.org/index.html","socket":"webview_devtools_remote_9554","value":{"firstFrameMs":703,"now":15057,"flutter":true,"resizes":[],"paint":{"first-paint":1337,"first-contentful-paint":1337},"calls":[[96,"at-preload","ksu:undefined webui:undefined"],[113,"ksu-defined"],[116,"wrap-failed","exec"],[120,"wrap-failed","spawn"],[120,"wrap-failed","moduleInfo"],[120,"wrap-failed","fullScreen"],[120,"wrap-failed","enableEdgeToEdge"],[120,"wrap-failed","toast"],[120,"wrap-failed","exit"]],"resources":[["/internal/insets.css",72,99,"link",0],["/flutter_webui.css",74,161,"link",0],["/flutter_webui.js",77,163,"script",0],["/flutter_bootstrap.js",77,177,"script",0],["/canvaskit/chromium/canvaskit.wasm",214,367,"fetch",0],["/canvaskit/chromium/canvaskit.js",214,234,"other",0],["/main.dart.js",215,289,"script",0],["/assets/FontManifest.json",575,598,"fetch",0],["/favicon.ico",586,594,"other",0],["/assets/fonts/MaterialIcons-Regular.otf",599,622,"fetch",0],["/assets/packages/cupertino_icons/assets/CupertinoIcons.ttf",599,628,"fetch",0],["/assets/fonts/fallback/Roboto-Regular.ttf",600,632,"fetch",0]],"marks":[["flutter_webui:register",636],["flutter_webui:registered",639],["flutter_webui:first-frame",703]],"measures":[],"fonts":[]}}}
{"check":"root-start","result":{"url":"https://mui.kernelsu.org/index.html","socket":"webview_devtools_remote_9554","value":{"code":0,"out":"","err":"","ms":161}}}
{"check":"session","result":{"url":"https://mui.kernelsu.org/index.html","socket":"webview_devtools_remote_9554","value":{"status":200,"ms":159,"protocol":1,"version":"0.1.0","port":33675,"pid":9836,"tokenLen":43}}}
{"check":"ws-hello","result":{"url":"https://mui.kernelsu.org/index.html","socket":"webview_devtools_remote_9554","value":{"first":"{\"op\":\"hello\",\"protocol\":1,\"version\":\"0.1.0\",\"pid\":9836,\"boot\":\"ff22db2b-fbd5-44b3-9a90-3f57ec944293\",\"uid\":0,\"moduleDir\":\"/data/adb/modules/flutter_webui_counter\"}"}}}
{"check":"channel-process","result":"USER           UID LABEL                            PID NAME                       \nroot             0 u:r:ksu:s0                      9836 ld-linux-x86-64.so.2\nexe=/data/adb/modules/flutter_webui_counter/flutter_webui/x86_64/ld-linux-x86-64.so.2\n/data/adb/modules/flutter_webui_counter/flutter_webui/x86_64/ld-linux-x86-64.so.2 --library-path /data/adb/modules/flutter_webui_counter/flutter_webui/x86_64 /data/adb/modules/flutter_webui_counter/flutter_webui/x86_64/dartaotruntime /data/adb/modules/flutter_webui_counter/flutter_webui/x86_64/flutter_webui_root.aot serve --module-dir /data/adb/modules/flutter_webui_counter \narm64-v8a\nroot\nx86_64\n/data/adb/modules/flutter_webui_counter/flutter_webui/arm64-v8a:\ndartaotruntime\nflutter_webui_root.aot\nld-linux-aarch64.so.1\nlibc.so.6\nlibdl.so.2\nlibm.so.6\nlibpthread.so.0\n\n/data/adb/modules/flutter_webui_counter/flutter_webui/x86_64:\ndartaotruntime\nflutter_webui_root.aot\nld-linux-x86-64.so.2\nlibc.so.6\nlibdl.so.2\nlibm.so.6\nlibpthread.so.0"}
{"check":"root-log","result":"2026-10-01T09:18:45.167806 listening on 127.0.0.1:33675"}
{"check":"session-mode","result":"total 44\ndrwx--x--x 3 root root 4096 2026-10-01 09:18 .\ndrwxr-xr-x 7 root root 4096 2026-10-01 09:18 ..\n-rw------- 1 root root    0 2026-10-01 09:18 lock\ndrwx------ 2 root root 4096 2026-10-01 09:18 proc\n-rw------- 1 root root   56 2026-10-01 09:18 root.log\n-rw-r--r-- 1 root root  196 2026-10-01 09:18 session.json"}
{"check":"home-resume","result":{"url":"https://mui.kernelsu.org/index.html","socket":"webview_devtools_remote_9554","value":{"events":[["visibilitychange","hidden",16550],["visibilitychange","visible",23688]],"ticks":20,"vis":"visible","hasFocus":false}}}
{"check":"before-back","result":{"url":"https://mui.kernelsu.org/index.html","socket":"webview_devtools_remote_9554","value":{"historyLength":2,"historyState":"{\"flutter\":true}","href":"https://mui.kernelsu.org/index.html","typeofWebui":"undefined","typeofWebuiExit":"undefined","typeofKsuExit":"function","webuiKeys":null,"wrapped":"no webui.exit"}}}
{"check":"back-events","result":{"error":"no page target","sockets":["webview_devtools_remote_9554"],"targets":[]}}
{"check":"back-console","result":["10-01 09:18:57.495  9554  9554 E chromium: [ERROR:aw_browser_terminator.cc(154)] Renderer process (9693) crash detected (code -1).", "10-01 09:18:57.503  6044  7989 I ActivityManager: Killing 9693:com.google.android.webview:sandboxed_process0:org.chromium.content.app.SandboxedProcessService0:0/u0a209i1 (adj 0): isolated not needed"]}
{"check":"back-at-root","result":"topResumedActivity=ActivityRecord{ddfcb19 u0 com.google.android.apps.nexuslauncher/.NexusLauncherActivity t10}"}
Starting: Intent { cmp=me.weishu.kernelsu/.ui.webui.WebUIActivity (has extras) }
Status: ok
Activity: me.weishu.kernelsu/.ui.webui.WebUIActivity








Segmentation fault 
Status: ok
https://mui.kernelsu.org/index.html
token found in manager data: 7b39966e7d955c4d5aa6c5334347979daf64ae5c2285264c7998f085674735fd
opened: intent-token
{"check":"targets","result":[{"type": "page", "url": "https://mui.kernelsu.org/index.html", "title": "Flutter Demo"}]}
{"check":"page","result":{"url":"https://mui.kernelsu.org/index.html","socket":"webview_devtools_remote_9983","value":{"href":"https://mui.kernelsu.org/index.html","title":"Flutter Demo","ready":"complete","flutter":true,"glass":true,"nav":{"dcl":490,"load":1257},"paint":{"first-paint":2831,"first-contentful-paint":2831},"glassAt":"present","firstFrame":null,"insets":null,"vv":[320,592,1]}}}
{"check":"java-exceptions","result":["10-01 09:19:01.974  6765  7328 D OneSearchSuggestProvider: \tat android.os.Handler.dispatchMessage(Handler.java:100)", "10-01 09:19:01.974  6765  7328 D OneSearchSuggestProvider: \tat android.os.Looper.loopOnce(Looper.java:232)", "10-01 09:19:01.974  6765  7328 D OneSearchSuggestProvider: \tat android.os.Looper.loop(Looper.java:317)", "10-01 09:19:01.974  6765  7328 D OneSearchSuggestProvider: \tat android.os.HandlerThread.run(HandlerThread.java:85)", "10-01 09:19:01.974  6765  7328 D OneSearchSuggestProvider: Caused by: java.util.NoSuchElementException: No value present", "10-01 09:19:01.974  6765  7328 D OneSearchSuggestProvider: \tat java.util.Optional.get(Optional.java:143)", "10-01 09:19:01.974  6765  7328 D OneSearchSuggestProvider: \tat com.google.android.apps.nexuslauncher.allapps.E0.onResult(go/retraceme 31f9979659277bb965985aff1272c33e3c3c9e755b77166d20a2465454178f2c:28)", "10-01 09:19:01.974  6765  7328 D OneSearchSuggestProvider: \t... 8 more", "10-01 09:19:01.976  6765  7328 D OneSearchSuggestProvider: Established or reuse existing binder channel authority=com.google.android.googlequicksearchbox", "10-01 09:19:02.038  6765  6804 D QuickstepModelDelegate: notifyAppTargetEvent action=1 launchLocation=workspace/0/[-1,-1]/[1,1]", "10-01 09:19:02.081 10030 10030 W idmap2  : failed to create idmap", "--", "10-01 09:19:22.416  6512  7151 W GLSUser : [AppCertManager] Exception while requesting key: ", "10-01 09:19:22.416  6512  7151 W GLSUser : java.util.concurrent.ExecutionException: bpcw: Parse Proto Exception with response code 400", "10-01 09:19:22.416  6512  7151 W GLSUser : \tat etvr.s(:com.google.android.gms@242335041@24.23.35 (190800-646585959):21)", "10-01 09:19:22.416  6512  7151 W GLSUser : \tat etvr.get(:com.google.android.gms@242335041@24.23.35 (190800-646585959):10)", "10-01 09:19:22.416  6512  7151 W GLSUser : \tat yfw.b(:com.google.android.gms@242335041@24.23.35 (190800-646585959):477)", "10-01 09:19:22.416  6512  7151 W GLSUser : \tat yfu.b(:com.google.android.gms@242335041@24.23.35 (190800-646585959):31)", "10-01 09:19:22.416  6512  7151 W GLSUser : \tat yfp.a(:com.google.android.gms@242335041@24.23.35 (190800-646585959):1)", "10-01 09:19:22.416  6512  7151 W GLSUser : \tat yfs.a(:com.google.android.gms@242335041@24.23.35 (190800-646585959):58)", "10-01 09:19:22.416  6512  7151 W GLSUser : \tat uou.call(:com.google.android.gms@242335041@24.23.35 (190800-646585959):56)", "10-01 09:19:22.416  6512  7151 W GLSUser : \tat java.util.concurrent.FutureTask.run(FutureTask.java:264)", "10-01 09:19:22.416  6512  7151 W GLSUser : \tat angs.c(:com.google.android.gms@242335041@24.23.35 (190800-646585959):50)", "10-01 09:19:22.416  6512  7151 W GLSUser : \tat angs.run(:com.google.android.gms@242335041@24.23.35 (190800-646585959):76)", "10-01 09:19:22.416  6512  7151 W GLSUser : \tat java.util.concurrent.ThreadPoolExecutor.runWorker(ThreadPoolExecutor.java:1145)", "10-01 09:19:22.416  6512  7151 W GLSUser : \tat java.util.concurrent.ThreadPoolExecutor$Worker.run(ThreadPoolExecutor.java:644)", "--", "10-01 09:19:22.416  6512  7151 W GLSUser : Caused by: bpcw: Parse Proto Exception with response code 400", "10-01 09:19:22.416  6512  7151 W GLSUser : \tat bpdw.b(:com.google.android.gms@242335041@24.23.35 (190800-646585959):80)", "10-01 09:19:22.416  6512  7151 W GLSUser : \tat bpgb.e(:com.google.android.gms@242335041@24.23.35 (190800-646585959):17)", "10-01 09:19:22.416  6512  7151 W GLSUser : \tat bpgp.onSucceeded(:com.google.android.gms@242335041@24.23.35 (190800-646585959):7)", "10-01 09:19:22.416  6512  7151 W GLSUser : \tat m.mw.onSucceeded(:com.google.android.gms.dynamite_cronetdynamite@242335041@24.23.35 (190800-0):3)", "10-01 09:19:22.416  6512  7151 W GLSUser : \tat m.lt.run(:com.google.android.gms.dynamite_cronetdynamite@242335041@24.23.35 (190800-0):25)", "10-01 09:19:22.416  6512  7151 W GLSUser : \t... 6 more", "10-01 09:19:22.416  6512  7151 W GLSUser : Caused by: fkhe: Protocol message contained an invalid tag (zero).", "10-01 09:19:22.416  6512  7151 W GLSUser : \tat fkea.k(:com.google.android.gms@242335041@24.23.35 (190800-646585959):39)", "10-01 09:19:22.416  6512  7151 W GLSUser : \tat fkid.c(:com.google.android.gms@242335041@24.23.35 (190800-646585959):309)", "10-01 09:19:22.416  6512  7151 W GLSUser : \tat fkid.i(:com.google.android.gms@242335041@24.23.35 (190800-646585959):8)", "10-01 09:19:22.416  6512  7151 W GLSUser : \tat fkgi.fe(:com.google.android.gms@242335041@24.23.35 (190800-646585959):25)", "10-01 09:19:22.416  6512  7151 W GLSUser : \tat fkgc.g(:com.google.android.gms@242335041@24.23.35 (190800-646585959):3)"]}
{"check":"console-errors","result":["--------- beginning of main", "10-01 09:19:11.809  9983 10083 I chromium: [1001/091911.808755:INFO:variations_seed_loader.cc(66)] Failed to open file for reading.: No such file or directory (2)", "10-01 09:19:12.107 10087 10111 W chromium: [WARNING:runtime_features.cc(694)] SharedStorage for M118+ cannot be enabled in this configuration. Use --enable-features=SharedStorageAPI,SharedStorageAPIM118 in addition.", "10-01 09:19:12.673  9983  9983 I chromium: [INFO:CONSOLE(1)] \"Injecting <script> tag. Using callback.\", source: https://mui.kernelsu.org/flutter_bootstrap.js (1)"]}
{"check":"first-frame-warm","result":{"url":"https://mui.kernelsu.org/index.html","socket":"webview_devtools_remote_9983","value":{"firstFrameMs":660,"now":15049,"flutter":true,"resizes":[],"paint":{"first-paint":1281,"first-contentful-paint":1281},"calls":[[108,"at-preload","ksu:undefined webui:undefined"],[115,"ksu-defined"],[122,"wrap-failed","exec"],[122,"wrap-failed","spawn"],[122,"wrap-failed","moduleInfo"],[124,"wrap-failed","fullScreen"],[124,"wrap-failed","enableEdgeToEdge"],[125,"wrap-failed","toast"],[127,"wrap-failed","exit"]],"resources":[["/flutter_bootstrap.js",67,127,"script",0],["/canvaskit/chromium/canvaskit.wasm",170,331,"fetch",0],["/canvaskit/chromium/canvaskit.js",170,226,"other",0],["/main.dart.js",171,262,"script",0],["/assets/FontManifest.json",529,553,"fetch",0],["/favicon.png",553,583,"other",0],["/assets/fonts/MaterialIcons-Regular.otf",556,584,"fetch",0],["/assets/packages/cupertino_icons/assets/CupertinoIcons.ttf",556,587,"fetch",0],["/assets/fonts/fallback/Roboto-Regular.ttf",556,589,"fetch",0],["/favicon.png",1277,1344,"other",0]],"marks":[],"measures":[],"fonts":[]}}}
Starting: Intent { cmp=me.weishu.kernelsu/.ui.webui.WebUIActivity (has extras) }
Status: ok
Activity: me.weishu.kernelsu/.ui.webui.WebUIActivity








Segmentation fault 
Status: ok

token found in manager data: 7b39966e7d955c4d5aa6c5334347979daf64ae5c2285264c7998f085674735fd
opened: intent-token
{"check":"targets","result":[{"type": "page", "url": "https://mui.kernelsu.org/index.html", "title": "Demo"}]}
{"check":"page","result":{"url":"https://mui.kernelsu.org/index.html","socket":"webview_devtools_remote_10231","value":{"href":"https://mui.kernelsu.org/index.html","title":"Demo","ready":"complete","flutter":true,"glass":true,"nav":{"dcl":498,"load":2151},"paint":{"first-paint":1679,"first-contentful-paint":4747},"glassAt":"present","firstFrame":null,"insets":"24px","vv":[320,640,1]}}}
{"check":"java-exceptions","result":["10-01 09:19:46.370  6847  6981 I AiAiEcho: #remoteViewsTwiddler: feature disabled.", "10-01 09:19:46.371  6847  6981 I AiAiEcho: #postPredictionTargets: Sending updates to UISurface home with targets# 0 (types=[])", "10-01 09:19:46.373  6044  6063 V WindowManager: Sent Transition (#28) createdAt=10-01 09:19:46.139 via request=TransitionRequestInfo { type = CLOSE, triggerTask = TaskInfo{userId=0 taskId=17 displayId=0 isRunning=false baseIntent=Intent { flg=0x10080000 cmp=me.weishu.kernelsu/.ui.webui.WebUIActivity } baseActivity=null topActivity=null origActivity=null realActivity=ComponentInfo{me.weishu.kernelsu/me.weishu.kernelsu.ui.webui.WebUIActivity} numActivities=0 lastActiveTime=457151 supportsMultiWindow=true resizeMode=1 isResizeable=true minWidth=-1 minHeight=-1 defaultMinSize=220 token=WCT{RemoteToken{89555c2 Task{69c20e5 #17 type=standard A=10209:me.weishu.kernelsu.webui}}} topActivityType=1 pictureInPictureParams=null shouldDockBigOverlays=false launchIntoPipHostTaskId=-1 lastParentTaskIdBeforePip=-1 displayCutoutSafeInsets=null topActivityInfo=null launchCookies=[] positionInParent=Point(0, 0) parentTaskId=-1 isFocused=true isVisible=true isVisibleRequested=true isSleeping=false locusId=null displayAreaFeatureId=1 isTopActivityTransparent=false appCompatTaskInfo=AppCompatTaskInfo { topActivityInSizeCompat=false topActivityEligibleForLetterboxEducation= falseisLetterboxEducationEnabled= false isLetterboxDoubleTapEnabled= false topActivityEligibleForUserAspectRatioButton= false topActivityBoundsLetterboxed= false isFromLetterboxDoubleTap= false topActivityLetterboxVerticalPosition= -1 topActivityLetterboxHorizontalPosition= -1 topActivityLetterboxWidth=-1 topActivityLetterboxHeight=-1 isUserFullscreenOverrideEnabled=false isSystemFullscreenOverrideEnabled=false cameraCompatTaskInfo=CameraCompatTaskInfo { cameraCompatControlState=hidden freeformCameraCompatMode=inactive}}}, pipTask = null, remoteTransition = null, displayChange = null, flags = 0, debugId = 28 }", "--", "10-01 09:19:59.596 10231 10348 E SuFilePathHandler: java.io.FileNotFoundException: No such file or directory: /data/adb/modules/demo/webroot/favicon.ico", "10-01 09:19:59.596 10231 10348 E SuFilePathHandler: \tat zb3.a(r8-map-id-9f7f45feba6f2c95784574c49c444982ed6e6c85bfa15582daceb837f5e42ea2:151)", "10-01 09:19:59.596 10231 10348 E SuFilePathHandler: \tat fk3.e(r8-map-id-9f7f45feba6f2c95784574c49c444982ed6e6c85bfa15582daceb837f5e42ea2:308)", "10-01 09:19:59.596 10231 10348 E SuFilePathHandler: \tat ja4.a(r8-map-id-9f7f45feba6f2c95784574c49c444982ed6e6c85bfa15582daceb837f5e42ea2:99)", "10-01 09:19:59.596 10231 10348 E SuFilePathHandler: \tat o11.shouldInterceptRequest(r8-map-id-9f7f45feba6f2c95784574c49c444982ed6e6c85bfa15582daceb837f5e42ea2:247)", "10-01 09:19:59.580 10231 10231 W ThreadPoolForeg: type=1400 audit(0.0:283): avc:  denied  { getattr } for  path=\"/data/adb\" dev=\"dm-46\" ino=335873 scontext=u:r:untrusted_app:s0:c209,c256,c512,c768 tcontext=u:object_r:adb_data_file:s0 tclass=dir permissive=0 app=me.weishu.kernelsu", "10-01 09:19:59.580 10231 10231 W ThreadPoolForeg: type=1400 audit(0.0:284): avc:  denied  { getattr } for  path=\"/data/adb\" dev=\"dm-46\" ino=335873 scontext=u:r:untrusted_app:s0:c209,c256,c512,c768 tcontext=u:object_r:adb_data_file:s0 tclass=dir permissive=0 app=me.weishu.kernelsu", "10-01 09:19:59.620 10231 10231 W ThreadPoolForeg: type=1400 audit(0.0:285): avc:  denied  { getattr } for  path=\"/data/adb\" dev=\"dm-46\" ino=335873 scontext=u:r:untrusted_app:s0:c209,c256,c512,c768 tcontext=u:object_r:adb_data_file:s0 tclass=dir permissive=0 app=me.weishu.kernelsu", "10-01 09:19:59.808     0     0 W audit   : audit_lost=84 audit_rate_limit=5 audit_backlog_limit=64", "10-01 09:19:59.820     0     0 E audit   : rate limit exceeded", "10-01 09:19:59.780  9526  9528 I AidlLazyServiceRegistrar: Process has 0 (of 1 available) client(s) in use after notification artd has clients: 0", "--", "10-01 09:20:06.393  6512  7395 I ChimeraSrvcProxy: NullBinder for android.net.action.RECOMMEND_NETWORKS triggering remote TransactionTooLargeException due to Service without Chimera impl", "10-01 09:20:06.393  6512  7395 W .gms.persistent: Large reply transaction of 1056768 bytes, interface descriptor , code 1", "10-01 09:20:06.395  6044  6149 D ActivityManager: freezing 6997 com.google.android.googlequicksearchbox:search", "10-01 09:20:06.406  6900  7520 I BugleRcsEngine: RCS Configuration storage in Bugle is disabled by p/h flag, using ProvisioningEngineStateCacheUtil.getProvisioningConfigurationForGivenSimIfExist() [CONTEXT log_prefix=\"ProvisioningEngineDataRetriever\" thread_id=65 ]", "10-01 09:20:07.843  6044  6149 D ActivityManager: freezing 9304 com.google.android.webview:webview_service", "10-01 09:20:07.845  6044  6206 D InetDiagMessage: Destroyed 0 sockets, proto=IPPROTO_TCP, family=AF_INET, states=14", "10-01 09:20:07.845  6044  6206 D InetDiagMessage: Destroyed 0 sockets, proto=IPPROTO_TCP, family=AF_INET6, states=14", "10-01 09:20:07.845  6044  6206 D InetDiagMessage: Destroyed live tcp sockets for uids={10151} in 2ms", "10-01 09:20:10.334  6280  6280 I wpa_supplicant: wlan0: CTRL-EVENT-BEACON-LOSS ", "10-01 09:20:11.379  6044  7761 D OomAdjuster: Not killing cached processes", "10-01 09:20:12.368  6044  6206 W IPCThreadState: Sending oneway calls to frozen process.", "10-01 09:20:12.368  6044  6206 W IPCThreadState: Sending oneway calls to frozen process.", "10-01 09:20:12.368  6044  6206 W IPCThreadState: Sending oneway calls to frozen process.", "--", "10-01 09:20:12.375  6512  6973 I ChimeraSrvcProxy: NullBinder for android.net.action.RECOMMEND_NETWORKS triggering remote TransactionTooLargeException due to Service without Chimera impl", "10-01 09:20:12.375  6512  6973 W .gms.persistent: Large reply transaction of 1056768 bytes, interface descriptor , code 1", "10-01 09:20:12.973  8527  8527 D BoundBrokerSvc: onUnbind: Intent { act=com.google.android.gms.safetynet.service.START pkg=com.google.android.gms }", "10-01 09:20:13.005  5961  6009 I netd    : tetherGetStats() -> {[]} <4.88ms>", "10-01 09:20:13.681 10419 10419 W BpBinder: Linking to death on android.gui.ISurfaceComposer but there are no threads (yet?) listening to incoming transactions. See ProcessState::startThreadPool and ProcessState::setThreadPoolMaxThreadCount. Generally you should setup the binder threadpool before other initialization steps.", "10-01 09:20:13.681 10419 10419 W ProcessState: Extra binder thread started, but 0 threads requested. Do not use *startThreadPool when zero threads are requested.", "10-01 09:20:13.693   163   163 I hwservicemanager: getTransport: Cannot find entry android.hardware.graphics.mapper@4.0::IMapper/default in either framework or device VINTF manifest.", "10-01 09:20:13.871     0     0 I servicemanager: Caller(pid=10419,uid=0,sid=u:r:su:s0) Could not find android.hardware.graphics.allocator.IAllocator/default in the VINTF manifest. No alternative instances declared in VINTF.", "10-01 09:20:13.693 10419 10420 I Gralloc4: mapper 4.x is not supported", "10-01 09:20:14.325     0     0 I logd    : logdr: UID=0 GID=0 PID=10425 n tail=0 logMask=99 pid=0 start=0ns deadline=0ns"]}
{"check":"console-errors","result":["--------- beginning of main", "10-01 09:19:57.005 10231 10334 I chromium: [1001/091957.005120:INFO:variations_seed_loader.cc(66)] Failed to open file for reading.: No such file or directory (2)", "10-01 09:19:57.500 10338 10359 W chromium: [WARNING:runtime_features.cc(694)] SharedStorage for M118+ cannot be enabled in this configuration. Use --enable-features=SharedStorageAPI,SharedStorageAPIM118 in addition.", "10-01 09:19:57.888 10338 10359 I chromium: [INFO:viewport_data.cc(133)] E2E_Used ViewportFitCover", "10-01 09:19:58.042 10231 10231 I chromium: [INFO:CONSOLE(1)] \"Uncaught TypeError: Cannot read properties of null (reading 'style')\", source: https://mui.kernelsu.org/index.html (1)", "10-01 09:19:58.042 10231 10231 I chromium: [INFO:CONSOLE(1)] \"Uncaught TypeError: Cannot read properties of null (reading 'style')\", source: https://mui.kernelsu.org/index.html (1)", "10-01 09:19:58.165 10231 10231 I chromium: [INFO:CONSOLE(3)] \"Injecting <script> tag. Using callback.\", source: https://mui.kernelsu.org/flutter_bootstrap.js (3)", "10-01 09:20:02.348 10231 10231 I chromium: [INFO:CONSOLE(28001)] \"Warning: Buffers cannot be shared due to missing cross-origin headers. Please refer to https://fzyzcjy.github.io/flutter_rust_bridge/manual/miscellaneous/web-cross-origin for details.\", source: https://mui.kernelsu.org/main.dart.js (28001)", "10-01 09:20:02.375 10231 10231 I chromium: [INFO:CONSOLE(734)] \"using deprecated parameters for the initialization function; pass a single object instead\", source: https://mui.kernelsu.org/pkg/demo_native.js (734)"]}
{"check":"first-frame-warm","result":{"url":"https://mui.kernelsu.org/index.html","socket":"webview_devtools_remote_10231","value":{"firstFrameMs":1152,"now":15050,"flutter":true,"resizes":[],"paint":{"first-paint":709,"first-contentful-paint":2750},"calls":[[94,"at-preload","ksu:undefined webui:undefined"],[122,"ksu-defined"],[127,"wrap-failed","exec"],[129,"wrap-failed","spawn"],[129,"wrap-failed","moduleInfo"],[129,"wrap-failed","fullScreen"],[129,"wrap-failed","enableEdgeToEdge"],[129,"wrap-failed","toast"],[129,"wrap-failed","exit"]],"resources":[["/internal/insets.css",72,113,"link",0],["/flutter_webui.css",73,153,"link",0],["/flutter_webui.js",73,163,"script",0],["/flutter_bootstrap.js",78,185,"script",0],["/canvaskit/chromium/canvaskit.wasm",232,370,"fetch",0],["/canvaskit/chromium/canvaskit.js",232,300,"other",0],["/main.dart.js",233,350,"script",0],["/assets/FontManifest.json",682,729,"fetch",0],["/favicon.ico",694,715,"other",0],["/assets/fonts/MaterialIcons-Regular.otf",730,762,"fetch",0],["/assets/fonts/fallback/Roboto-Regular.ttf",730,765,"fetch",0],["/pkg/demo_native.js",2690,2927,"script",0],["/pkg/demo_native_bg.wasm",2930,2953,"fetch",0]],"marks":[],"measures":[],"fonts":[]}}}
{"url":"https://mui.kernelsu.org/index.html","socket":"webview_devtools_remote_10231","value":"semantics on"}
{"check":"home","result":{"url":"https://mui.kernelsu.org/index.html","socket":"webview_devtools_remote_10231","value":["Squadron","Process","net","Say hello","Count to 5","SHA-256","Demo pages\nOne page per thing the stack promises.","Places","Strategy","Rust","Lifecycle","Shell","Plugins"]}}
{"check":"tap-places","result":{"url":"https://mui.kernelsu.org/index.html","socket":"webview_devtools_remote_10231","value":"tapped Places at 16,572"}}
{"check":"places","result":{"url":"https://mui.kernelsu.org/index.html","socket":"webview_devtools_remote_10231","value":["Back\nBack","One service, DemoService, opened in every place this build knows. Each place probes its own facts from inside; the page never guesses from the platform it was built for.","200k","1M","3M","Count primes in every place","Restart places","inline (the caller)\nkind: inline\nstart 457 ms, first facts() round trip 23 ms\nroot\ncheck: effective uid 0\nblock_devices\ncheck: a kernel-listed block device opens for reading\nusb.native\ncheck: /dev/bus/usb lists\nusb.web\ncheck: navigator.usb exists\nprocess.spawn\ncheck: a shell runs\nfs.persistent\ncheck: working dir writable, or storage persisted\nnet\ncheck: a non-loopback interface is up, or onLine\nnative\ncheck: null","worker (isolate or Web Worker)\nkind: web_worker\nstart 790 ms, first facts() round trip 113 ms\nroot\ncheck: effective uid 0\nblock_devices\ncheck: a kernel-listed block device opens for reading\nusb.native\ncheck: /dev/bus/usb lists\nusb.web\ncheck: navigator.usb exists\nprocess.spawn\ncheck: a shell runs\nfs.persistent\ncheck: working dir writable, or storage persisted\nnet\ncheck: a non-loopback interface is up, or onLine\nnative\ncheck: null","Places","Strategy","Rust","Lifecycle","Shell","Plugins"]}}
{"check":"tap-strategy","result":{"url":"https://mui.kernelsu.org/index.html","socket":"webview_devtools_remote_10231","value":"tapped Strategy at 53,536"}}
{"check":"strategy","result":{"url":"https://mui.kernelsu.org/index.html","socket":"webview_devtools_remote_10231","value":["Back\nBack","Objective: list the device's partitions. Strategies in preference order: on the device as root, then from a host over USB. The first one the place's facts allow runs; nothing reads kIsWeb or Platform.","Place","inline (the caller)","worker (isolate or Web Worker)","root process (the app CLI, serve mode)","Facts from inline (the caller)\nSwitch a fact off to see the fallback. You can only take facts away.\nroot\ncheck: effective uid 0\nblock_devices\ncheck: a kernel-listed block device opens for reading\nusb.native\ncheck: /dev/bus/usb lists\nusb.web\ncheck: navigator.usb exists\nprocess.spawn\ncheck: a shell runs\nfs.persistent\ncheck: working dir writable, or storage persisted\nnet\ncheck: a non-loopback interface is up, or onLine\nnative\ncheck: null","root","block_devices","usb.native","process.spawn","Places","Strategy","Rust","Lifecycle","Shell","Plugins"]}}
{"check":"tap-lifecycle","result":{"url":"https://mui.kernelsu.org/index.html","socket":"webview_devtools_remote_10231","value":"tapped Lifecycle at 160,536"}}
{"check":"tap-root-process","result":{"url":"https://mui.kernelsu.org/index.html","socket":"webview_devtools_remote_10231","value":"tapped root process at 24,390"}}
{"check":"tap-start","result":{"url":"https://mui.kernelsu.org/index.html","socket":"webview_devtools_remote_10231","value":"tapped Start at 0,196"}}
{"check":"lifecycle-running","result":{"url":"https://mui.kernelsu.org/index.html","socket":"webview_devtools_remote_10231","value":["Back\nBack","Start a five-minute task, then switch away (Home, another app or tab) and come back: hidden keeps going. Close the app instead and reopen it: closed stops, and this page says where the task was when it ended.","Task\ntick every 500 ms, stamped with the place's own clock","inline (the caller)","worker (isolate or Web Worker)","root process (the app CLI, serve mode)","Start","Lifecycle\napp resumed; no changes yet","Facts from root process (the app CLI, serve mode)\nroot\ncheck: effective uid 0\nblock_devices\ncheck: a kernel-listed block device opens for reading\nusb.native\ncheck: /dev/bus/usb lists\nusb.web\ncheck: navigator.usb exists\nprocess.spawn\ncheck: a shell runs\nfs.persistent\ncheck: working dir writable, or storage persisted\nnet\ncheck: a non-loopback interface is up, or onLine\nnative\ncheck: null","Places","Strategy","Rust","Lifecycle","Shell","Plugins"]}}
{"check":"lifecycle-after-home","result":{"url":"https://mui.kernelsu.org/index.html","socket":"webview_devtools_remote_10231","value":["Back\nBack","Start a five-minute task, then switch away (Home, another app or tab) and come back: hidden keeps going. Close the app instead and reopen it: closed stops, and this page says where the task was when it ended.","Task\ntick every 500 ms, stamped with the place's own clock","inline (the caller)","worker (isolate or Web Worker)","root process (the app CLI, serve mode)","Start","Lifecycle\n09:21:23  inactive -> resumed\n09:21:23  hidden -> inactive\n09:21:16  inactive -> hidden\n09:21:16  resumed -> inactive","Facts from root process (the app CLI, serve mode)\nroot\ncheck: effective uid 0\nblock_devices\ncheck: a kernel-listed block device opens for reading\nusb.native\ncheck: /dev/bus/usb lists\nusb.web\ncheck: navigator.usb exists\nprocess.spawn\ncheck: a shell runs\nfs.persistent\ncheck: working dir writable, or storage persisted\nnet\ncheck: a non-loopback interface is up, or onLine\nnative\ncheck: null","Places","Strategy","Rust","Lifecycle","Shell","Plugins"]}}
{"check":"root-process","result":"root             0 u:r:ksu:s0                     10508 dartaotruntime\nroot             0 u:r:ksu:s0                     10527 dartaotruntime"}
{"check":"mount","result":"mount: mounting overlay on /product/app failed: Invalid argument\noverlay failed: 255\nmagic mount ok\ntotal 3736\ndrwxr-xr-x  2 root root u:object_r:system_file:s0     4096 2026-10-01 09:14 .\ndrwxr-xr-x 30 root root u:object_r:system_file:s0      600 2026-10-01 09:14 ..\n-rw-r--r--  1 root root u:object_r:system_file:s0  3809993 2026-10-01 09:14 WebuiTermuxApi.apk\nCalendarGooglePrebuilt\nCamera2\nChrome\nChrome-Stub\nDrive\n/dev/block/dm-3 /product ext4 ro,seclabel,relatime 0 0\ntmpfs /dev/app_plane_app tmpfs rw,seclabel,relatime,mode=755 0 0\ntmpfs /product/app tmpfs rw,seclabel,relatime,mode=755 0 0\n/dev/block/dm-3 /product/app/CalendarGooglePrebuilt ext4 ro,seclabel,relatime 0 0\n/dev/block/dm-3 /product/app/Camera2 ext4 ro,seclabel,relatime 0 0\n/dev/block/dm-3 /product/app/Chrome ext4 ro,seclabel,relatime 0 0\n/dev/block/dm-3 /product/app/Chrome-Stub ext4 ro,seclabel,relatime 0 0\n/dev/block/dm-3 /product/app/Drive ext4 ro,seclabel,relatime 0 0\n28"}
{"check":"package","result":"package:/product/app/WebuiTermuxApi/WebuiTermuxApi.apk\n    flags=0x0\n    flags=0x0\n    codePath=/product/app/WebuiTermuxApi\n    versionName=0.53.0-webui.1\n    flags=[ SYSTEM HAS_CODE ALLOW_CLEAR_USER_DATA ALLOW_BACKUP ]\n    privateFlags=[ PRIVATE_FLAG_ACTIVITIES_RESIZE_MODE_RESIZEABLE_VIA_SDK_VERSION PRIVATE_FLAG_REQUEST_LEGACY_EXTERNAL_STORAGE PRODUCT PRIVATE_FLAG_ALLOW_NATIVE_HEAP_POINTER_TAGGING ]\n        android.permission.READ_SMS: granted=false, flags=[ USER_SENSITIVE_WHEN_GRANTED|USER_SENSITIVE_WHEN_DENIED|RESTRICTION_UPGRADE_EXEMPT]\n        android.permission.POST_NOTIFICATIONS: granted=false, flags=[ USER_SENSITIVE_WHEN_GRANTED|USER_SENSITIVE_WHEN_DENIED]"}
/home/runner/work/devicelab/devicelab/out/sockprobe: 1 file pushed, 0 skipped. 68.3 MB/s (3475681 bytes in 0.049s)
Broadcasting: Intent { flg=0x1400020 cmp=com.webui.termux.api/com.termux.api.TermuxApiReceiver (has extras) }
Broadcast completed: result=0
Broadcasting: Intent { flg=0x1400020 cmp=com.webui.termux.api/com.termux.api.TermuxApiReceiver (has extras) }
Broadcast completed: result=0
{"check":"broadcast","result":"Broadcasting: Intent { flg=0x1400020 cmp=com.webui.termux.api/com.termux.api.TermuxApiReceiver (has extras) }\nBroadcast completed: result=0\nBroadcasting: Intent { flg=0x1400020 cmp=com.webui.termux.api/com.termux.api.TermuxApiReceiver (has extras) }\nBroadcast completed: result=0"}
{"check":"app-process","result":"u0_a210      10210 u:r:untrusted_app_27:s0:c210,c256,c512,c768 com.webui.termux.api"}
{"check":"listener-module","result":"{\"context\":\"u:r:su:s0\",\"event\":\"start\",\"names\":[\"wx_ksu_out\",\"wx_ksu_in\"],\"uid\":0}\n{\"data\":\"{\\n  \\\"present\\\": true,\\n  \\\"technology\\\": \\\"Li-ion\\\",\\n  \\\"health\\\": \\\"GOOD\\\",\\n  \\\"plugged\\\": \\\"PLUGGED_AC\\\",\\n  \\\"status\\\": \\\"CHARGING\\\",\\n  \\\"temperature\\\": 25.0,\\n  \\\"voltage\\\": 5000,\\n  \\\"current\\\": 900000,\\n  \\\"current_average\\\": 900000,\\n  \\\"percentage\\\": 100,\\n  \\\"level\\\": 100,\\n  \\\"scale\\\": 100,\\n  \\\"charge_counter\\\": 10000,\\n  \\\"cycle\\\": 10\\n}\\n\",\"event\":\"connect\",\"name\":\"wx_ksu_out\",\"peerContext\":\"u:r:untrusted_app_27:s0:c210,c256,c512,c768\",\"peerPid\":10703,\"peerUid\":10210,\"t\":1790846490260}"}
{"check":"listener-su","result":"{\"context\":\"u:r:su:s0\",\"event\":\"start\",\"names\":[\"wx_su_out\",\"wx_su_in\"],\"uid\":0}\n{\"data\":\"{\\n  \\\"present\\\": true,\\n  \\\"technology\\\": \\\"Li-ion\\\",\\n  \\\"health\\\": \\\"GOOD\\\",\\n  \\\"plugged\\\": \\\"PLUGGED_AC\\\",\\n  \\\"status\\\": \\\"CHARGING\\\",\\n  \\\"temperature\\\": 25.0,\\n  \\\"voltage\\\": 5000,\\n  \\\"current\\\": 900000,\\n  \\\"current_average\\\": 900000,\\n  \\\"percentage\\\": 100,\\n  \\\"level\\\": 100,\\n  \\\"scale\\\": 100,\\n  \\\"charge_counter\\\": 10000,\\n  \\\"cycle\\\": 10\\n}\\n\",\"event\":\"connect\",\"name\":\"wx_su_out\",\"peerContext\":\"u:r:untrusted_app_27:s0:c210,c256,c512,c768\",\"peerPid\":10703,\"peerUid\":10210,\"t\":1790846498338}"}
{"check":"avc","result":"10-01 09:21:30.125  6044  6078 I ActivityManager: Broadcasting: Intent { flg=0x1400020 cmp=com.webui.termux.api/com.termux.api.TermuxApiReceiver (has extras) }\n10-01 09:21:30.129  6044  6078 I ActivityManager: Enqueued broadcast Intent { flg=0x1400020 cmp=com.webui.termux.api/com.termux.api.TermuxApiReceiver (has extras) }: 0\n10-01 09:21:30.141  6044  6087 I ActivityManager: Start proc 10703:com.webui.termux.api/u0a210 for broadcast {com.webui.termux.api/com.termux.api.TermuxApiReceiver}\n10-01 09:21:30.169 10703 10703 I ebui.termux.api: Using CollectorTypeCMC GC.\n10-01 09:21:30.170 10703 10703 W ebui.termux.api: Unexpected CPU variant for x86: x86_64.\n10-01 09:21:30.170 10703 10703 W ebui.termux.api: Known variants: atom, sandybridge, silvermont, goldmont, goldmont-plus, goldmont-without-sha-xsaves, tremont, kabylake, default\n10-01 09:21:30.173 10703 10703 E ebui.termux.api: Not starting debugger since process cannot load the jdwp agent.\n10-01 09:21:30.193 10703 10703 W ziparchive: Unable to open '/product/app/WebuiTermuxApi/WebuiTermuxApi.dm': No such file or directory\n10-01 09:21:30.193 10703 10703 W ziparchive: Unable to open '/product/app/WebuiTermuxApi/WebuiTermuxApi.dm': No such file or directory\n10-01 09:21:30.220 10703 10703 D nativeloader: Configuring product-clns-7 for unbundled product apk /product/app/WebuiTermuxApi/WebuiTermuxApi.apk. target_sdk_version=28, uses_libraries=, library_path=/product/app/WebuiTermuxApi/lib/x86_64:/product/lib64:/system/product/lib64, permitted_path=/data:/mnt/expand:/data/user/0/com.webui.termux.api:/product/lib64:/system/product/lib64\n10-01 09:21:30.239 10703 10703 I TermuxAPIApplication: AppInit\n10-01 09:21:30.248  6044  7127 I AppsFilter: interaction: PackageSetting{ae1da29 com.android.microdroid.empty_payload/10207} -> PackageSetting{75ed9b com.webui.termux.api/10210} BLOCKED\n10-01 09:21:30.250  6044  6232 I AppWidgetServiceImpl: Updating package stopped masked state for uid 10210 package com.webui.termux.api isStopped false\n10-01 09:21:35.367 10703 10720 D ProfileInstaller: Installing profile for com.webui.termux.api\n10-01 09:21:38.333  6044  7667 I ActivityManager: Broadcasting: Intent { flg=0x1400020 cmp=com.webui.termux.api/com.termux.api.TermuxApiReceiver (has extras) }\n10-01 09:21:38.334  6044  7667 I ActivityManager: Enqueued broadcast Intent { flg=0x1400020 cmp=com.webui.termux.api/com.termux.api.TermuxApiReceiver (has extras) }: 0"}
SELinux: Loaded file context from:
		/system/etc/selinux/plat_file_contexts
		/system_ext/etc/selinux/system_ext_file_contexts
		/vendor/etc/selinux/vendor_file_contexts
{"check":"restorecon","result":"u:object_r:app_data_file:s0:c210,c256,c512,c768 /data/data/com.webui.termux.api\nu:object_r:app_data_file:s0                     /data/data/com.webui.termux.api/files/devicelab/probe.txt"}
app uid: 10210
