yes: standard output: Broken pipe
Auto-selecting single ABI x86_64
Do you wish to create a custom hardware profile? [no] lab.avd
lab.ini
emulator Android emulator version 37.2.12.0 (build_id 16428233) (CL:N/A)
* daemon not running; starting now at tcp:5037
* daemon started successfully
booted in 29s: google/sdk_gphone64_x86_64/emu64xa:15/AE3A.240806.043/12960925:userdebug/dev-keys
kernel 6.6.50-android15-8-g8adecb593e9b-ab12525588 -> kmi android15-6.6; tiann/KernelSU v3.3.0
total 16428
drwx------  2 runner runner     4096 Oct  1 22:15 .
drwxrwxrwt 16 root   root       4096 Oct  1 22:14 ..
-rw-r--r--  1 runner runner 10777987 Oct  1 22:15 KernelSU_v3.3.0_32601-release.apk
-rw-r--r--  1 runner runner  5713312 Oct  1 22:15 ksud-x86_64-linux-android
-rw-r--r--  1 runner runner   318824 Oct  1 22:15 lkm-x86_64-android15-6.6_kernelsu.ko
== manager installed (me.weishu.kernelsu, KernelSU_v3.3.0_32601-release.apk)
/tmp/tmp.OfcOv3tZ1I/lkm-x86_64-android15-6.6_kernelsu.ko: 1 file pushed, 0 skipped. 9.0 MB/s (318824 bytes in 0.034s)
/tmp/tmp.OfcOv3tZ1I/ksud-x86_64-linux-android: 1 file pushed, 0 skipped. 160.3 MB/s (5713312 bytes in 0.034s)
== ksud: ksud 3.3.0 (uapi: 2)
== ksud late-load: rc=0
== ksud insmod /data/adb/kernelsu.ko: Error: load module failed: /data/adb/kernelsu.ko

Caused by:
    0: init_module failed without vermagic mismatch
    1: File exists (os error 17)
rc=1
kernelsu              159744  0 
== lsmod: kernelsu              159744  1 
KernelSU_v3.3.0_32601-release.apk
ksud-aarch64-apple-darwin
ksud-aarch64-linux-android
ksud-aarch64-unknown-linux-musl
ksud-x86_64-apple-darwin
ksud-x86_64-linux-android
ksud-x86_64-pc-windows-gnu.exe
ksud-x86_64-unknown-linux-musl
ksuinit-aarch64
ksuinit-x86_64
lkm-aarch64-android12-5.10_kernelsu.ko
lkm-aarch64-android13-5.10_kernelsu.ko
lkm-aarch64-android13-5.15_kernelsu.ko
lkm-aarch64-android14-5.15_kernelsu.ko
lkm-aarch64-android14-6.1_kernelsu.ko
lkm-aarch64-android15-6.6_kernelsu.ko
lkm-aarch64-android16-6.12_kernelsu.ko
lkm-aarch64-android17-6.18_kernelsu.ko
lkm-x86_64-android12-5.10_kernelsu.ko
lkm-x86_64-android13-5.10_kernelsu.ko
lkm-x86_64-android13-5.15_kernelsu.ko
lkm-x86_64-android14-5.15_kernelsu.ko
lkm-x86_64-android14-6.1_kernelsu.ko
lkm-x86_64-android15-6.6_kernelsu.ko
lkm-x86_64-android16-6.12_kernelsu.ko
lkm-x86_64-android17-6.18_kernelsu.ko
== no metamodule asset in tiann/KernelSU v3.3.0
/home/runner/work/devicelab/devicelab/modules/probe/./: 2 files pushed, 0 skipped. 0.0 MB/s (1474 bytes in 0.043s)
== modules: [
  {
    "mount": "false",
    "name": "devicelab probe",
    "remove": "false",
    "versionCode": "1",
    "description": "Observation module for devicelab. Its WebUI page is driven over DevTools.",
    "enabled": "true",
    "action": "false",
    "author": "p0g-stack",
    "update": "false",
    "id": "devicelab_probe",
    "web": "true",
    "version": "1"
  }
]
SELinux: Loaded file context from:
		/system/etc/selinux/plat_file_contexts
		/system_ext/etc/selinux/system_ext_file_contexts
		/vendor/etc/selinux/vendor_file_contexts
== home text: text="LKM" text="Working [Jailbreak mode]" text="Version: 32601-2" text="Manager version" text="v3.3.0 (32601-2)" text="Kernel version" text="6.6.50-android15-8-g8adecb593e9b-ab12525588" text="Device model" text="Google sdk_gphone64_x86_64" text="Fingerprint" text="google/sdk_gphone64_x86_64/emu64xa:15/AE3A.240806.043/12960925:userdebug/dev-keys" text="Enforcing" text="KernelSU" text="Home" text="Superuser" text="1" text="Module" text="Settings" 
== manager activities: me.weishu.kernelsu/.magica.BootCompletedReceiver me.weishu.kernelsu/.ui.MainActivity me.weishu.kernelsu/androidx.core.content.FileProvider me.weishu.kernelsu/androidx.profileinstaller.ProfileInstallReceiver me.weishu.kernelsu/androidx.startup.InitializationProvider 
curl: (22) The requested URL returned error: 404
== metamodule: module repo index unreachable
== metamodule index entry: index unreadable [Errno 2] No such file or directory: '/tmp/tmp.kXD9qzzeR5/index.json'
release not found
release not found
== metamodule: no zip found for KernelSU-Modules-Repo/meta-overlayfs
inputs/modules/flutter_webui_counter-0.1.5.zip: 1 file pushed, 0 skipped. 112.1 MB/s (21434766 bytes in 0.182s)
== install flutter_webui_counter-0.1.5.zip
  inflating: webroot/fonts/notocoloremoji/v32/Yq6P-KqIXTD0t4D9z1ESnKM3-HpFabsE4tq3luCC7p-aXxcn.3.woff2
  inflating: webroot/fonts/notocoloremoji/v32/Yq6P-KqIXTD0t4D9z1ESnKM3-HpFabsE4tq3luCC7p-aXxcn.8.woff2
  inflating: webroot/fonts/notocoloremoji/v32/Yq6P-KqIXTD0t4D9z1ESnKM3-HpFabsE4tq3luCC7p-aXxcn.2.woff2
   creating: webroot/fonts/notosansmath/
   creating: webroot/fonts/notosansmath/v15/
  inflating: webroot/fonts/notosansmath/v15/7Aump_cpkSecTWaHRlH2hyV5UHkD-V048PW0.woff2
   creating: webroot/fonts/roboto/
   creating: webroot/fonts/roboto/v32/
  inflating: webroot/fonts/roboto/v32/KFOmCnqEu92Fr1Me4GZLCzYlKw.woff2
  inflating: webroot/.last_build_id
  inflating: webroot/config.json
  inflating: webroot/flutter_webui.js
  inflating: customize.sh
- Done
- Module installed successfully!
inputs/modules/counter-v1.0.0.zip: 1 file pushed, 0 skipped. 207.9 MB/s (6582359 bytes in 0.030s)
== install counter-v1.0.0.zip
  inflating: webroot/canvaskit/chromium/canvaskit.wasm
  inflating: webroot/config.json
  inflating: webroot/favicon.png
  inflating: webroot/flutter.js
  inflating: webroot/flutter_bootstrap.js
  inflating: webroot/icons/Icon-192.png
  inflating: webroot/icons/Icon-512.png
  inflating: webroot/icons/Icon-maskable-192.png
  inflating: webroot/icons/Icon-maskable-512.png
  inflating: webroot/index.html
  inflating: webroot/main.dart.js
  inflating: webroot/manifest.json
  inflating: webroot/version.json
- Done
- Module installed successfully!
inputs/modules/demo.zip: 1 file pushed, 0 skipped. 123.3 MB/s (28103187 bytes in 0.217s)
== install demo.zip
  inflating: webroot/main.dart.js
  inflating: webroot/manifest.json
  inflating: webroot/pkg/.gitignore
  inflating: webroot/pkg/demo_native.js
  inflating: webroot/pkg/demo_native_bg.wasm
  inflating: webroot/pkg/package.json
  inflating: webroot/version.json
  inflating: webroot/workers/demo_service.web.g.dart.js
  inflating: webroot/workers/hello_service.web.g.dart.js
  inflating: webui_app_plane/arm64-v8a/webui_termux_api.aot
  inflating: webui_app_plane/termux-api
  inflating: webui_app_plane/x86_64/webui_termux_api.aot
- Handle partition /product
- Done
- Module installed successfully!
/home/runner/work/devicelab/devicelab/app_plane.zip: 1 file pushed, 0 skipped. 197.6 MB/s (4528305 bytes in 0.022s)
== install app_plane.zip
Archive:  /data/local/tmp/m.zip
- Extracting module files
Archive:  /data/local/tmp/m.zip
  inflating: post-fs-data.sh
  inflating: module.prop
   creating: system/
   creating: system/product/
   creating: system/product/app/
   creating: system/product/app/WebuiTermuxApi/
  inflating: system/product/app/WebuiTermuxApi/WebuiTermuxApi.apk
  inflating: service.sh
  inflating: sockprobe
- Handle partition /product
- Done
- Module installed successfully!
== soft-reboot: 
== after soft-reboot (43s): [
  {
    "id": "devicelab_probe",
    "versionCode": "1",
    "version": "1",
    "author": "p0g-stack",
    "name": "devicelab probe",
    "description": "Observation module for devicelab. Its WebUI page is driven over DevTools.",
    "update": "false",
    "remove": "false",
    "web": "true",
    "action": "false",
    "mount": "false",
    "enabled": "true"
  },
  {
    "action": "false",
    "description": "Stock Flutter counter app on flutter-webui (devicelab bring-up build).",
    "update": "false",
    "id": "flutter_webui_counter",
    "name": "flutter-webui Counter",
    "versionCode": "6",
    "remove": "false",
    "author": "p0g-stack",
    "mount": "false",
    "enabled": "true",
    "version": "0.1.5",
    "web": "true"
  },
  {
    "action": "false",
    "name": "Counter",
    "web": "true",
    "id": "counter",
    "description": "A new Flutter project.",
    "mount": "false",
    "enabled": "true",
    "versionCode": "1",
    "version": "v1.0.0",
    "author": "Yuv",
    "update": "false",
    "remove": "false"
  },
  {
    "action": "false",
    "updateJson": "https://github.com/p0g-stack/demo/releases/latest/download/update.json",
    "versionCode": "35",
    "version": "v0.1.35",
    "mount": "true",
    "enabled": "true",
    "name": "Demo",
    "update": "false",
    "id": "demo",
    "author": "",
    "remove": "false",
    "description": "The demo GUI. Flutter on top of the core.",
    "web": "true"
  },
  {
    "version": "1",
    "mount": "true",
 
total 56
drwxrwxrwx 7 root root 4096 2026-10-01 22:15 .
drwx------ 5 root root 4096 2026-10-01 22:15 ..
drwxr-xr-x 3 root root 4096 2026-10-01 22:15 counter
drwxr-xr-x 8 root root 4096 2026-10-01 22:15 demo
drwxr-xr-x 4 root root 4096 2026-10-01 22:15 devicelab_app_plane
drwxr-xr-x 3 root root 4096 2026-10-01 22:15 devicelab_probe
drwxr-xr-x 4 root root 4096 2026-10-01 22:15 flutter_webui_counter
/home/runner/work/devicelab/devicelab/out/labserver: 1 file pushed, 0 skipped. 242.1 MB/s (7843260 bytes in 0.031s)
Starting: Intent { cmp=me.weishu.kernelsu/.ui.webui.WebUIActivity (has extras) }
Status: ok
Activity: me.weishu.kernelsu/.ui.webui.WebUIActivity








Status: ok








Status: ok
https://mui.kernelsu.org/index.html
token found in manager data: 0000000000000000000000000000000000000000000000000000000000000000
opened: intent-token
{"check":"targets","result":[{"socket": "webview_devtools_remote_8304", "type": "page", "url": "https://mui.kernelsu.org/index.html", "title": "devicelab probe"}]}
{"check":"globals","result":{"url":"https://mui.kernelsu.org/index.html","socket":"webview_devtools_remote_8304","value":{"ua":"Mozilla/5.0 (Linux; Android 15; sdk_gphone64_x86_64 Build/AE3A.240806.043; wv) AppleWebKit/537.36 (KHTML, like Gecko) Version/4.0 Chrome/124.0.6367.219 Mobile Safari/537.36","origin":"https://mui.kernelsu.org","href":"https://mui.kernelsu.org/index.html","globals":["ksu"],"ksu":["enableEdgeToEdge","exec","exit","fullScreen","getPackagesInfo","listPackages","moduleInfo","spawn","toast","enableEdgeToEdge","exec","exit","fullScreen","getPackagesInfo","listPackages","moduleInfo","spawn","toast"]}}}
{"check":"ksu-exec","result":{"url":"https://mui.kernelsu.org/index.html","socket":"webview_devtools_remote_8304","value":{"code":0,"out":"uid=0(root) gid=0(root) groups=0(root) context=u:r:ksu:s0\nu:r:ksu:s0\u0000","err":""}}}
{"check":"ws-loopback","result":{"url":"https://mui.kernelsu.org/index.html","socket":"webview_devtools_remote_8304","value":{"got":["{\"origin\":\"https://mui.kernelsu.org\",\"peerUid\":10209,\"remote\":\"127.0.0.1:57160\",\"serverUid\":0,\"t\":1790893033662,\"uidSource\":\"/proc/net/tcp\"}","hi"],"ms":17}}}
{"check":"fetch-loopback","result":{"url":"https://mui.kernelsu.org/index.html","socket":"webview_devtools_remote_8304","value":{"origin":"https://mui.kernelsu.org","peerUid":10209,"remote":"127.0.0.1:57168","serverUid":0,"t":1790893033791,"uidSource":"/proc/net/tcp"}}}
{"check":"webview-uid","result":["webview_zygote 1053 webview_zygote", "u0_a209      10209 me.weishu.kernelsu", "u0_a151      10151 com.google.android.webview:webview_service", "u0_i9000     99000 com.google.android.webview:sandboxed_process0:org.chromium.content.app.SandboxedProcessService0:0", "u0_a151      10151 com.google.android.webview:webview_apk"]}
{"check":"while-home-heartbeat","result":{"url":"https://mui.kernelsu.org/index.html","socket":"webview_devtools_remote_8304","value":{"now":10171,"vis":"hidden"}}}
{"check":"lifecycle","result":{"url":"https://mui.kernelsu.org/index.html","socket":"webview_devtools_remote_8304","value":{"events":[{"type":"pageshow","t":132,"vis":"visible"},{"type":"visibilitychange","t":4046,"vis":"hidden"},{"type":"visibilitychange","t":12345,"vis":"visible"}],"gaps":[{"from":4305,"ms":1000,"vis":"hidden"},{"from":6305,"ms":1000,"vis":"hidden"},{"from":8305,"ms":1000,"vis":"hidden"},{"from":9305,"ms":1000,"vis":"hidden"},{"from":10305,"ms":1004,"vis":"hidden"}],"slow":{"heldMs":3002,"sentAt":1790893036981,"resolvedAt":1790893036983,"vis":"hidden"}}}}
{"check":"dev-url","result":{"url":"http://127.0.0.1:8090/index.html","socket":"webview_devtools_remote_8304","value":{"href":"http://127.0.0.1:8090/index.html","ksu":"object","webui":"undefined","globals":["ksu"],"exec":{"code":0,"out":"uid=0(root) gid=0(root) groups=0(root) context=u:r:ksu:s0","err":""}}}}
Starting: Intent { cmp=me.weishu.kernelsu/.ui.webui.WebUIActivity (has extras) }
Status: ok
Activity: me.weishu.kernelsu/.ui.webui.WebUIActivity








Status: ok








Segmentation fault 
intent path: no page; manager log:
10-01 22:17:32.291  8752  8752 D ApplicationLoaders: Returning zygote-cached class loader: /system_ext/framework/androidx.window.extensions.jar
10-01 22:17:32.291  8752  8752 D ApplicationLoaders: Returning zygote-cached class loader: /system_ext/framework/androidx.window.sidecar.jar
10-01 22:17:32.302  8752  8752 V GraphicsEnvironment: Currently set values for:
10-01 22:17:32.302  8752  8752 V GraphicsEnvironment:   angle_gl_driver_selection_pkgs=[]
10-01 22:17:32.302  8752  8752 V GraphicsEnvironment:   angle_gl_driver_selection_values=[]
10-01 22:17:32.302  8752  8752 V GraphicsEnvironment: Global.Settings values are invalid: number of packages: 0, number of values: 0
10-01 22:17:32.302  8752  8752 V GraphicsEnvironment: Neither updatable production driver nor prerelease driver is supported.
10-01 22:17:32.313  8752  8752 W weishu.kernelsu: Unsupported class loader
10-01 22:17:32.360  8752  8752 W weishu.kernelsu: Unsupported class loader
10-01 22:17:32.360  8752  8752 W weishu.kernelsu: Unsupported class loader
10-01 22:17:32.496  8752  8752 W HWUI    : Unknown dataspace 0
10-01 22:17:32.538  8752  8779 I EGL_emulation: Opening libGLESv1_CM_emulation.so
10-01 22:17:32.538  8752  8779 I EGL_emulation: Opening libGLESv2_emulation.so
10-01 22:17:32.545  8752  8779 W HWUI    : Failed to initialize 101010-2 format, error = EGL_SUCCESS
10-01 22:17:32.565  8752  8779 I Gralloc4: mapper 4.x is not supported
10-01 22:17:33.309  8752  8770 I SuperUserRepository: load cost: 230
10-01 22:17:33.309  8752  8774 W SuperUserRepository: KsuService disconnected
10-01 22:17:33.455  8752  8752 D VRI[WebUIActivity]: visibilityChanged oldVisibility=true newVisibility=false
10-01 22:17:33.476  8752  8752 W WindowOnBackDispatcher: sendCancelIfRunning: isInProgress=false callback=android.view.ViewRootImpl$$ExternalSyntheticLambda11@81dea92
10-01 22:17:37.577  8752  8816 D ProfileInstaller: Skipping profile installation for me.weishu.kernelsu
10-01 22:17:41.326  8752  8779 I EGL_emulation: Opening libGLESv1_CM_emulation.so
10-01 22:17:41.327  8752  8779 I EGL_emulation: Opening libGLESv2_emulation.so
10-01 22:17:41.342  8752  8779 W HWUI    : Failed to initialize 101010-2 format, error = EGL_SUCCESS
10-01 22:17:42.024  8752  8752 D VRI[WebUIActivity]: visibilityChanged oldVisibility=true newVisibility=false
10-01 22:17:42.045  8752  8752 W WindowOnBackDispatcher: sendCancelIfRunning: isInProgress=false callback=android.view.ViewRootImpl$$ExternalSyntheticLambda11@b0d942d
ui: tapped 'Module' at 200,584
ui: tapped 160,152
ui: tapped 'Clean' at 209,64
ui: tapped 'Clean' at 209,64
[0,0][320,640] flutter-webui Counter | search | Clean | Cancel | flutter-webui Counter | Version: 0.1.5 | Author: p0g-stack | Stock Flu
[12,40][235,88] flutter-webui Counter | search | Clean
[185,40][233,88] Clean
[251,40][304,88] Cancel
[12,98][308,267] flutter-webui Counter | Version: 0.1.5 | Author: p0g-stack | Stock Flutter counter app on flutter-webui (devicelab bring
[243,116][292,164] 
[28,210][110,258] Open | Open
[186,210][292,258] Uninstall
[0,552][80,616] Home
[80,552][160,616] Superuser
[240,552][320,616] Settings
ui: tapped 'Open' at 69,234
https://mui.kernelsu.org/index.html
    * Hist  #1: ActivityRecord{62874dc u0 me.weishu.kernelsu/.ui.webui.WebUIActivity t16}
      packageName=me.weishu.kernelsu processName=me.weishu.kernelsu
      launchedFromUid=10209 launchedFromPackage=me.weishu.kernelsu launchedFromFeature=null userId=0
      app=ProcessRecord{fc9f956 8752:me.weishu.kernelsu/u0a209}
      Intent { dat=ksu://webui?id=flutter_webui_counter&token=6a9687eff7513ed28136be39cd34b2c39559196a94ce0a294ce0e793916d4183 flg=0x80000 cmp=me.weishu.kernelsu/.ui.webui.WebUIActivity }
opened: ui
{"check":"targets","result":[{"type": "page", "url": "https://mui.kernelsu.org/index.html", "title": "Flutter Demo"}]}
{"check":"page","result":{"url":"https://mui.kernelsu.org/index.html","socket":"webview_devtools_remote_8752","value":{"href":"https://mui.kernelsu.org/index.html","title":"Flutter Demo","ready":"complete","flutter":true,"glass":true,"nav":{"dcl":374,"load":678},"paint":{"first-paint":1237,"first-contentful-paint":2271},"glassAt":"present","firstFrame":null,"insets":"24px","vv":[320,640,1]}}}
{"check":"java-exceptions","result":["--", "10-01 22:18:43.291  6370  9304 W FontLog : java.lang.IllegalStateException: Cannot perform this operation because the connection pool has been closed.", "10-01 22:18:43.291  6370  9304 W FontLog : \tat android.database.sqlite.SQLiteConnectionPool.throwIfClosedLocked(SQLiteConnectionPool.java:1103)", "10-01 22:18:43.291  6370  9304 W FontLog : \tat android.database.sqlite.SQLiteConnectionPool.waitForConnection(SQLiteConnectionPool.java:794)", "10-01 22:18:43.291  6370  9304 W FontLog : \tat android.database.sqlite.SQLiteConnectionPool.acquireConnection(SQLiteConnectionPool.java:399)", "10-01 22:18:43.291  6370  9304 W FontLog : \tat android.database.sqlite.SQLiteSession.acquireConnection(SQLiteSession.java:920)", "10-01 22:18:43.291  6370  9304 W FontLog : \tat android.database.sqlite.SQLiteSession.executeForChangedRowCount(SQLiteSession.java:778)", "10-01 22:18:43.291  6370  9304 W FontLog : \tat android.database.sqlite.SQLiteStatement.executeUpdateDelete(SQLiteStatement.java:67)", "10-01 22:18:43.291  6370  9304 W FontLog : \tat android.database.sqlite.SQLiteDatabase.executeSql(SQLiteDatabase.java:2207)", "10-01 22:18:43.291  6370  9304 W FontLog : \tat android.database.sqlite.SQLiteDatabase.execSQL(SQLiteDatabase.java:2183)", "10-01 22:18:43.291  6370  9304 W FontLog : \tat bbkg.run(:com.google.android.gms@242335041@24.23.35 (190800-646585959):57)", "10-01 22:18:43.291  6370  9304 W FontLog : \tat angs.c(:com.google.android.gms@242335041@24.23.35 (190800-646585959):50)", "10-01 22:18:43.291  6370  9304 W FontLog : \tat angs.run(:com.google.android.gms@242335041@24.23.35 (190800-646585959):76)", "10-01 22:18:43.291  6370  9304 W FontLog : \tat java.util.concurrent.ThreadPoolExecutor.runWorker(ThreadPoolExecutor.java:1145)", "--", "10-01 22:18:43.859  8752  9260 E SuFilePathHandler: java.io.FileNotFoundException: No such file or directory: /data/adb/modules/flutter_webui_counter/webroot/favicon.ico", "10-01 22:18:43.859  8752  9260 E SuFilePathHandler: \tat zb3.a(r8-map-id-9f7f45feba6f2c95784574c49c444982ed6e6c85bfa15582daceb837f5e42ea2:151)", "10-01 22:18:43.859  8752  9260 E SuFilePathHandler: \tat fk3.e(r8-map-id-9f7f45feba6f2c95784574c49c444982ed6e6c85bfa15582daceb837f5e42ea2:308)", "10-01 22:18:43.859  8752  9260 E SuFilePathHandler: \tat ja4.a(r8-map-id-9f7f45feba6f2c95784574c49c444982ed6e6c85bfa15582daceb837f5e42ea2:99)", "10-01 22:18:43.859  8752  9260 E SuFilePathHandler: \tat o11.shouldInterceptRequest(r8-map-id-9f7f45feba6f2c95784574c49c444982ed6e6c85bfa15582daceb837f5e42ea2:247)", "10-01 22:18:43.844  8752  8752 W ThreadPoolForeg: type=1400 audit(0.0:146): avc:  denied  { getattr } for  path=\"/data/adb\" dev=\"dm-46\" ino=319489 scontext=u:r:untrusted_app:s0:c209,c256,c512,c768 tcontext=u:object_r:adb_data_file:s0 tclass=dir permissive=0 app=me.weishu.kernelsu", "10-01 22:18:43.848  8752  8752 W ThreadPoolForeg: type=1400 audit(0.0:147): avc:  denied  { getattr } for  path=\"/data/adb\" dev=\"dm-46\" ino=319489 scontext=u:r:untrusted_app:s0:c209,c256,c512,c768 tcontext=u:object_r:adb_data_file:s0 tclass=dir permissive=0 app=me.weishu.kernelsu", "10-01 22:18:43.848  8752  8752 W ThreadPoolForeg: type=1400 audit(0.0:148): avc:  denied  { getattr } for  path=\"/data/adb\" dev=\"dm-46\" ino=319489 scontext=u:r:untrusted_app:s0:c209,c256,c512,c768 tcontext=u:object_r:adb_data_file:s0 tclass=dir permissive=0 app=me.weishu.kernelsu", "10-01 22:18:43.876  8752  8752 W ThreadPoolForeg: type=1400 audit(0.0:149): avc:  denied  { getattr } for  path=\"/data/adb\" dev=\"dm-46\" ino=319489 scontext=u:r:untrusted_app:s0:c209,c256,c512,c768 tcontext=u:object_r:adb_data_file:s0 tclass=dir permissive=0 app=me.weishu.kernelsu", "10-01 22:18:43.966  9318  9318 W BpBinder: Linking to death on android.gui.ISurfaceComposer but there are no threads (yet?) listening to incoming transactions. See ProcessState::startThreadPool and ProcessState::setThreadPoolMaxThreadCount. Generally you should setup the binder threadpool before other initialization steps.", "10-01 22:18:43.966  9318  9318 W ProcessState: Extra binder thread started, but 0 threads requested. Do not use *startThreadPool when zero threads are requested.", "--", "10-01 22:18:51.559  6370  6382 I ChimeraSrvcProxy: NullBinder for android.net.action.RECOMMEND_NETWORKS triggering remote TransactionTooLargeException due to Service without Chimera impl", "10-01 22:18:51.559  6745  6939 I BugleRcsEngine: Connected state: [1], networkType: [WIFI] [CONTEXT thread_id=55 ]", "10-01 22:18:51.559  6745  7182 I BugleRcsEngine: handleMessage processing message:[NOTIFY_UPTIME_IGNORE_STATE_CHANGED] with [non-null]:RcsEngineImpl reference [CONTEXT log_prefix=\"RcsEngineImpl[DUAL_REG]:[065ed819-7bba]>Handler\" thread_id=61 ]", "10-01 22:18:51.559  6370  6382 W .gms.persistent: Large reply transaction of 1056768 bytes, interface descriptor , code 1", "10-01 22:18:51.845  5921  5956 W IPCThreadState: Sending oneway calls to frozen process.", "10-01 22:18:53.294  6613  6656 I ProtoXDBBufferWrapper: ProtoXDBBufferWrapper.flushToStorage():158 Flushed 38 data item(s) to storage.", "10-01 22:18:53.298  5921  6010 D ActivityManager: freezing 8473 com.google.android.webview:webview_service", "10-01 22:18:53.300  5921  6068 D InetDiagMessage: Destroyed 0 sockets, proto=IPPROTO_TCP, family=AF_INET, states=14", "10-01 22:18:53.300  5921  6068 D InetDiagMessage: Destroyed 0 sockets, proto=IPPROTO_TCP, family=AF_INET6, states=14", "10-01 22:18:53.300  5921  6068 D InetDiagMessage: Destroyed live tcp sockets for uids={10151} in 2ms", "10-01 22:18:57.579  5921  5956 D OomAdjuster: Not killing cached processes", "10-01 22:18:57.611  6242  7302 D ApfFilter: (wlan0): Ignoring RA RA fe80::2 -> ff02::1 1800s fec0::/64 86400s/14400s  which matches RA fe80::2 -> ff02::1 1800s fec0::/64 86400s/14400s ", "10-01 22:18:58.293  6882  6882 D BoundBrokerSvc: onUnbind: Intent { act=com.google.android.gms.safetynet.service.START pkg=com.google.android.gms }"]}
{"check":"console-errors","result":["--------- beginning of main", "10-01 22:18:43.069  8752  9254 E chromium: [1001/221843.068894:ERROR:variations_seed_loader.cc(37)] Seed missing signature.", "10-01 22:18:43.069  8752  9254 I chromium: [1001/221843.069184:INFO:variations_seed_loader.cc(66)] Failed to open file for reading.: No such file or directory (2)", "10-01 22:18:43.223  9258  9285 W chromium: [WARNING:runtime_features.cc(694)] SharedStorage for M118+ cannot be enabled in this configuration. Use --enable-features=SharedStorageAPI,SharedStorageAPIM118 in addition.", "10-01 22:18:43.224  9258  9285 W chromium: [WARNING:runtime_features.cc(730)] AttributionReportingCrossAppWeb cannot be enabled in this configuration. Use --enable-features=ConversionMeasurement,AttributionReportingCrossAppWeb in addition.", "10-01 22:18:43.302  9258  9285 I chromium: [INFO:viewport_data.cc(133)] E2E_Used ViewportFitCover", "10-01 22:18:43.554  8752  8752 I chromium: [INFO:CONSOLE(3)] \"Injecting <script> tag. Using callback.\", source: https://mui.kernelsu.org/flutter_bootstrap.js (3)"]}
{"check":"first-frame-warm","result":{"url":"https://mui.kernelsu.org/index.html","socket":"webview_devtools_remote_8752","value":{"firstFrameMs":402,"now":15054,"flutter":true,"resizes":[],"paint":{"first-paint":801,"first-contentful-paint":801},"calls":[[32,"at-preload","ksu:undefined webui:undefined"],[34,"ksu-defined"],[36,"wrap-failed","exec"],[47,"wrap-failed","spawn"],[48,"wrap-failed","moduleInfo"],[48,"wrap-failed","fullScreen"],[48,"wrap-failed","enableEdgeToEdge"],[49,"wrap-failed","toast"],[49,"wrap-failed","exit"]],"resources":[["/internal/insets.css",28,59,"link",0],["/flutter_webui.css",28,79,"link",0],["/flutter_webui.js",29,84,"script",0],["/flutter_bootstrap.js",29,80,"script",0],["/canvaskit/chromium/canvaskit.wasm",117,156,"fetch",0],["/canvaskit/chromium/canvaskit.js",117,130,"other",0],["/main.dart.js",118,152,"script",0],["/assets/FontManifest.json",316,329,"fetch",0],["/favicon.ico",320,324,"other",0],["/assets/fonts/MaterialIcons-Regular.otf",330,343,"fetch",0],["/assets/packages/cupertino_icons/assets/CupertinoIcons.ttf",330,347,"fetch",0],["/assets/fonts/fallback/Roboto-Regular.ttf",331,345,"fetch",0]],"marks":[["flutter_webui:register",349],["flutter_webui:registered",351],["flutter_webui:first-frame",402]],"measures":[],"fonts":[]}}}
{"check":"root-start","result":{"url":"https://mui.kernelsu.org/index.html","socket":"webview_devtools_remote_8752","value":{"code":0,"out":"","err":"","ms":74}}}
{"check":"session","result":{"url":"https://mui.kernelsu.org/index.html","socket":"webview_devtools_remote_8752","value":{"status":200,"ms":21,"protocol":1,"version":"0.1.0","port":36419,"pid":9379,"tokenLen":43}}}
{"check":"ws-hello","result":{"url":"https://mui.kernelsu.org/index.html","socket":"webview_devtools_remote_8752","value":{"first":"{\"op\":\"hello\",\"protocol\":1,\"version\":\"0.1.0\",\"pid\":9379,\"boot\":\"18afc75d-421b-4d92-b4f9-4a4cd2c506f2\",\"uid\":0,\"moduleDir\":\"/data/adb/modules/flutter_webui_counter\"}"}}}
{"check":"channel-process","result":"USER           UID LABEL                            PID NAME                       \nroot             0 u:r:ksu:s0                      9379 ld-linux-x86-64.so.2\nexe=/data/adb/modules/flutter_webui_counter/flutter_webui/x86_64/ld-linux-x86-64.so.2\n/data/adb/modules/flutter_webui_counter/flutter_webui/x86_64/ld-linux-x86-64.so.2 --library-path /data/adb/modules/flutter_webui_counter/flutter_webui/x86_64 /data/adb/modules/flutter_webui_counter/flutter_webui/x86_64/dartaotruntime /data/adb/modules/flutter_webui_counter/flutter_webui/x86_64/flutter_webui_root.aot serve --module-dir /data/adb/modules/flutter_webui_counter \narm64-v8a\nroot\nx86_64\n/data/adb/modules/flutter_webui_counter/flutter_webui/arm64-v8a:\ndartaotruntime\nflutter_webui_root.aot\nld-linux-aarch64.so.1\nlibc.so.6\nlibdl.so.2\nlibm.so.6\nlibpthread.so.0\n\n/data/adb/modules/flutter_webui_counter/flutter_webui/x86_64:\ndartaotruntime\nflutter_webui_root.aot\nld-linux-x86-64.so.2\nlibc.so.6\nlibdl.so.2\nlibm.so.6\nlibpthread.so.0"}
{"check":"root-log","result":"2026-10-01T22:19:15.453467 listening on 127.0.0.1:36419"}
{"check":"session-mode","result":"total 44\ndrwx--x--x 3 root root 4096 2026-10-01 22:19 .\ndrwxr-xr-x 7 root root 4096 2026-10-01 22:19 ..\n-rw------- 1 root root    0 2026-10-01 22:19 lock\ndrwx------ 2 root root 4096 2026-10-01 22:19 proc\n-rw------- 1 root root   56 2026-10-01 22:19 root.log\n-rw-r--r-- 1 root root  196 2026-10-01 22:19 session.json"}
{"check":"home-resume","result":{"url":"https://mui.kernelsu.org/index.html","socket":"webview_devtools_remote_8752","value":{"events":[["visibilitychange","hidden",15965],["visibilitychange","visible",23070]],"ticks":20,"vis":"visible","hasFocus":false}}}
{"check":"before-back","result":{"url":"https://mui.kernelsu.org/index.html","socket":"webview_devtools_remote_8752","value":{"historyLength":2,"historyState":"{\"flutter\":true}","href":"https://mui.kernelsu.org/index.html","typeofWebui":"undefined","typeofWebuiExit":"undefined","typeofKsuExit":"function","webuiKeys":null,"wrapped":"no webui.exit"}}}
{"check":"back-events","result":{"error":"no page target","sockets":["webview_devtools_remote_8752"],"targets":[]}}
{"check":"back-console","result":["10-01 22:19:27.093  8752  8752 E chromium: [ERROR:aw_browser_terminator.cc(154)] Renderer process (9258) crash detected (code -1).", "10-01 22:19:27.095  5921  6391 I ActivityManager: Killing 9258:com.google.android.webview:sandboxed_process0:org.chromium.content.app.SandboxedProcessService0:0/u0a209i1 (adj 0): isolated not needed"]}
{"check":"back-at-root","result":"topResumedActivity=ActivityRecord{c0cac22 u0 me.weishu.kernelsu/.ui.MainActivity t16}"}
Starting: Intent { cmp=me.weishu.kernelsu/.ui.webui.WebUIActivity (has extras) }
Status: ok
Activity: me.weishu.kernelsu/.ui.webui.WebUIActivity








Status: ok








Status: ok
https://mui.kernelsu.org/index.html
token found in manager data: 0000000000000000000000000000000000000000000000000000000000000000
opened: intent-token
{"check":"targets","result":[{"type": "page", "url": "https://mui.kernelsu.org/index.html", "title": "Flutter Demo"}]}
{"check":"page","result":{"url":"https://mui.kernelsu.org/index.html","socket":"webview_devtools_remote_9523","value":{"href":"https://mui.kernelsu.org/index.html","title":"Flutter Demo","ready":"complete","flutter":true,"glass":true,"nav":{"dcl":122,"load":567},"paint":{"first-paint":1429,"first-contentful-paint":1429},"glassAt":"present","firstFrame":null,"insets":null,"vv":[320,592,1]}}}
{"check":"java-exceptions","result":["10-01 22:20:08.605  6882  9767 W PeoplePU: \tat com.google.android.gms.people.service.SettingsChangedBroadcastIntentOperation.onHandleIntent(:com.google.android.gms@242335041@24.23.35 (190800-646585959):339)", "10-01 22:20:08.605  6882  9767 W PeoplePU: \tat com.google.android.chimera.IntentOperation.onHandleIntent(:com.google.android.gms@242335041@24.23.35 (190800-646585959):2)", "10-01 22:20:08.605  6882  9767 W PeoplePU: \tat ajom.onHandleIntent(:com.google.android.gms@242335041@24.23.35 (190800-646585959):8)", "10-01 22:20:08.605  6882  9767 W PeoplePU: \tat pkf.run(:com.google.android.gms@242335041@24.23.35 (190800-646585959):70)", "10-01 22:20:08.605  6882  9767 W PeoplePU: \tat pke.run(:com.google.android.gms@242335041@24.23.35 (190800-646585959):152)", "10-01 22:20:08.605  6882  9767 W PeoplePU: \tat emsz.run(:com.google.android.gms@242335041@24.23.35 (190800-646585959):21)", "10-01 22:20:08.605  6882  9767 W PeoplePU: \tat java.util.concurrent.ThreadPoolExecutor.runWorker(ThreadPoolExecutor.java:1145)", "10-01 22:20:08.605  6882  9767 W PeoplePU: \tat java.util.concurrent.ThreadPoolExecutor$Worker.run(ThreadPoolExecutor.java:644)", "--", "10-01 22:20:08.605  6882  9767 W PeoplePU: java.lang.IllegalArgumentException: Unknown component: ComponentInfo{com.google.android.syncadapters.contacts/com.google.android.syncadapters.contacts.ProxyGalProvider}", "10-01 22:20:08.605  6882  9767 W PeoplePU: \tat android.os.Parcel.createExceptionOrNull(Parcel.java:3246)", "10-01 22:20:08.605  6882  9767 W PeoplePU: \tat android.os.Parcel.createException(Parcel.java:3226)", "10-01 22:20:08.605  6882  9767 W PeoplePU: \tat android.os.Parcel.readException(Parcel.java:3209)", "10-01 22:20:08.605  6882  9767 W PeoplePU: \tat android.os.Parcel.readException(Parcel.java:3151)", "10-01 22:20:08.605  6882  9767 W PeoplePU: \tat android.content.pm.IPackageManager$Stub$Proxy.getComponentEnabledSetting(IPackageManager.java:6361)", "10-01 22:20:08.605  6882  9767 W PeoplePU: \tat android.app.ApplicationPackageManager.getComponentEnabledSetting(ApplicationPackageManager.java:3191)", "10-01 22:20:08.605  6882  9767 W PeoplePU: \tat cywf.a(:com.google.android.gms@242335041@24.23.35 (190800-646585959):4)", "10-01 22:20:08.605  6882  9767 W PeoplePU: \tat cxyx.a(:com.google.android.gms@242335041@24.23.35 (190800-646585959):11)", "10-01 22:20:08.605  6882  9767 W PeoplePU: \tat com.google.android.gms.people.service.SettingsChangedBroadcastIntentOperation.onHandleIntent(:com.google.android.gms@242335041@24.23.35 (190800-646585959):366)", "10-01 22:20:08.605  6882  9767 W PeoplePU: \tat com.google.android.chimera.IntentOperation.onHandleIntent(:com.google.android.gms@242335041@24.23.35 (190800-646585959):2)", "10-01 22:20:08.605  6882  9767 W PeoplePU: \tat ajom.onHandleIntent(:com.google.android.gms@242335041@24.23.35 (190800-646585959):8)", "10-01 22:20:08.605  6882  9767 W PeoplePU: \tat pkf.run(:com.google.android.gms@242335041@24.23.35 (190800-646585959):70)", "10-01 22:20:08.605  6882  9767 W PeoplePU: \tat pke.run(:com.google.android.gms@242335041@24.23.35 (190800-646585959):152)", "10-01 22:20:08.605  6882  9767 W PeoplePU: \tat emsz.run(:com.google.android.gms@242335041@24.23.35 (190800-646585959):21)", "10-01 22:20:08.605  6882  9767 W PeoplePU: \tat java.util.concurrent.ThreadPoolExecutor.runWorker(ThreadPoolExecutor.java:1145)", "10-01 22:20:08.605  6882  9767 W PeoplePU: \tat java.util.concurrent.ThreadPoolExecutor$Worker.run(ThreadPoolExecutor.java:644)", "--", "10-01 22:20:09.672  6370  7175 I ChimeraSrvcProxy: NullBinder for android.net.action.RECOMMEND_NETWORKS triggering remote TransactionTooLargeException due to Service without Chimera impl", "10-01 22:20:09.672  6370  7175 W .gms.persistent: Large reply transaction of 1056768 bytes, interface descriptor , code 1", "10-01 22:20:09.673  6745  7182 I BugleRcsEngine: handleMessage processing message:[NOTIFY_UPTIME_IGNORE_STATE_CHANGED] with [non-null]:RcsEngineImpl reference [CONTEXT log_prefix=\"RcsEngineImpl[DUAL_REG]:[065ed819-7bba]>Handler\" thread_id=61 ]", "10-01 22:20:13.516  5921  6068 D InetDiagMessage: Destroyed 0 sockets, proto=IPPROTO_TCP, family=AF_INET, states=14", "10-01 22:20:13.516  5921  6068 D InetDiagMessage: Destroyed 0 sockets, proto=IPPROTO_TCP, family=AF_INET6, states=14", "10-01 22:20:13.517  5921  6068 D InetDiagMessage: Destroyed live tcp sockets for uids={10165} in 1ms", "10-01 22:20:13.517  5921  6068 D InetDiagMessage: Destroyed 0 sockets, proto=IPPROTO_TCP, family=AF_INET, states=14", "10-01 22:20:13.517  5921  6068 D InetDiagMessage: Destroyed 0 sockets, proto=IPPROTO_TCP, family=AF_INET6, states=14", "10-01 22:20:13.517  5921  6068 D InetDiagMessage: Destroyed live tcp sockets for uids={20165} in 1ms", "10-01 22:20:13.687  6882  6882 D BoundBrokerSvc: onUnbind: Intent { act=com.google.android.gms.safetynet.service.START pkg=com.google.android.gms }", "10-01 22:20:13.706  5840  5840 I netd    : tetherGetStats() -> {[]} <0.40ms>", "10-01 22:20:14.104  6882  6882 D BoundBrokerSvc: onUnbind: Intent { act=com.google.android.gms.findmydevice.spot.service.management.START dat=chimera-action:/... cmp=com.google.android.gms/.chimera.GmsApiService }", "10-01 22:20:14.105  5921  7964 D OomAdjuster: Not killing cached processes"]}
{"check":"console-errors","result":["--------- beginning of main", "10-01 22:19:58.442  9523  9645 E chromium: [1001/221958.442810:ERROR:variations_seed_loader.cc(37)] Seed missing signature.", "10-01 22:19:58.443  9523  9645 I chromium: [1001/221958.443067:INFO:variations_seed_loader.cc(66)] Failed to open file for reading.: No such file or directory (2)", "10-01 22:19:58.614  9649  9675 W chromium: [WARNING:runtime_features.cc(694)] SharedStorage for M118+ cannot be enabled in this configuration. Use --enable-features=SharedStorageAPI,SharedStorageAPIM118 in addition.", "10-01 22:19:58.614  9649  9675 W chromium: [WARNING:runtime_features.cc(730)] AttributionReportingCrossAppWeb cannot be enabled in this configuration. Use --enable-features=ConversionMeasurement,AttributionReportingCrossAppWeb in addition.", "10-01 22:19:58.838  9523  9523 I chromium: [INFO:CONSOLE(1)] \"Injecting <script> tag. Using callback.\", source: https://mui.kernelsu.org/flutter_bootstrap.js (1)"]}
{"check":"first-frame-warm","result":{"url":"https://mui.kernelsu.org/index.html","socket":"webview_devtools_remote_9523","value":{"firstFrameMs":385,"now":15053,"flutter":true,"resizes":[],"paint":{"first-paint":788,"first-contentful-paint":788},"calls":[[28,"at-preload","ksu:undefined webui:undefined"],[31,"ksu-defined"],[40,"wrap-failed","exec"],[41,"wrap-failed","spawn"],[42,"wrap-failed","moduleInfo"],[43,"wrap-failed","fullScreen"],[43,"wrap-failed","enableEdgeToEdge"],[44,"wrap-failed","toast"],[45,"wrap-failed","exit"]],"resources":[["/flutter_bootstrap.js",23,48,"script",0],["/canvaskit/chromium/canvaskit.wasm",88,138,"fetch",0],["/canvaskit/chromium/canvaskit.js",88,106,"other",0],["/main.dart.js",89,134,"script",0],["/assets/FontManifest.json",303,315,"fetch",0],["/favicon.png",306,321,"other",0],["/assets/fonts/MaterialIcons-Regular.otf",316,338,"fetch",0],["/assets/packages/cupertino_icons/assets/CupertinoIcons.ttf",316,338,"fetch",0],["/assets/fonts/fallback/Roboto-Regular.ttf",317,335,"fetch",0],["/favicon.png",785,803,"other",0]],"marks":[],"measures":[],"fonts":[]}}}
Starting: Intent { cmp=me.weishu.kernelsu/.ui.webui.WebUIActivity (has extras) }
Status: ok
Activity: me.weishu.kernelsu/.ui.webui.WebUIActivity








Status: ok








Status: ok
https://mui.kernelsu.org/index.html
token found in manager data: 0000000000000000000000000000000000000000000000000000000000000000
opened: intent-token
{"check":"targets","result":[{"type": "page", "url": "https://mui.kernelsu.org/index.html", "title": "Demo"}]}
{"check":"page","result":{"url":"https://mui.kernelsu.org/index.html","socket":"webview_devtools_remote_9879","value":{"href":"https://mui.kernelsu.org/index.html","title":"Demo","ready":"complete","flutter":true,"glass":true,"nav":{"dcl":303,"load":731},"paint":{"first-paint":1302,"first-contentful-paint":2301},"glassAt":"present","firstFrame":null,"insets":"24px","vv":[320,640,1]}}}
{"check":"java-exceptions","result":["--", "10-01 22:20:59.039  6370  7520 W FontLog : java.lang.IllegalStateException: Cannot perform this operation because the connection pool has been closed.", "10-01 22:20:59.039  6370  7520 W FontLog : \tat android.database.sqlite.SQLiteConnectionPool.throwIfClosedLocked(SQLiteConnectionPool.java:1103)", "10-01 22:20:59.039  6370  7520 W FontLog : \tat android.database.sqlite.SQLiteConnectionPool.waitForConnection(SQLiteConnectionPool.java:794)", "10-01 22:20:59.039  6370  7520 W FontLog : \tat android.database.sqlite.SQLiteConnectionPool.acquireConnection(SQLiteConnectionPool.java:399)", "10-01 22:20:59.039  6370  7520 W FontLog : \tat android.database.sqlite.SQLiteSession.acquireConnection(SQLiteSession.java:920)", "10-01 22:20:59.039  6370  7520 W FontLog : \tat android.database.sqlite.SQLiteSession.executeForChangedRowCount(SQLiteSession.java:778)", "10-01 22:20:59.039  6370  7520 W FontLog : \tat android.database.sqlite.SQLiteStatement.executeUpdateDelete(SQLiteStatement.java:67)", "10-01 22:20:59.039  6370  7520 W FontLog : \tat android.database.sqlite.SQLiteDatabase.executeSql(SQLiteDatabase.java:2207)", "10-01 22:20:59.039  6370  7520 W FontLog : \tat android.database.sqlite.SQLiteDatabase.execSQL(SQLiteDatabase.java:2183)", "10-01 22:20:59.039  6370  7520 W FontLog : \tat bbkg.run(:com.google.android.gms@242335041@24.23.35 (190800-646585959):57)", "10-01 22:20:59.039  6370  7520 W FontLog : \tat angs.c(:com.google.android.gms@242335041@24.23.35 (190800-646585959):50)", "10-01 22:20:59.039  6370  7520 W FontLog : \tat angs.run(:com.google.android.gms@242335041@24.23.35 (190800-646585959):76)", "10-01 22:20:59.039  6370  7520 W FontLog : \tat java.util.concurrent.ThreadPoolExecutor.runWorker(ThreadPoolExecutor.java:1145)", "--", "10-01 22:20:59.703  9879 10017 E SuFilePathHandler: java.io.FileNotFoundException: No such file or directory: /data/adb/modules/demo/webroot/favicon.ico", "10-01 22:20:59.703  9879 10017 E SuFilePathHandler: \tat zb3.a(r8-map-id-9f7f45feba6f2c95784574c49c444982ed6e6c85bfa15582daceb837f5e42ea2:151)", "10-01 22:20:59.703  9879 10017 E SuFilePathHandler: \tat fk3.e(r8-map-id-9f7f45feba6f2c95784574c49c444982ed6e6c85bfa15582daceb837f5e42ea2:308)", "10-01 22:20:59.703  9879 10017 E SuFilePathHandler: \tat ja4.a(r8-map-id-9f7f45feba6f2c95784574c49c444982ed6e6c85bfa15582daceb837f5e42ea2:99)", "10-01 22:20:59.703  9879 10017 E SuFilePathHandler: \tat o11.shouldInterceptRequest(r8-map-id-9f7f45feba6f2c95784574c49c444982ed6e6c85bfa15582daceb837f5e42ea2:247)", "10-01 22:20:59.692  9879  9879 W ThreadPoolForeg: type=1400 audit(0.0:284): avc:  denied  { getattr } for  path=\"/data/adb\" dev=\"dm-46\" ino=319489 scontext=u:r:untrusted_app:s0:c209,c256,c512,c768 tcontext=u:object_r:adb_data_file:s0 tclass=dir permissive=0 app=me.weishu.kernelsu", "10-01 22:20:59.696  9879  9879 W ThreadPoolForeg: type=1400 audit(0.0:285): avc:  denied  { getattr } for  path=\"/data/adb\" dev=\"dm-46\" ino=319489 scontext=u:r:untrusted_app:s0:c209,c256,c512,c768 tcontext=u:object_r:adb_data_file:s0 tclass=dir permissive=0 app=me.weishu.kernelsu", "10-01 22:20:59.700  9879  9879 W ThreadPoolForeg: type=1400 audit(0.0:286): avc:  denied  { getattr } for  path=\"/data/adb\" dev=\"dm-46\" ino=319489 scontext=u:r:untrusted_app:s0:c209,c256,c512,c768 tcontext=u:object_r:adb_data_file:s0 tclass=dir permissive=0 app=me.weishu.kernelsu", "10-01 22:20:59.720  9879  9879 W ThreadPoolForeg: type=1400 audit(0.0:287): avc:  denied  { getattr } for  path=\"/data/adb\" dev=\"dm-46\" ino=319489 scontext=u:r:untrusted_app:s0:c209,c256,c512,c768 tcontext=u:object_r:adb_data_file:s0 tclass=dir permissive=0 app=me.weishu.kernelsu", "10-01 22:20:59.779 10076 10076 W BpBinder: Linking to death on android.gui.ISurfaceComposer but there are no threads (yet?) listening to incoming transactions. See ProcessState::startThreadPool and ProcessState::setThreadPoolMaxThreadCount. Generally you should setup the binder threadpool before other initialization steps.", "10-01 22:20:59.779 10076 10076 W ProcessState: Extra binder thread started, but 0 threads requested. Do not use *startThreadPool when zero threads are requested.", "--", "10-01 22:21:00.752  6370  6384 I ChimeraSrvcProxy: NullBinder for android.net.action.RECOMMEND_NETWORKS triggering remote TransactionTooLargeException due to Service without Chimera impl", "10-01 22:21:00.752  6370  6384 W .gms.persistent: Large reply transaction of 1056768 bytes, interface descriptor , code 1", "10-01 22:21:00.752  5921  6068 W IPCThreadState: Sending oneway calls to frozen process.", "10-01 22:21:00.752  5921  6068 W IPCThreadState: Sending oneway calls to frozen process.", "10-01 22:21:00.753  6745  6939 I BugleRcsEngine: Connected state: [1], networkType: [WIFI] [CONTEXT thread_id=55 ]", "10-01 22:21:00.756  6745  7182 I BugleRcsEngine: handleMessage processing message:[NOTIFY_UPTIME_IGNORE_STATE_CHANGED] with [non-null]:RcsEngineImpl reference [CONTEXT log_prefix=\"RcsEngineImpl[DUAL_REG]:[065ed819-7bba]>Handler\" thread_id=61 ]", "10-01 22:21:00.762  5921  6390 D OomAdjuster: Not killing cached processes", "10-01 22:21:00.822  5840 10089 I resolv  : res_nsend: used send_dg 63 terrno: 0", "10-01 22:21:00.823  5840 10088 I resolv  : res_nsend: used send_dg 160 terrno: 0", "10-01 22:21:00.823  5840 10086 I resolv  : res_nsend: used send_dg 256 terrno: 0", "10-01 22:21:00.823  5840 10087 I resolv  : res_nsend: used send_dg 75 terrno: 0", "10-01 22:21:00.824  6242  6242 D TrafficStats: tagSocket(95) with statsTag=0xffffffff, statsUid=-1", "10-01 22:21:00.826  6242  6242 D TrafficStats: tagSocket(95) with statsTag=0xffffffff, statsUid=-1"]}
{"check":"console-errors","result":["--------- beginning of main", "10-01 22:20:58.856  9879 10010 E chromium: [1001/222058.856508:ERROR:variations_seed_loader.cc(37)] Seed missing signature.", "10-01 22:20:58.856  9879 10010 I chromium: [1001/222058.856889:INFO:variations_seed_loader.cc(66)] Failed to open file for reading.: No such file or directory (2)", "10-01 22:20:58.998 10014 10045 W chromium: [WARNING:runtime_features.cc(694)] SharedStorage for M118+ cannot be enabled in this configuration. Use --enable-features=SharedStorageAPI,SharedStorageAPIM118 in addition.", "10-01 22:20:58.999 10014 10045 W chromium: [WARNING:runtime_features.cc(730)] AttributionReportingCrossAppWeb cannot be enabled in this configuration. Use --enable-features=ConversionMeasurement,AttributionReportingCrossAppWeb in addition.", "10-01 22:20:59.060 10014 10045 I chromium: [INFO:viewport_data.cc(133)] E2E_Used ViewportFitCover", "10-01 22:20:59.291  9879  9879 I chromium: [INFO:CONSOLE(3)] \"Injecting <script> tag. Using callback.\", source: https://mui.kernelsu.org/flutter_bootstrap.js (3)"]}
{"check":"first-frame-warm","result":{"url":"https://mui.kernelsu.org/index.html","socket":"webview_devtools_remote_9879","value":{"firstFrameMs":529,"now":15048,"flutter":true,"resizes":[],"paint":{"first-paint":1089,"first-contentful-paint":1089},"calls":[[21,"at-preload","ksu:undefined webui:undefined"],[23,"ksu-defined"],[24,"wrap-failed","exec"],[24,"wrap-failed","spawn"],[25,"wrap-failed","moduleInfo"],[25,"wrap-failed","fullScreen"],[36,"wrap-failed","enableEdgeToEdge"],[37,"wrap-failed","toast"],[39,"wrap-failed","exit"]],"resources":[["/internal/insets.css",19,40,"link",0],["/internal/colors.css",19,42,"link",0],["/flutter_webui.css",19,59,"link",0],["/flutter_webui.js",19,56,"script",0],["/flutter_bootstrap.js",19,59,"script",0],["/canvaskit/chromium/canvaskit.wasm",99,141,"fetch",0],["/canvaskit/chromium/canvaskit.js",99,141,"other",0],["/main.dart.js",100,162,"script",0],["/assets/FontManifest.json",378,390,"fetch",0],["/assets/fonts/MaterialIcons-Regular.otf",391,403,"fetch",0],["/assets/fonts/fallback/Roboto-Regular.ttf",391,406,"fetch",0],["/favicon.ico",392,403,"other",0],["/internal/colors.css",418,1077,"fetch",0],["/pkg/demo_native.js",1078,1269,"fetch",0]],"marks":[["flutter_webui:register",412],["flutter_webui:registered",413],["flutter_webui:first-frame",529]],"measures":[],"fonts":[]}}}
{"url":"https://mui.kernelsu.org/index.html","socket":"webview_devtools_remote_9879","value":"semantics on"}
{"check":"home","result":{"url":"https://mui.kernelsu.org/index.html","socket":"webview_devtools_remote_9879","value":["Squadron","Process","native","net","Say hello","Count to 5","SHA-256","Demo pages\nOne page per thing the stack promises.","Places","Strategy","Rust","Lifecycle","Shell","Plugins"]}}
{"check":"colors-css","result":{"url":"https://mui.kernelsu.org/index.html","socket":"webview_devtools_remote_9879","value":{"status":200,"type":"text/css","body":""}}}
{"check":"wasm-at-home","result":{"url":"https://mui.kernelsu.org/index.html","socket":"webview_devtools_remote_9879","value":{"wasm":[{"name":"chromium/canvaskit.wasm","start":99,"dur":42}],"marks":[{"name":"flutter_webui:register","t":412},{"name":"flutter_webui:registered","t":413},{"name":"flutter_webui:first-frame","t":529}],"measures":[],"now":18601}}}
{"check":"tap-places","result":{"url":"https://mui.kernelsu.org/index.html","socket":"webview_devtools_remote_9879","value":"tapped Places at 16,572 size 288x56 role button tappable"}}
{"check":"places","result":{"url":"https://mui.kernelsu.org/index.html","socket":"webview_devtools_remote_9879","value":["Back\nBack","One service, DemoService, opened in every place this build knows. Each place probes its own facts from inside; the page never guesses from the platform it was built for.","200k","1M","3M","Count primes in every place","Restart places","inline (the caller)\nkind: inline\nstart 420 ms, first facts() round trip 183 ms\nroot\ncheck: effective uid 0\nblock_devices\ncheck: a kernel-listed block device opens for reading\nusb.native\ncheck: /dev/bus/usb lists\nusb.web\ncheck: navigator.usb exists\nprocess.spawn\ncheck: a shell runs\nfs.persistent\ncheck: working dir writable, or storage persisted\nnet\ncheck: a non-loopback interface is up, or onLine\nnative\ncheck: null","worker (isolate or Web Worker)\nkind: web_worker\nstart 249 ms, first facts() round trip 53 ms\nroot\ncheck: effective uid 0\nblock_devices\ncheck: a kernel-listed block device opens for reading\nusb.native\ncheck: /dev/bus/usb lists\nusb.web\ncheck: navigator.usb exists\nprocess.spawn\ncheck: a shell runs\nfs.persistent\ncheck: working dir writable, or storage persisted\nnet\ncheck: a non-loopback interface is up, or onLine\nnative\ncheck: null","Places","Strategy","Rust","Lifecycle","Shell","Plugins"]}}
{"check":"places-scroll-1","result":{"url":"https://mui.kernelsu.org/index.html","socket":"webview_devtools_remote_9879","value":["Back\nBack","Count primes in every place","Restart places","inline (the caller)\nkind: inline\nstart 420 ms, first facts() round trip 183 ms\nroot\ncheck: effective uid 0\nblock_devices\ncheck: a kernel-listed block device opens for reading\nusb.native\ncheck: /dev/bus/usb lists\nusb.web\ncheck: navigator.usb exists\nprocess.spawn\ncheck: a shell runs\nfs.persistent\ncheck: working dir writable, or storage persisted\nnet\ncheck: a non-loopback interface is up, or onLine\nnative\ncheck: null","worker (isolate or Web Worker)\nkind: web_worker\nstart 249 ms, first facts() round trip 53 ms\nroot\ncheck: effective uid 0\nblock_devices\ncheck: a kernel-listed block device opens for reading\nusb.native\ncheck: /dev/bus/usb lists\nusb.web\ncheck: navigator.usb exists\nprocess.spawn\ncheck: a shell runs\nfs.persistent\ncheck: working dir writable, or storage persisted\nnet\ncheck: a non-loopback interface is up, or onLine\nnative\ncheck: null","root process (the app CLI, serve mode)\nkind: process\nstart 316 ms, first facts() round trip 0 ms\nroot\ncheck: effective uid 0\nblock_devices\ncheck: a kernel-listed block device opens for reading\nusb.native\ncheck: /dev/bus/usb lists\nusb.web\ncheck: navigator.usb exists\nprocess.spawn\ncheck: a shell runs\nfs.persistent\ncheck: working dir writable, or storage persisted\nnet\ncheck: a non-loopback interface is up, or onLine\nnative\ncheck: null","Places","Strategy","Rust","Lifecycle","Shell","Plugins"]}}
{"check":"places-scroll-2","result":{"url":"https://mui.kernelsu.org/index.html","socket":"webview_devtools_remote_9879","value":["Back\nBack","inline (the caller)\nkind: inline\nstart 420 ms, first facts() round trip 183 ms\nroot\ncheck: effective uid 0\nblock_devices\ncheck: a kernel-listed block device opens for reading\nusb.native\ncheck: /dev/bus/usb lists\nusb.web\ncheck: navigator.usb exists\nprocess.spawn\ncheck: a shell runs\nfs.persistent\ncheck: working dir writable, or storage persisted\nnet\ncheck: a non-loopback interface is up, or onLine\nnative\ncheck: null","worker (isolate or Web Worker)\nkind: web_worker\nstart 249 ms, first facts() round trip 53 ms\nroot\ncheck: effective uid 0\nblock_devices\ncheck: a kernel-listed block device opens for reading\nusb.native\ncheck: /dev/bus/usb lists\nusb.web\ncheck: navigator.usb exists\nprocess.spawn\ncheck: a shell runs\nfs.persistent\ncheck: working dir writable, or storage persisted\nnet\ncheck: a non-loopback interface is up, or onLine\nnative\ncheck: null","root process (the app CLI, serve mode)\nkind: process\nstart 316 ms, first facts() round trip 0 ms\nroot\ncheck: effective uid 0\nblock_devices\ncheck: a kernel-listed block device opens for reading\nusb.native\ncheck: /dev/bus/usb lists\nusb.web\ncheck: navigator.usb exists\nprocess.spawn\ncheck: a shell runs\nfs.persistent\ncheck: working dir writable, or storage persisted\nnet\ncheck: a non-loopback interface is up, or onLine\nnative\ncheck: null","Reference: one call and one stream per place\nsquadron_process doc/benchmark.md, a 4-vCPU VM. Not measured here; devicelab measures devices.\nCall: isolate 31 µs, Web Worker (dart2js) 120 µs, process 247 µs, process from the page 401 µs.\n64 KiB stream: isolate 3643 MiB/s, Web Worker 631 MiB/s, process link about 110 MiB/s.","Places","Strategy","Rust","Lifecycle","Shell","Plugins"]}}
{"check":"places-scroll-3","result":{"url":"https://mui.kernelsu.org/index.html","socket":"webview_devtools_remote_9879","value":["Back\nBack","worker (isolate or Web Worker)\nkind: web_worker\nstart 249 ms, first facts() round trip 53 ms\nroot\ncheck: effective uid 0\nblock_devices\ncheck: a kernel-listed block device opens for reading\nusb.native\ncheck: /dev/bus/usb lists\nusb.web\ncheck: navigator.usb exists\nprocess.spawn\ncheck: a shell runs\nfs.persistent\ncheck: working dir writable, or storage persisted\nnet\ncheck: a non-loopback interface is up, or onLine\nnative\ncheck: null","root process (the app CLI, serve mode)\nkind: process\nstart 316 ms, first facts() round trip 0 ms\nroot\ncheck: effective uid 0\nblock_devices\ncheck: a kernel-listed block device opens for reading\nusb.native\ncheck: /dev/bus/usb lists\nusb.web\ncheck: navigator.usb exists\nprocess.spawn\ncheck: a shell runs\nfs.persistent\ncheck: working dir writable, or storage persisted\nnet\ncheck: a non-loopback interface is up, or onLine\nnative\ncheck: null","Reference: one call and one stream per place\nsquadron_process doc/benchmark.md, a 4-vCPU VM. Not measured here; devicelab measures devices.\nCall: isolate 31 µs, Web Worker (dart2js) 120 µs, process 247 µs, process from the page 401 µs.\n64 KiB stream: isolate 3643 MiB/s, Web Worker 631 MiB/s, process link about 110 MiB/s.","Places","Strategy","Rust","Lifecycle","Shell","Plugins"]}}
{"check":"tap-strategy","result":{"url":"https://mui.kernelsu.org/index.html","socket":"webview_devtools_remote_9879","value":"tapped Strategy at 53,536 size 53x80 role tab tappable"}}
{"check":"strategy","result":{"url":"https://mui.kernelsu.org/index.html","socket":"webview_devtools_remote_9879","value":["Back\nBack","Objective: list the device's partitions. Strategies in preference order: on the device as root, then from a host over USB. The first one the place's facts allow runs; nothing reads kIsWeb or Platform.","Place","inline (the caller)","worker (isolate or Web Worker)","root process (the app CLI, serve mode)","Facts from inline (the caller)\nSwitch a fact off to see the fallback. You can only take facts away.\nroot\ncheck: effective uid 0\nblock_devices\ncheck: a kernel-listed block device opens for reading\nusb.native\ncheck: /dev/bus/usb lists\nusb.web\ncheck: navigator.usb exists\nprocess.spawn\ncheck: a shell runs\nfs.persistent\ncheck: working dir writable, or storage persisted\nnet\ncheck: a non-loopback interface is up, or onLine\nnative\ncheck: null","root","block_devices","usb.native","process.spawn","Places","Strategy","Rust","Lifecycle","Shell","Plugins"]}}
{"check":"tap-strategy-root","result":{"url":"https://mui.kernelsu.org/index.html","socket":"webview_devtools_remote_9879","value":"tapped root process at 24,358 size 272x48 role checkbox tappable"}}
{"check":"strategy-root","result":{"url":"https://mui.kernelsu.org/index.html","socket":"webview_devtools_remote_9879","value":["Back\nBack","Objective: list the device's partitions. Strategies in preference order: on the device as root, then from a host over USB. The first one the place's facts allow runs; nothing reads kIsWeb or Platform.","Place","inline (the caller)","worker (isolate or Web Worker)","root process (the app CLI, serve mode)","Facts from root process (the app CLI, serve mode)\nSwitch a fact off to see the fallback. You can only take facts away.\nroot\ncheck: effective uid 0\nblock_devices\ncheck: a kernel-listed block device opens for reading\nusb.native\ncheck: /dev/bus/usb lists\nusb.web\ncheck: navigator.usb exists\nprocess.spawn\ncheck: a shell runs\nfs.persistent\ncheck: working dir writable, or storage persisted\nnet\ncheck: a non-loopback interface is up, or onLine\nnative\ncheck: null","root","block_devices","usb.native","process.spawn","Places","Strategy","Rust","Lifecycle","Shell","Plugins"]}}
{"check":"strategy-root-scroll-1","result":{"url":"https://mui.kernelsu.org/index.html","socket":"webview_devtools_remote_9879","value":["Back\nBack","Objective: list the device's partitions. Strategies in preference order: on the device as root, then from a host over USB. The first one the place's facts allow runs; nothing reads kIsWeb or Platform.","Place","inline (the caller)","worker (isolate or Web Worker)","root process (the app CLI, serve mode)","Facts from root process (the app CLI, serve mode)\nSwitch a fact off to see the fallback. You can only take facts away.\nroot\ncheck: effective uid 0\nblock_devices\ncheck: a kernel-listed block device opens for reading\nusb.native\ncheck: /dev/bus/usb lists\nusb.web\ncheck: navigator.usb exists\nprocess.spawn\ncheck: a shell runs\nfs.persistent\ncheck: working dir writable, or storage persisted\nnet\ncheck: a non-loopback interface is up, or onLine\nnative\ncheck: null","root","block_devices","usb.native","process.spawn","Chosen: on device (/proc/partitions as root)\non_device chosen","on device (/proc/partitions as root)\nneeds root + block_devices: has them","Places","Strategy","Rust","Lifecycle","Shell","Plugins"]}}
{"check":"strategy-root-scroll-2","result":{"url":"https://mui.kernelsu.org/index.html","socket":"webview_devtools_remote_9879","value":["Back\nBack","Facts from root process (the app CLI, serve mode)\nSwitch a fact off to see the fallback. You can only take facts away.\nroot\ncheck: effective uid 0\nblock_devices\ncheck: a kernel-listed block device opens for reading\nusb.native\ncheck: /dev/bus/usb lists\nusb.web\ncheck: navigator.usb exists\nprocess.spawn\ncheck: a shell runs\nfs.persistent\ncheck: working dir writable, or storage persisted\nnet\ncheck: a non-loopback interface is up, or onLine\nnative\ncheck: null","usb.native","process.spawn","Chosen: on device (/proc/partitions as root)\non_device chosen","on device (/proc/partitions as root)\nneeds root + block_devices: has them","from host (fastboot getvar all)\nneeds usb.native + process.spawn: has them","Run on_device in process","Log\nEvery run: objective, strategy, place and the facts it saw.\nNothing has run yet.","Places","Strategy","Rust","Lifecycle","Shell","Plugins"]}}
{"check":"tap-rust","result":{"url":"https://mui.kernelsu.org/index.html","socket":"webview_devtools_remote_9879","value":"tapped Rust at 107,536 size 53x80 role tab tappable"}}
{"check":"rust","result":{"url":"https://mui.kernelsu.org/index.html","socket":"webview_devtools_remote_9879","value":["Back\nBack","The demo crate (rust/) counts the primes below 1000000 with the same loop as page 1's Dart. The service loads it in its own place through flutter_rust_bridge, so each place runs its own build.","Run in every place","inline (the caller)","Run here","worker (isolate or Web Worker)","Run here","root process (the app CLI, serve mode)","Run here","Places","Strategy","Rust","Lifecycle","Shell","Plugins"]}}
{"check":"tap-rust-run","result":{"url":"https://mui.kernelsu.org/index.html","socket":"webview_devtools_remote_9879","value":"tapped Run in every place at 16,196 size 288x48 role button tappable"}}
{"check":"rust-ran","result":{"url":"https://mui.kernelsu.org/index.html","socket":"webview_devtools_remote_9879","value":["Back\nBack","The demo crate (rust/) counts the primes below 1000000 with the same loop as page 1's Dart. The service loads it in its own place through flutter_rust_bridge, so each place runs its own build.","Run in every place","inline (the caller)\nBuilt for: wasm32-unknown (single-threaded)\nLoad: 134 ms (once per place, on its first Rust call; on the web that fetches and instantiates the wasm)\nRust 148 ms, Dart 1215 ms (same count: 78498)","Run here","worker (isolate or Web Worker)\nBuilt for: wasm32-unknown (single-threaded)\nLoad: 42 ms (once per place, on its first Rust call; on the web that fetches and instantiates the wasm)\nRust 190 ms, Dart 254 ms (same count: 78498)","Run here","root process (the app CLI, serve mode)\nBuilt for: x86_64-android\nLoad: 0 ms (once per place, on its first Rust call; on the web that fetches and instantiates the wasm)\nRust 136 ms, Dart 150 ms (same count: 78498)","Places","Strategy","Rust","Lifecycle","Shell","Plugins"]}}
{"check":"wasm-after-rust","result":{"url":"https://mui.kernelsu.org/index.html","socket":"webview_devtools_remote_9879","value":{"wasm":[{"name":"chromium/canvaskit.wasm","start":99,"dur":42},{"name":"pkg/demo_native_bg.wasm","start":81746,"dur":54}],"marks":[{"name":"flutter_webui:register","t":412},{"name":"flutter_webui:registered","t":413},{"name":"flutter_webui:first-frame","t":529}],"measures":[],"now":102751}}}
{"check":"tap-rust-run-2","result":{"url":"https://mui.kernelsu.org/index.html","socket":"webview_devtools_remote_9879","value":"tapped Run in every place at 16,196 size 288x48 role button tappable"}}
{"check":"rust-ran-2","result":{"url":"https://mui.kernelsu.org/index.html","socket":"webview_devtools_remote_9879","value":["Back\nBack","The demo crate (rust/) counts the primes below 1000000 with the same loop as page 1's Dart. The service loads it in its own place through flutter_rust_bridge, so each place runs its own build.","Run in every place","inline (the caller)\nBuilt for: wasm32-unknown (single-threaded)\nLoad: 0 ms (once per place, on its first Rust call; on the web that fetches and instantiates the wasm)\nRust 139 ms, Dart 1228 ms (same count: 78498)","Run here","worker (isolate or Web Worker)\nBuilt for: wasm32-unknown (single-threaded)\nLoad: 0 ms (once per place, on its first Rust call; on the web that fetches and instantiates the wasm)\nRust 143 ms, Dart 247 ms (same count: 78498)","Run here","root process (the app CLI, serve mode)\nBuilt for: x86_64-android\nLoad: 0 ms (once per place, on its first Rust call; on the web that fetches and instantiates the wasm)\nRust 142 ms, Dart 149 ms (same count: 78498)","Places","Strategy","Rust","Lifecycle","Shell","Plugins"]}}
{"check":"tap-lifecycle","result":{"url":"https://mui.kernelsu.org/index.html","socket":"webview_devtools_remote_9879","value":"tapped Lifecycle at 160,536 size 53x80 role tab tappable"}}
{"check":"tap-root-process","result":{"url":"https://mui.kernelsu.org/index.html","socket":"webview_devtools_remote_9879","value":"tapped root process at 24,390 size 272x48 role checkbox tappable"}}
{"check":"tap-start","result":{"url":"https://mui.kernelsu.org/index.html","socket":"webview_devtools_remote_9879","value":"tapped Start at 24,462 size 97x48 role button tappable"}}
{"check":"lifecycle-running","result":{"url":"https://mui.kernelsu.org/index.html","socket":"webview_devtools_remote_9879","value":["Back\nBack","Start a five-minute task, then switch away (Home, another app or tab) and come back: hidden keeps going. Close the app instead and reopen it: closed stops, and this page says where the task was when it ended.","Task\ntick every 500 ms, stamped with the place's own clock\nrunning in process: tick 17/600, longest gap 503 ms, app resumed 3","inline (the caller)","worker (isolate or Web Worker)","root process (the app CLI, serve mode)","Stop","Lifecycle\n22:23:26  started in process","Facts from root process (the app CLI, serve mode)\nroot\ncheck: effective uid 0\nblock_devices\ncheck: a kernel-listed block device opens for reading\nusb.native\ncheck: /dev/bus/usb lists\nusb.web\ncheck: navigator.usb exists\nprocess.spawn\ncheck: a shell runs\nfs.persistent\ncheck: working dir writable, or storage persisted\nnet\ncheck: a non-loopback interface is up, or onLine\nnative\ncheck: null","Places","Strategy","Rust","Lifecycle","Shell","Plugins"]}}
{"check":"lifecycle-after-home","result":{"url":"https://mui.kernelsu.org/index.html","socket":"webview_devtools_remote_9879","value":["Back\nBack","Start a five-minute task, then switch away (Home, another app or tab) and come back: hidden keeps going. Close the app instead and reopen it: closed stops, and this page says where the task was when it ended.","Task\ntick every 500 ms, stamped with the place's own clock\nrunning in process: tick 41/600, longest gap 503 ms, app resumed 7","inline (the caller)","worker (isolate or Web Worker)","root process (the app CLI, serve mode)","Stop","Lifecycle\n22:23:42  away 7.1 s: the place produced 15 ticks (on schedule: 14); longest gap 503 ms\n22:23:42  inactive -> resumed\n22:23:42  hidden -> inactive\n22:23:35  inactive -> hidden\n22:23:35  resumed -> inactive\n22:23:26  started in process","Places","Strategy","Rust","Lifecycle","Shell","Plugins"]}}
{"check":"root-process","result":"root             0 u:r:ksu:s0                     10189 dartaotruntime\nroot             0 u:r:ksu:s0                     10229 dartaotruntime"}
/home/runner/work/devicelab/devicelab/out/sockprobe: 1 file pushed, 0 skipped. 204.6 MB/s (3501149 bytes in 0.016s)
{"check":"block-devices","result":"dm-0\ndm-1\ndm-11\ndm-13\ndm-14\ndm-16\ndm-17\ndm-18\ntotal 0\ndrwxr-xr-x 2 root root u:object_r:block_device:s0                140 2026-10-01 22:14 by-name\nbrw------- 1 root root u:object_r:dm_device:s0              254,   0 2026-10-01 22:14 dm-0\nbrw------- 1 root root u:object_r:dm_device:s0              254,   1 2026-10-01 22:14 dm-1\nbrw------- 1 root root u:object_r:dm_device:s0              254,  11 2026-10-01 22:14 dm-11\nbrw------- 1 root root u:object_r:dm_device:s0              254,  13 2026-10-01 22:14 dm-13\nbrw------- 1 root root u:object_r:dm_device:s0              254,  14 2026-10-01 22:14 dm-14\nbrw------- 1 root root u:object_r:dm_device:s0              254,  16 2026-10-01 22:14 dm-16\nbrw------- 1 root root u:object_r:dm_device:s0              254,  17 2026-10-01 22:14 dm-17\nbrw------- 1 root root u:object_r:dm_device:s0              254,  18 2026-10-01 22:14 dm-18\nbrw------- 1 root root u:object_r:dm_device:s0              254,  19 2026-10-01 22:14 dm-19\nbrw------- 1 root root u:object_r:dm_device:s0              254,   2 2026-10-01 22:14 dm-2\n-- su:\n0000000  \\0\n-- ksu:\n{\"error\":\"write /proc/thread-self/attr/current: operation not permitted\",\"op\":\"setcon\"}\n-- avc:"}
{"check":"back-1","result":{"url":"https://mui.kernelsu.org/index.html","socket":"webview_devtools_remote_9879","value":["Squadron","Process","native","net","Say hello","Count to 5","SHA-256","Demo pages\nOne page per thing the stack promises.","Places","Strategy","Rust","Lifecycle","Shell","Plugins"]}}
{"check":"back-1-top","result":"topResumedActivity=ActivityRecord{d8404e2 u0 me.weishu.kernelsu/.ui.webui.WebUIActivity t22}"}
{"check":"back-2-top","result":"topResumedActivity=ActivityRecord{d64a8fe u0 com.google.android.apps.nexuslauncher/.NexusLauncherActivity t10}"}
{"check":"back-3-top","result":"topResumedActivity=ActivityRecord{d64a8fe u0 com.google.android.apps.nexuslauncher/.NexusLauncherActivity t10}"}
{"check":"monet-dark-sys-light","night":"no","color_mode":"5","opened":"opened: intent-token","result":{"url":"https://mui.kernelsu.org/index.html","socket":"webview_devtools_remote_10571","value":{"dark":false,"primary":"#277af7","background":"#242424","cssBytes":1427}}}
{"check":"monet-light-sys-dark","night":"yes","color_mode":"4","opened":"opened: intent-token","result":{"url":"https://mui.kernelsu.org/index.html","socket":"webview_devtools_remote_10838","value":{"dark":true,"primary":"#3482ff","background":"#ffffff","cssBytes":1425}}}
{"check":"monet-system-sys-dark","night":"yes","color_mode":"3","opened":"opened: intent-token","result":{"url":"https://mui.kernelsu.org/index.html","socket":"webview_devtools_remote_11081","value":{"dark":true,"primary":"#277af7","background":"#242424","cssBytes":1427}}}
{"check":"dark-sys-light","night":"no","color_mode":"2","opened":"opened: intent-token","result":{"url":"https://mui.kernelsu.org/index.html","socket":"webview_devtools_remote_11328","value":{"dark":false,"primary":null,"background":null,"cssBytes":0}}}
{"check":"system-sys-dark","night":"yes","color_mode":"0","opened":"opened: intent-token","result":{"url":"https://mui.kernelsu.org/index.html","socket":"webview_devtools_remote_11581","value":{"dark":true,"primary":null,"background":null,"cssBytes":0}}}
{"check":"app","result":"ls: /product/app/WebuiApi_demo/: No such file or directory"}
{"check":"mounts","result":"ls: /data/adb/metamodule: No such file or directory\ntmpfs /product/app tmpfs rw,seclabel,relatime,mode=755 0 0\nCalendarGooglePrebuilt Camera2 Chrome Chrome-Stub Drive GoogleContacts GoogleTTS LatinIMEGooglePrebuilt LicenseChecker Maps MarkupGoogle_v2 ModuleMetadataGoogle NexusWallpapersStubPrebuilt2018 Photos PixelThemesStub PrebuiltDeskClockGoogle PrebuiltGmail PrebuiltGoogleAdservicesTvp PrebuiltGoogleTelemetryTvp SoundPickerPrebuilt TrichromeLibrary TrichromeLibrary-Stub WebViewGoogle WebViewGoogle-Stub WebuiTermuxApi YouTube YouTubeMusicPrebuilt talkback"}
{"check":"app-label","result":"No activities found"}
{"check":"module-config","result":"manage module configuration\n\nUsage: ksud module config [OPTIONS] <COMMAND>\n\nCommands:\n  get     Get a config value\n  set     Set a config value\n  list    List all config entries\n  delete  Delete a config entry\n  clear   Clear all config entries\n  help    Print this message or the help of the given subcommand(s)\n\n-- files:\ntotal 32\ndrwxr-xr-x 2 root root 4096 2026-10-01 22:21 .\ndrwxr-xr-x 3 root root 4096 2026-10-01 22:15 ..\n-rw-r--r-- 1 root root   36 2026-10-01 22:15 persist.config\n-rw------- 1 root root  284 2026-10-01 22:21 tmp.config\n== /data/adb/ksu/module_configs/demo/persist.config\nMUSK\u0001\u0000\u0000\u0000\u0001\u0000\u0000\u0000\u000f\u0000\u0000\u0000webui.installed\u0001\u0000\u0000\u00001\n== /data/adb/ksu/module_configs/demo/tmp.config\nMUSK\u0001\u0000\u0000\u0000\u0002\u0000\u0000\u0000\n\u0000\u0000\u0000webui.boot$\u0000\u0000\u000018afc75d-421b-4d92-b4f9-4a4cd2c506f2\u0000\u0000\u0000webui.session\udcc5\u0000\u0000\u0000{\"protocol\":1,\"version\":\"0.2.0\",\"port\":46065,\"token\":\"n0q3o1OqLIXPADWhiVGKY9QsN19RSZ1Lq0PSHlkWIWw\",\"pid\":10189,\"boot\":\"18afc75d-421b-4d92-b4f9-4a4cd2c506f2\",\"started\":\"2026-10-01T22:21:35.381559Z\"}\n-- ksud get:\n1\nwebui.installed=1\nwebui.boot=18afc75d-421b-4d92-b4f9-4a4cd2c506f2\nwebui.session={\"protocol\":1,\"version\":\"0.2.0\",\"port\":46065,\"token\":\"n0q3o1OqLIXPADWhiVGKY9QsN19RSZ1Lq0PSHlkWIWw\",\"pid\":10189,\"boot\":\"18afc75d-421b-4d92-b4f9-4a4cd2c506f2\",\"started\":\"2026-10-01T22:21:35.381559Z\"}"}
{"check":"module-dirs","result":"/data/adb/demo:\ntotal 24\ndrwx------ 3 root root 4096 2026-10-01 22:21 .\ndrwx------ 6 root root 4096 2026-10-01 22:21 ..\ndrwx------ 2 root root 4096 2026-10-01 22:21 tmp\n\n/data/adb/demo/tmp:\ntotal 16\ndrwx------ 2 root root 4096 2026-10-01 22:21 .\ndrwx------ 3 root root 4096 2026-10-01 22:21 .."}
{"check":"open","result":"opened: intent-token"}
{"check":"tap-places","result":{"url":"https://mui.kernelsu.org/index.html","socket":"webview_devtools_remote_11879","value":"tapped Places at 16,572 size 288x56 role button tappable"}}
{"check":"tap-plugins","result":{"url":"https://mui.kernelsu.org/index.html","socket":"webview_devtools_remote_11879","value":"tapped Plugins at 267,536 size 53x80 role tab tappable"}}
{"check":"plugins","result":The app calls share_plus and permission_handler as on any platform. Running in a WebUI host, so their *_webui packages answer.
share_plus
On WebUI: share_plus_webui: Android's share sheet, opened by the module's own app
Share text
permission_handler
On WebUI: permission_handler_webui: Android's own permission dialog, for the module's own app
Camera: denied}
{"check":"tap-share","result":{"url":"https://mui.kernelsu.org/index.html","socket":"webview_devtools_remote_11879","value":"tapped Share text at 24,258 size 112x48 role button tappable"}}
{"check":"share-top","result":"com.google.android.gm/.welcome.WelcomeTourActivity"}
{"check":"app-process","result":""}
{"check":"share-log","result":"10-01 22:27:35.074 11879 11879 I chromium: [INFO:CONSOLE(28293)] \"2026-10-01T22:27:35.071 INFO ui.plugins: share: unavailable\", source: https://mui.kernelsu.org/main.dart.js (28293)\n10-01 22:27:35.934  5921  6111 D ShortcutService: Package com.google.android.gm has 1 manifest shortcut(s), and 1 share target(s)\n10-01 22:27:36.219  5921  6111 D ShortcutService: Package com.google.android.gm has 1 manifest shortcut(s), and 1 share target(s)\n10-01 22:27:37.245  5921  6111 D ShortcutService: Package com.google.android.gm has 1 manifest shortcut(s), and 1 share target(s)\n10-01 22:27:38.240  7036  7036 W binder:7036_6: type=1400 audit(0.0:612): avc:  denied  { read } for  name=\"u:object_r:system_adbd_prop:s0\" dev=\"tmpfs\" ino=318 scontext=u:r:gmscore_app:s0:c512,c768 tcontext=u:object_r:system_adbd_prop:s0 tclass=file permissive=0 app=com.google.android.gms\n10-01 22:27:38.240  7036  7036 W binder:7036_6: type=1400 audit(0.0:613): avc:  denied  { read } for  name=\"u:object_r:adbd_prop:s0\" dev=\"tmpfs\" ino=63 scontext=u:r:gmscore_app:s0:c512,c768 tcontext=u:object_r:adbd_prop:s0 tclass=file permissive=0 app=com.google.android.gms\n10-01 22:27:43.302 12442 12442 W app_process: ClassLoaderContext shared library size mismatch. Expected=2, found=0 (PCL[]{PCL[/system/framework/android.test.base.jar*724373495]#PCL[/system/framework/android.test.mock.jar*1452759902]} | PCL[])"}
{"check":"share-result","result":share_plus
On WebUI: share_plus_webui: Android's share sheet, opened by the module's own app
Share result: unavailable}
Failure [package not found]
Error: package not found
{"check":"cam-deny-1-tap","result":{"url":"https://mui.kernelsu.org/index.html","socket":"webview_devtools_remote_11879","value":"tapped Request camera at 24,470 size 150x48 role button tappable"}}
{"check":"cam-deny-1-top","result":"me.weishu.kernelsu/.ui.webui.WebUIActivity"}
{"check":"cam-deny-1-dialog","result":"Back Back\nShare text\nRequest camera\nPlaces\nStrategy\nRust\nLifecycle\nShell\nPlugins"}
{"check":"cam-deny-1-press","result":"ui: no node with 'Don'"}
{"check":"cam-deny-1-status","result":permission_handler
On WebUI: permission_handler_webui: Android's own permission dialog, for the module's own app
Camera: permanentlyDenied}
{"check":"cam-deny-1-perm","result":""}
{"check":"cam-deny-2-tap","result":{"url":"https://mui.kernelsu.org/index.html","socket":"webview_devtools_remote_11879","value":"tapped Request camera at 24,470 size 150x48 role button tappable"}}
{"check":"cam-deny-2-top","result":"me.weishu.kernelsu/.ui.webui.WebUIActivity"}
{"check":"cam-deny-2-dialog","result":"Back Back\nShare text\nRequest camera\nPlaces\nStrategy\nRust\nLifecycle\nShell\nPlugins"}
{"check":"cam-deny-2-press","result":"ui: no node with 'Don'"}
{"check":"cam-deny-2-status","result":permission_handler
On WebUI: permission_handler_webui: Android's own permission dialog, for the module's own app
Camera: permanentlyDenied}
{"check":"cam-deny-2-perm","result":""}
{"check":"cam-after-deny-tap","result":{"url":"https://mui.kernelsu.org/index.html","socket":"webview_devtools_remote_11879","value":"tapped Request camera at 24,470 size 150x48 role button tappable"}}
{"check":"cam-after-deny-top","result":"me.weishu.kernelsu/.ui.webui.WebUIActivity"}
{"check":"cam-after-deny-dialog","result":"Back Back\nShare text\nRequest camera\nPlaces\nStrategy\nRust\nLifecycle\nShell\nPlugins"}
{"check":"cam-after-deny-status","result":permission_handler
On WebUI: permission_handler_webui: Android's own permission dialog, for the module's own app
Camera: permanentlyDenied}
{"check":"cam-after-deny-perm","result":""}
Failure [package not found]
Error: package not found
{"check":"cam-grant-tap","result":{"error":"no page target","sockets":["webview_devtools_remote_11879"],"targets":[]}}
{"check":"cam-grant-top","result":"com.google.android.apps.nexuslauncher/.NexusLauncherActivity"}
{"check":"cam-grant-dialog","result":"Thu, Oct 1 | Thu, Oct 1\nThu, Oct 1 | Thu, Oct 1\nPhone | Phone\nMessages | Messages\nKernelSU | Predicted app: KernelSU\nChrome | Chrome\nCamera | Camera\nGoogle search | Google app | Voice search | Google Lens\nGoogle app\nVoice search\nGoogle Lens"}
{"check":"cam-grant-press","result":"ui: no node with 'While using the app'"}
{"check":"cam-grant-status","result":null}
{"check":"cam-grant-perm","result":""}
{"check":"app-settings","result":"Thu, Oct 1 | Thu, Oct 1\nThu, Oct 1 | Thu, Oct 1\nPhone | Phone\nMessages | Messages\nKernelSU | Predicted app: KernelSU\nChrome | Chrome\nCamera | Camera\nGoogle search | Google app | Voice search | Google Lens\nGoogle app\nVoice search\nGoogle Lens"}
{"check":"uninstall","result":""}
{"check":"after-uninstall","result":"ls: /data/adb/modules/demo: No such file or directory\nls: /data/adb/demo: No such file or directory\nls: /data/adb/ksu/module_configs/demo: No such file or directory\nls: /product/app/WebuiApi_demo: No such file or directory\ncmd: Can't find service: package\ncmd: Can't find service: package"}
{"check":"mount","result":"mount: mounting overlay on /product/app failed: Invalid argument\noverlay failed: 255\nmagic mount ok\nmount: mounting overlay on /product/app failed: Invalid argument\noverlay failed: 255\nmagic mount ok\ntotal 3736\ndrwxr-xr-x 2 root root u:object_r:system_file:s0     4096 2026-10-01 22:15 .\ndrwxr-xr-x 4 root root u:object_r:system_file:s0       80 2026-10-01 22:29 ..\n-rw-r--r-- 1 root root u:object_r:system_file:s0  3809993 2026-10-01 22:15 WebuiTermuxApi.apk\n*\nWebuiTermuxApi\n/dev/block/dm-3 /product ext4 ro,seclabel,relatime 0 0\ntmpfs /dev/app_plane_app tmpfs rw,seclabel,relatime,mode=755 0 0\ntmpfs /product/app tmpfs rw,seclabel,relatime,mode=755 0 0\n/dev/block/dm-3 /product/app/CalendarGooglePrebuilt ext4 ro,seclabel,relatime 0 0\n/dev/block/dm-3 /product/app/Camera2 ext4 ro,seclabel,relatime 0 0\n/dev/block/dm-3 /product/app/Chrome ext4 ro,seclabel,relatime 0 0\n/dev/block/dm-3 /product/app/Chrome-Stub ext4 ro,seclabel,relatime 0 0\n/dev/block/dm-3 /product/app/Drive ext4 ro,seclabel,relatime 0 0\n32"}
{"check":"package","result":"package:/product/app/WebuiTermuxApi/WebuiTermuxApi.apk\n    flags=0x0\n    flags=0x0\n    codePath=/product/app/WebuiTermuxApi\n    versionName=0.53.0-webui.1\n    flags=[ SYSTEM HAS_CODE ALLOW_CLEAR_USER_DATA ALLOW_BACKUP ]\n    privateFlags=[ PRIVATE_FLAG_ACTIVITIES_RESIZE_MODE_RESIZEABLE_VIA_SDK_VERSION PRIVATE_FLAG_REQUEST_LEGACY_EXTERNAL_STORAGE PRODUCT PRIVATE_FLAG_ALLOW_NATIVE_HEAP_POINTER_TAGGING ]\n        android.permission.READ_SMS: granted=false, flags=[ USER_SENSITIVE_WHEN_GRANTED|USER_SENSITIVE_WHEN_DENIED|RESTRICTION_UPGRADE_EXEMPT]\n        android.permission.POST_NOTIFICATIONS: granted=false, flags=[ USER_SENSITIVE_WHEN_GRANTED|USER_SENSITIVE_WHEN_DENIED]"}
/home/runner/work/devicelab/devicelab/out/sockprobe: 1 file pushed, 0 skipped. 151.1 MB/s (3501149 bytes in 0.022s)
cmd: Can't find service: activity
cmd: Can't find service: activity
{"check":"broadcast","result":"cmd: Can't find service: activity\ncmd: Can't find service: activity"}
{"check":"app-process","result":""}
{"check":"listener-module","result":"{\"context\":\"u:r:su:s0\",\"event\":\"start\",\"names\":[\"wx_ksu_out\",\"wx_ksu_in\"],\"uid\":0}\n{\"event\":\"exit\"}\nunix @wx_ksu_out: bind: address already in use\",\"event\":\"listen-error\",\"name\":\"wx_ksu_out\"}\n{\"error\":\"listen unix @wx_ksu_in: bind: address already in use\",\"event\":\"listen-error\",\"name\":\"wx_ksu_in\"}"}
{"check":"listener-su","result":"{\"context\":\"u:r:su:s0\",\"event\":\"start\",\"names\":[\"wx_su_out\",\"wx_su_in\"],\"uid\":0}"}
{"check":"avc","result":"10-01 22:37:25.812  7430  7430 W PackageSettings: Missing permission state for package com.webui.termux.api on user 0\n10-01 22:37:26.373   494 13633 D installd: Found quota mount /dev/block/dm-46 at /dev/app_plane_app/WebuiTermuxApi\n10-01 22:37:26.373   494 13633 D installd: Found quota mount /dev/block/dm-46 at /product/app/WebuiTermuxApi\n10-01 22:37:26.373   494 13633 D installd: Found quota mount /dev/block/dm-46 at /dev/app_plane_app/WebuiTermuxApi\n10-01 22:37:26.373   494 13633 D installd: Found quota mount /dev/block/dm-46 at /product/app/WebuiTermuxApi\n10-01 22:37:26.373   494 13633 D installd: Found quota mount /dev/block/dm-46 at /product/app/WebuiTermuxApi\n10-01 22:37:26.373   494 13633 D installd: Found quota mount /dev/block/dm-46 at /dev/app_plane_app/WebuiTermuxApi\n10-01 22:37:26.548   494 13633 D installd: Found quota mount /dev/block/dm-46 at /dev/app_plane_app/WebuiTermuxApi\n10-01 22:37:26.548   494 13633 D installd: Found quota mount /dev/block/dm-46 at /product/app/WebuiTermuxApi\n10-01 22:37:26.548   494 13633 D installd: Found quota mount /dev/block/dm-46 at /dev/app_plane_app/WebuiTermuxApi\n10-01 22:37:26.548   494 13633 D installd: Found quota mount /dev/block/dm-46 at /product/app/WebuiTermuxApi\n10-01 22:37:26.548   494 13633 D installd: Found quota mount /dev/block/dm-46 at /product/app/WebuiTermuxApi\n10-01 22:37:26.548   494 13633 D installd: Found quota mount /dev/block/dm-46 at /dev/app_plane_app/WebuiTermuxApi\n10-01 22:37:26.552   494 13633 D installd: Found quota mount /dev/block/dm-46 at /dev/app_plane_app/WebuiTermuxApi\n10-01 22:37:26.552   494 13633 D installd: Found quota mount /dev/block/dm-46 at /product/app/WebuiTermuxApi\n10-01 22:37:26.552   494 13633 D installd: Found quota mount /dev/block/dm-46 at /dev/app_plane_app/WebuiTermuxApi\n10-01 22:37:26.552   494 13633 D installd: Found quota mount /dev/block/dm-46 at /product/app/WebuiTermuxApi\n10-01 22:37:26.552   494 13633 D installd: Found quota mount /dev/block/dm-46 at /product/app/WebuiTermuxApi\n10-01 22:37:26.552   494 13633 D installd: Found quota mount /dev/block/dm-46 at /dev/app_plane_app/WebuiTermuxApi\n10-01 22:37:26.554   494   517 D installd: Found quota mount /dev/block/dm-46 at /dev/app_plane_app/WebuiTermuxApi\n10-01 22:37:26.554   494   517 D installd: Found quota mount /dev/block/dm-46 at /product/app/WebuiTermuxApi\n10-01 22:37:26.554   494   517 D installd: Found quota mount /dev/block/dm-46 at /dev/app_plane_app/WebuiTermuxApi\n10-01 22:37:26.554   494   517 D installd: Found quota mount /dev/block/dm-46 at /product/app/WebuiTermuxApi\n10-01 22:37:26.554   494   517 D installd: Found quota mount /dev/block/dm-46 at /product/app/WebuiTermuxApi\n10-01 22:37:26.554   494   517 D installd: Found quota mount /dev/block/dm-46 at /dev/app_plane_app/WebuiTermuxApi"}
SELinux: Loaded file context from:
		/system/etc/selinux/plat_file_contexts
		/system_ext/etc/selinux/system_ext_file_contexts
		/vendor/etc/selinux/vendor_file_contexts
{"check":"restorecon","result":"u:object_r:app_data_file:s0:c210,c256,c512,c768 /data/data/com.webui.termux.api\nu:object_r:app_data_file:s0                     /data/data/com.webui.termux.api/files/devicelab/probe.txt"}
{"check":"app-read","result":"u:object_r:app_data_file:s0:c210,c256,c512,c768 chcon.txt\nu:object_r:app_data_file:s0                     probe.txt\n{\"error\":\"write /proc/thread-self/attr/current: operation not permitted\",\"op\":\"setcon\"}"}
Can't find service: activity
{"check":"share-text","result":"{\"context\":\"u:r:su:s0\",\"event\":\"start\",\"names\":[\"sh_text_out\",\"sh_text_in\"],\"uid\":0}\n10-01 22:37:41.530   494   517 D installd: Found quota mount /dev/block/dm-46 at /dev/app_plane_app/WebuiTermuxApi\n10-01 22:37:41.530   494   517 D installd: Found quota mount /dev/block/dm-46 at /product/app/WebuiTermuxApi\n10-01 22:37:41.530   494   517 D installd: Found quota mount /dev/block/dm-46 at /product/app/WebuiTermuxApi\n10-01 22:37:41.530   494   517 D installd: Found quota mount /dev/block/dm-46 at /dev/app_plane_app/WebuiTermuxApi\n10-01 22:37:41.531   494   517 D installd: Found quota mount /dev/block/dm-46 at /dev/app_plane_app/WebuiTermuxApi\n10-01 22:37:41.531   494   517 D installd: Found quota mount /dev/block/dm-46 at /product/app/WebuiTermuxApi\n10-01 22:37:41.531   494   517 D installd: Found quota mount /dev/block/dm-46 at /dev/app_plane_app/WebuiTermuxApi\n10-01 22:37:41.531   494   517 D installd: Found quota mount /dev/block/dm-46 at /product/app/WebuiTermuxApi\n10-01 22:37:41.531   494   517 D installd: Found quota mount /dev/block/dm-46 at /product/app/WebuiTermuxApi\n10-01 22:37:41.531   494   517 D installd: Found quota mount /dev/block/dm-46 at /dev/app_plane_app/WebuiTermuxApi\n10-01 22:37:41.575  8356  8356 D nativeloader: Load libservice-connectivity.so using ns clns-shared-13 from class loader (caller=/apex/com.android.tethering/javalib/service-connectivity.jar): ok\n10-01 22:37:41.687  8312  8316 D AudioFlinger: isLowRamDevice:false totalMemory:6217904128 mClientSharedHeapSize:33554432"}
cmd: Can't find service: input
Can't find service: activity
{"check":"share-file","result":"{\"context\":\"u:r:su:s0\",\"event\":\"start\",\"names\":[\"sh_file_out\",\"sh_file_in\"],\"uid\":0}\n10-01 22:38:01.076  9542  9542 V AconfigFlags: Read Aconfig default flag value com.android.systemui.shared.enable_home_delay = false\n10-01 22:38:01.076  9542  9542 V AconfigFlags: Read Aconfig default flag value com.android.systemui.shared.example_shared_flag = false\n10-01 22:38:01.076  9542  9542 V AconfigFlags: Read Aconfig default flag value com.android.systemui.shared.return_animation_framework_library = false\n10-01 22:38:01.076  9542  9542 V AconfigFlags: Read Aconfig default flag value com.android.systemui.shared.shade_allow_back_gesture = false\n10-01 22:38:01.076  9542  9542 V AconfigFlags: Read Aconfig default flag value com.android.systemui.shared.sidefps_controller_refactor = true\n10-01 22:38:01.127  9542  9542 V AconfigFlags: Read Aconfig default flag value android.content.pm.restrict_nonpreloads_system_shareduids = true\n10-01 22:38:01.140  9542  9542 V AconfigFlags: Read Aconfig default flag value android.service.chooser.chooser_album_text = true\n10-01 22:38:01.140  9542  9542 V AconfigFlags: Read Aconfig default flag value android.service.chooser.chooser_payload_toggling = true\n10-01 22:38:01.140  9542  9542 V AconfigFlags: Read Aconfig default flag value android.service.chooser.enable_chooser_result = true\n10-01 22:38:01.140  9542  9542 V AconfigFlags: Read Aconfig default flag value android.service.chooser.enable_sharesheet_metadata_extra = true\n10-01 22:38:01.140  9542  9542 V AconfigFlags: Read Aconfig default flag value android.service.chooser.fix_resolver_memory_leak = true\n10-01 22:38:01.140  9542  9542 V AconfigFlags: Read Aconfig default flag value android.view.accessibility.allow_shortcut_chooser_on_lockscreen = false"}
cmd: Can't find service: input
cmd: Can't find service: appops
{"check":"share-text-saw","result":"{\"context\":\"u:r:su:s0\",\"event\":\"start\",\"names\":[\"sh_text-saw_out\",\"sh_text-saw_in\"],\"uid\":0}\n10-01 22:38:16.548   494  6036 D installd: Found quota mount /dev/block/dm-46 at /dev/app_plane_app/WebuiTermuxApi\n10-01 22:38:16.548   494  6036 D installd: Found quota mount /dev/block/dm-46 at /product/app/WebuiTermuxApi\n10-01 22:38:16.548   494  6036 D installd: Found quota mount /dev/block/dm-46 at /product/app/WebuiTermuxApi\n10-01 22:38:16.548   494  6036 D installd: Found quota mount /dev/block/dm-46 at /dev/app_plane_app/WebuiTermuxApi\n10-01 22:38:16.549   494 13633 D installd: Found quota mount /dev/block/dm-46 at /dev/app_plane_app/WebuiTermuxApi\n10-01 22:38:16.549   494 13633 D installd: Found quota mount /dev/block/dm-46 at /product/app/WebuiTermuxApi\n10-01 22:38:16.549   494 13633 D installd: Found quota mount /dev/block/dm-46 at /dev/app_plane_app/WebuiTermuxApi\n10-01 22:38:16.549   494 13633 D installd: Found quota mount /dev/block/dm-46 at /product/app/WebuiTermuxApi\n10-01 22:38:16.549   494 13633 D installd: Found quota mount /dev/block/dm-46 at /product/app/WebuiTermuxApi\n10-01 22:38:16.549   494 13633 D installd: Found quota mount /dev/block/dm-46 at /dev/app_plane_app/WebuiTermuxApi\n10-01 22:38:16.589 10430 10430 D nativeloader: Load libservice-connectivity.so using ns clns-shared-13 from class loader (caller=/apex/com.android.tethering/javalib/service-connectivity.jar): ok\n10-01 22:38:16.726 10389 10501 D AudioFlinger: isLowRamDevice:false totalMemory:6217904128 mClientSharedHeapSize:33554432"}
cmd: Can't find service: input
Can't find service: activity
{"check":"share-file-saw","result":"{\"context\":\"u:r:su:s0\",\"event\":\"start\",\"names\":[\"sh_file-saw_out\",\"sh_file-saw_in\"],\"uid\":0}\n10-01 22:38:31.573   494  6036 D installd: Found quota mount /dev/block/dm-46 at /dev/app_plane_app/WebuiTermuxApi\n10-01 22:38:31.573   494  6036 D installd: Found quota mount /dev/block/dm-46 at /product/app/WebuiTermuxApi\n10-01 22:38:31.573   494  6036 D installd: Found quota mount /dev/block/dm-46 at /product/app/WebuiTermuxApi\n10-01 22:38:31.573   494  6036 D installd: Found quota mount /dev/block/dm-46 at /dev/app_plane_app/WebuiTermuxApi\n10-01 22:38:31.575   494  6036 D installd: Found quota mount /dev/block/dm-46 at /dev/app_plane_app/WebuiTermuxApi\n10-01 22:38:31.575   494  6036 D installd: Found quota mount /dev/block/dm-46 at /product/app/WebuiTermuxApi\n10-01 22:38:31.575   494  6036 D installd: Found quota mount /dev/block/dm-46 at /dev/app_plane_app/WebuiTermuxApi\n10-01 22:38:31.575   494  6036 D installd: Found quota mount /dev/block/dm-46 at /product/app/WebuiTermuxApi\n10-01 22:38:31.575   494  6036 D installd: Found quota mount /dev/block/dm-46 at /product/app/WebuiTermuxApi\n10-01 22:38:31.575   494  6036 D installd: Found quota mount /dev/block/dm-46 at /dev/app_plane_app/WebuiTermuxApi\n10-01 22:38:31.617 11323 11323 D nativeloader: Load libservice-connectivity.so using ns clns-shared-13 from class loader (caller=/apex/com.android.tethering/javalib/service-connectivity.jar): ok\n10-01 22:38:31.733 11281 11281 D AudioFlinger: isLowRamDevice:false totalMemory:6217904128 mClientSharedHeapSize:33554432"}
cmd: Can't find service: input
app uid: 10210
/system/bin/sh: can't create /storage/emulated/0/Download/dl-scan-fuse.txt: Transport endpoint is not connected
SELinux: Loaded file context from:
		/system/etc/selinux/plat_file_contexts
		/system_ext/etc/selinux/system_ext_file_contexts
		/vendor/etc/selinux/vendor_file_contexts
Error while accessing provider:media
java.lang.NullPointerException: Attempt to invoke interface method 'android.app.ContentProviderHolder android.app.IActivityManager.getContentProviderExternal(java.lang.String, int, android.os.IBinder, java.lang.String)' on a null object reference
	at com.android.commands.content.Content$Command.execute(Content.java:516)
	at com.android.commands.content.Content.main(Content.java:735)
	at com.android.internal.os.RuntimeInit.nativeFinishInit(Native Method)
	at com.android.internal.os.RuntimeInit.main(RuntimeInit.java:369)
{"check":"media-before","result":"-rw-rw---- 1 10194 1023 u:object_r:media_rw_data_file:s0  4 2026-10-01 22:38 dl-scan-app.txt\n-rw-rw---- 1 10194 1023 u:object_r:media_rw_data_file:s0  6 2026-10-01 22:38 dl-scan-bcast.txt\n-rw-rw---- 1 10194 1023 u:object_r:media_rw_data_file:s0  5 2026-10-01 22:38 dl-scan-none.txt\n-- mediastore:"}
Error while accessing provider:media
java.lang.NullPointerException: Attempt to invoke interface method 'android.app.ContentProviderHolder android.app.IActivityManager.getContentProviderExternal(java.lang.String, int, android.os.IBinder, java.lang.String)' on a null object reference
	at com.android.commands.content.Content$Command.execute(Content.java:516)
	at com.android.commands.content.Content.main(Content.java:735)
	at com.android.internal.os.RuntimeInit.nativeFinishInit(Native Method)
	at com.android.internal.os.RuntimeInit.main(RuntimeInit.java:369)
{"check":"media-scan-app","result":"{\"context\":\"u:r:su:s0\",\"event\":\"start\",\"names\":[\"ms_out\",\"ms_in\"],\"uid\":0}\n10-01 22:38:46.701   494   517 D installd: Found quota mount /dev/block/dm-46 at /dev/app_plane_app/WebuiTermuxApi\n10-01 22:38:46.701   494   517 D installd: Found quota mount /dev/block/dm-46 at /product/app/WebuiTermuxApi\n10-01 22:38:46.701   494   517 D installd: Found quota mount /dev/block/dm-46 at /product/app/WebuiTermuxApi\n10-01 22:38:46.701   494   517 D installd: Found quota mount /dev/block/dm-46 at /dev/app_plane_app/WebuiTermuxApi\n10-01 22:38:46.702   494   517 D installd: Found quota mount /dev/block/dm-46 at /dev/app_plane_app/WebuiTermuxApi\n10-01 22:38:46.703   494   517 D installd: Found quota mount /dev/block/dm-46 at /product/app/WebuiTermuxApi\n10-01 22:38:46.703   494   517 D installd: Found quota mount /dev/block/dm-46 at /dev/app_plane_app/WebuiTermuxApi\n10-01 22:38:46.703   494   517 D installd: Found quota mount /dev/block/dm-46 at /product/app/WebuiTermuxApi\n10-01 22:38:46.703   494   517 D installd: Found quota mount /dev/block/dm-46 at /product/app/WebuiTermuxApi\n10-01 22:38:46.703   494   517 D installd: Found quota mount /dev/block/dm-46 at /dev/app_plane_app/WebuiTermuxApi\n-- mediastore:"}
Error while accessing provider:media
java.lang.NullPointerException: Attempt to invoke interface method 'android.app.ContentProviderHolder android.app.IActivityManager.getContentProviderExternal(java.lang.String, int, android.os.IBinder, java.lang.String)' on a null object reference
	at com.android.commands.content.Content$Command.execute(Content.java:516)
	at com.android.commands.content.Content.main(Content.java:735)
	at com.android.internal.os.RuntimeInit.nativeFinishInit(Native Method)
	at com.android.internal.os.RuntimeInit.main(RuntimeInit.java:369)
{"check":"media-scan-bcast","result":"cmd: Can't find service: activity\n10-01 22:38:55.807     0     0 I apexd   : Found pre-installed APEX /system/apex/com.google.android.mediaprovider.apex\n10-01 22:38:55.898     0     0 I apexd   : Found \"/apex/com.android.mediaprovider@350820300\" backed by file /data/apex/decompressed/com.android.mediaprovider@350820300.decompressed.apex\n10-01 22:38:55.762 12843 12843 D CompatConfig: Found a config file: /apex/com.android.mediaprovider/etc/compatconfig/framework-pdf-v-platform-compat-config.xml\n10-01 22:38:55.762 12843 12843 D CompatConfig: Found a config file: /apex/com.android.mediaprovider/etc/compatconfig/media-provider-platform-compat-config.xml\n10-01 22:38:55.970 12843 12843 W PackageManager: No package known for package restrictions com.google.android.mediaprovider\n10-01 22:38:55.998 12843 12843 D PackageManager: Directories scanned as system partitions: [/system:0, /vendor:524288, /odm:4194304, /oem:262144, /product:1048576, /system_ext:2097152, /apex/com.android.conscrypt:41943040, /apex/com.android.configinfrastructure:41943040, /apex/com.android.ipsec:41943040, /apex/com.android.nfcservices:41943040, /apex/com.android.permission:41943040, /apex/com.android.media:41943040, /apex/com.android.tzdata:41943040, /apex/com.android.resolv:41943040, /apex/com.android.mediaprovider:41943040, /apex/com.android.healthfitness:41943040, /apex/com.android.art:41943040, /apex/com.google.mainline.primary.libs:41943040, /apex/com.android.apex.cts.shim:41943040, /apex/com.android.scheduling:41943040, /apex/com.android.hardware.cas:42467328, /apex/com.android.ondevicepersonalization:41943040, /apex/com.android.hardware.authsecret:42467328, /apex/com.android.compos:44040192, /apex/com.android.wifi:41943040, /apex/com.android.virt:41943040, /apex/com.android.hardware.rebootescrow:42467328, /apex/com.android.i18n:41943040, /apex/com.android.tethering:41943040, /apex/com.android.profiling:41943040, /apex/com.android.os.statsd:41943040, /apex/com.android.btservices:41943040, /apex/com.android.cellbroadcast:41943040, /apex/com.android.adservices:41943040, /apex/com.google.android.widevine:42467328, /apex/com.android.extservices:41943040, /apex/com.android.uwb:41943040, /apex/com.android.rkpd:41943040, /apex/com.android.devicelock:41943040, /apex/com.android.neuralnetworks:41943040, /apex/com.android.appsearch:41943040, /apex/com.android.hardware.neuralnetworks:42467328, /apex/com.android.runtime:41943040, /apex/com.android.media.swcodec:41943040, /apex/com.android.adbd:41943040, /apex/com.android.sdkext:41943040]\n10-01 22:38:56.135 12843 12843 I PackageManager: /data/apex/decompressed/com.android.mediaprovider@350820300.decompressed.apex changed; collecting certs\n10-01 22:38:56.257 12843 12843 I ApexManager: Registering com.google.android.providers.media.module as apk-in-apex of com.android.mediaprovider\n10-01 22:38:56.258 12843 12843 D PackageManager: No files in app dir /apex/com.android.mediaprovider/app\n10-01 22:38:56.373 12843 12910 W PackageManager: Skipping preparing app data for com.google.android.mediaprovider\n-- mediastore:"}
