yes: standard output: Broken pipe
Auto-selecting single ABI x86_64
Do you wish to create a custom hardware profile? [no] lab.avd
lab.ini
emulator Android emulator version 37.2.12.0 (build_id 16428233) (CL:N/A)
* daemon not running; starting now at tcp:5037
* daemon started successfully
booted in 22s: google/sdk_gphone64_x86_64/emu64xa:15/AE3A.240806.043/12960925:userdebug/dev-keys
kernel 6.6.50-android15-8-g8adecb593e9b-ab12525588 -> kmi android15-6.6; tiann/KernelSU v3.3.0
total 16428
drwx------  2 runner runner     4096 Oct  1 22:59 .
drwxrwxrwt 16 root   root       4096 Oct  1 22:59 ..
-rw-r--r--  1 runner runner 10777987 Oct  1 22:59 KernelSU_v3.3.0_32601-release.apk
-rw-r--r--  1 runner runner  5713312 Oct  1 22:59 ksud-x86_64-linux-android
-rw-r--r--  1 runner runner   318824 Oct  1 22:59 lkm-x86_64-android15-6.6_kernelsu.ko
== manager installed (me.weishu.kernelsu, KernelSU_v3.3.0_32601-release.apk)
/tmp/tmp.swOdQz65cB/lkm-x86_64-android15-6.6_kernelsu.ko: 1 file pushed, 0 skipped. 6.2 MB/s (318824 bytes in 0.049s)
/tmp/tmp.swOdQz65cB/ksud-x86_64-linux-android: 1 file pushed, 0 skipped. 159.5 MB/s (5713312 bytes in 0.034s)
== ksud: ksud 3.3.0 (uapi: 2)
== ksud late-load: rc=0
== ksud insmod /data/adb/kernelsu.ko: Error: load module failed: /data/adb/kernelsu.ko

Caused by:
    0: init_module failed without vermagic mismatch
    1: File exists (os error 17)
rc=1
kernelsu              159744  0 
== lsmod: kernelsu              159744  1 
KernelSU_v3.3.0_32601-release.apk
ksud-aarch64-apple-darwin
ksud-aarch64-linux-android
ksud-aarch64-unknown-linux-musl
ksud-x86_64-apple-darwin
ksud-x86_64-linux-android
ksud-x86_64-pc-windows-gnu.exe
ksud-x86_64-unknown-linux-musl
ksuinit-aarch64
ksuinit-x86_64
lkm-aarch64-android12-5.10_kernelsu.ko
lkm-aarch64-android13-5.10_kernelsu.ko
lkm-aarch64-android13-5.15_kernelsu.ko
lkm-aarch64-android14-5.15_kernelsu.ko
lkm-aarch64-android14-6.1_kernelsu.ko
lkm-aarch64-android15-6.6_kernelsu.ko
lkm-aarch64-android16-6.12_kernelsu.ko
lkm-aarch64-android17-6.18_kernelsu.ko
lkm-x86_64-android12-5.10_kernelsu.ko
lkm-x86_64-android13-5.10_kernelsu.ko
lkm-x86_64-android13-5.15_kernelsu.ko
lkm-x86_64-android14-5.15_kernelsu.ko
lkm-x86_64-android14-6.1_kernelsu.ko
lkm-x86_64-android15-6.6_kernelsu.ko
lkm-x86_64-android16-6.12_kernelsu.ko
lkm-x86_64-android17-6.18_kernelsu.ko
== no metamodule asset in tiann/KernelSU v3.3.0
/home/runner/work/devicelab/devicelab/modules/probe/./: 2 files pushed, 0 skipped. 0.0 MB/s (1474 bytes in 0.050s)
== modules: [
  {
    "mount": "false",
    "versionCode": "1",
    "name": "devicelab probe",
    "update": "false",
    "enabled": "true",
    "description": "Observation module for devicelab. Its WebUI page is driven over DevTools.",
    "version": "1",
    "remove": "false",
    "id": "devicelab_probe",
    "web": "true",
    "action": "false",
    "author": "p0g-stack"
  }
]
SELinux: Loaded file context from:
		/system/etc/selinux/plat_file_contexts
		/system_ext/etc/selinux/system_ext_file_contexts
		/vendor/etc/selinux/vendor_file_contexts
== home text: text="LKM" text="Working [Jailbreak mode]" text="Version: 32601-2" text="Manager version" text="v3.3.0 (32601-2)" text="Kernel version" text="6.6.50-android15-8-g8adecb593e9b-ab12525588" text="Device model" text="Google sdk_gphone64_x86_64" text="Fingerprint" text="google/sdk_gphone64_x86_64/emu64xa:15/AE3A.240806.043/12960925:userdebug/dev-keys" text="Enforcing" text="KernelSU" text="Home" text="Superuser" text="1" text="Module" text="Settings" 
== manager activities: me.weishu.kernelsu/.magica.BootCompletedReceiver me.weishu.kernelsu/.ui.MainActivity me.weishu.kernelsu/androidx.core.content.FileProvider me.weishu.kernelsu/androidx.profileinstaller.ProfileInstallReceiver me.weishu.kernelsu/androidx.startup.InitializationProvider 
WebUI-X-v438-release-official.apk
WebUI-X-v438-release-spoofed.apk
== downloaded MMRLApp/WebUI-X-Portable v438 WebUI-X-v438-release-official.apk
Success
== installed com.dergoogler.mmrl.wx uid=10210     versionName=v438-release
== activities: com.dergoogler.mmrl.wx/.ui.activity.CrashHandlerActivity com.dergoogler.mmrl.wx/.ui.activity.MainActivity com.dergoogler.mmrl.wx/.ui.activity.modconf.ModConfActivity com.dergoogler.mmrl.wx/.ui.activity.webui.KsuWebUIActivity com.dergoogler.mmrl.wx/.ui.activity.webui.WebUIActivity com.dergoogler.mmrl.wx/.util.NonRootService com.dergoogler.mmrl.wx/androidx.core.content.FileProvider com.dergoogler.mmrl.wx/androidx.profileinstaller.ProfileInstallReceiver com.dergoogler.mmrl.wx/androidx.startup.InitializationProvider com.dergoogler.mmrl.wx/androidx.work.impl.background.systemalarm.ConstraintProxy com.dergoogler.mmrl.wx/androidx.work.impl.background.systemalarm.ConstraintProxyUpdateReceiver com.dergoogler.mmrl.wx/androidx.work.impl.background.systemalarm.RescheduleReceiver com.dergoogler.mmrl.wx/androidx.work.impl.diagnostics.DiagnosticsReceiver 
ui: tapped 'Superuser' at 120,584
ui: no node with 'com.dergoogler.mmrl.wx'
ui: tapped 160,152
ui: tapped 'com.dergoogler.mmrl.wx' at 160,130
[12,230][308,290] Superuser
[243,236][292,284] 
[12,302][308,358] App Profile | Default
[12,26][60,74] 
[260,26][308,74] Settings
ui: tapped switch 1 ('', was checked=false)
== ksud feature list: Available Features: ================================================================================ [ENABLED (1)] su_compat (ID=0)     SU Compatibility Mode - allows authorized apps to gain root via traditional 'su' command  [ENABLED (1)] kernel_umount (ID=1)     Kernel Umount - controls whether kernel automatically unmounts modules when not needed  [DISABLED] sulog (ID=2)     SU Log - streams kernel sulog events to userspace and persists them to disk  [DISABLED] adb_root (ID=3)     ADB Root - Enable adbd root  [DISABLED] selinux_hide (ID=4)     SELinux Hide - sanitize /sys/fs/selinux access results for app UIDs  [DISABLED] webview_zygote_umount (ID=5)     WebView Zygote Umount - unmount modules from WebView zygote and its isolated children  
== su_compat: Feature: su_compat (0) Description: SU Compatibility Mode - allows authorized apps to gain root via traditional 'su' command Value: 1 Status: enabled 
== root grant: ui; su as app uid 10210: su: failed to exec /system/bin/su: No such file or directory
ui: tapped 'KernelSU' at 160,265
[40,165][280,221] Magisk
[40,309][280,389] KernelSU Next
[40,405][280,461] APatch
[40,477][280,557] SukiSU Ultra
[40,573][280,629] Non-Root
[40,644][280,692] Continue with KernelSU
ui: tapped 'Continue with KernelSU' at 160,668
[16,104][304,330] devicelab probe | 1 (1) by p0g-stack | Updated on 1 October 2026 | Observation module for devicelab. Its WebUI page is d
[32,274][90,322] 
[153,274][288,322] Add Shortcut
[220,32][268,80] 
[268,32][316,80] 
[164,796][320,876] Settings
ui: no node with 'Continue with KernelSU'
ui: no node with 'Next'
ui: no node with 'Continue'
ui: no node with 'Grant'
ui: no node with 'Allow'
ui: no node with 'Get started'
ui: no node with 'Done'
ui: no node with 'OK'
ui: no node with 'Finish'
[16,104][304,330] devicelab probe | 1 (1) by p0g-stack | Updated on 1 October 2026 | Observation module for devicelab. Its WebUI page is d
[32,274][90,322] 
[153,274][288,322] Add Shortcut
[220,32][268,80] 
[268,32][316,80] 
[164,796][320,876] Settings
ui: no node with 'Continue with KernelSU'
ui: no node with 'Next'
ui: no node with 'Continue'
ui: no node with 'Grant'
ui: no node with 'Allow'
ui: no node with 'Get started'
ui: no node with 'Done'
ui: no node with 'OK'
ui: no node with 'Finish'
[16,104][304,330] devicelab probe | 1 (1) by p0g-stack | Updated on 1 October 2026 | Observation module for devicelab. Its WebUI page is d
[32,274][90,322] 
[153,274][288,322] Add Shortcut
[220,32][268,80] 
[268,32][316,80] 
[164,796][320,876] Settings
== WebUI X platform after onboarding: preferences.pb 
== devtools sockets: 
== metamodule index http: 404== metamodule index entry: index unreadable Expecting value: line 1 column 1 (char 0)
== metamodule search: MySU-org/meta-overlayfs 3 2026-09-17T14:32:09Z;korzenroot/meta-overlayfs 0 2026-09-28T14:55:15Z;M4LiNuX/meta-readonly-overlayfs 0 2021-09-08T12:18:44Z;cpb-/meta-squashfs-overlayfs-rpi 0 2022-10-06T05:00:37Z;
release not found
release not found
== metamodule: no zip found for KernelSU-Modules-Repo/meta-overlayfs
inputs/modules/flutter_webui_counter-0.1.5.zip: 1 file pushed, 0 skipped. 465.1 MB/s (21434766 bytes in 0.044s)
== install flutter_webui_counter-0.1.5.zip
  inflating: webroot/fonts/notocoloremoji/v32/Yq6P-KqIXTD0t4D9z1ESnKM3-HpFabsE4tq3luCC7p-aXxcn.3.woff2
  inflating: webroot/fonts/notocoloremoji/v32/Yq6P-KqIXTD0t4D9z1ESnKM3-HpFabsE4tq3luCC7p-aXxcn.8.woff2
  inflating: webroot/fonts/notocoloremoji/v32/Yq6P-KqIXTD0t4D9z1ESnKM3-HpFabsE4tq3luCC7p-aXxcn.2.woff2
   creating: webroot/fonts/notosansmath/
   creating: webroot/fonts/notosansmath/v15/
  inflating: webroot/fonts/notosansmath/v15/7Aump_cpkSecTWaHRlH2hyV5UHkD-V048PW0.woff2
   creating: webroot/fonts/roboto/
   creating: webroot/fonts/roboto/v32/
  inflating: webroot/fonts/roboto/v32/KFOmCnqEu92Fr1Me4GZLCzYlKw.woff2
  inflating: webroot/.last_build_id
  inflating: webroot/config.json
  inflating: webroot/flutter_webui.js
  inflating: customize.sh
- Done
- Module installed successfully!
inputs/modules/counter-v1.0.0.zip: 1 file pushed, 0 skipped. 388.6 MB/s (6582359 bytes in 0.016s)
== install counter-v1.0.0.zip
  inflating: webroot/canvaskit/chromium/canvaskit.wasm
  inflating: webroot/config.json
  inflating: webroot/favicon.png
  inflating: webroot/flutter.js
  inflating: webroot/flutter_bootstrap.js
  inflating: webroot/icons/Icon-192.png
  inflating: webroot/icons/Icon-512.png
  inflating: webroot/icons/Icon-maskable-192.png
  inflating: webroot/icons/Icon-maskable-512.png
  inflating: webroot/index.html
  inflating: webroot/main.dart.js
  inflating: webroot/manifest.json
  inflating: webroot/version.json
- Done
- Module installed successfully!
inputs/modules/demo.zip: 1 file pushed, 0 skipped. 516.5 MB/s (28109210 bytes in 0.052s)
== install demo.zip
  inflating: webroot/main.dart.js
  inflating: webroot/manifest.json
  inflating: webroot/pkg/.gitignore
  inflating: webroot/pkg/demo_native.js
  inflating: webroot/pkg/demo_native_bg.wasm
  inflating: webroot/pkg/package.json
  inflating: webroot/version.json
  inflating: webroot/workers/demo_service.web.g.dart.js
  inflating: webroot/workers/hello_service.web.g.dart.js
  inflating: webui_app_plane/arm64-v8a/webui_termux_api.aot
  inflating: webui_app_plane/termux-api
  inflating: webui_app_plane/x86_64/webui_termux_api.aot
- Handle partition /product
- Done
- Module installed successfully!
/home/runner/work/devicelab/devicelab/envdump.zip: 1 file pushed, 0 skipped. 23.7 MB/s (1766 bytes in 0.000s)
== install envdump.zip
 devicelab envdump 
 by p0g-stack 
*******************
*********************
 Powered by KernelSU 
*********************
Archive:  /data/local/tmp/m.zip
  inflating: customize.sh
- Extracting module files
Archive:  /data/local/tmp/m.zip
  inflating: module.prop
  inflating: customize.sh
- devicelab envdump: written /data/local/tmp/customize-env.txt
- Done
- Module installed successfully!
== soft-reboot: 
== after soft-reboot (34s): [
  {
    "remove": "false",
    "action": "false",
    "versionCode": "1",
    "web": "true",
    "mount": "false",
    "id": "devicelab_probe",
    "enabled": "true",
    "version": "1",
    "name": "devicelab probe",
    "author": "p0g-stack",
    "description": "Observation module for devicelab. Its WebUI page is driven over DevTools.",
    "update": "false"
  },
  {
    "remove": "false",
    "description": "Stock Flutter counter app on flutter-webui (devicelab bring-up build).",
    "author": "p0g-stack",
    "name": "flutter-webui Counter",
    "update": "false",
    "web": "true",
    "action": "false",
    "enabled": "true",
    "mount": "false",
    "version": "0.1.5",
    "versionCode": "6",
    "id": "flutter_webui_counter"
  },
  {
    "versionCode": "1",
    "action": "false",
    "remove": "false",
    "author": "Yuv",
    "mount": "false",
    "enabled": "true",
    "version": "v1.0.0",
    "web": "true",
    "id": "counter",
    "name": "Counter",
    "update": "false",
    "description": "A new Flutter project."
  },
  {
    "id": "demo",
    "enabled": "true",
    "update": "false",
    "mount": "true",
    "name": "Demo",
    "action": "false",
    "updateJson": "https://github.com/p0g-stack/demo/releases/latest/download/update.json",
    "version": "v0.1.37",
    "versionCode": "37",
    "description": "The demo GUI. Flutter on top of the core.",
    "web": "true",
    "author": "",
    "remove": "false"
  },
  {
    "enabled": "true",
    "remove": "fals
total 56
drwxrwxrwx 7 root root 4096 2026-10-01 23:03 .
drwx------ 6 root root 4096 2026-10-01 23:03 ..
drwxr-xr-x 3 root root 4096 2026-10-01 23:03 counter
drwxr-xr-x 8 root root 4096 2026-10-01 23:03 demo
drwxr-xr-x 2 root root 4096 2026-10-01 23:03 devicelab_envdump
drwxr-xr-x 3 root root 4096 2026-10-01 22:59 devicelab_probe
drwxr-xr-x 4 root root 4096 2026-10-01 23:03 flutter_webui_counter
/home/runner/work/devicelab/devicelab/out/labserver: 1 file pushed, 0 skipped. 351.7 MB/s (7843260 bytes in 0.021s)
Starting: Intent { cmp=com.dergoogler.mmrl.wx/.ui.activity.webui.WebUIActivity (has extras) }
Status: ok
Activity: com.dergoogler.mmrl.wx/.ui.activity.webui.WebUIActivity
https://mui.kernelsu.org/index.html
opened: intent
{"check":"targets","result":[{"socket": "webview_devtools_remote_9738", "type": "page", "url": "https://mui.kernelsu.org/index.html", "title": "devicelab probe"}]}
{"check":"globals","result":{"url":"https://mui.kernelsu.org/index.html","socket":"webview_devtools_remote_9738","value":{"ua":"WebUI X/438 (Linux; Android 15; sdk_gphone64_x86_64; KernelSU/32601)","origin":"https://mui.kernelsu.org","href":"https://mui.kernelsu.org/index.html","globals":["$DeFile","$DeFileInputStream","$DeFileOutputStream","$devicelab_probe","$intent","$packageManager","$userManager","ksu","webui"],"ksu":["exec","execBool","fullScreen","mmrl","moduleInfo","spawn","toast","exec","execBool","fullScreen","mmrl","moduleInfo","spawn","toast"]}}}
{"check":"ksu-exec","result":{"url":"https://mui.kernelsu.org/index.html","socket":"webview_devtools_remote_9738","value":{"code":0,"out":"uid=0(root) gid=0(root) groups=0(root) context=u:r:ksu:s0\nu:r:ksu:s0\u0000","err":""}}}
{"check":"ws-loopback","result":{"url":"https://mui.kernelsu.org/index.html","socket":"webview_devtools_remote_9738","value":{"got":["{\"origin\":\"https://mui.kernelsu.org\",\"peerUid\":10210,\"remote\":\"127.0.0.1:43806\",\"serverUid\":0,\"t\":1790895880842,\"uidSource\":\"/proc/net/tcp\"}","hi"],"ms":27}}}
{"check":"fetch-loopback","result":{"url":"https://mui.kernelsu.org/index.html","socket":"webview_devtools_remote_9738","value":{"origin":"https://mui.kernelsu.org","peerUid":10210,"remote":"127.0.0.1:43820","serverUid":0,"t":1790895880950,"uidSource":"/proc/net/tcp"}}}
{"check":"webview-uid","result":["webview_zygote 1053 webview_zygote", "u0_a210      10210 com.dergoogler.mmrl.wx", "root             0 com.dergoogler.mmrl.wx:root:0", "root             0 com.dergoogler.mmrl.wx:root:0", "u0_a151      10151 com.google.android.webview:webview_service", "u0_i9000     99000 com.google.android.webview:sandboxed_process0:org.chromium.content.app.SandboxedProcessService0:0", "u0_a151      10151 com.google.android.webview:webview_apk"]}
{"check":"while-home-heartbeat","result":{"url":"https://mui.kernelsu.org/index.html","socket":"webview_devtools_remote_9738","value":{"now":9829,"vis":"hidden"}}}
{"check":"lifecycle","result":{"url":"https://mui.kernelsu.org/index.html","socket":"webview_devtools_remote_9738","value":{"events":[{"type":"pageshow","t":52,"vis":"visible"},{"type":"visibilitychange","t":3728,"vis":"hidden"},{"type":"visibilitychange","t":12008,"vis":"visible"}],"gaps":[{"from":3553,"ms":8455,"vis":"visible"}],"slow":{"heldMs":3002,"sentAt":1790895884092,"resolvedAt":1790895884096,"vis":"hidden"}}}}
{"check":"dev-url","result":{"error":"no page target","sockets":["webview_devtools_remote_9738"],"targets":[{"socket":"webview_devtools_remote_9738","port":9300,"description":"{\"attached\":true,\"empty\":false,\"height\":640,\"never_attached\":false,\"screenX\":0,\"screenY\":0,\"visible\":false,\"width\":320}","devtoolsFrontendUrl":"https://chrome-devtools-frontend.appspot.com/serve_internal_file/@7741f71cbce3b7dfe3eb5890976d2596364b0733/inspector.html?ws=127.0.0.1:9300/devtools/page/9F2A48A8920B797266B44231E26AE259","id":"9F2A48A8920B797266B44231E26AE259","title":"devicelab probe","type":"page","url":"https://mui.kernelsu.org/index.html","webSocketDebuggerUrl":"ws://127.0.0.1:9300/devtools/page/9F2A48A8920B797266B44231E26AE259"}]}}
Starting: Intent { cmp=com.dergoogler.mmrl.wx/.ui.activity.webui.WebUIActivity (has extras) }
Status: ok
Activity: com.dergoogler.mmrl.wx/.ui.activity.webui.WebUIActivity
https://mui.kernelsu.org/index.html
opened: intent
{"check":"targets","result":[{"type": "page", "url": "https://mui.kernelsu.org/index.html", "title": "Flutter Demo"}]}
{"check":"page","result":{"url":"https://mui.kernelsu.org/index.html","socket":"webview_devtools_remote_10164","value":{"href":"https://mui.kernelsu.org/index.html","title":"Flutter Demo","ready":"complete","flutter":true,"glass":true,"nav":{"dcl":70,"load":372},"paint":{"first-paint":1061,"first-contentful-paint":1061},"glassAt":"present","firstFrame":null,"insets":"24px","vv":[320,640,1]}}}
{"check":"java-exceptions","result":["10-01 23:05:00.300 10164 10164 E JavaScriptInterfaceImplementation.createNewWX(...): \tat com.dergoogler.mmrl.wx.ui.activity.webui.WebUIActivity.init$lambda$4$lambda$3$lambda$2(WebUIActivity.kt:219)", "10-01 23:05:00.300 10164 10164 E JavaScriptInterfaceImplementation.createNewWX(...): \tat com.dergoogler.mmrl.wx.ui.activity.webui.WebUIActivity.$r8$lambda$_nZAC8A9f41jkM28VFfiLo2SZbA(Unknown Source:0)", "10-01 23:05:00.300 10164 10164 E JavaScriptInterfaceImplementation.createNewWX(...): \tat com.dergoogler.mmrl.wx.ui.activity.webui.WebUIActivity$$ExternalSyntheticLambda2.invoke(D8$$SyntheticClass:0)", "10-01 23:05:00.300 10164 10164 E JavaScriptInterfaceImplementation.createNewWX(...): \tat com.dergoogler.mmrl.hybridwebui.HybridWebUI.setupDependencies(HybridWebUI.kt:106)", "10-01 23:05:00.300 10164 10164 E JavaScriptInterfaceImplementation.createNewWX(...): \tat com.dergoogler.mmrl.hybridwebui.HybridWebUI.onAttachedToWindow(HybridWebUI.kt:77)", "10-01 23:05:00.300 10164 10164 E JavaScriptInterfaceImplementation.createNewWX(...): \tat android.view.View.dispatchAttachedToWindow(View.java:22860)", "10-01 23:05:00.300 10164 10164 E JavaScriptInterfaceImplementation.createNewWX(...): \tat android.view.ViewGroup.dispatchAttachedToWindow(ViewGroup.java:3492)", "10-01 23:05:00.300 10164 10164 E JavaScriptInterfaceImplementation.createNewWX(...): \tat android.view.ViewGroup.dispatchAttachedToWindow(ViewGroup.java:3499)", "10-01 23:05:00.300 10164 10164 E JavaScriptInterfaceImplementation.createNewWX(...): \tat android.view.ViewGroup.dispatchAttachedToWindow(ViewGroup.java:3499)", "10-01 23:05:00.300 10164 10164 E JavaScriptInterfaceImplementation.createNewWX(...): \tat android.view.ViewGroup.dispatchAttachedToWindow(ViewGroup.java:3499)", "10-01 23:05:00.300 10164 10164 E JavaScriptInterfaceImplementation.createNewWX(...): \tat android.view.ViewGroup.dispatchAttachedToWindow(ViewGroup.java:3499)", "10-01 23:05:00.300 10164 10164 E JavaScriptInterfaceImplementation.createNewWX(...): \tat android.view.ViewGroup.dispatchAttachedToWindow(ViewGroup.java:3499)", "--", "10-01 23:05:05.061  8120  8161 W PackageManager: android.content.res.Resources$NotFoundException: String resource ID #0x7f130786", "10-01 23:05:05.061  8120  8161 W PackageManager: \tat android.content.res.Resources.getText(Resources.java:466)", "10-01 23:05:05.061  8120  8161 W PackageManager: \tat android.app.ApplicationPackageManager.getText(ApplicationPackageManager.java:2405)", "10-01 23:05:05.061  8120  8161 W PackageManager: \tat android.appwidget.AppWidgetProviderInfo.loadDescription(AppWidgetProviderInfo.java:484)", "10-01 23:05:05.061  8120  8161 W PackageManager: \tat com.android.launcher3.model.WidgetItem.<init>(go/retraceme 31f9979659277bb965985aff1272c33e3c3c9e755b77166d20a2465454178f2c:4)", "10-01 23:05:05.061  8120  8161 W PackageManager: \tat com.android.launcher3.model.WidgetsModel.update(go/retraceme 31f9979659277bb965985aff1272c33e3c3c9e755b77166d20a2465454178f2c:72)", "10-01 23:05:05.061  8120  8161 W PackageManager: \tat com.android.launcher3.p0.execute(go/retraceme 31f9979659277bb965985aff1272c33e3c3c9e755b77166d20a2465454178f2c:16)", "10-01 23:05:05.061  8120  8161 W PackageManager: \tat com.android.launcher3.LauncherModel.a(go/retraceme 31f9979659277bb965985aff1272c33e3c3c9e755b77166d20a2465454178f2c:27)", "10-01 23:05:05.061  8120  8161 W PackageManager: \tat com.android.launcher3.t0.run(go/retraceme 31f9979659277bb965985aff1272c33e3c3c9e755b77166d20a2465454178f2c:12)", "10-01 23:05:05.061  8120  8161 W PackageManager: \tat android.os.Handler.handleCallback(Handler.java:959)", "10-01 23:05:05.061  8120  8161 W PackageManager: \tat android.os.Handler.dispatchMessage(Handler.java:100)", "10-01 23:05:05.061  8120  8161 W PackageManager: \tat android.os.Looper.loopOnce(Looper.java:232)", "10-01 23:05:05.061  8120  8161 W PackageManager: \tat android.os.Looper.loop(Looper.java:317)", "--", "10-01 23:05:06.274  7882  8747 I ChimeraSrvcProxy: NullBinder for android.net.action.RECOMMEND_NETWORKS triggering remote TransactionTooLargeException due to Service without Chimera impl", "10-01 23:05:06.275  7882  8747 W .gms.persistent: Large reply transaction of 1056768 bytes, interface descriptor , code 1", "10-01 23:05:06.276  8225  8683 I BugleRcsEngine: handleMessage processing message:[NOTIFY_UPTIME_IGNORE_STATE_CHANGED] with [non-null]:RcsEngineImpl reference [CONTEXT log_prefix=\"RcsEngineImpl[DUAL_REG]:[3d23821f-3ca0]>Handler\" thread_id=60 ]", "10-01 23:05:06.276  8225  8433 I BugleRcsEngine: Connected state: [1], networkType: [WIFI] [CONTEXT thread_id=54 ]", "10-01 23:05:06.390  7435  7527 D ActivityManager: freezing 9258 com.google.android.settings.intelligence", "10-01 23:05:06.391  7435  7584 D InetDiagMessage: Destroyed 0 sockets, proto=IPPROTO_TCP, family=AF_INET, states=14", "10-01 23:05:06.392  7435  7584 D InetDiagMessage: Destroyed 0 sockets, proto=IPPROTO_TCP, family=AF_INET6, states=14", "10-01 23:05:06.392  7435  7584 D InetDiagMessage: Destroyed live tcp sockets for uids={10140} in 1ms", "10-01 23:05:06.930 10320 10320 W BpBinder: Linking to death on android.gui.ISurfaceComposer but there are no threads (yet?) listening to incoming transactions. See ProcessState::startThreadPool and ProcessState::setThreadPoolMaxThreadCount. Generally you should setup the binder threadpool before other initialization steps.", "10-01 23:05:06.930 10320 10320 W ProcessState: Extra binder thread started, but 0 threads requested. Do not use *startThreadPool when zero threads are requested.", "10-01 23:05:06.937   173   173 I hwservicemanager: getTransport: Cannot find entry android.hardware.graphics.mapper@4.0::IMapper/default in either framework or device VINTF manifest.", "10-01 23:05:06.937 10320 10321 I Gralloc4: mapper 4.x is not supported", "10-01 23:05:07.088     0     0 I servicemanager: Caller(pid=10320,uid=0,sid=u:r:su:s0) Could not find android.hardware.graphics.allocator.IAllocator/default in the VINTF manifest. No alternative instances declared in VINTF."]}
{"check":"console-errors","result":["--------- beginning of main", "10-01 23:05:00.124 10164 10249 E chromium: [ERROR:variations_seed_loader.cc(37)] Seed missing signature.", "10-01 23:05:00.124 10164 10249 I chromium: [INFO:variations_seed_loader.cc(66)] Failed to open file for reading.: No such file or directory (2)", "10-01 23:05:00.249 10260 10282 W chromium: [WARNING:runtime_features.cc(694)] SharedStorage for M118+ cannot be enabled in this configuration. Use --enable-features=SharedStorageAPI,SharedStorageAPIM118 in addition.", "10-01 23:05:00.249 10260 10282 W chromium: [WARNING:runtime_features.cc(730)] AttributionReportingCrossAppWeb cannot be enabled in this configuration. Use --enable-features=ConversionMeasurement,AttributionReportingCrossAppWeb in addition.", "10-01 23:05:00.417 10260 10282 I chromium: [INFO:viewport_data.cc(133)] E2E_Used ViewportFitCover", "10-01 23:05:00.470 10164 10164 I chromium: [INFO:CONSOLE(53)] \"Injecting <script> tag. Using callback.\", source:  (53)", "10-01 23:05:04.844  9334 10066 E chromium: [ERROR:ssl_client_socket_impl.cc(879)] handshake failed; returned -1, SSL error code 1, net_error -103"]}
{"check":"first-frame-warm","result":{"url":"https://mui.kernelsu.org/index.html","socket":"webview_devtools_remote_10164","value":{"firstFrameMs":326,"now":15051,"flutter":true,"resizes":[],"paint":{"first-paint":606,"first-contentful-paint":606},"calls":[[29,"at-preload","ksu:undefined webui:undefined"],[31,"ksu-defined"],[34,"wrap-failed","exec"],[43,"wrap-failed","spawn"],[49,"wrap-failed","moduleInfo"],[53,"wrap-failed","fullScreen"],[55,"wrap-failed","toast"]],"resources":[["/internal/insets.css",24,56,"link",0],["/flutter_webui.css",25,58,"link",0],["/flutter_webui.js",25,62,"script",0],["/flutter_bootstrap.js",25,62,"script",0],["/internal/assets/ext/require.js",25,55,"script",0],["/canvaskit/chromium/canvaskit.wasm",92,123,"fetch",0],["/canvaskit/chromium/canvaskit.js",93,100,"other",0],["/main.dart.js",93,111,"script",0],["/assets/FontManifest.json",277,287,"fetch",0],["/favicon.ico",285,286,"other",0],["/assets/fonts/MaterialIcons-Regular.otf",288,293,"fetch",0],["/assets/packages/cupertino_icons/assets/CupertinoIcons.ttf",288,293,"fetch",0],["/assets/fonts/fallback/Roboto-Regular.ttf",288,293,"fetch",0]],"marks":[["flutter_webui:register",295],["flutter_webui:registered",297],["flutter_webui:first-frame",326]],"measures":[],"fonts":[]}}}
{"check":"root-start","result":{"url":"https://mui.kernelsu.org/index.html","socket":"webview_devtools_remote_10164","value":{"code":0,"out":"","err":"","ms":89}}}
{"check":"session","result":{"url":"https://mui.kernelsu.org/index.html","socket":"webview_devtools_remote_10164","value":{"status":200,"ms":21,"protocol":1,"version":"0.1.0","port":33845,"pid":10385,"tokenLen":43}}}
{"check":"ws-hello","result":{"url":"https://mui.kernelsu.org/index.html","socket":"webview_devtools_remote_10164","value":{"first":"{\"op\":\"hello\",\"protocol\":1,\"version\":\"0.1.0\",\"pid\":10385,\"boot\":\"18bb219c-10f4-4670-b4b4-a2324521b86f\",\"uid\":0,\"moduleDir\":\"/data/adb/modules/flutter_webui_counter\"}"}}}
{"check":"channel-process","result":"USER           UID LABEL                            PID NAME                       \nroot             0 u:r:ksu:s0                     10385 ld-linux-x86-64.so.2\nexe=/data/adb/modules/flutter_webui_counter/flutter_webui/x86_64/ld-linux-x86-64.so.2\n/data/adb/modules/flutter_webui_counter/flutter_webui/x86_64/ld-linux-x86-64.so.2 --library-path /data/adb/modules/flutter_webui_counter/flutter_webui/x86_64 /data/adb/modules/flutter_webui_counter/flutter_webui/x86_64/dartaotruntime /data/adb/modules/flutter_webui_counter/flutter_webui/x86_64/flutter_webui_root.aot serve --module-dir /data/adb/modules/flutter_webui_counter \narm64-v8a\nroot\nx86_64\n/data/adb/modules/flutter_webui_counter/flutter_webui/arm64-v8a:\ndartaotruntime\nflutter_webui_root.aot\nld-linux-aarch64.so.1\nlibc.so.6\nlibdl.so.2\nlibm.so.6\nlibpthread.so.0\n\n/data/adb/modules/flutter_webui_counter/flutter_webui/x86_64:\ndartaotruntime\nflutter_webui_root.aot\nld-linux-x86-64.so.2\nlibc.so.6\nlibdl.so.2\nlibm.so.6\nlibpthread.so.0"}
{"check":"root-log","result":"2026-10-01T23:05:31.971167 listening on 127.0.0.1:33845"}
{"check":"session-mode","result":"total 44\ndrwx--x--x 3 root root 4096 2026-10-01 23:05 .\ndrwxr-xr-x 7 root root 4096 2026-10-01 23:05 ..\n-rw------- 1 root root    0 2026-10-01 23:05 lock\ndrwx------ 2 root root 4096 2026-10-01 23:05 proc\n-rw------- 1 root root   56 2026-10-01 23:05 root.log\n-rw-r--r-- 1 root root  197 2026-10-01 23:05 session.json"}
{"check":"home-resume","result":{"url":"https://mui.kernelsu.org/index.html","socket":"webview_devtools_remote_10164","value":{"events":[["visibilitychange","hidden",16012],["visibilitychange","visible",23115]],"ticks":13,"vis":"visible","hasFocus":false}}}
{"check":"before-back","result":{"url":"https://mui.kernelsu.org/index.html","socket":"webview_devtools_remote_10164","value":{"historyLength":1,"historyState":"{\"flutter\":true}","href":"https://mui.kernelsu.org/index.html","typeofWebui":"object","typeofWebuiExit":"function","typeofKsuExit":"undefined","webuiKeys":["exit","getAdditionalConfig","getApplication","getCurrentApplication","getCurrentRootManager","isDebug","openFile","setRefreshing","setRefreshingEnabled","startActivity"],"wrapped":"not writable"}}}
{"check":"back-events","result":{"error":"no page target","sockets":[],"targets":[]}}
{"check":"back-console","result":["10-01 23:05:42.819  7435  7527 D ActivityManager: freezing 10075 com.android.chrome:sandboxed_process0:org.chromium.content.app.SandboxedProcessService0:0", "10-01 23:05:42.926  7435  7742 I ActivityManager: Killing 10260:com.google.android.webview:sandboxed_process0:org.chromium.content.app.SandboxedProcessService0:0/u0a210i1 (adj 0): isolated not needed"]}
{"check":"back-at-root","result":"topResumedActivity=ActivityRecord{fef63b3 u0 com.google.android.apps.nexuslauncher/.NexusLauncherActivity t13}"}
Starting: Intent { cmp=com.dergoogler.mmrl.wx/.ui.activity.webui.WebUIActivity (has extras) }
Status: ok
Activity: com.dergoogler.mmrl.wx/.ui.activity.webui.WebUIActivity
https://mui.kernelsu.org/index.html
opened: intent
{"check":"targets","result":[{"type": "page", "url": "https://mui.kernelsu.org/index.html", "title": "Flutter Demo"}]}
{"check":"page","result":{"url":"https://mui.kernelsu.org/index.html","socket":"webview_devtools_remote_10524","value":{"href":"https://mui.kernelsu.org/index.html","title":"Flutter Demo","ready":"complete","flutter":true,"glass":true,"nav":{"dcl":68,"load":326},"paint":{"first-paint":999,"first-contentful-paint":999},"glassAt":"present","firstFrame":null,"insets":"24px","vv":[320,640,1]}}}
{"check":"java-exceptions","result":["10-01 23:05:57.354  7882  8369 W .gms.persistent: Large reply transaction of 1056768 bytes, interface descriptor , code 1", "10-01 23:05:57.354  8225  8433 I BugleRcsEngine: Connected state: [1], networkType: [WIFI] [CONTEXT thread_id=54 ]", "10-01 23:05:57.403  7435  7527 D ActivityManager: freezing 9853 com.google.android.webview:webview_service", "10-01 23:05:57.405  7435  7584 D InetDiagMessage: Destroyed 0 sockets, proto=IPPROTO_TCP, family=AF_INET, states=14", "10-01 23:05:57.405  7435  7584 D InetDiagMessage: Destroyed 0 sockets, proto=IPPROTO_TCP, family=AF_INET6, states=14", "10-01 23:05:57.405  7435  7584 D InetDiagMessage: Destroyed live tcp sockets for uids={10151} in 1ms", "10-01 23:05:57.466 10524 10531 W l.process.webui: ApkAssets: Deleting an ApkAssets object '<empty> and /data/app/~~bNskgEq5XtipCtze5CTdpw==/com.google.android.webview-uzLbUzQ0zY73R8qVd0WHIg==/WebViewGoogle.apk' with 2 weak references", "10-01 23:05:57.467 10524 10531 W System  : A resource failed to call close. ", "--", "10-01 23:06:00.359  7882  8747 I ChimeraSrvcProxy: NullBinder for android.net.action.RECOMMEND_NETWORKS triggering remote TransactionTooLargeException due to Service without Chimera impl", "10-01 23:06:00.359  7882  8747 W .gms.persistent: Large reply transaction of 1056768 bytes, interface descriptor , code 1", "10-01 23:06:00.359  8225  8433 I BugleRcsEngine: Connected state: [1], networkType: [WIFI] [CONTEXT thread_id=54 ]", "10-01 23:06:01.139  7882  8388 W GLSUser : [AppCertManager] Exception while requesting key: ", "10-01 23:06:01.139  7882  8388 W GLSUser : java.util.concurrent.ExecutionException: bpcw: Parse Proto Exception with response code 400", "10-01 23:06:01.139  7882  8388 W GLSUser : \tat etvr.s(:com.google.android.gms@242335041@24.23.35 (190800-646585959):21)", "10-01 23:06:01.139  7882  8388 W GLSUser : \tat etvr.get(:com.google.android.gms@242335041@24.23.35 (190800-646585959):10)", "10-01 23:06:01.139  7882  8388 W GLSUser : \tat yfw.b(:com.google.android.gms@242335041@24.23.35 (190800-646585959):477)", "10-01 23:06:01.139  7882  8388 W GLSUser : \tat yfu.b(:com.google.android.gms@242335041@24.23.35 (190800-646585959):31)", "10-01 23:06:01.139  7882  8388 W GLSUser : \tat yfp.a(:com.google.android.gms@242335041@24.23.35 (190800-646585959):1)", "10-01 23:06:01.139  7882  8388 W GLSUser : \tat yfs.a(:com.google.android.gms@242335041@24.23.35 (190800-646585959):58)", "10-01 23:06:01.139  7882  8388 W GLSUser : \tat uou.call(:com.google.android.gms@242335041@24.23.35 (190800-646585959):56)", "10-01 23:06:01.139  7882  8388 W GLSUser : \tat java.util.concurrent.FutureTask.run(FutureTask.java:264)", "10-01 23:06:01.139  7882  8388 W GLSUser : \tat angs.c(:com.google.android.gms@242335041@24.23.35 (190800-646585959):50)", "10-01 23:06:01.139  7882  8388 W GLSUser : \tat angs.run(:com.google.android.gms@242335041@24.23.35 (190800-646585959):76)", "10-01 23:06:01.139  7882  8388 W GLSUser : \tat java.util.concurrent.ThreadPoolExecutor.runWorker(ThreadPoolExecutor.java:1145)", "10-01 23:06:01.139  7882  8388 W GLSUser : \tat java.util.concurrent.ThreadPoolExecutor$Worker.run(ThreadPoolExecutor.java:644)", "--", "10-01 23:06:01.139  7882  8388 W GLSUser : Caused by: bpcw: Parse Proto Exception with response code 400", "10-01 23:06:01.139  7882  8388 W GLSUser : \tat bpdw.b(:com.google.android.gms@242335041@24.23.35 (190800-646585959):80)", "10-01 23:06:01.139  7882  8388 W GLSUser : \tat bpgb.e(:com.google.android.gms@242335041@24.23.35 (190800-646585959):17)", "10-01 23:06:01.139  7882  8388 W GLSUser : \tat bpgp.onSucceeded(:com.google.android.gms@242335041@24.23.35 (190800-646585959):7)", "10-01 23:06:01.139  7882  8388 W GLSUser : \tat m.mw.onSucceeded(:com.google.android.gms.dynamite_cronetdynamite@242335041@24.23.35 (190800-0):3)", "10-01 23:06:01.139  7882  8388 W GLSUser : \tat m.lt.run(:com.google.android.gms.dynamite_cronetdynamite@242335041@24.23.35 (190800-0):25)", "10-01 23:06:01.139  7882  8388 W GLSUser : \t... 6 more", "10-01 23:06:01.139  7882  8388 W GLSUser : Caused by: fkhe: Protocol message contained an invalid tag (zero).", "10-01 23:06:01.139  7882  8388 W GLSUser : \tat fkea.k(:com.google.android.gms@242335041@24.23.35 (190800-646585959):39)", "10-01 23:06:01.139  7882  8388 W GLSUser : \tat fkid.c(:com.google.android.gms@242335041@24.23.35 (190800-646585959):309)", "10-01 23:06:01.139  7882  8388 W GLSUser : \tat fkid.i(:com.google.android.gms@242335041@24.23.35 (190800-646585959):8)", "10-01 23:06:01.139  7882  8388 W GLSUser : \tat fkgi.fe(:com.google.android.gms@242335041@24.23.35 (190800-646585959):25)", "10-01 23:06:01.139  7882  8388 W GLSUser : \tat fkgc.g(:com.google.android.gms@242335041@24.23.35 (190800-646585959):3)"]}
{"check":"console-errors","result":["--------- beginning of main", "10-01 23:05:47.174 10524 10613 E chromium: [1001/230547.173973:ERROR:variations_seed_loader.cc(37)] Seed missing signature.", "10-01 23:05:47.174 10524 10613 I chromium: [1001/230547.174553:INFO:variations_seed_loader.cc(66)] Failed to open file for reading.: No such file or directory (2)", "10-01 23:05:47.311 10620 10649 W chromium: [WARNING:runtime_features.cc(694)] SharedStorage for M118+ cannot be enabled in this configuration. Use --enable-features=SharedStorageAPI,SharedStorageAPIM118 in addition.", "10-01 23:05:47.311 10620 10649 W chromium: [WARNING:runtime_features.cc(730)] AttributionReportingCrossAppWeb cannot be enabled in this configuration. Use --enable-features=ConversionMeasurement,AttributionReportingCrossAppWeb in addition.", "10-01 23:05:47.508 10524 10524 I chromium: [INFO:CONSOLE(53)] \"Injecting <script> tag. Using callback.\", source:  (53)"]}
{"check":"first-frame-warm","result":{"url":"https://mui.kernelsu.org/index.html","socket":"webview_devtools_remote_10524","value":{"firstFrameMs":322,"now":15060,"flutter":true,"resizes":[],"paint":{"first-paint":622,"first-contentful-paint":622},"calls":[[39,"at-preload","ksu:undefined webui:undefined"],[49,"ksu-defined"],[54,"wrap-failed","exec"],[54,"wrap-failed","spawn"],[55,"wrap-failed","moduleInfo"],[55,"wrap-failed","fullScreen"],[57,"wrap-failed","toast"]],"resources":[["/flutter_bootstrap.js",26,62,"script",0],["/internal/assets/ext/require.js",26,61,"script",0],["/canvaskit/chromium/canvaskit.wasm",85,115,"fetch",0],["/canvaskit/chromium/canvaskit.js",85,97,"other",0],["/main.dart.js",86,111,"script",0],["/assets/FontManifest.json",268,278,"fetch",0],["/favicon.png",271,278,"other",0],["/assets/fonts/MaterialIcons-Regular.otf",279,284,"fetch",0],["/assets/packages/cupertino_icons/assets/CupertinoIcons.ttf",279,284,"fetch",0],["/assets/fonts/fallback/Roboto-Regular.ttf",280,285,"fetch",0],["/favicon.png",621,651,"other",0]],"marks":[],"measures":[],"fonts":[]}}}
Starting: Intent { cmp=com.dergoogler.mmrl.wx/.ui.activity.webui.WebUIActivity (has extras) }
Status: ok
Activity: com.dergoogler.mmrl.wx/.ui.activity.webui.WebUIActivity
https://mui.kernelsu.org/index.html
opened: intent
{"check":"targets","result":[{"type": "page", "url": "https://mui.kernelsu.org/index.html", "title": "Demo"}]}
{"check":"page","result":{"url":"https://mui.kernelsu.org/index.html","socket":"webview_devtools_remote_10742","value":{"href":"https://mui.kernelsu.org/index.html","title":"Demo","ready":"complete","flutter":true,"glass":true,"nav":{"dcl":207,"load":568},"paint":{"first-paint":1288,"first-contentful-paint":1288},"glassAt":"present","firstFrame":null,"insets":"24px","vv":[320,640,1]}}}
{"check":"java-exceptions","result":["10-01 23:06:19.124  8120 10738 E OneSearchSuggestProvider: \tat java.util.concurrent.ThreadPoolExecutor.runWorker(ThreadPoolExecutor.java:1145)", "10-01 23:06:19.124  8120 10738 E OneSearchSuggestProvider: \tat java.util.concurrent.ThreadPoolExecutor$Worker.run(ThreadPoolExecutor.java:644)", "10-01 23:06:19.124  8120 10738 E OneSearchSuggestProvider: \tat java.lang.Thread.run(Thread.java:1012)", "10-01 23:06:19.124  7435  7546 I ImeTracker: com.google.android.apps.nexuslauncher:b397eb0f: onCancelled at PHASE_SERVER_SHOULD_HIDE", "10-01 23:06:19.125  8120  8355 D EGL_emulation: app_time_stats: avg=2024.09ms min=0.68ms max=32222.48ms count=16", "10-01 23:06:19.126  8123  8123 I GoogleInputMethodService: GoogleInputMethodService.onFinishInput():3157 ", "10-01 23:06:19.127  8123  8123 I GoogleInputMethodService: GoogleInputMethodService.updateDeviceLockedStatus():2248 repeatCheckTimes = 0, locked = false", "--", "10-01 23:06:19.267  7435  7742 W WindowManager: Exception thrown during dispatchAppVisibility Window{1362be3 u0 com.dergoogler.mmrl.wx/com.dergoogler.mmrl.wx.ui.activity.webui.WebUIActivity EXITING}", "10-01 23:06:19.267  7435  7742 W WindowManager: android.os.DeadObjectException", "10-01 23:06:19.267  7435  7742 W WindowManager: \tat android.os.BinderProxy.transactNative(Native Method)", "10-01 23:06:19.267  7435  7742 W WindowManager: \tat android.os.BinderProxy.transact(BinderProxy.java:586)", "10-01 23:06:19.267  7435  7742 W WindowManager: \tat android.view.IWindow$Stub$Proxy.dispatchAppVisibility(IWindow.java:553)", "10-01 23:06:19.267  7435  7742 W WindowManager: \tat com.android.server.wm.WindowState.sendAppVisibilityToClients(WindowState.java:3253)", "10-01 23:06:19.267  7435  7742 W WindowManager: \tat com.android.server.wm.WindowContainer.sendAppVisibilityToClients(WindowContainer.java:1289)", "10-01 23:06:19.267  7435  7742 W WindowManager: \tat com.android.server.wm.WindowToken.setClientVisible(WindowToken.java:403)", "10-01 23:06:19.267  7435  7742 W WindowManager: \tat com.android.server.wm.ActivityRecord.setClientVisible(ActivityRecord.java:7166)", "10-01 23:06:19.267  7435  7742 W WindowManager: \tat com.android.server.wm.ActivityRecord.postApplyAnimation(ActivityRecord.java:5881)", "10-01 23:06:19.267  7435  7742 W WindowManager: \tat com.android.server.wm.ActivityRecord.commitVisibility(ActivityRecord.java:5823)", "10-01 23:06:19.267  7435  7742 W WindowManager: \tat com.android.server.wm.Transition.finishTransition(Transition.java:1286)", "10-01 23:06:19.267  7435  7742 W WindowManager: \tat com.android.server.wm.TransitionController.finishTransition(TransitionController.java:937)", "10-01 23:06:19.267  7435  7742 W WindowManager: \tat com.android.server.wm.WindowOrganizerController.finishTransition(WindowOrganizerController.java:494)", "--", "10-01 23:06:20.179 10742 10742 E JavaScriptInterfaceImplementation.createNewWX(...): java.lang.NoSuchMethodException: com.dergoogler.mmrl.hybridwebui.interfaces.prebuilt.FileChooserInterface.<init> [class com.dergoogler.mmrl.webui.interfaces.WXOptions]", "10-01 23:06:20.179 10742 10742 E JavaScriptInterfaceImplementation.createNewWX(...): \tat java.lang.Class.getConstructor0(Class.java:3395)", "10-01 23:06:20.179 10742 10742 E JavaScriptInterfaceImplementation.createNewWX(...): \tat java.lang.Class.getDeclaredConstructor(Class.java:3077)", "10-01 23:06:20.179 10742 10742 E JavaScriptInterfaceImplementation.createNewWX(...): \tat com.dergoogler.mmrl.ext.JavaScriptInterfaceExtKt.createNewWX(JavaScriptInterfaceExt.kt:16)", "10-01 23:06:20.179 10742 10742 E JavaScriptInterfaceImplementation.createNewWX(...): \tat com.dergoogler.mmrl.webui.view.WebUIView.addJavascriptInterface(WebUIView.kt:267)", "10-01 23:06:20.179 10742 10742 E JavaScriptInterfaceImplementation.createNewWX(...): \tat com.dergoogler.mmrl.wx.ui.activity.webui.WebUIActivity.init$lambda$4$lambda$3$lambda$2(WebUIActivity.kt:219)", "10-01 23:06:20.179 10742 10742 E JavaScriptInterfaceImplementation.createNewWX(...): \tat com.dergoogler.mmrl.wx.ui.activity.webui.WebUIActivity.$r8$lambda$_nZAC8A9f41jkM28VFfiLo2SZbA(Unknown Source:0)", "10-01 23:06:20.179 10742 10742 E JavaScriptInterfaceImplementation.createNewWX(...): \tat com.dergoogler.mmrl.wx.ui.activity.webui.WebUIActivity$$ExternalSyntheticLambda2.invoke(D8$$SyntheticClass:0)", "10-01 23:06:20.179 10742 10742 E JavaScriptInterfaceImplementation.createNewWX(...): \tat com.dergoogler.mmrl.hybridwebui.HybridWebUI.setupDependencies(HybridWebUI.kt:106)", "10-01 23:06:20.179 10742 10742 E JavaScriptInterfaceImplementation.createNewWX(...): \tat com.dergoogler.mmrl.hybridwebui.HybridWebUI.onAttachedToWindow(HybridWebUI.kt:77)", "10-01 23:06:20.179 10742 10742 E JavaScriptInterfaceImplementation.createNewWX(...): \tat android.view.View.dispatchAttachedToWindow(View.java:22860)", "10-01 23:06:20.179 10742 10742 E JavaScriptInterfaceImplementation.createNewWX(...): \tat android.view.ViewGroup.dispatchAttachedToWindow(ViewGroup.java:3492)", "10-01 23:06:20.179 10742 10742 E JavaScriptInterfaceImplementation.createNewWX(...): \tat android.view.ViewGroup.dispatchAttachedToWindow(ViewGroup.java:3499)", "10-01 23:06:20.179 10742 10742 E JavaScriptInterfaceImplementation.createNewWX(...): \tat android.view.ViewGroup.dispatchAttachedToWindow(ViewGroup.java:3499)", "10-01 23:06:20.179 10742 10742 E JavaScriptInterfaceImplementation.createNewWX(...): \tat android.view.ViewGroup.dispatchAttachedToWindow(ViewGroup.java:3499)", "10-01 23:06:20.179 10742 10742 E JavaScriptInterfaceImplementation.createNewWX(...): \tat android.view.ViewGroup.dispatchAttachedToWindow(ViewGroup.java:3499)", "10-01 23:06:20.179 10742 10742 E JavaScriptInterfaceImplementation.createNewWX(...): \tat android.view.ViewGroup.dispatchAttachedToWindow(ViewGroup.java:3499)"]}
{"check":"console-errors","result":["--------- beginning of main", "10-01 23:06:20.029 10742 10831 E chromium: [1001/230620.029223:ERROR:variations_seed_loader.cc(37)] Seed missing signature.", "10-01 23:06:20.029 10742 10831 I chromium: [1001/230620.029546:INFO:variations_seed_loader.cc(66)] Failed to open file for reading.: No such file or directory (2)", "10-01 23:06:20.166 10842 10867 W chromium: [WARNING:runtime_features.cc(694)] SharedStorage for M118+ cannot be enabled in this configuration. Use --enable-features=SharedStorageAPI,SharedStorageAPIM118 in addition.", "10-01 23:06:20.169 10842 10867 W chromium: [WARNING:runtime_features.cc(730)] AttributionReportingCrossAppWeb cannot be enabled in this configuration. Use --enable-features=ConversionMeasurement,AttributionReportingCrossAppWeb in addition.", "10-01 23:06:20.314 10842 10867 I chromium: [INFO:viewport_data.cc(133)] E2E_Used ViewportFitCover", "10-01 23:06:20.433 10742 10742 I chromium: [INFO:CONSOLE(53)] \"Injecting <script> tag. Using callback.\", source:  (53)"]}
{"check":"first-frame-warm","result":{"url":"https://mui.kernelsu.org/index.html","socket":"webview_devtools_remote_10742","value":{"firstFrameMs":427,"now":15054,"flutter":true,"resizes":[],"paint":{"first-paint":807,"first-contentful-paint":807},"calls":[[51,"at-preload","ksu:undefined webui:undefined"],[61,"ksu-defined"],[63,"wrap-failed","exec"],[63,"wrap-failed","spawn"],[64,"wrap-failed","moduleInfo"],[64,"wrap-failed","fullScreen"],[65,"wrap-failed","toast"]],"resources":[["/internal/insets.css",47,65,"link",0],["/internal/colors.css",47,65,"link",0],["/flutter_webui.css",47,66,"link",0],["/flutter_webui.js",47,66,"script",0],["/flutter_bootstrap.js",47,66,"script",0],["/internal/assets/ext/require.js",48,66,"script",0],["/canvaskit/chromium/canvaskit.wasm",90,127,"fetch",0],["/canvaskit/chromium/canvaskit.js",91,97,"other",0],["/main.dart.js",91,125,"script",0],["/assets/FontManifest.json",320,330,"fetch",0],["/favicon.ico",329,334,"other",0],["/assets/fonts/MaterialIcons-Regular.otf",330,338,"fetch",0],["/assets/fonts/fallback/Roboto-Regular.ttf",330,339,"fetch",0],["/internal/colors.css",349,428,"fetch",0],["/pkg/demo_native.js",797,867,"fetch",0]],"marks":[["flutter_webui:register",342],["flutter_webui:registered",344],["flutter_webui:register",345],["flutter_webui:registered",345],["flutter_webui:first-frame",427]],"measures":[],"fonts":[]}}}
{"url":"https://mui.kernelsu.org/index.html","socket":"webview_devtools_remote_10742","value":"semantics on"}
{"check":"home","result":{"url":"https://mui.kernelsu.org/index.html","socket":"webview_devtools_remote_10742","value":["Squadron","Process","native","net","Say hello","Count to 5","SHA-256","Demo pages\nOne page per thing the stack promises.","Places","Strategy","Rust","Lifecycle","Shell","Plugins"]}}
{"check":"colors-css","result":{"url":"https://mui.kernelsu.org/index.html","socket":"webview_devtools_remote_10742","value":{"status":200,"type":"text/css","body":":root {\n\t/* App Base Colors */\n\t--background: #faf8ffff;\n\t--error: #b3261eff;\n\t--errorContainer: #f9dedcff;\n\t--inverseOnSurface: #e3e2e9ff;\n\t--inversePrimary: #b2c5ffff;\n\t--inverseSurface: #121318ff;\n\t--onBackground: #1a1b21ff;\n\t--onError: #ffffffff;\n\t--onErrorContainer: #410e0bff;\n\t--onPrimary: #ffffffff;\n\t--onPrimaryContainer: #001849ff;\n\t--onSecondary: #ffffffff;\n\t--onSecondaryContainer: #151b2cff;\n\t--onSurface: #1a1b21ff;\n\t--onSurfaceVariant: #45464fff;\n\t--onTertiary: #ffffffff;\n\t--onTertiaryContainer: #2b122bff;\n\t--outline: #757780ff;\n\t--outlineVariant: #c5c6d0ff;\n\t--primary: #495d92ff;\n\t--primaryContainer: #dae2ffff;\n\t--scrim: #000000ff;\n\t--secondary: #585e71ff;\n\t--secondaryContainer: #dde2f9ff;\n\t--surface: #faf8ffff;\n\t--tonalSurface: #f1f0f9ff;\n\t--surfaceBright: #faf8ffff;\n\t--surfaceContainer: #eeedf4ff;\n\t--surfaceContainerHigh: #e8e7efff;\n\t--surfaceContainerHighest: #e3e2e9ff;\n\t--surfaceContainerLow: #f4f3faff;\n\t--surfaceContainerLowest: #ffffffff;\n\t--surfaceDim: #dad9e0ff;\n\t--surfaceTint: #495d92ff;\n\t--surfaceVariant: #e1e2ecff;\n\t--tertiary: #735471ff;\n\t--tertiaryContainer: #fed6f9ff;\n\t/* Filled Tonal Button Colors */\n\t--filledTonalButtonContainerColor: #dde2f9ff;\n\t--filledTonalButtonContentColor: #151b2cff;\n\t--filledTonalButtonDisabledContainerColor: #1a1b211f;\n\t--filledTonalButtonDisabledContentColor: #1a1b2161;\n\t/* Filled Card Colors */\n\t--filledCardContainerColor: #e3e2e9ff;\n\t--filledCardContentColor: #1a1b21ff;\n\t--filledCardDisabledContainerColor: #e2e2eaff;\n\t--"}}}
{"check":"wasm-at-home","result":{"url":"https://mui.kernelsu.org/index.html","socket":"webview_devtools_remote_10742","value":{"wasm":[{"name":"chromium/canvaskit.wasm","start":90,"dur":36}],"marks":[{"name":"flutter_webui:register","t":342},{"name":"flutter_webui:registered","t":344},{"name":"flutter_webui:register","t":345},{"name":"flutter_webui:registered","t":345},{"name":"flutter_webui:first-frame","t":427}],"measures":[],"now":18482}}}
{"check":"tap-places","result":{"url":"https://mui.kernelsu.org/index.html","socket":"webview_devtools_remote_10742","value":"tapped Places at 16,572 size 288x56 role button tappable"}}
{"check":"places","result":{"url":"https://mui.kernelsu.org/index.html","socket":"webview_devtools_remote_10742","value":["Back\nBack","One service, DemoService, opened in every place this build knows. Each place probes its own facts from inside; the page never guesses from the platform it was built for.","200k","1M","3M","Count primes in every place","Restart places","inline (the caller)\nkind: inline\nstart 193 ms, first facts() round trip 130 ms\nroot\ncheck: effective uid 0\nblock_devices\ncheck: a kernel-listed block device opens for reading\nusb.native\ncheck: /dev/bus/usb lists\nusb.web\ncheck: navigator.usb exists\nprocess.spawn\ncheck: a shell runs\nfs.persistent\ncheck: working dir writable, or storage persisted\nnet\ncheck: a non-loopback interface is up, or onLine\nnative\ncheck: null","worker (isolate or Web Worker)\nkind: web_worker\nstart 200 ms, first facts() round trip 68 ms\nroot\ncheck: effective uid 0\nblock_devices\ncheck: a kernel-listed block device opens for reading\nusb.native\ncheck: /dev/bus/usb lists\nusb.web\ncheck: navigator.usb exists\nprocess.spawn\ncheck: a shell runs\nfs.persistent\ncheck: working dir writable, or storage persisted\nnet\ncheck: a non-loopback interface is up, or onLine\nnative\ncheck: null","Places","Strategy","Rust","Lifecycle","Shell","Plugins"]}}
{"check":"places-scroll-1","result":{"url":"https://mui.kernelsu.org/index.html","socket":"webview_devtools_remote_10742","value":["Back\nBack","200k","1M","3M","Count primes in every place","Restart places","inline (the caller)\nkind: inline\nstart 193 ms, first facts() round trip 130 ms\nroot\ncheck: effective uid 0\nblock_devices\ncheck: a kernel-listed block device opens for reading\nusb.native\ncheck: /dev/bus/usb lists\nusb.web\ncheck: navigator.usb exists\nprocess.spawn\ncheck: a shell runs\nfs.persistent\ncheck: working dir writable, or storage persisted\nnet\ncheck: a non-loopback interface is up, or onLine\nnative\ncheck: null","worker (isolate or Web Worker)\nkind: web_worker\nstart 200 ms, first facts() round trip 68 ms\nroot\ncheck: effective uid 0\nblock_devices\ncheck: a kernel-listed block device opens for reading\nusb.native\ncheck: /dev/bus/usb lists\nusb.web\ncheck: navigator.usb exists\nprocess.spawn\ncheck: a shell runs\nfs.persistent\ncheck: working dir writable, or storage persisted\nnet\ncheck: a non-loopback interface is up, or onLine\nnative\ncheck: null","Places","Strategy","Rust","Lifecycle","Shell","Plugins"]}}
{"check":"places-scroll-2","result":{"url":"https://mui.kernelsu.org/index.html","socket":"webview_devtools_remote_10742","value":["Back\nBack","inline (the caller)\nkind: inline\nstart 193 ms, first facts() round trip 130 ms\nroot\ncheck: effective uid 0\nblock_devices\ncheck: a kernel-listed block device opens for reading\nusb.native\ncheck: /dev/bus/usb lists\nusb.web\ncheck: navigator.usb exists\nprocess.spawn\ncheck: a shell runs\nfs.persistent\ncheck: working dir writable, or storage persisted\nnet\ncheck: a non-loopback interface is up, or onLine\nnative\ncheck: null","worker (isolate or Web Worker)\nkind: web_worker\nstart 200 ms, first facts() round trip 68 ms\nroot\ncheck: effective uid 0\nblock_devices\ncheck: a kernel-listed block device opens for reading\nusb.native\ncheck: /dev/bus/usb lists\nusb.web\ncheck: navigator.usb exists\nprocess.spawn\ncheck: a shell runs\nfs.persistent\ncheck: working dir writable, or storage persisted\nnet\ncheck: a non-loopback interface is up, or onLine\nnative\ncheck: null","root process (the app CLI, serve mode)\nkind: process\nstart 251 ms, first facts() round trip 0 ms\nroot\ncheck: effective uid 0\nblock_devices\ncheck: a kernel-listed block device opens for reading\nusb.native\ncheck: /dev/bus/usb lists\nusb.web\ncheck: navigator.usb exists\nprocess.spawn\ncheck: a shell runs\nfs.persistent\ncheck: working dir writable, or storage persisted\nnet\ncheck: a non-loopback interface is up, or onLine\nnative\ncheck: null","Places","Strategy","Rust","Lifecycle","Shell","Plugins"]}}
{"check":"places-scroll-3","result":{"url":"https://mui.kernelsu.org/index.html","socket":"webview_devtools_remote_10742","value":["Back\nBack","worker (isolate or Web Worker)\nkind: web_worker\nstart 200 ms, first facts() round trip 68 ms\nroot\ncheck: effective uid 0\nblock_devices\ncheck: a kernel-listed block device opens for reading\nusb.native\ncheck: /dev/bus/usb lists\nusb.web\ncheck: navigator.usb exists\nprocess.spawn\ncheck: a shell runs\nfs.persistent\ncheck: working dir writable, or storage persisted\nnet\ncheck: a non-loopback interface is up, or onLine\nnative\ncheck: null","root process (the app CLI, serve mode)\nkind: process\nstart 251 ms, first facts() round trip 0 ms\nroot\ncheck: effective uid 0\nblock_devices\ncheck: a kernel-listed block device opens for reading\nusb.native\ncheck: /dev/bus/usb lists\nusb.web\ncheck: navigator.usb exists\nprocess.spawn\ncheck: a shell runs\nfs.persistent\ncheck: working dir writable, or storage persisted\nnet\ncheck: a non-loopback interface is up, or onLine\nnative\ncheck: null","Reference: one call and one stream per place\nsquadron_process doc/benchmark.md, a 4-vCPU VM. Not measured here; devicelab measures devices.\nCall: isolate 31 µs, Web Worker (dart2js) 120 µs, process 247 µs, process from the page 401 µs.\n64 KiB stream: isolate 3643 MiB/s, Web Worker 631 MiB/s, process link about 110 MiB/s.","Places","Strategy","Rust","Lifecycle","Shell","Plugins"]}}
{"check":"tap-strategy","result":{"url":"https://mui.kernelsu.org/index.html","socket":"webview_devtools_remote_10742","value":"tapped Strategy at 53,536 size 53x80 role tab tappable"}}
{"check":"strategy","result":{"url":"https://mui.kernelsu.org/index.html","socket":"webview_devtools_remote_10742","value":["Back\nBack","Objective: list the device's partitions. Strategies in preference order: on the device as root, then from a host over USB. The first one the place's facts allow runs; nothing reads kIsWeb or Platform.","Place","inline (the caller)","worker (isolate or Web Worker)","root process (the app CLI, serve mode)","Facts from inline (the caller)\nSwitch a fact off to see the fallback. You can only take facts away.\nroot\ncheck: effective uid 0\nblock_devices\ncheck: a kernel-listed block device opens for reading\nusb.native\ncheck: /dev/bus/usb lists\nusb.web\ncheck: navigator.usb exists\nprocess.spawn\ncheck: a shell runs\nfs.persistent\ncheck: working dir writable, or storage persisted\nnet\ncheck: a non-loopback interface is up, or onLine\nnative\ncheck: null","root","block_devices","usb.native","process.spawn","Places","Strategy","Rust","Lifecycle","Shell","Plugins"]}}
{"check":"tap-strategy-root","result":{"url":"https://mui.kernelsu.org/index.html","socket":"webview_devtools_remote_10742","value":"tapped root process at 24,358 size 272x48 role checkbox tappable"}}
{"check":"strategy-root","result":{"url":"https://mui.kernelsu.org/index.html","socket":"webview_devtools_remote_10742","value":["Back\nBack","Objective: list the device's partitions. Strategies in preference order: on the device as root, then from a host over USB. The first one the place's facts allow runs; nothing reads kIsWeb or Platform.","Place","inline (the caller)","worker (isolate or Web Worker)","root process (the app CLI, serve mode)","Facts from root process (the app CLI, serve mode)\nSwitch a fact off to see the fallback. You can only take facts away.\nroot\ncheck: effective uid 0\nblock_devices\ncheck: a kernel-listed block device opens for reading\nusb.native\ncheck: /dev/bus/usb lists\nusb.web\ncheck: navigator.usb exists\nprocess.spawn\ncheck: a shell runs\nfs.persistent\ncheck: working dir writable, or storage persisted\nnet\ncheck: a non-loopback interface is up, or onLine\nnative\ncheck: null","root","block_devices","usb.native","process.spawn","Places","Strategy","Rust","Lifecycle","Shell","Plugins"]}}
{"check":"strategy-root-scroll-1","result":{"url":"https://mui.kernelsu.org/index.html","socket":"webview_devtools_remote_10742","value":["Back\nBack","Place","inline (the caller)","worker (isolate or Web Worker)","root process (the app CLI, serve mode)","Facts from root process (the app CLI, serve mode)\nSwitch a fact off to see the fallback. You can only take facts away.\nroot\ncheck: effective uid 0\nblock_devices\ncheck: a kernel-listed block device opens for reading\nusb.native\ncheck: /dev/bus/usb lists\nusb.web\ncheck: navigator.usb exists\nprocess.spawn\ncheck: a shell runs\nfs.persistent\ncheck: working dir writable, or storage persisted\nnet\ncheck: a non-loopback interface is up, or onLine\nnative\ncheck: null","root","block_devices","usb.native","process.spawn","Chosen: on device (/proc/partitions as root)\non_device chosen","on device (/proc/partitions as root)\nneeds root + block_devices: has them","from host (fastboot getvar all)\nneeds usb.native + process.spawn: has them","Places","Strategy","Rust","Lifecycle","Shell","Plugins"]}}
{"check":"strategy-root-scroll-2","result":{"url":"https://mui.kernelsu.org/index.html","socket":"webview_devtools_remote_10742","value":["Back\nBack","Facts from root process (the app CLI, serve mode)\nSwitch a fact off to see the fallback. You can only take facts away.\nroot\ncheck: effective uid 0\nblock_devices\ncheck: a kernel-listed block device opens for reading\nusb.native\ncheck: /dev/bus/usb lists\nusb.web\ncheck: navigator.usb exists\nprocess.spawn\ncheck: a shell runs\nfs.persistent\ncheck: working dir writable, or storage persisted\nnet\ncheck: a non-loopback interface is up, or onLine\nnative\ncheck: null","usb.native","process.spawn","Chosen: on device (/proc/partitions as root)\non_device chosen","on device (/proc/partitions as root)\nneeds root + block_devices: has them","from host (fastboot getvar all)\nneeds usb.native + process.spawn: has them","Run on_device in process","Log\nEvery run: objective, strategy, place and the facts it saw.\nNothing has run yet.","Places","Strategy","Rust","Lifecycle","Shell","Plugins"]}}
{"check":"tap-rust","result":{"url":"https://mui.kernelsu.org/index.html","socket":"webview_devtools_remote_10742","value":"tapped Rust at 107,536 size 53x80 role tab tappable"}}
{"check":"rust","result":{"url":"https://mui.kernelsu.org/index.html","socket":"webview_devtools_remote_10742","value":["Back\nBack","The demo crate (rust/) counts the primes below 1000000 with the same loop as page 1's Dart. The service loads it in its own place through flutter_rust_bridge, so each place runs its own build.","Run in every place","inline (the caller)","Run here","worker (isolate or Web Worker)","Run here","root process (the app CLI, serve mode)","Run here","Places","Strategy","Rust","Lifecycle","Shell","Plugins"]}}
{"check":"tap-rust-run","result":{"url":"https://mui.kernelsu.org/index.html","socket":"webview_devtools_remote_10742","value":"tapped Run in every place at 16,196 size 288x48 role button tappable"}}
{"check":"rust-ran","result":{"url":"https://mui.kernelsu.org/index.html","socket":"webview_devtools_remote_10742","value":["Back\nBack","The demo crate (rust/) counts the primes below 1000000 with the same loop as page 1's Dart. The service loads it in its own place through flutter_rust_bridge, so each place runs its own build.","Run in every place","inline (the caller)\nBuilt for: wasm32-unknown (single-threaded)\nLoad: 54 ms (once per place, on its first Rust call; on the web that fetches and instantiates the wasm)\nRust 117 ms, Dart 942 ms (same count: 78498)","Run here","worker (isolate or Web Worker)\nBuilt for: wasm32-unknown (single-threaded)\nLoad: 42 ms (once per place, on its first Rust call; on the web that fetches and instantiates the wasm)\nRust 150 ms, Dart 205 ms (same count: 78498)","Run here","root process (the app CLI, serve mode)\nBuilt for: x86_64-android\nLoad: 0 ms (once per place, on its first Rust call; on the web that fetches and instantiates the wasm)\nRust 118 ms, Dart 112 ms (same count: 78498)","Places","Strategy","Rust","Lifecycle","Shell","Plugins"]}}
{"check":"wasm-after-rust","result":{"url":"https://mui.kernelsu.org/index.html","socket":"webview_devtools_remote_10742","value":{"wasm":[{"name":"chromium/canvaskit.wasm","start":90,"dur":36},{"name":"pkg/demo_native_bg.wasm","start":80921,"dur":18}],"marks":[{"name":"flutter_webui:register","t":342},{"name":"flutter_webui:registered","t":344},{"name":"flutter_webui:register","t":345},{"name":"flutter_webui:registered","t":345},{"name":"flutter_webui:first-frame","t":427}],"measures":[],"now":101886}}}
{"check":"tap-rust-run-2","result":{"url":"https://mui.kernelsu.org/index.html","socket":"webview_devtools_remote_10742","value":"tapped Run in every place at 16,196 size 288x48 role button tappable"}}
{"check":"rust-ran-2","result":{"url":"https://mui.kernelsu.org/index.html","socket":"webview_devtools_remote_10742","value":["Back\nBack","The demo crate (rust/) counts the primes below 1000000 with the same loop as page 1's Dart. The service loads it in its own place through flutter_rust_bridge, so each place runs its own build.","Run in every place","inline (the caller)\nBuilt for: wasm32-unknown (single-threaded)\nLoad: 0 ms (once per place, on its first Rust call; on the web that fetches and instantiates the wasm)\nRust 103 ms, Dart 939 ms (same count: 78498)","Run here","worker (isolate or Web Worker)\nBuilt for: wasm32-unknown (single-threaded)\nLoad: 0 ms (once per place, on its first Rust call; on the web that fetches and instantiates the wasm)\nRust 114 ms, Dart 191 ms (same count: 78498)","Run here","root process (the app CLI, serve mode)\nBuilt for: x86_64-android\nLoad: 0 ms (once per place, on its first Rust call; on the web that fetches and instantiates the wasm)\nRust 105 ms, Dart 108 ms (same count: 78498)","Places","Strategy","Rust","Lifecycle","Shell","Plugins"]}}
{"check":"tap-lifecycle","result":{"url":"https://mui.kernelsu.org/index.html","socket":"webview_devtools_remote_10742","value":"tapped Lifecycle at 160,536 size 53x80 role tab tappable"}}
{"check":"tap-root-process","result":{"url":"https://mui.kernelsu.org/index.html","socket":"webview_devtools_remote_10742","value":"tapped root process at 24,390 size 272x48 role checkbox tappable"}}
{"check":"tap-start","result":{"url":"https://mui.kernelsu.org/index.html","socket":"webview_devtools_remote_10742","value":"tapped Start at 24,462 size 97x48 role button tappable"}}
{"check":"lifecycle-running","result":{"url":"https://mui.kernelsu.org/index.html","socket":"webview_devtools_remote_10742","value":["Back\nBack","Start a five-minute task, then switch away (Home, another app or tab) and come back: hidden keeps going. Close the app instead and reopen it: closed stops, and this page says where the task was when it ended.","Task\ntick every 500 ms, stamped with the place's own clock\nrunning in process: tick 17/600, longest gap 503 ms, app resumed 3","inline (the caller)","worker (isolate or Web Worker)","root process (the app CLI, serve mode)","Stop","Lifecycle\n23:08:45  started in process","Facts from root process (the app CLI, serve mode)\nroot\ncheck: effective uid 0\nblock_devices\ncheck: a kernel-listed block device opens for reading\nusb.native\ncheck: /dev/bus/usb lists\nusb.web\ncheck: navigator.usb exists\nprocess.spawn\ncheck: a shell runs\nfs.persistent\ncheck: working dir writable, or storage persisted\nnet\ncheck: a non-loopback interface is up, or onLine\nnative\ncheck: null","Places","Strategy","Rust","Lifecycle","Shell","Plugins"]}}
{"check":"lifecycle-after-home","result":{"url":"https://mui.kernelsu.org/index.html","socket":"webview_devtools_remote_10742","value":["Back\nBack","Start a five-minute task, then switch away (Home, another app or tab) and come back: hidden keeps going. Close the app instead and reopen it: closed stops, and this page says where the task was when it ended.","Task\ntick every 500 ms, stamped with the place's own clock\nrunning in process: tick 41/600, longest gap 503 ms, app resumed 7","inline (the caller)","worker (isolate or Web Worker)","root process (the app CLI, serve mode)","Stop","Lifecycle\n23:09:01  away 7.1 s: the place produced 15 ticks (on schedule: 14); longest gap 503 ms\n23:09:01  inactive -> resumed\n23:09:01  hidden -> inactive\n23:08:54  inactive -> hidden\n23:08:54  resumed -> inactive\n23:08:45  started in process","Places","Strategy","Rust","Lifecycle","Shell","Plugins"]}}
{"check":"root-process","result":"root             0 u:r:ksu:s0                     10972 dartaotruntime\nroot             0 u:r:ksu:s0                     11001 dartaotruntime"}
/home/runner/work/devicelab/devicelab/out/sockprobe: 1 file pushed, 0 skipped. 328.8 MB/s (3501149 bytes in 0.010s)
{"check":"block-devices","result":"dm-0\ndm-1\ndm-11\ndm-13\ndm-14\ndm-16\ndm-17\ndm-18\ntotal 0\ndrwxr-xr-x 2 root root u:object_r:block_device:s0                140 2026-10-01 22:59 by-name\nbrw------- 1 root root u:object_r:dm_device:s0              254,   0 2026-10-01 22:59 dm-0\nbrw------- 1 root root u:object_r:dm_device:s0              254,   1 2026-10-01 22:59 dm-1\nbrw------- 1 root root u:object_r:dm_device:s0              254,  11 2026-10-01 22:59 dm-11\nbrw------- 1 root root u:object_r:dm_device:s0              254,  13 2026-10-01 22:59 dm-13\nbrw------- 1 root root u:object_r:dm_device:s0              254,  14 2026-10-01 22:59 dm-14\nbrw------- 1 root root u:object_r:dm_device:s0              254,  16 2026-10-01 22:59 dm-16\nbrw------- 1 root root u:object_r:dm_device:s0              254,  17 2026-10-01 22:59 dm-17\nbrw------- 1 root root u:object_r:dm_device:s0              254,  18 2026-10-01 22:59 dm-18\nbrw------- 1 root root u:object_r:dm_device:s0              254,  19 2026-10-01 22:59 dm-19\nbrw------- 1 root root u:object_r:dm_device:s0              254,   2 2026-10-01 22:59 dm-2\n-- su:\n0000000  \\0\n-- ksu:\n{\"error\":\"write /proc/thread-self/attr/current: operation not permitted\",\"op\":\"setcon\"}\n-- avc:"}
{"check":"back-1","result":{"url":"https://mui.kernelsu.org/index.html","socket":"webview_devtools_remote_10742","value":["Squadron","Process","native","net","Say hello","Count to 5","SHA-256","Demo pages\nOne page per thing the stack promises.","Places","Strategy","Rust","Lifecycle","Shell","Plugins"]}}
{"check":"back-1-top","result":"topResumedActivity=ActivityRecord{907b876 u0 com.dergoogler.mmrl.wx/.ui.activity.webui.WebUIActivity t18}"}
{"check":"back-2-top","result":"topResumedActivity=ActivityRecord{fef63b3 u0 com.google.android.apps.nexuslauncher/.NexusLauncherActivity t13}"}
{"check":"back-3-top","result":"topResumedActivity=ActivityRecord{fef63b3 u0 com.google.android.apps.nexuslauncher/.NexusLauncherActivity t13}"}
{"check":"sys-dark","night":"yes","color_mode":"","opened":"opened: intent","result":{"url":"https://mui.kernelsu.org/index.html","socket":"webview_devtools_remote_11378","value":{"dark":true,"primary":"#b2c5ffff","background":"#121318ff","cssBytes":1545}}}
{"check":"sys-light","night":"no","color_mode":"","opened":"opened: intent","result":{"url":"https://mui.kernelsu.org/index.html","socket":"webview_devtools_remote_11593","value":{"dark":false,"primary":"#495d92ff","background":"#faf8ffff","cssBytes":1545}}}
{"check":"app","result":"ls: /product/app/WebuiApi_demo/: No such file or directory"}
{"check":"mounts","result":"ls: /data/adb/metamodule: No such file or directory\nCalendarGooglePrebuilt Camera2 Chrome Chrome-Stub Drive GoogleContacts GoogleTTS LatinIMEGooglePrebuilt LicenseChecker Maps MarkupGoogle_v2 ModuleMetadataGoogle NexusWallpapersStubPrebuilt2018 Photos PixelThemesStub PrebuiltDeskClockGoogle PrebuiltGmail PrebuiltGoogleAdservicesTvp PrebuiltGoogleTelemetryTvp SoundPickerPrebuilt TrichromeLibrary TrichromeLibrary-Stub WebViewGoogle WebViewGoogle-Stub YouTube YouTubeMusicPrebuilt talkback"}
{"check":"app-label","result":"No activities found"}
{"check":"module-config","result":"manage module configuration\n\nUsage: ksud module config [OPTIONS] <COMMAND>\n\nCommands:\n  get     Get a config value\n  set     Set a config value\n  list    List all config entries\n  delete  Delete a config entry\n  clear   Clear all config entries\n  help    Print this message or the help of the given subcommand(s)\n\n-- files:\ntotal 32\ndrwxr-xr-x 2 root root 4096 2026-10-01 23:09 .\ndrwxr-xr-x 3 root root 4096 2026-10-01 23:03 ..\n-rw-r--r-- 1 root root   36 2026-10-01 23:03 persist.config\n-rw-r--r-- 1 root root   66 2026-10-01 23:09 tmp.config\n== /data/adb/ksu/module_configs/demo/persist.config\nMUSK\u0001\u0000\u0000\u0000\u0001\u0000\u0000\u0000\u000f\u0000\u0000\u0000webui.installed\u0001\u0000\u0000\u00001\n== /data/adb/ksu/module_configs/demo/tmp.config\nMUSK\u0001\u0000\u0000\u0000\u0001\u0000\u0000\u0000\n\u0000\u0000\u0000webui.boot$\u0000\u0000\u000018bb219c-10f4-4670-b4b4-a2324521b86f\n-- ksud get:\n1\nwebui.installed=1\nwebui.boot=18bb219c-10f4-4670-b4b4-a2324521b86f"}
{"check":"module-dirs","result":"/data/adb/demo:\ntotal 24\ndrwx------ 3 root root 4096 2026-10-01 23:06 .\ndrwx------ 7 root root 4096 2026-10-01 23:06 ..\ndrwx------ 2 root root 4096 2026-10-01 23:06 tmp\n\n/data/adb/demo/tmp:\ntotal 16\ndrwx------ 2 root root 4096 2026-10-01 23:06 .\ndrwx------ 3 root root 4096 2026-10-01 23:06 .."}
{"check":"open","result":"opened: intent"}
{"check":"tap-places","result":{"url":"https://mui.kernelsu.org/index.html","socket":"webview_devtools_remote_11827","value":"tapped Places at 16,572 size 288x56 role button tappable"}}
{"check":"tap-plugins","result":{"url":"https://mui.kernelsu.org/index.html","socket":"webview_devtools_remote_11827","value":"tapped Plugins at 267,536 size 53x80 role tab tappable"}}
{"check":"plugins","result":The app calls share_plus, permission_handler, the clipboard and file_selector as on any platform. Running in a WebUI host, so their *_webui packages answer.
share_plus
On WebUI: share_plus_webui: Android's share sheet, opened by the module's own app
Share text
permission_handler
On WebUI: permission_handler_webui: Android's own permission dialog, for the module's own app
Camera: denied}
{"check":"tap-share","result":{"url":"https://mui.kernelsu.org/index.html","socket":"webview_devtools_remote_11827","value":"tapped Share text at 24,278 size 112x48 role button tappable"}}
{"check":"share-top","result":"com.google.android.gm/.welcome.WelcomeTourActivity"}
{"check":"app-process","result":""}
{"check":"share-log","result":"10-01 23:10:20.576 11827 11827 I chromium: [INFO:CONSOLE(53)] \"2026-10-01T23:10:20.565 INFO ui.plugins: share: unavailable\", source:  (53)\n10-01 23:10:21.324  7435  7624 D ShortcutService: Package com.google.android.gm has 1 manifest shortcut(s), and 1 share target(s)\n10-01 23:10:21.739  7435  7624 D ShortcutService: Package com.google.android.gm has 1 manifest shortcut(s), and 1 share target(s)\n10-01 23:10:23.038  7435  7624 D ShortcutService: Package com.google.android.gm has 1 manifest shortcut(s), and 1 share target(s)\n10-01 23:10:28.796 12320 12320 W app_process: ClassLoaderContext shared library size mismatch. Expected=2, found=0 (PCL[]{PCL[/system/framework/android.test.base.jar*724373495]#PCL[/system/framework/android.test.mock.jar*1452759902]} | PCL[])"}
{"check":"share-result","result":share_plus
On WebUI: share_plus_webui: Android's share sheet, opened by the module's own app
Share result: unavailable}
Failure [package not found]
Error: package not found
{"check":"cam-deny-1-tap","result":{"url":"https://mui.kernelsu.org/index.html","socket":"webview_devtools_remote_11827","value":"tapped Request camera at 24,490 size 150x46 role button tappable"}}
{"check":"cam-deny-1-top","result":"com.dergoogler.mmrl.wx/.ui.activity.webui.WebUIActivity"}
{"check":"cam-deny-1-dialog","result":"Back Back\nShare text\nRequest camera\nCopy text\nPaste\nPlaces\nStrategy\nRust\nLifecycle\nShell\nPlugins"}
{"check":"cam-deny-1-press","result":"ui: no node with 'Don'"}
{"check":"cam-deny-1-status","result":permission_handler
On WebUI: permission_handler_webui: Android's own permission dialog, for the module's own app
Camera: denied}
{"check":"cam-deny-1-perm","result":""}
{"check":"cam-deny-2-tap","result":{"url":"https://mui.kernelsu.org/index.html","socket":"webview_devtools_remote_11827","value":"tapped Request camera at 24,490 size 150x46 role button"}}
{"check":"cam-deny-2-top","result":"com.dergoogler.mmrl.wx/.ui.activity.webui.WebUIActivity"}
{"check":"cam-deny-2-dialog","result":"Back Back\nShare text\nRequest camera\nCopy text\nPaste\nPlaces\nStrategy\nRust\nLifecycle\nShell\nPlugins"}
{"check":"cam-deny-2-press","result":"ui: no node with 'Don'"}
{"check":"cam-deny-2-status","result":permission_handler
On WebUI: permission_handler_webui: Android's own permission dialog, for the module's own app
Camera: denied}
{"check":"cam-deny-2-perm","result":""}
{"check":"cam-after-deny-tap","result":{"url":"https://mui.kernelsu.org/index.html","socket":"webview_devtools_remote_11827","value":"tapped Request camera at 24,490 size 150x46 role button"}}
{"check":"cam-after-deny-top","result":"com.dergoogler.mmrl.wx/.ui.activity.webui.WebUIActivity"}
{"check":"cam-after-deny-dialog","result":"Back Back\nShare text\nRequest camera\nCopy text\nPaste\nPlaces\nStrategy\nRust\nLifecycle\nShell\nPlugins"}
{"check":"cam-after-deny-status","result":permission_handler
On WebUI: permission_handler_webui: Android's own permission dialog, for the module's own app
Camera: denied}
{"check":"cam-after-deny-perm","result":""}
Failure [package not found]
Error: package not found
{"check":"cam-grant-tap","result":{"url":"https://mui.kernelsu.org/index.html","socket":"webview_devtools_remote_11827","value":"tapped Request camera at 24,490 size 150x46 role button"}}
{"check":"cam-grant-top","result":"com.dergoogler.mmrl.wx/.ui.activity.webui.WebUIActivity"}
{"check":"cam-grant-dialog","result":"Back Back\nShare text\nRequest camera\nCopy text\nPaste\nPlaces\nStrategy\nRust\nLifecycle\nShell\nPlugins"}
{"check":"cam-grant-press","result":"ui: no node with 'While using the app'"}
{"check":"cam-grant-status","result":permission_handler
On WebUI: permission_handler_webui: Android's own permission dialog, for the module's own app
Camera: denied}
{"check":"cam-grant-perm","result":""}
{"check":"clip-listen","result":{"url":"https://mui.kernelsu.org/index.html","socket":"webview_devtools_remote_11827","value":"listening"}}
{"check":"clip-paste-tap","result":{"url":"https://mui.kernelsu.org/index.html","socket":"webview_devtools_remote_11827","value":"tapped Paste at 139,638 size 84x48 role button"}}
{"check":"clip-paste-top","result":"com.dergoogler.mmrl.wx/.ui.activity.webui.WebUIActivity"}
{"check":"clip-pasted","result":The app calls share_plus, permission_handler, the clipboard and file_selector as on any platform. Running in a WebUI host, so their *_webui packages answer.
Clipboard (flutter/services)
On WebUI: clipboard_webui: Android's clipboard, through the module's own app
Paste}
{"check":"clip-blips","result":{"url":"https://mui.kernelsu.org/index.html","socket":"webview_devtools_remote_11827","value":"[]"}}
{"check":"clip-process","result":""}
{"check":"clip-copy-tap","result":{"url":"https://mui.kernelsu.org/index.html","socket":"webview_devtools_remote_11827","value":"tapped Copy text at 24,638 size 107x48 role button"}}
{"check":"clip-copied","result":The app calls share_plus, permission_handler, the clipboard and file_selector as on any platform. Running in a WebUI host, so their *_webui packages answer.
Clipboard (flutter/services)
On WebUI: clipboard_webui: Android's clipboard, through the module's own app
Copy text}
{"check":"clip-ext-paste","result":"text=\"\" text=\"\" text=\"\" text=\"\" text=\"\""}
{"check":"file-pick","result":"no Pick a file button on page 6"}
{"check":"app-settings","result":"Back Back\nShare text\nRequest camera\nCopy text\nPaste\nPlaces\nStrategy\nRust\nLifecycle\nShell\nPlugins"}
{"check":"uninstall","result":""}
{"check":"after-uninstall","result":"ls: /data/adb/modules/demo: No such file or directory\nls: /data/adb/demo: No such file or directory\nls: /data/adb/ksu/module_configs/demo: No such file or directory\nls: /product/app/WebuiApi_demo: No such file or directory"}
