yes: standard output: Broken pipe
Auto-selecting single ABI x86_64
Do you wish to create a custom hardware profile? [no] lab.avd
lab.ini
emulator Android emulator version 37.2.12.0 (build_id 16428233) (CL:N/A)
* daemon not running; starting now at tcp:5037
* daemon started successfully
booted in 23s: google/sdk_gphone64_x86_64/emu64xa:15/AE3A.240806.043/12960925:userdebug/dev-keys
kernel 6.6.50-android15-8-g8adecb593e9b-ab12525588 -> kmi android15-6.6; KernelSU-Next/KernelSU-Next v3.4.0
total 28968
drwx------  2 runner runner     4096 Oct  2 22:19 .
drwxrwxrwt 16 root   root       4096 Oct  2 22:19 ..
-rw-r--r--  1 runner runner 11859167 Oct  2 22:19 KernelSU_Next_v3.4.0-spoofed_33294-release.apk
-rw-r--r--  1 runner runner 11857955 Oct  2 22:19 KernelSU_Next_v3.4.0_33294-release.apk
-rw-r--r--  1 runner runner  5583488 Oct  2 22:19 ksud-x86_64-linux-android
-rw-r--r--  1 runner runner   342200 Oct  2 22:19 x86_64-android15-6.6_kernelsu.ko
== manager installed (com.rifsxd.ksunext, KernelSU_Next_v3.4.0_33294-release.apk)
/tmp/tmp.3JwAGIidLr/x86_64-android15-6.6_kernelsu.ko: 1 file pushed, 0 skipped. 5.9 MB/s (342200 bytes in 0.056s)
/tmp/tmp.3JwAGIidLr/ksud-x86_64-linux-android: 1 file pushed, 0 skipped. 164.0 MB/s (5583488 bytes in 0.032s)
== ksud: ksud 3.4.0 (uapi: 4)
== ksud late-load: rc=0
== ksud insmod /data/adb/kernelsu.ko: Loaded kernel module: /data/adb/kernelsu.ko
rc=0
kernelsu              258048  0 
== lsmod: kernelsu              258048  0 
aarch64-android12-5.10_kernelsu.ko
aarch64-android13-5.10_kernelsu.ko
aarch64-android13-5.15_kernelsu.ko
aarch64-android14-5.15_kernelsu.ko
aarch64-android14-6.1_kernelsu.ko
aarch64-android15-6.6_kernelsu.ko
aarch64-android16-6.12_kernelsu.ko
aarch64-android17-6.18_kernelsu.ko
KernelSU_Next_v3.4.0-spoofed_33294-release.apk
KernelSU_Next_v3.4.0_33294-release.apk
ksud-aarch64-apple-darwin
ksud-aarch64-linux-android
ksud-aarch64-unknown-linux-musl
ksud-x86_64-apple-darwin
ksud-x86_64-linux-android
ksud-x86_64-unknown-linux-musl
x86_64-android12-5.10_kernelsu.ko
x86_64-android13-5.10_kernelsu.ko
x86_64-android13-5.15_kernelsu.ko
x86_64-android14-5.15_kernelsu.ko
x86_64-android14-6.1_kernelsu.ko
x86_64-android15-6.6_kernelsu.ko
x86_64-android16-6.12_kernelsu.ko
x86_64-android17-6.18_kernelsu.ko
== no metamodule asset in KernelSU-Next/KernelSU-Next v3.4.0
/home/runner/work/devicelab/devicelab/modules/probe/./: 2 files pushed, 0 skipped. 0.0 MB/s (1474 bytes in 0.043s)
== modules: [
  {
    "action": "false",
    "update": "false",
    "remove": "false",
    "enabled": "true",
    "web": "true",
    "version": "1",
    "name": "devicelab probe",
    "versionCode": "1",
    "description": "Observation module for devicelab. Its WebUI page is driven over DevTools.",
    "mount": "false",
    "id": "devicelab_probe",
    "author": "p0g-stack"
  }
]
SELinux: Loaded file context from:
		/system/etc/selinux/plat_file_contexts
		/system_ext/etc/selinux/system_ext_file_contexts
		/vendor/etc/selinux/vendor_file_contexts
== home text: text="Working" text="LKM (GKI2)" text="Jailbreak mode" text="Version: v3.4.0 (33294-4)" text="Custom" text="Superuser" text="0" text="Module" text="1" text="Manager version" text="v3.4.0 (33294-4)" text="Hook mode" text="Tracepoint" text="Metamodule status" text="Not installed" text="Having trouble?" text="Encountered a bug or have feedback?" text="KernelSU-Next" 
== manager activities: com.rifsxd.ksunext/.FlashModule com.rifsxd.ksunext/.ui.MainActivity com.rifsxd.ksunext/androidx.core.content.FileProvider com.rifsxd.ksunext/androidx.profileinstaller.ProfileInstallReceiver com.rifsxd.ksunext/androidx.startup.InitializationProvider 
== metamodule releases backslashxx/mountify: 204 Latest 204 2026-08-25T05:14:18Z;203  203 2026-06-25T15:03:16Z;202  202 2026-06-23T03:45:32Z;
== metamodule candidate backslashxx/mountify mountify.zip: id=mountify version=v2.0.4 versionCode=204 metamodule=true 
== metamodule repo (given): backslashxx/mountify
== metamodule zip: mountify.zip sha256 dde361c444f6990b759890720487785402a391a61cf6530f960deb98e5ef864d
== metamodule module.prop: id=mountify name=mountify version=v2.0.4 versionCode=204 author=xx, KOWX712 metamodule=true description=Globally mounted modules via OverlayFS. updateJson=https://raw.githubusercontent.com/backslashxx/mountify/master/update.json 
/tmp/tmp.v0xcxDc72Q/rel/mountify.zip: 1 file pushed, 0 skipped. 419.6 MB/s (554873 bytes in 0.001s)
== install mountify.zip
[H[J[|]
[H[J[\]
[H[J[+] mountify
[+] SysReq test
[+] CONFIG_OVERLAY_FS
[+] overlay found in /proc/filesystems
[+] CONFIG_TMPFS_XATTR
[+] tmpfs extended attribute test passed
[!] using fresh config.sh
[+] moving modules.txt
[+] moving whiteouts.txt
[+] mountify will be installed in metamodule mode!
- Done
- Creating metamodule symlink
- Module installed successfully!
== soft-reboot: 
== after soft-reboot (37s): [
  {
    "name": "devicelab probe",
    "id": "devicelab_probe",
    "versionCode": "1",
    "remove": "false",
    "enabled": "true",
    "update": "false",
    "web": "true",
    "version": "1",
    "description": "Observation module for devicelab. Its WebUI page is driven over DevTools.",
    "action": "false",
    "author": "p0g-stack",
    "mount": "false"
  },
  {
    "id": "mountify",
    "version": "v2.0.4",
    "name": "mountify",
    "description": "mode: auto 🤖 | fstype: tmpfs 🦾 | no modules mounted",
    "remove": "false",
    "metamodule": "true",
    "web": "true",
    "author": "xx, KOWX712",
    "action": "true",
    "mount": "false",
    "updateJson": "https://raw.githubusercontent.com/backslashxx/mountify/master/update.json",
    "enabled": "true",
    "versionCode": "204",
    "update": "false"
  }
]
total 32
drwxrwxrwx 4 root root 4096 2026-10-02 22:20 .
drwx------ 6 root root 4096 2026-10-02 22:20 ..
drwxr-xr-x 3 root root 4096 2026-10-02 22:19 devicelab_probe
drwxr-xr-x 5 root root 4096 2026-10-02 22:20 mountify
== metamodule active: lrwxrwxrwx 1 root root 26 2026-10-02 22:20 /data/adb/metamodule -> /data/adb/modules/mountify id=mountify name=mountify version=v2.0.4 versionCode=204 author=xx, KOWX712 metamodule=true description=mode: auto 🤖 | fstype: tmpfs 🦾 | no modules mounted updateJson=https://raw.githubusercontent.com/backslashxx/mountify/master/update.json 
inputs/modules/counter-v1.0.0.zip: 1 file pushed, 0 skipped. 413.5 MB/s (6582359 bytes in 0.015s)
== install counter-v1.0.0.zip
  inflating: webroot/canvaskit/chromium/canvaskit.wasm
  inflating: webroot/config.json
  inflating: webroot/favicon.png
  inflating: webroot/flutter.js
  inflating: webroot/flutter_bootstrap.js
  inflating: webroot/icons/Icon-192.png
  inflating: webroot/icons/Icon-512.png
  inflating: webroot/icons/Icon-maskable-192.png
  inflating: webroot/icons/Icon-maskable-512.png
  inflating: webroot/index.html
  inflating: webroot/main.dart.js
  inflating: webroot/manifest.json
  inflating: webroot/version.json
- Done
- Module installed successfully!
/home/runner/work/devicelab/devicelab/envdump.zip: 1 file pushed, 0 skipped. 25.9 MB/s (1766 bytes in 0.000s)
== install envdump.zip
 devicelab envdump 
 by p0g-stack 
*******************
**************************
 Powered by KernelSU-Next 
**************************
Archive:  /data/local/tmp/m.zip
  inflating: customize.sh
- Extracting module files
Archive:  /data/local/tmp/m.zip
  inflating: module.prop
  inflating: customize.sh
- devicelab envdump: written /data/local/tmp/customize-env.txt
- Done
- Module installed successfully!
== soft-reboot: 
== after soft-reboot (34s): [
  {
    "name": "devicelab probe",
    "id": "devicelab_probe",
    "author": "p0g-stack",
    "remove": "false",
    "versionCode": "1",
    "enabled": "true",
    "web": "true",
    "version": "1",
    "mount": "false",
    "update": "false",
    "description": "Observation module for devicelab. Its WebUI page is driven over DevTools.",
    "action": "false"
  },
  {
    "mount": "false",
    "description": "mode: auto 🤖 | fstype: tmpfs 🦾 | no modules mounted",
    "action": "true",
    "name": "mountify",
    "enabled": "true",
    "remove": "false",
    "versionCode": "204",
    "version": "v2.0.4",
    "author": "xx, KOWX712",
    "id": "mountify",
    "metamodule": "true",
    "updateJson": "https://raw.githubusercontent.com/backslashxx/mountify/master/update.json",
    "update": "false",
    "web": "true"
  },
  {
    "author": "Yuv",
    "version": "v1.0.0",
    "remove": "false",
    "web": "true",
    "mount": "false",
    "id": "counter",
    "versionCode": "1",
    "name": "Counter",
    "description": "A new Flutter project.",
    "enabled": "true",
    "update": "false",
    "action": "false"
  },
  {
    "version": "1",
    "update": "false",
    "author": "p0g-stack",
    "remove": "false",
    "web": "false",
    "enabled": "true",
    "description": "Records the customize.sh environment",
    "action": "false",
    "id": "devicelab_envdump",
    "name": "devicelab envdump",
    "mount": "false",
    "versionCode": "1"
  }
]
total 48
drwxrwxrwx 6 root root 4096 2026-10-02 22:20 .
drwx------ 6 root root 4096 2026-10-02 22:20 ..
drwxr-xr-x 3 root root 4096 2026-10-02 22:20 counter
drwxr-xr-x 2 root root 4096 2026-10-02 22:20 devicelab_envdump
drwxr-xr-x 3 root root 4096 2026-10-02 22:19 devicelab_probe
drwxr-xr-x 5 root root 4096 2026-10-02 22:20 mountify
/home/runner/work/devicelab/devicelab/out/labserver: 1 file pushed, 0 skipped. 295.2 MB/s (7843260 bytes in 0.025s)
Starting: Intent { cmp=com.rifsxd.ksunext/.ui.webui.WebUIActivity (has extras) }
Status: ok
Activity: com.rifsxd.ksunext/.ui.webui.WebUIActivity
https://mui.kernelsu.org/index.html
opened: intent
{"check":"targets","result":[{"socket": "webview_devtools_remote_10193", "type": "page", "url": "https://mui.kernelsu.org/index.html", "title": "devicelab probe"}]}
{"check":"globals","result":{"url":"https://mui.kernelsu.org/index.html","socket":"webview_devtools_remote_10193","value":{"ua":"Mozilla/5.0 (Linux; Android 15; sdk_gphone64_x86_64 Build/AE3A.240806.043; wv) AppleWebKit/537.36 (KHTML, like Gecko) Version/4.0 Chrome/124.0.6367.219 Mobile Safari/537.36","origin":"https://mui.kernelsu.org","href":"https://mui.kernelsu.org/index.html","globals":["ksu"],"ksu":["cacheAllPackageIcons","copyFile","createShortcut","enableInsets","exec","fileOutputStream","fullScreen","getPackagesIcons","getPackagesInfo","listFile","listPackages","moduleInfo","moveFile","readFile","removeFile","spawn","toast","writeFile","cacheAllPackageIcons","copyFile","createShortcut","enableInsets","exec","fileOutputStream","fullScreen","getPackagesIcons","getPackagesInfo","listFile","listPackages","moduleInfo","moveFile","readFile","removeFile","spawn","toast","writeFile"]}}}
{"check":"ksu-exec","result":{"url":"https://mui.kernelsu.org/index.html","socket":"webview_devtools_remote_10193","value":{"code":0,"out":"uid=0(root) gid=0(root) groups=0(root) context=u:r:ksu:s0\nu:r:ksu:s0\u0000","err":""}}}
{"check":"ws-loopback","result":{"url":"https://mui.kernelsu.org/index.html","socket":"webview_devtools_remote_10193","value":{"got":["{\"origin\":\"https://mui.kernelsu.org\",\"peerUid\":10209,\"remote\":\"127.0.0.1:50370\",\"serverUid\":0,\"t\":1790979701559,\"uidSource\":\"/proc/net/tcp\"}","hi"],"ms":52}}}
{"check":"fetch-loopback","result":{"url":"https://mui.kernelsu.org/index.html","socket":"webview_devtools_remote_10193","value":{"origin":"https://mui.kernelsu.org","peerUid":10209,"remote":"127.0.0.1:50376","serverUid":0,"t":1790979701683,"uidSource":"/proc/net/tcp"}}}
{"check":"webview-uid","result":["webview_zygote 1053 webview_zygote", "u0_a209      10209 com.rifsxd.ksunext", "u0_a151      10151 com.google.android.webview:webview_service", "u0_i9000     99000 com.google.android.webview:sandboxed_process0:org.chromium.content.app.SandboxedProcessService0:0"]}
{"check":"while-home-heartbeat","result":{"url":"https://mui.kernelsu.org/index.html","socket":"webview_devtools_remote_10193","value":{"now":11715,"vis":"hidden"}}}
{"check":"lifecycle","result":{"url":"https://mui.kernelsu.org/index.html","socket":"webview_devtools_remote_10193","value":{"events":[{"type":"pageshow","t":245,"vis":"visible"},{"type":"visibilitychange","t":6048,"vis":"hidden"},{"type":"visibilitychange","t":13888,"vis":"visible"}],"gaps":[{"from":5986,"ms":1170,"vis":"hidden"},{"from":8155,"ms":1001,"vis":"hidden"},{"from":10155,"ms":1002,"vis":"hidden"},{"from":12155,"ms":1000,"vis":"hidden"}],"slow":{"heldMs":3002,"sentAt":1790979704840,"resolvedAt":1790979704843,"vis":"hidden"}}}}
{"check":"dev-url","result":{"url":"http://127.0.0.1:8090/index.html","socket":"webview_devtools_remote_10193","value":{"href":"http://127.0.0.1:8090/index.html","ksu":"object","webui":"undefined","globals":["ksu"],"exec":{"code":0,"out":"uid=0(root) gid=0(root) groups=0(root) context=u:r:ksu:s0","err":""}}}}
Starting: Intent { cmp=com.rifsxd.ksunext/.ui.webui.WebUIActivity (has extras) }
Status: ok
Activity: com.rifsxd.ksunext/.ui.webui.WebUIActivity
https://mui.kernelsu.org/index.html
opened: intent
{"check":"targets","result":[{"type": "page", "url": "https://mui.kernelsu.org/index.html", "title": "Flutter Demo"}]}
{"check":"page","result":{"url":"https://mui.kernelsu.org/index.html","socket":"webview_devtools_remote_10451","value":{"href":"https://mui.kernelsu.org/index.html","title":"Flutter Demo","ready":"complete","flutter":true,"glass":true,"nav":{"dcl":219,"load":753},"paint":{"first-paint":1653,"first-contentful-paint":1653},"glassAt":"present","firstFrame":null,"insets":null,"vv":[320,592,1]}}}
{"check":"java-exceptions","result":["10-02 22:21:59.981  8531  8995 D OneSearchSuggestProvider: \tat com.google.android.apps.nexuslauncher.allapps.E0.onResult(go/retraceme 31f9979659277bb965985aff1272c33e3c3c9e755b77166d20a2465454178f2c:28)", "10-02 22:21:59.981  8531  8995 D OneSearchSuggestProvider: \t... 8 more", "10-02 22:21:59.982  8222  8222 D CarrierSvcBindHelper: No carrier app for: 0", "10-02 22:21:59.983  8531  8995 D OneSearchSuggestProvider: Created the binder channel successfully for end point service =com.google.android.apps.search.googleapp.search.suggest.plugins.onesearch.server.OneSearchSuggestService , mChannel=i1{delegate=f{logId=17, target=directaddress:///AndroidComponentAddress%5BIntent%20%7B%20act=grpc.io.action.BIND%20cmp=com.google.android.googlequicksearchbox/com.google.android.apps.search.googleapp.search.suggest.plugins.onesearch.server.OneSearchSuggestService%20%7D%5D}} , mOneSearchConnection=l2.Z@c78f083", "10-02 22:21:59.983  7850  8162 W ActivityManager: Unable to start service Intent { act=grpc.io.action.BIND cmp=com.google.android.googlequicksearchbox/com.google.android.apps.search.googleapp.search.suggest.plugins.onesearch.server.OneSearchSuggestService } U=0: not found", "10-02 22:21:59.984  7850  8162 W ActivityManager: Unbind failed: could not find connection for android.os.BinderProxy@820f821", "--------- beginning of kernel", "10-02 22:22:00.136     0     0 I binder  : undelivered transaction 575913, process died.", "10-02 22:21:59.989  7850  7870 D DisplayManagerService: Drop pending events for gone uid 99000", "10-02 22:21:59.989  8654  8691 I AiAiEcho: Predicting[0]:  [CONTEXT sampling_count=5 ]", "10-02 22:21:59.991  7775  7775 I BpBinder: onLastStrongRef automatically unlinking death recipients: ", "--", "10-02 22:22:00.034  8531 10444 E OneSearchSuggestProvider: io.grpc.StatusRuntimeException: UNIMPLEMENTED: bindService(Intent { act=grpc.io.action.BIND cmp=com.google.android.googlequicksearchbox/com.google.android.apps.search.googleapp.search.suggest.plugins.onesearch.server.OneSearchSuggestService }) returned false", "10-02 22:22:00.034  8531 10444 E OneSearchSuggestProvider: \tat k3.e.a(go/retraceme 31f9979659277bb965985aff1272c33e3c3c9e755b77166d20a2465454178f2c:77)", "10-02 22:22:00.034  8531 10444 E OneSearchSuggestProvider: \tat i3.l.b(go/retraceme 31f9979659277bb965985aff1272c33e3c3c9e755b77166d20a2465454178f2c:43)", "10-02 22:22:00.034  8531 10444 E OneSearchSuggestProvider: \tat i3.l.a(go/retraceme 31f9979659277bb965985aff1272c33e3c3c9e755b77166d20a2465454178f2c:27)", "10-02 22:22:00.034  8531 10444 E OneSearchSuggestProvider: \tat i3.z.run(go/retraceme 31f9979659277bb965985aff1272c33e3c3c9e755b77166d20a2465454178f2c:7)", "10-02 22:22:00.034  8531 10444 E OneSearchSuggestProvider: \tat i3.m2.run(go/retraceme 31f9979659277bb965985aff1272c33e3c3c9e755b77166d20a2465454178f2c:19)", "10-02 22:22:00.034  8531 10444 E OneSearchSuggestProvider: \tat java.util.concurrent.ThreadPoolExecutor.runWorker(ThreadPoolExecutor.java:1145)", "10-02 22:22:00.034  8531 10444 E OneSearchSuggestProvider: \tat java.util.concurrent.ThreadPoolExecutor$Worker.run(ThreadPoolExecutor.java:644)", "10-02 22:22:00.034  8531 10444 E OneSearchSuggestProvider: \tat java.lang.Thread.run(Thread.java:1012)", "10-02 22:22:00.036  8531  8531 D SsBaseTemplateCard: No text view can be set up", "10-02 22:22:00.037  8531  8531 D SsBaseTemplateCard: Passed-in item info is null", "10-02 22:22:00.037  8531  8531 D SsBaseTemplateCard: Passed-in item info is null", "10-02 22:22:00.037  8531  8531 D SsBaseTemplateCard: Passed-in item info is null", "--", "10-02 22:22:00.257  7850  8801 W WindowManager: Exception thrown during dispatchAppVisibility Window{2bce4a9 u0 com.rifsxd.ksunext/com.rifsxd.ksunext.ui.webui.WebUIActivity EXITING}", "10-02 22:22:00.257  7850  8801 W WindowManager: android.os.DeadObjectException", "10-02 22:22:00.257  7850  8801 W WindowManager: \tat android.os.BinderProxy.transactNative(Native Method)", "10-02 22:22:00.257  7850  8801 W WindowManager: \tat android.os.BinderProxy.transact(BinderProxy.java:586)", "10-02 22:22:00.257  7850  8801 W WindowManager: \tat android.view.IWindow$Stub$Proxy.dispatchAppVisibility(IWindow.java:553)", "10-02 22:22:00.257  7850  8801 W WindowManager: \tat com.android.server.wm.WindowState.sendAppVisibilityToClients(WindowState.java:3253)", "10-02 22:22:00.257  7850  8801 W WindowManager: \tat com.android.server.wm.WindowContainer.sendAppVisibilityToClients(WindowContainer.java:1289)", "10-02 22:22:00.257  7850  8801 W WindowManager: \tat com.android.server.wm.WindowToken.setClientVisible(WindowToken.java:403)", "10-02 22:22:00.257  7850  8801 W WindowManager: \tat com.android.server.wm.ActivityRecord.setClientVisible(ActivityRecord.java:7166)", "10-02 22:22:00.257  7850  8801 W WindowManager: \tat com.android.server.wm.ActivityRecord.postApplyAnimation(ActivityRecord.java:5881)", "10-02 22:22:00.257  7850  8801 W WindowManager: \tat com.android.server.wm.ActivityRecord.commitVisibility(ActivityRecord.java:5823)", "10-02 22:22:00.257  7850  8801 W WindowManager: \tat com.android.server.wm.Transition.finishTransition(Transition.java:1286)", "10-02 22:22:00.257  7850  8801 W WindowManager: \tat com.android.server.wm.TransitionController.finishTransition(TransitionController.java:937)", "10-02 22:22:00.257  7850  8801 W WindowManager: \tat com.android.server.wm.WindowOrganizerController.finishTransition(WindowOrganizerController.java:494)"]}
{"check":"console-errors","result":["--------- beginning of main", "10-02 22:22:00.469 10451 10486 W chromium: [WARNING:dns_config_service_android.cc(81)] Failed to read DnsConfig.", "10-02 22:22:00.627 10481 10514 W chromium: [WARNING:runtime_features.cc(694)] SharedStorage for M118+ cannot be enabled in this configuration. Use --enable-features=SharedStorageAPI,SharedStorageAPIM118 in addition.", "10-02 22:22:00.972 10451 10451 I chromium: [INFO:CONSOLE(1)] \"Injecting <script> tag. Using callback.\", source: https://mui.kernelsu.org/flutter_bootstrap.js (1)"]}
{"check":"first-frame-warm","result":{"url":"https://mui.kernelsu.org/index.html","socket":"webview_devtools_remote_10451","value":{"firstFrameMs":473,"now":15053,"flutter":true,"resizes":[],"paint":{"first-paint":932,"first-contentful-paint":932},"calls":[[46,"at-preload","ksu:undefined webui:undefined"],[52,"ksu-defined"],[52,"wrap-failed","exec"],[52,"wrap-failed","spawn"],[53,"wrap-failed","moduleInfo"],[53,"wrap-failed","fullScreen"],[53,"wrap-failed","toast"]],"resources":[["/flutter_bootstrap.js",48,68,"script",0],["/canvaskit/chromium/canvaskit.wasm",106,191,"fetch",0],["/canvaskit/chromium/canvaskit.js",107,143,"other",0],["/main.dart.js",108,169,"script",0],["/assets/FontManifest.json",389,405,"fetch",0],["/favicon.png",403,416,"other",0],["/assets/fonts/MaterialIcons-Regular.otf",406,420,"fetch",0],["/assets/packages/cupertino_icons/assets/CupertinoIcons.ttf",407,425,"fetch",0],["/assets/fonts/fallback/Roboto-Regular.ttf",407,426,"fetch",0],["/favicon.png",929,959,"other",0]],"marks":[],"measures":[],"fonts":[]}}}
{"check":"apk","result":"pkg com.webui.termux.api sha256 c629df377c72f1d7b1f9a25f9a9f4713c5d0a2356f1e65a82f1ec027e4f4672a aapt2 /usr/local/lib/android/sdk/build-tools/37.0.0/aapt2"}
/home/runner/work/devicelab/devicelab/out/sockprobe: 1 file pushed, 0 skipped. 324.0 MB/s (3501403 bytes in 0.010s)
hold-apk/webui-termux-api_v0.53.0-webui.8.apk: 1 file pushed, 0 skipped. 434.3 MB/s (3803013 bytes in 0.008s)
{"check":"install","result":"Success\npackage:/data/app/~~vMFySA7Bq5PwO1__xEg17Q==/com.webui.termux.api-MutwfnCafpNzD0hY1EyK2A==/base.apk\n    versionCode=1010 minSdk=24 targetSdk=28\n    versionName=0.53.0-webui.8\nFailed to write while dumping service package: Broken pipe"}
{"check":"su-domain","result":"su: invalid uid/gid '-c'\n\nls: /system/bin/su: No such file or directory\n-rwxr-xr-x 1 root root 5583480 2026-10-02 22:19 /data/adb/ksud"}
{"check":"idle-start","result":"Starting service: Intent { cmp=com.webui.termux.api/com.termux.api.RootHelperService }"}
{"check":"idle-up","result":"1"}
{"check":"idle-gone","result":"9"}
{"check":"ksu-setcon-start","result":"Starting service: Intent { cmp=com.webui.termux.api/com.termux.api.RootHelperService }"}
{"check":"ksu-setcon-held","result":"up=0 {\"error\":\"write /proc/thread-self/attr/current: operation not permitted\",\"op\":\"setcon\"}"}
{"check":"ksu-setcon-holder","result":"{\"error\":\"write /proc/thread-self/attr/current: operation not permitted\",\"op\":\"setcon\"}"}
{"check":"ksu-setcon-gone","result":"0"}
{"check":"ksu-setcon-avc","result":""}
{"check":"ksu-su-start","result":"Starting service: Intent { cmp=com.webui.termux.api/com.termux.api.RootHelperService }"}
{"check":"ksu-su-held","result":"up=0 su: invalid uid/gid '-c'"}
{"check":"ksu-su-holder","result":"su: invalid uid/gid '-c'"}
{"check":"ksu-su-gone","result":"0"}
{"check":"ksu-su-avc","result":""}
{"check":"su-adbroot-start","result":"Starting service: Intent { cmp=com.webui.termux.api/com.termux.api.RootHelperService }"}
{"check":"su-adbroot-held","result":"up=1 {\"context\":\"u:r:su:s0\",\"op\":\"as\",\"uid\":0}\n{\"connected\":\"2026-10-02T22:23:25.036516264Z\",\"op\":\"hold\",\"path\":\"@com.webui.termux.api/hold\"}"}
{"check":"su-adbroot-holder","result":"{\"context\":\"u:r:su:s0\",\"op\":\"as\",\"uid\":0}\n{\"connected\":\"2026-10-02T22:23:25.036516264Z\",\"op\":\"hold\",\"path\":\"@com.webui.termux.api/hold\"}\n{\"at\":\"2026-10-02T22:23:45.037091909Z\",\"op\":\"released\",\"path\":\"@com.webui.termux.api/hold\"}"}
{"check":"su-adbroot-gone","result":"0"}
{"check":"su-adbroot-avc","result":""}
