yes: standard output: Broken pipe
Auto-selecting single ABI x86_64
Do you wish to create a custom hardware profile? [no] lab.avd
lab.ini
emulator Android emulator version 37.2.12.0 (build_id 16428233) (CL:N/A)
* daemon not running; starting now at tcp:5037
* daemon started successfully
booted in 23s: google/sdk_gphone64_x86_64/emu64xa:15/AE3A.240806.043/12960925:userdebug/dev-keys
kernel 6.6.50-android15-8-g8adecb593e9b-ab12525588 -> kmi android15-6.6; tiann/KernelSU v3.3.0
total 16428
drwx------  2 runner runner     4096 Oct  1 22:16 .
drwxrwxrwt 16 root   root       4096 Oct  1 22:16 ..
-rw-r--r--  1 runner runner 10777987 Oct  1 22:16 KernelSU_v3.3.0_32601-release.apk
-rw-r--r--  1 runner runner  5713312 Oct  1 22:16 ksud-x86_64-linux-android
-rw-r--r--  1 runner runner   318824 Oct  1 22:16 lkm-x86_64-android15-6.6_kernelsu.ko
== manager installed (me.weishu.kernelsu, KernelSU_v3.3.0_32601-release.apk)
/tmp/tmp.Yew62BYDds/lkm-x86_64-android15-6.6_kernelsu.ko: 1 file pushed, 0 skipped. 10.9 MB/s (318824 bytes in 0.028s)
/tmp/tmp.Yew62BYDds/ksud-x86_64-linux-android: 1 file pushed, 0 skipped. 143.1 MB/s (5713312 bytes in 0.038s)
== ksud: ksud 3.3.0 (uapi: 2)
== ksud late-load: rc=0
== ksud insmod /data/adb/kernelsu.ko: Error: load module failed: /data/adb/kernelsu.ko

Caused by:
    0: init_module failed without vermagic mismatch
    1: File exists (os error 17)
rc=1
kernelsu              159744  0 
== lsmod: kernelsu              159744  1 
KernelSU_v3.3.0_32601-release.apk
ksud-aarch64-apple-darwin
ksud-aarch64-linux-android
ksud-aarch64-unknown-linux-musl
ksud-x86_64-apple-darwin
ksud-x86_64-linux-android
ksud-x86_64-pc-windows-gnu.exe
ksud-x86_64-unknown-linux-musl
ksuinit-aarch64
ksuinit-x86_64
lkm-aarch64-android12-5.10_kernelsu.ko
lkm-aarch64-android13-5.10_kernelsu.ko
lkm-aarch64-android13-5.15_kernelsu.ko
lkm-aarch64-android14-5.15_kernelsu.ko
lkm-aarch64-android14-6.1_kernelsu.ko
lkm-aarch64-android15-6.6_kernelsu.ko
lkm-aarch64-android16-6.12_kernelsu.ko
lkm-aarch64-android17-6.18_kernelsu.ko
lkm-x86_64-android12-5.10_kernelsu.ko
lkm-x86_64-android13-5.10_kernelsu.ko
lkm-x86_64-android13-5.15_kernelsu.ko
lkm-x86_64-android14-5.15_kernelsu.ko
lkm-x86_64-android14-6.1_kernelsu.ko
lkm-x86_64-android15-6.6_kernelsu.ko
lkm-x86_64-android16-6.12_kernelsu.ko
lkm-x86_64-android17-6.18_kernelsu.ko
== no metamodule asset in tiann/KernelSU v3.3.0
/home/runner/work/devicelab/devicelab/modules/probe/./: 2 files pushed, 0 skipped. 0.0 MB/s (1474 bytes in 0.046s)
== modules: [
  {
    "web": "true",
    "id": "devicelab_probe",
    "version": "1",
    "enabled": "true",
    "action": "false",
    "name": "devicelab probe",
    "versionCode": "1",
    "remove": "false",
    "mount": "false",
    "author": "p0g-stack",
    "description": "Observation module for devicelab. Its WebUI page is driven over DevTools.",
    "update": "false"
  }
]
SELinux: Loaded file context from:
		/system/etc/selinux/plat_file_contexts
		/system_ext/etc/selinux/system_ext_file_contexts
		/vendor/etc/selinux/vendor_file_contexts
== home text: text="LKM" text="Working [Jailbreak mode]" text="Version: 32601-2" text="Manager version" text="v3.3.0 (32601-2)" text="Kernel version" text="6.6.50-android15-8-g8adecb593e9b-ab12525588" text="Device model" text="Google sdk_gphone64_x86_64" text="Fingerprint" text="google/sdk_gphone64_x86_64/emu64xa:15/AE3A.240806.043/12960925:userdebug/dev-keys" text="Enforcing" text="KernelSU" text="Home" text="Superuser" text="1" text="Module" text="Settings" 
== manager activities: me.weishu.kernelsu/.magica.BootCompletedReceiver me.weishu.kernelsu/.ui.MainActivity me.weishu.kernelsu/androidx.core.content.FileProvider me.weishu.kernelsu/androidx.profileinstaller.ProfileInstallReceiver me.weishu.kernelsu/androidx.startup.InitializationProvider 
inputs/modules/flutter_webui_counter-0.1.5.zip: 1 file pushed, 0 skipped. 266.9 MB/s (21434766 bytes in 0.077s)
== install flutter_webui_counter-0.1.5.zip
  inflating: webroot/fonts/notocoloremoji/v32/Yq6P-KqIXTD0t4D9z1ESnKM3-HpFabsE4tq3luCC7p-aXxcn.3.woff2
  inflating: webroot/fonts/notocoloremoji/v32/Yq6P-KqIXTD0t4D9z1ESnKM3-HpFabsE4tq3luCC7p-aXxcn.8.woff2
  inflating: webroot/fonts/notocoloremoji/v32/Yq6P-KqIXTD0t4D9z1ESnKM3-HpFabsE4tq3luCC7p-aXxcn.2.woff2
   creating: webroot/fonts/notosansmath/
   creating: webroot/fonts/notosansmath/v15/
  inflating: webroot/fonts/notosansmath/v15/7Aump_cpkSecTWaHRlH2hyV5UHkD-V048PW0.woff2
   creating: webroot/fonts/roboto/
   creating: webroot/fonts/roboto/v32/
  inflating: webroot/fonts/roboto/v32/KFOmCnqEu92Fr1Me4GZLCzYlKw.woff2
  inflating: webroot/.last_build_id
  inflating: webroot/config.json
  inflating: webroot/flutter_webui.js
  inflating: customize.sh
- Done
- Module installed successfully!
inputs/modules/counter-v1.0.0.zip: 1 file pushed, 0 skipped. 319.3 MB/s (6582359 bytes in 0.020s)
== install counter-v1.0.0.zip
  inflating: webroot/canvaskit/chromium/canvaskit.wasm
  inflating: webroot/config.json
  inflating: webroot/favicon.png
  inflating: webroot/flutter.js
  inflating: webroot/flutter_bootstrap.js
  inflating: webroot/icons/Icon-192.png
  inflating: webroot/icons/Icon-512.png
  inflating: webroot/icons/Icon-maskable-192.png
  inflating: webroot/icons/Icon-maskable-512.png
  inflating: webroot/index.html
  inflating: webroot/main.dart.js
  inflating: webroot/manifest.json
  inflating: webroot/version.json
- Done
- Module installed successfully!
inputs/modules/demo.zip: 1 file pushed, 0 skipped. 318.1 MB/s (28103187 bytes in 0.084s)
== install demo.zip
  inflating: webroot/main.dart.js
  inflating: webroot/manifest.json
  inflating: webroot/pkg/.gitignore
  inflating: webroot/pkg/demo_native.js
  inflating: webroot/pkg/demo_native_bg.wasm
  inflating: webroot/pkg/package.json
  inflating: webroot/version.json
  inflating: webroot/workers/demo_service.web.g.dart.js
  inflating: webroot/workers/hello_service.web.g.dart.js
  inflating: webui_app_plane/arm64-v8a/webui_termux_api.aot
  inflating: webui_app_plane/termux-api
  inflating: webui_app_plane/x86_64/webui_termux_api.aot
- Handle partition /product
- Done
- Module installed successfully!
/home/runner/work/devicelab/devicelab/app_plane.zip: 1 file pushed, 0 skipped. 352.6 MB/s (4528306 bytes in 0.012s)
== install app_plane.zip
Archive:  /data/local/tmp/m.zip
- Extracting module files
Archive:  /data/local/tmp/m.zip
  inflating: post-fs-data.sh
  inflating: module.prop
   creating: system/
   creating: system/product/
   creating: system/product/app/
   creating: system/product/app/WebuiTermuxApi/
  inflating: system/product/app/WebuiTermuxApi/WebuiTermuxApi.apk
  inflating: service.sh
  inflating: sockprobe
- Handle partition /product
- Done
- Module installed successfully!
/home/runner/work/devicelab/devicelab/envdump.zip: 1 file pushed, 0 skipped. 15.8 MB/s (1766 bytes in 0.000s)
== install envdump.zip
 devicelab envdump 
 by p0g-stack 
*******************
*********************
 Powered by KernelSU 
*********************
Archive:  /data/local/tmp/m.zip
  inflating: customize.sh
- Extracting module files
Archive:  /data/local/tmp/m.zip
  inflating: module.prop
  inflating: customize.sh
- devicelab envdump: written /data/local/tmp/customize-env.txt
- Done
- Module installed successfully!
== soft-reboot: 
== after soft-reboot (41s): [
  {
    "version": "1",
    "web": "true",
    "id": "devicelab_probe",
    "enabled": "true",
    "action": "false",
    "name": "devicelab probe",
    "versionCode": "1",
    "mount": "false",
    "update": "false",
    "remove": "false",
    "author": "p0g-stack",
    "description": "Observation module for devicelab. Its WebUI page is driven over DevTools."
  },
  {
    "version": "0.1.5",
    "remove": "false",
    "versionCode": "6",
    "mount": "false",
    "author": "p0g-stack",
    "id": "flutter_webui_counter",
    "web": "true",
    "update": "false",
    "action": "false",
    "description": "Stock Flutter counter app on flutter-webui (devicelab bring-up build).",
    "name": "flutter-webui Counter",
    "enabled": "true"
  },
  {
    "id": "counter",
    "version": "v1.0.0",
    "remove": "false",
    "author": "Yuv",
    "enabled": "true",
    "versionCode": "1",
    "name": "Counter",
    "update": "false",
    "web": "true",
    "mount": "false",
    "description": "A new Flutter project.",
    "action": "false"
  },
  {
    "description": "The demo GUI. Flutter on top of the core.",
    "mount": "true",
    "update": "false",
    "updateJson": "https://github.com/p0g-stack/demo/releases/latest/download/update.json",
    "versionCode": "35",
    "web": "true",
    "version": "v0.1.35",
    "author": "",
    "remove": "false",
    "action": "false",
    "id": "demo",
    "name": "Demo",
    "enabled": "true"
  },
  {
    "update": "false",
    "action": "fals
total 64
drwxrwxrwx 8 root root 4096 2026-10-01 22:16 .
drwx------ 5 root root 4096 2026-10-01 22:16 ..
drwxr-xr-x 3 root root 4096 2026-10-01 22:16 counter
drwxr-xr-x 8 root root 4096 2026-10-01 22:16 demo
drwxr-xr-x 4 root root 4096 2026-10-01 22:16 devicelab_app_plane
drwxr-xr-x 2 root root 4096 2026-10-01 22:16 devicelab_envdump
drwxr-xr-x 3 root root 4096 2026-10-01 22:16 devicelab_probe
drwxr-xr-x 4 root root 4096 2026-10-01 22:16 flutter_webui_counter
/home/runner/work/devicelab/devicelab/out/labserver: 1 file pushed, 0 skipped. 289.6 MB/s (7843260 bytes in 0.026s)
Starting: Intent { cmp=me.weishu.kernelsu/.ui.webui.WebUIActivity (has extras) }
Status: ok
Activity: me.weishu.kernelsu/.ui.webui.WebUIActivity








Status: ok








Segmentation fault 
intent path: no page; manager log:
10-01 22:17:45.577  8557  8557 D VRI[WebUIActivity]: visibilityChanged oldVisibility=true newVisibility=false
10-01 22:17:45.603  8557  8557 W WindowOnBackDispatcher: sendCancelIfRunning: isInProgress=false callback=android.view.ViewRootImpl$$ExternalSyntheticLambda11@844c04e
ui: tapped 'Module' at 200,584
ui: tapped 160,152
ui: tapped 'Clean' at 209,64
ui: tapped 'Clean' at 209,64
[0,0][320,640] devicelab probe | search | Clean | Cancel | devicelab probe | Version: 1 | Author: p0g-stack | Observation module for de
[12,40][235,88] devicelab probe | search | Clean
[185,40][233,88] Clean
[251,40][304,88] Cancel
[12,98][308,267] devicelab probe | Version: 1 | Author: p0g-stack | Observation module for devicelab. Its WebUI page is driven over DevTo
[243,116][292,164] 
[28,210][110,258] Open | Open
[186,210][292,258] Uninstall
[0,552][80,616] Home
[80,552][160,616] Superuser
[240,552][320,616] Settings
ui: tapped 'Open' at 69,234
https://mui.kernelsu.org/index.html
    * Hist  #1: ActivityRecord{e3a893d u0 me.weishu.kernelsu/.ui.webui.WebUIActivity t13}
      packageName=me.weishu.kernelsu processName=me.weishu.kernelsu
      launchedFromUid=10209 launchedFromPackage=me.weishu.kernelsu launchedFromFeature=null userId=0
      app=ProcessRecord{f7557fb 8557:me.weishu.kernelsu/u0a209}
      Intent { dat=ksu://webui?id=devicelab_probe&token=a436b3c95b838ba4c03bf5df2ffab91a6f4a4d9bf3ed1d9c1ac40f7e32156534 flg=0x80000 cmp=me.weishu.kernelsu/.ui.webui.WebUIActivity }
opened: ui
{"check":"targets","result":[{"socket": "webview_devtools_remote_8557", "type": "page", "url": "https://mui.kernelsu.org/index.html", "title": "devicelab probe"}]}
{"check":"globals","result":{"url":"https://mui.kernelsu.org/index.html","socket":"webview_devtools_remote_8557","value":{"ua":"Mozilla/5.0 (Linux; Android 15; sdk_gphone64_x86_64 Build/AE3A.240806.043; wv) AppleWebKit/537.36 (KHTML, like Gecko) Version/4.0 Chrome/124.0.6367.219 Mobile Safari/537.36","origin":"https://mui.kernelsu.org","href":"https://mui.kernelsu.org/index.html","globals":["ksu"],"ksu":["enableEdgeToEdge","exec","exit","fullScreen","getPackagesInfo","listPackages","moduleInfo","spawn","toast","enableEdgeToEdge","exec","exit","fullScreen","getPackagesInfo","listPackages","moduleInfo","spawn","toast"]}}}
{"check":"ksu-exec","result":{"url":"https://mui.kernelsu.org/index.html","socket":"webview_devtools_remote_8557","value":{"code":0,"out":"uid=0(root) gid=0(root) groups=0(root) context=u:r:ksu:s0\nu:r:ksu:s0\u0000","err":""}}}
{"check":"ws-loopback","result":{"url":"https://mui.kernelsu.org/index.html","socket":"webview_devtools_remote_8557","value":{"got":["{\"origin\":\"https://mui.kernelsu.org\",\"peerUid\":10209,\"remote\":\"127.0.0.1:44166\",\"serverUid\":0,\"t\":1790893128982,\"uidSource\":\"/proc/net/tcp\"}","hi"],"ms":14}}}
{"check":"fetch-loopback","result":{"url":"https://mui.kernelsu.org/index.html","socket":"webview_devtools_remote_8557","value":{"origin":"https://mui.kernelsu.org","peerUid":10209,"remote":"127.0.0.1:44180","serverUid":0,"t":1790893129083,"uidSource":"/proc/net/tcp"}}}
{"check":"webview-uid","result":["webview_zygote 1053 webview_zygote", "u0_a209      10209 me.weishu.kernelsu", "u0_a151      10151 com.google.android.webview:webview_service", "u0_i9000     99000 com.google.android.webview:sandboxed_process0:org.chromium.content.app.SandboxedProcessService0:0", "u0_a151      10151 com.google.android.webview:webview_apk"]}
{"check":"while-home-heartbeat","result":{"url":"https://mui.kernelsu.org/index.html","socket":"webview_devtools_remote_8557","value":{"now":9773,"vis":"hidden"}}}
{"check":"lifecycle","result":{"url":"https://mui.kernelsu.org/index.html","socket":"webview_devtools_remote_8557","value":{"events":[{"type":"pageshow","t":105,"vis":"visible"},{"type":"visibilitychange","t":3670,"vis":"hidden"},{"type":"visibilitychange","t":11898,"vis":"visible"}],"gaps":[{"from":3595,"ms":1143,"vis":"hidden"},{"from":4738,"ms":1000,"vis":"hidden"},{"from":7738,"ms":1000,"vis":"hidden"},{"from":9738,"ms":1000,"vis":"hidden"}],"slow":{"heldMs":3002,"sentAt":1790893132229,"resolvedAt":1790893132231,"vis":"hidden"}}}}
{"check":"dev-url","result":{"url":"http://127.0.0.1:8090/index.html","socket":"webview_devtools_remote_8557","value":{"href":"http://127.0.0.1:8090/index.html","ksu":"object","webui":"undefined","globals":["ksu"],"exec":{"code":0,"out":"uid=0(root) gid=0(root) groups=0(root) context=u:r:ksu:s0","err":""}}}}
Starting: Intent { cmp=me.weishu.kernelsu/.ui.webui.WebUIActivity (has extras) }
Status: ok
Activity: me.weishu.kernelsu/.ui.webui.WebUIActivity








Status: ok








Status: ok
https://mui.kernelsu.org/index.html
token found in manager data: 0000000000000000000000000000000000000000000000000000000000000000
opened: intent-token
{"check":"targets","result":[{"type": "page", "url": "https://mui.kernelsu.org/index.html", "title": "Flutter Demo"}]}
{"check":"page","result":{"url":"https://mui.kernelsu.org/index.html","socket":"webview_devtools_remote_9365","value":{"href":"https://mui.kernelsu.org/index.html","title":"Flutter Demo","ready":"complete","flutter":true,"glass":true,"nav":{"dcl":252,"load":488},"paint":{"first-paint":1154,"first-contentful-paint":1154},"glassAt":"present","firstFrame":null,"insets":"24px","vv":[320,640,1]}}}
{"check":"java-exceptions","result":["10-01 22:19:17.303  6396  6431 V WindowManagerShell: Transition animation finished (aborted=false), notifying core (#17) android.os.BinderProxy@a850da5@0", "10-01 22:19:17.306  6175  6194 V WindowManager: Finish Transition (#17): created at 10-01 22:19:16.871 collect-started=0.032ms request-sent=0.157ms started=13.01ms ready=20.592ms sent=22.701ms finished=431.984ms", "10-01 22:19:17.306  6175  6283 I ImeTracker: com.google.android.apps.nexuslauncher:23c67b8c: onRequestHide at ORIGIN_SERVER reason HIDE_SAME_WINDOW_FOCUSED_WITHOUT_EDITOR fromUser false", "--", "10-01 22:19:19.952  6618  7400 I ChimeraSrvcProxy: NullBinder for android.net.action.RECOMMEND_NETWORKS triggering remote TransactionTooLargeException due to Service without Chimera impl", "10-01 22:19:19.952  6618  7400 W .gms.persistent: Large reply transaction of 1056768 bytes, interface descriptor , code 1", "10-01 22:19:20.140  6175  6997 E TaskPersister: File error accessing recents directory (directory doesn't exist?).", "10-01 22:19:21.933  6175  6321 D InetDiagMessage: Destroyed 0 sockets, proto=IPPROTO_TCP, family=AF_INET, states=14", "10-01 22:19:21.933  6175  6321 D InetDiagMessage: Destroyed 0 sockets, proto=IPPROTO_TCP, family=AF_INET6, states=14", "10-01 22:19:21.934  6175  6321 D InetDiagMessage: Destroyed live tcp sockets for uids={10209} in 0ms", "10-01 22:19:21.934  6175  6321 D InetDiagMessage: Destroyed 0 sockets, proto=IPPROTO_TCP, family=AF_INET, states=14", "10-01 22:19:21.934  6175  6321 D InetDiagMessage: Destroyed 0 sockets, proto=IPPROTO_TCP, family=AF_INET6, states=14", "10-01 22:19:21.934  6175  6321 D InetDiagMessage: Destroyed live tcp sockets for uids={20209} in 0ms", "10-01 22:19:22.675  6175  6321 D InetDiagMessage: Destroyed 0 sockets, proto=IPPROTO_TCP, family=AF_INET, states=14", "10-01 22:19:22.676  6175  6321 D InetDiagMessage: Destroyed 0 sockets, proto=IPPROTO_TCP, family=AF_INET6, states=14", "10-01 22:19:22.676  6175  6321 D InetDiagMessage: Destroyed live tcp sockets for uids={10200} in 1ms", "10-01 22:19:22.676  6175  6321 D InetDiagMessage: Destroyed 0 sockets, proto=IPPROTO_TCP, family=AF_INET, states=14", "--", "10-01 22:19:34.426  9365  9521 E SuFilePathHandler: java.io.FileNotFoundException: No such file or directory: /data/adb/modules/flutter_webui_counter/webroot/favicon.ico", "10-01 22:19:34.426  9365  9521 E SuFilePathHandler: \tat zb3.a(r8-map-id-9f7f45feba6f2c95784574c49c444982ed6e6c85bfa15582daceb837f5e42ea2:151)", "10-01 22:19:34.426  9365  9521 E SuFilePathHandler: \tat fk3.e(r8-map-id-9f7f45feba6f2c95784574c49c444982ed6e6c85bfa15582daceb837f5e42ea2:308)", "10-01 22:19:34.426  9365  9521 E SuFilePathHandler: \tat ja4.a(r8-map-id-9f7f45feba6f2c95784574c49c444982ed6e6c85bfa15582daceb837f5e42ea2:99)", "10-01 22:19:34.426  9365  9521 E SuFilePathHandler: \tat o11.shouldInterceptRequest(r8-map-id-9f7f45feba6f2c95784574c49c444982ed6e6c85bfa15582daceb837f5e42ea2:247)", "10-01 22:19:34.737  9583  9583 W BpBinder: Linking to death on android.gui.ISurfaceComposer but there are no threads (yet?) listening to incoming transactions. See ProcessState::startThreadPool and ProcessState::setThreadPoolMaxThreadCount. Generally you should setup the binder threadpool before other initialization steps.", "10-01 22:19:34.738  9583  9583 W ProcessState: Extra binder thread started, but 0 threads requested. Do not use *startThreadPool when zero threads are requested.", "10-01 22:19:34.748   170   170 I hwservicemanager: getTransport: Cannot find entry android.hardware.graphics.mapper@4.0::IMapper/default in either framework or device VINTF manifest.", "10-01 22:19:34.748  9583  9584 I Gralloc4: mapper 4.x is not supported", "10-01 22:19:34.899     0     0 I servicemanager: Caller(pid=9583,uid=0,sid=u:r:su:s0) Could not find android.hardware.graphics.allocator.IAllocator/default in the VINTF manifest. No alternative instances declared in VINTF.", "10-01 22:19:35.250  9365  9401 D EGL_emulation: app_time_stats: avg=75.73ms min=0.87ms max=919.09ms count=21", "--", "10-01 22:19:46.993  6618  7400 I ChimeraSrvcProxy: NullBinder for android.net.action.RECOMMEND_NETWORKS triggering remote TransactionTooLargeException due to Service without Chimera impl", "10-01 22:19:46.993  6618  7400 W .gms.persistent: Large reply transaction of 1056768 bytes, interface descriptor , code 1", "10-01 22:19:46.994  6175  7032 D OomAdjuster: Not killing cached processes", "10-01 22:19:49.138  7081  7081 D BoundBrokerSvc: onUnbind: Intent { act=com.google.android.gms.safetynet.service.START pkg=com.google.android.gms }", "10-01 22:19:49.154  6093  6128 I netd    : tetherGetStats() -> {[]} <0.52ms>", "10-01 22:19:50.054  9595  9595 W BpBinder: Linking to death on android.gui.ISurfaceComposer but there are no threads (yet?) listening to incoming transactions. See ProcessState::startThreadPool and ProcessState::setThreadPoolMaxThreadCount. Generally you should setup the binder threadpool before other initialization steps.", "10-01 22:19:50.055  9595  9595 W ProcessState: Extra binder thread started, but 0 threads requested. Do not use *startThreadPool when zero threads are requested.", "10-01 22:19:50.061   170   170 I hwservicemanager: getTransport: Cannot find entry android.hardware.graphics.mapper@4.0::IMapper/default in either framework or device VINTF manifest.", "10-01 22:19:50.061  9595  9596 I Gralloc4: mapper 4.x is not supported", "10-01 22:19:50.214     0     0 I servicemanager: Caller(pid=9595,uid=0,sid=u:r:su:s0) Could not find android.hardware.graphics.allocator.IAllocator/default in the VINTF manifest. No alternative instances declared in VINTF."]}
{"check":"console-errors","result":["--------- beginning of main", "10-01 22:19:33.836  9365  9515 E chromium: [1001/221933.836345:ERROR:variations_seed_loader.cc(37)] Seed missing signature.", "10-01 22:19:33.836  9365  9515 I chromium: [1001/221933.836750:INFO:variations_seed_loader.cc(66)] Failed to open file for reading.: No such file or directory (2)", "10-01 22:19:33.961  9526  9550 W chromium: [WARNING:runtime_features.cc(694)] SharedStorage for M118+ cannot be enabled in this configuration. Use --enable-features=SharedStorageAPI,SharedStorageAPIM118 in addition.", "10-01 22:19:33.961  9526  9550 W chromium: [WARNING:runtime_features.cc(730)] AttributionReportingCrossAppWeb cannot be enabled in this configuration. Use --enable-features=ConversionMeasurement,AttributionReportingCrossAppWeb in addition.", "10-01 22:19:34.013  9526  9550 I chromium: [INFO:viewport_data.cc(133)] E2E_Used ViewportFitCover", "10-01 22:19:34.190  9365  9365 I chromium: [INFO:CONSOLE(3)] \"Injecting <script> tag. Using callback.\", source: https://mui.kernelsu.org/flutter_bootstrap.js (3)"]}
{"check":"first-frame-warm","result":{"url":"https://mui.kernelsu.org/index.html","socket":"webview_devtools_remote_9365","value":{"firstFrameMs":302,"now":15053,"flutter":true,"resizes":[],"paint":{"first-paint":665,"first-contentful-paint":665},"calls":[[22,"at-preload","ksu:undefined webui:undefined"],[25,"ksu-defined"],[33,"wrap-failed","exec"],[40,"wrap-failed","spawn"],[41,"wrap-failed","moduleInfo"],[41,"wrap-failed","fullScreen"],[41,"wrap-failed","enableEdgeToEdge"],[41,"wrap-failed","toast"],[41,"wrap-failed","exit"]],"resources":[["/internal/insets.css",17,44,"link",0],["/flutter_webui.css",17,53,"link",0],["/flutter_webui.js",17,58,"script",0],["/flutter_bootstrap.js",18,53,"script",0],["/canvaskit/chromium/canvaskit.wasm",89,126,"fetch",0],["/canvaskit/chromium/canvaskit.js",89,108,"other",0],["/main.dart.js",90,117,"script",0],["/assets/FontManifest.json",244,254,"fetch",0],["/favicon.ico",246,249,"other",0],["/assets/fonts/MaterialIcons-Regular.otf",255,264,"fetch",0],["/assets/packages/cupertino_icons/assets/CupertinoIcons.ttf",255,264,"fetch",0],["/assets/fonts/fallback/Roboto-Regular.ttf",255,264,"fetch",0]],"marks":[["flutter_webui:register",266],["flutter_webui:registered",268],["flutter_webui:first-frame",302]],"measures":[],"fonts":[]}}}
{"check":"root-start","result":{"url":"https://mui.kernelsu.org/index.html","socket":"webview_devtools_remote_9365","value":{"code":0,"out":"","err":"","ms":70}}}
{"check":"session","result":{"url":"https://mui.kernelsu.org/index.html","socket":"webview_devtools_remote_9365","value":{"status":200,"ms":11,"protocol":1,"version":"0.1.0","port":38537,"pid":9635,"tokenLen":43}}}
{"check":"ws-hello","result":{"url":"https://mui.kernelsu.org/index.html","socket":"webview_devtools_remote_9365","value":{"first":"{\"op\":\"hello\",\"protocol\":1,\"version\":\"0.1.0\",\"pid\":9635,\"boot\":\"63492ad5-6b09-40a2-9a9c-512048d57d8f\",\"uid\":0,\"moduleDir\":\"/data/adb/modules/flutter_webui_counter\"}"}}}
{"check":"channel-process","result":"USER           UID LABEL                            PID NAME                       \nroot             0 u:r:ksu:s0                      9635 ld-linux-x86-64.so.2\nexe=/data/adb/modules/flutter_webui_counter/flutter_webui/x86_64/ld-linux-x86-64.so.2\n/data/adb/modules/flutter_webui_counter/flutter_webui/x86_64/ld-linux-x86-64.so.2 --library-path /data/adb/modules/flutter_webui_counter/flutter_webui/x86_64 /data/adb/modules/flutter_webui_counter/flutter_webui/x86_64/dartaotruntime /data/adb/modules/flutter_webui_counter/flutter_webui/x86_64/flutter_webui_root.aot serve --module-dir /data/adb/modules/flutter_webui_counter \narm64-v8a\nroot\nx86_64\n/data/adb/modules/flutter_webui_counter/flutter_webui/arm64-v8a:\ndartaotruntime\nflutter_webui_root.aot\nld-linux-aarch64.so.1\nlibc.so.6\nlibdl.so.2\nlibm.so.6\nlibpthread.so.0\n\n/data/adb/modules/flutter_webui_counter/flutter_webui/x86_64:\ndartaotruntime\nflutter_webui_root.aot\nld-linux-x86-64.so.2\nlibc.so.6\nlibdl.so.2\nlibm.so.6\nlibpthread.so.0"}
{"check":"root-log","result":"2026-10-01T22:20:05.838781 listening on 127.0.0.1:38537"}
{"check":"session-mode","result":"total 44\ndrwx--x--x 3 root root 4096 2026-10-01 22:20 .\ndrwxr-xr-x 7 root root 4096 2026-10-01 22:20 ..\n-rw------- 1 root root    0 2026-10-01 22:20 lock\ndrwx------ 2 root root 4096 2026-10-01 22:20 proc\n-rw------- 1 root root   56 2026-10-01 22:20 root.log\n-rw-r--r-- 1 root root  196 2026-10-01 22:20 session.json"}
{"check":"home-resume","result":{"url":"https://mui.kernelsu.org/index.html","socket":"webview_devtools_remote_9365","value":{"events":[["visibilitychange","hidden",15799],["visibilitychange","visible",22881]],"ticks":19,"vis":"visible","hasFocus":false}}}
{"check":"before-back","result":{"url":"https://mui.kernelsu.org/index.html","socket":"webview_devtools_remote_9365","value":{"historyLength":2,"historyState":"{\"flutter\":true}","href":"https://mui.kernelsu.org/index.html","typeofWebui":"undefined","typeofWebuiExit":"undefined","typeofKsuExit":"function","webuiKeys":null,"wrapped":"no webui.exit"}}}
{"check":"back-events","result":{"error":"no page target","sockets":["webview_devtools_remote_9365"],"targets":[]}}
{"check":"back-console","result":["10-01 22:20:17.119  9365  9365 E chromium: [ERROR:aw_browser_terminator.cc(154)] Renderer process (9526) crash detected (code -1).", "10-01 22:20:17.120  6175  7463 I ActivityManager: Killing 9526:com.google.android.webview:sandboxed_process0:org.chromium.content.app.SandboxedProcessService0:0/u0a209i1 (adj 0): isolated not needed"]}
{"check":"back-at-root","result":"topResumedActivity=ActivityRecord{1c92705 u0 com.google.android.apps.nexuslauncher/.NexusLauncherActivity t10}"}
Starting: Intent { cmp=me.weishu.kernelsu/.ui.webui.WebUIActivity (has extras) }
Status: ok
Activity: me.weishu.kernelsu/.ui.webui.WebUIActivity








Status: ok








Status: ok
https://mui.kernelsu.org/index.html
token found in manager data: 0000000000000000000000000000000000000000000000000000000000000000
opened: intent-token
{"check":"targets","result":[{"type": "page", "url": "https://mui.kernelsu.org/index.html", "title": "Flutter Demo"}]}
{"check":"page","result":{"url":"https://mui.kernelsu.org/index.html","socket":"webview_devtools_remote_9762","value":{"href":"https://mui.kernelsu.org/index.html","title":"Flutter Demo","ready":"complete","flutter":true,"glass":true,"nav":{"dcl":85,"load":451},"paint":{"first-paint":1282,"first-contentful-paint":1282},"glassAt":"present","firstFrame":null,"insets":null,"vv":[320,592,1]}}}
{"check":"java-exceptions","result":["10-01 22:20:29.312  6839  7373 D OneSearchSuggestProvider: \tat android.app.appsearch.SearchSessionUtil$1.$r8$lambda$CEk3q8sDAQVhU3rQwVueB8FAj_M(go/retraceme 64eee9e9f568ff45978879ad2ff83146f2618ee8a88278736fbdf5fae931976e:1)", "10-01 22:20:29.312  6839  7373 D OneSearchSuggestProvider: \tat android.app.appsearch.SearchSessionUtil$1$$ExternalSyntheticLambda0.run(go/retraceme 64eee9e9f568ff45978879ad2ff83146f2618ee8a88278736fbdf5fae931976e:22)", "10-01 22:20:29.312  6839  7373 D OneSearchSuggestProvider: \tat android.os.Handler.handleCallback(Handler.java:959)", "10-01 22:20:29.312  6839  7373 D OneSearchSuggestProvider: \tat android.os.Handler.dispatchMessage(Handler.java:100)", "10-01 22:20:29.312  6839  7373 D OneSearchSuggestProvider: \tat android.os.Looper.loopOnce(Looper.java:232)", "10-01 22:20:29.312  6839  7373 D OneSearchSuggestProvider: \tat android.os.Looper.loop(Looper.java:317)", "10-01 22:20:29.312  6839  7373 D OneSearchSuggestProvider: \tat android.os.HandlerThread.run(HandlerThread.java:85)", "10-01 22:20:29.312  6839  7373 D OneSearchSuggestProvider: Caused by: java.util.NoSuchElementException: No value present", "10-01 22:20:29.312  6839  7373 D OneSearchSuggestProvider: \tat java.util.Optional.get(Optional.java:143)", "10-01 22:20:29.312  6839  7373 D OneSearchSuggestProvider: \tat com.google.android.apps.nexuslauncher.allapps.E0.onResult(go/retraceme 31f9979659277bb965985aff1272c33e3c3c9e755b77166d20a2465454178f2c:28)", "10-01 22:20:29.312  6839  7373 D OneSearchSuggestProvider: \t... 8 more", "10-01 22:20:29.313  6839  7373 D OneSearchSuggestProvider: Established or reuse existing binder channel authority=com.google.android.googlequicksearchbox", "10-01 22:20:29.313  6839  9720 E OneSearchSuggestProvider: Unable to get suggestions from AGA", "10-01 22:20:29.313  6839  9720 E OneSearchSuggestProvider: io.grpc.StatusRuntimeException: UNIMPLEMENTED: bindService(Intent { act=grpc.io.action.BIND cmp=com.google.android.googlequicksearchbox/com.google.android.apps.search.googleapp.search.suggest.plugins.onesearch.server.OneSearchSuggestService }) returned false", "10-01 22:20:29.313  6839  9720 E OneSearchSuggestProvider: \tat k3.e.a(go/retraceme 31f9979659277bb965985aff1272c33e3c3c9e755b77166d20a2465454178f2c:77)", "10-01 22:20:29.313  6839  9720 E OneSearchSuggestProvider: \tat i3.l.b(go/retraceme 31f9979659277bb965985aff1272c33e3c3c9e755b77166d20a2465454178f2c:43)", "10-01 22:20:29.313  6839  9720 E OneSearchSuggestProvider: \tat i3.l.a(go/retraceme 31f9979659277bb965985aff1272c33e3c3c9e755b77166d20a2465454178f2c:27)", "10-01 22:20:29.313  6839  9720 E OneSearchSuggestProvider: \tat i3.z.run(go/retraceme 31f9979659277bb965985aff1272c33e3c3c9e755b77166d20a2465454178f2c:7)", "10-01 22:20:29.313  6839  9720 E OneSearchSuggestProvider: \tat i3.m2.run(go/retraceme 31f9979659277bb965985aff1272c33e3c3c9e755b77166d20a2465454178f2c:19)", "10-01 22:20:29.313  6839  9720 E OneSearchSuggestProvider: \tat java.util.concurrent.ThreadPoolExecutor.runWorker(ThreadPoolExecutor.java:1145)", "10-01 22:20:29.313  6839  9720 E OneSearchSuggestProvider: \tat java.util.concurrent.ThreadPoolExecutor$Worker.run(ThreadPoolExecutor.java:644)", "10-01 22:20:29.313  6839  9720 E OneSearchSuggestProvider: \tat java.lang.Thread.run(Thread.java:1012)", "10-01 22:20:29.322  6839  6839 D StateManager: createAtomicAnimation - fromState: Background, toState: Normal, partial trace:", "10-01 22:20:29.322  6839  6839 D StateManager: \tat com.android.quickstep.util.StaggeredWorkspaceAnim.prepareToAnimate(go/retraceme 31f9979659277bb965985aff1272c33e3c3c9e755b77166d20a2465454178f2c:22)", "10-01 22:20:29.322  6839  6839 D StateManager: \tat com.android.quickstep.util.StaggeredWorkspaceAnim.<init>(go/retraceme 31f9979659277bb965985aff1272c33e3c3c9e755b77166d20a2465454178f2c:4)", "10-01 22:20:29.322  6839  6839 D StateManager: \tat com.android.quickstep.util.StaggeredWorkspaceAnim.<init>(go/retraceme 31f9979659277bb965985aff1272c33e3c3c9e755b77166d20a2465454178f2c:1)", "--", "10-01 22:20:53.077  6618  6629 I ChimeraSrvcProxy: NullBinder for android.net.action.RECOMMEND_NETWORKS triggering remote TransactionTooLargeException due to Service without Chimera impl", "10-01 22:20:53.077  6618  6629 W .gms.persistent: Large reply transaction of 1056768 bytes, interface descriptor , code 1", "10-01 22:20:53.557  9964  9964 W BpBinder: Linking to death on android.gui.ISurfaceComposer but there are no threads (yet?) listening to incoming transactions. See ProcessState::startThreadPool and ProcessState::setThreadPoolMaxThreadCount. Generally you should setup the binder threadpool before other initialization steps.", "10-01 22:20:53.557  9964  9964 W ProcessState: Extra binder thread started, but 0 threads requested. Do not use *startThreadPool when zero threads are requested.", "10-01 22:20:53.563   170   170 I hwservicemanager: getTransport: Cannot find entry android.hardware.graphics.mapper@4.0::IMapper/default in either framework or device VINTF manifest.", "10-01 22:20:53.563  9964  9965 I Gralloc4: mapper 4.x is not supported", "10-01 22:20:53.717     0     0 I servicemanager: Caller(pid=9964,uid=0,sid=u:r:su:s0) Could not find android.hardware.graphics.allocator.IAllocator/default in the VINTF manifest. No alternative instances declared in VINTF.", "10-01 22:20:56.476  6175  6264 D ActivityManager: freezing 9145 com.google.android.webview:webview_service", "10-01 22:20:56.477  6175  6321 D InetDiagMessage: Destroyed 0 sockets, proto=IPPROTO_TCP, family=AF_INET, states=14", "10-01 22:20:56.478  6175  6321 D InetDiagMessage: Destroyed 0 sockets, proto=IPPROTO_TCP, family=AF_INET6, states=14", "10-01 22:20:56.478  6175  6321 D InetDiagMessage: Destroyed live tcp sockets for uids={10151} in 1ms", "10-01 22:20:59.106  6175  6208 D OomAdjuster: Not killing cached processes", "10-01 22:21:00.015  6955  7116 I AiAiEcho: Predicting[0]:  [CONTEXT sampling_count=5 ]"]}
{"check":"console-errors","result":["--------- beginning of main", "10-01 22:20:46.321  9762  9882 E chromium: [1001/222046.320637:ERROR:variations_seed_loader.cc(37)] Seed missing signature.", "10-01 22:20:46.321  9762  9882 I chromium: [1001/222046.321313:INFO:variations_seed_loader.cc(66)] Failed to open file for reading.: No such file or directory (2)", "10-01 22:20:46.451  9888  9916 W chromium: [WARNING:runtime_features.cc(694)] SharedStorage for M118+ cannot be enabled in this configuration. Use --enable-features=SharedStorageAPI,SharedStorageAPIM118 in addition.", "10-01 22:20:46.451  9888  9916 W chromium: [WARNING:runtime_features.cc(730)] AttributionReportingCrossAppWeb cannot be enabled in this configuration. Use --enable-features=ConversionMeasurement,AttributionReportingCrossAppWeb in addition.", "10-01 22:20:46.625  9762  9762 I chromium: [INFO:CONSOLE(1)] \"Injecting <script> tag. Using callback.\", source: https://mui.kernelsu.org/flutter_bootstrap.js (1)"]}
{"check":"first-frame-warm","result":{"url":"https://mui.kernelsu.org/index.html","socket":"webview_devtools_remote_9762","value":{"firstFrameMs":320,"now":15049,"flutter":true,"resizes":[],"paint":{"first-paint":655,"first-contentful-paint":655},"calls":[[15,"at-preload","ksu:undefined webui:undefined"],[17,"ksu-defined"],[26,"wrap-failed","exec"],[26,"wrap-failed","spawn"],[27,"wrap-failed","moduleInfo"],[28,"wrap-failed","fullScreen"],[30,"wrap-failed","enableEdgeToEdge"],[32,"wrap-failed","toast"],[32,"wrap-failed","exit"]],"resources":[["/flutter_bootstrap.js",13,38,"script",0],["/canvaskit/chromium/canvaskit.wasm",76,128,"fetch",0],["/canvaskit/chromium/canvaskit.js",77,91,"other",0],["/main.dart.js",77,108,"script",0],["/assets/FontManifest.json",259,267,"fetch",0],["/favicon.png",261,270,"other",0],["/assets/fonts/MaterialIcons-Regular.otf",268,277,"fetch",0],["/assets/packages/cupertino_icons/assets/CupertinoIcons.ttf",268,278,"fetch",0],["/assets/fonts/fallback/Roboto-Regular.ttf",269,281,"fetch",0],["/favicon.png",653,666,"other",0]],"marks":[],"measures":[],"fonts":[]}}}
Starting: Intent { cmp=me.weishu.kernelsu/.ui.webui.WebUIActivity (has extras) }
Status: ok
Activity: me.weishu.kernelsu/.ui.webui.WebUIActivity








Status: ok








Segmentation fault 
Status: ok
https://mui.kernelsu.org/index.html
token found in manager data: a436b3c95b838ba4c03bf5df2ffab91a6f4a4d9bf3ed1d9c1ac40f7e32156534
opened: intent-token
{"check":"targets","result":[{"type": "page", "url": "https://mui.kernelsu.org/index.html", "title": "Demo"}]}
{"check":"page","result":{"url":"https://mui.kernelsu.org/index.html","socket":"webview_devtools_remote_10024","value":{"href":"https://mui.kernelsu.org/index.html","title":"Demo","ready":"complete","flutter":true,"glass":true,"nav":{"dcl":130,"load":551},"paint":{"first-paint":1054,"first-contentful-paint":1898},"glassAt":"present","firstFrame":null,"insets":"24px","vv":[320,640,1]}}}
{"check":"java-exceptions","result":["10-01 22:21:48.217  6618  7949 W GLSUser : \tat bpdw.b(:com.google.android.gms@242335041@24.23.35 (190800-646585959):80)", "10-01 22:21:48.217  6618  7949 W GLSUser : \tat bpgb.e(:com.google.android.gms@242335041@24.23.35 (190800-646585959):17)", "10-01 22:21:48.217  6618  7949 W GLSUser : \tat bpgp.onSucceeded(:com.google.android.gms@242335041@24.23.35 (190800-646585959):7)", "10-01 22:21:48.217  6618  7949 W GLSUser : \tat m.mw.onSucceeded(:com.google.android.gms.dynamite_cronetdynamite@242335041@24.23.35 (190800-0):3)", "10-01 22:21:48.217  6618  7949 W GLSUser : \tat m.lt.run(:com.google.android.gms.dynamite_cronetdynamite@242335041@24.23.35 (190800-0):25)", "10-01 22:21:48.217  6618  7949 W GLSUser : \t... 6 more", "10-01 22:21:48.217  6618  7949 W GLSUser : Caused by: fkhe: Protocol message contained an invalid tag (zero).", "10-01 22:21:48.217  6618  7949 W GLSUser : \tat fkea.k(:com.google.android.gms@242335041@24.23.35 (190800-646585959):39)", "10-01 22:21:48.217  6618  7949 W GLSUser : \tat fkid.c(:com.google.android.gms@242335041@24.23.35 (190800-646585959):309)", "10-01 22:21:48.217  6618  7949 W GLSUser : \tat fkid.i(:com.google.android.gms@242335041@24.23.35 (190800-646585959):8)", "10-01 22:21:48.217  6618  7949 W GLSUser : \tat fkgi.fe(:com.google.android.gms@242335041@24.23.35 (190800-646585959):25)", "10-01 22:21:48.217  6618  7949 W GLSUser : \tat fkgc.g(:com.google.android.gms@242335041@24.23.35 (190800-646585959):3)", "--", "10-01 22:21:50.159  6618  6629 I ChimeraSrvcProxy: NullBinder for android.net.action.RECOMMEND_NETWORKS triggering remote TransactionTooLargeException due to Service without Chimera impl", "10-01 22:21:50.159  6618  6629 W .gms.persistent: Large reply transaction of 1056768 bytes, interface descriptor , code 1", "10-01 22:21:50.567  6175  6175 I ResourceTimer: GetResourceValue count=4775 pvalues=1000,7000,10000,25000", "10-01 22:21:50.567  6175  6175 I ResourceTimer: RetrieveAttributes count=6813 pvalues=1000,1000,1000,6000", "10-01 22:21:51.565  6618  7805 V NativeCrypto: Read error: ssl=0x79539ec36758: I/O error during system call, Connection reset by peer", "10-01 22:21:51.566  6618 10249 V NativeCrypto: SSL shutdown failed: ssl=0x79539ec36758: I/O error during system call, Broken pipe", "10-01 22:21:51.567  6618 10249 E WakeLock: GCM_HB_ALARM release without a matched acquire!", "10-01 22:21:51.567  6618 10249 W WakeLock: GCM_HB_ALARM counter does not exist", "10-01 22:21:51.567  6175  6321 D ConnectivityService: reportNetworkConnectivity(101, false) by 10143", "10-01 22:21:51.567  6618 10249 I AlarmManager: setExactAndAllowWhileIdle [name: GCM_CONN_ALARM type: 2 triggerAtMillis: 385257]", "10-01 22:21:51.568  6175  6321 W IPCThreadState: Sending oneway calls to frozen process.", "10-01 22:21:51.568  6618 10249 W WakeLock: GCM_CONN_ALARM counter does not exist", "10-01 22:21:51.568  6479  7629 D NetworkMonitor/101: Forcing reevaluation for UID 10143. Dns signal count: 0", "--", "10-01 22:21:53.161  6618  6629 I ChimeraSrvcProxy: NullBinder for android.net.action.RECOMMEND_NETWORKS triggering remote TransactionTooLargeException due to Service without Chimera impl", "10-01 22:21:53.161  6175  6321 W IPCThreadState: Sending oneway calls to frozen process.", "10-01 22:21:53.161  6175  6321 W IPCThreadState: Sending oneway calls to frozen process.", "10-01 22:21:53.161  6618  6629 W .gms.persistent: Large reply transaction of 1056768 bytes, interface descriptor , code 1", "10-01 22:21:53.213  6175  6196 I DropBoxManagerService: add tag=system_server_strictmode isTagEnabled=true flags=0x2", "10-01 22:21:53.214  6175  6196 I DropBoxManagerService: add tag=system_server_strictmode isTagEnabled=true flags=0x2", "10-01 22:21:53.214  6175  6196 I DropBoxManagerService: add tag=system_server_strictmode isTagEnabled=true flags=0x2", "10-01 22:21:53.214  6175  6196 I DropBoxManagerService: add tag=system_server_strictmode isTagEnabled=true flags=0x2", "10-01 22:21:53.235 10304 10304 W BpBinder: Linking to death on android.gui.ISurfaceComposer but there are no threads (yet?) listening to incoming transactions. See ProcessState::startThreadPool and ProcessState::setThreadPoolMaxThreadCount. Generally you should setup the binder threadpool before other initialization steps.", "10-01 22:21:53.235 10304 10304 W ProcessState: Extra binder thread started, but 0 threads requested. Do not use *startThreadPool when zero threads are requested.", "10-01 22:21:53.242   170   170 I hwservicemanager: getTransport: Cannot find entry android.hardware.graphics.mapper@4.0::IMapper/default in either framework or device VINTF manifest.", "10-01 22:21:53.242 10304 10305 I Gralloc4: mapper 4.x is not supported", "10-01 22:21:53.395     0     0 I servicemanager: Caller(pid=10304,uid=0,sid=u:r:su:s0) Could not find android.hardware.graphics.allocator.IAllocator/default in the VINTF manifest. No alternative instances declared in VINTF."]}
{"check":"console-errors","result":["--------- beginning of main", "10-01 22:21:36.571 10024 10160 E chromium: [1001/222136.571107:ERROR:variations_seed_loader.cc(37)] Seed missing signature.", "10-01 22:21:36.571 10024 10160 I chromium: [1001/222136.571456:INFO:variations_seed_loader.cc(66)] Failed to open file for reading.: No such file or directory (2)", "10-01 22:21:36.713 10167 10191 W chromium: [WARNING:runtime_features.cc(694)] SharedStorage for M118+ cannot be enabled in this configuration. Use --enable-features=SharedStorageAPI,SharedStorageAPIM118 in addition.", "10-01 22:21:36.713 10167 10191 W chromium: [WARNING:runtime_features.cc(730)] AttributionReportingCrossAppWeb cannot be enabled in this configuration. Use --enable-features=ConversionMeasurement,AttributionReportingCrossAppWeb in addition.", "10-01 22:21:36.776 10167 10191 I chromium: [INFO:viewport_data.cc(133)] E2E_Used ViewportFitCover", "10-01 22:21:36.932 10024 10024 I chromium: [INFO:CONSOLE(3)] \"Injecting <script> tag. Using callback.\", source: https://mui.kernelsu.org/flutter_bootstrap.js (3)"]}
{"check":"first-frame-warm","result":{"url":"https://mui.kernelsu.org/index.html","socket":"webview_devtools_remote_10024","value":{"firstFrameMs":412,"now":15053,"flutter":true,"resizes":[],"paint":{"first-paint":852,"first-contentful-paint":852},"calls":[[22,"at-preload","ksu:undefined webui:undefined"],[27,"ksu-defined"],[30,"wrap-failed","exec"],[31,"wrap-failed","spawn"],[31,"wrap-failed","moduleInfo"],[31,"wrap-failed","fullScreen"],[31,"wrap-failed","enableEdgeToEdge"],[31,"wrap-failed","toast"],[32,"wrap-failed","exit"]],"resources":[["/internal/insets.css",25,32,"link",0],["/internal/colors.css",26,32,"link",0],["/flutter_webui.css",26,57,"link",0],["/flutter_webui.js",26,66,"script",0],["/flutter_bootstrap.js",26,67,"script",0],["/canvaskit/chromium/canvaskit.wasm",92,131,"fetch",0],["/canvaskit/chromium/canvaskit.js",92,108,"other",0],["/main.dart.js",92,127,"script",0],["/assets/FontManifest.json",299,309,"fetch",0],["/favicon.ico",308,312,"other",0],["/assets/fonts/MaterialIcons-Regular.otf",310,319,"fetch",0],["/assets/fonts/fallback/Roboto-Regular.ttf",310,320,"fetch",0],["/internal/colors.css",329,413,"fetch",0],["/pkg/demo_native.js",848,864,"fetch",0]],"marks":[["flutter_webui:register",324],["flutter_webui:registered",326],["flutter_webui:first-frame",412]],"measures":[],"fonts":[]}}}
{"url":"https://mui.kernelsu.org/index.html","socket":"webview_devtools_remote_10024","value":"semantics on"}
{"check":"home","result":{"url":"https://mui.kernelsu.org/index.html","socket":"webview_devtools_remote_10024","value":["Squadron","Process","native","net","Say hello","Count to 5","SHA-256","Demo pages\nOne page per thing the stack promises.","Places","Strategy","Rust","Lifecycle","Shell","Plugins"]}}
{"check":"colors-css","result":{"url":"https://mui.kernelsu.org/index.html","socket":"webview_devtools_remote_10024","value":{"status":200,"type":"text/css","body":""}}}
{"check":"wasm-at-home","result":{"url":"https://mui.kernelsu.org/index.html","socket":"webview_devtools_remote_10024","value":{"wasm":[{"name":"chromium/canvaskit.wasm","start":92,"dur":40}],"marks":[{"name":"flutter_webui:register","t":324},{"name":"flutter_webui:registered","t":326},{"name":"flutter_webui:first-frame","t":412}],"measures":[],"now":18454}}}
{"check":"tap-places","result":{"url":"https://mui.kernelsu.org/index.html","socket":"webview_devtools_remote_10024","value":"tapped Places at 16,572 size 288x56 role button tappable"}}
{"check":"places","result":{"url":"https://mui.kernelsu.org/index.html","socket":"webview_devtools_remote_10024","value":["Back\nBack","One service, DemoService, opened in every place this build knows. Each place probes its own facts from inside; the page never guesses from the platform it was built for.","200k","1M","3M","Count primes in every place","Restart places","inline (the caller)\nkind: inline\nstart 342 ms, first facts() round trip 80 ms\nroot\ncheck: effective uid 0\nblock_devices\ncheck: a kernel-listed block device opens for reading\nusb.native\ncheck: /dev/bus/usb lists\nusb.web\ncheck: navigator.usb exists\nprocess.spawn\ncheck: a shell runs\nfs.persistent\ncheck: working dir writable, or storage persisted\nnet\ncheck: a non-loopback interface is up, or onLine\nnative\ncheck: null","worker (isolate or Web Worker)\nkind: web_worker\nstart 297 ms, first facts() round trip 27 ms\nroot\ncheck: effective uid 0\nblock_devices\ncheck: a kernel-listed block device opens for reading\nusb.native\ncheck: /dev/bus/usb lists\nusb.web\ncheck: navigator.usb exists\nprocess.spawn\ncheck: a shell runs\nfs.persistent\ncheck: working dir writable, or storage persisted\nnet\ncheck: a non-loopback interface is up, or onLine\nnative\ncheck: null","Places","Strategy","Rust","Lifecycle","Shell","Plugins"]}}
{"check":"places-scroll-1","result":{"url":"https://mui.kernelsu.org/index.html","socket":"webview_devtools_remote_10024","value":["Back\nBack","Count primes in every place","Restart places","inline (the caller)\nkind: inline\nstart 342 ms, first facts() round trip 80 ms\nroot\ncheck: effective uid 0\nblock_devices\ncheck: a kernel-listed block device opens for reading\nusb.native\ncheck: /dev/bus/usb lists\nusb.web\ncheck: navigator.usb exists\nprocess.spawn\ncheck: a shell runs\nfs.persistent\ncheck: working dir writable, or storage persisted\nnet\ncheck: a non-loopback interface is up, or onLine\nnative\ncheck: null","worker (isolate or Web Worker)\nkind: web_worker\nstart 297 ms, first facts() round trip 27 ms\nroot\ncheck: effective uid 0\nblock_devices\ncheck: a kernel-listed block device opens for reading\nusb.native\ncheck: /dev/bus/usb lists\nusb.web\ncheck: navigator.usb exists\nprocess.spawn\ncheck: a shell runs\nfs.persistent\ncheck: working dir writable, or storage persisted\nnet\ncheck: a non-loopback interface is up, or onLine\nnative\ncheck: null","root process (the app CLI, serve mode)\nkind: process\nstart 213 ms, first facts() round trip 0 ms\nroot\ncheck: effective uid 0\nblock_devices\ncheck: a kernel-listed block device opens for reading\nusb.native\ncheck: /dev/bus/usb lists\nusb.web\ncheck: navigator.usb exists\nprocess.spawn\ncheck: a shell runs\nfs.persistent\ncheck: working dir writable, or storage persisted\nnet\ncheck: a non-loopback interface is up, or onLine\nnative\ncheck: null","Places","Strategy","Rust","Lifecycle","Shell","Plugins"]}}
{"check":"places-scroll-2","result":{"url":"https://mui.kernelsu.org/index.html","socket":"webview_devtools_remote_10024","value":["Back\nBack","inline (the caller)\nkind: inline\nstart 342 ms, first facts() round trip 80 ms\nroot\ncheck: effective uid 0\nblock_devices\ncheck: a kernel-listed block device opens for reading\nusb.native\ncheck: /dev/bus/usb lists\nusb.web\ncheck: navigator.usb exists\nprocess.spawn\ncheck: a shell runs\nfs.persistent\ncheck: working dir writable, or storage persisted\nnet\ncheck: a non-loopback interface is up, or onLine\nnative\ncheck: null","worker (isolate or Web Worker)\nkind: web_worker\nstart 297 ms, first facts() round trip 27 ms\nroot\ncheck: effective uid 0\nblock_devices\ncheck: a kernel-listed block device opens for reading\nusb.native\ncheck: /dev/bus/usb lists\nusb.web\ncheck: navigator.usb exists\nprocess.spawn\ncheck: a shell runs\nfs.persistent\ncheck: working dir writable, or storage persisted\nnet\ncheck: a non-loopback interface is up, or onLine\nnative\ncheck: null","root process (the app CLI, serve mode)\nkind: process\nstart 213 ms, first facts() round trip 0 ms\nroot\ncheck: effective uid 0\nblock_devices\ncheck: a kernel-listed block device opens for reading\nusb.native\ncheck: /dev/bus/usb lists\nusb.web\ncheck: navigator.usb exists\nprocess.spawn\ncheck: a shell runs\nfs.persistent\ncheck: working dir writable, or storage persisted\nnet\ncheck: a non-loopback interface is up, or onLine\nnative\ncheck: null","Places","Strategy","Rust","Lifecycle","Shell","Plugins"]}}
{"check":"places-scroll-3","result":{"url":"https://mui.kernelsu.org/index.html","socket":"webview_devtools_remote_10024","value":["Back\nBack","worker (isolate or Web Worker)\nkind: web_worker\nstart 297 ms, first facts() round trip 27 ms\nroot\ncheck: effective uid 0\nblock_devices\ncheck: a kernel-listed block device opens for reading\nusb.native\ncheck: /dev/bus/usb lists\nusb.web\ncheck: navigator.usb exists\nprocess.spawn\ncheck: a shell runs\nfs.persistent\ncheck: working dir writable, or storage persisted\nnet\ncheck: a non-loopback interface is up, or onLine\nnative\ncheck: null","root process (the app CLI, serve mode)\nkind: process\nstart 213 ms, first facts() round trip 0 ms\nroot\ncheck: effective uid 0\nblock_devices\ncheck: a kernel-listed block device opens for reading\nusb.native\ncheck: /dev/bus/usb lists\nusb.web\ncheck: navigator.usb exists\nprocess.spawn\ncheck: a shell runs\nfs.persistent\ncheck: working dir writable, or storage persisted\nnet\ncheck: a non-loopback interface is up, or onLine\nnative\ncheck: null","Reference: one call and one stream per place\nsquadron_process doc/benchmark.md, a 4-vCPU VM. Not measured here; devicelab measures devices.\nCall: isolate 31 µs, Web Worker (dart2js) 120 µs, process 247 µs, process from the page 401 µs.\n64 KiB stream: isolate 3643 MiB/s, Web Worker 631 MiB/s, process link about 110 MiB/s.","Places","Strategy","Rust","Lifecycle","Shell","Plugins"]}}
{"check":"tap-strategy","result":{"url":"https://mui.kernelsu.org/index.html","socket":"webview_devtools_remote_10024","value":"tapped Strategy at 53,536 size 53x80 role tab tappable"}}
{"check":"strategy","result":{"url":"https://mui.kernelsu.org/index.html","socket":"webview_devtools_remote_10024","value":["Back\nBack","Objective: list the device's partitions. Strategies in preference order: on the device as root, then from a host over USB. The first one the place's facts allow runs; nothing reads kIsWeb or Platform.","Place","inline (the caller)","worker (isolate or Web Worker)","root process (the app CLI, serve mode)","Facts from inline (the caller)\nSwitch a fact off to see the fallback. You can only take facts away.\nroot\ncheck: effective uid 0\nblock_devices\ncheck: a kernel-listed block device opens for reading\nusb.native\ncheck: /dev/bus/usb lists\nusb.web\ncheck: navigator.usb exists\nprocess.spawn\ncheck: a shell runs\nfs.persistent\ncheck: working dir writable, or storage persisted\nnet\ncheck: a non-loopback interface is up, or onLine\nnative\ncheck: null","root","block_devices","usb.native","process.spawn","Places","Strategy","Rust","Lifecycle","Shell","Plugins"]}}
{"check":"tap-strategy-root","result":{"url":"https://mui.kernelsu.org/index.html","socket":"webview_devtools_remote_10024","value":"tapped root process at 24,358 size 272x48 role checkbox tappable"}}
{"check":"strategy-root","result":{"url":"https://mui.kernelsu.org/index.html","socket":"webview_devtools_remote_10024","value":["Back\nBack","Objective: list the device's partitions. Strategies in preference order: on the device as root, then from a host over USB. The first one the place's facts allow runs; nothing reads kIsWeb or Platform.","Place","inline (the caller)","worker (isolate or Web Worker)","root process (the app CLI, serve mode)","Facts from root process (the app CLI, serve mode)\nSwitch a fact off to see the fallback. You can only take facts away.\nroot\ncheck: effective uid 0\nblock_devices\ncheck: a kernel-listed block device opens for reading\nusb.native\ncheck: /dev/bus/usb lists\nusb.web\ncheck: navigator.usb exists\nprocess.spawn\ncheck: a shell runs\nfs.persistent\ncheck: working dir writable, or storage persisted\nnet\ncheck: a non-loopback interface is up, or onLine\nnative\ncheck: null","root","block_devices","usb.native","process.spawn","Places","Strategy","Rust","Lifecycle","Shell","Plugins"]}}
{"check":"strategy-root-scroll-1","result":{"url":"https://mui.kernelsu.org/index.html","socket":"webview_devtools_remote_10024","value":["Back\nBack","Place","inline (the caller)","worker (isolate or Web Worker)","root process (the app CLI, serve mode)","Facts from root process (the app CLI, serve mode)\nSwitch a fact off to see the fallback. You can only take facts away.\nroot\ncheck: effective uid 0\nblock_devices\ncheck: a kernel-listed block device opens for reading\nusb.native\ncheck: /dev/bus/usb lists\nusb.web\ncheck: navigator.usb exists\nprocess.spawn\ncheck: a shell runs\nfs.persistent\ncheck: working dir writable, or storage persisted\nnet\ncheck: a non-loopback interface is up, or onLine\nnative\ncheck: null","root","block_devices","usb.native","process.spawn","Chosen: on device (/proc/partitions as root)\non_device chosen","on device (/proc/partitions as root)\nneeds root + block_devices: has them","from host (fastboot getvar all)\nneeds usb.native + process.spawn: has them","Places","Strategy","Rust","Lifecycle","Shell","Plugins"]}}
{"check":"strategy-root-scroll-2","result":{"url":"https://mui.kernelsu.org/index.html","socket":"webview_devtools_remote_10024","value":["Back\nBack","Facts from root process (the app CLI, serve mode)\nSwitch a fact off to see the fallback. You can only take facts away.\nroot\ncheck: effective uid 0\nblock_devices\ncheck: a kernel-listed block device opens for reading\nusb.native\ncheck: /dev/bus/usb lists\nusb.web\ncheck: navigator.usb exists\nprocess.spawn\ncheck: a shell runs\nfs.persistent\ncheck: working dir writable, or storage persisted\nnet\ncheck: a non-loopback interface is up, or onLine\nnative\ncheck: null","usb.native","process.spawn","Chosen: on device (/proc/partitions as root)\non_device chosen","on device (/proc/partitions as root)\nneeds root + block_devices: has them","from host (fastboot getvar all)\nneeds usb.native + process.spawn: has them","Run on_device in process","Log\nEvery run: objective, strategy, place and the facts it saw.\nNothing has run yet.","Places","Strategy","Rust","Lifecycle","Shell","Plugins"]}}
{"check":"tap-rust","result":{"url":"https://mui.kernelsu.org/index.html","socket":"webview_devtools_remote_10024","value":"tapped Rust at 107,536 size 53x80 role tab tappable"}}
{"check":"rust","result":{"url":"https://mui.kernelsu.org/index.html","socket":"webview_devtools_remote_10024","value":["Back\nBack","The demo crate (rust/) counts the primes below 1000000 with the same loop as page 1's Dart. The service loads it in its own place through flutter_rust_bridge, so each place runs its own build.","Run in every place","inline (the caller)","Run here","worker (isolate or Web Worker)","Run here","root process (the app CLI, serve mode)","Run here","Places","Strategy","Rust","Lifecycle","Shell","Plugins"]}}
{"check":"tap-rust-run","result":{"url":"https://mui.kernelsu.org/index.html","socket":"webview_devtools_remote_10024","value":"tapped Run in every place at 16,196 size 288x48 role button tappable"}}
{"check":"rust-ran","result":{"url":"https://mui.kernelsu.org/index.html","socket":"webview_devtools_remote_10024","value":["Back\nBack","The demo crate (rust/) counts the primes below 1000000 with the same loop as page 1's Dart. The service loads it in its own place through flutter_rust_bridge, so each place runs its own build.","Run in every place","inline (the caller)\nBuilt for: wasm32-unknown (single-threaded)\nLoad: 55 ms (once per place, on its first Rust call; on the web that fetches and instantiates the wasm)\nRust 128 ms, Dart 808 ms (same count: 78498)","Run here","worker (isolate or Web Worker)\nBuilt for: wasm32-unknown (single-threaded)\nLoad: 50 ms (once per place, on its first Rust call; on the web that fetches and instantiates the wasm)\nRust 150 ms, Dart 216 ms (same count: 78498)","Run here","root process (the app CLI, serve mode)\nBuilt for: x86_64-android\nLoad: 0 ms (once per place, on its first Rust call; on the web that fetches and instantiates the wasm)\nRust 123 ms, Dart 132 ms (same count: 78498)","Places","Strategy","Rust","Lifecycle","Shell","Plugins"]}}
{"check":"wasm-after-rust","result":{"url":"https://mui.kernelsu.org/index.html","socket":"webview_devtools_remote_10024","value":{"wasm":[{"name":"chromium/canvaskit.wasm","start":92,"dur":40},{"name":"pkg/demo_native_bg.wasm","start":80758,"dur":22}],"marks":[{"name":"flutter_webui:register","t":324},{"name":"flutter_webui:registered","t":326},{"name":"flutter_webui:first-frame","t":412}],"measures":[],"now":101723}}}
{"check":"tap-rust-run-2","result":{"url":"https://mui.kernelsu.org/index.html","socket":"webview_devtools_remote_10024","value":"tapped Run in every place at 16,196 size 288x48 role button tappable"}}
{"check":"rust-ran-2","result":{"url":"https://mui.kernelsu.org/index.html","socket":"webview_devtools_remote_10024","value":["Back\nBack","The demo crate (rust/) counts the primes below 1000000 with the same loop as page 1's Dart. The service loads it in its own place through flutter_rust_bridge, so each place runs its own build.","Run in every place","inline (the caller)\nBuilt for: wasm32-unknown (single-threaded)\nLoad: 0 ms (once per place, on its first Rust call; on the web that fetches and instantiates the wasm)\nRust 122 ms, Dart 814 ms (same count: 78498)","Run here","worker (isolate or Web Worker)\nBuilt for: wasm32-unknown (single-threaded)\nLoad: 0 ms (once per place, on its first Rust call; on the web that fetches and instantiates the wasm)\nRust 126 ms, Dart 201 ms (same count: 78498)","Run here","root process (the app CLI, serve mode)\nBuilt for: x86_64-android\nLoad: 0 ms (once per place, on its first Rust call; on the web that fetches and instantiates the wasm)\nRust 117 ms, Dart 131 ms (same count: 78498)","Places","Strategy","Rust","Lifecycle","Shell","Plugins"]}}
{"check":"tap-lifecycle","result":{"url":"https://mui.kernelsu.org/index.html","socket":"webview_devtools_remote_10024","value":"tapped Lifecycle at 160,536 size 53x80 role tab tappable"}}
{"check":"tap-root-process","result":{"url":"https://mui.kernelsu.org/index.html","socket":"webview_devtools_remote_10024","value":"tapped root process at 24,390 size 272x48 role checkbox tappable"}}
{"check":"tap-start","result":{"url":"https://mui.kernelsu.org/index.html","socket":"webview_devtools_remote_10024","value":"tapped Start at 24,462 size 97x48 role button tappable"}}
{"check":"lifecycle-running","result":{"url":"https://mui.kernelsu.org/index.html","socket":"webview_devtools_remote_10024","value":["Back\nBack","Start a five-minute task, then switch away (Home, another app or tab) and come back: hidden keeps going. Close the app instead and reopen it: closed stops, and this page says where the task was when it ended.","Task\ntick every 500 ms, stamped with the place's own clock\nrunning in process: tick 17/600, longest gap 502 ms, app resumed 3","inline (the caller)","worker (isolate or Web Worker)","root process (the app CLI, serve mode)","Stop","Lifecycle\n22:24:02  started in process","Facts from root process (the app CLI, serve mode)\nroot\ncheck: effective uid 0\nblock_devices\ncheck: a kernel-listed block device opens for reading\nusb.native\ncheck: /dev/bus/usb lists\nusb.web\ncheck: navigator.usb exists\nprocess.spawn\ncheck: a shell runs\nfs.persistent\ncheck: working dir writable, or storage persisted\nnet\ncheck: a non-loopback interface is up, or onLine\nnative\ncheck: null","Places","Strategy","Rust","Lifecycle","Shell","Plugins"]}}
{"check":"lifecycle-after-home","result":{"url":"https://mui.kernelsu.org/index.html","socket":"webview_devtools_remote_10024","value":["Back\nBack","Start a five-minute task, then switch away (Home, another app or tab) and come back: hidden keeps going. Close the app instead and reopen it: closed stops, and this page says where the task was when it ended.","Task\ntick every 500 ms, stamped with the place's own clock\nrunning in process: tick 41/600, longest gap 502 ms, app resumed 7","inline (the caller)","worker (isolate or Web Worker)","root process (the app CLI, serve mode)","Stop","Lifecycle\n22:24:18  away 7.1 s: the place produced 15 ticks (on schedule: 14); longest gap 502 ms\n22:24:18  inactive -> resumed\n22:24:18  hidden -> inactive\n22:24:11  inactive -> hidden\n22:24:11  resumed -> inactive\n22:24:02  started in process","Places","Strategy","Rust","Lifecycle","Shell","Plugins"]}}
{"check":"root-process","result":"root             0 u:r:ksu:s0                     10388 dartaotruntime\nroot             0 u:r:ksu:s0                     10429 dartaotruntime"}
/home/runner/work/devicelab/devicelab/out/sockprobe: 1 file pushed, 0 skipped. 295.7 MB/s (3501149 bytes in 0.011s)
{"check":"block-devices","result":"dm-0\ndm-1\ndm-11\ndm-13\ndm-14\ndm-16\ndm-17\ndm-18\ntotal 0\ndrwxr-xr-x 2 root root u:object_r:block_device:s0                140 2026-10-01 22:15 by-name\nbrw------- 1 root root u:object_r:dm_device:s0              254,   0 2026-10-01 22:15 dm-0\nbrw------- 1 root root u:object_r:dm_device:s0              254,   1 2026-10-01 22:15 dm-1\nbrw------- 1 root root u:object_r:dm_device:s0              254,  11 2026-10-01 22:15 dm-11\nbrw------- 1 root root u:object_r:dm_device:s0              254,  13 2026-10-01 22:15 dm-13\nbrw------- 1 root root u:object_r:dm_device:s0              254,  14 2026-10-01 22:15 dm-14\nbrw------- 1 root root u:object_r:dm_device:s0              254,  16 2026-10-01 22:15 dm-16\nbrw------- 1 root root u:object_r:dm_device:s0              254,  17 2026-10-01 22:15 dm-17\nbrw------- 1 root root u:object_r:dm_device:s0              254,  18 2026-10-01 22:15 dm-18\nbrw------- 1 root root u:object_r:dm_device:s0              254,  19 2026-10-01 22:15 dm-19\nbrw------- 1 root root u:object_r:dm_device:s0              254,   2 2026-10-01 22:15 dm-2\n-- su:\n0000000  \\0\n-- ksu:\n{\"error\":\"write /proc/thread-self/attr/current: operation not permitted\",\"op\":\"setcon\"}\n-- avc:"}
{"check":"back-1","result":{"url":"https://mui.kernelsu.org/index.html","socket":"webview_devtools_remote_10024","value":["Squadron","Process","native","net","Say hello","Count to 5","SHA-256","Demo pages\nOne page per thing the stack promises.","Places","Strategy","Rust","Lifecycle","Shell","Plugins"]}}
{"check":"back-1-top","result":"topResumedActivity=ActivityRecord{1a53731 u0 me.weishu.kernelsu/.ui.webui.WebUIActivity t22}"}
{"check":"back-2-top","result":"topResumedActivity=ActivityRecord{1c92705 u0 com.google.android.apps.nexuslauncher/.NexusLauncherActivity t10}"}
{"check":"back-3-top","result":"topResumedActivity=ActivityRecord{1c92705 u0 com.google.android.apps.nexuslauncher/.NexusLauncherActivity t10}"}
{"check":"monet-dark-sys-light","night":"no","color_mode":"5","opened":"opened: intent-token","result":{"url":"https://mui.kernelsu.org/index.html","socket":"webview_devtools_remote_10760","value":{"dark":false,"primary":"#277af7","background":"#242424","cssBytes":1427}}}
{"check":"monet-light-sys-dark","night":"yes","color_mode":"4","opened":"opened: intent-token","result":{"url":"https://mui.kernelsu.org/index.html","socket":"webview_devtools_remote_11020","value":{"dark":true,"primary":"#3482ff","background":"#ffffff","cssBytes":1425}}}
{"check":"monet-system-sys-dark","night":"yes","color_mode":"3","opened":"opened: intent-token","result":{"url":"https://mui.kernelsu.org/index.html","socket":"webview_devtools_remote_11268","value":{"dark":true,"primary":"#277af7","background":"#242424","cssBytes":1427}}}
{"check":"dark-sys-light","night":"no","color_mode":"2","opened":"opened: intent-token","result":{"url":"https://mui.kernelsu.org/index.html","socket":"webview_devtools_remote_11505","value":{"dark":false,"primary":null,"background":null,"cssBytes":0}}}
{"check":"system-sys-dark","night":"yes","color_mode":"0","opened":"opened: intent-token","result":{"url":"https://mui.kernelsu.org/index.html","socket":"webview_devtools_remote_11778","value":{"dark":true,"primary":null,"background":null,"cssBytes":0}}}
{"check":"app","result":"ls: /product/app/WebuiApi_demo/: No such file or directory"}
{"check":"mounts","result":"ls: /data/adb/metamodule: No such file or directory\ntmpfs /product/app tmpfs rw,seclabel,relatime,mode=755 0 0\nCalendarGooglePrebuilt Camera2 Chrome Chrome-Stub Drive GoogleContacts GoogleTTS LatinIMEGooglePrebuilt LicenseChecker Maps MarkupGoogle_v2 ModuleMetadataGoogle NexusWallpapersStubPrebuilt2018 Photos PixelThemesStub PrebuiltDeskClockGoogle PrebuiltGmail PrebuiltGoogleAdservicesTvp PrebuiltGoogleTelemetryTvp SoundPickerPrebuilt TrichromeLibrary TrichromeLibrary-Stub WebViewGoogle WebViewGoogle-Stub WebuiTermuxApi YouTube YouTubeMusicPrebuilt talkback"}
{"check":"app-label","result":"No activities found"}
{"check":"module-config","result":"manage module configuration\n\nUsage: ksud module config [OPTIONS] <COMMAND>\n\nCommands:\n  get     Get a config value\n  set     Set a config value\n  list    List all config entries\n  delete  Delete a config entry\n  clear   Clear all config entries\n  help    Print this message or the help of the given subcommand(s)\n\n-- files:\ntotal 32\ndrwxr-xr-x 2 root root 4096 2026-10-01 22:22 .\ndrwxr-xr-x 3 root root 4096 2026-10-01 22:16 ..\n-rw-r--r-- 1 root root   36 2026-10-01 22:16 persist.config\n-rw------- 1 root root  284 2026-10-01 22:22 tmp.config\n== /data/adb/ksu/module_configs/demo/persist.config\nMUSK\u0001\u0000\u0000\u0000\u0001\u0000\u0000\u0000\u000f\u0000\u0000\u0000webui.installed\u0001\u0000\u0000\u00001\n== /data/adb/ksu/module_configs/demo/tmp.config\nMUSK\u0001\u0000\u0000\u0000\u0002\u0000\u0000\u0000\n\u0000\u0000\u0000webui.boot$\u0000\u0000\u000063492ad5-6b09-40a2-9a9c-512048d57d8f\u0000\u0000\u0000webui.session\udcc5\u0000\u0000\u0000{\"protocol\":1,\"version\":\"0.2.0\",\"port\":35665,\"token\":\"yvlEaxW_S3SFabzF4GWA4uy5DUNz-Ptk-P5MVICgWGc\",\"pid\":10388,\"boot\":\"63492ad5-6b09-40a2-9a9c-512048d57d8f\",\"started\":\"2026-10-01T22:22:13.050606Z\"}\n-- ksud get:\n1\nwebui.installed=1\nwebui.session={\"protocol\":1,\"version\":\"0.2.0\",\"port\":35665,\"token\":\"yvlEaxW_S3SFabzF4GWA4uy5DUNz-Ptk-P5MVICgWGc\",\"pid\":10388,\"boot\":\"63492ad5-6b09-40a2-9a9c-512048d57d8f\",\"started\":\"2026-10-01T22:22:13.050606Z\"}\nwebui.boot=63492ad5-6b09-40a2-9a9c-512048d57d8f"}
{"check":"module-dirs","result":"/data/adb/demo:\ntotal 24\ndrwx------ 3 root root 4096 2026-10-01 22:22 .\ndrwx------ 6 root root 4096 2026-10-01 22:22 ..\ndrwx------ 2 root root 4096 2026-10-01 22:22 tmp\n\n/data/adb/demo/tmp:\ntotal 16\ndrwx------ 2 root root 4096 2026-10-01 22:22 .\ndrwx------ 3 root root 4096 2026-10-01 22:22 .."}
{"check":"open","result":"opened: intent-token"}
{"check":"tap-places","result":{"url":"https://mui.kernelsu.org/index.html","socket":"webview_devtools_remote_12075","value":"tapped Places at 16,572 size 288x56 role button tappable"}}
{"check":"tap-plugins","result":{"url":"https://mui.kernelsu.org/index.html","socket":"webview_devtools_remote_12075","value":"tapped Plugins at 267,536 size 53x80 role tab tappable"}}
{"check":"plugins","result":The app calls share_plus and permission_handler as on any platform. Running in a WebUI host, so their *_webui packages answer.
share_plus
On WebUI: share_plus_webui: Android's share sheet, opened by the module's own app
Share text
permission_handler
On WebUI: permission_handler_webui: Android's own permission dialog, for the module's own app
Camera: denied}
{"check":"tap-share","result":{"url":"https://mui.kernelsu.org/index.html","socket":"webview_devtools_remote_12075","value":"tapped Share text at 24,258 size 112x48 role button tappable"}}
{"check":"share-top","result":"com.google.android.gm/.welcome.WelcomeTourActivity"}
{"check":"app-process","result":""}
{"check":"share-log","result":"10-01 22:28:14.973 12075 12075 I chromium: [INFO:CONSOLE(28293)] \"2026-10-01T22:28:14.972 INFO ui.plugins: share: unavailable\", source: https://mui.kernelsu.org/main.dart.js (28293)\n10-01 22:28:15.705  6175  6359 D ShortcutService: Package com.google.android.gm has 1 manifest shortcut(s), and 1 share target(s)\n10-01 22:28:16.155  6175  6359 D ShortcutService: Package com.google.android.gm has 1 manifest shortcut(s), and 1 share target(s)\n10-01 22:28:17.558  6175  6359 D ShortcutService: Package com.google.android.gm has 1 manifest shortcut(s), and 1 share target(s)\n10-01 22:28:23.156 12637 12637 W app_process: ClassLoaderContext shared library size mismatch. Expected=2, found=0 (PCL[]{PCL[/system/framework/android.test.base.jar*724373495]#PCL[/system/framework/android.test.mock.jar*1452759902]} | PCL[])"}
{"check":"share-result","result":share_plus
On WebUI: share_plus_webui: Android's share sheet, opened by the module's own app
Share result: unavailable}
Failure [package not found]
Error: package not found
{"check":"cam-deny-1-tap","result":{"url":"https://mui.kernelsu.org/index.html","socket":"webview_devtools_remote_12075","value":"tapped Request camera at 24,470 size 150x48 role button tappable"}}
{"check":"cam-deny-1-top","result":"me.weishu.kernelsu/.ui.webui.WebUIActivity"}
{"check":"cam-deny-1-dialog","result":"Back Back\nShare text\nRequest camera\nPlaces\nStrategy\nRust\nLifecycle\nShell\nPlugins"}
{"check":"cam-deny-1-press","result":"ui: no node with 'Don'"}
{"check":"cam-deny-1-status","result":permission_handler
On WebUI: permission_handler_webui: Android's own permission dialog, for the module's own app
Camera: permanentlyDenied}
{"check":"cam-deny-1-perm","result":""}
{"check":"cam-deny-2-tap","result":{"url":"https://mui.kernelsu.org/index.html","socket":"webview_devtools_remote_12075","value":"tapped Request camera at 24,470 size 150x48 role button tappable"}}
{"check":"cam-deny-2-top","result":"me.weishu.kernelsu/.ui.webui.WebUIActivity"}
{"check":"cam-deny-2-dialog","result":"Back Back\nShare text\nRequest camera\nPlaces\nStrategy\nRust\nLifecycle\nShell\nPlugins"}
{"check":"cam-deny-2-press","result":"ui: no node with 'Don'"}
{"check":"cam-deny-2-status","result":permission_handler
On WebUI: permission_handler_webui: Android's own permission dialog, for the module's own app
Camera: permanentlyDenied}
{"check":"cam-deny-2-perm","result":""}
{"check":"cam-after-deny-tap","result":{"url":"https://mui.kernelsu.org/index.html","socket":"webview_devtools_remote_12075","value":"tapped Request camera at 24,470 size 150x48 role button tappable"}}
{"check":"cam-after-deny-top","result":"me.weishu.kernelsu/.ui.webui.WebUIActivity"}
{"check":"cam-after-deny-dialog","result":"Back Back\nShare text\nRequest camera\nPlaces\nStrategy\nRust\nLifecycle\nShell\nPlugins"}
{"check":"cam-after-deny-status","result":permission_handler
On WebUI: permission_handler_webui: Android's own permission dialog, for the module's own app
Camera: permanentlyDenied}
{"check":"cam-after-deny-perm","result":""}
Failure [package not found]
Error: package not found
{"check":"cam-grant-tap","result":{"error":"no page target","sockets":["webview_devtools_remote_12075"],"targets":[]}}
{"check":"cam-grant-top","result":"com.google.android.apps.nexuslauncher/.NexusLauncherActivity"}
{"check":"cam-grant-dialog","result":"Thu, Oct 1 | Thu, Oct 1\nThu, Oct 1 | Thu, Oct 1\nPhone | Phone\nMessages | Messages\nKernelSU | Predicted app: KernelSU\nChrome | Chrome\nCamera | Camera\nGoogle search | Google app | Voice search | Google Lens\nGoogle app\nVoice search\nGoogle Lens"}
{"check":"cam-grant-press","result":"ui: no node with 'While using the app'"}
{"check":"cam-grant-status","result":null}
{"check":"cam-grant-perm","result":""}
{"check":"app-settings","result":"Thu, Oct 1 | Thu, Oct 1\nThu, Oct 1 | Thu, Oct 1\nPhone | Phone\nMessages | Messages\nKernelSU | Predicted app: KernelSU\nChrome | Chrome\nCamera | Camera\nGoogle search | Google app | Voice search | Google Lens\nGoogle app\nVoice search\nGoogle Lens"}
{"check":"uninstall","result":""}
{"check":"after-uninstall","result":"ls: /data/adb/modules/demo: No such file or directory\nls: /data/adb/demo: No such file or directory\nls: /data/adb/ksu/module_configs/demo: No such file or directory\nls: /product/app/WebuiApi_demo: No such file or directory\ncmd: Can't find service: package\ncmd: Can't find service: package"}
{"check":"mount","result":"mount: mounting overlay on /product/app failed: Invalid argument\noverlay failed: 255\nmagic mount ok\nmount: mounting overlay on /product/app failed: Invalid argument\noverlay failed: 255\nmagic mount ok\ntotal 3736\ndrwxr-xr-x 2 root root u:object_r:system_file:s0     4096 2026-10-01 22:16 .\ndrwxr-xr-x 4 root root u:object_r:system_file:s0       80 2026-10-01 22:30 ..\n-rw-r--r-- 1 root root u:object_r:system_file:s0  3809993 2026-10-01 22:16 WebuiTermuxApi.apk\n*\nWebuiTermuxApi\n/dev/block/dm-3 /product ext4 ro,seclabel,relatime 0 0\ntmpfs /dev/app_plane_app tmpfs rw,seclabel,relatime,mode=755 0 0\ntmpfs /product/app tmpfs rw,seclabel,relatime,mode=755 0 0\n/dev/block/dm-3 /product/app/CalendarGooglePrebuilt ext4 ro,seclabel,relatime 0 0\n/dev/block/dm-3 /product/app/Camera2 ext4 ro,seclabel,relatime 0 0\n/dev/block/dm-3 /product/app/Chrome ext4 ro,seclabel,relatime 0 0\n/dev/block/dm-3 /product/app/Chrome-Stub ext4 ro,seclabel,relatime 0 0\n/dev/block/dm-3 /product/app/Drive ext4 ro,seclabel,relatime 0 0\n32"}
{"check":"package","result":"package:/product/app/WebuiTermuxApi/WebuiTermuxApi.apk"}
/home/runner/work/devicelab/devicelab/out/sockprobe: 1 file pushed, 0 skipped. 275.7 MB/s (3501149 bytes in 0.012s)
cmd: Failure calling service activity: Broken pipe (32)
cmd: Can't find service: activity
{"check":"broadcast","result":"cmd: Failure calling service activity: Broken pipe (32)\ncmd: Can't find service: activity"}
{"check":"app-process","result":""}
{"check":"listener-module","result":"{\"context\":\"u:r:su:s0\",\"event\":\"start\",\"names\":[\"wx_ksu_out\",\"wx_ksu_in\"],\"uid\":0}\n{\"event\":\"exit\"}\nunix @wx_ksu_out: bind: address already in use\",\"event\":\"listen-error\",\"name\":\"wx_ksu_out\"}\n{\"error\":\"listen unix @wx_ksu_in: bind: address already in use\",\"event\":\"listen-error\",\"name\":\"wx_ksu_in\"}"}
{"check":"listener-su","result":"{\"context\":\"u:r:su:s0\",\"event\":\"start\",\"names\":[\"wx_su_out\",\"wx_su_in\"],\"uid\":0}"}
{"check":"avc","result":"10-01 22:38:04.583  7121  7121 W PackageSettings: Missing permission state for package com.webui.termux.api on user 0\n10-01 22:38:04.990   511   511 D installd: Found quota mount /dev/block/dm-46 at /dev/app_plane_app/WebuiTermuxApi\n10-01 22:38:04.990   511   511 D installd: Found quota mount /dev/block/dm-46 at /product/app/WebuiTermuxApi\n10-01 22:38:04.990   511   511 D installd: Found quota mount /dev/block/dm-46 at /dev/app_plane_app/WebuiTermuxApi\n10-01 22:38:04.990   511   511 D installd: Found quota mount /dev/block/dm-46 at /product/app/WebuiTermuxApi\n10-01 22:38:04.990   511   511 D installd: Found quota mount /dev/block/dm-46 at /product/app/WebuiTermuxApi\n10-01 22:38:04.990   511   511 D installd: Found quota mount /dev/block/dm-46 at /dev/app_plane_app/WebuiTermuxApi\n10-01 22:38:05.137   511   511 D installd: Found quota mount /dev/block/dm-46 at /dev/app_plane_app/WebuiTermuxApi\n10-01 22:38:05.137   511   511 D installd: Found quota mount /dev/block/dm-46 at /product/app/WebuiTermuxApi\n10-01 22:38:05.138   511   511 D installd: Found quota mount /dev/block/dm-46 at /dev/app_plane_app/WebuiTermuxApi\n10-01 22:38:05.138   511   511 D installd: Found quota mount /dev/block/dm-46 at /product/app/WebuiTermuxApi\n10-01 22:38:05.138   511   511 D installd: Found quota mount /dev/block/dm-46 at /product/app/WebuiTermuxApi\n10-01 22:38:05.138   511   511 D installd: Found quota mount /dev/block/dm-46 at /dev/app_plane_app/WebuiTermuxApi\n10-01 22:38:05.141   511   511 D installd: Found quota mount /dev/block/dm-46 at /dev/app_plane_app/WebuiTermuxApi\n10-01 22:38:05.141   511   511 D installd: Found quota mount /dev/block/dm-46 at /product/app/WebuiTermuxApi\n10-01 22:38:05.141   511   511 D installd: Found quota mount /dev/block/dm-46 at /dev/app_plane_app/WebuiTermuxApi\n10-01 22:38:05.141   511   511 D installd: Found quota mount /dev/block/dm-46 at /product/app/WebuiTermuxApi\n10-01 22:38:05.141   511   511 D installd: Found quota mount /dev/block/dm-46 at /product/app/WebuiTermuxApi\n10-01 22:38:05.141   511   511 D installd: Found quota mount /dev/block/dm-46 at /dev/app_plane_app/WebuiTermuxApi\n10-01 22:38:05.142   511 13730 D installd: Found quota mount /dev/block/dm-46 at /dev/app_plane_app/WebuiTermuxApi\n10-01 22:38:05.143   511 13730 D installd: Found quota mount /dev/block/dm-46 at /product/app/WebuiTermuxApi\n10-01 22:38:05.143   511 13730 D installd: Found quota mount /dev/block/dm-46 at /dev/app_plane_app/WebuiTermuxApi\n10-01 22:38:05.143   511 13730 D installd: Found quota mount /dev/block/dm-46 at /product/app/WebuiTermuxApi\n10-01 22:38:05.143   511 13730 D installd: Found quota mount /dev/block/dm-46 at /product/app/WebuiTermuxApi\n10-01 22:38:05.143   511 13730 D installd: Found quota mount /dev/block/dm-46 at /dev/app_plane_app/WebuiTermuxApi"}
SELinux: Loaded file context from:
		/system/etc/selinux/plat_file_contexts
		/system_ext/etc/selinux/system_ext_file_contexts
		/vendor/etc/selinux/vendor_file_contexts
{"check":"restorecon","result":"u:object_r:app_data_file:s0:c210,c256,c512,c768 /data/data/com.webui.termux.api\nu:object_r:app_data_file:s0                     /data/data/com.webui.termux.api/files/devicelab/probe.txt"}
{"check":"app-read","result":"u:object_r:app_data_file:s0:c210,c256,c512,c768 chcon.txt\nu:object_r:app_data_file:s0                     probe.txt\n{\"error\":\"write /proc/thread-self/attr/current: operation not permitted\",\"op\":\"setcon\"}"}
Can't find service: activity
{"check":"share-text","result":"{\"context\":\"u:r:su:s0\",\"event\":\"start\",\"names\":[\"sh_text_out\",\"sh_text_in\"],\"uid\":0}\n10-01 22:38:20.183   511   511 D installd: Found quota mount /dev/block/dm-46 at /dev/app_plane_app/WebuiTermuxApi\n10-01 22:38:20.183   511   511 D installd: Found quota mount /dev/block/dm-46 at /product/app/WebuiTermuxApi\n10-01 22:38:20.183   511   511 D installd: Found quota mount /dev/block/dm-46 at /product/app/WebuiTermuxApi\n10-01 22:38:20.183   511   511 D installd: Found quota mount /dev/block/dm-46 at /dev/app_plane_app/WebuiTermuxApi\n10-01 22:38:20.184   511   511 D installd: Found quota mount /dev/block/dm-46 at /dev/app_plane_app/WebuiTermuxApi\n10-01 22:38:20.184   511   511 D installd: Found quota mount /dev/block/dm-46 at /product/app/WebuiTermuxApi\n10-01 22:38:20.184   511   511 D installd: Found quota mount /dev/block/dm-46 at /dev/app_plane_app/WebuiTermuxApi\n10-01 22:38:20.184   511   511 D installd: Found quota mount /dev/block/dm-46 at /product/app/WebuiTermuxApi\n10-01 22:38:20.184   511   511 D installd: Found quota mount /dev/block/dm-46 at /product/app/WebuiTermuxApi\n10-01 22:38:20.184   511   511 D installd: Found quota mount /dev/block/dm-46 at /dev/app_plane_app/WebuiTermuxApi\n10-01 22:38:20.229  8045  8045 D nativeloader: Load libservice-connectivity.so using ns clns-shared-13 from class loader (caller=/apex/com.android.tethering/javalib/service-connectivity.jar): ok\n10-01 22:38:20.331  7999  8114 D AudioFlinger: isLowRamDevice:false totalMemory:6217900032 mClientSharedHeapSize:33554432"}
cmd: Can't find service: input
Can't find service: activity
{"check":"share-file","result":"{\"context\":\"u:r:su:s0\",\"event\":\"start\",\"names\":[\"sh_file_out\",\"sh_file_in\"],\"uid\":0}\n10-01 22:38:35.239   511 13730 D installd: Found quota mount /dev/block/dm-46 at /dev/app_plane_app/WebuiTermuxApi\n10-01 22:38:35.239   511 13730 D installd: Found quota mount /dev/block/dm-46 at /product/app/WebuiTermuxApi\n10-01 22:38:35.239   511 13730 D installd: Found quota mount /dev/block/dm-46 at /product/app/WebuiTermuxApi\n10-01 22:38:35.239   511 13730 D installd: Found quota mount /dev/block/dm-46 at /dev/app_plane_app/WebuiTermuxApi\n10-01 22:38:35.240   511 13730 D installd: Found quota mount /dev/block/dm-46 at /dev/app_plane_app/WebuiTermuxApi\n10-01 22:38:35.240   511 13730 D installd: Found quota mount /dev/block/dm-46 at /product/app/WebuiTermuxApi\n10-01 22:38:35.240   511 13730 D installd: Found quota mount /dev/block/dm-46 at /dev/app_plane_app/WebuiTermuxApi\n10-01 22:38:35.240   511 13730 D installd: Found quota mount /dev/block/dm-46 at /product/app/WebuiTermuxApi\n10-01 22:38:35.240   511 13730 D installd: Found quota mount /dev/block/dm-46 at /product/app/WebuiTermuxApi\n10-01 22:38:35.240   511 13730 D installd: Found quota mount /dev/block/dm-46 at /dev/app_plane_app/WebuiTermuxApi\n10-01 22:38:35.280  8945  8945 D nativeloader: Load libservice-connectivity.so using ns clns-shared-13 from class loader (caller=/apex/com.android.tethering/javalib/service-connectivity.jar): ok\n10-01 22:38:35.386  8897  8901 D AudioFlinger: isLowRamDevice:false totalMemory:6217900032 mClientSharedHeapSize:33554432"}
cmd: Can't find service: input
Can't find service: activity
{"check":"share-text-saw","result":"{\"context\":\"u:r:su:s0\",\"event\":\"start\",\"names\":[\"sh_text-saw_out\",\"sh_text-saw_in\"],\"uid\":0}\n10-01 22:38:50.351   511   522 D installd: Found quota mount /dev/block/dm-46 at /dev/app_plane_app/WebuiTermuxApi\n10-01 22:38:50.351   511   522 D installd: Found quota mount /dev/block/dm-46 at /product/app/WebuiTermuxApi\n10-01 22:38:50.351   511   522 D installd: Found quota mount /dev/block/dm-46 at /product/app/WebuiTermuxApi\n10-01 22:38:50.351   511   522 D installd: Found quota mount /dev/block/dm-46 at /dev/app_plane_app/WebuiTermuxApi\n10-01 22:38:50.352   511   511 D installd: Found quota mount /dev/block/dm-46 at /dev/app_plane_app/WebuiTermuxApi\n10-01 22:38:50.352   511   511 D installd: Found quota mount /dev/block/dm-46 at /product/app/WebuiTermuxApi\n10-01 22:38:50.352   511   511 D installd: Found quota mount /dev/block/dm-46 at /dev/app_plane_app/WebuiTermuxApi\n10-01 22:38:50.352   511   511 D installd: Found quota mount /dev/block/dm-46 at /product/app/WebuiTermuxApi\n10-01 22:38:50.352   511   511 D installd: Found quota mount /dev/block/dm-46 at /product/app/WebuiTermuxApi\n10-01 22:38:50.352   511   511 D installd: Found quota mount /dev/block/dm-46 at /dev/app_plane_app/WebuiTermuxApi\n10-01 22:38:50.391  9841  9841 D nativeloader: Load libservice-connectivity.so using ns clns-shared-13 from class loader (caller=/apex/com.android.tethering/javalib/service-connectivity.jar): ok\n10-01 22:38:50.501  9796  9909 D AudioFlinger: isLowRamDevice:false totalMemory:6217900032 mClientSharedHeapSize:33554432"}
cmd: Can't find service: input
Can't find service: activity
{"check":"share-file-saw","result":"{\"context\":\"u:r:su:s0\",\"event\":\"start\",\"names\":[\"sh_file-saw_out\",\"sh_file-saw_in\"],\"uid\":0}\n10-01 22:39:09.258 11025 11025 D nativeloader: Configuring clns-shared-12 for other apk /apex/com.android.scheduling/javalib/service-scheduling.jar. target_sdk_version=35, uses_libraries=ALL, library_path=, permitted_path=/data:/mnt/expand\n10-01 22:39:09.259 11025 11025 D nativeloader: Configuring clns-shared-13 for other apk /apex/com.android.tethering/javalib/service-connectivity.jar. target_sdk_version=35, uses_libraries=ALL, library_path=, permitted_path=/data:/mnt/expand\n10-01 22:39:09.260 11025 11025 D nativeloader: Configuring clns-shared-14 for other apk /apex/com.android.uwb/javalib/service-uwb.jar. target_sdk_version=35, uses_libraries=ALL, library_path=, permitted_path=/data:/mnt/expand\n10-01 22:39:09.261 11025 11025 D nativeloader: Configuring clns-shared-15 for other apk /apex/com.android.wifi/javalib/service-wifi.jar. target_sdk_version=35, uses_libraries=ALL, library_path=, permitted_path=/data:/mnt/expand\n10-01 22:39:09.358 11025 11051 I SystemConfig: Reading permissions from /system/etc/sysconfig/package-shareduid-allowlist.xml\n10-01 22:39:09.378 11025 11051 I SystemConfig: Ignore shared library android.net.ipsec.ike: /apex/com.google.android.ipsec/javalib/android.net.ipsec.ike.jar does not exist\n10-01 22:39:09.585   511   522 D installd: Found quota mount /dev/block/dm-46 at /dev/app_plane_app/WebuiTermuxApi\n10-01 22:39:09.585   511   522 D installd: Found quota mount /dev/block/dm-46 at /product/app/WebuiTermuxApi\n10-01 22:39:09.585   511   522 D installd: Found quota mount /dev/block/dm-46 at /dev/app_plane_app/WebuiTermuxApi\n10-01 22:39:09.585   511   522 D installd: Found quota mount /dev/block/dm-46 at /product/app/WebuiTermuxApi\n10-01 22:39:09.585   511   522 D installd: Found quota mount /dev/block/dm-46 at /product/app/WebuiTermuxApi\n10-01 22:39:09.585   511   522 D installd: Found quota mount /dev/block/dm-46 at /dev/app_plane_app/WebuiTermuxApi"}
cmd: Can't find service: input
app uid: 10210
/system/bin/sh: can't create /storage/emulated/0/Download/dl-scan-fuse.txt: Transport endpoint is not connected
SELinux: Loaded file context from:
		/system/etc/selinux/plat_file_contexts
		/system_ext/etc/selinux/system_ext_file_contexts
		/vendor/etc/selinux/vendor_file_contexts
Error while accessing provider:media
java.lang.IllegalStateException: Could not find provider: media
	at com.android.commands.content.Content$Command.execute(Content.java:519)
	at com.android.commands.content.Content.main(Content.java:735)
	at com.android.internal.os.RuntimeInit.nativeFinishInit(Native Method)
	at com.android.internal.os.RuntimeInit.main(RuntimeInit.java:369)
{"check":"media-before","result":"-rw-rw---- 1 10198 1023 u:object_r:media_rw_data_file:s0  4 2026-10-01 22:39 dl-scan-app.txt\n-rw-rw---- 1 10198 1023 u:object_r:media_rw_data_file:s0  6 2026-10-01 22:39 dl-scan-bcast.txt\n-rw-rw---- 1 10198 1023 u:object_r:media_rw_data_file:s0  5 2026-10-01 22:39 dl-scan-none.txt\n-- mediastore:"}
Error while accessing provider:media
android.os.DeadObjectException
	at android.os.BinderProxy.transactNative(Native Method)
	at android.os.BinderProxy.transact(BinderProxy.java:586)
	at android.app.IActivityManager$Stub$Proxy.getContentProviderExternal(IActivityManager.java:8154)
	at com.android.commands.content.Content$Command.execute(Content.java:516)
	at com.android.commands.content.Content.main(Content.java:735)
	at com.android.internal.os.RuntimeInit.nativeFinishInit(Native Method)
	at com.android.internal.os.RuntimeInit.main(RuntimeInit.java:369)
{"check":"media-scan-app","result":"{\"context\":\"u:r:su:s0\",\"event\":\"start\",\"names\":[\"ms_out\",\"ms_in\"],\"uid\":0}\n10-01 22:39:25.270   511   522 D installd: Found quota mount /dev/block/dm-46 at /dev/app_plane_app/WebuiTermuxApi\n10-01 22:39:25.270   511   522 D installd: Found quota mount /dev/block/dm-46 at /product/app/WebuiTermuxApi\n10-01 22:39:25.270   511   522 D installd: Found quota mount /dev/block/dm-46 at /product/app/WebuiTermuxApi\n10-01 22:39:25.270   511   522 D installd: Found quota mount /dev/block/dm-46 at /dev/app_plane_app/WebuiTermuxApi\n10-01 22:39:25.271   511   522 D installd: Found quota mount /dev/block/dm-46 at /dev/app_plane_app/WebuiTermuxApi\n10-01 22:39:25.272   511   522 D installd: Found quota mount /dev/block/dm-46 at /product/app/WebuiTermuxApi\n10-01 22:39:25.272   511   522 D installd: Found quota mount /dev/block/dm-46 at /dev/app_plane_app/WebuiTermuxApi\n10-01 22:39:25.272   511   522 D installd: Found quota mount /dev/block/dm-46 at /product/app/WebuiTermuxApi\n10-01 22:39:25.272   511   522 D installd: Found quota mount /dev/block/dm-46 at /product/app/WebuiTermuxApi\n10-01 22:39:25.272   511   522 D installd: Found quota mount /dev/block/dm-46 at /dev/app_plane_app/WebuiTermuxApi\n-- mediastore:"}
Error while accessing provider:media
java.lang.IllegalStateException: Could not find provider: media
	at com.android.commands.content.Content$Command.execute(Content.java:519)
	at com.android.commands.content.Content.main(Content.java:735)
	at com.android.internal.os.RuntimeInit.nativeFinishInit(Native Method)
	at com.android.internal.os.RuntimeInit.main(RuntimeInit.java:369)
{"check":"media-scan-bcast","result":"cmd: Can't find service: activity\n10-01 22:39:34.563     0     0 I apexd   : Found pre-installed APEX /system/apex/com.google.android.mediaprovider.apex\n10-01 22:39:34.651     0     0 I apexd   : Found \"/apex/com.android.mediaprovider@350820300\" backed by file /data/apex/decompressed/com.android.mediaprovider@350820300.decompressed.apex\n10-01 22:39:34.547 12532 12532 D CompatConfig: Found a config file: /apex/com.android.mediaprovider/etc/compatconfig/framework-pdf-v-platform-compat-config.xml\n10-01 22:39:34.548 12532 12532 D CompatConfig: Found a config file: /apex/com.android.mediaprovider/etc/compatconfig/media-provider-platform-compat-config.xml\n10-01 22:39:34.716 12532 12532 W PackageManager: No package known for package restrictions com.google.android.mediaprovider\n10-01 22:39:34.737 12532 12532 D PackageManager: Directories scanned as system partitions: [/system:0, /vendor:524288, /odm:4194304, /oem:262144, /product:1048576, /system_ext:2097152, /apex/com.android.apex.cts.shim:41943040, /apex/com.google.android.widevine:42467328, /apex/com.android.healthfitness:41943040, /apex/com.android.neuralnetworks:41943040, /apex/com.android.os.statsd:41943040, /apex/com.android.virt:41943040, /apex/com.android.hardware.cas:42467328, /apex/com.android.conscrypt:41943040, /apex/com.android.i18n:41943040, /apex/com.android.wifi:41943040, /apex/com.android.ipsec:41943040, /apex/com.android.btservices:41943040, /apex/com.android.scheduling:41943040, /apex/com.android.adbd:41943040, /apex/com.android.media:41943040, /apex/com.android.sdkext:41943040, /apex/com.android.media.swcodec:41943040, /apex/com.android.hardware.authsecret:42467328, /apex/com.android.resolv:41943040, /apex/com.android.art:41943040, /apex/com.android.tzdata:41943040, /apex/com.android.ondevicepersonalization:41943040, /apex/com.android.devicelock:41943040, /apex/com.android.tethering:41943040, /apex/com.android.cellbroadcast:41943040, /apex/com.android.configinfrastructure:41943040, /apex/com.android.hardware.rebootescrow:42467328, /apex/com.android.appsearch:41943040, /apex/com.android.mediaprovider:41943040, /apex/com.android.nfcservices:41943040, /apex/com.android.hardware.neuralnetworks:42467328, /apex/com.android.runtime:41943040, /apex/com.android.uwb:41943040, /apex/com.android.profiling:41943040, /apex/com.android.compos:44040192, /apex/com.android.permission:41943040, /apex/com.android.rkpd:41943040, /apex/com.android.extservices:41943040, /apex/com.google.mainline.primary.libs:41943040, /apex/com.android.adservices:41943040]\n10-01 22:39:34.841 12532 12532 I PackageManager: /data/apex/decompressed/com.android.mediaprovider@350820300.decompressed.apex changed; collecting certs\n10-01 22:39:34.956 12532 12532 I ApexManager: Registering com.google.android.providers.media.module as apk-in-apex of com.android.mediaprovider\n10-01 22:39:34.957 12532 12532 D PackageManager: No files in app dir /apex/com.android.mediaprovider/app\n10-01 22:39:35.057 12532 12606 W PackageManager: Skipping preparing app data for com.google.android.mediaprovider\n-- mediastore:"}
