yes: standard output: Broken pipe
Auto-selecting single ABI x86_64
Do you wish to create a custom hardware profile? [no] lab.avd
lab.ini
emulator Android emulator version 37.2.12.0 (build_id 16428233) (CL:N/A)
* daemon not running; starting now at tcp:5037
* daemon started successfully
booted in 64s: google/sdk_gphone64_x86_64/emu64xa:15/AE3A.240806.043/12960925:userdebug/dev-keys
kernel 6.6.50-android15-8-g8adecb593e9b-ab12525588 -> kmi android15-6.6; tiann/KernelSU v3.3.0
total 16428
drwx------  2 runner runner     4096 Oct  1 16:40 .
drwxrwxrwt 16 root   root       4096 Oct  1 16:40 ..
-rw-r--r--  1 runner runner 10777987 Oct  1 16:40 KernelSU_v3.3.0_32601-release.apk
-rw-r--r--  1 runner runner  5713312 Oct  1 16:40 ksud-x86_64-linux-android
-rw-r--r--  1 runner runner   318824 Oct  1 16:40 lkm-x86_64-android15-6.6_kernelsu.ko
== manager installed (me.weishu.kernelsu, KernelSU_v3.3.0_32601-release.apk)
/tmp/tmp.I32A7zmhf7/lkm-x86_64-android15-6.6_kernelsu.ko: 1 file pushed, 0 skipped. 5.5 MB/s (318824 bytes in 0.055s)
/tmp/tmp.I32A7zmhf7/ksud-x86_64-linux-android: 1 file pushed, 0 skipped. 106.6 MB/s (5713312 bytes in 0.051s)
== ksud: ksud 3.3.0 (uapi: 2)
== ksud late-load: rc=0
== ksud insmod /data/adb/kernelsu.ko: Error: load module failed: /data/adb/kernelsu.ko

Caused by:
    0: init_module failed without vermagic mismatch
    1: File exists (os error 17)
rc=1
kernelsu              159744  0 
== lsmod: kernelsu              159744  0 
KernelSU_v3.3.0_32601-release.apk
ksud-aarch64-apple-darwin
ksud-aarch64-linux-android
ksud-aarch64-unknown-linux-musl
ksud-x86_64-apple-darwin
ksud-x86_64-linux-android
ksud-x86_64-pc-windows-gnu.exe
ksud-x86_64-unknown-linux-musl
ksuinit-aarch64
ksuinit-x86_64
lkm-aarch64-android12-5.10_kernelsu.ko
lkm-aarch64-android13-5.10_kernelsu.ko
lkm-aarch64-android13-5.15_kernelsu.ko
lkm-aarch64-android14-5.15_kernelsu.ko
lkm-aarch64-android14-6.1_kernelsu.ko
lkm-aarch64-android15-6.6_kernelsu.ko
lkm-aarch64-android16-6.12_kernelsu.ko
lkm-aarch64-android17-6.18_kernelsu.ko
lkm-x86_64-android12-5.10_kernelsu.ko
lkm-x86_64-android13-5.10_kernelsu.ko
lkm-x86_64-android13-5.15_kernelsu.ko
lkm-x86_64-android14-5.15_kernelsu.ko
lkm-x86_64-android14-6.1_kernelsu.ko
lkm-x86_64-android15-6.6_kernelsu.ko
lkm-x86_64-android16-6.12_kernelsu.ko
lkm-x86_64-android17-6.18_kernelsu.ko
== no metamodule asset in tiann/KernelSU v3.3.0
/home/runner/work/devicelab/devicelab/modules/probe/./: 2 files pushed, 0 skipped. 0.0 MB/s (1474 bytes in 0.051s)
== modules: [
  {
    "enabled": "true",
    "mount": "false",
    "name": "devicelab probe",
    "version": "1",
    "versionCode": "1",
    "author": "p0g-stack",
    "update": "false",
    "id": "devicelab_probe",
    "description": "Observation module for devicelab. Its WebUI page is driven over DevTools.",
    "web": "true",
    "action": "false",
    "remove": "false"
  }
]
SELinux: Loaded file context from:
		/system/etc/selinux/plat_file_contexts
		/system_ext/etc/selinux/system_ext_file_contexts
		/vendor/etc/selinux/vendor_file_contexts
ERROR: null root node returned by UiTestAutomationBridge.
cat: /data/local/tmp/ui.xml: No such file or directory
== home text: 
== manager activities: me.weishu.kernelsu/.magica.BootCompletedReceiver me.weishu.kernelsu/.ui.MainActivity me.weishu.kernelsu/androidx.core.content.FileProvider me.weishu.kernelsu/androidx.profileinstaller.ProfileInstallReceiver me.weishu.kernelsu/androidx.startup.InitializationProvider 
inputs/modules/flutter_webui_counter-0.1.5.zip: 1 file pushed, 0 skipped. 96.1 MB/s (21434766 bytes in 0.213s)
== install flutter_webui_counter-0.1.5.zip
  inflating: webroot/fonts/notocoloremoji/v32/Yq6P-KqIXTD0t4D9z1ESnKM3-HpFabsE4tq3luCC7p-aXxcn.3.woff2
  inflating: webroot/fonts/notocoloremoji/v32/Yq6P-KqIXTD0t4D9z1ESnKM3-HpFabsE4tq3luCC7p-aXxcn.8.woff2
  inflating: webroot/fonts/notocoloremoji/v32/Yq6P-KqIXTD0t4D9z1ESnKM3-HpFabsE4tq3luCC7p-aXxcn.2.woff2
   creating: webroot/fonts/notosansmath/
   creating: webroot/fonts/notosansmath/v15/
  inflating: webroot/fonts/notosansmath/v15/7Aump_cpkSecTWaHRlH2hyV5UHkD-V048PW0.woff2
   creating: webroot/fonts/roboto/
   creating: webroot/fonts/roboto/v32/
  inflating: webroot/fonts/roboto/v32/KFOmCnqEu92Fr1Me4GZLCzYlKw.woff2
  inflating: webroot/.last_build_id
  inflating: webroot/config.json
  inflating: webroot/flutter_webui.js
  inflating: customize.sh
- Done
- Module installed successfully!
inputs/modules/counter-v1.0.0.zip: 1 file pushed, 0 skipped. 136.8 MB/s (6582359 bytes in 0.046s)
== install counter-v1.0.0.zip
  inflating: webroot/canvaskit/chromium/canvaskit.wasm
  inflating: webroot/config.json
  inflating: webroot/favicon.png
  inflating: webroot/flutter.js
  inflating: webroot/flutter_bootstrap.js
  inflating: webroot/icons/Icon-192.png
  inflating: webroot/icons/Icon-512.png
  inflating: webroot/icons/Icon-maskable-192.png
  inflating: webroot/icons/Icon-maskable-512.png
  inflating: webroot/index.html
  inflating: webroot/main.dart.js
  inflating: webroot/manifest.json
  inflating: webroot/version.json
- Done
- Module installed successfully!
inputs/modules/demo-v0.1.0.zip: 1 file pushed, 0 skipped. 110.7 MB/s (24327359 bytes in 0.210s)
== install demo-v0.1.0.zip
  inflating: webroot/icons/Icon-512.png
  inflating: webroot/icons/Icon-maskable-192.png
  inflating: webroot/icons/Icon-maskable-512.png
  inflating: webroot/index.html
  inflating: webroot/main.dart.js
  inflating: webroot/manifest.json
  inflating: webroot/pkg/.gitignore
  inflating: webroot/pkg/demo_native.js
  inflating: webroot/pkg/demo_native_bg.wasm
  inflating: webroot/pkg/package.json
  inflating: webroot/version.json
  inflating: webroot/workers/demo_service.web.g.dart.js
  inflating: webroot/workers/hello_service.web.g.dart.js
- Done
- Module installed successfully!
/home/runner/work/devicelab/devicelab/app_plane.zip: 1 file pushed, 0 skipped. 124.6 MB/s (4528306 bytes in 0.035s)
== install app_plane.zip
Archive:  /data/local/tmp/m.zip
- Extracting module files
Archive:  /data/local/tmp/m.zip
  inflating: post-fs-data.sh
  inflating: module.prop
   creating: system/
   creating: system/product/
   creating: system/product/app/
   creating: system/product/app/WebuiTermuxApi/
  inflating: system/product/app/WebuiTermuxApi/WebuiTermuxApi.apk
  inflating: service.sh
  inflating: sockprobe
- Handle partition /product
- Done
- Module installed successfully!
== soft-reboot: 
== after soft-reboot (62s): [
  {
    "description": "Observation module for devicelab. Its WebUI page is driven over DevTools.",
    "enabled": "true",
    "update": "false",
    "remove": "false",
    "name": "devicelab probe",
    "action": "false",
    "mount": "false",
    "id": "devicelab_probe",
    "versionCode": "1",
    "author": "p0g-stack",
    "web": "true",
    "version": "1"
  },
  {
    "enabled": "true",
    "name": "flutter-webui Counter",
    "version": "0.1.5",
    "versionCode": "6",
    "author": "p0g-stack",
    "id": "flutter_webui_counter",
    "update": "false",
    "remove": "false",
    "web": "true",
    "mount": "false",
    "description": "Stock Flutter counter app on flutter-webui (devicelab bring-up build).",
    "action": "false"
  },
  {
    "enabled": "true",
    "description": "A new Flutter project.",
    "web": "true",
    "id": "counter",
    "remove": "false",
    "action": "false",
    "mount": "false",
    "update": "false",
    "version": "v1.0.0",
    "versionCode": "1",
    "author": "Yuv",
    "name": "Counter"
  },
  {
    "author": "",
    "name": "Demo",
    "remove": "false",
    "description": "The demo GUI. Flutter on top of the core.",
    "action": "false",
    "update": "false",
    "mount": "false",
    "version": "v0.1.0",
    "web": "true",
    "updateJson": "https://github.com/p0g-stack/demo/releases/latest/download/update.json",
    "versionCode": "1",
    "id": "demo",
    "enabled": "true"
  },
  {
    "remove": "false",
    "enabled": "true
total 56
drwxrwxrwx 7 root root 4096 2026-10-01 16:42 .
drwx------ 5 root root 4096 2026-10-01 16:41 ..
drwxr-xr-x 3 root root 4096 2026-10-01 16:42 counter
drwxr-xr-x 5 root root 4096 2026-10-01 16:42 demo
drwxr-xr-x 4 root root 4096 2026-10-01 16:42 devicelab_app_plane
drwxr-xr-x 3 root root 4096 2026-10-01 16:41 devicelab_probe
drwxr-xr-x 4 root root 4096 2026-10-01 16:42 flutter_webui_counter
/home/runner/work/devicelab/devicelab/out/labserver: 1 file pushed, 0 skipped. 58.6 MB/s (7843260 bytes in 0.128s)
Starting: Intent { cmp=me.weishu.kernelsu/.ui.webui.WebUIActivity (has extras) }
Status: ok
Activity: me.weishu.kernelsu/.ui.webui.WebUIActivity








Status: ok








Segmentation fault 
intent path: no page; manager log:
10-01 16:43:43.100  7710  7728 W weishu.kernelsu: ApkAssets: Deleting an ApkAssets object '/product/overlay/SettingsGoogle__sdk_gphone64_x86_64__auto_generated_rro_product.apk' with 1 weak references
10-01 16:43:43.100  7710  7728 W weishu.kernelsu: ApkAssets: Deleting an ApkAssets object '<empty> and /product/priv-app/SettingsIntelligenceGooglePrebuilt/SettingsIntelligenceGooglePrebuilt.apk' with 1 weak references
10-01 16:43:43.102  7710  7728 W weishu.kernelsu: ApkAssets: Deleting an ApkAssets object '<empty> and /system_ext/priv-app/ThemePicker/ThemePicker.apk' with 1 weak references
10-01 16:43:43.102  7710  7728 W weishu.kernelsu: ApkAssets: Deleting an ApkAssets object '<empty> and /system_ext/priv-app/WallpaperPickerGoogleRelease/WallpaperPickerGoogleRelease.apk' with 1 weak references
10-01 16:43:43.102  7710  7728 W weishu.kernelsu: ApkAssets: Deleting an ApkAssets object '<empty> and /product/priv-app/OdadPrebuilt/OdadPrebuilt.apk' with 1 weak references
10-01 16:43:43.103  7710  7728 W weishu.kernelsu: ApkAssets: Deleting an ApkAssets object '<empty> and /system/priv-app/TeleService/TeleService.apk' with 1 weak references
10-01 16:43:43.103  7710  7728 W weishu.kernelsu: ApkAssets: Deleting an ApkAssets object '/vendor/overlay/TeleService__sdk_gphone64_x86_64__auto_generated_rro_vendor.apk' with 1 weak references
10-01 16:43:43.103  7710  7728 W weishu.kernelsu: ApkAssets: Deleting an ApkAssets object '/product/overlay/TeleService__sdk_gphone64_x86_64__auto_generated_rro_product.apk' with 1 weak references
10-01 16:43:43.103  7710  7728 W weishu.kernelsu: ApkAssets: Deleting an ApkAssets object '<empty> and /system/priv-app/Shell/Shell.apk' with 1 weak references
10-01 16:43:43.103  7710  7728 W weishu.kernelsu: ApkAssets: Deleting an ApkAssets object '<empty> and /system/priv-app/BlockedNumberProvider/BlockedNumberProvider.apk' with 1 weak references
10-01 16:43:43.103  7710  7728 W weishu.kernelsu: ApkAssets: Deleting an ApkAssets object '<empty> and /system/priv-app/UserDictionaryProvider/UserDictionaryProvider.apk' with 1 weak references
10-01 16:43:43.103  7710  7728 W weishu.kernelsu: ApkAssets: Deleting an ApkAssets object '<empty> and /system_ext/app/EmergencyInfoGoogleNoUi/EmergencyInfoGoogleNoUi.apk' with 1 weak references
10-01 16:43:43.103  7710  7728 W weishu.kernelsu: ApkAssets: Deleting an ApkAssets object '<empty> and /system/priv-app/FusedLocation/FusedLocation.apk' with 1 weak references
10-01 16:43:43.105  7710  7728 W weishu.kernelsu: ApkAssets: Deleting an ApkAssets object '<empty> and /system_ext/priv-app/SystemUIGoogle/SystemUIGoogle.apk' with 1 weak references
10-01 16:43:43.106  7710  7728 W weishu.kernelsu: ApkAssets: Deleting an ApkAssets object '/vendor/overlay/SystemUIGoogle__sdk_gphone64_x86_64__auto_generated_rro_vendor.apk' with 1 weak references
10-01 16:43:43.106  7710  7728 W weishu.kernelsu: ApkAssets: Deleting an ApkAssets object '/product/overlay/SystemUIGoogle__sdk_gphone64_x86_64__auto_generated_rro_product.apk' with 1 weak references
10-01 16:43:43.106  7710  7728 W weishu.kernelsu: ApkAssets: Deleting an ApkAssets object '<empty> and /product/app/YouTubeMusicPrebuilt/YouTubeMusicPrebuilt.apk' with 1 weak references
10-01 16:43:43.106  7710  7728 W weishu.kernelsu: ApkAssets: Deleting an ApkAssets object '<empty> and /system/app/BluetoothMidiService/BluetoothMidiService.apk' with 1 weak references
10-01 16:43:43.107  7710  7728 W weishu.kernelsu: ApkAssets: Deleting an ApkAssets object '<empty> and /product/app/WebuiTermuxApi/WebuiTermuxApi.apk' with 1 weak references
10-01 16:43:43.107  7710  7728 W weishu.kernelsu: ApkAssets: Deleting an ApkAssets object '<empty> and /system/app/Traceur/Traceur.apk' with 1 weak references
10-01 16:43:43.107  7710  7728 W weishu.kernelsu: ApkAssets: Deleting an ApkAssets object '<empty> and /apex/com.android.cellbroadcast/priv-app/GoogleCellBroadcastApp@350820300/GoogleCellBroadcastApp.apk' with 1 weak references
10-01 16:43:43.108  7710  7728 W weishu.kernelsu: ApkAssets: Deleting an ApkAssets object '<empty> and /system/priv-app/ContactsProvider/ContactsProvider.apk' with 1 weak references
10-01 16:43:43.108  7710  7728 W weishu.kernelsu: ApkAssets: Deleting an ApkAssets object '/product/overlay/ContactsProvider__sdk_gphone64_x86_64__auto_generated_rro_product.apk' with 1 weak references
10-01 16:43:43.108  7710  7728 W weishu.kernelsu: ApkAssets: Deleting an ApkAssets object '<empty> and /product/app/LatinIMEGooglePrebuilt/LatinIMEGooglePrebuilt.apk' with 1 weak references
10-01 16:43:43.108  7710  7728 W weishu.kernelsu: ApkAssets: Deleting an ApkAssets object '<empty> and /product/priv-app/GoogleRestorePrebuilt-v526684/GoogleRestorePrebuilt-v526684.apk' with 1 weak references
ui: dismissed ANR dialog
ui: tapped 'Module' at 200,584
ui: tapped 160,152
[0,0][320,640] devicelab probe | search | Clean | Cancel | devicelab probe | Version: 1 | Author: p0g-stack | Observation module for de
[12,40][235,88] devicelab probe | search | Clean
[185,40][233,88] Clean
[251,40][304,88] Cancel
[12,98][308,267] devicelab probe | Version: 1 | Author: p0g-stack | Observation module for devicelab. Its WebUI page is driven over DevTo
[243,116][292,164] 
[28,210][110,258] Open | Open
[186,210][292,258] Uninstall
[0,552][80,616] Home
[80,552][160,616] Superuser
[240,552][320,616] Settings
ui: tapped 'Open' at 69,234

https://mui.kernelsu.org/index.html
    * Hist  #1: ActivityRecord{b46cd93 u0 me.weishu.kernelsu/.ui.webui.WebUIActivity t13}
      packageName=me.weishu.kernelsu processName=me.weishu.kernelsu
      launchedFromUid=10209 launchedFromPackage=me.weishu.kernelsu launchedFromFeature=null userId=0
      app=ProcessRecord{25f662d 7710:me.weishu.kernelsu/u0a209}
      Intent { dat=ksu://webui?id=devicelab_probe&token=89ca87710f1cd0277af85282977e86add6f77611a613ee4245018160b5af21d0 flg=0x80000 cmp=me.weishu.kernelsu/.ui.webui.WebUIActivity }
opened: ui
{"check":"targets","result":[{"socket": "webview_devtools_remote_7710", "type": "page", "url": "https://mui.kernelsu.org/index.html", "title": "devicelab probe"}]}
{"check":"globals","result":{"url":"https://mui.kernelsu.org/index.html","socket":"webview_devtools_remote_7710","value":{"ua":"Mozilla/5.0 (Linux; Android 15; sdk_gphone64_x86_64 Build/AE3A.240806.043; wv) AppleWebKit/537.36 (KHTML, like Gecko) Version/4.0 Chrome/124.0.6367.219 Mobile Safari/537.36","origin":"https://mui.kernelsu.org","href":"https://mui.kernelsu.org/index.html","globals":["ksu"],"ksu":["enableEdgeToEdge","exec","exit","fullScreen","getPackagesInfo","listPackages","moduleInfo","spawn","toast","enableEdgeToEdge","exec","exit","fullScreen","getPackagesInfo","listPackages","moduleInfo","spawn","toast"]}}}
{"check":"ksu-exec","result":{"url":"https://mui.kernelsu.org/index.html","socket":"webview_devtools_remote_7710","value":{"code":0,"out":"uid=0(root) gid=0(root) groups=0(root) context=u:r:ksu:s0\nu:r:ksu:s0\u0000","err":""}}}
{"check":"ws-loopback","result":{"url":"https://mui.kernelsu.org/index.html","socket":"webview_devtools_remote_7710","value":{"got":["{\"origin\":\"https://mui.kernelsu.org\",\"peerUid\":10209,\"remote\":\"127.0.0.1:56480\",\"serverUid\":0,\"t\":1790873078319,\"uidSource\":\"/proc/net/tcp\"}","hi"],"ms":177}}}
{"check":"fetch-loopback","result":{"url":"https://mui.kernelsu.org/index.html","socket":"webview_devtools_remote_7710","value":{"origin":"https://mui.kernelsu.org","peerUid":10209,"remote":"127.0.0.1:56496","serverUid":0,"t":1790873078610,"uidSource":"/proc/net/tcp"}}}
{"check":"webview-uid","result":["webview_zygote 1053 webview_zygote", "u0_a209      10209 me.weishu.kernelsu", "u0_a151      10151 com.google.android.webview:webview_service", "u0_i9000     99000 com.google.android.webview:sandboxed_process0:org.chromium.content.app.SandboxedProcessService0:0", "u0_a151      10151 com.google.android.webview:webview_apk"]}
{"check":"while-home-heartbeat","result":{"url":"https://mui.kernelsu.org/index.html","socket":"webview_devtools_remote_7710","value":{"now":13098,"vis":"hidden"}}}
{"check":"lifecycle","result":{"url":"https://mui.kernelsu.org/index.html","socket":"webview_devtools_remote_7710","value":{"events":[{"type":"pageshow","t":1036,"vis":"visible"},{"type":"visibilitychange","t":6730,"vis":"hidden"},{"type":"visibilitychange","t":15599,"vis":"visible"}],"gaps":[{"from":6650,"ms":1186,"vis":"hidden"},{"from":8835,"ms":1000,"vis":"hidden"},{"from":9835,"ms":1002,"vis":"hidden"},{"from":11835,"ms":1010,"vis":"hidden"},{"from":12845,"ms":1070,"vis":"hidden"}],"slow":{"heldMs":3000,"sentAt":1790873081926,"resolvedAt":1790873081930,"vis":"hidden"}}}}
{"check":"dev-url","result":{"url":"http://127.0.0.1:8090/index.html","socket":"webview_devtools_remote_7710","value":{"href":"http://127.0.0.1:8090/index.html","ksu":"object","webui":"undefined","globals":["ksu"],"exec":{"code":0,"out":"uid=0(root) gid=0(root) groups=0(root) context=u:r:ksu:s0","err":""}}}}
Starting: Intent { cmp=me.weishu.kernelsu/.ui.webui.WebUIActivity (has extras) }
Status: ok
Activity: me.weishu.kernelsu/.ui.webui.WebUIActivity








Status: ok








Status: ok
https://mui.kernelsu.org/index.html
token found in manager data: 0000000000000000000000000000000000000000000000000000000000000000
opened: intent-token
{"check":"targets","result":[{"type": "page", "url": "https://mui.kernelsu.org/index.html", "title": "Flutter Demo"}]}
{"check":"page","result":{"url":"https://mui.kernelsu.org/index.html","socket":"webview_devtools_remote_8924","value":{"href":"https://mui.kernelsu.org/index.html","title":"Flutter Demo","ready":"complete","flutter":true,"glass":true,"nav":{"dcl":773,"load":2482},"paint":{"first-paint":1899,"first-contentful-paint":4896},"glassAt":"present","firstFrame":null,"insets":"24px","vv":[320,640,1]}}}
{"check":"java-exceptions","result":["10-01 16:45:32.530  6495  6495 V ContactsProvider: Scheduled notifyChange started.", "--", "10-01 16:45:35.246  6323  7143 I ChimeraSrvcProxy: NullBinder for android.net.action.RECOMMEND_NETWORKS triggering remote TransactionTooLargeException due to Service without Chimera impl", "10-01 16:45:35.246  6323  7143 W .gms.persistent: Large reply transaction of 1056768 bytes, interface descriptor , code 1", "10-01 16:45:35.250  6741  7257 I BugleRcsEngine: RCS Configuration storage in Bugle is disabled by p/h flag, using ProvisioningEngineStateCacheUtil.getProvisioningConfigurationForGivenSimIfExist() [CONTEXT log_prefix=\"ProvisioningEngineDataRetriever\" thread_id=63 ]", "10-01 16:45:35.224  8924  8924 W weishu.kernelsu: type=1400 audit(0.0:120): avc:  denied  { getattr } for  path=\"/data/adb\" dev=\"dm-46\" ino=319489 scontext=u:r:untrusted_app:s0:c209,c256,c512,c768 tcontext=u:object_r:adb_data_file:s0 tclass=dir permissive=0 app=me.weishu.kernelsu", "10-01 16:45:35.262  8924  9133 W cr_media: BLUETOOTH_CONNECT permission is missing.", "10-01 16:45:35.263  8924  9133 W cr_media: registerBluetoothIntentsIfNeeded: Requires BLUETOOTH permission", "10-01 16:45:35.287  9125  9153 I cr_LibraryLoader: Successfully loaded native library", "10-01 16:45:35.288  9125  9153 I cr_CachingUmaRecorder: Flushed 2 samples from 2 histograms, 0 samples were dropped.", "10-01 16:45:35.301  9125  9153 W SystemServiceRegistry: No service published for: uimode", "10-01 16:45:35.456     0     0 W servicemanager: Isolated app with UID 99001 requested 'uimode', but the service is not allowed for isolated apps.", "10-01 16:45:35.468     0     0 W audit   : audit_lost=14 audit_rate_limit=5 audit_backlog_limit=64", "10-01 16:45:35.470     0     0 E audit   : rate limit exceeded", "--", "10-01 16:45:35.433  6323  8374 W FontLog : java.lang.IllegalStateException: Cannot perform this operation because the connection pool has been closed.", "10-01 16:45:35.433  6323  8374 W FontLog : \tat android.database.sqlite.SQLiteConnectionPool.throwIfClosedLocked(SQLiteConnectionPool.java:1103)", "10-01 16:45:35.433  6323  8374 W FontLog : \tat android.database.sqlite.SQLiteConnectionPool.waitForConnection(SQLiteConnectionPool.java:794)", "10-01 16:45:35.433  6323  8374 W FontLog : \tat android.database.sqlite.SQLiteConnectionPool.acquireConnection(SQLiteConnectionPool.java:399)", "10-01 16:45:35.433  6323  8374 W FontLog : \tat android.database.sqlite.SQLiteSession.acquireConnection(SQLiteSession.java:920)", "10-01 16:45:35.433  6323  8374 W FontLog : \tat android.database.sqlite.SQLiteSession.executeForChangedRowCount(SQLiteSession.java:778)", "10-01 16:45:35.433  6323  8374 W FontLog : \tat android.database.sqlite.SQLiteStatement.executeUpdateDelete(SQLiteStatement.java:67)", "10-01 16:45:35.433  6323  8374 W FontLog : \tat android.database.sqlite.SQLiteDatabase.executeSql(SQLiteDatabase.java:2207)", "10-01 16:45:35.433  6323  8374 W FontLog : \tat android.database.sqlite.SQLiteDatabase.execSQL(SQLiteDatabase.java:2183)", "10-01 16:45:35.433  6323  8374 W FontLog : \tat bbkg.run(:com.google.android.gms@242335041@24.23.35 (190800-646585959):57)", "10-01 16:45:35.433  6323  8374 W FontLog : \tat angs.c(:com.google.android.gms@242335041@24.23.35 (190800-646585959):50)", "10-01 16:45:35.433  6323  8374 W FontLog : \tat angs.run(:com.google.android.gms@242335041@24.23.35 (190800-646585959):76)", "10-01 16:45:35.433  6323  8374 W FontLog : \tat java.util.concurrent.ThreadPoolExecutor.runWorker(ThreadPoolExecutor.java:1145)", "--", "10-01 16:45:37.797  8924  9123 E SuFilePathHandler: java.io.FileNotFoundException: No such file or directory: /data/adb/modules/flutter_webui_counter/webroot/favicon.ico", "10-01 16:45:37.797  8924  9123 E SuFilePathHandler: \tat zb3.a(r8-map-id-9f7f45feba6f2c95784574c49c444982ed6e6c85bfa15582daceb837f5e42ea2:151)", "10-01 16:45:37.797  8924  9123 E SuFilePathHandler: \tat fk3.e(r8-map-id-9f7f45feba6f2c95784574c49c444982ed6e6c85bfa15582daceb837f5e42ea2:308)", "10-01 16:45:37.797  8924  9123 E SuFilePathHandler: \tat ja4.a(r8-map-id-9f7f45feba6f2c95784574c49c444982ed6e6c85bfa15582daceb837f5e42ea2:99)", "10-01 16:45:37.797  8924  9123 E SuFilePathHandler: \tat o11.shouldInterceptRequest(r8-map-id-9f7f45feba6f2c95784574c49c444982ed6e6c85bfa15582daceb837f5e42ea2:247)", "10-01 16:45:37.784  8924  8924 W ThreadPoolForeg: type=1400 audit(0.0:139): avc:  denied  { getattr } for  path=\"/data/adb\" dev=\"dm-46\" ino=319489 scontext=u:r:untrusted_app:s0:c209,c256,c512,c768 tcontext=u:object_r:adb_data_file:s0 tclass=dir permissive=0 app=me.weishu.kernelsu", "10-01 16:45:37.937  6837  6837 D BoundBrokerSvc: onUnbind: Intent { act=com.google.android.mdd.service.START dat=chimera-action:/... cmp=com.google.android.gms/.chimera.GmsBoundBrokerService }", "10-01 16:45:38.302  6837  6837 D BoundBrokerSvc: onUnbind: Intent { act=com.google.android.gms.audit.service.START dat=chimera-action:/... cmp=com.google.android.gms/.chimera.GmsBoundBrokerService }", "10-01 16:45:38.427  8924  8960 D EGL_emulation: app_time_stats: avg=20.00ms min=1.78ms max=226.76ms count=41", "10-01 16:45:38.580  9196  9196 W BpBinder: Linking to death on android.gui.ISurfaceComposer but there are no threads (yet?) listening to incoming transactions. See ProcessState::startThreadPool and ProcessState::setThreadPoolMaxThreadCount. Generally you should setup the binder threadpool before other initialization steps.", "10-01 16:45:38.582  9196  9196 W ProcessState: Extra binder thread started, but 0 threads requested. Do not use *startThreadPool when zero threads are requested."]}
{"check":"console-errors","result":["--------- beginning of main", "10-01 16:45:35.020  8924  9118 E chromium: [1001/164535.020490:ERROR:variations_seed_loader.cc(37)] Seed missing signature.", "10-01 16:45:35.021  8924  9118 I chromium: [1001/164535.021230:INFO:variations_seed_loader.cc(66)] Failed to open file for reading.: No such file or directory (2)", "10-01 16:45:35.320  9125  9153 W chromium: [WARNING:runtime_features.cc(694)] SharedStorage for M118+ cannot be enabled in this configuration. Use --enable-features=SharedStorageAPI,SharedStorageAPIM118 in addition.", "10-01 16:45:35.320  9125  9153 W chromium: [WARNING:runtime_features.cc(730)] AttributionReportingCrossAppWeb cannot be enabled in this configuration. Use --enable-features=ConversionMeasurement,AttributionReportingCrossAppWeb in addition.", "10-01 16:45:35.449  9125  9153 I chromium: [INFO:viewport_data.cc(133)] E2E_Used ViewportFitCover", "10-01 16:45:36.025  8924  8924 I chromium: [INFO:CONSOLE(3)] \"Injecting <script> tag. Using callback.\", source: https://mui.kernelsu.org/flutter_bootstrap.js (3)"]}
{"check":"first-frame-warm","result":{"url":"https://mui.kernelsu.org/index.html","socket":"webview_devtools_remote_8924","value":{"firstFrameMs":830,"now":15056,"flutter":true,"resizes":[],"paint":{"first-paint":735,"first-contentful-paint":2154},"calls":[[88,"at-preload","ksu:undefined webui:undefined"],[94,"ksu-defined"],[134,"wrap-failed","exec"],[138,"wrap-failed","spawn"],[139,"wrap-failed","moduleInfo"],[140,"wrap-failed","fullScreen"],[141,"wrap-failed","enableEdgeToEdge"],[142,"wrap-failed","toast"],[144,"wrap-failed","exit"]],"resources":[["/internal/insets.css",83,145,"link",0],["/flutter_webui.css",83,187,"link",0],["/flutter_webui.js",83,177,"script",0],["/flutter_bootstrap.js",83,173,"script",0],["/canvaskit/chromium/canvaskit.wasm",250,397,"fetch",0],["/canvaskit/chromium/canvaskit.js",250,299,"other",0],["/main.dart.js",252,365,"script",0],["/assets/FontManifest.json",647,667,"fetch",0],["/favicon.ico",654,666,"other",0],["/assets/fonts/MaterialIcons-Regular.otf",668,693,"fetch",0],["/assets/packages/cupertino_icons/assets/CupertinoIcons.ttf",668,696,"fetch",0],["/assets/fonts/fallback/Roboto-Regular.ttf",669,696,"fetch",0]],"marks":[["flutter_webui:register",701],["flutter_webui:registered",707],["flutter_webui:first-frame",830]],"measures":[],"fonts":[]}}}
{"check":"root-start","result":{"url":"https://mui.kernelsu.org/index.html","socket":"webview_devtools_remote_8924","value":{"code":0,"out":"","err":"","ms":206}}}
{"check":"session","result":{"url":"https://mui.kernelsu.org/index.html","socket":"webview_devtools_remote_8924","value":{"status":200,"ms":51,"protocol":1,"version":"0.1.0","port":33711,"pid":9244,"tokenLen":43}}}
{"check":"ws-hello","result":{"url":"https://mui.kernelsu.org/index.html","socket":"webview_devtools_remote_8924","value":{"first":"{\"op\":\"hello\",\"protocol\":1,\"version\":\"0.1.0\",\"pid\":9244,\"boot\":\"42230a86-ebda-4ac2-9ae4-b2ad68c3d80b\",\"uid\":0,\"moduleDir\":\"/data/adb/modules/flutter_webui_counter\"}"}}}
{"check":"channel-process","result":"USER           UID LABEL                            PID NAME                       \nroot             0 u:r:ksu:s0                      9244 ld-linux-x86-64.so.2\nexe=/data/adb/modules/flutter_webui_counter/flutter_webui/x86_64/ld-linux-x86-64.so.2\n/data/adb/modules/flutter_webui_counter/flutter_webui/x86_64/ld-linux-x86-64.so.2 --library-path /data/adb/modules/flutter_webui_counter/flutter_webui/x86_64 /data/adb/modules/flutter_webui_counter/flutter_webui/x86_64/dartaotruntime /data/adb/modules/flutter_webui_counter/flutter_webui/x86_64/flutter_webui_root.aot serve --module-dir /data/adb/modules/flutter_webui_counter \narm64-v8a\nroot\nx86_64\n/data/adb/modules/flutter_webui_counter/flutter_webui/arm64-v8a:\ndartaotruntime\nflutter_webui_root.aot\nld-linux-aarch64.so.1\nlibc.so.6\nlibdl.so.2\nlibm.so.6\nlibpthread.so.0\n\n/data/adb/modules/flutter_webui_counter/flutter_webui/x86_64:\ndartaotruntime\nflutter_webui_root.aot\nld-linux-x86-64.so.2\nlibc.so.6\nlibdl.so.2\nlibm.so.6\nlibpthread.so.0"}
{"check":"root-log","result":"2026-10-01T16:46:08.731298 listening on 127.0.0.1:33711"}
{"check":"session-mode","result":"total 44\ndrwx--x--x 3 root root 4096 2026-10-01 16:46 .\ndrwxr-xr-x 7 root root 4096 2026-10-01 16:46 ..\n-rw------- 1 root root    0 2026-10-01 16:46 lock\ndrwx------ 2 root root 4096 2026-10-01 16:46 proc\n-rw------- 1 root root   56 2026-10-01 16:46 root.log\n-rw-r--r-- 1 root root  196 2026-10-01 16:46 session.json"}
{"check":"home-resume","result":{"url":"https://mui.kernelsu.org/index.html","socket":"webview_devtools_remote_8924","value":{"events":[["visibilitychange","hidden",16638],["visibilitychange","visible",23885]],"ticks":20,"vis":"visible","hasFocus":false}}}
{"check":"before-back","result":{"url":"https://mui.kernelsu.org/index.html","socket":"webview_devtools_remote_8924","value":{"historyLength":2,"historyState":"{\"flutter\":true}","href":"https://mui.kernelsu.org/index.html","typeofWebui":"undefined","typeofWebuiExit":"undefined","typeofKsuExit":"function","webuiKeys":null,"wrapped":"no webui.exit"}}}
{"check":"back-events","result":{"error":"no page target","sockets":["webview_devtools_remote_8924"],"targets":[]}}
{"check":"back-console","result":["10-01 16:46:21.094  8924  8924 E chromium: [ERROR:aw_browser_terminator.cc(154)] Renderer process (9125) crash detected (code -1).", "10-01 16:46:21.110  5855  6081 I ActivityManager: Killing 9125:com.google.android.webview:sandboxed_process0:org.chromium.content.app.SandboxedProcessService0:0/u0a209i1 (adj 0): isolated not needed"]}
{"check":"back-at-root","result":"topResumedActivity=ActivityRecord{388fc08 u0 com.google.android.apps.nexuslauncher/.NexusLauncherActivity t10}"}
Starting: Intent { cmp=me.weishu.kernelsu/.ui.webui.WebUIActivity (has extras) }
Status: ok
Activity: me.weishu.kernelsu/.ui.webui.WebUIActivity








Status: ok








Segmentation fault 
Status: ok
https://mui.kernelsu.org/index.html
token found in manager data: 89ca87710f1cd0277af85282977e86add6f77611a613ee4245018160b5af21d0
opened: intent-token
{"check":"targets","result":[{"type": "page", "url": "https://mui.kernelsu.org/index.html", "title": "Flutter Demo"}]}
{"check":"page","result":{"url":"https://mui.kernelsu.org/index.html","socket":"webview_devtools_remote_9364","value":{"href":"https://mui.kernelsu.org/index.html","title":"Flutter Demo","ready":"complete","flutter":true,"glass":true,"nav":{"dcl":662,"load":1425},"paint":{"first-paint":2960,"first-contentful-paint":2960},"glassAt":"present","firstFrame":null,"insets":null,"vv":[320,592,1]}}}
{"check":"java-exceptions","result":["10-01 16:46:34.605  5855  7538 W OptProp : Cannot read opt property android.window.PROPERTY_COMPAT_ALLOW_MIN_ASPECT_RATIO_OVERRIDE", "10-01 16:46:34.622  5855  7538 I ActivityTaskManager: START u0 {act=android.intent.action.VIEW dat=kernelsu://webui/... flg=0x10000000 cmp=me.weishu.kernelsu/.ui.webui.WebUIActivity (has extras)} with LAUNCH_MULTIPLE from uid 0 (BAL_ALLOW_ALLOWLISTED_UID) result code=0", "10-01 16:46:34.623  6100  6162 V WindowManagerShell: Transition requested (#23): android.os.BinderProxy@b6a46f0 TransitionRequestInfo { type = OPEN, triggerTask = TaskInfo{userId=0 taskId=18 displayId=0 isRunning=true baseIntent=Intent { act=android.intent.action.VIEW dat=kernelsu://webui/... flg=0x10080000 cmp=me.weishu.kernelsu/.ui.webui.WebUIActivity } baseActivity=ComponentInfo{me.weishu.kernelsu/me.weishu.kernelsu.ui.webui.WebUIActivity} topActivity=ComponentInfo{me.weishu.kernelsu/me.weishu.kernelsu.ui.webui.WebUIActivity} origActivity=null realActivity=ComponentInfo{me.weishu.kernelsu/me.weishu.kernelsu.ui.webui.WebUIActivity} numActivities=1 lastActiveTime=430428 supportsMultiWindow=true resizeMode=1 isResizeable=true minWidth=-1 minHeight=-1 defaultMinSize=220 token=WCT{android.window.IWindowContainerToken$Stub$Proxy@b7d8469} topActivityType=1 pictureInPictureParams=null shouldDockBigOverlays=false launchIntoPipHostTaskId=-1 lastParentTaskIdBeforePip=-1 displayCutoutSafeInsets=null topActivityInfo=ActivityInfo{4ff8eee me.weishu.kernelsu.ui.webui.WebUIActivity} launchCookies=[] positionInParent=Point(0, 0) parentTaskId=-1 isFocused=false isVisible=false isVisibleRequested=false isSleeping=false locusId=null displayAreaFeatureId=1 isTopActivityTransparent=false appCompatTaskInfo=AppCompatTaskInfo { topActivityInSizeCompat=false topActivityEligibleForLetterboxEducation= falseisLetterboxEducationEnabled= true isLetterboxDoubleTapEnabled= false topActivityEligibleForUserAspectRatioButton= false topActivityBoundsLetterboxed= false isFromLetterboxDoubleTap= false topActivityLetterboxVerticalPosition= -1 topActivityLetterboxHorizontalPosition= -1 topActivityLetterboxWidth=320 topActivityLetterboxHeight=640 isUserFullscreenOverrideEnabled=false isSystemFullscreenOverrideEnabled=false cameraCompatTaskInfo=CameraCompatTaskInfo { cameraCompatControlState=hidden freeformCameraCompatMode=inactive}}}, pipTask = null, remoteTransition = null, displayChange = null, flags = 0, debugId = 23 }", "10-01 16:46:34.623  5855  7134 D OomAdjuster: Not killing cached processes", "10-01 16:46:34.624  6100  6200 D SplashScreenView: Build android.window.SplashScreenView{b44e21c V.E...... ......ID 0,0-0,0}", "--", "10-01 16:46:35.792  6598  7030 D OneSearchSuggestProvider: java.util.concurrent.CompletionException: java.util.NoSuchElementException: No value present", "10-01 16:46:35.792  6598  7030 D OneSearchSuggestProvider: \tat java.util.concurrent.CompletableFuture.encodeThrowable(CompletableFuture.java:308)", "10-01 16:46:35.792  6598  7030 D OneSearchSuggestProvider: \tat java.util.concurrent.CompletableFuture.completeThrowable(CompletableFuture.java:323)", "10-01 16:46:35.792  6598  7030 D OneSearchSuggestProvider: \tat java.util.concurrent.CompletableFuture$UniAccept.tryFire(CompletableFuture.java:684)", "10-01 16:46:35.792  6598  7030 D OneSearchSuggestProvider: \tat java.util.concurrent.CompletableFuture.postComplete(CompletableFuture.java:486)", "10-01 16:46:35.792  6598  7030 D OneSearchSuggestProvider: \tat java.util.concurrent.CompletableFuture.completeExceptionally(CompletableFuture.java:2138)", "10-01 16:46:35.792  6598  7030 D OneSearchSuggestProvider: \tat com.google.android.apps.nexuslauncher.allapps.E0.onResult(go/retraceme 31f9979659277bb965985aff1272c33e3c3c9e755b77166d20a2465454178f2c:67)", "10-01 16:46:35.792  6598  7030 D OneSearchSuggestProvider: \tat android.app.appsearch.SearchSessionUtil$1.lambda$onResult$0(go/retraceme 64eee9e9f568ff45978879ad2ff83146f2618ee8a88278736fbdf5fae931976e:144)", "10-01 16:46:35.792  6598  7030 D OneSearchSuggestProvider: \tat android.app.appsearch.SearchSessionUtil$1.$r8$lambda$CEk3q8sDAQVhU3rQwVueB8FAj_M(go/retraceme 64eee9e9f568ff45978879ad2ff83146f2618ee8a88278736fbdf5fae931976e:1)", "10-01 16:46:35.792  6598  7030 D OneSearchSuggestProvider: \tat android.app.appsearch.SearchSessionUtil$1$$ExternalSyntheticLambda0.run(go/retraceme 64eee9e9f568ff45978879ad2ff83146f2618ee8a88278736fbdf5fae931976e:22)", "10-01 16:46:35.792  6598  7030 D OneSearchSuggestProvider: \tat android.os.Handler.handleCallback(Handler.java:959)", "10-01 16:46:35.792  6598  7030 D OneSearchSuggestProvider: \tat android.os.Handler.dispatchMessage(Handler.java:100)", "10-01 16:46:35.792  6598  7030 D OneSearchSuggestProvider: \tat android.os.Looper.loopOnce(Looper.java:232)", "10-01 16:46:35.792  6598  7030 D OneSearchSuggestProvider: \tat android.os.Looper.loop(Looper.java:317)", "10-01 16:46:35.792  6598  7030 D OneSearchSuggestProvider: \tat android.os.HandlerThread.run(HandlerThread.java:85)", "10-01 16:46:35.792  6598  7030 D OneSearchSuggestProvider: Caused by: java.util.NoSuchElementException: No value present", "10-01 16:46:35.792  6598  7030 D OneSearchSuggestProvider: \tat java.util.Optional.get(Optional.java:143)", "10-01 16:46:35.792  6598  7030 D OneSearchSuggestProvider: \tat com.google.android.apps.nexuslauncher.allapps.E0.onResult(go/retraceme 31f9979659277bb965985aff1272c33e3c3c9e755b77166d20a2465454178f2c:28)", "10-01 16:46:35.792  6598  7030 D OneSearchSuggestProvider: \t... 8 more", "10-01 16:46:35.792  6598  7030 D OneSearchSuggestProvider: Established or reuse existing binder channel authority=com.google.android.googlequicksearchbox", "10-01 16:46:35.793  6598  9330 E OneSearchSuggestProvider: Unable to get suggestions from AGA", "10-01 16:46:35.793  6598  9330 E OneSearchSuggestProvider: io.grpc.StatusRuntimeException: UNIMPLEMENTED: bindService(Intent { act=grpc.io.action.BIND cmp=com.google.android.googlequicksearchbox/com.google.android.apps.search.googleapp.search.suggest.plugins.onesearch.server.OneSearchSuggestService }) returned false", "10-01 16:46:35.793  6598  9330 E OneSearchSuggestProvider: \tat k3.e.a(go/retraceme 31f9979659277bb965985aff1272c33e3c3c9e755b77166d20a2465454178f2c:77)", "10-01 16:46:35.793  6598  9330 E OneSearchSuggestProvider: \tat i3.l.b(go/retraceme 31f9979659277bb965985aff1272c33e3c3c9e755b77166d20a2465454178f2c:43)", "10-01 16:46:35.793  6598  9330 E OneSearchSuggestProvider: \tat i3.l.a(go/retraceme 31f9979659277bb965985aff1272c33e3c3c9e755b77166d20a2465454178f2c:27)", "10-01 16:46:35.793  6598  9330 E OneSearchSuggestProvider: \tat i3.z.run(go/retraceme 31f9979659277bb965985aff1272c33e3c3c9e755b77166d20a2465454178f2c:7)", "10-01 16:46:35.793  6598  9330 E OneSearchSuggestProvider: \tat i3.m2.run(go/retraceme 31f9979659277bb965985aff1272c33e3c3c9e755b77166d20a2465454178f2c:19)", "10-01 16:46:35.793  6598  9330 E OneSearchSuggestProvider: \tat java.util.concurrent.ThreadPoolExecutor.runWorker(ThreadPoolExecutor.java:1145)", "10-01 16:46:35.793  6598  9330 E OneSearchSuggestProvider: \tat java.util.concurrent.ThreadPoolExecutor$Worker.run(ThreadPoolExecutor.java:644)", "10-01 16:46:35.793  6598  9330 E OneSearchSuggestProvider: \tat java.lang.Thread.run(Thread.java:1012)", "10-01 16:46:35.797  6100  6234 V WindowManagerShell: onTransitionReady(transaction=25147033519347)", "10-01 16:46:35.797  6100  6162 V WindowManagerShell: onTransitionReady (#24) android.os.BinderProxy@22656e4: {id=24 t=CLOSE f=0x0 trk=0 r=[0@Point(0, 0)] c=[{WCT{android.window.IWindowContainerToken$Stub$Proxy@8939e7c} m=TO_FRONT f=SHOW_WALLPAPER leash=Surface(name=Task=1)/@0x163fd50 sb=Rect(0, 0 - 320, 640) eb=Rect(0, 0 - 320, 640) d=0 taskParent=-1},{WCT{android.window.IWindowContainerToken$Stub$Proxy@10c7305} m=CLOSE f=NONE leash=Surface(name=Task=18)/@0xaa16b49 sb=Rect(0, 0 - 320, 640) eb=Rect(0, 0 - 320, 640) d=0 taskParent=-1},{null m=TO_FRONT f=IS_WALLPAPER leash=Surface(name=WallpaperWindowToken{98a8dd4 token=android.os.Binder@ca035e6})/@0x8e11c4e sb=Rect(0, 0 - 320, 640) eb=Rect(0, 0 - 320, 640) d=0}]}", "10-01 16:46:35.797  6100  6162 V WindowManagerShell: Playing animation for (#24) android.os.BinderProxy@22656e4@0", "10-01 16:46:35.797  6100  6162 V WindowManagerShell:  try handler com.android.wm.shell.transition.DefaultMixedHandler@c1c532e"]}
{"check":"console-errors","result":["--------- beginning of main", "10-01 16:46:45.063  9364  9497 E chromium: [1001/164645.059194:ERROR:variations_seed_loader.cc(37)] Seed missing signature.", "10-01 16:46:45.063  9364  9497 I chromium: [1001/164645.063320:INFO:variations_seed_loader.cc(66)] Failed to open file for reading.: No such file or directory (2)", "10-01 16:46:45.503  9511  9527 W chromium: [WARNING:runtime_features.cc(694)] SharedStorage for M118+ cannot be enabled in this configuration. Use --enable-features=SharedStorageAPI,SharedStorageAPIM118 in addition.", "10-01 16:46:45.528  9511  9527 W chromium: [WARNING:runtime_features.cc(730)] AttributionReportingCrossAppWeb cannot be enabled in this configuration. Use --enable-features=ConversionMeasurement,AttributionReportingCrossAppWeb in addition.", "10-01 16:46:46.199  9364  9364 I chromium: [INFO:CONSOLE(1)] \"Injecting <script> tag. Using callback.\", source: https://mui.kernelsu.org/flutter_bootstrap.js (1)"]}
{"check":"first-frame-warm","result":{"url":"https://mui.kernelsu.org/index.html","socket":"webview_devtools_remote_9364","value":{"firstFrameMs":778,"now":15024,"flutter":true,"resizes":[],"paint":{"first-paint":1476,"first-contentful-paint":1476},"calls":[[92,"at-preload","ksu:undefined webui:undefined"],[121,"ksu-defined"],[136,"wrap-failed","exec"],[138,"wrap-failed","spawn"],[139,"wrap-failed","moduleInfo"],[140,"wrap-failed","fullScreen"],[140,"wrap-failed","enableEdgeToEdge"],[142,"wrap-failed","toast"],[145,"wrap-failed","exit"]],"resources":[["/flutter_bootstrap.js",83,149,"script",0],["/canvaskit/chromium/canvaskit.wasm",207,390,"fetch",0],["/canvaskit/chromium/canvaskit.js",208,243,"other",0],["/main.dart.js",209,296,"script",0],["/assets/FontManifest.json",623,659,"fetch",0],["/favicon.png",630,666,"other",0],["/assets/fonts/MaterialIcons-Regular.otf",661,692,"fetch",0],["/assets/packages/cupertino_icons/assets/CupertinoIcons.ttf",662,691,"fetch",0],["/assets/fonts/fallback/Roboto-Regular.ttf",662,696,"fetch",0],["/favicon.png",1467,1512,"other",0]],"marks":[],"measures":[],"fonts":[]}}}
Starting: Intent { cmp=me.weishu.kernelsu/.ui.webui.WebUIActivity (has extras) }
Status: ok
Activity: me.weishu.kernelsu/.ui.webui.WebUIActivity








Status: ok








Segmentation fault 
Status: ok
https://mui.kernelsu.org/index.html
token found in manager data: 89ca87710f1cd0277af85282977e86add6f77611a613ee4245018160b5af21d0
opened: intent-token
{"check":"targets","result":[{"type": "page", "url": "https://mui.kernelsu.org/index.html", "title": "Demo"}]}
{"check":"page","result":{"url":"https://mui.kernelsu.org/index.html","socket":"webview_devtools_remote_9640","value":{"href":"https://mui.kernelsu.org/index.html","title":"Demo","ready":"complete","flutter":true,"glass":true,"nav":{"dcl":694,"load":2727},"paint":{"first-paint":2108,"first-contentful-paint":5973},"glassAt":"present","firstFrame":null,"insets":"24px","vv":[320,640,1]}}}
{"check":"java-exceptions","result":["10-01 16:47:29.937  6598  9638 E OneSearchSuggestProvider: \tat java.util.concurrent.ThreadPoolExecutor$Worker.run(ThreadPoolExecutor.java:644)", "10-01 16:47:29.937  6598  9638 E OneSearchSuggestProvider: \tat java.lang.Thread.run(Thread.java:1012)", "10-01 16:47:29.938  6691  6827 I AiAiEcho: Predicting[0]:  [CONTEXT sampling_count=5 ]", "10-01 16:47:29.938  6691  6827 I AiAiEcho: EchoTargets: ", "10-01 16:47:29.938  6691  6827 I AiAiEcho: Filtered by AiAi flag check: ", "10-01 16:47:29.938  6691  6827 I AiAiEcho: [CONTEXT ratelimit_period=\"10 SECONDS\" ]", "--", "10-01 16:47:40.285  6323  9829 W FontLog : java.lang.IllegalStateException: Cannot perform this operation because the connection pool has been closed.", "10-01 16:47:40.285  6323  9829 W FontLog : \tat android.database.sqlite.SQLiteConnectionPool.throwIfClosedLocked(SQLiteConnectionPool.java:1103)", "10-01 16:47:40.285  6323  9829 W FontLog : \tat android.database.sqlite.SQLiteConnectionPool.waitForConnection(SQLiteConnectionPool.java:794)", "10-01 16:47:40.285  6323  9829 W FontLog : \tat android.database.sqlite.SQLiteConnectionPool.acquireConnection(SQLiteConnectionPool.java:399)", "10-01 16:47:40.285  6323  9829 W FontLog : \tat android.database.sqlite.SQLiteSession.acquireConnection(SQLiteSession.java:920)", "10-01 16:47:40.285  6323  9829 W FontLog : \tat android.database.sqlite.SQLiteSession.executeForChangedRowCount(SQLiteSession.java:778)", "10-01 16:47:40.285  6323  9829 W FontLog : \tat android.database.sqlite.SQLiteStatement.executeUpdateDelete(SQLiteStatement.java:67)", "10-01 16:47:40.285  6323  9829 W FontLog : \tat android.database.sqlite.SQLiteDatabase.executeSql(SQLiteDatabase.java:2207)", "10-01 16:47:40.285  6323  9829 W FontLog : \tat android.database.sqlite.SQLiteDatabase.execSQL(SQLiteDatabase.java:2183)", "10-01 16:47:40.285  6323  9829 W FontLog : \tat bbkg.run(:com.google.android.gms@242335041@24.23.35 (190800-646585959):57)", "10-01 16:47:40.285  6323  9829 W FontLog : \tat angs.c(:com.google.android.gms@242335041@24.23.35 (190800-646585959):50)", "10-01 16:47:40.285  6323  9829 W FontLog : \tat angs.run(:com.google.android.gms@242335041@24.23.35 (190800-646585959):76)", "10-01 16:47:40.285  6323  9829 W FontLog : \tat java.util.concurrent.ThreadPoolExecutor.runWorker(ThreadPoolExecutor.java:1145)", "--", "10-01 16:47:41.926  6323  7143 I ChimeraSrvcProxy: NullBinder for android.net.action.RECOMMEND_NETWORKS triggering remote TransactionTooLargeException due to Service without Chimera impl", "10-01 16:47:41.927  6323  7143 W .gms.persistent: Large reply transaction of 1056768 bytes, interface descriptor , code 1", "10-01 16:47:41.927  6741  7257 I BugleRcsEngine: RCS Configuration storage in Bugle is disabled by p/h flag, using ProvisioningEngineStateCacheUtil.getProvisioningConfigurationForGivenSimIfExist() [CONTEXT log_prefix=\"ProvisioningEngineDataRetriever\" thread_id=63 ]", "10-01 16:47:42.193  9640  9665 D EGL_emulation: app_time_stats: avg=531.83ms min=10.84ms max=1571.29ms count=3", "10-01 16:47:42.200  9640  9640 I Choreographer: Skipped 67 frames!  The application may be doing too much work on its main thread.", "10-01 16:47:42.386  9640  9682 I HWUI    : Davey! duration=1267ms; Flags=0, FrameTimelineVsyncId=41016, IntendedVsync=496732717571, Vsync=496782717569, InputEventId=0, HandleInputStart=496791657027, AnimationStart=496791682384, PerformTraversalsStart=496810467304, DrawStart=496811593735, FrameDeadline=496749384237, FrameInterval=496791578480, FrameStartTime=16666666, SyncQueued=496850840502, SyncStart=496851813050, IssueDrawCommandsStart=496852218456, SwapBuffers=497845037087, FrameCompleted=498000981250, DequeueBufferDuration=20037, QueueBufferDuration=1406003, GpuCompleted=498000731254, SwapBuffersCompleted=498000981250, DisplayPresentTime=0, CommandSubmissionCompleted=497845037087, ", "10-01 16:47:42.648  9640  9640 W ThreadPoolForeg: type=1400 audit(0.0:271): avc:  denied  { getattr } for  path=\"/data/adb\" dev=\"dm-46\" ino=319489 scontext=u:r:untrusted_app:s0:c209,c256,c512,c768 tcontext=u:object_r:adb_data_file:s0 tclass=dir permissive=0 app=me.weishu.kernelsu", "10-01 16:47:42.680  9640  9779 E SuFilePathHandler: Error opening the requested path: favicon.ico", "10-01 16:47:42.680  9640  9779 E SuFilePathHandler: java.io.FileNotFoundException: No such file or directory: /data/adb/modules/demo/webroot/favicon.ico", "10-01 16:47:42.680  9640  9779 E SuFilePathHandler: \tat zb3.a(r8-map-id-9f7f45feba6f2c95784574c49c444982ed6e6c85bfa15582daceb837f5e42ea2:151)", "10-01 16:47:42.680  9640  9779 E SuFilePathHandler: \tat fk3.e(r8-map-id-9f7f45feba6f2c95784574c49c444982ed6e6c85bfa15582daceb837f5e42ea2:308)", "10-01 16:47:42.680  9640  9779 E SuFilePathHandler: \tat ja4.a(r8-map-id-9f7f45feba6f2c95784574c49c444982ed6e6c85bfa15582daceb837f5e42ea2:99)", "10-01 16:47:42.680  9640  9779 E SuFilePathHandler: \tat o11.shouldInterceptRequest(r8-map-id-9f7f45feba6f2c95784574c49c444982ed6e6c85bfa15582daceb837f5e42ea2:247)", "10-01 16:47:42.652  9640  9640 W ThreadPoolForeg: type=1400 audit(0.0:272): avc:  denied  { getattr } for  path=\"/data/adb\" dev=\"dm-46\" ino=319489 scontext=u:r:untrusted_app:s0:c209,c256,c512,c768 tcontext=u:object_r:adb_data_file:s0 tclass=dir permissive=0 app=me.weishu.kernelsu", "10-01 16:47:42.668  9640  9640 W ThreadPoolForeg: type=1400 audit(0.0:273): avc:  denied  { getattr } for  path=\"/data/adb\" dev=\"dm-46\" ino=319489 scontext=u:r:untrusted_app:s0:c209,c256,c512,c768 tcontext=u:object_r:adb_data_file:s0 tclass=dir permissive=0 app=me.weishu.kernelsu", "10-01 16:47:42.668  9640  9640 W ThreadPoolForeg: type=1400 audit(0.0:274): avc:  denied  { getattr } for  path=\"/data/adb\" dev=\"dm-46\" ino=319489 scontext=u:r:untrusted_app:s0:c209,c256,c512,c768 tcontext=u:object_r:adb_data_file:s0 tclass=dir permissive=0 app=me.weishu.kernelsu", "10-01 16:47:42.752  9640  9640 W ThreadPoolForeg: type=1400 audit(0.0:275): avc:  denied  { getattr } for  path=\"/data/adb\" dev=\"dm-46\" ino=319489 scontext=u:r:untrusted_app:s0:c209,c256,c512,c768 tcontext=u:object_r:adb_data_file:s0 tclass=dir permissive=0 app=me.weishu.kernelsu", "10-01 16:47:42.915     0     0 W audit   : audit_lost=99 audit_rate_limit=5 audit_backlog_limit=64", "10-01 16:47:42.930     0     0 E audit   : rate limit exceeded"]}
{"check":"console-errors","result":["--------- beginning of main", "10-01 16:47:39.679  9640  9773 E chromium: [1001/164739.676724:ERROR:variations_seed_loader.cc(37)] Seed missing signature.", "10-01 16:47:39.679  9640  9773 I chromium: [1001/164739.679749:INFO:variations_seed_loader.cc(66)] Failed to open file for reading.: No such file or directory (2)", "10-01 16:47:39.844  9640  9779 E chromium: [ERROR:simple_file_enumerator.cc(21)] opendir /data/user/0/me.weishu.kernelsu/cache/WebView/Default/HTTP Cache/Code Cache/js: No such file or directory (2)", "10-01 16:47:39.844  9640  9779 E chromium: [ERROR:simple_index_file.cc(614)] Could not reconstruct index from disk", "10-01 16:47:39.844  9640  9779 E chromium: [ERROR:simple_file_enumerator.cc(21)] opendir /data/user/0/me.weishu.kernelsu/cache/WebView/Default/HTTP Cache/Code Cache/wasm: No such file or directory (2)", "10-01 16:47:39.844  9640  9779 E chromium: [ERROR:simple_index_file.cc(614)] Could not reconstruct index from disk", "10-01 16:47:40.003  9782  9801 W chromium: [WARNING:runtime_features.cc(694)] SharedStorage for M118+ cannot be enabled in this configuration. Use --enable-features=SharedStorageAPI,SharedStorageAPIM118 in addition.", "10-01 16:47:40.021  9782  9801 W chromium: [WARNING:runtime_features.cc(730)] AttributionReportingCrossAppWeb cannot be enabled in this configuration. Use --enable-features=ConversionMeasurement,AttributionReportingCrossAppWeb in addition.", "10-01 16:47:40.277  9782  9801 I chromium: [INFO:viewport_data.cc(133)] E2E_Used ViewportFitCover", "10-01 16:47:40.751  9640  9640 I chromium: [INFO:CONSOLE(3)] \"Injecting <script> tag. Using callback.\", source: https://mui.kernelsu.org/flutter_bootstrap.js (3)"]}
{"check":"first-frame-warm","result":{"url":"https://mui.kernelsu.org/index.html","socket":"webview_devtools_remote_9640","value":{"firstFrameMs":1155,"now":15052,"flutter":true,"resizes":[],"paint":{"first-paint":803,"first-contentful-paint":2861},"calls":[[110,"at-preload","ksu:undefined webui:undefined"],[126,"ksu-defined"],[133,"wrap-failed","exec"],[135,"wrap-failed","spawn"],[140,"wrap-failed","moduleInfo"],[147,"wrap-failed","fullScreen"],[152,"wrap-failed","enableEdgeToEdge"],[155,"wrap-failed","toast"],[160,"wrap-failed","exit"]],"resources":[["/internal/insets.css",87,123,"link",0],["/flutter_webui.css",88,163,"link",0],["/flutter_webui.js",88,161,"script",0],["/flutter_bootstrap.js",95,177,"script",0],["/canvaskit/chromium/canvaskit.wasm",251,427,"fetch",0],["/canvaskit/chromium/canvaskit.js",251,318,"other",0],["/main.dart.js",256,427,"script",0],["/assets/FontManifest.json",754,803,"fetch",0],["/favicon.ico",785,813,"other",0],["/assets/fonts/MaterialIcons-Regular.otf",808,856,"fetch",0],["/assets/fonts/fallback/Roboto-Regular.ttf",811,859,"fetch",0],["/pkg/demo_native_bg.wasm",2854,3064,"fetch",0]],"marks":[["flutter_webui:register",869],["flutter_webui:registered",879],["flutter_webui:first-frame",1155]],"measures":[],"fonts":[]}}}
{"url":"https://mui.kernelsu.org/index.html","socket":"webview_devtools_remote_9640","value":"semantics on"}
{"check":"home","result":{"url":"https://mui.kernelsu.org/index.html","socket":"webview_devtools_remote_9640","value":["Squadron","Process","native","net","Say hello","Count to 5","SHA-256","Demo pages\nOne page per thing the stack promises.","Places","Strategy","Rust","Lifecycle","Shell","Plugins"]}}
{"check":"colors-css","result":{"url":"https://mui.kernelsu.org/index.html","socket":"webview_devtools_remote_9640","value":{"status":200,"type":"text/css","body":""}}}
{"check":"wasm-at-home","result":{"url":"https://mui.kernelsu.org/index.html","socket":"webview_devtools_remote_9640","value":{"wasm":[{"name":"chromium/canvaskit.wasm","start":251,"dur":176},{"name":"pkg/demo_native_bg.wasm","start":2854,"dur":210}],"marks":[{"name":"flutter_webui:register","t":869},{"name":"flutter_webui:registered","t":879},{"name":"flutter_webui:first-frame","t":1155}],"measures":[],"now":19485}}}
{"check":"tap-places","result":{"url":"https://mui.kernelsu.org/index.html","socket":"webview_devtools_remote_9640","value":"tapped Places at 16,572 size 288x56 role button tappable"}}
{"check":"places","result":{"url":"https://mui.kernelsu.org/index.html","socket":"webview_devtools_remote_9640","value":["Back\nBack","One service, DemoService, opened in every place this build knows. Each place probes its own facts from inside; the page never guesses from the platform it was built for.","200k","1M","3M","Count primes in every place","Restart places","inline (the caller)\nkind: inline\nstart 486 ms, first facts() round trip 321 ms\nroot\ncheck: effective uid 0\nblock_devices\ncheck: a kernel-listed block device opens for reading\nusb.native\ncheck: /dev/bus/usb lists\nusb.web\ncheck: navigator.usb exists\nprocess.spawn\ncheck: a shell runs\nfs.persistent\ncheck: working dir writable, or storage persisted\nnet\ncheck: a non-loopback interface is up, or onLine\nnative\ncheck: null","worker (isolate or Web Worker)\nkind: web_worker\nstart 516 ms, first facts() round trip 193 ms\nroot\ncheck: effective uid 0\nblock_devices\ncheck: a kernel-listed block device opens for reading\nusb.native\ncheck: /dev/bus/usb lists\nusb.web\ncheck: navigator.usb exists\nprocess.spawn\ncheck: a shell runs\nfs.persistent\ncheck: working dir writable, or storage persisted\nnet\ncheck: a non-loopback interface is up, or onLine\nnative\ncheck: null","Places","Strategy","Rust","Lifecycle","Shell","Plugins"]}}
{"check":"places-scroll-1","result":{"url":"https://mui.kernelsu.org/index.html","socket":"webview_devtools_remote_9640","value":["Back\nBack","200k","1M","3M","Count primes in every place","Restart places","inline (the caller)\nkind: inline\nstart 486 ms, first facts() round trip 321 ms\nroot\ncheck: effective uid 0\nblock_devices\ncheck: a kernel-listed block device opens for reading\nusb.native\ncheck: /dev/bus/usb lists\nusb.web\ncheck: navigator.usb exists\nprocess.spawn\ncheck: a shell runs\nfs.persistent\ncheck: working dir writable, or storage persisted\nnet\ncheck: a non-loopback interface is up, or onLine\nnative\ncheck: null","worker (isolate or Web Worker)\nkind: web_worker\nstart 516 ms, first facts() round trip 193 ms\nroot\ncheck: effective uid 0\nblock_devices\ncheck: a kernel-listed block device opens for reading\nusb.native\ncheck: /dev/bus/usb lists\nusb.web\ncheck: navigator.usb exists\nprocess.spawn\ncheck: a shell runs\nfs.persistent\ncheck: working dir writable, or storage persisted\nnet\ncheck: a non-loopback interface is up, or onLine\nnative\ncheck: null","Places","Strategy","Rust","Lifecycle","Shell","Plugins"]}}
{"check":"places-scroll-2","result":{"url":"https://mui.kernelsu.org/index.html","socket":"webview_devtools_remote_9640","value":["Back\nBack","inline (the caller)\nkind: inline\nstart 486 ms, first facts() round trip 321 ms\nroot\ncheck: effective uid 0\nblock_devices\ncheck: a kernel-listed block device opens for reading\nusb.native\ncheck: /dev/bus/usb lists\nusb.web\ncheck: navigator.usb exists\nprocess.spawn\ncheck: a shell runs\nfs.persistent\ncheck: working dir writable, or storage persisted\nnet\ncheck: a non-loopback interface is up, or onLine\nnative\ncheck: null","worker (isolate or Web Worker)\nkind: web_worker\nstart 516 ms, first facts() round trip 193 ms\nroot\ncheck: effective uid 0\nblock_devices\ncheck: a kernel-listed block device opens for reading\nusb.native\ncheck: /dev/bus/usb lists\nusb.web\ncheck: navigator.usb exists\nprocess.spawn\ncheck: a shell runs\nfs.persistent\ncheck: working dir writable, or storage persisted\nnet\ncheck: a non-loopback interface is up, or onLine\nnative\ncheck: null","root process (the app CLI, serve mode)\nkind: process\nstart 820 ms, first facts() round trip 0 ms\nroot\ncheck: effective uid 0\nblock_devices\ncheck: a kernel-listed block device opens for reading\nusb.native\ncheck: /dev/bus/usb lists\nusb.web\ncheck: navigator.usb exists\nprocess.spawn\ncheck: a shell runs\nfs.persistent\ncheck: working dir writable, or storage persisted\nnet\ncheck: a non-loopback interface is up, or onLine\nnative\ncheck: null","Places","Strategy","Rust","Lifecycle","Shell","Plugins"]}}
{"check":"places-scroll-3","result":{"url":"https://mui.kernelsu.org/index.html","socket":"webview_devtools_remote_9640","value":["Back\nBack","worker (isolate or Web Worker)\nkind: web_worker\nstart 516 ms, first facts() round trip 193 ms\nroot\ncheck: effective uid 0\nblock_devices\ncheck: a kernel-listed block device opens for reading\nusb.native\ncheck: /dev/bus/usb lists\nusb.web\ncheck: navigator.usb exists\nprocess.spawn\ncheck: a shell runs\nfs.persistent\ncheck: working dir writable, or storage persisted\nnet\ncheck: a non-loopback interface is up, or onLine\nnative\ncheck: null","root process (the app CLI, serve mode)\nkind: process\nstart 820 ms, first facts() round trip 0 ms\nroot\ncheck: effective uid 0\nblock_devices\ncheck: a kernel-listed block device opens for reading\nusb.native\ncheck: /dev/bus/usb lists\nusb.web\ncheck: navigator.usb exists\nprocess.spawn\ncheck: a shell runs\nfs.persistent\ncheck: working dir writable, or storage persisted\nnet\ncheck: a non-loopback interface is up, or onLine\nnative\ncheck: null","Reference: one call and one stream per place\nsquadron_process doc/benchmark.md, a 4-vCPU VM. Not measured here; devicelab measures devices.\nCall: isolate 31 µs, Web Worker (dart2js) 120 µs, process 247 µs, process from the page 401 µs.\n64 KiB stream: isolate 3643 MiB/s, Web Worker 631 MiB/s, process link about 110 MiB/s.","Places","Strategy","Rust","Lifecycle","Shell","Plugins"]}}
{"check":"tap-strategy","result":{"url":"https://mui.kernelsu.org/index.html","socket":"webview_devtools_remote_9640","value":"tapped Strategy at 53,536 size 53x80 role tab tappable"}}
{"check":"strategy","result":{"url":"https://mui.kernelsu.org/index.html","socket":"webview_devtools_remote_9640","value":["Back\nBack","Objective: list the device's partitions. Strategies in preference order: on the device as root, then from a host over USB. The first one the place's facts allow runs; nothing reads kIsWeb or Platform.","Place","inline (the caller)","worker (isolate or Web Worker)","root process (the app CLI, serve mode)","Facts from inline (the caller)\nSwitch a fact off to see the fallback. You can only take facts away.\nroot\ncheck: effective uid 0\nblock_devices\ncheck: a kernel-listed block device opens for reading\nusb.native\ncheck: /dev/bus/usb lists\nusb.web\ncheck: navigator.usb exists\nprocess.spawn\ncheck: a shell runs\nfs.persistent\ncheck: working dir writable, or storage persisted\nnet\ncheck: a non-loopback interface is up, or onLine\nnative\ncheck: null","root","block_devices","usb.native","process.spawn","Places","Strategy","Rust","Lifecycle","Shell","Plugins"]}}
{"check":"tap-strategy-root","result":{"url":"https://mui.kernelsu.org/index.html","socket":"webview_devtools_remote_9640","value":"tapped root process at 24,358 size 272x48 role checkbox tappable"}}
{"check":"strategy-root","result":{"url":"https://mui.kernelsu.org/index.html","socket":"webview_devtools_remote_9640","value":["Back\nBack","Objective: list the device's partitions. Strategies in preference order: on the device as root, then from a host over USB. The first one the place's facts allow runs; nothing reads kIsWeb or Platform.","Place","inline (the caller)","worker (isolate or Web Worker)","root process (the app CLI, serve mode)","Facts from root process (the app CLI, serve mode)\nSwitch a fact off to see the fallback. You can only take facts away.\nroot\ncheck: effective uid 0\nblock_devices\ncheck: a kernel-listed block device opens for reading\nusb.native\ncheck: /dev/bus/usb lists\nusb.web\ncheck: navigator.usb exists\nprocess.spawn\ncheck: a shell runs\nfs.persistent\ncheck: working dir writable, or storage persisted\nnet\ncheck: a non-loopback interface is up, or onLine\nnative\ncheck: null","root","block_devices","usb.native","process.spawn","Places","Strategy","Rust","Lifecycle","Shell","Plugins"]}}
{"check":"strategy-root-scroll-1","result":{"url":"https://mui.kernelsu.org/index.html","socket":"webview_devtools_remote_9640","value":["Back\nBack","Place","inline (the caller)","worker (isolate or Web Worker)","root process (the app CLI, serve mode)","Facts from root process (the app CLI, serve mode)\nSwitch a fact off to see the fallback. You can only take facts away.\nroot\ncheck: effective uid 0\nblock_devices\ncheck: a kernel-listed block device opens for reading\nusb.native\ncheck: /dev/bus/usb lists\nusb.web\ncheck: navigator.usb exists\nprocess.spawn\ncheck: a shell runs\nfs.persistent\ncheck: working dir writable, or storage persisted\nnet\ncheck: a non-loopback interface is up, or onLine\nnative\ncheck: null","root","block_devices","usb.native","process.spawn","Chosen: on device (/proc/partitions as root)\non_device chosen","on device (/proc/partitions as root)\nneeds root + block_devices: has them","from host (fastboot getvar all)\nneeds usb.native + process.spawn: has them","Places","Strategy","Rust","Lifecycle","Shell","Plugins"]}}
{"check":"strategy-root-scroll-2","result":{"url":"https://mui.kernelsu.org/index.html","socket":"webview_devtools_remote_9640","value":["Back\nBack","Facts from root process (the app CLI, serve mode)\nSwitch a fact off to see the fallback. You can only take facts away.\nroot\ncheck: effective uid 0\nblock_devices\ncheck: a kernel-listed block device opens for reading\nusb.native\ncheck: /dev/bus/usb lists\nusb.web\ncheck: navigator.usb exists\nprocess.spawn\ncheck: a shell runs\nfs.persistent\ncheck: working dir writable, or storage persisted\nnet\ncheck: a non-loopback interface is up, or onLine\nnative\ncheck: null","root","block_devices","usb.native","process.spawn","Chosen: on device (/proc/partitions as root)\non_device chosen","on device (/proc/partitions as root)\nneeds root + block_devices: has them","from host (fastboot getvar all)\nneeds usb.native + process.spawn: has them","Run on_device in process","Log\nEvery run: objective, strategy, place and the facts it saw.\nNothing has run yet.","Places","Strategy","Rust","Lifecycle","Shell","Plugins"]}}
{"check":"tap-rust","result":{"url":"https://mui.kernelsu.org/index.html","socket":"webview_devtools_remote_9640","value":"tapped Rust at 107,536 size 53x80 role tab tappable"}}
{"check":"rust","result":{"url":"https://mui.kernelsu.org/index.html","socket":"webview_devtools_remote_9640","value":["Back\nBack","The demo crate (rust/) counts the primes below 1000000 with the same loop as page 1's Dart. The service loads it in its own place through flutter_rust_bridge, so each place runs its own build.","Run in every place","inline (the caller)","Run here","worker (isolate or Web Worker)","Run here","root process (the app CLI, serve mode)","Run here","Places","Strategy","Rust","Lifecycle","Shell","Plugins"]}}
{"check":"tap-rust-run","result":{"url":"https://mui.kernelsu.org/index.html","socket":"webview_devtools_remote_9640","value":"tapped Run in every place at 16,196 size 288x48 role button tappable"}}
{"check":"rust-ran","result":{"url":"https://mui.kernelsu.org/index.html","socket":"webview_devtools_remote_9640","value":["Back\nBack","The demo crate (rust/) counts the primes below 1000000 with the same loop as page 1's Dart. The service loads it in its own place through flutter_rust_bridge, so each place runs its own build.","Run in every place","inline (the caller)\nBuilt for: wasm32-unknown (single-threaded)\nLoad: 310 ms (once per place, on its first Rust call; on the web that fetches and instantiates the wasm)\nRust 314 ms, Dart 1325 ms (same count: 78498)","Run here","worker (isolate or Web Worker)\nBuilt for: wasm32-unknown (single-threaded)\nLoad: 225 ms (once per place, on its first Rust call; on the web that fetches and instantiates the wasm)\nRust 219 ms, Dart 239 ms (same count: 78498)","Run here","root process (the app CLI, serve mode)\nBuilt for: x86_64-android\nLoad: 2 ms (once per place, on its first Rust call; on the web that fetches and instantiates the wasm)\nRust 187 ms, Dart 144 ms (same count: 78498)","Places","Strategy","Rust","Lifecycle","Shell","Plugins"]}}
{"check":"wasm-after-rust","result":{"url":"https://mui.kernelsu.org/index.html","socket":"webview_devtools_remote_9640","value":{"wasm":[{"name":"chromium/canvaskit.wasm","start":251,"dur":176},{"name":"pkg/demo_native_bg.wasm","start":2854,"dur":210},{"name":"pkg/demo_native_bg.wasm","start":21093,"dur":292},{"name":"pkg/demo_native_bg.wasm","start":21295,"dur":290},{"name":"pkg/demo_native_bg.wasm","start":21295,"dur":289},{"name":"pkg/demo_native_bg.wasm","start":21384,"dur":213},{"name":"pkg/demo_native_bg.wasm","start":21985,"dur":234},{"name":"pkg/demo_native_bg.wasm","start":22040,"dur":171},{"name":"pkg/demo_native_bg.wasm","start":22086,"dur":137},{"name":"pkg/demo_native_bg.wasm","start":22414,"dur":113},{"name":"pkg/demo_native_bg.wasm","start":85619,"dur":78}],"marks":[{"name":"flutter_webui:register","t":869},{"name":"flutter_webui:registered","t":879},{"name":"flutter_webui:first-frame","t":1155}],"measures":[],"now":106760}}}
{"check":"tap-rust-run-2","result":{"url":"https://mui.kernelsu.org/index.html","socket":"webview_devtools_remote_9640","value":"tapped Run in every place at 16,196 size 288x48 role button tappable"}}
{"check":"rust-ran-2","result":{"url":"https://mui.kernelsu.org/index.html","socket":"webview_devtools_remote_9640","value":["Back\nBack","The demo crate (rust/) counts the primes below 1000000 with the same loop as page 1's Dart. The service loads it in its own place through flutter_rust_bridge, so each place runs its own build.","Run in every place","inline (the caller)\nBuilt for: wasm32-unknown (single-threaded)\nLoad: 0 ms (once per place, on its first Rust call; on the web that fetches and instantiates the wasm)\nRust 144 ms, Dart 1307 ms (same count: 78498)","Run here","worker (isolate or Web Worker)\nBuilt for: wasm32-unknown (single-threaded)\nLoad: 5 ms (once per place, on its first Rust call; on the web that fetches and instantiates the wasm)\nRust 217 ms, Dart 244 ms (same count: 78498)","Run here","root process (the app CLI, serve mode)\nBuilt for: x86_64-android\nLoad: 0 ms (once per place, on its first Rust call; on the web that fetches and instantiates the wasm)\nRust 159 ms, Dart 146 ms (same count: 78498)","Places","Strategy","Rust","Lifecycle","Shell","Plugins"]}}
{"check":"tap-lifecycle","result":{"url":"https://mui.kernelsu.org/index.html","socket":"webview_devtools_remote_9640","value":"tapped Lifecycle at 160,536 size 53x80 role tab tappable"}}
{"check":"tap-root-process","result":{"url":"https://mui.kernelsu.org/index.html","socket":"webview_devtools_remote_9640","value":"tapped root process at 24,390 size 272x48 role checkbox tappable"}}
{"check":"tap-start","result":{"url":"https://mui.kernelsu.org/index.html","socket":"webview_devtools_remote_9640","value":"tapped Start at 24,462 size 97x48 role button tappable"}}
{"check":"lifecycle-running","result":{"url":"https://mui.kernelsu.org/index.html","socket":"webview_devtools_remote_9640","value":["Back\nBack","Start a five-minute task, then switch away (Home, another app or tab) and come back: hidden keeps going. Close the app instead and reopen it: closed stops, and this page says where the task was when it ended.","Task\ntick every 500 ms, stamped with the place's own clock\nrunning in process: tick 17/600, longest gap 509 ms, app resumed 3","inline (the caller)","worker (isolate or Web Worker)","root process (the app CLI, serve mode)","Stop","Lifecycle\n16:50:13  started in process","Facts from root process (the app CLI, serve mode)\nroot\ncheck: effective uid 0\nblock_devices\ncheck: a kernel-listed block device opens for reading\nusb.native\ncheck: /dev/bus/usb lists\nusb.web\ncheck: navigator.usb exists\nprocess.spawn\ncheck: a shell runs\nfs.persistent\ncheck: working dir writable, or storage persisted\nnet\ncheck: a non-loopback interface is up, or onLine\nnative\ncheck: null","Places","Strategy","Rust","Lifecycle","Shell","Plugins"]}}
{"check":"lifecycle-after-home","result":{"url":"https://mui.kernelsu.org/index.html","socket":"webview_devtools_remote_9640","value":["Back\nBack","Start a five-minute task, then switch away (Home, another app or tab) and come back: hidden keeps going. Close the app instead and reopen it: closed stops, and this page says where the task was when it ended.","Task\ntick every 500 ms, stamped with the place's own clock\nrunning in process: tick 42/600, longest gap 555 ms, app resumed 7","inline (the caller)","worker (isolate or Web Worker)","root process (the app CLI, serve mode)","Stop","Lifecycle\n16:50:29  away 7.0 s: the place produced 14 ticks (on schedule: 13); longest gap 555 ms\n16:50:29  inactive -> resumed\n16:50:29  hidden -> inactive\n16:50:22  inactive -> hidden\n16:50:22  resumed -> inactive\n16:50:13  started in process","Places","Strategy","Rust","Lifecycle","Shell","Plugins"]}}
{"check":"root-process","result":"root             0 u:r:ksu:s0                      9973 dartaotruntime\nroot             0 u:r:ksu:s0                      9995 dartaotruntime"}
/home/runner/work/devicelab/devicelab/out/sockprobe: 1 file pushed, 0 skipped. 115.2 MB/s (3501149 bytes in 0.029s)
{"check":"block-devices","result":"dm-0\ndm-1\ndm-11\ndm-13\ndm-14\ndm-16\ndm-17\ndm-18\ntotal 0\ndrwxr-xr-x 2 root root u:object_r:block_device:s0                140 2026-10-01 16:39 by-name\nbrw------- 1 root root u:object_r:dm_device:s0              254,   0 2026-10-01 16:39 dm-0\nbrw------- 1 root root u:object_r:dm_device:s0              254,   1 2026-10-01 16:39 dm-1\nbrw------- 1 root root u:object_r:dm_device:s0              254,  11 2026-10-01 16:39 dm-11\nbrw------- 1 root root u:object_r:dm_device:s0              254,  13 2026-10-01 16:39 dm-13\nbrw------- 1 root root u:object_r:dm_device:s0              254,  14 2026-10-01 16:39 dm-14\nbrw------- 1 root root u:object_r:dm_device:s0              254,  16 2026-10-01 16:39 dm-16\nbrw------- 1 root root u:object_r:dm_device:s0              254,  17 2026-10-01 16:39 dm-17\nbrw------- 1 root root u:object_r:dm_device:s0              254,  18 2026-10-01 16:39 dm-18\nbrw------- 1 root root u:object_r:dm_device:s0              254,  19 2026-10-01 16:39 dm-19\nbrw------- 1 root root u:object_r:dm_device:s0              254,   2 2026-10-01 16:39 dm-2\n-- su:\n0000000  \\0\n-- ksu:\n{\"error\":\"write /proc/thread-self/attr/current: operation not permitted\",\"op\":\"setcon\"}\n-- avc:"}
{"check":"back-1","result":{"url":"https://mui.kernelsu.org/index.html","socket":"webview_devtools_remote_9640","value":["Squadron","Process","native","net","Say hello","Count to 5","SHA-256","Demo pages\nOne page per thing the stack promises.","Places","Strategy","Rust","Lifecycle","Shell","Plugins"]}}
{"check":"back-1-top","result":"topResumedActivity=ActivityRecord{29f0f3 u0 me.weishu.kernelsu/.ui.webui.WebUIActivity t22}"}
{"check":"back-2-top","result":"topResumedActivity=ActivityRecord{388fc08 u0 com.google.android.apps.nexuslauncher/.NexusLauncherActivity t10}"}
{"check":"back-3-top","result":"topResumedActivity=ActivityRecord{388fc08 u0 com.google.android.apps.nexuslauncher/.NexusLauncherActivity t10}"}
{"check":"mount","result":"mount: mounting overlay on /product/app failed: Invalid argument\noverlay failed: 255\nmagic mount ok\ntotal 3736\ndrwxr-xr-x  2 root root u:object_r:system_file:s0     4096 2026-10-01 16:42 .\ndrwxr-xr-x 30 root root u:object_r:system_file:s0      600 2026-10-01 16:42 ..\n-rw-r--r--  1 root root u:object_r:system_file:s0  3809993 2026-10-01 16:42 WebuiTermuxApi.apk\nCalendarGooglePrebuilt\nCamera2\nChrome\nChrome-Stub\nDrive\n/dev/block/dm-3 /product ext4 ro,seclabel,relatime 0 0\ntmpfs /dev/app_plane_app tmpfs rw,seclabel,relatime,mode=755 0 0\ntmpfs /product/app tmpfs rw,seclabel,relatime,mode=755 0 0\n/dev/block/dm-3 /product/app/CalendarGooglePrebuilt ext4 ro,seclabel,relatime 0 0\n/dev/block/dm-3 /product/app/Camera2 ext4 ro,seclabel,relatime 0 0\n/dev/block/dm-3 /product/app/Chrome ext4 ro,seclabel,relatime 0 0\n/dev/block/dm-3 /product/app/Chrome-Stub ext4 ro,seclabel,relatime 0 0\n/dev/block/dm-3 /product/app/Drive ext4 ro,seclabel,relatime 0 0\n28"}
{"check":"package","result":"package:/product/app/WebuiTermuxApi/WebuiTermuxApi.apk\n    flags=0x0\n    flags=0x0\n    codePath=/product/app/WebuiTermuxApi\n    versionName=0.53.0-webui.1\n    flags=[ SYSTEM HAS_CODE ALLOW_CLEAR_USER_DATA ALLOW_BACKUP ]\n    privateFlags=[ PRIVATE_FLAG_ACTIVITIES_RESIZE_MODE_RESIZEABLE_VIA_SDK_VERSION PRIVATE_FLAG_REQUEST_LEGACY_EXTERNAL_STORAGE PRODUCT PRIVATE_FLAG_ALLOW_NATIVE_HEAP_POINTER_TAGGING ]\n        android.permission.READ_SMS: granted=false, flags=[ USER_SENSITIVE_WHEN_GRANTED|USER_SENSITIVE_WHEN_DENIED|RESTRICTION_UPGRADE_EXEMPT]\n        android.permission.POST_NOTIFICATIONS: granted=false, flags=[ USER_SENSITIVE_WHEN_GRANTED|USER_SENSITIVE_WHEN_DENIED]"}
/home/runner/work/devicelab/devicelab/out/sockprobe: 1 file pushed, 0 skipped. 182.1 MB/s (3501149 bytes in 0.018s)
Broadcasting: Intent { flg=0x1400020 cmp=com.webui.termux.api/com.termux.api.TermuxApiReceiver (has extras) }
Broadcast completed: result=0
Broadcasting: Intent { flg=0x1400020 cmp=com.webui.termux.api/com.termux.api.TermuxApiReceiver (has extras) }
Broadcast completed: result=0
{"check":"broadcast","result":"Broadcasting: Intent { flg=0x1400020 cmp=com.webui.termux.api/com.termux.api.TermuxApiReceiver (has extras) }\nBroadcast completed: result=0\nBroadcasting: Intent { flg=0x1400020 cmp=com.webui.termux.api/com.termux.api.TermuxApiReceiver (has extras) }\nBroadcast completed: result=0"}
{"check":"app-process","result":"u0_a210      10210 u:r:untrusted_app_27:s0:c210,c256,c512,c768 com.webui.termux.api"}
{"check":"listener-module","result":"{\"context\":\"u:r:su:s0\",\"event\":\"start\",\"names\":[\"wx_ksu_out\",\"wx_ksu_in\"],\"uid\":0}\n{\"data\":\"{\\n  \\\"present\\\": true,\\n  \\\"technology\\\": \\\"Li-ion\\\",\\n  \\\"health\\\": \\\"GOOD\\\",\\n  \\\"plugged\\\": \\\"PLUGGED_AC\\\",\\n  \\\"status\\\": \\\"CHARGING\\\",\\n  \\\"temperature\\\": 25.0,\\n  \\\"voltage\\\": 5000,\\n  \\\"current\\\": 900000,\\n  \\\"current_average\\\": 900000,\\n  \\\"percentage\\\": 100,\\n  \\\"level\\\": 100,\\n  \\\"scale\\\": 100,\\n  \\\"charge_counter\\\": 10000,\\n  \\\"cycle\\\": 10\\n}\\n\",\"event\":\"connect\",\"name\":\"wx_ksu_out\",\"peerContext\":\"u:r:untrusted_app_27:s0:c210,c256,c512,c768\",\"peerPid\":10358,\"peerUid\":10210,\"t\":1790873448264}"}
{"check":"listener-su","result":"{\"context\":\"u:r:su:s0\",\"event\":\"start\",\"names\":[\"wx_su_out\",\"wx_su_in\"],\"uid\":0}\n{\"data\":\"{\\n  \\\"present\\\": true,\\n  \\\"technology\\\": \\\"Li-ion\\\",\\n  \\\"health\\\": \\\"GOOD\\\",\\n  \\\"plugged\\\": \\\"PLUGGED_AC\\\",\\n  \\\"status\\\": \\\"CHARGING\\\",\\n  \\\"temperature\\\": 25.0,\\n  \\\"voltage\\\": 5000,\\n  \\\"current\\\": 900000,\\n  \\\"current_average\\\": 900000,\\n  \\\"percentage\\\": 100,\\n  \\\"level\\\": 100,\\n  \\\"scale\\\": 100,\\n  \\\"charge_counter\\\": 10000,\\n  \\\"cycle\\\": 10\\n}\\n\",\"event\":\"connect\",\"name\":\"wx_su_out\",\"peerContext\":\"u:r:untrusted_app_27:s0:c210,c256,c512,c768\",\"peerPid\":10358,\"peerUid\":10210,\"t\":1790873456346}"}
{"check":"avc","result":"10-01 16:50:48.050  5855  6086 I ActivityManager: Broadcasting: Intent { flg=0x1400020 cmp=com.webui.termux.api/com.termux.api.TermuxApiReceiver (has extras) }\n10-01 16:50:48.053  5855  6086 I ActivityManager: Enqueued broadcast Intent { flg=0x1400020 cmp=com.webui.termux.api/com.termux.api.TermuxApiReceiver (has extras) }: 0\n10-01 16:50:48.091  5855  5896 I ActivityManager: Start proc 10358:com.webui.termux.api/u0a210 for broadcast {com.webui.termux.api/com.termux.api.TermuxApiReceiver}\n10-01 16:50:48.120 10358 10358 I ebui.termux.api: Using CollectorTypeCMC GC.\n10-01 16:50:48.121 10358 10358 W ebui.termux.api: Unexpected CPU variant for x86: x86_64.\n10-01 16:50:48.121 10358 10358 W ebui.termux.api: Known variants: atom, sandybridge, silvermont, goldmont, goldmont-plus, goldmont-without-sha-xsaves, tremont, kabylake, default\n10-01 16:50:48.127 10358 10358 E ebui.termux.api: Not starting debugger since process cannot load the jdwp agent.\n10-01 16:50:48.167 10358 10358 W ziparchive: Unable to open '/product/app/WebuiTermuxApi/WebuiTermuxApi.dm': No such file or directory\n10-01 16:50:48.168 10358 10358 W ziparchive: Unable to open '/product/app/WebuiTermuxApi/WebuiTermuxApi.dm': No such file or directory\n10-01 16:50:48.196 10358 10358 D nativeloader: Configuring product-clns-7 for unbundled product apk /product/app/WebuiTermuxApi/WebuiTermuxApi.apk. target_sdk_version=28, uses_libraries=, library_path=/product/app/WebuiTermuxApi/lib/x86_64:/product/lib64:/system/product/lib64, permitted_path=/data:/mnt/expand:/data/user/0/com.webui.termux.api:/product/lib64:/system/product/lib64\n10-01 16:50:48.222 10358 10358 I TermuxAPIApplication: AppInit\n10-01 16:50:48.236  5855  9083 I AppsFilter: interaction: PackageSetting{f09c61b com.android.microdroid.empty_payload/10200} -> PackageSetting{97550dd com.webui.termux.api/10210} BLOCKED\n10-01 16:50:48.246  5855  6044 I AppWidgetServiceImpl: Updating package stopped masked state for uid 10210 package com.webui.termux.api isStopped false\n10-01 16:50:53.464 10358 10375 D ProfileInstaller: Installing profile for com.webui.termux.api\n10-01 16:50:56.343  5855  9083 I ActivityManager: Broadcasting: Intent { flg=0x1400020 cmp=com.webui.termux.api/com.termux.api.TermuxApiReceiver (has extras) }\n10-01 16:50:56.344  5855  9083 I ActivityManager: Enqueued broadcast Intent { flg=0x1400020 cmp=com.webui.termux.api/com.termux.api.TermuxApiReceiver (has extras) }: 0"}
SELinux: Loaded file context from:
		/system/etc/selinux/plat_file_contexts
		/system_ext/etc/selinux/system_ext_file_contexts
		/vendor/etc/selinux/vendor_file_contexts
{"check":"restorecon","result":"u:object_r:app_data_file:s0:c210,c256,c512,c768 /data/data/com.webui.termux.api\nu:object_r:app_data_file:s0                     /data/data/com.webui.termux.api/files/devicelab/probe.txt"}
{"check":"app-read","result":"u:object_r:app_data_file:s0:c210,c256,c512,c768 chcon.txt\nu:object_r:app_data_file:s0                     probe.txt\n{\"error\":\"write /proc/thread-self/attr/current: operation not permitted\",\"op\":\"setcon\"}"}
Failed to write while dumping service activity: Broken pipe
{"check":"share-text","result":"topResumedActivity=ActivityRecord{388fc08 u0 com.google.android.apps.nexuslauncher/.NexusLauncherActivity t10}\n{\"context\":\"u:r:su:s0\",\"event\":\"start\",\"names\":[\"sh_text_out\",\"sh_text_in\"],\"uid\":0}\n{\"data\":\"\",\"event\":\"connect\",\"name\":\"sh_text_in\",\"peerContext\":\"u:r:untrusted_app_27:s0:c210,c256,c512,c768\",\"peerPid\":10358,\"peerUid\":10210,\"t\":1790873466028}\n{\"data\":\"\",\"event\":\"connect\",\"name\":\"sh_text_out\",\"peerContext\":\"u:r:untrusted_app_27:s0:c210,c256,c512,c768\",\"peerPid\":10358,\"peerUid\":10210,\"t\":1790873466028}\n10-01 16:51:06.034  5855  6964 E ActivityTaskManager: Background activity launch blocked! [callingPackage: com.webui.termux.api; callingPackageTargetSdk: 28; callingUid: 10210; callingPid: 10358; appSwitchState: 2; callingUidHasAnyVisibleWindow: false; callingUidProcState: RECEIVER; isCallingUidPersistentSystemProcess: false; forcedBalByPiSender: BSP.NONE; intent: Intent { act=android.intent.action.CHOOSER flg=0x10000000 cmp=com.android.intentresolver/.ChooserActivityLauncher (has extras) }; callerApp: ProcessRecord{359ebbb 10358:com.webui.termux.api/u0a210}; inVisibleTask: false; balAllowedByPiCreator: BSP.ALLOW_BAL; balAllowedByPiCreatorWithHardening: BSP.ALLOW_BAL; resultIfPiCreatorAllowsBal: BAL_BLOCK; hasRealCaller: true; isCallForResult: false; isPendingIntent: false; autoOptInReason: notPendingIntent; realCallingPackage: com.webui.termux.api; realCallingPackageTargetSdk: 28; realCallingUid: 10210; realCallingPid: 10358; realCallingUidHasAnyVisibleWindow: false; realCallingUidProcState: RECEIVER; isRealCallingUidPersistentSystemProcess: false; originatingPendingIntent: null; realCallerApp: ProcessRecord{359ebbb 10358:com.webui.termux.api/u0a210}; realInVisibleTask: false; balAllowedByPiSender: BSP.ALLOW_BAL; resultIfPiSenderAllowsBal: BAL_BLOCK; balImproveRealCallerVisibilityCheck: true; balRequireOptInByPendingIntentCreator: true; balRequireOptInSameUid: false; balRespectAppSwitchStateWhenCheckBoundByForegroundUid: true; balDontBringExistingBackgroundTaskStackToFg: true]\n10-01 16:51:06.046  5855  6964 I ActivityTaskManager: START u0 {act=android.intent.action.CHOOSER flg=0x10000000 cmp=com.android.intentresolver/.ChooserActivityLauncher (has extras)} with LAUNCH_MULTIPLE from uid 10210 (BAL_BLOCK) result code=102\n10-01 16:51:16.052  5855  5957 D ActivityManager: freezing 10358 com.webui.termux.api"}
Failed to write while dumping service activity: Broken pipe
{"check":"share-file","result":"topResumedActivity=ActivityRecord{388fc08 u0 com.google.android.apps.nexuslauncher/.NexusLauncherActivity t10}\n{\"context\":\"u:r:su:s0\",\"event\":\"start\",\"names\":[\"sh_file_out\",\"sh_file_in\"],\"uid\":0}\n{\"data\":\"\",\"event\":\"connect\",\"name\":\"sh_file_out\",\"peerContext\":\"u:r:untrusted_app_27:s0:c210,c256,c512,c768\",\"peerPid\":10358,\"peerUid\":10210,\"t\":1790873481721}\n10-01 16:51:21.697  5855  5895 D ActivityManager: sync unfroze 10358 com.webui.termux.api for 3\n10-01 16:51:21.734  5855  9083 E ActivityTaskManager: Background activity launch blocked! [callingPackage: com.webui.termux.api; callingPackageTargetSdk: 28; callingUid: 10210; callingPid: 10358; appSwitchState: 2; callingUidHasAnyVisibleWindow: false; callingUidProcState: RECEIVER; isCallingUidPersistentSystemProcess: false; forcedBalByPiSender: BSP.NONE; intent: Intent { act=android.intent.action.CHOOSER flg=0x10000000 cmp=com.android.intentresolver/.ChooserActivityLauncher (has extras) }; callerApp: ProcessRecord{359ebbb 10358:com.webui.termux.api/u0a210}; inVisibleTask: false; balAllowedByPiCreator: BSP.ALLOW_BAL; balAllowedByPiCreatorWithHardening: BSP.ALLOW_BAL; resultIfPiCreatorAllowsBal: BAL_BLOCK; hasRealCaller: true; isCallForResult: false; isPendingIntent: false; autoOptInReason: notPendingIntent; realCallingPackage: com.webui.termux.api; realCallingPackageTargetSdk: 28; realCallingUid: 10210; realCallingPid: 10358; realCallingUidHasAnyVisibleWindow: false; realCallingUidProcState: RECEIVER; isRealCallingUidPersistentSystemProcess: false; originatingPendingIntent: null; realCallerApp: ProcessRecord{359ebbb 10358:com.webui.termux.api/u0a210}; realInVisibleTask: false; balAllowedByPiSender: BSP.ALLOW_BAL; resultIfPiSenderAllowsBal: BAL_BLOCK; balImproveRealCallerVisibilityCheck: true; balRequireOptInByPendingIntentCreator: true; balRequireOptInSameUid: false; balRespectAppSwitchStateWhenCheckBoundByForegroundUid: true; balDontBringExistingBackgroundTaskStackToFg: true]\n10-01 16:51:21.747  5855  9083 I ActivityTaskManager: START u0 {act=android.intent.action.CHOOSER flg=0x10000000 cmp=com.android.intentresolver/.ChooserActivityLauncher (has extras)} with LAUNCH_MULTIPLE from uid 10210 (BAL_BLOCK) result code=102\n10-01 16:51:31.799  5855  5957 D ActivityManager: freezing 10358 com.webui.termux.api"}
Failed to write while dumping service activity: Broken pipe
{"check":"share-text-saw","result":"topResumedActivity=ActivityRecord{ad163e8 u0 com.android.intentresolver/.ChooserActivityLauncher t23}\n{\"context\":\"u:r:su:s0\",\"event\":\"start\",\"names\":[\"sh_text-saw_out\",\"sh_text-saw_in\"],\"uid\":0}\n{\"data\":\"\",\"event\":\"connect\",\"name\":\"sh_text-saw_in\",\"peerContext\":\"u:r:untrusted_app_27:s0:c210,c256,c512,c768\",\"peerPid\":10358,\"peerUid\":10210,\"t\":1790873497454}\n{\"data\":\"\",\"event\":\"connect\",\"name\":\"sh_text-saw_out\",\"peerContext\":\"u:r:untrusted_app_27:s0:c210,c256,c512,c768\",\"peerPid\":10358,\"peerUid\":10210,\"t\":1790873497454}\n10-01 16:51:37.969  5775  5782 D PermissionCache: checking android.permission.INTERNAL_SYSTEM_WINDOW for uid=10106 => denied (2510 us)\n10-01 16:51:38.642 10554 10554 D ChooserActivity: onListRebuilt(listAdapter.userHandle=UserHandle{0}, rebuildComplete=true)\n10-01 16:51:38.653 10554 10554 D ChooserActivity: app target loading time 814 ms\n10-01 16:51:38.662  5855  6086 D PermissionCache: checking android.permission.ACCESS_SURFACE_FLINGER for uid=10106 => denied (20805 us)\n10-01 16:51:38.662  5855  6086 D PermissionCache: checking android.permission.ROTATE_SURFACE_FLINGER for uid=10106 => denied (81 us)\n10-01 16:51:38.662  5855  6086 D PermissionCache: checking android.permission.INTERNAL_SYSTEM_WINDOW for uid=10106 => denied (40 us)\n10-01 16:51:38.770 10554 10554 D ChooserActivity: onShortcutsLoaded for user: UserHandle{0}\n10-01 16:51:38.772  5855  5875 I ActivityTaskManager: Displayed com.android.intentresolver/.ChooserActivityLauncher for user 0: +1s226ms\n10-01 16:51:38.773 10554 10554 D ChooserActivity: stat to first shortcut time: 884 ms\n10-01 16:51:38.786  5855  5875 V WindowManager: Sent Transition (#37) createdAt=10-01 16:51:37.473 via request=TransitionRequestInfo { type = OPEN, triggerTask = TaskInfo{userId=0 taskId=23 displayId=0 isRunning=true baseIntent=Intent { act=android.intent.action.CHOOSER flg=0x10800000 cmp=com.android.intentresolver/.ChooserActivityLauncher } baseActivity=ComponentInfo{com.android.intentresolver/com.android.intentresolver.ChooserActivity} topActivity=ComponentInfo{com.android.intentresolver/com.android.intentresolver.ChooserActivity} origActivity=ComponentInfo{com.android.intentresolver/com.android.intentresolver.ChooserActivityLauncher} realActivity=ComponentInfo{com.android.intentresolver/com.android.intentresolver.ChooserActivity} numActivities=1 lastActiveTime=733295 supportsMultiWindow=true resizeMode=1 isResizeable=true minWidth=-1 minHeight=-1 defaultMinSize=220 token=WCT{RemoteToken{60138a8 Task{5086a01 #23 type=standard A=10106:com.android.intentresolver}}} topActivityType=1 pictureInPictureParams=null shouldDockBigOverlays=false launchIntoPipHostTaskId=-1 lastParentTaskIdBeforePip=-1 displayCutoutSafeInsets=null topActivityInfo=ActivityInfo{7b87fc1 com.android.intentresolver.ChooserActivityLauncher} launchCookies=[] positionInParent=Point(0, 0) parentTaskId=-1 isFocused=false isVisible=false isVisibleRequested=false isSleeping=false locusId=null displayAreaFeatureId=1 isTopActivityTransparent=true appCompatTaskInfo=AppCompatTaskInfo { topActivityInSizeCompat=false topActivityEligibleForLetterboxEducation= falseisLetterboxEducationEnabled= true isLetterboxDoubleTapEnabled= false topActivityEligibleForUserAspectRatioButton= false topActivityBoundsLetterboxed= false isFromLetterboxDoubleTap= false topActivityLetterboxVerticalPosition= -1 topActivityLetterboxHorizontalPosition= -1 topActivityLetterboxWidth=320 topActivityLetterboxHeight=640 isUserFullscreenOverrideEnabled=false isSystemFullscreenOverrideEnabled=false cameraCompatTaskInfo=CameraCompatTaskInfo { cameraCompatControlState=hidden freeformCameraCompatMode=inactive}}}, pipTask = null, remoteTransition = null, displayChange = null, flags = 0, debugId = 37 }\n10-01 16:51:39.116 10554 10554 D ChooserActivity: onAppTargetsLoaded(listAdapter.userHandle=UserHandle{0})\n10-01 16:51:47.556  5855  5957 D ActivityManager: freezing 10358 com.webui.termux.api"}
Failed to write while dumping service activity: Broken pipe
{"check":"share-file-saw","result":"topResumedActivity=ActivityRecord{9346e9e u0 com.android.intentresolver/.ChooserActivityLauncher t24}\n{\"context\":\"u:r:su:s0\",\"event\":\"start\",\"names\":[\"sh_file-saw_out\",\"sh_file-saw_in\"],\"uid\":0}\n{\"data\":\"\",\"event\":\"connect\",\"name\":\"sh_file-saw_out\",\"peerContext\":\"u:r:untrusted_app_27:s0:c210,c256,c512,c768\",\"peerPid\":10358,\"peerUid\":10210,\"t\":1790873513151}\n10-01 16:51:53.385 10554 10554 D ChooserActivity: getDisplayResolveInfoCount() == 0\n10-01 16:51:53.385 10554 10554 I ResolverListAdapter: Add DisplayResolveInfo component: ComponentInfo{com.google.android.apps.docs/com.google.android.apps.docs.common.shareitem.UploadMenuActivity}, intent component: ComponentInfo{com.google.android.apps.docs/com.google.android.apps.docs.common.shareitem.UploadMenuActivity}\n10-01 16:51:53.385 10554 10554 I ResolverListAdapter: Add DisplayResolveInfo component: ComponentInfo{com.google.android.apps.messaging/com.google.android.apps.messaging.ui.conversationlist.ShareIntentActivity}, intent component: ComponentInfo{com.google.android.apps.messaging/com.google.android.apps.messaging.ui.conversationlist.ShareIntentActivity}\n10-01 16:51:53.394  5855  7538 D CoreBackPreview: Window{d27bb4e u0 com.android.intentresolver/com.android.intentresolver.ChooserActivityLauncher}: Setting back callback OnBackInvokedCallbackInfo{mCallback=android.window.IOnBackInvokedCallback$Stub$Proxy@330d57c, mPriority=0, mIsAnimationCallback=false}\n10-01 16:51:54.176 10554 10554 D ChooserActivity: onListRebuilt(listAdapter.userHandle=UserHandle{0}, rebuildComplete=true)\n10-01 16:51:54.178 10554 10554 D ChooserActivity: app target loading time 919 ms\n10-01 16:51:54.184  5855  5875 I ActivityTaskManager: Displayed com.android.intentresolver/.ChooserActivityLauncher for user 0: +1s26ms\n10-01 16:51:54.185  5855  5875 V WindowManager: Sent Transition (#39) createdAt=10-01 16:51:53.158 via request=TransitionRequestInfo { type = OPEN, triggerTask = TaskInfo{userId=0 taskId=24 displayId=0 isRunning=true baseIntent=Intent { act=android.intent.action.CHOOSER flg=0x10800000 cmp=com.android.intentresolver/.ChooserActivityLauncher } baseActivity=ComponentInfo{com.android.intentresolver/com.android.intentresolver.ChooserActivity} topActivity=ComponentInfo{com.android.intentresolver/com.android.intentresolver.ChooserActivity} origActivity=ComponentInfo{com.android.intentresolver/com.android.intentresolver.ChooserActivityLauncher} realActivity=ComponentInfo{com.android.intentresolver/com.android.intentresolver.ChooserActivity} numActivities=1 lastActiveTime=748971 supportsMultiWindow=true resizeMode=1 isResizeable=true minWidth=-1 minHeight=-1 defaultMinSize=220 token=WCT{RemoteToken{6c5814 Task{13b6d7f #24 type=standard A=10106:com.android.intentresolver}}} topActivityType=1 pictureInPictureParams=null shouldDockBigOverlays=false launchIntoPipHostTaskId=-1 lastParentTaskIdBeforePip=-1 displayCutoutSafeInsets=null topActivityInfo=ActivityInfo{46fc8bd com.android.intentresolver.ChooserActivityLauncher} launchCookies=[] positionInParent=Point(0, 0) parentTaskId=-1 isFocused=false isVisible=false isVisibleRequested=false isSleeping=false locusId=null displayAreaFeatureId=1 isTopActivityTransparent=true appCompatTaskInfo=AppCompatTaskInfo { topActivityInSizeCompat=false topActivityEligibleForLetterboxEducation= falseisLetterboxEducationEnabled= true isLetterboxDoubleTapEnabled= false topActivityEligibleForUserAspectRatioButton= false topActivityBoundsLetterboxed= false isFromLetterboxDoubleTap= false topActivityLetterboxVerticalPosition= -1 topActivityLetterboxHorizontalPosition= -1 topActivityLetterboxWidth=320 topActivityLetterboxHeight=640 isUserFullscreenOverrideEnabled=false isSystemFullscreenOverrideEnabled=false cameraCompatTaskInfo=CameraCompatTaskInfo { cameraCompatControlState=hidden freeformCameraCompatMode=inactive}}}, pipTask = null, remoteTransition = null, displayChange = null, flags = 0, debugId = 39 }\n10-01 16:51:54.224 10554 10554 D ChooserActivity: onAppTargetsLoaded(listAdapter.userHandle=UserHandle{0})\n10-01 16:51:54.224 10554 10554 D ChooserActivity: onShortcutsLoaded for user: UserHandle{0}\n10-01 16:51:54.224 10554 10554 D ChooserActivity: stat to first shortcut time: 847 ms\n10-01 16:52:03.389  5855  5957 D ActivityManager: freezing 10358 com.webui.termux.api"}
app uid: 10210
