yes: standard output: Broken pipe
Auto-selecting single ABI x86_64
Do you wish to create a custom hardware profile? [no] lab.avd
lab.ini
emulator Android emulator version 37.2.12.0 (build_id 16428233) (CL:N/A)
* daemon not running; starting now at tcp:5037
* daemon started successfully
booted in 38s: google/sdk_gphone64_x86_64/emu64xa:15/AE3A.240806.043/12960925:userdebug/dev-keys
kernel 6.6.50-android15-8-g8adecb593e9b-ab12525588 -> kmi android15-6.6; tiann/KernelSU v3.3.0
total 16428
drwx------  2 runner runner     4096 Oct  1 17:45 .
drwxrwxrwt 16 root   root       4096 Oct  1 17:45 ..
-rw-r--r--  1 runner runner 10777987 Oct  1 17:45 KernelSU_v3.3.0_32601-release.apk
-rw-r--r--  1 runner runner  5713312 Oct  1 17:45 ksud-x86_64-linux-android
-rw-r--r--  1 runner runner   318824 Oct  1 17:45 lkm-x86_64-android15-6.6_kernelsu.ko
== manager installed (me.weishu.kernelsu, KernelSU_v3.3.0_32601-release.apk)
/tmp/tmp.t8lfc64m1C/lkm-x86_64-android15-6.6_kernelsu.ko: 1 file pushed, 0 skipped. 1.6 MB/s (318824 bytes in 0.194s)
/tmp/tmp.t8lfc64m1C/ksud-x86_64-linux-android: 1 file pushed, 0 skipped. 108.3 MB/s (5713312 bytes in 0.050s)
== ksud: ksud 3.3.0 (uapi: 2)
== ksud late-load: rc=0
== ksud insmod /data/adb/kernelsu.ko: Loaded kernel module: /data/adb/kernelsu.ko
rc=0
kernelsu              159744  0 
== lsmod: kernelsu              159744  0 
KernelSU_v3.3.0_32601-release.apk
ksud-aarch64-apple-darwin
ksud-aarch64-linux-android
ksud-aarch64-unknown-linux-musl
ksud-x86_64-apple-darwin
ksud-x86_64-linux-android
ksud-x86_64-pc-windows-gnu.exe
ksud-x86_64-unknown-linux-musl
ksuinit-aarch64
ksuinit-x86_64
lkm-aarch64-android12-5.10_kernelsu.ko
lkm-aarch64-android13-5.10_kernelsu.ko
lkm-aarch64-android13-5.15_kernelsu.ko
lkm-aarch64-android14-5.15_kernelsu.ko
lkm-aarch64-android14-6.1_kernelsu.ko
lkm-aarch64-android15-6.6_kernelsu.ko
lkm-aarch64-android16-6.12_kernelsu.ko
lkm-aarch64-android17-6.18_kernelsu.ko
lkm-x86_64-android12-5.10_kernelsu.ko
lkm-x86_64-android13-5.10_kernelsu.ko
lkm-x86_64-android13-5.15_kernelsu.ko
lkm-x86_64-android14-5.15_kernelsu.ko
lkm-x86_64-android14-6.1_kernelsu.ko
lkm-x86_64-android15-6.6_kernelsu.ko
lkm-x86_64-android16-6.12_kernelsu.ko
lkm-x86_64-android17-6.18_kernelsu.ko
== no metamodule asset in tiann/KernelSU v3.3.0
/home/runner/work/devicelab/devicelab/modules/probe/./: 2 files pushed, 0 skipped. 0.0 MB/s (1474 bytes in 0.058s)
== modules: [
  {
    "name": "devicelab probe",
    "web": "true",
    "action": "false",
    "update": "false",
    "enabled": "true",
    "author": "p0g-stack",
    "description": "Observation module for devicelab. Its WebUI page is driven over DevTools.",
    "mount": "false",
    "versionCode": "1",
    "remove": "false",
    "version": "1",
    "id": "devicelab_probe"
  }
]
SELinux: Loaded file context from:
		/system/etc/selinux/plat_file_contexts
		/system_ext/etc/selinux/system_ext_file_contexts
		/vendor/etc/selinux/vendor_file_contexts
== home text: text="LKM" text="Working [Jailbreak mode]" text="Version: 32601-2" text="Manager version" text="v3.3.0 (32601-2)" text="Kernel version" text="6.6.50-android15-8-g8adecb593e9b-ab12525588" text="Device model" text="Google sdk_gphone64_x86_64" text="Fingerprint" text="google/sdk_gphone64_x86_64/emu64xa:15/AE3A.240806.043/12960925:userdebug/dev-keys" text="Enforcing" text="KernelSU" text="Home" text="Superuser" text="1" text="Module" text="Settings" 
== manager activities: me.weishu.kernelsu/.magica.BootCompletedReceiver me.weishu.kernelsu/.ui.MainActivity me.weishu.kernelsu/androidx.core.content.FileProvider me.weishu.kernelsu/androidx.profileinstaller.ProfileInstallReceiver me.weishu.kernelsu/androidx.startup.InitializationProvider 
inputs/modules/flutter_webui_counter-0.1.5.zip: 1 file pushed, 0 skipped. 144.1 MB/s (21434766 bytes in 0.142s)
== install flutter_webui_counter-0.1.5.zip
  inflating: webroot/fonts/notocoloremoji/v32/Yq6P-KqIXTD0t4D9z1ESnKM3-HpFabsE4tq3luCC7p-aXxcn.3.woff2
  inflating: webroot/fonts/notocoloremoji/v32/Yq6P-KqIXTD0t4D9z1ESnKM3-HpFabsE4tq3luCC7p-aXxcn.8.woff2
  inflating: webroot/fonts/notocoloremoji/v32/Yq6P-KqIXTD0t4D9z1ESnKM3-HpFabsE4tq3luCC7p-aXxcn.2.woff2
   creating: webroot/fonts/notosansmath/
   creating: webroot/fonts/notosansmath/v15/
  inflating: webroot/fonts/notosansmath/v15/7Aump_cpkSecTWaHRlH2hyV5UHkD-V048PW0.woff2
   creating: webroot/fonts/roboto/
   creating: webroot/fonts/roboto/v32/
  inflating: webroot/fonts/roboto/v32/KFOmCnqEu92Fr1Me4GZLCzYlKw.woff2
  inflating: webroot/.last_build_id
  inflating: webroot/config.json
  inflating: webroot/flutter_webui.js
  inflating: customize.sh
- Done
- Module installed successfully!
inputs/modules/counter-v1.0.0.zip: 1 file pushed, 0 skipped. 203.4 MB/s (6582359 bytes in 0.031s)
== install counter-v1.0.0.zip
  inflating: webroot/canvaskit/chromium/canvaskit.wasm
  inflating: webroot/config.json
  inflating: webroot/favicon.png
  inflating: webroot/flutter.js
  inflating: webroot/flutter_bootstrap.js
  inflating: webroot/icons/Icon-192.png
  inflating: webroot/icons/Icon-512.png
  inflating: webroot/icons/Icon-maskable-192.png
  inflating: webroot/icons/Icon-maskable-512.png
  inflating: webroot/index.html
  inflating: webroot/main.dart.js
  inflating: webroot/manifest.json
  inflating: webroot/version.json
- Done
- Module installed successfully!
inputs/modules/demo-v0.1.0.zip: 1 file pushed, 0 skipped. 22.7 MB/s (24313872 bytes in 1.022s)
== install demo-v0.1.0.zip
  inflating: webroot/icons/Icon-512.png
  inflating: webroot/icons/Icon-maskable-192.png
  inflating: webroot/icons/Icon-maskable-512.png
  inflating: webroot/index.html
  inflating: webroot/main.dart.js
  inflating: webroot/manifest.json
  inflating: webroot/pkg/.gitignore
  inflating: webroot/pkg/demo_native.js
  inflating: webroot/pkg/demo_native_bg.wasm
  inflating: webroot/pkg/package.json
  inflating: webroot/version.json
  inflating: webroot/workers/demo_service.web.g.dart.js
  inflating: webroot/workers/hello_service.web.g.dart.js
- Done
- Module installed successfully!
/home/runner/work/devicelab/devicelab/app_plane.zip: 1 file pushed, 0 skipped. 121.0 MB/s (4528284 bytes in 0.036s)
== install app_plane.zip
Archive:  /data/local/tmp/m.zip
- Extracting module files
Archive:  /data/local/tmp/m.zip
  inflating: post-fs-data.sh
  inflating: module.prop
   creating: system/
   creating: system/product/
   creating: system/product/app/
   creating: system/product/app/WebuiTermuxApi/
  inflating: system/product/app/WebuiTermuxApi/WebuiTermuxApi.apk
  inflating: service.sh
  inflating: sockprobe
- Handle partition /product
- Done
- Module installed successfully!
== soft-reboot: 
== after soft-reboot (49s): [
  {
    "remove": "false",
    "name": "devicelab probe",
    "action": "false",
    "version": "1",
    "id": "devicelab_probe",
    "mount": "false",
    "web": "true",
    "description": "Observation module for devicelab. Its WebUI page is driven over DevTools.",
    "update": "false",
    "versionCode": "1",
    "enabled": "true",
    "author": "p0g-stack"
  },
  {
    "description": "Stock Flutter counter app on flutter-webui (devicelab bring-up build).",
    "enabled": "true",
    "remove": "false",
    "action": "false",
    "id": "flutter_webui_counter",
    "version": "0.1.5",
    "mount": "false",
    "name": "flutter-webui Counter",
    "web": "true",
    "author": "p0g-stack",
    "versionCode": "6",
    "update": "false"
  },
  {
    "name": "Counter",
    "author": "Yuv",
    "enabled": "true",
    "id": "counter",
    "web": "true",
    "action": "false",
    "version": "v1.0.0",
    "remove": "false",
    "update": "false",
    "versionCode": "1",
    "description": "A new Flutter project.",
    "mount": "false"
  },
  {
    "remove": "false",
    "action": "false",
    "id": "demo",
    "version": "v0.1.0",
    "versionCode": "1",
    "update": "false",
    "enabled": "true",
    "web": "true",
    "mount": "false",
    "name": "Demo",
    "author": "",
    "description": "The demo GUI. Flutter on top of the core."
  },
  {
    "mount": "true",
    "versionCode": "1",
    "enabled": "true",
    "version": "1",
    "web": "false",
    "description": "webui-t
total 56
drwxrwxrwx 7 root root 4096 2026-10-01 17:46 .
drwx------ 5 root root 4096 2026-10-01 17:45 ..
drwxr-xr-x 3 root root 4096 2026-10-01 17:46 counter
drwxr-xr-x 5 root root 4096 2026-10-01 17:46 demo
drwxr-xr-x 4 root root 4096 2026-10-01 17:46 devicelab_app_plane
drwxr-xr-x 3 root root 4096 2026-10-01 17:45 devicelab_probe
drwxr-xr-x 4 root root 4096 2026-10-01 17:46 flutter_webui_counter
/home/runner/work/devicelab/devicelab/out/labserver: 1 file pushed, 0 skipped. 127.8 MB/s (7843260 bytes in 0.059s)
Starting: Intent { cmp=me.weishu.kernelsu/.ui.webui.WebUIActivity (has extras) }
Status: ok
Activity: me.weishu.kernelsu/.ui.webui.WebUIActivity








Status: ok








Segmentation fault 
intent path: no page; manager log:
10-01 17:47:27.441  8389  8396 W weishu.kernelsu: ApkAssets: Deleting an ApkAssets object '/product/overlay/SettingsGoogle__sdk_gphone64_x86_64__auto_generated_rro_product.apk' with 1 weak references
10-01 17:47:27.441  8389  8396 W weishu.kernelsu: ApkAssets: Deleting an ApkAssets object '<empty> and /product/priv-app/SettingsIntelligenceGooglePrebuilt/SettingsIntelligenceGooglePrebuilt.apk' with 1 weak references
10-01 17:47:27.441  8389  8396 W weishu.kernelsu: ApkAssets: Deleting an ApkAssets object '<empty> and /system_ext/priv-app/ThemePicker/ThemePicker.apk' with 1 weak references
10-01 17:47:27.441  8389  8396 W weishu.kernelsu: ApkAssets: Deleting an ApkAssets object '<empty> and /system_ext/priv-app/WallpaperPickerGoogleRelease/WallpaperPickerGoogleRelease.apk' with 1 weak references
10-01 17:47:27.441  8389  8396 W weishu.kernelsu: ApkAssets: Deleting an ApkAssets object '<empty> and /product/priv-app/OdadPrebuilt/OdadPrebuilt.apk' with 1 weak references
10-01 17:47:27.441  8389  8396 W weishu.kernelsu: ApkAssets: Deleting an ApkAssets object '<empty> and /system/priv-app/TeleService/TeleService.apk' with 1 weak references
10-01 17:47:27.441  8389  8396 W weishu.kernelsu: ApkAssets: Deleting an ApkAssets object '/vendor/overlay/TeleService__sdk_gphone64_x86_64__auto_generated_rro_vendor.apk' with 1 weak references
10-01 17:47:27.441  8389  8396 W weishu.kernelsu: ApkAssets: Deleting an ApkAssets object '/product/overlay/TeleService__sdk_gphone64_x86_64__auto_generated_rro_product.apk' with 1 weak references
10-01 17:47:27.441  8389  8396 W weishu.kernelsu: ApkAssets: Deleting an ApkAssets object '<empty> and /system/priv-app/Shell/Shell.apk' with 1 weak references
10-01 17:47:27.441  8389  8396 W weishu.kernelsu: ApkAssets: Deleting an ApkAssets object '<empty> and /system/priv-app/BlockedNumberProvider/BlockedNumberProvider.apk' with 1 weak references
10-01 17:47:27.442  8389  8396 W weishu.kernelsu: ApkAssets: Deleting an ApkAssets object '<empty> and /system/priv-app/UserDictionaryProvider/UserDictionaryProvider.apk' with 1 weak references
10-01 17:47:27.442  8389  8396 W weishu.kernelsu: ApkAssets: Deleting an ApkAssets object '<empty> and /system_ext/app/EmergencyInfoGoogleNoUi/EmergencyInfoGoogleNoUi.apk' with 1 weak references
10-01 17:47:27.442  8389  8396 W weishu.kernelsu: ApkAssets: Deleting an ApkAssets object '<empty> and /system/priv-app/FusedLocation/FusedLocation.apk' with 1 weak references
10-01 17:47:27.442  8389  8396 W weishu.kernelsu: ApkAssets: Deleting an ApkAssets object '<empty> and /system_ext/priv-app/SystemUIGoogle/SystemUIGoogle.apk' with 1 weak references
10-01 17:47:27.442  8389  8396 W weishu.kernelsu: ApkAssets: Deleting an ApkAssets object '/vendor/overlay/SystemUIGoogle__sdk_gphone64_x86_64__auto_generated_rro_vendor.apk' with 1 weak references
10-01 17:47:27.442  8389  8396 W weishu.kernelsu: ApkAssets: Deleting an ApkAssets object '/product/overlay/SystemUIGoogle__sdk_gphone64_x86_64__auto_generated_rro_product.apk' with 1 weak references
10-01 17:47:27.442  8389  8396 W weishu.kernelsu: ApkAssets: Deleting an ApkAssets object '<empty> and /product/app/YouTubeMusicPrebuilt/YouTubeMusicPrebuilt.apk' with 1 weak references
10-01 17:47:27.442  8389  8396 W weishu.kernelsu: ApkAssets: Deleting an ApkAssets object '<empty> and /system/app/BluetoothMidiService/BluetoothMidiService.apk' with 1 weak references
10-01 17:47:27.442  8389  8396 W weishu.kernelsu: ApkAssets: Deleting an ApkAssets object '<empty> and /product/app/WebuiTermuxApi/WebuiTermuxApi.apk' with 1 weak references
10-01 17:47:27.442  8389  8396 W weishu.kernelsu: ApkAssets: Deleting an ApkAssets object '<empty> and /system/app/Traceur/Traceur.apk' with 1 weak references
10-01 17:47:27.442  8389  8396 W weishu.kernelsu: ApkAssets: Deleting an ApkAssets object '<empty> and /apex/com.android.cellbroadcast/priv-app/GoogleCellBroadcastApp@350820300/GoogleCellBroadcastApp.apk' with 1 weak references
10-01 17:47:27.442  8389  8396 W weishu.kernelsu: ApkAssets: Deleting an ApkAssets object '<empty> and /system/priv-app/ContactsProvider/ContactsProvider.apk' with 1 weak references
10-01 17:47:27.442  8389  8396 W weishu.kernelsu: ApkAssets: Deleting an ApkAssets object '/product/overlay/ContactsProvider__sdk_gphone64_x86_64__auto_generated_rro_product.apk' with 1 weak references
10-01 17:47:27.443  8389  8396 W weishu.kernelsu: ApkAssets: Deleting an ApkAssets object '<empty> and /product/app/LatinIMEGooglePrebuilt/LatinIMEGooglePrebuilt.apk' with 1 weak references
10-01 17:47:27.443  8389  8396 W weishu.kernelsu: ApkAssets: Deleting an ApkAssets object '<empty> and /product/priv-app/GoogleRestorePrebuilt-v526684/GoogleRestorePrebuilt-v526684.apk' with 1 weak references
ui: dismissed ANR dialog
ui: tapped 'Module' at 200,584
ui: tapped 160,152
ui: tapped 'Clean' at 209,64
ui: tapped 'Clean' at 209,64
[0,0][320,640] devicelab probe | search | Clean | Cancel | devicelab probe | Version: 1 | Author: p0g-stack | Observation module for de
[12,40][235,88] devicelab probe | search | Clean
[185,40][233,88] Clean
[251,40][304,88] Cancel
[12,98][308,267] devicelab probe | Version: 1 | Author: p0g-stack | Observation module for devicelab. Its WebUI page is driven over DevTo
[243,116][292,164] 
[28,210][110,258] Open | Open
[186,210][292,258] Uninstall
[0,552][80,616] Home
[80,552][160,616] Superuser
[240,552][320,616] Settings
ui: tapped 'Open' at 69,234
https://mui.kernelsu.org/index.html
    * Hist  #1: ActivityRecord{8b2776a u0 me.weishu.kernelsu/.ui.webui.WebUIActivity t12}
      packageName=me.weishu.kernelsu processName=me.weishu.kernelsu
      launchedFromUid=10209 launchedFromPackage=me.weishu.kernelsu launchedFromFeature=null userId=0
      app=ProcessRecord{f028c62 8389:me.weishu.kernelsu/u0a209}
      Intent { dat=ksu://webui?id=devicelab_probe&token=970faec35e70ab350aaebd1c601ad93b88b728e375b0cc8598c66105f6d90342 flg=0x80000 cmp=me.weishu.kernelsu/.ui.webui.WebUIActivity }
opened: ui
{"check":"targets","result":[{"socket": "webview_devtools_remote_8389", "type": "page", "url": "https://mui.kernelsu.org/index.html", "title": "devicelab probe"}]}
{"check":"globals","result":{"url":"https://mui.kernelsu.org/index.html","socket":"webview_devtools_remote_8389","value":{"ua":"Mozilla/5.0 (Linux; Android 15; sdk_gphone64_x86_64 Build/AE3A.240806.043; wv) AppleWebKit/537.36 (KHTML, like Gecko) Version/4.0 Chrome/124.0.6367.219 Mobile Safari/537.36","origin":"https://mui.kernelsu.org","href":"https://mui.kernelsu.org/index.html","globals":["ksu"],"ksu":["enableEdgeToEdge","exec","exit","fullScreen","getPackagesInfo","listPackages","moduleInfo","spawn","toast","enableEdgeToEdge","exec","exit","fullScreen","getPackagesInfo","listPackages","moduleInfo","spawn","toast"]}}}
{"check":"ksu-exec","result":{"url":"https://mui.kernelsu.org/index.html","socket":"webview_devtools_remote_8389","value":{"code":0,"out":"uid=0(root) gid=0(root) groups=0(root) context=u:r:ksu:s0\nu:r:ksu:s0\u0000","err":""}}}
{"check":"ws-loopback","result":{"url":"https://mui.kernelsu.org/index.html","socket":"webview_devtools_remote_8389","value":{"got":["{\"origin\":\"https://mui.kernelsu.org\",\"peerUid\":10209,\"remote\":\"127.0.0.1:36118\",\"serverUid\":0,\"t\":1790876913466,\"uidSource\":\"/proc/net/tcp\"}","hi"],"ms":57}}}
{"check":"fetch-loopback","result":{"url":"https://mui.kernelsu.org/index.html","socket":"webview_devtools_remote_8389","value":{"origin":"https://mui.kernelsu.org","peerUid":10209,"remote":"127.0.0.1:36120","serverUid":0,"t":1790876913583,"uidSource":"/proc/net/tcp"}}}
{"check":"webview-uid","result":["webview_zygote 1053 webview_zygote", "u0_a209      10209 me.weishu.kernelsu", "u0_a151      10151 com.google.android.webview:webview_service", "u0_i9000     99000 com.google.android.webview:sandboxed_process0:org.chromium.content.app.SandboxedProcessService0:0", "u0_a151      10151 com.google.android.webview:webview_apk"]}
{"check":"while-home-heartbeat","result":{"url":"https://mui.kernelsu.org/index.html","socket":"webview_devtools_remote_8389","value":{"now":10291,"vis":"hidden"}}}
{"check":"lifecycle","result":{"url":"https://mui.kernelsu.org/index.html","socket":"webview_devtools_remote_8389","value":{"events":[{"type":"pageshow","t":321,"vis":"visible"},{"type":"visibilitychange","t":4136,"vis":"hidden"},{"type":"visibilitychange","t":12667,"vis":"visible"}],"gaps":[{"from":9878,"ms":1001,"vis":"hidden"},{"from":10879,"ms":1001,"vis":"hidden"}],"slow":{"heldMs":3002,"sentAt":1790876916740,"resolvedAt":1790876916744,"vis":"hidden"}}}}
{"check":"dev-url","result":{"url":"http://127.0.0.1:8090/index.html","socket":"webview_devtools_remote_8389","value":{"href":"http://127.0.0.1:8090/index.html","ksu":"object","webui":"undefined","globals":["ksu"],"exec":{"code":0,"out":"uid=0(root) gid=0(root) groups=0(root) context=u:r:ksu:s0","err":""}}}}
Starting: Intent { cmp=me.weishu.kernelsu/.ui.webui.WebUIActivity (has extras) }
Status: ok
Activity: me.weishu.kernelsu/.ui.webui.WebUIActivity








Status: ok








Segmentation fault 
Status: ok
https://mui.kernelsu.org/index.html
token found in manager data: 970faec35e70ab350aaebd1c601ad93b88b728e375b0cc8598c66105f6d90342
opened: intent-token
{"check":"targets","result":[{"type": "page", "url": "https://mui.kernelsu.org/index.html", "title": "Flutter Demo"}]}
{"check":"page","result":{"url":"https://mui.kernelsu.org/index.html","socket":"webview_devtools_remote_9303","value":{"href":"https://mui.kernelsu.org/index.html","title":"Flutter Demo","ready":"complete","flutter":true,"glass":true,"nav":{"dcl":267,"load":1787},"paint":{"first-paint":1435,"first-contentful-paint":3163},"glassAt":"present","firstFrame":null,"insets":"24px","vv":[320,640,1]}}}
{"check":"java-exceptions","result":["--", "10-01 17:49:12.347  6475  9512 W FontLog : java.lang.IllegalStateException: Cannot perform this operation because the connection pool has been closed.", "10-01 17:49:12.347  6475  9512 W FontLog : \tat android.database.sqlite.SQLiteConnectionPool.throwIfClosedLocked(SQLiteConnectionPool.java:1103)", "10-01 17:49:12.347  6475  9512 W FontLog : \tat android.database.sqlite.SQLiteConnectionPool.waitForConnection(SQLiteConnectionPool.java:794)", "10-01 17:49:12.347  6475  9512 W FontLog : \tat android.database.sqlite.SQLiteConnectionPool.acquireConnection(SQLiteConnectionPool.java:399)", "10-01 17:49:12.347  6475  9512 W FontLog : \tat android.database.sqlite.SQLiteSession.acquireConnection(SQLiteSession.java:920)", "10-01 17:49:12.347  6475  9512 W FontLog : \tat android.database.sqlite.SQLiteSession.executeForChangedRowCount(SQLiteSession.java:778)", "10-01 17:49:12.347  6475  9512 W FontLog : \tat android.database.sqlite.SQLiteStatement.executeUpdateDelete(SQLiteStatement.java:67)", "10-01 17:49:12.347  6475  9512 W FontLog : \tat android.database.sqlite.SQLiteDatabase.executeSql(SQLiteDatabase.java:2207)", "10-01 17:49:12.347  6475  9512 W FontLog : \tat android.database.sqlite.SQLiteDatabase.execSQL(SQLiteDatabase.java:2183)", "10-01 17:49:12.347  6475  9512 W FontLog : \tat bbkg.run(:com.google.android.gms@242335041@24.23.35 (190800-646585959):57)", "10-01 17:49:12.347  6475  9512 W FontLog : \tat angs.c(:com.google.android.gms@242335041@24.23.35 (190800-646585959):50)", "10-01 17:49:12.347  6475  9512 W FontLog : \tat angs.run(:com.google.android.gms@242335041@24.23.35 (190800-646585959):76)", "10-01 17:49:12.347  6475  9512 W FontLog : \tat java.util.concurrent.ThreadPoolExecutor.runWorker(ThreadPoolExecutor.java:1145)", "--", "10-01 17:49:13.947  9303  9465 E SuFilePathHandler: java.io.FileNotFoundException: No such file or directory: /data/adb/modules/flutter_webui_counter/webroot/favicon.ico", "10-01 17:49:13.947  9303  9465 E SuFilePathHandler: \tat zb3.a(r8-map-id-9f7f45feba6f2c95784574c49c444982ed6e6c85bfa15582daceb837f5e42ea2:151)", "10-01 17:49:13.947  9303  9465 E SuFilePathHandler: \tat fk3.e(r8-map-id-9f7f45feba6f2c95784574c49c444982ed6e6c85bfa15582daceb837f5e42ea2:308)", "10-01 17:49:13.947  9303  9465 E SuFilePathHandler: \tat ja4.a(r8-map-id-9f7f45feba6f2c95784574c49c444982ed6e6c85bfa15582daceb837f5e42ea2:99)", "10-01 17:49:13.947  9303  9465 E SuFilePathHandler: \tat o11.shouldInterceptRequest(r8-map-id-9f7f45feba6f2c95784574c49c444982ed6e6c85bfa15582daceb837f5e42ea2:247)", "10-01 17:49:13.936  9303  9303 W ThreadPoolForeg: type=1400 audit(0.0:144): avc:  denied  { getattr } for  path=\"/data/adb\" dev=\"dm-46\" ino=319489 scontext=u:r:untrusted_app:s0:c209,c256,c512,c768 tcontext=u:object_r:adb_data_file:s0 tclass=dir permissive=0 app=me.weishu.kernelsu", "10-01 17:49:13.936  9303  9303 W ThreadPoolForeg: type=1400 audit(0.0:145): avc:  denied  { getattr } for  path=\"/data/adb\" dev=\"dm-46\" ino=319489 scontext=u:r:untrusted_app:s0:c209,c256,c512,c768 tcontext=u:object_r:adb_data_file:s0 tclass=dir permissive=0 app=me.weishu.kernelsu", "10-01 17:49:13.976  9303  9303 W ThreadPoolForeg: type=1400 audit(0.0:146): avc:  denied  { getattr } for  path=\"/data/adb\" dev=\"dm-46\" ino=319489 scontext=u:r:untrusted_app:s0:c209,c256,c512,c768 tcontext=u:object_r:adb_data_file:s0 tclass=dir permissive=0 app=me.weishu.kernelsu", "10-01 17:49:14.097     0     0 W audit   : audit_lost=30 audit_rate_limit=5 audit_backlog_limit=64", "10-01 17:49:14.098     0     0 E audit   : rate limit exceeded", "10-01 17:49:14.134  6013  6881 E TaskPersister: File error accessing recents directory (directory doesn't exist?).", "--", "10-01 17:49:20.457  6475  6978 I ChimeraSrvcProxy: NullBinder for android.net.action.RECOMMEND_NETWORKS triggering remote TransactionTooLargeException due to Service without Chimera impl", "10-01 17:49:20.457  6475  6978 W .gms.persistent: Large reply transaction of 1056768 bytes, interface descriptor , code 1", "10-01 17:49:20.908     0     0 W healthd : battery l=100 v=5000 t=25.0 h=2 st=2 c=900000 fc=3000000 cc=10 chg=a", "10-01 17:49:22.347  6013  6104 D ActivityManager: freezing 9075 com.google.android.webview:webview_service", "10-01 17:49:22.350  6013  6163 D InetDiagMessage: Destroyed 0 sockets, proto=IPPROTO_TCP, family=AF_INET, states=14", "10-01 17:49:22.351  6013  6163 D InetDiagMessage: Destroyed 0 sockets, proto=IPPROTO_TCP, family=AF_INET6, states=14", "10-01 17:49:22.351  6013  6163 D InetDiagMessage: Destroyed live tcp sockets for uids={10151} in 1ms", "10-01 17:49:26.474  6013  6048 D OomAdjuster: Not killing cached processes", "10-01 17:49:27.379  6915  6915 D BoundBrokerSvc: onUnbind: Intent { act=com.google.android.gms.safetynet.service.START pkg=com.google.android.gms }", "10-01 17:49:27.407  5935  5973 I netd    : tetherGetStats() -> {[]} <7.42ms>", "10-01 17:49:28.794  9544  9544 W BpBinder: Linking to death on android.gui.ISurfaceComposer but there are no threads (yet?) listening to incoming transactions. See ProcessState::startThreadPool and ProcessState::setThreadPoolMaxThreadCount. Generally you should setup the binder threadpool before other initialization steps.", "10-01 17:49:28.794  9544  9544 W ProcessState: Extra binder thread started, but 0 threads requested. Do not use *startThreadPool when zero threads are requested.", "10-01 17:49:28.807   164   164 I hwservicemanager: getTransport: Cannot find entry android.hardware.graphics.mapper@4.0::IMapper/default in either framework or device VINTF manifest."]}
{"check":"console-errors","result":["--------- beginning of main", "10-01 17:49:11.944  9303  9459 E chromium: [1001/174911.944240:ERROR:variations_seed_loader.cc(37)] Seed missing signature.", "10-01 17:49:11.944  9303  9459 I chromium: [1001/174911.944879:INFO:variations_seed_loader.cc(66)] Failed to open file for reading.: No such file or directory (2)", "10-01 17:49:12.181  9466  9491 W chromium: [WARNING:runtime_features.cc(694)] SharedStorage for M118+ cannot be enabled in this configuration. Use --enable-features=SharedStorageAPI,SharedStorageAPIM118 in addition.", "10-01 17:49:12.181  9466  9491 W chromium: [WARNING:runtime_features.cc(730)] AttributionReportingCrossAppWeb cannot be enabled in this configuration. Use --enable-features=ConversionMeasurement,AttributionReportingCrossAppWeb in addition.", "10-01 17:49:12.352  9466  9491 I chromium: [INFO:viewport_data.cc(133)] E2E_Used ViewportFitCover", "10-01 17:49:12.781  9303  9303 I chromium: [INFO:CONSOLE(3)] \"Injecting <script> tag. Using callback.\", source: https://mui.kernelsu.org/flutter_bootstrap.js (3)"]}
{"check":"first-frame-warm","result":{"url":"https://mui.kernelsu.org/index.html","socket":"webview_devtools_remote_9303","value":{"firstFrameMs":532,"now":15051,"flutter":true,"resizes":[],"paint":{"first-paint":966,"first-contentful-paint":966},"calls":[[106,"at-preload","ksu:undefined webui:undefined"],[115,"ksu-defined"],[116,"wrap-failed","exec"],[116,"wrap-failed","spawn"],[116,"wrap-failed","moduleInfo"],[116,"wrap-failed","fullScreen"],[116,"wrap-failed","enableEdgeToEdge"],[116,"wrap-failed","toast"],[116,"wrap-failed","exit"]],"resources":[["/internal/insets.css",72,110,"link",0],["/flutter_webui.css",81,124,"link",0],["/flutter_webui.js",81,120,"script",0],["/flutter_bootstrap.js",81,128,"script",0],["/canvaskit/chromium/canvaskit.wasm",173,278,"fetch",0],["/canvaskit/chromium/canvaskit.js",174,212,"other",0],["/main.dart.js",175,260,"script",0],["/assets/FontManifest.json",446,461,"fetch",0],["/favicon.ico",450,459,"other",0],["/assets/fonts/MaterialIcons-Regular.otf",462,477,"fetch",0],["/assets/packages/cupertino_icons/assets/CupertinoIcons.ttf",462,481,"fetch",0],["/assets/fonts/fallback/Roboto-Regular.ttf",462,482,"fetch",0]],"marks":[["flutter_webui:register",484],["flutter_webui:registered",487],["flutter_webui:first-frame",532]],"measures":[],"fonts":[]}}}
{"check":"root-start","result":{"url":"https://mui.kernelsu.org/index.html","socket":"webview_devtools_remote_9303","value":{"code":0,"out":"","err":"","ms":129}}}
{"check":"session","result":{"url":"https://mui.kernelsu.org/index.html","socket":"webview_devtools_remote_9303","value":{"status":200,"ms":47,"protocol":1,"version":"0.1.0","port":33925,"pid":9584,"tokenLen":43}}}
{"check":"ws-hello","result":{"url":"https://mui.kernelsu.org/index.html","socket":"webview_devtools_remote_9303","value":{"first":"{\"op\":\"hello\",\"protocol\":1,\"version\":\"0.1.0\",\"pid\":9584,\"boot\":\"b31f707d-f585-425c-8c43-d70fab057ad0\",\"uid\":0,\"moduleDir\":\"/data/adb/modules/flutter_webui_counter\"}"}}}
{"check":"channel-process","result":"USER           UID LABEL                            PID NAME                       \nroot             0 u:r:ksu:s0                      9584 ld-linux-x86-64.so.2\nexe=/data/adb/modules/flutter_webui_counter/flutter_webui/x86_64/ld-linux-x86-64.so.2\n/data/adb/modules/flutter_webui_counter/flutter_webui/x86_64/ld-linux-x86-64.so.2 --library-path /data/adb/modules/flutter_webui_counter/flutter_webui/x86_64 /data/adb/modules/flutter_webui_counter/flutter_webui/x86_64/dartaotruntime /data/adb/modules/flutter_webui_counter/flutter_webui/x86_64/flutter_webui_root.aot serve --module-dir /data/adb/modules/flutter_webui_counter \narm64-v8a\nroot\nx86_64\n/data/adb/modules/flutter_webui_counter/flutter_webui/arm64-v8a:\ndartaotruntime\nflutter_webui_root.aot\nld-linux-aarch64.so.1\nlibc.so.6\nlibdl.so.2\nlibm.so.6\nlibpthread.so.0\n\n/data/adb/modules/flutter_webui_counter/flutter_webui/x86_64:\ndartaotruntime\nflutter_webui_root.aot\nld-linux-x86-64.so.2\nlibc.so.6\nlibdl.so.2\nlibm.so.6\nlibpthread.so.0"}
{"check":"root-log","result":"2026-10-01T17:49:44.857589 listening on 127.0.0.1:33925"}
{"check":"session-mode","result":"total 44\ndrwx--x--x 3 root root 4096 2026-10-01 17:49 .\ndrwxr-xr-x 7 root root 4096 2026-10-01 17:49 ..\n-rw------- 1 root root    0 2026-10-01 17:49 lock\ndrwx------ 2 root root 4096 2026-10-01 17:49 proc\n-rw------- 1 root root   56 2026-10-01 17:49 root.log\n-rw-r--r-- 1 root root  196 2026-10-01 17:49 session.json"}
{"check":"home-resume","result":{"url":"https://mui.kernelsu.org/index.html","socket":"webview_devtools_remote_9303","value":{"events":[["visibilitychange","hidden",16138],["visibilitychange","visible",23242]],"ticks":20,"vis":"visible","hasFocus":false}}}
{"check":"before-back","result":{"url":"https://mui.kernelsu.org/index.html","socket":"webview_devtools_remote_9303","value":{"historyLength":2,"historyState":"{\"flutter\":true}","href":"https://mui.kernelsu.org/index.html","typeofWebui":"undefined","typeofWebuiExit":"undefined","typeofKsuExit":"function","webuiKeys":null,"wrapped":"no webui.exit"}}}
{"check":"back-events","result":{"error":"no page target","sockets":["webview_devtools_remote_9303"],"targets":[]}}
{"check":"back-console","result":["10-01 17:49:56.649  9303  9303 E chromium: [ERROR:aw_browser_terminator.cc(154)] Renderer process (9466) crash detected (code -1).", "10-01 17:49:56.651  6013  6717 I ActivityManager: Killing 9466:com.google.android.webview:sandboxed_process0:org.chromium.content.app.SandboxedProcessService0:0/u0a209i1 (adj 0): isolated not needed"]}
{"check":"back-at-root","result":"topResumedActivity=ActivityRecord{77a5487 u0 com.google.android.apps.nexuslauncher/.NexusLauncherActivity t9}"}
Starting: Intent { cmp=me.weishu.kernelsu/.ui.webui.WebUIActivity (has extras) }
Status: ok
Activity: me.weishu.kernelsu/.ui.webui.WebUIActivity








Status: ok








Segmentation fault 
Status: ok
https://mui.kernelsu.org/index.html
token found in manager data: 970faec35e70ab350aaebd1c601ad93b88b728e375b0cc8598c66105f6d90342
opened: intent-token
{"check":"targets","result":[{"type": "page", "url": "https://mui.kernelsu.org/index.html", "title": "Flutter Demo"}]}
{"check":"page","result":{"url":"https://mui.kernelsu.org/index.html","socket":"webview_devtools_remote_9745","value":{"href":"https://mui.kernelsu.org/index.html","title":"Flutter Demo","ready":"complete","flutter":true,"glass":true,"nav":{"dcl":206,"load":1001},"paint":{"first-paint":1957,"first-contentful-paint":1957},"glassAt":"present","firstFrame":null,"insets":null,"vv":[320,592,1]}}}
{"check":"java-exceptions","result":["10-01 17:50:09.326  6716  9673 E OneSearchSuggestProvider: \tat k3.e.a(go/retraceme 31f9979659277bb965985aff1272c33e3c3c9e755b77166d20a2465454178f2c:77)", "10-01 17:50:09.326  6716  9673 E OneSearchSuggestProvider: \tat i3.l.b(go/retraceme 31f9979659277bb965985aff1272c33e3c3c9e755b77166d20a2465454178f2c:43)", "10-01 17:50:09.326  6716  9673 E OneSearchSuggestProvider: \tat i3.l.a(go/retraceme 31f9979659277bb965985aff1272c33e3c3c9e755b77166d20a2465454178f2c:27)", "10-01 17:50:09.326  6716  9673 E OneSearchSuggestProvider: \tat i3.z.run(go/retraceme 31f9979659277bb965985aff1272c33e3c3c9e755b77166d20a2465454178f2c:7)", "10-01 17:50:09.326  6716  9673 E OneSearchSuggestProvider: \tat i3.m2.run(go/retraceme 31f9979659277bb965985aff1272c33e3c3c9e755b77166d20a2465454178f2c:19)", "10-01 17:50:09.326  6716  9673 E OneSearchSuggestProvider: \tat java.util.concurrent.ThreadPoolExecutor.runWorker(ThreadPoolExecutor.java:1145)", "10-01 17:50:09.326  6716  9673 E OneSearchSuggestProvider: \tat java.util.concurrent.ThreadPoolExecutor$Worker.run(ThreadPoolExecutor.java:644)", "10-01 17:50:09.326  6716  9673 E OneSearchSuggestProvider: \tat java.lang.Thread.run(Thread.java:1012)", "10-01 17:50:09.328  6716  6716 D StateManager: createAtomicAnimation - fromState: Background, toState: Normal, partial trace:", "10-01 17:50:09.328  6716  6716 D StateManager: \tat com.android.quickstep.util.StaggeredWorkspaceAnim.prepareToAnimate(go/retraceme 31f9979659277bb965985aff1272c33e3c3c9e755b77166d20a2465454178f2c:22)", "10-01 17:50:09.328  6716  6716 D StateManager: \tat com.android.quickstep.util.StaggeredWorkspaceAnim.<init>(go/retraceme 31f9979659277bb965985aff1272c33e3c3c9e755b77166d20a2465454178f2c:4)", "10-01 17:50:09.328  6716  6716 D StateManager: \tat com.android.quickstep.util.StaggeredWorkspaceAnim.<init>(go/retraceme 31f9979659277bb965985aff1272c33e3c3c9e755b77166d20a2465454178f2c:1)", "--", "10-01 17:50:14.556  6475  7295 I ChimeraSrvcProxy: NullBinder for android.net.action.RECOMMEND_NETWORKS triggering remote TransactionTooLargeException due to Service without Chimera impl", "10-01 17:50:14.556  6475  7295 W .gms.persistent: Large reply transaction of 1056768 bytes, interface descriptor , code 1", "10-01 17:50:14.691  6013  6104 D ActivityManager: freezing 6915 com.google.android.gms", "--------- beginning of crash", "10-01 17:50:17.667  9842  9842 F libc    : Fatal signal 11 (SIGSEGV), code 2 (SEGV_ACCERR), fault addr 0x766651c52854 in tid 9842 (grep), pid 9842 (grep)", "10-01 17:50:17.671  9847  9847 E crash_dump64: failed to get the guest state header for thread 9842: Bad address", "10-01 17:50:17.672  9847  9847 I crash_dump64: obtaining output fd from tombstoned, type: kDebuggerdTombstoneProto", "10-01 17:50:17.672   230   230 I tombstoned: received crash request for pid 9842", "10-01 17:50:17.673  9847  9847 I crash_dump64: performing dump of process 9842 (target tid = 9842)", "10-01 17:50:17.680  9847  9847 F DEBUG   : *** *** *** *** *** *** *** *** *** *** *** *** *** *** *** ***", "10-01 17:50:17.680  9847  9847 F DEBUG   : Build fingerprint: 'google/sdk_gphone64_x86_64/emu64xa:15/AE3A.240806.043/12960925:userdebug/dev-keys'", "10-01 17:50:17.680  9847  9847 F DEBUG   : Revision: '0'", "10-01 17:50:17.680  9847  9847 F DEBUG   : ABI: 'x86_64'", "--", "10-01 17:50:18.779  6475  9928 W FontLog : java.lang.IllegalStateException: Cannot perform this operation because the connection pool has been closed.", "10-01 17:50:18.779  6475  9928 W FontLog : \tat android.database.sqlite.SQLiteConnectionPool.throwIfClosedLocked(SQLiteConnectionPool.java:1103)", "10-01 17:50:18.779  6475  9928 W FontLog : \tat android.database.sqlite.SQLiteConnectionPool.waitForConnection(SQLiteConnectionPool.java:794)", "10-01 17:50:18.779  6475  9928 W FontLog : \tat android.database.sqlite.SQLiteConnectionPool.acquireConnection(SQLiteConnectionPool.java:399)", "10-01 17:50:18.779  6475  9928 W FontLog : \tat android.database.sqlite.SQLiteSession.acquireConnection(SQLiteSession.java:920)", "10-01 17:50:18.779  6475  9928 W FontLog : \tat android.database.sqlite.SQLiteSession.executeForChangedRowCount(SQLiteSession.java:778)", "10-01 17:50:18.779  6475  9928 W FontLog : \tat android.database.sqlite.SQLiteStatement.executeUpdateDelete(SQLiteStatement.java:67)", "10-01 17:50:18.779  6475  9928 W FontLog : \tat android.database.sqlite.SQLiteDatabase.executeSql(SQLiteDatabase.java:2207)", "10-01 17:50:18.779  6475  9928 W FontLog : \tat android.database.sqlite.SQLiteDatabase.execSQL(SQLiteDatabase.java:2183)", "10-01 17:50:18.779  6475  9928 W FontLog : \tat bbkg.run(:com.google.android.gms@242335041@24.23.35 (190800-646585959):57)", "10-01 17:50:18.779  6475  9928 W FontLog : \tat angs.c(:com.google.android.gms@242335041@24.23.35 (190800-646585959):50)", "10-01 17:50:18.779  6475  9928 W FontLog : \tat angs.run(:com.google.android.gms@242335041@24.23.35 (190800-646585959):76)", "10-01 17:50:18.779  6475  9928 W FontLog : \tat java.util.concurrent.ThreadPoolExecutor.runWorker(ThreadPoolExecutor.java:1145)"]}
{"check":"console-errors","result":["--------- beginning of main", "10-01 17:50:18.366  9745  9879 E chromium: [1001/175018.366195:ERROR:variations_seed_loader.cc(37)] Seed missing signature.", "10-01 17:50:18.376  9745  9879 I chromium: [INFO:variations_seed_loader.cc(66)] Failed to open file for reading.: No such file or directory (2)", "10-01 17:50:18.524  9745  9896 E chromium: [ERROR:simple_version_upgrade.cc(152)] Failed to write a new fake index.", "10-01 17:50:18.686  9883  9909 W chromium: [WARNING:runtime_features.cc(694)] SharedStorage for M118+ cannot be enabled in this configuration. Use --enable-features=SharedStorageAPI,SharedStorageAPIM118 in addition.", "10-01 17:50:18.686  9883  9909 W chromium: [WARNING:runtime_features.cc(730)] AttributionReportingCrossAppWeb cannot be enabled in this configuration. Use --enable-features=ConversionMeasurement,AttributionReportingCrossAppWeb in addition.", "10-01 17:50:19.205  9745  9745 I chromium: [INFO:CONSOLE(1)] \"Injecting <script> tag. Using callback.\", source: https://mui.kernelsu.org/flutter_bootstrap.js (1)"]}
{"check":"first-frame-warm","result":{"url":"https://mui.kernelsu.org/index.html","socket":"webview_devtools_remote_9745","value":{"firstFrameMs":528,"now":15052,"flutter":true,"resizes":[],"paint":{"first-paint":947,"first-contentful-paint":947},"calls":[[76,"at-preload","ksu:undefined webui:undefined"],[89,"ksu-defined"],[103,"wrap-failed","exec"],[104,"wrap-failed","spawn"],[105,"wrap-failed","moduleInfo"],[105,"wrap-failed","fullScreen"],[105,"wrap-failed","enableEdgeToEdge"],[106,"wrap-failed","toast"],[106,"wrap-failed","exit"]],"resources":[["/flutter_bootstrap.js",68,107,"script",0],["/canvaskit/chromium/canvaskit.wasm",142,258,"fetch",0],["/canvaskit/chromium/canvaskit.js",142,168,"other",0],["/main.dart.js",143,221,"script",0],["/assets/FontManifest.json",439,459,"fetch",0],["/favicon.png",446,463,"other",0],["/assets/fonts/MaterialIcons-Regular.otf",460,472,"fetch",0],["/assets/packages/cupertino_icons/assets/CupertinoIcons.ttf",460,481,"fetch",0],["/assets/fonts/fallback/Roboto-Regular.ttf",461,481,"fetch",0],["/favicon.png",944,1001,"other",0]],"marks":[],"measures":[],"fonts":[]}}}
Starting: Intent { cmp=me.weishu.kernelsu/.ui.webui.WebUIActivity (has extras) }
Status: ok
Activity: me.weishu.kernelsu/.ui.webui.WebUIActivity








Status: ok








Segmentation fault 
Status: ok
https://mui.kernelsu.org/index.html
token found in manager data: 970faec35e70ab350aaebd1c601ad93b88b728e375b0cc8598c66105f6d90342
opened: intent-token
{"check":"targets","result":[{"type": "page", "url": "https://mui.kernelsu.org/index.html", "title": "Demo"}]}
{"check":"page","result":{"url":"https://mui.kernelsu.org/index.html","socket":"webview_devtools_remote_10025","value":{"href":"https://mui.kernelsu.org/index.html","title":"Demo","ready":"complete","flutter":true,"glass":true,"nav":{"dcl":766,"load":1863},"paint":{"first-paint":1472,"first-contentful-paint":3165},"glassAt":"present","firstFrame":null,"insets":"24px","vv":[320,640,1]}}}
{"check":"java-exceptions","result":["10-01 17:51:09.358 10135 10135 F DEBUG   : *** *** *** *** *** *** *** *** *** *** *** *** *** *** *** ***", "10-01 17:51:09.358 10135 10135 F DEBUG   : Build fingerprint: 'google/sdk_gphone64_x86_64/emu64xa:15/AE3A.240806.043/12960925:userdebug/dev-keys'", "10-01 17:51:09.358 10135 10135 F DEBUG   : Revision: '0'", "--", "10-01 17:51:10.413  6475  7973 W FontLog : java.lang.IllegalStateException: Cannot perform this operation because the connection pool has been closed.", "10-01 17:51:10.413  6475  7973 W FontLog : \tat android.database.sqlite.SQLiteConnectionPool.throwIfClosedLocked(SQLiteConnectionPool.java:1103)", "10-01 17:51:10.413  6475  7973 W FontLog : \tat android.database.sqlite.SQLiteConnectionPool.waitForConnection(SQLiteConnectionPool.java:794)", "10-01 17:51:10.413  6475  7973 W FontLog : \tat android.database.sqlite.SQLiteConnectionPool.acquireConnection(SQLiteConnectionPool.java:399)", "10-01 17:51:10.413  6475  7973 W FontLog : \tat android.database.sqlite.SQLiteSession.acquireConnection(SQLiteSession.java:920)", "10-01 17:51:10.413  6475  7973 W FontLog : \tat android.database.sqlite.SQLiteSession.executeForChangedRowCount(SQLiteSession.java:778)", "10-01 17:51:10.413  6475  7973 W FontLog : \tat android.database.sqlite.SQLiteStatement.executeUpdateDelete(SQLiteStatement.java:67)", "10-01 17:51:10.413  6475  7973 W FontLog : \tat android.database.sqlite.SQLiteDatabase.executeSql(SQLiteDatabase.java:2207)", "10-01 17:51:10.413  6475  7973 W FontLog : \tat android.database.sqlite.SQLiteDatabase.execSQL(SQLiteDatabase.java:2183)", "10-01 17:51:10.413  6475  7973 W FontLog : \tat bbkg.run(:com.google.android.gms@242335041@24.23.35 (190800-646585959):57)", "10-01 17:51:10.413  6475  7973 W FontLog : \tat angs.c(:com.google.android.gms@242335041@24.23.35 (190800-646585959):50)", "10-01 17:51:10.413  6475  7973 W FontLog : \tat angs.run(:com.google.android.gms@242335041@24.23.35 (190800-646585959):76)", "10-01 17:51:10.413  6475  7973 W FontLog : \tat java.util.concurrent.ThreadPoolExecutor.runWorker(ThreadPoolExecutor.java:1145)", "--", "10-01 17:51:11.785  6475  6486 I ChimeraSrvcProxy: NullBinder for android.net.action.RECOMMEND_NETWORKS triggering remote TransactionTooLargeException due to Service without Chimera impl", "10-01 17:51:11.785  6475  6486 W .gms.persistent: Large reply transaction of 1056768 bytes, interface descriptor , code 1", "10-01 17:51:11.825 10025 10051 D EGL_emulation: app_time_stats: avg=255.12ms min=2.35ms max=970.67ms count=4", "10-01 17:51:12.100 10025 10025 W ThreadPoolForeg: type=1400 audit(0.0:278): avc:  denied  { getattr } for  path=\"/data/adb\" dev=\"dm-46\" ino=319489 scontext=u:r:untrusted_app:s0:c209,c256,c512,c768 tcontext=u:object_r:adb_data_file:s0 tclass=dir permissive=0 app=me.weishu.kernelsu", "10-01 17:51:12.100 10025 10025 W ThreadPoolForeg: type=1400 audit(0.0:279): avc:  denied  { getattr } for  path=\"/data/adb\" dev=\"dm-46\" ino=319489 scontext=u:r:untrusted_app:s0:c209,c256,c512,c768 tcontext=u:object_r:adb_data_file:s0 tclass=dir permissive=0 app=me.weishu.kernelsu", "10-01 17:51:12.277     0     0 W audit   : audit_lost=106 audit_rate_limit=5 audit_backlog_limit=64", "10-01 17:51:12.278     0     0 E audit   : rate limit exceeded", "10-01 17:51:12.156 10025 10025 W ThreadPoolForeg: type=1400 audit(0.0:280): avc:  denied  { getattr } for  path=\"/data/adb\" dev=\"dm-46\" ino=319489 scontext=u:r:untrusted_app:s0:c209,c256,c512,c768 tcontext=u:object_r:adb_data_file:s0 tclass=dir permissive=0 app=me.weishu.kernelsu", "10-01 17:51:12.156 10025 10025 W ThreadPoolForeg: type=1400 audit(0.0:281): avc:  denied  { getattr } for  path=\"/data/adb\" dev=\"dm-46\" ino=319489 scontext=u:r:untrusted_app:s0:c209,c256,c512,c768 tcontext=u:object_r:adb_data_file:s0 tclass=dir permissive=0 app=me.weishu.kernelsu", "10-01 17:51:12.156 10025 10025 W ThreadPoolForeg: type=1400 audit(0.0:282): avc:  denied  { getattr } for  path=\"/data/adb\" dev=\"dm-46\" ino=319489 scontext=u:r:untrusted_app:s0:c209,c256,c512,c768 tcontext=u:object_r:adb_data_file:s0 tclass=dir permissive=0 app=me.weishu.kernelsu", "10-01 17:51:12.174 10025 10170 E SuFilePathHandler: Error opening the requested path: favicon.ico", "10-01 17:51:12.174 10025 10170 E SuFilePathHandler: java.io.FileNotFoundException: No such file or directory: /data/adb/modules/demo/webroot/favicon.ico", "10-01 17:51:12.174 10025 10170 E SuFilePathHandler: \tat zb3.a(r8-map-id-9f7f45feba6f2c95784574c49c444982ed6e6c85bfa15582daceb837f5e42ea2:151)", "10-01 17:51:12.174 10025 10170 E SuFilePathHandler: \tat fk3.e(r8-map-id-9f7f45feba6f2c95784574c49c444982ed6e6c85bfa15582daceb837f5e42ea2:308)", "10-01 17:51:12.174 10025 10170 E SuFilePathHandler: \tat ja4.a(r8-map-id-9f7f45feba6f2c95784574c49c444982ed6e6c85bfa15582daceb837f5e42ea2:99)", "10-01 17:51:12.174 10025 10170 E SuFilePathHandler: \tat o11.shouldInterceptRequest(r8-map-id-9f7f45feba6f2c95784574c49c444982ed6e6c85bfa15582daceb837f5e42ea2:247)", "10-01 17:51:12.394  6013  6881 E TaskPersister: File error accessing recents directory (directory doesn't exist?).", "10-01 17:51:12.924 10025 10051 D EGL_emulation: app_time_stats: avg=9.66ms min=0.80ms max=137.57ms count=51", "10-01 17:51:13.384 10025 10025 W ThreadPoolForeg: type=1400 audit(0.0:286): avc:  denied  { getattr } for  path=\"/data/adb\" dev=\"dm-46\" ino=319489 scontext=u:r:untrusted_app:s0:c209,c256,c512,c768 tcontext=u:object_r:adb_data_file:s0 tclass=dir permissive=0 app=me.weishu.kernelsu", "10-01 17:51:13.388 10025 10025 W ThreadPoolForeg: type=1400 audit(0.0:287): avc:  denied  { getattr } for  path=\"/data/adb\" dev=\"dm-46\" ino=319489 scontext=u:r:untrusted_app:s0:c209,c256,c512,c768 tcontext=u:object_r:adb_data_file:s0 tclass=dir permissive=0 app=me.weishu.kernelsu", "10-01 17:51:13.443 10236 10236 W BpBinder: Linking to death on android.gui.ISurfaceComposer but there are no threads (yet?) listening to incoming transactions. See ProcessState::startThreadPool and ProcessState::setThreadPoolMaxThreadCount. Generally you should setup the binder threadpool before other initialization steps.", "10-01 17:51:13.444 10236 10236 W ProcessState: Extra binder thread started, but 0 threads requested. Do not use *startThreadPool when zero threads are requested."]}
{"check":"console-errors","result":["--------- beginning of main", "10-01 17:51:10.011 10025 10163 E chromium: [1001/175110.009757:ERROR:variations_seed_loader.cc(37)] Seed missing signature.", "10-01 17:51:10.012 10025 10163 I chromium: [1001/175110.011949:INFO:variations_seed_loader.cc(66)] Failed to open file for reading.: No such file or directory (2)", "10-01 17:51:10.286 10174 10194 W chromium: [WARNING:runtime_features.cc(694)] SharedStorage for M118+ cannot be enabled in this configuration. Use --enable-features=SharedStorageAPI,SharedStorageAPIM118 in addition.", "10-01 17:51:10.286 10174 10194 W chromium: [WARNING:runtime_features.cc(730)] AttributionReportingCrossAppWeb cannot be enabled in this configuration. Use --enable-features=ConversionMeasurement,AttributionReportingCrossAppWeb in addition.", "10-01 17:51:10.651 10174 10194 I chromium: [INFO:viewport_data.cc(133)] E2E_Used ViewportFitCover", "10-01 17:51:10.987 10025 10025 I chromium: [INFO:CONSOLE(3)] \"Injecting <script> tag. Using callback.\", source: https://mui.kernelsu.org/flutter_bootstrap.js (3)", "10-01 17:51:13.485 10025 10025 I chromium: [INFO:CONSOLE(28022)] \"Warning: Buffers cannot be shared due to missing cross-origin headers. Please refer to https://fzyzcjy.github.io/flutter_rust_bridge/manual/miscellaneous/web-cross-origin for details.\", source: https://mui.kernelsu.org/main.dart.js (28022)", "10-01 17:51:13.504 10025 10025 I chromium: [INFO:CONSOLE(734)] \"using deprecated parameters for the initialization function; pass a single object instead\", source: https://mui.kernelsu.org/pkg/demo_native.js (734)"]}
{"check":"first-frame-warm","result":{"url":"https://mui.kernelsu.org/index.html","socket":"webview_devtools_remote_10025","value":{"firstFrameMs":616,"now":15049,"flutter":true,"resizes":[],"paint":{"first-paint":1268,"first-contentful-paint":1268},"calls":[[99,"at-preload","ksu:undefined webui:undefined"],[121,"ksu-defined"],[123,"wrap-failed","exec"],[123,"wrap-failed","spawn"],[124,"wrap-failed","moduleInfo"],[124,"wrap-failed","fullScreen"],[125,"wrap-failed","enableEdgeToEdge"],[125,"wrap-failed","toast"],[125,"wrap-failed","exit"]],"resources":[["/internal/insets.css",72,112,"link",0],["/flutter_webui.css",73,113,"link",0],["/flutter_webui.js",74,112,"script",0],["/flutter_bootstrap.js",74,137,"script",0],["/canvaskit/chromium/canvaskit.wasm",167,263,"fetch",0],["/canvaskit/chromium/canvaskit.js",168,207,"other",0],["/main.dart.js",168,246,"script",0],["/assets/FontManifest.json",465,485,"fetch",0],["/favicon.ico",473,487,"other",0],["/assets/fonts/MaterialIcons-Regular.otf",486,498,"fetch",0],["/assets/fonts/fallback/Roboto-Regular.ttf",486,499,"fetch",0],["/pkg/demo_native.js",1257,1334,"script",0],["/pkg/demo_native_bg.wasm",1335,1365,"fetch",0]],"marks":[["flutter_webui:register",504],["flutter_webui:registered",507],["flutter_webui:first-frame",616]],"measures":[],"fonts":[]}}}
{"url":"https://mui.kernelsu.org/index.html","socket":"webview_devtools_remote_10025","value":"semantics on"}
{"check":"home","result":{"url":"https://mui.kernelsu.org/index.html","socket":"webview_devtools_remote_10025","value":["Squadron","Process","native","net","Say hello","Count to 5","SHA-256","Demo pages\nOne page per thing the stack promises.","Places","Strategy","Rust","Lifecycle","Shell","Plugins"]}}
{"check":"colors-css","result":{"url":"https://mui.kernelsu.org/index.html","socket":"webview_devtools_remote_10025","value":{"status":200,"type":"text/css","body":""}}}
{"check":"wasm-at-home","result":{"url":"https://mui.kernelsu.org/index.html","socket":"webview_devtools_remote_10025","value":{"wasm":[{"name":"chromium/canvaskit.wasm","start":167,"dur":96},{"name":"pkg/demo_native_bg.wasm","start":1335,"dur":30}],"marks":[{"name":"flutter_webui:register","t":504},{"name":"flutter_webui:registered","t":507},{"name":"flutter_webui:first-frame","t":616}],"measures":[],"now":18797}}}
{"check":"tap-places","result":{"url":"https://mui.kernelsu.org/index.html","socket":"webview_devtools_remote_10025","value":"tapped Places at 16,572 size 288x56 role button tappable"}}
{"check":"places","result":{"url":"https://mui.kernelsu.org/index.html","socket":"webview_devtools_remote_10025","value":["Back\nBack","One service, DemoService, opened in every place this build knows. Each place probes its own facts from inside; the page never guesses from the platform it was built for.","200k","1M","3M","Count primes in every place","Restart places","inline (the caller)\nkind: inline\nstart 271 ms, first facts() round trip 14 ms\nroot\ncheck: effective uid 0\nblock_devices\ncheck: a kernel-listed block device opens for reading\nusb.native\ncheck: /dev/bus/usb lists\nusb.web\ncheck: navigator.usb exists\nprocess.spawn\ncheck: a shell runs\nfs.persistent\ncheck: working dir writable, or storage persisted\nnet\ncheck: a non-loopback interface is up, or onLine\nnative\ncheck: null","worker (isolate or Web Worker)\nkind: web_worker\nstart 490 ms, first facts() round trip 19 ms\nroot\ncheck: effective uid 0\nblock_devices\ncheck: a kernel-listed block device opens for reading\nusb.native\ncheck: /dev/bus/usb lists\nusb.web\ncheck: navigator.usb exists\nprocess.spawn\ncheck: a shell runs\nfs.persistent\ncheck: working dir writable, or storage persisted\nnet\ncheck: a non-loopback interface is up, or onLine\nnative\ncheck: null","Places","Strategy","Rust","Lifecycle","Shell","Plugins"]}}
{"check":"places-scroll-1","result":{"url":"https://mui.kernelsu.org/index.html","socket":"webview_devtools_remote_10025","value":["Back\nBack","One service, DemoService, opened in every place this build knows. Each place probes its own facts from inside; the page never guesses from the platform it was built for.","200k","1M","3M","Count primes in every place","Restart places","inline (the caller)\nkind: inline\nstart 271 ms, first facts() round trip 14 ms\nroot\ncheck: effective uid 0\nblock_devices\ncheck: a kernel-listed block device opens for reading\nusb.native\ncheck: /dev/bus/usb lists\nusb.web\ncheck: navigator.usb exists\nprocess.spawn\ncheck: a shell runs\nfs.persistent\ncheck: working dir writable, or storage persisted\nnet\ncheck: a non-loopback interface is up, or onLine\nnative\ncheck: null","worker (isolate or Web Worker)\nkind: web_worker\nstart 490 ms, first facts() round trip 19 ms\nroot\ncheck: effective uid 0\nblock_devices\ncheck: a kernel-listed block device opens for reading\nusb.native\ncheck: /dev/bus/usb lists\nusb.web\ncheck: navigator.usb exists\nprocess.spawn\ncheck: a shell runs\nfs.persistent\ncheck: working dir writable, or storage persisted\nnet\ncheck: a non-loopback interface is up, or onLine\nnative\ncheck: null","Places","Strategy","Rust","Lifecycle","Shell","Plugins"]}}
{"check":"places-scroll-2","result":{"url":"https://mui.kernelsu.org/index.html","socket":"webview_devtools_remote_10025","value":["Back\nBack","inline (the caller)\nkind: inline\nstart 271 ms, first facts() round trip 14 ms\nroot\ncheck: effective uid 0\nblock_devices\ncheck: a kernel-listed block device opens for reading\nusb.native\ncheck: /dev/bus/usb lists\nusb.web\ncheck: navigator.usb exists\nprocess.spawn\ncheck: a shell runs\nfs.persistent\ncheck: working dir writable, or storage persisted\nnet\ncheck: a non-loopback interface is up, or onLine\nnative\ncheck: null","worker (isolate or Web Worker)\nkind: web_worker\nstart 490 ms, first facts() round trip 19 ms\nroot\ncheck: effective uid 0\nblock_devices\ncheck: a kernel-listed block device opens for reading\nusb.native\ncheck: /dev/bus/usb lists\nusb.web\ncheck: navigator.usb exists\nprocess.spawn\ncheck: a shell runs\nfs.persistent\ncheck: working dir writable, or storage persisted\nnet\ncheck: a non-loopback interface is up, or onLine\nnative\ncheck: null","root process (the app CLI, serve mode)\nkind: process\nstart 707 ms, first facts() round trip 0 ms\nroot\ncheck: effective uid 0\nblock_devices\ncheck: a kernel-listed block device opens for reading\nusb.native\ncheck: /dev/bus/usb lists\nusb.web\ncheck: navigator.usb exists\nprocess.spawn\ncheck: a shell runs\nfs.persistent\ncheck: working dir writable, or storage persisted\nnet\ncheck: a non-loopback interface is up, or onLine\nnative\ncheck: null","Places","Strategy","Rust","Lifecycle","Shell","Plugins"]}}
{"check":"places-scroll-3","result":{"url":"https://mui.kernelsu.org/index.html","socket":"webview_devtools_remote_10025","value":["Back\nBack","worker (isolate or Web Worker)\nkind: web_worker\nstart 490 ms, first facts() round trip 19 ms\nroot\ncheck: effective uid 0\nblock_devices\ncheck: a kernel-listed block device opens for reading\nusb.native\ncheck: /dev/bus/usb lists\nusb.web\ncheck: navigator.usb exists\nprocess.spawn\ncheck: a shell runs\nfs.persistent\ncheck: working dir writable, or storage persisted\nnet\ncheck: a non-loopback interface is up, or onLine\nnative\ncheck: null","root process (the app CLI, serve mode)\nkind: process\nstart 707 ms, first facts() round trip 0 ms\nroot\ncheck: effective uid 0\nblock_devices\ncheck: a kernel-listed block device opens for reading\nusb.native\ncheck: /dev/bus/usb lists\nusb.web\ncheck: navigator.usb exists\nprocess.spawn\ncheck: a shell runs\nfs.persistent\ncheck: working dir writable, or storage persisted\nnet\ncheck: a non-loopback interface is up, or onLine\nnative\ncheck: null","Reference: one call and one stream per place\nsquadron_process doc/benchmark.md, a 4-vCPU VM. Not measured here; devicelab measures devices.\nCall: isolate 31 µs, Web Worker (dart2js) 120 µs, process 247 µs, process from the page 401 µs.\n64 KiB stream: isolate 3643 MiB/s, Web Worker 631 MiB/s, process link about 110 MiB/s.","Places","Strategy","Rust","Lifecycle","Shell","Plugins"]}}
{"check":"tap-strategy","result":{"url":"https://mui.kernelsu.org/index.html","socket":"webview_devtools_remote_10025","value":"tapped Strategy at 53,536 size 53x80 role tab tappable"}}
{"check":"strategy","result":{"url":"https://mui.kernelsu.org/index.html","socket":"webview_devtools_remote_10025","value":["Back\nBack","Objective: list the device's partitions. Strategies in preference order: on the device as root, then from a host over USB. The first one the place's facts allow runs; nothing reads kIsWeb or Platform.","Place","inline (the caller)","worker (isolate or Web Worker)","root process (the app CLI, serve mode)","Facts from inline (the caller)\nSwitch a fact off to see the fallback. You can only take facts away.\nroot\ncheck: effective uid 0\nblock_devices\ncheck: a kernel-listed block device opens for reading\nusb.native\ncheck: /dev/bus/usb lists\nusb.web\ncheck: navigator.usb exists\nprocess.spawn\ncheck: a shell runs\nfs.persistent\ncheck: working dir writable, or storage persisted\nnet\ncheck: a non-loopback interface is up, or onLine\nnative\ncheck: null","root","block_devices","usb.native","process.spawn","Places","Strategy","Rust","Lifecycle","Shell","Plugins"]}}
{"check":"tap-strategy-root","result":{"url":"https://mui.kernelsu.org/index.html","socket":"webview_devtools_remote_10025","value":"tapped root process at 24,358 size 272x48 role checkbox tappable"}}
{"check":"strategy-root","result":{"url":"https://mui.kernelsu.org/index.html","socket":"webview_devtools_remote_10025","value":["Back\nBack","Objective: list the device's partitions. Strategies in preference order: on the device as root, then from a host over USB. The first one the place's facts allow runs; nothing reads kIsWeb or Platform.","Place","inline (the caller)","worker (isolate or Web Worker)","root process (the app CLI, serve mode)","Facts from root process (the app CLI, serve mode)\nSwitch a fact off to see the fallback. You can only take facts away.\nroot\ncheck: effective uid 0\nblock_devices\ncheck: a kernel-listed block device opens for reading\nusb.native\ncheck: /dev/bus/usb lists\nusb.web\ncheck: navigator.usb exists\nprocess.spawn\ncheck: a shell runs\nfs.persistent\ncheck: working dir writable, or storage persisted\nnet\ncheck: a non-loopback interface is up, or onLine\nnative\ncheck: null","root","block_devices","usb.native","process.spawn","Places","Strategy","Rust","Lifecycle","Shell","Plugins"]}}
{"check":"strategy-root-scroll-1","result":{"url":"https://mui.kernelsu.org/index.html","socket":"webview_devtools_remote_10025","value":["Back\nBack","Place","inline (the caller)","worker (isolate or Web Worker)","root process (the app CLI, serve mode)","Facts from root process (the app CLI, serve mode)\nSwitch a fact off to see the fallback. You can only take facts away.\nroot\ncheck: effective uid 0\nblock_devices\ncheck: a kernel-listed block device opens for reading\nusb.native\ncheck: /dev/bus/usb lists\nusb.web\ncheck: navigator.usb exists\nprocess.spawn\ncheck: a shell runs\nfs.persistent\ncheck: working dir writable, or storage persisted\nnet\ncheck: a non-loopback interface is up, or onLine\nnative\ncheck: null","root","block_devices","usb.native","process.spawn","Chosen: on device (/proc/partitions as root)\non_device chosen","on device (/proc/partitions as root)\nneeds root + block_devices: has them","from host (fastboot getvar all)\nneeds usb.native + process.spawn: has them","Places","Strategy","Rust","Lifecycle","Shell","Plugins"]}}
{"check":"strategy-root-scroll-2","result":{"url":"https://mui.kernelsu.org/index.html","socket":"webview_devtools_remote_10025","value":["Back\nBack","Facts from root process (the app CLI, serve mode)\nSwitch a fact off to see the fallback. You can only take facts away.\nroot\ncheck: effective uid 0\nblock_devices\ncheck: a kernel-listed block device opens for reading\nusb.native\ncheck: /dev/bus/usb lists\nusb.web\ncheck: navigator.usb exists\nprocess.spawn\ncheck: a shell runs\nfs.persistent\ncheck: working dir writable, or storage persisted\nnet\ncheck: a non-loopback interface is up, or onLine\nnative\ncheck: null","process.spawn","Chosen: on device (/proc/partitions as root)\non_device chosen","on device (/proc/partitions as root)\nneeds root + block_devices: has them","from host (fastboot getvar all)\nneeds usb.native + process.spawn: has them","Run on_device in process","Log\nEvery run: objective, strategy, place and the facts it saw.\nNothing has run yet.","Places","Strategy","Rust","Lifecycle","Shell","Plugins"]}}
{"check":"tap-rust","result":{"url":"https://mui.kernelsu.org/index.html","socket":"webview_devtools_remote_10025","value":"tapped Rust at 107,536 size 53x80 role tab tappable"}}
{"check":"rust","result":{"url":"https://mui.kernelsu.org/index.html","socket":"webview_devtools_remote_10025","value":["Back\nBack","The demo crate (rust/) counts the primes below 1000000 with the same loop as page 1's Dart. The service loads it in its own place through flutter_rust_bridge, so each place runs its own build.","Run in every place","inline (the caller)","Run here","worker (isolate or Web Worker)","Run here","root process (the app CLI, serve mode)","Run here","Places","Strategy","Rust","Lifecycle","Shell","Plugins"]}}
{"check":"tap-rust-run","result":{"url":"https://mui.kernelsu.org/index.html","socket":"webview_devtools_remote_10025","value":"tapped Run in every place at 16,196 size 288x48 role button tappable"}}
{"check":"rust-ran","result":{"url":"https://mui.kernelsu.org/index.html","socket":"webview_devtools_remote_10025","value":["Back\nBack","The demo crate (rust/) counts the primes below 1000000 with the same loop as page 1's Dart. The service loads it in its own place through flutter_rust_bridge, so each place runs its own build.","Run in every place","inline (the caller)\nBuilt for: wasm32-unknown (single-threaded)\nLoad: 0 ms (the place loads it once, when it first checks its facts)\nRust 102 ms, Dart 630 ms (same count: 78498)","Run here","worker (isolate or Web Worker)\nBuilt for: wasm32-unknown (single-threaded)\nLoad: 184 ms (the place loads it once, when it first checks its facts)\nRust 182 ms, Dart 146 ms (same count: 78498)","Run here","root process (the app CLI, serve mode)\nBuilt for: x86_64-android\nLoad: 0 ms (the place loads it once, when it first checks its facts)\nRust 119 ms, Dart 101 ms (same count: 78498)","Places","Strategy","Rust","Lifecycle","Shell","Plugins"]}}
{"check":"wasm-after-rust","result":{"url":"https://mui.kernelsu.org/index.html","socket":"webview_devtools_remote_10025","value":{"wasm":[{"name":"chromium/canvaskit.wasm","start":167,"dur":96},{"name":"pkg/demo_native_bg.wasm","start":1335,"dur":30}],"marks":[{"name":"flutter_webui:register","t":504},{"name":"flutter_webui:registered","t":507},{"name":"flutter_webui:first-frame","t":616}],"measures":[],"now":104315}}}
{"check":"tap-rust-run-2","result":{"url":"https://mui.kernelsu.org/index.html","socket":"webview_devtools_remote_10025","value":"tapped Run in every place at 16,196 size 288x48 role button tappable"}}
{"check":"rust-ran-2","result":{"url":"https://mui.kernelsu.org/index.html","socket":"webview_devtools_remote_10025","value":["Back\nBack","The demo crate (rust/) counts the primes below 1000000 with the same loop as page 1's Dart. The service loads it in its own place through flutter_rust_bridge, so each place runs its own build.","Run in every place","inline (the caller)\nBuilt for: wasm32-unknown (single-threaded)\nLoad: 0 ms (the place loads it once, when it first checks its facts)\nRust 106 ms, Dart 663 ms (same count: 78498)","Run here","worker (isolate or Web Worker)\nBuilt for: wasm32-unknown (single-threaded)\nLoad: 1 ms (the place loads it once, when it first checks its facts)\nRust 142 ms, Dart 181 ms (same count: 78498)","Run here","root process (the app CLI, serve mode)\nBuilt for: x86_64-android\nLoad: 0 ms (the place loads it once, when it first checks its facts)\nRust 101 ms, Dart 101 ms (same count: 78498)","Places","Strategy","Rust","Lifecycle","Shell","Plugins"]}}
{"check":"tap-lifecycle","result":{"url":"https://mui.kernelsu.org/index.html","socket":"webview_devtools_remote_10025","value":"tapped Lifecycle at 160,536 size 53x80 role tab tappable"}}
{"check":"tap-root-process","result":{"url":"https://mui.kernelsu.org/index.html","socket":"webview_devtools_remote_10025","value":"tapped root process at 24,390 size 272x48 role checkbox tappable"}}
{"check":"tap-start","result":{"url":"https://mui.kernelsu.org/index.html","socket":"webview_devtools_remote_10025","value":"tapped Start at 24,462 size 97x48 role button tappable"}}
{"check":"lifecycle-running","result":{"url":"https://mui.kernelsu.org/index.html","socket":"webview_devtools_remote_10025","value":["Back\nBack","Start a five-minute task, then switch away (Home, another app or tab) and come back: hidden keeps going. Close the app instead and reopen it: closed stops, and this page says where the task was when it ended.","Task\ntick every 500 ms, stamped with the place's own clock\nrunning in process: tick 17/600, longest gap 514 ms, app resumed 3","inline (the caller)","worker (isolate or Web Worker)","root process (the app CLI, serve mode)","Stop","Lifecycle\n17:53:38  started in process","Facts from root process (the app CLI, serve mode)\nroot\ncheck: effective uid 0\nblock_devices\ncheck: a kernel-listed block device opens for reading\nusb.native\ncheck: /dev/bus/usb lists\nusb.web\ncheck: navigator.usb exists\nprocess.spawn\ncheck: a shell runs\nfs.persistent\ncheck: working dir writable, or storage persisted\nnet\ncheck: a non-loopback interface is up, or onLine\nnative\ncheck: null","Places","Strategy","Rust","Lifecycle","Shell","Plugins"]}}
{"check":"lifecycle-after-home","result":{"url":"https://mui.kernelsu.org/index.html","socket":"webview_devtools_remote_10025","value":["Back\nBack","Start a five-minute task, then switch away (Home, another app or tab) and come back: hidden keeps going. Close the app instead and reopen it: closed stops, and this page says where the task was when it ended.","Task\ntick every 500 ms, stamped with the place's own clock\nrunning in process: tick 41/600, longest gap 529 ms, app resumed 7","inline (the caller)","worker (isolate or Web Worker)","root process (the app CLI, serve mode)","Stop","Lifecycle\n17:53:54  away 6.9 s: the place produced 14 ticks (on schedule: 13); longest gap 529 ms\n17:53:54  inactive -> resumed\n17:53:54  hidden -> inactive\n17:53:48  inactive -> hidden\n17:53:48  resumed -> inactive\n17:53:38  started in process","Places","Strategy","Rust","Lifecycle","Shell","Plugins"]}}
{"check":"root-process","result":"root             0 u:r:ksu:s0                     10357 dartaotruntime\nroot             0 u:r:ksu:s0                     10377 dartaotruntime"}
/home/runner/work/devicelab/devicelab/out/sockprobe: 1 file pushed, 0 skipped. 85.8 MB/s (3501149 bytes in 0.039s)
{"check":"block-devices","result":"dm-0\ndm-1\ndm-11\ndm-13\ndm-14\ndm-16\ndm-17\ndm-18\ntotal 0\ndrwxr-xr-x 2 root root u:object_r:block_device:s0                140 2026-10-01 17:44 by-name\nbrw------- 1 root root u:object_r:dm_device:s0              254,   0 2026-10-01 17:44 dm-0\nbrw------- 1 root root u:object_r:dm_device:s0              254,   1 2026-10-01 17:44 dm-1\nbrw------- 1 root root u:object_r:dm_device:s0              254,  11 2026-10-01 17:44 dm-11\nbrw------- 1 root root u:object_r:dm_device:s0              254,  13 2026-10-01 17:44 dm-13\nbrw------- 1 root root u:object_r:dm_device:s0              254,  14 2026-10-01 17:44 dm-14\nbrw------- 1 root root u:object_r:dm_device:s0              254,  16 2026-10-01 17:44 dm-16\nbrw------- 1 root root u:object_r:dm_device:s0              254,  17 2026-10-01 17:44 dm-17\nbrw------- 1 root root u:object_r:dm_device:s0              254,  18 2026-10-01 17:44 dm-18\nbrw------- 1 root root u:object_r:dm_device:s0              254,  19 2026-10-01 17:44 dm-19\nbrw------- 1 root root u:object_r:dm_device:s0              254,   2 2026-10-01 17:44 dm-2\n-- su:\n0000000  \\0\n-- ksu:\n{\"error\":\"write /proc/thread-self/attr/current: operation not permitted\",\"op\":\"setcon\"}\n-- avc:"}
{"check":"back-1","result":{"url":"https://mui.kernelsu.org/index.html","socket":"webview_devtools_remote_10025","value":["Squadron","Process","native","net","Say hello","Count to 5","SHA-256","Demo pages\nOne page per thing the stack promises.","Places","Strategy","Rust","Lifecycle","Shell","Plugins"]}}
{"check":"back-1-top","result":"topResumedActivity=ActivityRecord{275c32d u0 me.weishu.kernelsu/.ui.webui.WebUIActivity t21}"}
{"check":"back-2-top","result":"topResumedActivity=ActivityRecord{77a5487 u0 com.google.android.apps.nexuslauncher/.NexusLauncherActivity t9}"}
{"check":"back-3-top","result":"topResumedActivity=ActivityRecord{77a5487 u0 com.google.android.apps.nexuslauncher/.NexusLauncherActivity t9}"}
{"check":"monet-dark-sys-light","night":"no","color_mode":"5","opened":"opened: intent-token","result":{"url":"https://mui.kernelsu.org/index.html","socket":"webview_devtools_remote_10705","value":{"dark":false,"primary":"#277af7","background":"#242424","cssBytes":1427}}}
{"check":"monet-light-sys-dark","night":"yes","color_mode":"4","opened":"opened: intent-token","result":{"url":"https://mui.kernelsu.org/index.html","socket":"webview_devtools_remote_10976","value":{"dark":true,"primary":"#3482ff","background":"#ffffff","cssBytes":1425}}}
{"check":"monet-system-sys-dark","night":"yes","color_mode":"3","opened":"opened: intent-token","result":{"url":"https://mui.kernelsu.org/index.html","socket":"webview_devtools_remote_11222","value":{"dark":true,"primary":"#277af7","background":"#242424","cssBytes":1427}}}
{"check":"dark-sys-light","night":"no","color_mode":"2","opened":"opened: intent-token","result":{"url":"https://mui.kernelsu.org/index.html","socket":"webview_devtools_remote_11465","value":{"dark":false,"primary":null,"background":null,"cssBytes":0}}}
{"check":"system-sys-dark","night":"yes","color_mode":"0","opened":"opened: intent-token","result":{"url":"https://mui.kernelsu.org/index.html","socket":"webview_devtools_remote_11742","value":{"dark":true,"primary":null,"background":null,"cssBytes":0}}}
{"check":"mount","result":"mount: mounting overlay on /product/app failed: Invalid argument\noverlay failed: 255\nmagic mount ok\ntotal 3736\ndrwxr-xr-x  2 root root u:object_r:system_file:s0     4096 2026-10-01 17:46 .\ndrwxr-xr-x 30 root root u:object_r:system_file:s0      600 2026-10-01 17:46 ..\n-rw-r--r--  1 root root u:object_r:system_file:s0  3809993 2026-10-01 17:46 WebuiTermuxApi.apk\nCalendarGooglePrebuilt\nCamera2\nChrome\nChrome-Stub\nDrive\n/dev/block/dm-3 /product ext4 ro,seclabel,relatime 0 0\ntmpfs /dev/app_plane_app tmpfs rw,seclabel,relatime,mode=755 0 0\ntmpfs /product/app tmpfs rw,seclabel,relatime,mode=755 0 0\n/dev/block/dm-3 /product/app/CalendarGooglePrebuilt ext4 ro,seclabel,relatime 0 0\n/dev/block/dm-3 /product/app/Camera2 ext4 ro,seclabel,relatime 0 0\n/dev/block/dm-3 /product/app/Chrome ext4 ro,seclabel,relatime 0 0\n/dev/block/dm-3 /product/app/Chrome-Stub ext4 ro,seclabel,relatime 0 0\n/dev/block/dm-3 /product/app/Drive ext4 ro,seclabel,relatime 0 0\n28"}
{"check":"package","result":"package:/product/app/WebuiTermuxApi/WebuiTermuxApi.apk\n    flags=0x0\n    flags=0x0\n    codePath=/product/app/WebuiTermuxApi\n    versionName=0.53.0-webui.1\n    flags=[ SYSTEM HAS_CODE ALLOW_CLEAR_USER_DATA ALLOW_BACKUP ]\n    privateFlags=[ PRIVATE_FLAG_ACTIVITIES_RESIZE_MODE_RESIZEABLE_VIA_SDK_VERSION PRIVATE_FLAG_REQUEST_LEGACY_EXTERNAL_STORAGE PRODUCT PRIVATE_FLAG_ALLOW_NATIVE_HEAP_POINTER_TAGGING ]\n        android.permission.READ_SMS: granted=false, flags=[ USER_SENSITIVE_WHEN_GRANTED|USER_SENSITIVE_WHEN_DENIED|RESTRICTION_UPGRADE_EXEMPT]\n        android.permission.POST_NOTIFICATIONS: granted=false, flags=[ USER_SENSITIVE_WHEN_GRANTED|USER_SENSITIVE_WHEN_DENIED]"}
/home/runner/work/devicelab/devicelab/out/sockprobe: 1 file pushed, 0 skipped. 8.3 MB/s (3501149 bytes in 0.401s)
Broadcasting: Intent { flg=0x1400020 cmp=com.webui.termux.api/com.termux.api.TermuxApiReceiver (has extras) }
Broadcast completed: result=0
Broadcasting: Intent { flg=0x1400020 cmp=com.webui.termux.api/com.termux.api.TermuxApiReceiver (has extras) }
Broadcast completed: result=0
{"check":"broadcast","result":"Broadcasting: Intent { flg=0x1400020 cmp=com.webui.termux.api/com.termux.api.TermuxApiReceiver (has extras) }\nBroadcast completed: result=0\nBroadcasting: Intent { flg=0x1400020 cmp=com.webui.termux.api/com.termux.api.TermuxApiReceiver (has extras) }\nBroadcast completed: result=0"}
{"check":"app-process","result":"u0_a210      10210 u:r:untrusted_app_27:s0:c210,c256,c512,c768 com.webui.termux.api"}
{"check":"listener-module","result":"{\"context\":\"u:r:su:s0\",\"event\":\"start\",\"names\":[\"wx_ksu_out\",\"wx_ksu_in\"],\"uid\":0}\n{\"data\":\"{\\n  \\\"present\\\": true,\\n  \\\"technology\\\": \\\"Li-ion\\\",\\n  \\\"health\\\": \\\"GOOD\\\",\\n  \\\"plugged\\\": \\\"PLUGGED_AC\\\",\\n  \\\"status\\\": \\\"CHARGING\\\",\\n  \\\"temperature\\\": 25.0,\\n  \\\"voltage\\\": 5000,\\n  \\\"current\\\": 900000,\\n  \\\"current_average\\\": 900000,\\n  \\\"percentage\\\": 100,\\n  \\\"level\\\": 100,\\n  \\\"scale\\\": 100,\\n  \\\"charge_counter\\\": 10000,\\n  \\\"cycle\\\": 10\\n}\\n\",\"event\":\"connect\",\"name\":\"wx_ksu_out\",\"peerContext\":\"u:r:untrusted_app_27:s0:c210,c256,c512,c768\",\"peerPid\":12034,\"peerUid\":10210,\"t\":1790877428011}"}
{"check":"listener-su","result":"{\"context\":\"u:r:su:s0\",\"event\":\"start\",\"names\":[\"wx_su_out\",\"wx_su_in\"],\"uid\":0}\n{\"data\":\"{\\n  \\\"present\\\": true,\\n  \\\"technology\\\": \\\"Li-ion\\\",\\n  \\\"health\\\": \\\"GOOD\\\",\\n  \\\"plugged\\\": \\\"PLUGGED_AC\\\",\\n  \\\"status\\\": \\\"CHARGING\\\",\\n  \\\"temperature\\\": 25.0,\\n  \\\"voltage\\\": 5000,\\n  \\\"current\\\": 900000,\\n  \\\"current_average\\\": 900000,\\n  \\\"percentage\\\": 100,\\n  \\\"level\\\": 100,\\n  \\\"scale\\\": 100,\\n  \\\"charge_counter\\\": 10000,\\n  \\\"cycle\\\": 10\\n}\\n\",\"event\":\"connect\",\"name\":\"wx_su_out\",\"peerContext\":\"u:r:untrusted_app_27:s0:c210,c256,c512,c768\",\"peerPid\":12034,\"peerUid\":10210,\"t\":1790877436063}"}
{"check":"avc","result":"10-01 17:57:07.916  6013  8846 I ActivityManager: Broadcasting: Intent { flg=0x1400020 cmp=com.webui.termux.api/com.termux.api.TermuxApiReceiver (has extras) }\n10-01 17:57:07.917  6013  8846 I ActivityManager: Enqueued broadcast Intent { flg=0x1400020 cmp=com.webui.termux.api/com.termux.api.TermuxApiReceiver (has extras) }: 0\n10-01 17:57:07.924  6013  6050 I ActivityManager: Start proc 12034:com.webui.termux.api/u0a210 for broadcast {com.webui.termux.api/com.termux.api.TermuxApiReceiver}\n10-01 17:57:07.952 12034 12034 I ebui.termux.api: Using CollectorTypeCMC GC.\n10-01 17:57:07.952 12034 12034 W ebui.termux.api: Unexpected CPU variant for x86: x86_64.\n10-01 17:57:07.952 12034 12034 W ebui.termux.api: Known variants: atom, sandybridge, silvermont, goldmont, goldmont-plus, goldmont-without-sha-xsaves, tremont, kabylake, default\n10-01 17:57:07.955 12034 12034 E ebui.termux.api: Not starting debugger since process cannot load the jdwp agent.\n10-01 17:57:07.969 12034 12034 W ziparchive: Unable to open '/product/app/WebuiTermuxApi/WebuiTermuxApi.dm': No such file or directory\n10-01 17:57:07.969 12034 12034 W ziparchive: Unable to open '/product/app/WebuiTermuxApi/WebuiTermuxApi.dm': No such file or directory\n10-01 17:57:07.986 12034 12034 D nativeloader: Configuring product-clns-7 for unbundled product apk /product/app/WebuiTermuxApi/WebuiTermuxApi.apk. target_sdk_version=28, uses_libraries=, library_path=/product/app/WebuiTermuxApi/lib/x86_64:/product/lib64:/system/product/lib64, permitted_path=/data:/mnt/expand:/data/user/0/com.webui.termux.api:/product/lib64:/system/product/lib64\n10-01 17:57:07.996 12034 12034 I TermuxAPIApplication: AppInit\n10-01 17:57:08.002  6013  6376 I AppsFilter: interaction: PackageSetting{8ee0d25 com.android.microdroid.empty_payload/10199} -> PackageSetting{eaaca6d com.webui.termux.api/10210} BLOCKED\n10-01 17:57:08.003  6013  6192 I AppWidgetServiceImpl: Updating package stopped masked state for uid 10210 package com.webui.termux.api isStopped false\n10-01 17:57:13.752 12034 12050 D ProfileInstaller: Installing profile for com.webui.termux.api\n10-01 17:57:16.060  6013  6376 I ActivityManager: Broadcasting: Intent { flg=0x1400020 cmp=com.webui.termux.api/com.termux.api.TermuxApiReceiver (has extras) }\n10-01 17:57:16.061  6013  6376 I ActivityManager: Enqueued broadcast Intent { flg=0x1400020 cmp=com.webui.termux.api/com.termux.api.TermuxApiReceiver (has extras) }: 0"}
SELinux: Loaded file context from:
		/system/etc/selinux/plat_file_contexts
		/system_ext/etc/selinux/system_ext_file_contexts
		/vendor/etc/selinux/vendor_file_contexts
{"check":"restorecon","result":"u:object_r:app_data_file:s0:c210,c256,c512,c768 /data/data/com.webui.termux.api\nu:object_r:app_data_file:s0                     /data/data/com.webui.termux.api/files/devicelab/probe.txt"}
{"check":"app-read","result":"u:object_r:app_data_file:s0:c210,c256,c512,c768 chcon.txt\nu:object_r:app_data_file:s0                     probe.txt\n{\"error\":\"write /proc/thread-self/attr/current: operation not permitted\",\"op\":\"setcon\"}"}
Failed to write while dumping service activity: Broken pipe
{"check":"share-text","result":"topResumedActivity=ActivityRecord{77a5487 u0 com.google.android.apps.nexuslauncher/.NexusLauncherActivity t9}\n{\"context\":\"u:r:su:s0\",\"event\":\"start\",\"names\":[\"sh_text_out\",\"sh_text_in\"],\"uid\":0}\n{\"data\":\"\",\"event\":\"connect\",\"name\":\"sh_text_in\",\"peerContext\":\"u:r:untrusted_app_27:s0:c210,c256,c512,c768\",\"peerPid\":12034,\"peerUid\":10210,\"t\":1790877445511}\n{\"data\":\"\",\"event\":\"connect\",\"name\":\"sh_text_out\",\"peerContext\":\"u:r:untrusted_app_27:s0:c210,c256,c512,c768\",\"peerPid\":12034,\"peerUid\":10210,\"t\":1790877445511}\n10-01 17:57:25.518  6013  8045 E ActivityTaskManager: Background activity launch blocked! [callingPackage: com.webui.termux.api; callingPackageTargetSdk: 28; callingUid: 10210; callingPid: 12034; appSwitchState: 2; callingUidHasAnyVisibleWindow: false; callingUidProcState: RECEIVER; isCallingUidPersistentSystemProcess: false; forcedBalByPiSender: BSP.NONE; intent: Intent { act=android.intent.action.CHOOSER flg=0x10000000 cmp=com.android.intentresolver/.ChooserActivityLauncher (has extras) }; callerApp: ProcessRecord{66419b5 12034:com.webui.termux.api/u0a210}; inVisibleTask: false; balAllowedByPiCreator: BSP.ALLOW_BAL; balAllowedByPiCreatorWithHardening: BSP.ALLOW_BAL; resultIfPiCreatorAllowsBal: BAL_BLOCK; hasRealCaller: true; isCallForResult: false; isPendingIntent: false; autoOptInReason: notPendingIntent; realCallingPackage: com.webui.termux.api; realCallingPackageTargetSdk: 28; realCallingUid: 10210; realCallingPid: 12034; realCallingUidHasAnyVisibleWindow: false; realCallingUidProcState: RECEIVER; isRealCallingUidPersistentSystemProcess: false; originatingPendingIntent: null; realCallerApp: ProcessRecord{66419b5 12034:com.webui.termux.api/u0a210}; realInVisibleTask: false; balAllowedByPiSender: BSP.ALLOW_BAL; resultIfPiSenderAllowsBal: BAL_BLOCK; balImproveRealCallerVisibilityCheck: true; balRequireOptInByPendingIntentCreator: true; balRequireOptInSameUid: false; balRespectAppSwitchStateWhenCheckBoundByForegroundUid: true; balDontBringExistingBackgroundTaskStackToFg: true]\n10-01 17:57:25.522  6013  8045 I ActivityTaskManager: START u0 {act=android.intent.action.CHOOSER flg=0x10000000 cmp=com.android.intentresolver/.ChooserActivityLauncher (has extras)} with LAUNCH_MULTIPLE from uid 10210 (BAL_BLOCK) result code=102\n10-01 17:57:35.574  6013  6104 D ActivityManager: freezing 12034 com.webui.termux.api"}
Failed to write while dumping service activity: Broken pipe
{"check":"share-file","result":"topResumedActivity=ActivityRecord{77a5487 u0 com.google.android.apps.nexuslauncher/.NexusLauncherActivity t9}\n{\"context\":\"u:r:su:s0\",\"event\":\"start\",\"names\":[\"sh_file_out\",\"sh_file_in\"],\"uid\":0}\n{\"data\":\"\",\"event\":\"connect\",\"name\":\"sh_file_out\",\"peerContext\":\"u:r:untrusted_app_27:s0:c210,c256,c512,c768\",\"peerPid\":12034,\"peerUid\":10210,\"t\":1790877461009}\n10-01 17:57:40.992  6013  6049 D ActivityManager: sync unfroze 12034 com.webui.termux.api for 3\n10-01 17:57:41.017  6013  7126 E ActivityTaskManager: Background activity launch blocked! [callingPackage: com.webui.termux.api; callingPackageTargetSdk: 28; callingUid: 10210; callingPid: 12034; appSwitchState: 2; callingUidHasAnyVisibleWindow: false; callingUidProcState: RECEIVER; isCallingUidPersistentSystemProcess: false; forcedBalByPiSender: BSP.NONE; intent: Intent { act=android.intent.action.CHOOSER flg=0x10000000 cmp=com.android.intentresolver/.ChooserActivityLauncher (has extras) }; callerApp: ProcessRecord{66419b5 12034:com.webui.termux.api/u0a210}; inVisibleTask: false; balAllowedByPiCreator: BSP.ALLOW_BAL; balAllowedByPiCreatorWithHardening: BSP.ALLOW_BAL; resultIfPiCreatorAllowsBal: BAL_BLOCK; hasRealCaller: true; isCallForResult: false; isPendingIntent: false; autoOptInReason: notPendingIntent; realCallingPackage: com.webui.termux.api; realCallingPackageTargetSdk: 28; realCallingUid: 10210; realCallingPid: 12034; realCallingUidHasAnyVisibleWindow: false; realCallingUidProcState: RECEIVER; isRealCallingUidPersistentSystemProcess: false; originatingPendingIntent: null; realCallerApp: ProcessRecord{66419b5 12034:com.webui.termux.api/u0a210}; realInVisibleTask: false; balAllowedByPiSender: BSP.ALLOW_BAL; resultIfPiSenderAllowsBal: BAL_BLOCK; balImproveRealCallerVisibilityCheck: true; balRequireOptInByPendingIntentCreator: true; balRequireOptInSameUid: false; balRespectAppSwitchStateWhenCheckBoundByForegroundUid: true; balDontBringExistingBackgroundTaskStackToFg: true]\n10-01 17:57:41.029  6013  7126 I ActivityTaskManager: START u0 {act=android.intent.action.CHOOSER flg=0x10000000 cmp=com.android.intentresolver/.ChooserActivityLauncher (has extras)} with LAUNCH_MULTIPLE from uid 10210 (BAL_BLOCK) result code=102\n10-01 17:57:51.081  6013  6104 D ActivityManager: freezing 12034 com.webui.termux.api"}
Failed to write while dumping service activity: Broken pipe
{"check":"share-text-saw","result":"topResumedActivity=ActivityRecord{1e54c70 u0 com.android.intentresolver/.ChooserActivityLauncher t37}\n{\"context\":\"u:r:su:s0\",\"event\":\"start\",\"names\":[\"sh_text-saw_out\",\"sh_text-saw_in\"],\"uid\":0}\n{\"data\":\"\",\"event\":\"connect\",\"name\":\"sh_text-saw_in\",\"peerContext\":\"u:r:untrusted_app_27:s0:c210,c256,c512,c768\",\"peerPid\":12034,\"peerUid\":10210,\"t\":1790877476542}\n{\"data\":\"\",\"event\":\"connect\",\"name\":\"sh_text-saw_out\",\"peerContext\":\"u:r:untrusted_app_27:s0:c210,c256,c512,c768\",\"peerPid\":12034,\"peerUid\":10210,\"t\":1790877476541}\n10-01 17:57:57.321  6013  7383 D PermissionCache: checking android.permission.INTERNAL_SYSTEM_WINDOW for uid=10106 => denied (24 us)\n10-01 17:57:57.326 12231 12231 D ChooserActivity: app target loading time 552 ms\n10-01 17:57:57.390 12231 12231 D ChooserActivity: onShortcutsLoaded for user: UserHandle{0}\n10-01 17:57:57.390 12231 12231 D ChooserActivity: stat to first shortcut time: 596 ms\n10-01 17:57:57.402  6013  6033 I ActivityTaskManager: Displayed com.android.intentresolver/.ChooserActivityLauncher for user 0: +794ms\n10-01 17:57:57.408  6013  6033 V WindowManager: Sent Transition (#69) createdAt=10-01 17:57:56.550 via request=TransitionRequestInfo { type = OPEN, triggerTask = TaskInfo{userId=0 taskId=37 displayId=0 isRunning=true baseIntent=Intent { act=android.intent.action.CHOOSER flg=0x10800000 cmp=com.android.intentresolver/.ChooserActivityLauncher } baseActivity=ComponentInfo{com.android.intentresolver/com.android.intentresolver.ChooserActivity} topActivity=ComponentInfo{com.android.intentresolver/com.android.intentresolver.ChooserActivity} origActivity=ComponentInfo{com.android.intentresolver/com.android.intentresolver.ChooserActivityLauncher} realActivity=ComponentInfo{com.android.intentresolver/com.android.intentresolver.ChooserActivity} numActivities=1 lastActiveTime=825982 supportsMultiWindow=true resizeMode=1 isResizeable=true minWidth=-1 minHeight=-1 defaultMinSize=220 token=WCT{RemoteToken{356b673 Task{a8bdbe9 #37 type=standard A=10106:com.android.intentresolver}}} topActivityType=1 pictureInPictureParams=null shouldDockBigOverlays=false launchIntoPipHostTaskId=-1 lastParentTaskIdBeforePip=-1 displayCutoutSafeInsets=null topActivityInfo=ActivityInfo{774e930 com.android.intentresolver.ChooserActivityLauncher} launchCookies=[] positionInParent=Point(0, 0) parentTaskId=-1 isFocused=false isVisible=false isVisibleRequested=false isSleeping=false locusId=null displayAreaFeatureId=1 isTopActivityTransparent=true appCompatTaskInfo=AppCompatTaskInfo { topActivityInSizeCompat=false topActivityEligibleForLetterboxEducation= falseisLetterboxEducationEnabled= true isLetterboxDoubleTapEnabled= false topActivityEligibleForUserAspectRatioButton= false topActivityBoundsLetterboxed= false isFromLetterboxDoubleTap= false topActivityLetterboxVerticalPosition= -1 topActivityLetterboxHorizontalPosition= -1 topActivityLetterboxWidth=320 topActivityLetterboxHeight=640 isUserFullscreenOverrideEnabled=false isSystemFullscreenOverrideEnabled=false cameraCompatTaskInfo=CameraCompatTaskInfo { cameraCompatControlState=hidden freeformCameraCompatMode=inactive}}}, pipTask = null, remoteTransition = null, displayChange = null, flags = 0, debugId = 69 }\n10-01 17:57:57.666 12231 12231 D ChooserActivity: onAppTargetsLoaded(listAdapter.userHandle=UserHandle{0})\n10-01 17:58:04.810  7273  9321 W libc    : Access denied finding property \"persist.adb.tls_server.enable\"\n10-01 17:58:04.810  7273  9321 W libc    : Access denied finding property \"service.adb.tls.port\"\n10-01 17:58:04.808  7273  7273 W binder:7273_B: type=1400 audit(0.0:550): avc:  denied  { read } for  name=\"u:object_r:system_adbd_prop:s0\" dev=\"tmpfs\" ino=318 scontext=u:r:gmscore_app:s0:c512,c768 tcontext=u:object_r:system_adbd_prop:s0 tclass=file permissive=0 app=com.google.android.gms\n10-01 17:58:04.808  7273  7273 W binder:7273_B: type=1400 audit(0.0:551): avc:  denied  { read } for  name=\"u:object_r:adbd_prop:s0\" dev=\"tmpfs\" ino=63 scontext=u:r:gmscore_app:s0:c512,c768 tcontext=u:object_r:adbd_prop:s0 tclass=file permissive=0 app=com.google.android.gms\n10-01 17:58:06.575  6013  6104 D ActivityManager: freezing 12034 com.webui.termux.api"}
Failed to write while dumping service activity: Broken pipe
{"check":"share-file-saw","result":"topResumedActivity=ActivityRecord{8da4aa1 u0 com.android.intentresolver/.ChooserActivityLauncher t38}\n{\"context\":\"u:r:su:s0\",\"event\":\"start\",\"names\":[\"sh_file-saw_out\",\"sh_file-saw_in\"],\"uid\":0}\n{\"data\":\"\",\"event\":\"connect\",\"name\":\"sh_file-saw_out\",\"peerContext\":\"u:r:untrusted_app_27:s0:c210,c256,c512,c768\",\"peerPid\":12034,\"peerUid\":10210,\"t\":1790877492044}\n10-01 17:58:12.160 12231 12231 D ChooserActivity: getDisplayResolveInfoCount() == 0\n10-01 17:58:12.160 12231 12231 I ResolverListAdapter: Add DisplayResolveInfo component: ComponentInfo{com.google.android.apps.docs/com.google.android.apps.docs.common.shareitem.UploadMenuActivity}, intent component: ComponentInfo{com.google.android.apps.docs/com.google.android.apps.docs.common.shareitem.UploadMenuActivity}\n10-01 17:58:12.160 12231 12231 I ResolverListAdapter: Add DisplayResolveInfo component: ComponentInfo{com.google.android.apps.messaging/com.google.android.apps.messaging.ui.conversationlist.ShareIntentActivity}, intent component: ComponentInfo{com.google.android.apps.messaging/com.google.android.apps.messaging.ui.conversationlist.ShareIntentActivity}\n10-01 17:58:12.168  6013  7383 D CoreBackPreview: Window{e5a1e11 u0 com.android.intentresolver/com.android.intentresolver.ChooserActivityLauncher}: Setting back callback OnBackInvokedCallbackInfo{mCallback=android.window.IOnBackInvokedCallback$Stub$Proxy@5aaa577, mPriority=0, mIsAnimationCallback=false}\n10-01 17:58:12.619 12231 12231 D ChooserActivity: onListRebuilt(listAdapter.userHandle=UserHandle{0}, rebuildComplete=true)\n10-01 17:58:12.622 12231 12231 D ChooserActivity: app target loading time 540 ms\n10-01 17:58:12.629  6013  6033 I ActivityTaskManager: Displayed com.android.intentresolver/.ChooserActivityLauncher for user 0: +574ms\n10-01 17:58:12.630  6013  6033 V WindowManager: Sent Transition (#71) createdAt=10-01 17:58:12.048 via request=TransitionRequestInfo { type = OPEN, triggerTask = TaskInfo{userId=0 taskId=38 displayId=0 isRunning=true baseIntent=Intent { act=android.intent.action.CHOOSER flg=0x10800000 cmp=com.android.intentresolver/.ChooserActivityLauncher } baseActivity=ComponentInfo{com.android.intentresolver/com.android.intentresolver.ChooserActivity} topActivity=ComponentInfo{com.android.intentresolver/com.android.intentresolver.ChooserActivity} origActivity=ComponentInfo{com.android.intentresolver/com.android.intentresolver.ChooserActivityLauncher} realActivity=ComponentInfo{com.android.intentresolver/com.android.intentresolver.ChooserActivity} numActivities=1 lastActiveTime=841473 supportsMultiWindow=true resizeMode=1 isResizeable=true minWidth=-1 minHeight=-1 defaultMinSize=220 token=WCT{RemoteToken{efacc6f Task{13504c6 #38 type=standard A=10106:com.android.intentresolver}}} topActivityType=1 pictureInPictureParams=null shouldDockBigOverlays=false launchIntoPipHostTaskId=-1 lastParentTaskIdBeforePip=-1 displayCutoutSafeInsets=null topActivityInfo=ActivityInfo{7ed0d7c com.android.intentresolver.ChooserActivityLauncher} launchCookies=[] positionInParent=Point(0, 0) parentTaskId=-1 isFocused=false isVisible=false isVisibleRequested=false isSleeping=false locusId=null displayAreaFeatureId=1 isTopActivityTransparent=true appCompatTaskInfo=AppCompatTaskInfo { topActivityInSizeCompat=false topActivityEligibleForLetterboxEducation= falseisLetterboxEducationEnabled= true isLetterboxDoubleTapEnabled= false topActivityEligibleForUserAspectRatioButton= false topActivityBoundsLetterboxed= false isFromLetterboxDoubleTap= false topActivityLetterboxVerticalPosition= -1 topActivityLetterboxHorizontalPosition= -1 topActivityLetterboxWidth=320 topActivityLetterboxHeight=640 isUserFullscreenOverrideEnabled=false isSystemFullscreenOverrideEnabled=false cameraCompatTaskInfo=CameraCompatTaskInfo { cameraCompatControlState=hidden freeformCameraCompatMode=inactive}}}, pipTask = null, remoteTransition = null, displayChange = null, flags = 0, debugId = 71 }\n10-01 17:58:12.650 12231 12231 D ChooserActivity: onAppTargetsLoaded(listAdapter.userHandle=UserHandle{0})\n10-01 17:58:12.650 12231 12231 D ChooserActivity: onShortcutsLoaded for user: UserHandle{0}\n10-01 17:58:12.650 12231 12231 D ChooserActivity: stat to first shortcut time: 502 ms\n10-01 17:58:22.123  6013  6104 D ActivityManager: freezing 12034 com.webui.termux.api"}
app uid: 10210
SELinux: Loaded file context from:
		/system/etc/selinux/plat_file_contexts
		/system_ext/etc/selinux/system_ext_file_contexts
		/vendor/etc/selinux/vendor_file_contexts
{"check":"media-before","result":"-rw-rw---- 1 10206 1023 u:object_r:media_rw_data_file:s0  4 2026-10-01 17:58 dl-scan-app.txt\n-rw-rw---- 1 10206 1023 u:object_r:media_rw_data_file:s0  6 2026-10-01 17:58 dl-scan-bcast.txt\n-rw-rw---- 1 10206 1023 u:object_r:media_rw_data_file:s0  5 2026-10-01 17:58 dl-scan-fuse.txt\n-rw-rw---- 1 10206 1023 u:object_r:media_rw_data_file:s0  5 2026-10-01 17:58 dl-scan-none.txt\n-- mediastore:\nNo result found."}
{"check":"media-scan-app","result":"{\"context\":\"u:r:su:s0\",\"event\":\"start\",\"names\":[\"ms_out\",\"ms_in\"],\"uid\":0}\n{\"data\":\"Finished scanning 1 file(s)\\n\",\"event\":\"connect\",\"name\":\"ms_out\",\"peerContext\":\"u:r:untrusted_app_27:s0:c210,c256,c512,c768\",\"peerPid\":12034,\"peerUid\":10210,\"t\":1790877511658}\n10-01 17:58:31.645  6013  6049 D ActivityManager: sync unfroze 12034 com.webui.termux.api for 3\n10-01 17:58:31.673  6805  6822 W MediaProvider: isAppCloneUserPair for user 0: false\n10-01 17:58:31.678 12034 12416 D MediaScannerConnection: Scanned /storage/emulated/0/Download/dl-scan-app.txt to content://media/external_primary/file/1000000018\n10-01 17:58:31.678 12034 12416 I TermuxAPI.MediaScannerAPI: '/storage/emulated/0/Download/dl-scan-app.txt' -> 'content://media/external_primary/file/1000000018'\n-- mediastore:\nRow: 0 _id=1000000018, _data=/storage/emulated/0/Download/dl-scan-app.txt, mime_type=text/plain, owner_package_name=NULL"}
{"check":"media-scan-bcast","result":"Broadcasting: Intent { act=android.intent.action.MEDIA_SCANNER_SCAN_FILE dat=file:///... flg=0x400000 }\nBroadcast completed: result=0\n10-01 17:58:40.741  6013  7205 I ActivityManager: Broadcasting: Intent { act=android.intent.action.MEDIA_SCANNER_SCAN_FILE dat=file:///... flg=0x400000 }\n10-01 17:58:40.742  6013  7205 I ActivityManager: Enqueued broadcast Intent { act=android.intent.action.MEDIA_SCANNER_SCAN_FILE dat=file:///... flg=0x400000 }: 0\n10-01 17:58:40.747  6805  7144 I MediaProvider: Begin Intent { act=android.intent.action.MEDIA_SCANNER_SCAN_FILE dat=file:///... flg=0x1400010 cmp=com.google.android.providers.media.module/com.android.providers.media.MediaService }\n10-01 17:58:40.750  6805  7144 W MediaProvider: isAppCloneUserPair for user 0: false\n10-01 17:58:40.752  6805  7144 I MediaProvider: End Intent { act=android.intent.action.MEDIA_SCANNER_SCAN_FILE dat=file:///... flg=0x1400010 cmp=com.google.android.providers.media.module/com.android.providers.media.MediaService }\n-- mediastore:\nRow: 0 _id=1000000018, _data=/storage/emulated/0/Download/dl-scan-app.txt, mime_type=text/plain, owner_package_name=NULL\nRow: 1 _id=1000000019, _data=/storage/emulated/0/Download/dl-scan-bcast.txt, mime_type=text/plain, owner_package_name=NULL"}
