yes: standard output: Broken pipe
Auto-selecting single ABI x86_64
Do you wish to create a custom hardware profile? [no] lab.avd
lab.ini
emulator Android emulator version 37.1.11.0 (build_id 15917651) (CL:N/A)
* daemon not running; starting now at tcp:5037
* daemon started successfully
booted in 66s: google/sdk_gphone64_x86_64/emu64xa:15/AE3A.240806.043/12960925:userdebug/dev-keys
kernel 6.6.50-android15-8-g8adecb593e9b-ab12525588 -> kmi android15-6.6; tiann/KernelSU v3.3.0
total 16428
drwx------  2 runner runner     4096 Oct  1 08:49 .
drwxrwxrwt 16 root   root       4096 Oct  1 08:49 ..
-rw-r--r--  1 runner runner 10777987 Oct  1 08:49 KernelSU_v3.3.0_32601-release.apk
-rw-r--r--  1 runner runner  5713312 Oct  1 08:49 ksud-x86_64-linux-android
-rw-r--r--  1 runner runner   318824 Oct  1 08:49 lkm-x86_64-android15-6.6_kernelsu.ko
== manager installed (me.weishu.kernelsu)
/tmp/tmp.4WsHfN9JBu/lkm-x86_64-android15-6.6_kernelsu.ko: 1 file pushed, 0 skipped. 7.4 MB/s (318824 bytes in 0.041s)
/tmp/tmp.4WsHfN9JBu/ksud-x86_64-linux-android: 1 file pushed, 0 skipped. 50.6 MB/s (5713312 bytes in 0.108s)
== ksud: ksud 3.3.0 (uapi: 2)
== ksud late-load: rc=0
== ksud insmod /data/adb/kernelsu.ko: Error: load module failed: /data/adb/kernelsu.ko

Caused by:
    0: init_module failed without vermagic mismatch
    1: File exists (os error 17)
rc=1
kernelsu              159744  0 
== lsmod: kernelsu              159744  1 
KernelSU_v3.3.0_32601-release.apk
ksud-aarch64-apple-darwin
ksud-aarch64-linux-android
ksud-aarch64-unknown-linux-musl
ksud-x86_64-apple-darwin
ksud-x86_64-linux-android
ksud-x86_64-pc-windows-gnu.exe
ksud-x86_64-unknown-linux-musl
ksuinit-aarch64
ksuinit-x86_64
lkm-aarch64-android12-5.10_kernelsu.ko
lkm-aarch64-android13-5.10_kernelsu.ko
lkm-aarch64-android13-5.15_kernelsu.ko
lkm-aarch64-android14-5.15_kernelsu.ko
lkm-aarch64-android14-6.1_kernelsu.ko
lkm-aarch64-android15-6.6_kernelsu.ko
lkm-aarch64-android16-6.12_kernelsu.ko
lkm-aarch64-android17-6.18_kernelsu.ko
lkm-x86_64-android12-5.10_kernelsu.ko
lkm-x86_64-android13-5.10_kernelsu.ko
lkm-x86_64-android13-5.15_kernelsu.ko
lkm-x86_64-android14-5.15_kernelsu.ko
lkm-x86_64-android14-6.1_kernelsu.ko
lkm-x86_64-android15-6.6_kernelsu.ko
lkm-x86_64-android16-6.12_kernelsu.ko
lkm-x86_64-android17-6.18_kernelsu.ko
== no metamodule asset in tiann/KernelSU v3.3.0
/home/runner/work/devicelab/devicelab/modules/probe/./: 2 files pushed, 0 skipped. 0.0 MB/s (1474 bytes in 0.131s)
== modules: [
  {
    "versionCode": "1",
    "remove": "false",
    "mount": "false",
    "web": "true",
    "version": "1",
    "update": "false",
    "action": "false",
    "author": "p0g-stack",
    "name": "devicelab probe",
    "enabled": "true",
    "id": "devicelab_probe",
    "description": "Observation module for devicelab. Its WebUI page is driven over DevTools."
  }
]
SELinux: Loaded file context from:
		/system/etc/selinux/plat_file_contexts
		/system_ext/etc/selinux/system_ext_file_contexts
		/vendor/etc/selinux/vendor_file_contexts
ERROR: null root node returned by UiTestAutomationBridge.
cat: /data/local/tmp/ui.xml: No such file or directory
== home text: 
== manager activities: me.weishu.kernelsu/.magica.BootCompletedReceiver me.weishu.kernelsu/.ui.MainActivity me.weishu.kernelsu/androidx.core.content.FileProvider me.weishu.kernelsu/androidx.profileinstaller.ProfileInstallReceiver me.weishu.kernelsu/androidx.startup.InitializationProvider 
WebUI-X-v438-release-official.apk
WebUI-X-v438-release-spoofed.apk
== downloaded MMRLApp/WebUI-X-Portable v438 WebUI-X-v438-release-official.apk
Success
== installed com.dergoogler.mmrl.wx uid=10210     versionName=v438-release
== activities: com.dergoogler.mmrl.wx/.ui.activity.CrashHandlerActivity com.dergoogler.mmrl.wx/.ui.activity.MainActivity com.dergoogler.mmrl.wx/.ui.activity.modconf.ModConfActivity com.dergoogler.mmrl.wx/.ui.activity.webui.KsuWebUIActivity com.dergoogler.mmrl.wx/.ui.activity.webui.WebUIActivity com.dergoogler.mmrl.wx/.util.NonRootService com.dergoogler.mmrl.wx/androidx.core.content.FileProvider com.dergoogler.mmrl.wx/androidx.profileinstaller.ProfileInstallReceiver com.dergoogler.mmrl.wx/androidx.startup.InitializationProvider com.dergoogler.mmrl.wx/androidx.work.impl.background.systemalarm.ConstraintProxy com.dergoogler.mmrl.wx/androidx.work.impl.background.systemalarm.ConstraintProxyUpdateReceiver com.dergoogler.mmrl.wx/androidx.work.impl.background.systemalarm.RescheduleReceiver com.dergoogler.mmrl.wx/androidx.work.impl.diagnostics.DiagnosticsReceiver 
ui: tapped 'Superuser' at 120,584
ui: tapped 160,152
ui: tapped 'com.dergoogler.mmrl.wx' at 160,130
[12,230][308,290] Superuser
[243,236][292,284] 
[12,302][308,358] App Profile | Default
[12,26][60,74] 
[260,26][308,74] Settings
ui: tapped switch 1 ('', was checked=false)
== ksud feature list: Available Features: ================================================================================ [ENABLED (1)] su_compat (ID=0)     SU Compatibility Mode - allows authorized apps to gain root via traditional 'su' command  [ENABLED (1)] kernel_umount (ID=1)     Kernel Umount - controls whether kernel automatically unmounts modules when not needed  [DISABLED] sulog (ID=2)     SU Log - streams kernel sulog events to userspace and persists them to disk  [DISABLED] adb_root (ID=3)     ADB Root - Enable adbd root  [DISABLED] selinux_hide (ID=4)     SELinux Hide - sanitize /sys/fs/selinux access results for app UIDs  [DISABLED] webview_zygote_umount (ID=5)     WebView Zygote Umount - unmount modules from WebView zygote and its isolated children  
== su_compat: Feature: su_compat (0) Description: SU Compatibility Mode - allows authorized apps to gain root via traditional 'su' command Value: 1 Status: enabled 
== root grant: ui; su as app uid 10210: su: failed to exec /system/bin/su: No such file or directory
ui: tapped 'KernelSU' at 160,265
[40,165][280,221] Magisk
[40,309][280,389] KernelSU Next
[40,405][280,461] APatch
[40,477][280,557] SukiSU Ultra
[40,573][280,629] Non-Root
[40,644][280,692] Continue with KernelSU
ui: tapped 'Continue with KernelSU' at 160,668
[16,104][304,330] devicelab probe | 1 (1) by p0g-stack | Updated on 1 October 2026 | Observation module for devicelab. Its WebUI page is d
[32,274][90,322] 
[153,274][288,322] Add Shortcut
[220,32][268,80] 
[268,32][316,80] 
[164,796][320,876] Settings
ui: no node with 'Continue with KernelSU'
ui: no node with 'Next'
ui: no node with 'Continue'
ui: no node with 'Grant'
ui: no node with 'Allow'
ui: no node with 'Get started'
ui: no node with 'Done'
ui: no node with 'OK'
ui: no node with 'Finish'
[16,104][304,330] devicelab probe | 1 (1) by p0g-stack | Updated on 1 October 2026 | Observation module for devicelab. Its WebUI page is d
[32,274][90,322] 
[153,274][288,322] Add Shortcut
[220,32][268,80] 
[268,32][316,80] 
[164,796][320,876] Settings
ui: no node with 'Continue with KernelSU'
ui: no node with 'Next'
ui: no node with 'Continue'
ui: no node with 'Grant'
ui: no node with 'Allow'
ui: no node with 'Get started'
ui: no node with 'Done'
ui: no node with 'OK'
ui: no node with 'Finish'
[16,104][304,330] devicelab probe | 1 (1) by p0g-stack | Updated on 1 October 2026 | Observation module for devicelab. Its WebUI page is d
[32,274][90,322] 
[153,274][288,322] Add Shortcut
[220,32][268,80] 
[268,32][316,80] 
[164,796][320,876] Settings
== WebUI X platform after onboarding: preferences.pb 
== devtools sockets: @webview_devtools_remote_1686 
inputs/modules/flutter_webui_counter-0.1.3.zip: 1 file pushed, 0 skipped. 235.8 MB/s (21434445 bytes in 0.087s)
== install flutter_webui_counter-0.1.3.zip
  inflating: webroot/fonts/notocoloremoji/v32/Yq6P-KqIXTD0t4D9z1ESnKM3-HpFabsE4tq3luCC7p-aXxcn.3.woff2
  inflating: webroot/fonts/notocoloremoji/v32/Yq6P-KqIXTD0t4D9z1ESnKM3-HpFabsE4tq3luCC7p-aXxcn.8.woff2
  inflating: webroot/fonts/notocoloremoji/v32/Yq6P-KqIXTD0t4D9z1ESnKM3-HpFabsE4tq3luCC7p-aXxcn.2.woff2
   creating: webroot/fonts/notosansmath/
   creating: webroot/fonts/notosansmath/v15/
  inflating: webroot/fonts/notosansmath/v15/7Aump_cpkSecTWaHRlH2hyV5UHkD-V048PW0.woff2
   creating: webroot/fonts/roboto/
   creating: webroot/fonts/roboto/v32/
  inflating: webroot/fonts/roboto/v32/KFOmCnqEu92Fr1Me4GZLCzYlKw.woff2
  inflating: webroot/.last_build_id
  inflating: webroot/config.json
  inflating: webroot/flutter_webui.js
  inflating: customize.sh
- Done
- Module installed successfully!
inputs/modules/counter-v1.0.0.zip: 1 file pushed, 0 skipped. 277.0 MB/s (6582359 bytes in 0.023s)
== install counter-v1.0.0.zip
  inflating: webroot/canvaskit/chromium/canvaskit.wasm
  inflating: webroot/config.json
  inflating: webroot/favicon.png
  inflating: webroot/flutter.js
  inflating: webroot/flutter_bootstrap.js
  inflating: webroot/icons/Icon-192.png
  inflating: webroot/icons/Icon-512.png
  inflating: webroot/icons/Icon-maskable-192.png
  inflating: webroot/icons/Icon-maskable-512.png
  inflating: webroot/index.html
  inflating: webroot/main.dart.js
  inflating: webroot/manifest.json
  inflating: webroot/version.json
- Done
- Module installed successfully!
inputs/modules/demo-v0.1.0.zip: 1 file pushed, 0 skipped. 243.2 MB/s (24297061 bytes in 0.095s)
== install demo-v0.1.0.zip
  inflating: webroot/icons/Icon-512.png
  inflating: webroot/icons/Icon-maskable-192.png
  inflating: webroot/icons/Icon-maskable-512.png
  inflating: webroot/index.html
  inflating: webroot/main.dart.js
  inflating: webroot/manifest.json
  inflating: webroot/pkg/.gitignore
  inflating: webroot/pkg/demo_native.js
  inflating: webroot/pkg/demo_native_bg.wasm
  inflating: webroot/pkg/package.json
  inflating: webroot/version.json
  inflating: webroot/workers/demo_service.web.g.dart.js
  inflating: webroot/workers/hello_service.web.g.dart.js
- Done
- Module installed successfully!
== soft-reboot: 
== after soft-reboot (68s): [
  {
    "web": "true",
    "action": "false",
    "mount": "false",
    "id": "devicelab_probe",
    "name": "devicelab probe",
    "enabled": "true",
    "remove": "false",
    "author": "p0g-stack",
    "versionCode": "1",
    "update": "false",
    "version": "1",
    "description": "Observation module for devicelab. Its WebUI page is driven over DevTools."
  },
  {
    "id": "flutter_webui_counter",
    "update": "false",
    "version": "0.1.3",
    "remove": "false",
    "name": "flutter-webui Counter",
    "enabled": "true",
    "author": "p0g-stack",
    "web": "true",
    "mount": "false",
    "versionCode": "4",
    "action": "false",
    "description": "Stock Flutter counter app on flutter-webui (devicelab bring-up build)."
  },
  {
    "enabled": "true",
    "id": "counter",
    "version": "v1.0.0",
    "versionCode": "1",
    "update": "false",
    "remove": "false",
    "web": "true",
    "action": "false",
    "mount": "false",
    "author": "Yuv",
    "description": "A new Flutter project.",
    "name": "Counter"
  },
  {
    "name": "Demo",
    "versionCode": "1",
    "update": "false",
    "action": "false",
    "mount": "false",
    "remove": "false",
    "author": "",
    "description": "The demo GUI. Flutter on top of the core.",
    "version": "v0.1.0",
    "web": "true",
    "id": "demo",
    "enabled": "true"
  }
]
total 48
drwxrwxrwx 6 root root 4096 2026-10-01 08:55 .
drwx------ 6 root root 4096 2026-10-01 08:55 ..
drwxr-xr-x 3 root root 4096 2026-10-01 08:55 counter
drwxr-xr-x 5 root root 4096 2026-10-01 08:55 demo
drwxr-xr-x 3 root root 4096 2026-10-01 08:49 devicelab_probe
drwxr-xr-x 4 root root 4096 2026-10-01 08:55 flutter_webui_counter
/home/runner/work/devicelab/devicelab/out/labserver: 1 file pushed, 0 skipped. 53.2 MB/s (7843260 bytes in 0.141s)
Starting: Intent { cmp=com.dergoogler.mmrl.wx/.ui.activity.webui.WebUIActivity (has extras) }
Status: ok
Activity: com.dergoogler.mmrl.wx/.ui.activity.webui.WebUIActivity




https://mui.kernelsu.org/index.html
opened: intent
{"check":"targets","result":[{"socket": "webview_devtools_remote_9333", "type": "page", "url": "https://mui.kernelsu.org/index.html", "title": "devicelab probe"}]}
{"check":"globals","result":{"url":"https://mui.kernelsu.org/index.html","socket":"webview_devtools_remote_9333","value":{"ua":"WebUI X/438 (Linux; Android 15; sdk_gphone64_x86_64; KernelSU/32601)","origin":"https://mui.kernelsu.org","href":"https://mui.kernelsu.org/index.html","globals":["$DeFile","$DeFileInputStream","$DeFileOutputStream","$devicelab_probe","$intent","$packageManager","$userManager","ksu","webui"],"ksu":["exec","execBool","fullScreen","mmrl","moduleInfo","spawn","toast","exec","execBool","fullScreen","mmrl","moduleInfo","spawn","toast"]}}}
{"check":"ksu-exec","result":{"url":"https://mui.kernelsu.org/index.html","socket":"webview_devtools_remote_9333","value":{"code":0,"out":"uid=0(root) gid=0(root) groups=0(root) context=u:r:ksu:s0\nu:r:ksu:s0\u0000","err":""}}}
{"check":"ws-loopback","result":{"url":"https://mui.kernelsu.org/index.html","socket":"webview_devtools_remote_9333","value":{"got":["{\"origin\":\"https://mui.kernelsu.org\",\"peerUid\":10210,\"remote\":\"127.0.0.1:56540\",\"serverUid\":0,\"t\":1790845005124,\"uidSource\":\"/proc/net/tcp\"}","hi"],"ms":120}}}
{"check":"fetch-loopback","result":{"url":"https://mui.kernelsu.org/index.html","socket":"webview_devtools_remote_9333","value":{"origin":"https://mui.kernelsu.org","peerUid":10210,"remote":"127.0.0.1:56542","serverUid":0,"t":1790845005742,"uidSource":"/proc/net/tcp"}}}
{"check":"webview-uid","result":["webview_zygote 1053 webview_zygote", "u0_a210      10210 com.dergoogler.mmrl.wx", "root             0 com.dergoogler.mmrl.wx:root:0", "root             0 com.dergoogler.mmrl.wx:root:0", "u0_a151      10151 com.google.android.webview:webview_service", "u0_i9000     99000 com.google.android.webview:sandboxed_process0:org.chromium.content.app.SandboxedProcessService0:0"]}
{"check":"while-home-heartbeat","result":{"url":"https://mui.kernelsu.org/index.html","socket":"webview_devtools_remote_9333","value":{"now":17038,"vis":"hidden"}}}
{"check":"lifecycle","result":{"url":"https://mui.kernelsu.org/index.html","socket":"webview_devtools_remote_9333","value":{"events":[{"type":"pageshow","t":2785,"vis":"visible"},{"type":"visibilitychange","t":10556,"vis":"hidden"}],"gaps":[],"slow":{"heldMs":3000,"sentAt":1790845009511,"resolvedAt":1790845009524,"vis":"hidden"}}}}
{"check":"dev-url","result":{"error":"no page target","sockets":["webview_devtools_remote_9333"],"targets":[{"socket":"webview_devtools_remote_9333","port":9300,"description":"{\"attached\":true,\"empty\":false,\"height\":640,\"never_attached\":false,\"screenX\":0,\"screenY\":0,\"visible\":false,\"width\":320}","devtoolsFrontendUrl":"https://chrome-devtools-frontend.appspot.com/serve_internal_file/@7741f71cbce3b7dfe3eb5890976d2596364b0733/inspector.html?ws=127.0.0.1:9300/devtools/page/04D47DF05B7A9C89FF54C26CCA3C3AFD","id":"04D47DF05B7A9C89FF54C26CCA3C3AFD","title":"devicelab probe","type":"page","url":"https://mui.kernelsu.org/index.html","webSocketDebuggerUrl":"ws://127.0.0.1:9300/devtools/page/04D47DF05B7A9C89FF54C26CCA3C3AFD"}]}}
Starting: Intent { cmp=com.dergoogler.mmrl.wx/.ui.activity.webui.WebUIActivity (has extras) }
Status: ok
Activity: com.dergoogler.mmrl.wx/.ui.activity.webui.WebUIActivity



https://mui.kernelsu.org/index.html
opened: intent
{"check":"targets","result":[{"type": "page", "url": "https://mui.kernelsu.org/index.html", "title": "Flutter Demo"}]}
{"check":"page","result":{"url":"https://mui.kernelsu.org/index.html","socket":"webview_devtools_remote_10331","value":{"href":"https://mui.kernelsu.org/index.html","title":"Flutter Demo","ready":"complete","flutter":true,"glass":true,"nav":{"dcl":1178,"load":4533},"paint":{"first-paint":3180,"first-contentful-paint":9547},"glassAt":"present","firstFrame":null,"insets":"24px","vv":[320,640,1]}}}
{"check":"java-exceptions","result":["10-01 08:57:18.533 10331 10331 E JavaScriptInterfaceImplementation.createNewWX(...): \tat com.dergoogler.mmrl.wx.ui.activity.webui.WebUIActivity.init$lambda$4$lambda$3$lambda$2(WebUIActivity.kt:219)", "10-01 08:57:18.533 10331 10331 E JavaScriptInterfaceImplementation.createNewWX(...): \tat com.dergoogler.mmrl.wx.ui.activity.webui.WebUIActivity.$r8$lambda$_nZAC8A9f41jkM28VFfiLo2SZbA(Unknown Source:0)", "10-01 08:57:18.533 10331 10331 E JavaScriptInterfaceImplementation.createNewWX(...): \tat com.dergoogler.mmrl.wx.ui.activity.webui.WebUIActivity$$ExternalSyntheticLambda2.invoke(D8$$SyntheticClass:0)", "10-01 08:57:18.533 10331 10331 E JavaScriptInterfaceImplementation.createNewWX(...): \tat com.dergoogler.mmrl.hybridwebui.HybridWebUI.setupDependencies(HybridWebUI.kt:106)", "10-01 08:57:18.533 10331 10331 E JavaScriptInterfaceImplementation.createNewWX(...): \tat com.dergoogler.mmrl.hybridwebui.HybridWebUI.onAttachedToWindow(HybridWebUI.kt:77)", "10-01 08:57:18.533 10331 10331 E JavaScriptInterfaceImplementation.createNewWX(...): \tat android.view.View.dispatchAttachedToWindow(View.java:22860)", "10-01 08:57:18.533 10331 10331 E JavaScriptInterfaceImplementation.createNewWX(...): \tat android.view.ViewGroup.dispatchAttachedToWindow(ViewGroup.java:3492)", "10-01 08:57:18.533 10331 10331 E JavaScriptInterfaceImplementation.createNewWX(...): \tat android.view.ViewGroup.dispatchAttachedToWindow(ViewGroup.java:3499)", "10-01 08:57:18.533 10331 10331 E JavaScriptInterfaceImplementation.createNewWX(...): \tat android.view.ViewGroup.dispatchAttachedToWindow(ViewGroup.java:3499)", "10-01 08:57:18.533 10331 10331 E JavaScriptInterfaceImplementation.createNewWX(...): \tat android.view.ViewGroup.dispatchAttachedToWindow(ViewGroup.java:3499)", "10-01 08:57:18.533 10331 10331 E JavaScriptInterfaceImplementation.createNewWX(...): \tat android.view.ViewGroup.dispatchAttachedToWindow(ViewGroup.java:3499)", "10-01 08:57:18.533 10331 10331 E JavaScriptInterfaceImplementation.createNewWX(...): \tat android.view.ViewGroup.dispatchAttachedToWindow(ViewGroup.java:3499)", "--", "10-01 08:57:25.875  7811  9975 W TapAndPay: java.lang.NullPointerException: NfcAdapter is null", "10-01 08:57:25.875  7811  9975 W TapAndPay: \tat android.nfc.cardemulation.CardEmulation.getInstance(CardEmulation.java:170)", "10-01 08:57:25.875  7811  9975 W TapAndPay: \tat dhwn.<init>(:com.google.android.gms@242335041@24.23.35 (190800-646585959):15)", "10-01 08:57:25.875  7811  9975 W TapAndPay: \tat com.google.android.gms.tapandpay.hce.task.TapAndPayAidRegistrationTaskOperation.a(:com.google.android.gms@242335041@24.23.35 (190800-646585959):50)", "10-01 08:57:25.875  7811  9975 W TapAndPay: \tat com.google.android.gms.tapandpay.gcmtask.TapAndPayGcmTaskChimeraService.a(:com.google.android.gms@242335041@24.23.35 (190800-646585959):32)", "10-01 08:57:25.875  7811  9975 W TapAndPay: \tat bpjj.call(:com.google.android.gms@242335041@24.23.35 (190800-646585959):32)", "10-01 08:57:25.875  7811  9975 W TapAndPay: \tat java.util.concurrent.FutureTask.run(FutureTask.java:264)", "10-01 08:57:25.875  7811  9975 W TapAndPay: \tat angs.c(:com.google.android.gms@242335041@24.23.35 (190800-646585959):50)", "10-01 08:57:25.875  7811  9975 W TapAndPay: \tat angs.run(:com.google.android.gms@242335041@24.23.35 (190800-646585959):76)", "10-01 08:57:25.875  7811  9975 W TapAndPay: \tat java.util.concurrent.ThreadPoolExecutor.runWorker(ThreadPoolExecutor.java:1145)", "10-01 08:57:25.875  7811  9975 W TapAndPay: \tat java.util.concurrent.ThreadPoolExecutor$Worker.run(ThreadPoolExecutor.java:644)", "10-01 08:57:25.875  7811  9975 W TapAndPay: \tat anmg.run(:com.google.android.gms@242335041@24.23.35 (190800-646585959):8)", "10-01 08:57:25.875  7811  9975 W TapAndPay: \tat java.lang.Thread.run(Thread.java:1012)", "--", "10-01 08:57:33.804  7811  7822 I ChimeraSrvcProxy: NullBinder for android.net.action.RECOMMEND_NETWORKS triggering remote TransactionTooLargeException due to Service without Chimera impl", "10-01 08:57:33.804  7811  7822 W .gms.persistent: Large reply transaction of 1056768 bytes, interface descriptor , code 1", "10-01 08:57:33.807 10100 10164 I BugleRcsEngine: Connected state: [1], networkType: [WIFI] [CONTEXT thread_id=60 ]", "10-01 08:57:33.807 10100 10201 I BugleRcsEngine: handleMessage processing message:[NOTIFY_UPTIME_IGNORE_STATE_CHANGED] with [non-null]:RcsEngineImpl reference [CONTEXT log_prefix=\"RcsEngineImpl[DUAL_REG]:[4617aa74-8961]>Handler\" thread_id=65 ]", "10-01 08:57:33.811  7336  7413 D OomAdjuster: Not killing cached processes", "10-01 08:57:34.206  7263  7286 I netd    : tetherGetStats() -> {[]} <0.49ms>", "10-01 08:57:35.055  7336  7436 D ActivityManager: freezing 8674 com.google.android.gms.unstable", "10-01 08:57:35.622  8300 10580 I GmscoreIpa: Starting mediastore instant index [CONTEXT service_id=255 ]", "10-01 08:57:35.988  7336  7374 W IPCThreadState: Sending oneway calls to frozen process.", "10-01 08:57:36.021  8300  8300 I NearbySharing: SharingTileService destroyed [CONTEXT service_id=194 ]", "10-01 08:57:36.034  7263  7286 I netd    : tetherGetStats() -> {[]} <0.46ms>", "10-01 08:57:36.406 10608 10608 W BpBinder: Linking to death on android.gui.ISurfaceComposer but there are no threads (yet?) listening to incoming transactions. See ProcessState::startThreadPool and ProcessState::setThreadPoolMaxThreadCount. Generally you should setup the binder threadpool before other initialization steps.", "10-01 08:57:36.406 10608 10608 W ProcessState: Extra binder thread started, but 0 threads requested. Do not use *startThreadPool when zero threads are requested."]}
{"check":"console-errors","result":["--------- beginning of main", "10-01 08:57:18.364 10449 10487 W chromium: [WARNING:runtime_features.cc(694)] SharedStorage for M118+ cannot be enabled in this configuration. Use --enable-features=SharedStorageAPI,SharedStorageAPIM118 in addition.", "10-01 08:57:19.366 10449 10487 I chromium: [INFO:viewport_data.cc(133)] E2E_Used ViewportFitCover", "10-01 08:57:19.914 10331 10331 I chromium: [INFO:CONSOLE(53)] \"Injecting <script> tag. Using callback.\", source:  (53)"]}
{"check":"first-frame-warm","result":{"url":"https://mui.kernelsu.org/index.html","socket":"webview_devtools_remote_10331","value":{"firstFrameMs":1151,"now":15058,"flutter":true,"resizes":[],"paint":{"first-paint":877,"first-contentful-paint":3577},"calls":[],"resources":[["/internal/insets.css",105,149,"link",0],["/flutter_webui.css",108,165,"link",0],["/flutter_webui.js",108,157,"script",0],["/flutter_bootstrap.js",108,171,"script",0],["/internal/assets/ext/require.js",108,152,"script",0],["/canvaskit/chromium/canvaskit.wasm",234,426,"fetch",0],["/canvaskit/chromium/canvaskit.js",235,270,"other",0],["/main.dart.js",236,357,"script",0],["/assets/FontManifest.json",829,888,"fetch",0],["/favicon.ico",837,842,"other",0],["/assets/fonts/MaterialIcons-Regular.otf",892,956,"fetch",0],["/assets/packages/cupertino_icons/assets/CupertinoIcons.ttf",893,933,"fetch",0],["/assets/fonts/fallback/Roboto-Regular.ttf",898,990,"fetch",0]],"fonts":[]}}}
{"check":"root-start","result":{"url":"https://mui.kernelsu.org/index.html","socket":"webview_devtools_remote_10331","value":{"code":0,"out":"","err":"","ms":161}}}
{"check":"session","result":{"url":"https://mui.kernelsu.org/index.html","socket":"webview_devtools_remote_10331","value":{"status":200,"ms":53,"protocol":1,"version":"0.1.0","port":39393,"pid":10662,"tokenLen":43}}}
{"check":"ws-hello","result":{"url":"https://mui.kernelsu.org/index.html","socket":"webview_devtools_remote_10331","value":{"first":"{\"op\":\"hello\",\"protocol\":1,\"version\":\"0.1.0\",\"pid\":10662,\"boot\":\"20f7b0dc-7e27-4880-aa16-d12cd21ea5f4\",\"uid\":0,\"moduleDir\":\"/data/adb/modules/flutter_webui_counter\"}"}}}
{"check":"channel-process","result":"USER           UID LABEL                            PID NAME                       \nroot             0 u:r:ksu:s0                     10662 ld-linux-x86-64.so.2\nexe=/data/adb/modules/flutter_webui_counter/flutter_webui/x86_64/ld-linux-x86-64.so.2\n/data/adb/modules/flutter_webui_counter/flutter_webui/x86_64/ld-linux-x86-64.so.2 --library-path /data/adb/modules/flutter_webui_counter/flutter_webui/x86_64 /data/adb/modules/flutter_webui_counter/flutter_webui/x86_64/dartaotruntime /data/adb/modules/flutter_webui_counter/flutter_webui/x86_64/flutter_webui_root.aot serve --module-dir /data/adb/modules/flutter_webui_counter \narm64-v8a\nroot\nx86_64\n/data/adb/modules/flutter_webui_counter/flutter_webui/arm64-v8a:\ndartaotruntime\nflutter_webui_root.aot\nld-linux-aarch64.so.1\nlibc.so.6\nlibdl.so.2\nlibm.so.6\nlibpthread.so.0\n\n/data/adb/modules/flutter_webui_counter/flutter_webui/x86_64:\ndartaotruntime\nflutter_webui_root.aot\nld-linux-x86-64.so.2\nlibc.so.6\nlibdl.so.2\nlibm.so.6\nlibpthread.so.0"}
{"check":"root-log","result":"2026-10-01T08:57:52.953082 listening on 127.0.0.1:39393"}
{"check":"session-mode","result":"total 44\ndrwx--x--x 3 root root 4096 2026-10-01 08:57 .\ndrwxr-xr-x 7 root root 4096 2026-10-01 08:57 ..\n-rw------- 1 root root    0 2026-10-01 08:57 lock\ndrwx------ 2 root root 4096 2026-10-01 08:57 proc\n-rw------- 1 root root   56 2026-10-01 08:57 root.log\n-rw-r--r-- 1 root root  197 2026-10-01 08:57 session.json"}
{"check":"home-resume","result":{"url":"https://mui.kernelsu.org/index.html","socket":"webview_devtools_remote_10331","value":{"events":[["visibilitychange","hidden",16643],["visibilitychange","visible",24801]],"ticks":11,"vis":"visible","hasFocus":false}}}
{"check":"back-events","result":{"url":"https://mui.kernelsu.org/index.html","socket":"webview_devtools_remote_10331","value":{"bk":[["message","{\"type\":\"WX_ON_BACK\"}",27915]],"vis":"visible"}}}
{"check":"back-at-root","result":"topResumedActivity=ActivityRecord{c999af2 u0 com.dergoogler.mmrl.wx/.ui.activity.webui.WebUIActivity t14}"}
Starting: Intent { cmp=com.dergoogler.mmrl.wx/.ui.activity.webui.WebUIActivity (has extras) }
Status: ok
Activity: com.dergoogler.mmrl.wx/.ui.activity.webui.WebUIActivity

https://mui.kernelsu.org/index.html
opened: intent
{"check":"targets","result":[{"type": "page", "url": "https://mui.kernelsu.org/index.html", "title": "Flutter Demo"}]}
{"check":"page","result":{"url":"https://mui.kernelsu.org/index.html","socket":"webview_devtools_remote_10784","value":{"href":"https://mui.kernelsu.org/index.html","title":"Flutter Demo","ready":"complete","flutter":true,"glass":true,"nav":{"dcl":425,"load":1144},"paint":{"first-paint":2979,"first-contentful-paint":2979},"glassAt":"present","firstFrame":null,"insets":"24px","vv":[320,640,1]}}}
{"check":"java-exceptions","result":["10-01 08:58:12.751 10784 10784 E JavaScriptInterfaceImplementation.createNewWX(...): \tat com.dergoogler.mmrl.webui.view.WebUIView.addJavascriptInterface(WebUIView.kt:267)", "10-01 08:58:12.751 10784 10784 E JavaScriptInterfaceImplementation.createNewWX(...): \tat com.dergoogler.mmrl.wx.ui.activity.webui.WebUIActivity.init$lambda$4$lambda$3$lambda$2(WebUIActivity.kt:219)", "10-01 08:58:12.751 10784 10784 E JavaScriptInterfaceImplementation.createNewWX(...): \tat com.dergoogler.mmrl.wx.ui.activity.webui.WebUIActivity.$r8$lambda$_nZAC8A9f41jkM28VFfiLo2SZbA(Unknown Source:0)", "10-01 08:58:12.751 10784 10784 E JavaScriptInterfaceImplementation.createNewWX(...): \tat com.dergoogler.mmrl.wx.ui.activity.webui.WebUIActivity$$ExternalSyntheticLambda2.invoke(D8$$SyntheticClass:0)", "10-01 08:58:12.751 10784 10784 E JavaScriptInterfaceImplementation.createNewWX(...): \tat com.dergoogler.mmrl.hybridwebui.HybridWebUI.setupDependencies(HybridWebUI.kt:106)", "10-01 08:58:12.751 10784 10784 E JavaScriptInterfaceImplementation.createNewWX(...): \tat com.dergoogler.mmrl.hybridwebui.HybridWebUI.onAttachedToWindow(HybridWebUI.kt:77)", "10-01 08:58:12.751 10784 10784 E JavaScriptInterfaceImplementation.createNewWX(...): \tat android.view.View.dispatchAttachedToWindow(View.java:22860)", "10-01 08:58:12.751 10784 10784 E JavaScriptInterfaceImplementation.createNewWX(...): \tat android.view.ViewGroup.dispatchAttachedToWindow(ViewGroup.java:3492)", "10-01 08:58:12.751 10784 10784 E JavaScriptInterfaceImplementation.createNewWX(...): \tat android.view.ViewGroup.dispatchAttachedToWindow(ViewGroup.java:3499)", "10-01 08:58:12.751 10784 10784 E JavaScriptInterfaceImplementation.createNewWX(...): \tat android.view.ViewGroup.dispatchAttachedToWindow(ViewGroup.java:3499)", "10-01 08:58:12.751 10784 10784 E JavaScriptInterfaceImplementation.createNewWX(...): \tat android.view.ViewGroup.dispatchAttachedToWindow(ViewGroup.java:3499)", "10-01 08:58:12.751 10784 10784 E JavaScriptInterfaceImplementation.createNewWX(...): \tat android.view.ViewGroup.dispatchAttachedToWindow(ViewGroup.java:3499)", "10-01 08:58:12.751 10784 10784 E JavaScriptInterfaceImplementation.createNewWX(...): \tat android.view.ViewGroup.dispatchAttachedToWindow(ViewGroup.java:3499)", "--", "10-01 08:58:13.047  7811  9870 I ChimeraSrvcProxy: NullBinder for android.net.action.RECOMMEND_NETWORKS triggering remote TransactionTooLargeException due to Service without Chimera impl", "10-01 08:58:13.012 10784 10784 W ThreadPoolForeg: type=1400 audit(0.0:207): avc:  denied  { getattr } for  path=\"/data/adb\" dev=\"dm-46\" ino=319489 scontext=u:r:untrusted_app:s0:c210,c256,c512,c768 tcontext=u:object_r:adb_data_file:s0 tclass=dir permissive=0 app=com.dergoogler.mmrl.wx", "10-01 08:58:13.050  7336  8222 E TaskPersister: File error accessing recents directory (directory doesn't exist?).", "10-01 08:58:13.059  7811  9870 W .gms.persistent: Large reply transaction of 1056768 bytes, interface descriptor , code 1", "10-01 08:58:13.012 10784 10784 W ThreadPoolForeg: type=1400 audit(0.0:208): avc:  denied  { getattr } for  path=\"/data/adb\" dev=\"dm-46\" ino=319489 scontext=u:r:untrusted_app:s0:c210,c256,c512,c768 tcontext=u:object_r:adb_data_file:s0 tclass=dir permissive=0 app=com.dergoogler.mmrl.wx", "10-01 08:58:13.056 10784 10784 W ThreadPoolForeg: type=1400 audit(0.0:209): avc:  denied  { getattr } for  path=\"/data/adb\" dev=\"dm-46\" ino=319489 scontext=u:r:untrusted_app:s0:c210,c256,c512,c768 tcontext=u:object_r:adb_data_file:s0 tclass=dir permissive=0 app=com.dergoogler.mmrl.wx", "10-01 08:58:13.298     0     0 W audit   : audit_lost=84 audit_rate_limit=5 audit_backlog_limit=64", "10-01 08:58:13.299     0     0 E audit   : rate limit exceeded", "10-01 08:58:13.136 10784 10784 W ThreadPoolForeg: type=1400 audit(0.0:210): avc:  denied  { getattr } for  path=\"/data/adb\" dev=\"dm-46\" ino=319489 scontext=u:r:untrusted_app:s0:c210,c256,c512,c768 tcontext=u:object_r:adb_data_file:s0 tclass=dir permissive=0 app=com.dergoogler.mmrl.wx", "10-01 08:58:13.588 10935 10935 W BpBinder: Linking to death on android.gui.ISurfaceComposer but there are no threads (yet?) listening to incoming transactions. See ProcessState::startThreadPool and ProcessState::setThreadPoolMaxThreadCount. Generally you should setup the binder threadpool before other initialization steps.", "10-01 08:58:13.589 10935 10935 W ProcessState: Extra binder thread started, but 0 threads requested. Do not use *startThreadPool when zero threads are requested.", "10-01 08:58:13.759     0     0 I servicemanager: Caller(pid=10935,uid=0,sid=u:r:su:s0) Could not find android.hardware.graphics.allocator.IAllocator/default in the VINTF manifest. No alternative instances declared in VINTF.", "--", "10-01 08:58:19.033  7811  8605 I ChimeraSrvcProxy: NullBinder for android.net.action.RECOMMEND_NETWORKS triggering remote TransactionTooLargeException due to Service without Chimera impl", "10-01 08:58:19.033  7811  8605 W .gms.persistent: Large reply transaction of 1056768 bytes, interface descriptor , code 1", "10-01 08:58:19.034 10100 10164 I BugleRcsEngine: Connected state: [1], networkType: [WIFI] [CONTEXT thread_id=60 ]", "10-01 08:58:19.034 10100 10201 I BugleRcsEngine: handleMessage processing message:[NOTIFY_UPTIME_IGNORE_STATE_CHANGED] with [non-null]:RcsEngineImpl reference [CONTEXT log_prefix=\"RcsEngineImpl[DUAL_REG]:[4617aa74-8961]>Handler\" thread_id=65 ]", "10-01 08:58:20.265 10946 10946 W BpBinder: Linking to death on android.gui.ISurfaceComposer but there are no threads (yet?) listening to incoming transactions. See ProcessState::startThreadPool and ProcessState::setThreadPoolMaxThreadCount. Generally you should setup the binder threadpool before other initialization steps.", "10-01 08:58:20.266 10946 10946 W ProcessState: Extra binder thread started, but 0 threads requested. Do not use *startThreadPool when zero threads are requested.", "10-01 08:58:20.278   161   161 I hwservicemanager: getTransport: Cannot find entry android.hardware.graphics.mapper@4.0::IMapper/default in either framework or device VINTF manifest.", "10-01 08:58:20.278 10946 10947 I Gralloc4: mapper 4.x is not supported", "10-01 08:58:20.432     0     0 I servicemanager: Caller(pid=10946,uid=0,sid=u:r:su:s0) Could not find android.hardware.graphics.allocator.IAllocator/default in the VINTF manifest. No alternative instances declared in VINTF.", "10-01 08:58:21.318  7336  7436 D ActivityManager: freezing 8298 com.google.android.googlequicksearchbox:search", "10-01 08:58:23.034  7336  7436 D ActivityManager: freezing 9678 com.google.android.webview:webview_service", "10-01 08:58:23.037  7336  7495 D InetDiagMessage: Destroyed 0 sockets, proto=IPPROTO_TCP, family=AF_INET, states=14", "10-01 08:58:23.038  7336  7495 D InetDiagMessage: Destroyed 0 sockets, proto=IPPROTO_TCP, family=AF_INET6, states=14"]}
{"check":"console-errors","result":["--------- beginning of main", "10-01 08:58:12.270 10784 10874 I chromium: [1001/085812.263138:INFO:variations_seed_loader.cc(66)] Failed to open file for reading.: No such file or directory (2)", "10-01 08:58:12.621 10886 10909 W chromium: [WARNING:runtime_features.cc(694)] SharedStorage for M118+ cannot be enabled in this configuration. Use --enable-features=SharedStorageAPI,SharedStorageAPIM118 in addition.", "10-01 08:58:13.283 10784 10784 I chromium: [INFO:CONSOLE(53)] \"Injecting <script> tag. Using callback.\", source:  (53)"]}
{"check":"first-frame-warm","result":{"url":"https://mui.kernelsu.org/index.html","socket":"webview_devtools_remote_10784","value":{"firstFrameMs":813,"now":15053,"flutter":true,"resizes":[],"paint":{"first-paint":1600,"first-contentful-paint":1600},"calls":[],"resources":[["/flutter_bootstrap.js",82,151,"script",0],["/internal/assets/ext/require.js",82,136,"script",0],["/canvaskit/chromium/canvaskit.wasm",200,382,"fetch",0],["/canvaskit/chromium/canvaskit.js",203,255,"other",0],["/main.dart.js",203,325,"script",0],["/assets/FontManifest.json",640,674,"fetch",0],["/assets/fonts/MaterialIcons-Regular.otf",684,723,"fetch",0],["/assets/packages/cupertino_icons/assets/CupertinoIcons.ttf",687,720,"fetch",0],["/assets/fonts/fallback/Roboto-Regular.ttf",688,720,"fetch",0],["/favicon.png",688,713,"other",0],["/favicon.png",815,1598,"other",0]],"fonts":[]}}}
Starting: Intent { cmp=com.dergoogler.mmrl.wx/.ui.activity.webui.WebUIActivity (has extras) }
Status: ok
Activity: com.dergoogler.mmrl.wx/.ui.activity.webui.WebUIActivity

https://mui.kernelsu.org/index.html
opened: intent
{"check":"targets","result":[{"type": "page", "url": "https://mui.kernelsu.org/index.html", "title": "Demo"}]}
{"check":"page","result":{"url":"https://mui.kernelsu.org/index.html","socket":"webview_devtools_remote_11003","value":{"href":"https://mui.kernelsu.org/index.html","title":"Demo","ready":"complete","flutter":true,"glass":true,"nav":{"dcl":302,"load":2421},"paint":{"first-paint":1765},"glassAt":"present","firstFrame":null,"insets":"24px","vv":[320,640,1]}}}
{"check":"java-exceptions","result":["10-01 08:59:04.467  7263 11202 I resolv  : res_nsend: used send_dg 168 terrno: 0", "10-01 08:59:04.467  7263 11202 I resolv  : doQuery: rcode=0, ancount=8, return value=168", "10-01 08:59:04.470  7811  9190 D TrafficStats: tagSocket(127) with statsTag=0x401, statsUid=10143", "10-01 08:59:04.581 11003 11019 D EGL_emulation: app_time_stats: avg=6.33ms min=2.75ms max=32.55ms count=60", "10-01 08:59:05.013  7811  7870 W GLSUser : [AppCertManager] Exception while requesting key: ", "10-01 08:59:05.013  7811  7870 W GLSUser : java.util.concurrent.ExecutionException: bpcw: Parse Proto Exception with response code 400", "10-01 08:59:05.013  7811  7870 W GLSUser : \tat etvr.s(:com.google.android.gms@242335041@24.23.35 (190800-646585959):21)", "10-01 08:59:05.013  7811  7870 W GLSUser : \tat etvr.get(:com.google.android.gms@242335041@24.23.35 (190800-646585959):10)", "10-01 08:59:05.013  7811  7870 W GLSUser : \tat yfw.b(:com.google.android.gms@242335041@24.23.35 (190800-646585959):477)", "10-01 08:59:05.013  7811  7870 W GLSUser : \tat yfu.b(:com.google.android.gms@242335041@24.23.35 (190800-646585959):31)", "10-01 08:59:05.013  7811  7870 W GLSUser : \tat yfp.a(:com.google.android.gms@242335041@24.23.35 (190800-646585959):1)", "10-01 08:59:05.013  7811  7870 W GLSUser : \tat yfs.a(:com.google.android.gms@242335041@24.23.35 (190800-646585959):58)", "10-01 08:59:05.013  7811  7870 W GLSUser : \tat uou.call(:com.google.android.gms@242335041@24.23.35 (190800-646585959):56)", "10-01 08:59:05.013  7811  7870 W GLSUser : \tat java.util.concurrent.FutureTask.run(FutureTask.java:264)", "10-01 08:59:05.013  7811  7870 W GLSUser : \tat angs.c(:com.google.android.gms@242335041@24.23.35 (190800-646585959):50)", "10-01 08:59:05.013  7811  7870 W GLSUser : \tat angs.run(:com.google.android.gms@242335041@24.23.35 (190800-646585959):76)", "10-01 08:59:05.013  7811  7870 W GLSUser : \tat java.util.concurrent.ThreadPoolExecutor.runWorker(ThreadPoolExecutor.java:1145)", "10-01 08:59:05.013  7811  7870 W GLSUser : \tat java.util.concurrent.ThreadPoolExecutor$Worker.run(ThreadPoolExecutor.java:644)", "--", "10-01 08:59:05.013  7811  7870 W GLSUser : Caused by: bpcw: Parse Proto Exception with response code 400", "10-01 08:59:05.013  7811  7870 W GLSUser : \tat bpdw.b(:com.google.android.gms@242335041@24.23.35 (190800-646585959):80)", "10-01 08:59:05.013  7811  7870 W GLSUser : \tat bpgb.e(:com.google.android.gms@242335041@24.23.35 (190800-646585959):17)", "10-01 08:59:05.013  7811  7870 W GLSUser : \tat bpgp.onSucceeded(:com.google.android.gms@242335041@24.23.35 (190800-646585959):7)", "10-01 08:59:05.013  7811  7870 W GLSUser : \tat m.mw.onSucceeded(:com.google.android.gms.dynamite_cronetdynamite@242335041@24.23.35 (190800-0):3)", "10-01 08:59:05.013  7811  7870 W GLSUser : \tat m.lt.run(:com.google.android.gms.dynamite_cronetdynamite@242335041@24.23.35 (190800-0):25)", "10-01 08:59:05.013  7811  7870 W GLSUser : \t... 6 more", "10-01 08:59:05.013  7811  7870 W GLSUser : Caused by: fkhe: Protocol message contained an invalid tag (zero).", "10-01 08:59:05.013  7811  7870 W GLSUser : \tat fkea.k(:com.google.android.gms@242335041@24.23.35 (190800-646585959):39)", "10-01 08:59:05.013  7811  7870 W GLSUser : \tat fkid.c(:com.google.android.gms@242335041@24.23.35 (190800-646585959):309)", "10-01 08:59:05.013  7811  7870 W GLSUser : \tat fkid.i(:com.google.android.gms@242335041@24.23.35 (190800-646585959):8)", "10-01 08:59:05.013  7811  7870 W GLSUser : \tat fkgi.fe(:com.google.android.gms@242335041@24.23.35 (190800-646585959):25)", "10-01 08:59:05.013  7811  7870 W GLSUser : \tat fkgc.g(:com.google.android.gms@242335041@24.23.35 (190800-646585959):3)", "--", "10-01 08:59:07.303  7811  9870 I ChimeraSrvcProxy: NullBinder for android.net.action.RECOMMEND_NETWORKS triggering remote TransactionTooLargeException due to Service without Chimera impl", "10-01 08:59:07.303  7811  9870 W .gms.persistent: Large reply transaction of 1056768 bytes, interface descriptor , code 1", "10-01 08:59:07.310 10100 10164 I BugleRcsEngine: Connected state: [1], networkType: [WIFI] [CONTEXT thread_id=60 ]", "10-01 08:59:07.475  9495  9495 W JobService: onNetworkChanged() not implemented in androidx.work.impl.background.systemjob.SystemJobService. Must override in a subclass.", "10-01 08:59:07.504  9984 10034 D EGL_emulation: app_time_stats: avg=7442.01ms min=7442.01ms max=7442.01ms count=1", "10-01 08:59:07.622 11003 11019 D EGL_emulation: app_time_stats: avg=9.39ms min=2.12ms max=121.42ms count=52", "10-01 08:59:08.362     0     0 I logd    : logdr: UID=0 GID=0 PID=11211 n tail=0 logMask=99 pid=0 start=0ns deadline=0ns"]}
{"check":"console-errors","result":["--------- beginning of main", "10-01 08:58:49.448 11003 11109 I chromium: [1001/085849.440556:INFO:variations_seed_loader.cc(66)] Failed to open file for reading.: No such file or directory (2)", "10-01 08:58:50.028 11115 11145 W chromium: [WARNING:runtime_features.cc(694)] SharedStorage for M118+ cannot be enabled in this configuration. Use --enable-features=SharedStorageAPI,SharedStorageAPIM118 in addition.", "10-01 08:58:50.755 11115 11145 I chromium: [INFO:viewport_data.cc(133)] E2E_Used ViewportFitCover", "10-01 08:58:50.871 11003 11003 I chromium: [INFO:CONSOLE(53)] \"Injecting <script> tag. Using callback.\", source:  (53)", "10-01 08:58:53.238 11003 11003 I chromium: [INFO:CONSOLE(7239)] \"Uncaught (in promise) Error: Error: Java exception was raised during method invocation", "10-01 08:58:53.238 11003 11003 I chromium: ", "10-01 08:58:53.238 11003 11003 I chromium: Dart stack trace:", "10-01 08:58:53.238 11003 11003 I chromium: Error: Java exception was raised during method invocation", "10-01 08:58:53.238 11003 11003 I chromium:     at Object.Ag (https://mui.kernelsu.org/main.dart.js:26228:18)", "10-01 08:58:53.238 11003 11003 I chromium:     at a6S.Z5 (https://mui.kernelsu.org/main.dart.js:89702:27)", "10-01 08:58:53.238 11003 11003 I chromium:     at Object.ak2 (https://mui.kernelsu.org/main.dart.js:26061:25)", "10-01 08:58:53.238 11003 11003 I chromium:     at https://mui.kernelsu.org/main.dart.js:98693:22", "10-01 08:58:53.238 11003 11003 I chromium:     at a.<computed> [as J2] (https://mui.kernelsu.org/main.dart.js:24:36)", "10-01 08:58:53.238 11003 11003 I chromium:     at Object.aYj (https://mui.kernelsu.org/main.dart.js:28185:34)", "10-01 08:58:53.238 11003 11003 I chromium:     at axy.$0 (https://mui.kernelsu.org/main.dart.js:92453:15)", "10-01 08:58:53.238 11003 11003 I chromium:     at https://mui.kernelsu.org/main.dart.js:44011:12", "10-01 08:58:53.238 11003 11003 I chromium:     at awR.a (https://mui.kernelsu.org/main.dart.js:5156:63)", "10-01 08:58:53.238 11003 11003 I chromium:     at awR.$2 (https://mui.kernelsu.org/main.dart.js:39464:14)\", source: https://mui.kernelsu.org/main.dart.js (7239)"]}
{"check":"first-frame-warm","result":{"url":"https://mui.kernelsu.org/index.html","socket":"webview_devtools_remote_11003","value":{"firstFrameMs":null,"now":33170,"flutter":true,"paint":{"first-paint":1765},"resources":[["/internal/insets.css",225,248,"link",0],["/flutter_webui.css",228,250,"link",0],["/flutter_webui.js",229,276,"script",0],["/flutter_bootstrap.js",229,293,"script",0],["/internal/assets/ext/require.js",229,274,"script",0],["/canvaskit/chromium/canvaskit.wasm",362,651,"fetch",0],["/canvaskit/chromium/canvaskit.js",365,447,"other",0],["/main.dart.js",367,532,"script",0],["/assets/FontManifest.json",2375,2456,"fetch",0],["/favicon.ico",2433,2445,"other",0],["/assets/fonts/MaterialIcons-Regular.otf",2466,2504,"fetch",0],["/assets/fonts/fallback/Roboto-Regular.ttf",2467,2525,"fetch",0]],"fonts":[]}}}
{"url":"https://mui.kernelsu.org/index.html","socket":"webview_devtools_remote_11003","value":"semantics on"}
{"check":"home","result":{"url":"https://mui.kernelsu.org/index.html","socket":"webview_devtools_remote_11003","value":[]}}
{"check":"tap-places","result":{"url":"https://mui.kernelsu.org/index.html","socket":"webview_devtools_remote_11003","value":"no Places"}}
{"check":"places","result":{"url":"https://mui.kernelsu.org/index.html","socket":"webview_devtools_remote_11003","value":[]}}
{"check":"tap-strategy","result":{"url":"https://mui.kernelsu.org/index.html","socket":"webview_devtools_remote_11003","value":"no Strategy"}}
{"check":"strategy","result":{"url":"https://mui.kernelsu.org/index.html","socket":"webview_devtools_remote_11003","value":[]}}
{"check":"tap-lifecycle","result":{"url":"https://mui.kernelsu.org/index.html","socket":"webview_devtools_remote_11003","value":"no Lifecycle"}}
{"check":"tap-root-process","result":{"url":"https://mui.kernelsu.org/index.html","socket":"webview_devtools_remote_11003","value":"no root process"}}
{"check":"tap-start","result":{"url":"https://mui.kernelsu.org/index.html","socket":"webview_devtools_remote_11003","value":"no Start"}}
{"check":"lifecycle-running","result":{"url":"https://mui.kernelsu.org/index.html","socket":"webview_devtools_remote_11003","value":[]}}
{"check":"lifecycle-after-home","result":{"url":"https://mui.kernelsu.org/index.html","socket":"webview_devtools_remote_11003","value":[]}}
{"check":"root-process","result":""}
