10-02 04:10:19.281    92   111 I AERA UI : AERA Recovery Project native engine active; hardware Back and edge swipe use navigation history
10-02 04:11:14.253    92   111 D AERA UI : touch released at 619,1277
10-02 04:11:17.895    92   111 D AERA UI : touch released at 609,1285
10-02 04:11:21.537    92   111 D AERA UI : touch released at 679,1277
10-02 04:11:25.177    92   111 D AERA UI : touch released at 673,1285
10-02 04:11:31.917    92   111 D AERA UI : touch released at 620,1278
10-02 04:21:23.445    92   111 D AERA UI : touch released at 360,263
10-02 04:21:33.001    92   111 D AERA UI : touch released at 360,460
10-02 04:21:42.683    92   111 D AERA UI : touch released at 360,657
10-02 04:21:52.406    92   111 D AERA UI : touch released at 360,854
10-02 04:24:29.594    92   111 D AERA UI : touch released at 360,1000
10-02 04:24:30.801    92   111 D AERA UI : touch released at 350,1012
10-02 04:24:34.577    92   111 D AERA UI : touch released at 360,1040
10-02 04:24:44.157  1692  1698 I AERA UI : AERA Recovery Project native engine active; hardware Back and edge swipe use navigation history
10-02 04:26:28.300  1692  1698 D AERA UI : touch released at 360,1040
10-02 04:26:36.106  2362  2368 I AERA UI : AERA Recovery Project native engine active; hardware Back and edge swipe use navigation history
10-02 04:27:19.563  2362  2368 D AERA UI : touch released at -1,65535
10-02 04:27:24.234  2498  2504 I AERA UI : AERA Recovery Project native engine active; hardware Back and edge swipe use navigation history
10-02 04:28:11.811  2498  2504 D AERA UI : touch released at 354,1007
10-02 04:28:15.254  2498  2504 D AERA UI : touch released at 354,1007
10-02 04:28:18.737  2498  2504 D AERA UI : touch released at 354,1007
10-02 04:28:26.387  2498  2504 D AERA UI : touch released at 378,660
10-02 04:28:33.970  2498  2504 D AERA UI : touch released at 378,660
10-02 04:28:41.471  2498  2504 D AERA UI : touch released at 378,660
10-02 04:29:18.077  2498  2504 D AERA UI : touch released at 360,1000
10-02 04:29:19.283  2498  2504 D AERA UI : touch released at 352,1010
10-02 04:29:40.025  2498  2504 I AERA UI : left-edge Back gesture accepted
10-02 04:29:40.025  2498  2504 D AERA UI : touch released at 228,706
10-02 04:30:24.632  2498  2504 D AERA UI : touch released at 360,1000
10-02 04:30:25.800  2498  2504 D AERA UI : touch released at 352,1010
10-02 04:30:46.613  2498  2504 I AERA UI : left-edge Back gesture accepted
10-02 04:30:46.613  2498  2504 D AERA UI : touch released at 228,706
