yes: standard output: Broken pipe
Auto-selecting single ABI x86_64
Do you wish to create a custom hardware profile? [no] lab.avd
lab.ini
emulator Android emulator version 37.1.11.0 (build_id 15917651) (CL:N/A)
* daemon not running; starting now at tcp:5037
* daemon started successfully
booted in 41s: google/sdk_gphone64_x86_64/emu64xa:15/AE3A.240806.043/12960925:userdebug/dev-keys
kernel 6.6.50-android15-8-g8adecb593e9b-ab12525588 -> kmi android15-6.6; tiann/KernelSU v3.3.0
total 16428
drwx------  2 runner runner     4096 Oct  1 07:58 .
drwxrwxrwt 16 root   root       4096 Oct  1 07:58 ..
-rw-r--r--  1 runner runner 10777987 Oct  1 07:58 KernelSU_v3.3.0_32601-release.apk
-rw-r--r--  1 runner runner  5713312 Oct  1 07:58 ksud-x86_64-linux-android
-rw-r--r--  1 runner runner   318824 Oct  1 07:58 lkm-x86_64-android15-6.6_kernelsu.ko
== manager installed (me.weishu.kernelsu)
/tmp/tmp.lVrN7wY1mz/lkm-x86_64-android15-6.6_kernelsu.ko: 1 file pushed, 0 skipped. 7.5 MB/s (318824 bytes in 0.041s)
/tmp/tmp.lVrN7wY1mz/ksud-x86_64-linux-android: 1 file pushed, 0 skipped. 107.9 MB/s (5713312 bytes in 0.051s)
== ksud: ksud 3.3.0 (uapi: 2)
== ksud late-load: rc=0
== ksud insmod /data/adb/kernelsu.ko: Loaded kernel module: /data/adb/kernelsu.ko
rc=0
kernelsu              159744  0 
== lsmod: kernelsu              159744  0 
KernelSU_v3.3.0_32601-release.apk
ksud-aarch64-apple-darwin
ksud-aarch64-linux-android
ksud-aarch64-unknown-linux-musl
ksud-x86_64-apple-darwin
ksud-x86_64-linux-android
ksud-x86_64-pc-windows-gnu.exe
ksud-x86_64-unknown-linux-musl
ksuinit-aarch64
ksuinit-x86_64
lkm-aarch64-android12-5.10_kernelsu.ko
lkm-aarch64-android13-5.10_kernelsu.ko
lkm-aarch64-android13-5.15_kernelsu.ko
lkm-aarch64-android14-5.15_kernelsu.ko
lkm-aarch64-android14-6.1_kernelsu.ko
lkm-aarch64-android15-6.6_kernelsu.ko
lkm-aarch64-android16-6.12_kernelsu.ko
lkm-aarch64-android17-6.18_kernelsu.ko
lkm-x86_64-android12-5.10_kernelsu.ko
lkm-x86_64-android13-5.10_kernelsu.ko
lkm-x86_64-android13-5.15_kernelsu.ko
lkm-x86_64-android14-5.15_kernelsu.ko
lkm-x86_64-android14-6.1_kernelsu.ko
lkm-x86_64-android15-6.6_kernelsu.ko
lkm-x86_64-android16-6.12_kernelsu.ko
lkm-x86_64-android17-6.18_kernelsu.ko
== no metamodule asset in tiann/KernelSU v3.3.0
/home/runner/work/devicelab/devicelab/modules/probe/./: 2 files pushed, 0 skipped. 0.0 MB/s (1474 bytes in 0.043s)
== modules: [
  {
    "version": "1",
    "versionCode": "1",
    "update": "false",
    "name": "devicelab probe",
    "remove": "false",
    "author": "p0g-stack",
    "mount": "false",
    "id": "devicelab_probe",
    "enabled": "true",
    "web": "true",
    "description": "Observation module for devicelab. Its WebUI page is driven over DevTools.",
    "action": "false"
  }
]
SELinux: Loaded file context from:
		/system/etc/selinux/plat_file_contexts
		/system_ext/etc/selinux/system_ext_file_contexts
		/vendor/etc/selinux/vendor_file_contexts
== home text: text="LKM" text="Working [Jailbreak mode]" text="Version: 32601-2" text="Manager version" text="v3.3.0 (32601-2)" text="Kernel version" text="6.6.50-android15-8-g8adecb593e9b-ab12525588" text="Device model" text="Google sdk_gphone64_x86_64" text="Fingerprint" text="google/sdk_gphone64_x86_64/emu64xa:15/AE3A.240806.043/12960925:userdebug/dev-keys" text="Enforcing" text="KernelSU" text="Home" text="Superuser" text="1" text="Module" text="Settings" 
== manager activities: me.weishu.kernelsu/.magica.BootCompletedReceiver me.weishu.kernelsu/.ui.MainActivity me.weishu.kernelsu/androidx.core.content.FileProvider me.weishu.kernelsu/androidx.profileinstaller.ProfileInstallReceiver me.weishu.kernelsu/androidx.startup.InitializationProvider 
inputs/modules/flutter_webui_counter-0.1.2.zip: 1 file pushed, 0 skipped. 165.1 MB/s (21434043 bytes in 0.124s)
== install flutter_webui_counter-0.1.2.zip
  inflating: webroot/fonts/notocoloremoji/v32/Yq6P-KqIXTD0t4D9z1ESnKM3-HpFabsE4tq3luCC7p-aXxcn.3.woff2
  inflating: webroot/fonts/notocoloremoji/v32/Yq6P-KqIXTD0t4D9z1ESnKM3-HpFabsE4tq3luCC7p-aXxcn.8.woff2
  inflating: webroot/fonts/notocoloremoji/v32/Yq6P-KqIXTD0t4D9z1ESnKM3-HpFabsE4tq3luCC7p-aXxcn.2.woff2
   creating: webroot/fonts/notosansmath/
   creating: webroot/fonts/notosansmath/v15/
  inflating: webroot/fonts/notosansmath/v15/7Aump_cpkSecTWaHRlH2hyV5UHkD-V048PW0.woff2
   creating: webroot/fonts/roboto/
   creating: webroot/fonts/roboto/v32/
  inflating: webroot/fonts/roboto/v32/KFOmCnqEu92Fr1Me4GZLCzYlKw.woff2
  inflating: webroot/.last_build_id
  inflating: webroot/config.json
  inflating: webroot/flutter_webui.js
  inflating: customize.sh
- Done
- Module installed successfully!
inputs/modules/counter-v1.0.0.zip: 1 file pushed, 0 skipped. 124.5 MB/s (6582359 bytes in 0.050s)
== install counter-v1.0.0.zip
  inflating: webroot/canvaskit/chromium/canvaskit.wasm
  inflating: webroot/config.json
  inflating: webroot/favicon.png
  inflating: webroot/flutter.js
  inflating: webroot/flutter_bootstrap.js
  inflating: webroot/icons/Icon-192.png
  inflating: webroot/icons/Icon-512.png
  inflating: webroot/icons/Icon-maskable-192.png
  inflating: webroot/icons/Icon-maskable-512.png
  inflating: webroot/index.html
  inflating: webroot/main.dart.js
  inflating: webroot/manifest.json
  inflating: webroot/version.json
- Done
- Module installed successfully!
/home/runner/work/devicelab/devicelab/app_plane.zip: 1 file pushed, 0 skipped. 253.4 MB/s (4513614 bytes in 0.017s)
== install app_plane.zip
*********************
Archive:  /data/local/tmp/m.zip
- Extracting module files
Archive:  /data/local/tmp/m.zip
  inflating: module.prop
   creating: system/
   creating: system/product/
   creating: system/product/app/
   creating: system/product/app/WebuiTermuxApi/
  inflating: system/product/app/WebuiTermuxApi/WebuiTermuxApi.apk
  inflating: service.sh
  inflating: sockprobe
- Handle partition /product
- Done
- Module installed successfully!
== soft-reboot: 
== after soft-reboot (47s): [
  {
    "name": "devicelab probe",
    "mount": "false",
    "version": "1",
    "enabled": "true",
    "versionCode": "1",
    "description": "Observation module for devicelab. Its WebUI page is driven over DevTools.",
    "update": "false",
    "action": "false",
    "author": "p0g-stack",
    "id": "devicelab_probe",
    "web": "true",
    "remove": "false"
  },
  {
    "versionCode": "3",
    "enabled": "true",
    "description": "Stock Flutter counter app on flutter-webui (devicelab bring-up build).",
    "author": "p0g-stack",
    "name": "flutter-webui Counter",
    "update": "false",
    "remove": "false",
    "web": "true",
    "action": "false",
    "mount": "false",
    "version": "0.1.2",
    "id": "flutter_webui_counter"
  },
  {
    "id": "counter",
    "web": "true",
    "author": "Yuv",
    "name": "Counter",
    "remove": "false",
    "update": "false",
    "version": "v1.0.0",
    "description": "A new Flutter project.",
    "versionCode": "1",
    "enabled": "true",
    "action": "false",
    "mount": "false"
  },
  {
    "enabled": "true",
    "versionCode": "1",
    "description": "webui-termux-api as a system app, plus a root socket listener",
    "remove": "false",
    "author": "p0g-stack",
    "mount": "true",
    "id": "devicelab_app_plane",
    "version": "1",
    "name": "devicelab app plane",
    "update": "false",
    "web": "false",
    "action": "false"
  }
]
total 48
drwxrwxrwx 6 root root 4096 2026-10-01 07:59 .
drwx------ 5 root root 4096 2026-10-01 07:58 ..
drwxr-xr-x 3 root root 4096 2026-10-01 07:59 counter
drwxr-xr-x 4 root root 4096 2026-10-01 07:59 devicelab_app_plane
drwxr-xr-x 3 root root 4096 2026-10-01 07:58 devicelab_probe
drwxr-xr-x 4 root root 4096 2026-10-01 07:59 flutter_webui_counter
/home/runner/work/devicelab/devicelab/out/labserver: 1 file pushed, 0 skipped. 122.1 MB/s (7843260 bytes in 0.061s)
Starting: Intent { cmp=me.weishu.kernelsu/.ui.webui.WebUIActivity (has extras) }
Status: ok
Activity: me.weishu.kernelsu/.ui.webui.WebUIActivity








Segmentation fault 
intent path: no page; manager log:
10-01 07:59:57.923  7485  7485 W weishu.kernelsu: Known variants: atom, sandybridge, silvermont, goldmont, goldmont-plus, goldmont-without-sha-xsaves, tremont, kabylake, default
10-01 07:59:57.953  7485  7485 E weishu.kernelsu: Not starting debugger since process cannot load the jdwp agent.
10-01 07:59:58.087  7485  7485 D ApplicationLoaders: Returning zygote-cached class loader: /system_ext/framework/androidx.window.extensions.jar
10-01 07:59:58.088  7485  7485 D ApplicationLoaders: Returning zygote-cached class loader: /system_ext/framework/androidx.window.sidecar.jar
10-01 07:59:58.140  7485  7485 V GraphicsEnvironment: Currently set values for:
10-01 07:59:58.140  7485  7485 V GraphicsEnvironment:   angle_gl_driver_selection_pkgs=[]
10-01 07:59:58.140  7485  7485 V GraphicsEnvironment:   angle_gl_driver_selection_values=[]
10-01 07:59:58.140  7485  7485 V GraphicsEnvironment: Global.Settings values are invalid: number of packages: 0, number of values: 0
10-01 07:59:58.140  7485  7485 V GraphicsEnvironment: Neither updatable production driver nor prerelease driver is supported.
10-01 07:59:58.207  7485  7485 W weishu.kernelsu: Unsupported class loader
10-01 07:59:58.280  7485  7485 W weishu.kernelsu: Unsupported class loader
10-01 07:59:58.280  7485  7485 W weishu.kernelsu: Unsupported class loader
10-01 07:59:58.807  7485  7485 W HWUI    : Unknown dataspace 0
10-01 07:59:58.868  7485  7517 I EGL_emulation: Opening libGLESv1_CM_emulation.so
10-01 07:59:58.886  7485  7517 I EGL_emulation: Opening libGLESv2_emulation.so
10-01 07:59:58.914  7485  7517 W HWUI    : Failed to initialize 101010-2 format, error = EGL_SUCCESS
10-01 07:59:58.978  7485  7517 I Gralloc4: mapper 4.x is not supported
10-01 07:59:59.603  7485  7497 I HWUI    : Davey! duration=765ms; Flags=1, FrameTimelineVsyncId=12673, IntendedVsync=160402669844, Vsync=160402669844, InputEventId=0, HandleInputStart=160409163019, AnimationStart=160409163489, PerformTraversalsStart=160409163590, DrawStart=160650971413, FrameDeadline=160419336510, FrameInterval=160409161186, FrameStartTime=16666666, SyncQueued=160692319050, SyncStart=160693936744, IssueDrawCommandsStart=160694671830, SwapBuffers=160760392270, FrameCompleted=161169979092, DequeueBufferDuration=4266, QueueBufferDuration=442761, GpuCompleted=161169979092, SwapBuffersCompleted=161163612884, DisplayPresentTime=16960825855817, CommandSubmissionCompleted=160760392270, 
10-01 07:59:59.642  7485  7485 I Choreographer: Skipped 48 frames!  The application may be doing too much work on its main thread.
10-01 08:00:00.851  7485  7517 D EGL_emulation: app_time_stats: avg=141.47ms min=10.63ms max=358.22ms count=7
10-01 08:00:01.624  7485  7485 D VRI[WebUIActivity]: visibilityChanged oldVisibility=true newVisibility=false
10-01 08:00:01.705  7485  7485 W WindowOnBackDispatcher: sendCancelIfRunning: isInProgress=false callback=android.view.ViewRootImpl$$ExternalSyntheticLambda11@3e2202d
10-01 08:00:02.091  7485  7508 I SuperUserRepository: load cost: 1203
10-01 08:00:02.093  7485  7511 W SuperUserRepository: KsuService disconnected
10-01 08:00:04.072  7485  7626 D ProfileInstaller: Skipping profile installation for me.weishu.kernelsu
ui: tapped 'Module' at 200,584
ui: tapped 160,152
[0,0][320,640] devicelab probe | search | Clean | Cancel | devicelab probe | Version: 1 | Author: p0g-stack | Observation module for de
[12,40][235,88] devicelab probe | search | Clean
[185,40][233,88] Clean
[251,40][304,88] Cancel
[12,98][308,267] devicelab probe | Version: 1 | Author: p0g-stack | Observation module for devicelab. Its WebUI page is driven over DevTo
[243,116][292,164] 
[28,210][110,258] Open | Open
[186,210][292,258] Uninstall
[0,552][80,616] Home
[80,552][160,616] Superuser
[240,552][320,616] Settings
ui: tapped 'Open' at 69,234
https://mui.kernelsu.org/index.html
    * Hist  #1: ActivityRecord{9c341d6 u0 me.weishu.kernelsu/.ui.webui.WebUIActivity t11}
      packageName=me.weishu.kernelsu processName=me.weishu.kernelsu
      launchedFromUid=10209 launchedFromPackage=me.weishu.kernelsu launchedFromFeature=null userId=0
      app=ProcessRecord{9d1c38 7485:me.weishu.kernelsu/u0a209}
      Intent { dat=ksu://webui?id=devicelab_probe&token=69f94cb0ed7f2e29968f8b6a0253c83de54af0455ec393817c04115acd8add7f flg=0x80000 cmp=me.weishu.kernelsu/.ui.webui.WebUIActivity }
opened: ui
{"check":"targets","result":[{"socket": "webview_devtools_remote_7485", "type": "page", "url": "https://mui.kernelsu.org/index.html", "title": "devicelab probe"}]}
{"check":"globals","result":{"url":"https://mui.kernelsu.org/index.html","socket":"webview_devtools_remote_7485","value":{"ua":"Mozilla/5.0 (Linux; Android 15; sdk_gphone64_x86_64 Build/AE3A.240806.043; wv) AppleWebKit/537.36 (KHTML, like Gecko) Version/4.0 Chrome/124.0.6367.219 Mobile Safari/537.36","origin":"https://mui.kernelsu.org","href":"https://mui.kernelsu.org/index.html","globals":["ksu"],"ksu":["enableEdgeToEdge","exec","exit","fullScreen","getPackagesInfo","listPackages","moduleInfo","spawn","toast","enableEdgeToEdge","exec","exit","fullScreen","getPackagesInfo","listPackages","moduleInfo","spawn","toast"]}}}
{"check":"ksu-exec","result":{"url":"https://mui.kernelsu.org/index.html","socket":"webview_devtools_remote_7485","value":{"code":0,"out":"uid=0(root) gid=0(root) groups=0(root) context=u:r:ksu:s0\nu:r:ksu:s0\u0000","err":""}}}
{"check":"ws-loopback","result":{"url":"https://mui.kernelsu.org/index.html","socket":"webview_devtools_remote_7485","value":{"got":["{\"origin\":\"https://mui.kernelsu.org\",\"peerUid\":10209,\"remote\":\"127.0.0.1:39458\",\"serverUid\":0,\"t\":1790841646162,\"uidSource\":\"/proc/net/tcp\"}","hi"],"ms":175}}}
{"check":"fetch-loopback","result":{"url":"https://mui.kernelsu.org/index.html","socket":"webview_devtools_remote_7485","value":{"origin":"https://mui.kernelsu.org","peerUid":10209,"remote":"127.0.0.1:39468","serverUid":0,"t":1790841646513,"uidSource":"/proc/net/tcp"}}}
{"check":"webview-uid","result":["webview_zygote 1053 webview_zygote", "u0_a209      10209 me.weishu.kernelsu", "u0_i9000     99000 com.google.android.webview:sandboxed_process0:org.chromium.content.app.SandboxedProcessService0:0", "u0_a151      10151 com.google.android.webview:webview_service", "u0_i9001     99001 com.google.android.webview:sandboxed_process0:org.chromium.content.app.SandboxedProcessService0:0"]}
{"check":"while-home-heartbeat","result":{"url":"https://mui.kernelsu.org/index.html","socket":"webview_devtools_remote_7485","value":{"now":12877,"vis":"hidden"}}}
{"check":"lifecycle","result":{"url":"https://mui.kernelsu.org/index.html","socket":"webview_devtools_remote_7485","value":{"events":[{"type":"pageshow","t":772,"vis":"visible"},{"type":"visibilitychange","t":6703,"vis":"hidden"},{"type":"visibilitychange","t":15369,"vis":"visible"}],"gaps":[{"from":7983,"ms":1004,"vis":"hidden"},{"from":10983,"ms":1000,"vis":"hidden"},{"from":11983,"ms":1000,"vis":"hidden"},{"from":12984,"ms":1006,"vis":"hidden"}],"slow":{"heldMs":3002,"sentAt":1790841650005,"resolvedAt":1790841650007,"vis":"hidden"}}}}
Starting: Intent { cmp=me.weishu.kernelsu/.ui.webui.WebUIActivity (has extras) }
Status: ok
Activity: me.weishu.kernelsu/.ui.webui.WebUIActivity








Status: ok
https://mui.kernelsu.org/index.html
token found in manager data: 0000000000000000000000000000000000000000000000000000000000000000
opened: intent-token
{"check":"targets","result":[{"type": "page", "url": "https://mui.kernelsu.org/index.html", "title": "Flutter Demo"}]}
{"check":"page","result":{"url":"https://mui.kernelsu.org/index.html","socket":"webview_devtools_remote_8212","value":{"href":"https://mui.kernelsu.org/index.html","title":"Flutter Demo","ready":"complete","flutter":true,"glass":true,"nav":{"dcl":444,"load":1039},"paint":{"first-paint":1453,"first-contentful-paint":3275},"glassAt":"present","firstFrame":null,"insets":"24px","vv":[320,640,1]}}}
{"check":"console-errors","result":["--------- beginning of main", "10-01 08:01:15.761  8314  8340 W chromium: [WARNING:runtime_features.cc(694)] SharedStorage for M118+ cannot be enabled in this configuration. Use --enable-features=SharedStorageAPI,SharedStorageAPIM118 in addition.", "10-01 08:01:15.930  8314  8340 I chromium: [INFO:viewport_data.cc(133)] E2E_Used ViewportFitCover", "10-01 08:01:16.308  8212  8212 I chromium: [INFO:CONSOLE(3)] \"Injecting <script> tag. Using callback.\", source: https://mui.kernelsu.org/flutter_bootstrap.js (3)"]}
{"check":"first-frame-warm","result":{"url":"https://mui.kernelsu.org/index.html","socket":"webview_devtools_remote_8212","value":{"firstFrameMs":1250,"now":15039,"flutter":true}}}
{"check":"root-start","result":{"url":"https://mui.kernelsu.org/index.html","socket":"webview_devtools_remote_8212","value":{"code":0,"out":"","err":"","ms":158}}}
{"check":"session","result":{"url":"https://mui.kernelsu.org/index.html","socket":"webview_devtools_remote_8212","value":{"status":200,"ms":25,"protocol":1,"version":"0.1.0","port":36595,"pid":8581,"tokenLen":43}}}
{"check":"ws-hello","result":{"url":"https://mui.kernelsu.org/index.html","socket":"webview_devtools_remote_8212","value":{"first":"{\"op\":\"hello\",\"protocol\":1,\"version\":\"0.1.0\",\"pid\":8581,\"boot\":\"3ebabd26-73d4-46fd-852d-2ced6aba4301\",\"uid\":0,\"moduleDir\":\"/data/adb/modules/flutter_webui_counter\"}"}}}
{"check":"channel-process","result":"USER           UID LABEL                            PID NAME                       \nroot             0 u:r:ksu:s0                      8581 ld-linux-x86-64.so.2\nexe=/data/adb/modules/flutter_webui_counter/flutter_webui/x86_64/ld-linux-x86-64.so.2\n/data/adb/modules/flutter_webui_counter/flutter_webui/x86_64/ld-linux-x86-64.so.2 --library-path /data/adb/modules/flutter_webui_counter/flutter_webui/x86_64 /data/adb/modules/flutter_webui_counter/flutter_webui/x86_64/dartaotruntime /data/adb/modules/flutter_webui_counter/flutter_webui/x86_64/flutter_webui_root.aot serve --module-dir /data/adb/modules/flutter_webui_counter \narm64-v8a\nroot\nx86_64\n/data/adb/modules/flutter_webui_counter/flutter_webui/arm64-v8a:\ndartaotruntime\nflutter_webui_root.aot\nld-linux-aarch64.so.1\nlibc.so.6\nlibdl.so.2\nlibm.so.6\nlibpthread.so.0\n\n/data/adb/modules/flutter_webui_counter/flutter_webui/x86_64:\ndartaotruntime\nflutter_webui_root.aot\nld-linux-x86-64.so.2\nlibc.so.6\nlibdl.so.2\nlibm.so.6\nlibpthread.so.0"}
{"check":"root-log","result":"2026-10-01T08:05:58.663341 listening on 127.0.0.1:36595"}
{"check":"session-mode","result":"total 44\ndrwx--x--x 3 root root 4096 2026-10-01 08:05 .\ndrwxr-xr-x 7 root root 4096 2026-10-01 08:05 ..\n-rw------- 1 root root    0 2026-10-01 08:05 lock\ndrwx------ 2 root root 4096 2026-10-01 08:05 proc\n-rw------- 1 root root   56 2026-10-01 08:05 root.log\n-rw-r--r-- 1 root root  196 2026-10-01 08:05 session.json"}
{"check":"home-resume","result":{"url":"https://mui.kernelsu.org/index.html","socket":"webview_devtools_remote_8212","value":{"events":[["visibilitychange","hidden",210026],["visibilitychange","visible",217157]],"ticks":20,"vis":"visible","hasFocus":false}}}
{"check":"back-at-root","result":"topResumedActivity=ActivityRecord{37452c6 u0 com.google.android.apps.nexuslauncher/.NexusLauncherActivity t9}"}
Starting: Intent { cmp=me.weishu.kernelsu/.ui.webui.WebUIActivity (has extras) }
Status: ok
Activity: me.weishu.kernelsu/.ui.webui.WebUIActivity








Status: ok
https://mui.kernelsu.org/index.html
token found in manager data: 0000000000000000000000000000000000000000000000000000000000000000
opened: intent-token
{"check":"targets","result":[{"type": "page", "url": "https://mui.kernelsu.org/index.html", "title": "Flutter Demo"}]}
{"check":"page","result":{"url":"https://mui.kernelsu.org/index.html","socket":"webview_devtools_remote_8709","value":{"href":"https://mui.kernelsu.org/index.html","title":"Flutter Demo","ready":"complete","flutter":true,"glass":true,"nav":{"dcl":513,"load":1003},"paint":{"first-paint":2079,"first-contentful-paint":2079},"glassAt":"present","firstFrame":null,"insets":null,"vv":[320,592,1]}}}
{"check":"console-errors","result":["--------- beginning of main", "10-01 08:06:29.287  8709  8807 I chromium: [1001/080629.283762:INFO:variations_seed_loader.cc(66)] Failed to open file for reading.: No such file or directory (2)", "10-01 08:06:29.645  8812  8841 W chromium: [WARNING:runtime_features.cc(694)] SharedStorage for M118+ cannot be enabled in this configuration. Use --enable-features=SharedStorageAPI,SharedStorageAPIM118 in addition.", "10-01 08:06:30.168  8709  8709 I chromium: [INFO:CONSOLE(1)] \"Injecting <script> tag. Using callback.\", source: https://mui.kernelsu.org/flutter_bootstrap.js (1)"]}
{"check":"first-frame-warm","result":{"url":"https://mui.kernelsu.org/index.html","socket":"webview_devtools_remote_8709","value":{"firstFrameMs":473,"now":15043,"flutter":true}}}
