[cf] installing cuttlefish host packages

Running kernel seems to be up-to-date.

No services need to be restarted.

No containers need to be restarted.

No user sessions are running outdated binaries.

No VM guests are running outdated hypervisor (qemu) binaries on this host.
ii  cuttlefish-base 1.57.0       amd64        Cuttlefish Android Virtual Device companion package
[cf] fetching aosp-android-latest-release/aosp_cf_x86_64_only_phone-userdebug
cvd(3868)  I 10-01 06:55:05  3868  3868 main.cc:137] version: 1.57.0 | VCS: 9bb9c72329cedcb436bb75afc05c24d73fbcdf5d
By using this Android Virtual Device, you agree to Google Terms of Service (https://policies.google.com/terms). The Google Privacy Policy (https://policies.google.com/privacy) describes how Google handles information generated as you use Google services.
cvd(3868)  I 10-01 06:55:06  3868  3868 fetch_cvd.cc:495] Starting fetch to "/mnt/cf"
cvd(3868)  I 10-01 06:55:06  3868  3871 host_package.cc:43] Downloading host package for 16373615/aosp_cf_x86_64_only_phone-userdebug
cvd(3868)  I 10-01 06:55:07  3868  3868 fetch_cvd.cc:206] Downloading image zip for 16373615/aosp_cf_x86_64_only_phone-userdebug
cvd(3868)  I 10-01 06:56:08  3868  3868 fetch_cvd.cc:511] Completed target fetch to '/mnt/cf' (1 out of 1)
cvd(3868)  I 10-01 06:56:08  3868  3868 fetch_cvd.cc:520] Completed all fetches
android-info.txt
bin
boot.img
chromeos
com.android.i18n
cuttlefish_example_custom.img
etc
fastboot-info.txt
fetch.log
fetcher_config.json
framework
init_boot.img
lib64
metrics
misc_info.txt
nativetest64
otatools
super.img
test_suites
userdata.img
usr
vbmeta.img
vbmeta_system.img
vbmeta_system_dlkm.img
vbmeta_vendor_dlkm.img
vendor_boot.img
[cf] launching (gpu_mode=drm_virgl)
VIRTUAL_DEVICE_BOOT_FAILED
assemble_cvd(4861)  D 10-01 06:56:28  4861  4861 graphics_flags.cc:903] errors: "Graphics check failure for PopulateVulkanAvailability: ErrorIncompatibleDriver"
assemble_cvd(4861)  D 10-01 06:56:28  4861  4861 graphics_flags.cc:903] errors: "Graphics check failure for PopulateVulkanExternalMemoryHostQuirk: ErrorIncompatibleDriver"
assemble_cvd(4861)  D 10-01 06:56:28  4861  4861 graphics_flags.cc:903] errors: "Graphics check failure for PopulateVulkanPrecisionQualifiersOnYuvSamplersQuirk: ErrorIncompatibleDriver"
run_cvd(4983)  E 10-01 06:56:31  4983  4983 boot_state_machine.cc:211] VIRTUAL_DEVICE_BOOT_FAILED
[cf] gpu_mode=drm_virgl failed; falling back to guest_swiftshader (no render node in the guest)
[cf] launching (gpu_mode=guest_swiftshader)
[cf] booted in 81s: generic/aosp_cf_x86_64_only_phone/vsoc_x86_64_only:17/CP2A.260605.016/16373615:userdebug/test-keys
