WARNING: All log messages before absl::InitializeLog() is called are written to STDERR
I0000 00:00:1790837785.996990    4838 config_utils.cpp:67] Non-vsoc user, using instance id 1
cvd(4838)  I 10-01 06:56:26  4838  4838 main.cc:137] version: 1.57.0 | VCS: 9bb9c72329cedcb436bb75afc05c24d73fbcdf5d
SetFlagDefaultsFromConfig: No flag defaults to override.
  Run `cvd logs` to report paths to device logs.
  Point your browser to https://localhost:8443 to interact with the device.
  Serial console is disabled; use -console=true to enable it.
  Launcher Build ID: 9bb9c72329cedcb436bb75afc05c24d73fbcdf5d
Failed to read a complete exit code, read 0 bytes only instead of the expected 4
VIRTUAL_DEVICE_BOOT_FAILED
run_cvd returned 10
cvd(4838)  I 10-01 06:56:31  4838  4838 start.cpp:568] Device launch failed, cleaning up
cvd(4838)  I 10-01 06:56:31  4838  4838 stop.cpp:118] Sending SIGKILL to process 4986
6. main.cc:161 | CvdMain | 
5. cvd.cpp:93 | HandleCvdCommand | 
4. cvd.cpp:78 | HandleCommand | 
3. create.cpp:377 | Handle | 
2. create.cpp:138 | StartGroup | 
1. start.cpp:574 | LaunchDevice | 
 | cuttlefish/host/commands/cvd/cli/utils.cpp:71
 v Result<void> cuttlefish::CheckProcessExitedNormally(siginfo_t, int)
Exited with code '255'

    If the error above is unclear, please copy the text and `cvd version` output into an issue at:
        http://go/cuttlefish-bug

