yes: standard output: Broken pipe
Auto-selecting single ABI x86_64
Do you wish to create a custom hardware profile? [no] lab.avd
lab.ini
emulator Android emulator version 37.2.12.0 (build_id 16428233) (CL:N/A)
* daemon not running; starting now at tcp:5037
* daemon started successfully
booted in 60s: google/sdk_gphone64_x86_64/emu64xa:15/AE3A.240806.043/12960925:userdebug/dev-keys
kernel 6.6.50-android15-8-g8adecb593e9b-ab12525588 -> kmi android15-6.6; tiann/KernelSU v3.3.0
total 16428
drwx------  2 runner runner     4096 Oct  1 16:41 .
drwxrwxrwt 16 root   root       4096 Oct  1 16:41 ..
-rw-r--r--  1 runner runner 10777987 Oct  1 16:41 KernelSU_v3.3.0_32601-release.apk
-rw-r--r--  1 runner runner  5713312 Oct  1 16:41 ksud-x86_64-linux-android
-rw-r--r--  1 runner runner   318824 Oct  1 16:41 lkm-x86_64-android15-6.6_kernelsu.ko
== manager installed (me.weishu.kernelsu, KernelSU_v3.3.0_32601-release.apk)
/tmp/tmp.pByo0NFmUx/lkm-x86_64-android15-6.6_kernelsu.ko: 1 file pushed, 0 skipped. 3.7 MB/s (318824 bytes in 0.082s)
/tmp/tmp.pByo0NFmUx/ksud-x86_64-linux-android: 1 file pushed, 0 skipped. 71.9 MB/s (5713312 bytes in 0.076s)
== ksud: ksud 3.3.0 (uapi: 2)
== ksud late-load: rc=0
== ksud insmod /data/adb/kernelsu.ko: Error: load module failed: /data/adb/kernelsu.ko

Caused by:
    0: init_module failed without vermagic mismatch
    1: File exists (os error 17)
rc=1
kernelsu              159744  0 
== lsmod: kernelsu              159744  1 
KernelSU_v3.3.0_32601-release.apk
ksud-aarch64-apple-darwin
ksud-aarch64-linux-android
ksud-aarch64-unknown-linux-musl
ksud-x86_64-apple-darwin
ksud-x86_64-linux-android
ksud-x86_64-pc-windows-gnu.exe
ksud-x86_64-unknown-linux-musl
ksuinit-aarch64
ksuinit-x86_64
lkm-aarch64-android12-5.10_kernelsu.ko
lkm-aarch64-android13-5.10_kernelsu.ko
lkm-aarch64-android13-5.15_kernelsu.ko
lkm-aarch64-android14-5.15_kernelsu.ko
lkm-aarch64-android14-6.1_kernelsu.ko
lkm-aarch64-android15-6.6_kernelsu.ko
lkm-aarch64-android16-6.12_kernelsu.ko
lkm-aarch64-android17-6.18_kernelsu.ko
lkm-x86_64-android12-5.10_kernelsu.ko
lkm-x86_64-android13-5.10_kernelsu.ko
lkm-x86_64-android13-5.15_kernelsu.ko
lkm-x86_64-android14-5.15_kernelsu.ko
lkm-x86_64-android14-6.1_kernelsu.ko
lkm-x86_64-android15-6.6_kernelsu.ko
lkm-x86_64-android16-6.12_kernelsu.ko
lkm-x86_64-android17-6.18_kernelsu.ko
== no metamodule asset in tiann/KernelSU v3.3.0
/home/runner/work/devicelab/devicelab/modules/probe/./: 2 files pushed, 0 skipped. 0.1 MB/s (1474 bytes in 0.022s)
== modules: [
  {
    "name": "devicelab probe",
    "web": "true",
    "versionCode": "1",
    "description": "Observation module for devicelab. Its WebUI page is driven over DevTools.",
    "update": "false",
    "mount": "false",
    "action": "false",
    "enabled": "true",
    "version": "1",
    "id": "devicelab_probe",
    "author": "p0g-stack",
    "remove": "false"
  }
]
SELinux: Loaded file context from:
		/system/etc/selinux/plat_file_contexts
		/system_ext/etc/selinux/system_ext_file_contexts
		/vendor/etc/selinux/vendor_file_contexts
ERROR: null root node returned by UiTestAutomationBridge.
cat: /data/local/tmp/ui.xml: No such file or directory
== home text: 
== manager activities: me.weishu.kernelsu/.magica.BootCompletedReceiver me.weishu.kernelsu/.ui.MainActivity me.weishu.kernelsu/androidx.core.content.FileProvider me.weishu.kernelsu/androidx.profileinstaller.ProfileInstallReceiver me.weishu.kernelsu/androidx.startup.InitializationProvider 
WebUI-X-v438-release-official.apk
WebUI-X-v438-release-spoofed.apk
== downloaded MMRLApp/WebUI-X-Portable v438 WebUI-X-v438-release-official.apk
Success
== installed com.dergoogler.mmrl.wx uid=10210     versionName=v438-release
== activities: com.dergoogler.mmrl.wx/.ui.activity.CrashHandlerActivity com.dergoogler.mmrl.wx/.ui.activity.MainActivity com.dergoogler.mmrl.wx/.ui.activity.modconf.ModConfActivity com.dergoogler.mmrl.wx/.ui.activity.webui.KsuWebUIActivity com.dergoogler.mmrl.wx/.ui.activity.webui.WebUIActivity com.dergoogler.mmrl.wx/.util.NonRootService com.dergoogler.mmrl.wx/androidx.core.content.FileProvider com.dergoogler.mmrl.wx/androidx.profileinstaller.ProfileInstallReceiver com.dergoogler.mmrl.wx/androidx.startup.InitializationProvider com.dergoogler.mmrl.wx/androidx.work.impl.background.systemalarm.ConstraintProxy com.dergoogler.mmrl.wx/androidx.work.impl.background.systemalarm.ConstraintProxyUpdateReceiver com.dergoogler.mmrl.wx/androidx.work.impl.background.systemalarm.RescheduleReceiver com.dergoogler.mmrl.wx/androidx.work.impl.diagnostics.DiagnosticsReceiver 
ui: tapped 'Superuser' at 120,584
ui: tapped 160,152
ui: tapped 'com.dergoogler.mmrl.wx' at 160,130
[12,230][308,290] Superuser
[243,236][292,284] 
[12,302][308,358] App Profile | Default
[12,26][60,74] 
[260,26][308,74] Settings
ui: tapped switch 1 ('', was checked=false)
== ksud feature list: Available Features: ================================================================================ [ENABLED (1)] su_compat (ID=0)     SU Compatibility Mode - allows authorized apps to gain root via traditional 'su' command  [ENABLED (1)] kernel_umount (ID=1)     Kernel Umount - controls whether kernel automatically unmounts modules when not needed  [DISABLED] sulog (ID=2)     SU Log - streams kernel sulog events to userspace and persists them to disk  [DISABLED] adb_root (ID=3)     ADB Root - Enable adbd root  [DISABLED] selinux_hide (ID=4)     SELinux Hide - sanitize /sys/fs/selinux access results for app UIDs  [DISABLED] webview_zygote_umount (ID=5)     WebView Zygote Umount - unmount modules from WebView zygote and its isolated children  
== su_compat: Feature: su_compat (0) Description: SU Compatibility Mode - allows authorized apps to gain root via traditional 'su' command Value: 1 Status: enabled 
== root grant: ui; su as app uid 10210: su: failed to exec /system/bin/su: No such file or directory
ui: tapped 'KernelSU' at 160,265
[40,165][280,221] Magisk
[40,309][280,389] KernelSU Next
[40,405][280,461] APatch
[40,477][280,557] SukiSU Ultra
[40,573][280,629] Non-Root
[40,644][280,692] Continue with KernelSU
ui: tapped 'Continue with KernelSU' at 160,668
[16,104][304,330] devicelab probe | 1 (1) by p0g-stack | Updated on 1 October 2026 | Observation module for devicelab. Its WebUI page is d
[32,274][90,322] 
[153,274][288,322] Add Shortcut
[220,32][268,80] 
[268,32][316,80] 
[164,796][320,876] Settings
ui: no node with 'Continue with KernelSU'
ui: no node with 'Next'
ui: no node with 'Continue'
ui: no node with 'Grant'
ui: no node with 'Allow'
ui: no node with 'Get started'
ui: no node with 'Done'
ui: no node with 'OK'
ui: no node with 'Finish'
[16,104][304,330] devicelab probe | 1 (1) by p0g-stack | Updated on 1 October 2026 | Observation module for devicelab. Its WebUI page is d
[32,274][90,322] 
[153,274][288,322] Add Shortcut
[220,32][268,80] 
[268,32][316,80] 
[164,796][320,876] Settings
ui: no node with 'Continue with KernelSU'
ui: no node with 'Next'
ui: no node with 'Continue'
ui: no node with 'Grant'
ui: no node with 'Allow'
ui: no node with 'Get started'
ui: no node with 'Done'
ui: no node with 'OK'
ui: no node with 'Finish'
[16,104][304,330] devicelab probe | 1 (1) by p0g-stack | Updated on 1 October 2026 | Observation module for devicelab. Its WebUI page is d
[32,274][90,322] 
[153,274][288,322] Add Shortcut
[220,32][268,80] 
[268,32][316,80] 
[164,796][320,876] Settings
== WebUI X platform after onboarding: preferences.pb 
== devtools sockets: 
inputs/modules/flutter_webui_counter-0.1.5.zip: 1 file pushed, 0 skipped. 146.5 MB/s (21434766 bytes in 0.140s)
== install flutter_webui_counter-0.1.5.zip
  inflating: webroot/fonts/notocoloremoji/v32/Yq6P-KqIXTD0t4D9z1ESnKM3-HpFabsE4tq3luCC7p-aXxcn.3.woff2
  inflating: webroot/fonts/notocoloremoji/v32/Yq6P-KqIXTD0t4D9z1ESnKM3-HpFabsE4tq3luCC7p-aXxcn.8.woff2
  inflating: webroot/fonts/notocoloremoji/v32/Yq6P-KqIXTD0t4D9z1ESnKM3-HpFabsE4tq3luCC7p-aXxcn.2.woff2
   creating: webroot/fonts/notosansmath/
   creating: webroot/fonts/notosansmath/v15/
  inflating: webroot/fonts/notosansmath/v15/7Aump_cpkSecTWaHRlH2hyV5UHkD-V048PW0.woff2
   creating: webroot/fonts/roboto/
   creating: webroot/fonts/roboto/v32/
  inflating: webroot/fonts/roboto/v32/KFOmCnqEu92Fr1Me4GZLCzYlKw.woff2
  inflating: webroot/.last_build_id
  inflating: webroot/config.json
  inflating: webroot/flutter_webui.js
  inflating: customize.sh
- Done
- Module installed successfully!
inputs/modules/counter-v1.0.0.zip: 1 file pushed, 0 skipped. 249.9 MB/s (6582359 bytes in 0.025s)
== install counter-v1.0.0.zip
  inflating: webroot/canvaskit/chromium/canvaskit.wasm
  inflating: webroot/config.json
  inflating: webroot/favicon.png
  inflating: webroot/flutter.js
  inflating: webroot/flutter_bootstrap.js
  inflating: webroot/icons/Icon-192.png
  inflating: webroot/icons/Icon-512.png
  inflating: webroot/icons/Icon-maskable-192.png
  inflating: webroot/icons/Icon-maskable-512.png
  inflating: webroot/index.html
  inflating: webroot/main.dart.js
  inflating: webroot/manifest.json
  inflating: webroot/version.json
- Done
- Module installed successfully!
inputs/modules/demo-v0.1.0.zip: 1 file pushed, 0 skipped. 233.6 MB/s (24327359 bytes in 0.099s)
== install demo-v0.1.0.zip
  inflating: webroot/icons/Icon-512.png
  inflating: webroot/icons/Icon-maskable-192.png
  inflating: webroot/icons/Icon-maskable-512.png
  inflating: webroot/index.html
  inflating: webroot/main.dart.js
  inflating: webroot/manifest.json
  inflating: webroot/pkg/.gitignore
  inflating: webroot/pkg/demo_native.js
  inflating: webroot/pkg/demo_native_bg.wasm
  inflating: webroot/pkg/package.json
  inflating: webroot/version.json
  inflating: webroot/workers/demo_service.web.g.dart.js
  inflating: webroot/workers/hello_service.web.g.dart.js
- Done
- Module installed successfully!
== soft-reboot: 
== after soft-reboot (66s): [
  {
    "action": "false",
    "author": "p0g-stack",
    "update": "false",
    "remove": "false",
    "mount": "false",
    "description": "Observation module for devicelab. Its WebUI page is driven over DevTools.",
    "enabled": "true",
    "name": "devicelab probe",
    "id": "devicelab_probe",
    "version": "1",
    "versionCode": "1",
    "web": "true"
  },
  {
    "version": "0.1.5",
    "update": "false",
    "name": "flutter-webui Counter",
    "id": "flutter_webui_counter",
    "enabled": "true",
    "remove": "false",
    "author": "p0g-stack",
    "versionCode": "6",
    "web": "true",
    "action": "false",
    "description": "Stock Flutter counter app on flutter-webui (devicelab bring-up build).",
    "mount": "false"
  },
  {
    "id": "counter",
    "author": "Yuv",
    "update": "false",
    "mount": "false",
    "version": "v1.0.0",
    "web": "true",
    "enabled": "true",
    "versionCode": "1",
    "remove": "false",
    "name": "Counter",
    "description": "A new Flutter project.",
    "action": "false"
  },
  {
    "author": "",
    "updateJson": "https://github.com/p0g-stack/demo/releases/latest/download/update.json",
    "update": "false",
    "versionCode": "1",
    "version": "v0.1.0",
    "enabled": "true",
    "description": "The demo GUI. Flutter on top of the core.",
    "remove": "false",
    "name": "Demo",
    "id": "demo",
    "web": "true",
    "action": "false",
    "mount": "false"
  }
]
total 48
drwxrwxrwx 6 root root 4096 2026-10-01 16:46 .
drwx------ 6 root root 4096 2026-10-01 16:46 ..
drwxr-xr-x 3 root root 4096 2026-10-01 16:46 counter
drwxr-xr-x 5 root root 4096 2026-10-01 16:46 demo
drwxr-xr-x 3 root root 4096 2026-10-01 16:41 devicelab_probe
drwxr-xr-x 4 root root 4096 2026-10-01 16:46 flutter_webui_counter
/home/runner/work/devicelab/devicelab/out/labserver: 1 file pushed, 0 skipped. 62.0 MB/s (7843260 bytes in 0.121s)
Starting: Intent { cmp=com.dergoogler.mmrl.wx/.ui.activity.webui.WebUIActivity (has extras) }
Status: ok
Activity: com.dergoogler.mmrl.wx/.ui.activity.webui.WebUIActivity




https://mui.kernelsu.org/index.html
opened: intent
{"check":"targets","result":[{"socket": "webview_devtools_remote_9182", "type": "page", "url": "https://mui.kernelsu.org/index.html", "title": "devicelab probe"}]}
{"check":"globals","result":{"url":"https://mui.kernelsu.org/index.html","socket":"webview_devtools_remote_9182","value":{"ua":"WebUI X/438 (Linux; Android 15; sdk_gphone64_x86_64; KernelSU/32601)","origin":"https://mui.kernelsu.org","href":"https://mui.kernelsu.org/index.html","globals":["$DeFile","$DeFileInputStream","$DeFileOutputStream","$devicelab_probe","$intent","$packageManager","$userManager","ksu","webui"],"ksu":["exec","execBool","fullScreen","mmrl","moduleInfo","spawn","toast","exec","execBool","fullScreen","mmrl","moduleInfo","spawn","toast"]}}}
{"check":"ksu-exec","result":{"url":"https://mui.kernelsu.org/index.html","socket":"webview_devtools_remote_9182","value":{"code":0,"out":"uid=0(root) gid=0(root) groups=0(root) context=u:r:ksu:s0\nu:r:ksu:s0\u0000","err":""}}}
{"check":"ws-loopback","result":{"url":"https://mui.kernelsu.org/index.html","socket":"webview_devtools_remote_9182","value":{"got":["{\"origin\":\"https://mui.kernelsu.org\",\"peerUid\":10210,\"remote\":\"127.0.0.1:59210\",\"serverUid\":0,\"t\":1790873276884,\"uidSource\":\"/proc/net/tcp\"}","hi"],"ms":268}}}
{"check":"fetch-loopback","result":{"url":"https://mui.kernelsu.org/index.html","socket":"webview_devtools_remote_9182","value":{"origin":"https://mui.kernelsu.org","peerUid":10210,"remote":"127.0.0.1:59224","serverUid":0,"t":1790873277616,"uidSource":"/proc/net/tcp"}}}
{"check":"webview-uid","result":["webview_zygote 1053 webview_zygote", "u0_a210      10210 com.dergoogler.mmrl.wx", "root             0 com.dergoogler.mmrl.wx:root:0", "root             0 com.dergoogler.mmrl.wx:root:0", "u0_a151      10151 com.google.android.webview:webview_service", "u0_i9000     99000 com.google.android.webview:sandboxed_process0:org.chromium.content.app.SandboxedProcessService0:0", "u0_a151      10151 com.google.android.webview:webview_apk"]}
{"check":"while-home-heartbeat","result":{"url":"https://mui.kernelsu.org/index.html","socket":"webview_devtools_remote_9182","value":{"now":15174,"vis":"hidden"}}}
{"check":"lifecycle","result":{"url":"https://mui.kernelsu.org/index.html","socket":"webview_devtools_remote_9182","value":{"events":[{"type":"pageshow","t":778,"vis":"visible"},{"type":"visibilitychange","t":8410,"vis":"hidden"}],"gaps":[],"slow":{"heldMs":3001,"sentAt":1790873281624,"resolvedAt":1790873281631,"vis":"hidden"}}}}
{"check":"dev-url","result":{"error":"no page target","sockets":["webview_devtools_remote_9182"],"targets":[{"socket":"webview_devtools_remote_9182","port":9300,"description":"{\"attached\":true,\"empty\":false,\"height\":640,\"never_attached\":false,\"screenX\":0,\"screenY\":0,\"visible\":false,\"width\":320}","devtoolsFrontendUrl":"https://chrome-devtools-frontend.appspot.com/serve_internal_file/@7741f71cbce3b7dfe3eb5890976d2596364b0733/inspector.html?ws=127.0.0.1:9300/devtools/page/6E1BDE8EEC39D3EF6E2D5FC3E5799D94","id":"6E1BDE8EEC39D3EF6E2D5FC3E5799D94","title":"devicelab probe","type":"page","url":"https://mui.kernelsu.org/index.html","webSocketDebuggerUrl":"ws://127.0.0.1:9300/devtools/page/6E1BDE8EEC39D3EF6E2D5FC3E5799D94"}]}}
Starting: Intent { cmp=com.dergoogler.mmrl.wx/.ui.activity.webui.WebUIActivity (has extras) }
Status: ok
Activity: com.dergoogler.mmrl.wx/.ui.activity.webui.WebUIActivity


https://mui.kernelsu.org/index.html
opened: intent
{"check":"targets","result":[{"type": "page", "url": "https://mui.kernelsu.org/index.html", "title": "Flutter Demo"}]}
{"check":"page","result":{"url":"https://mui.kernelsu.org/index.html","socket":"webview_devtools_remote_10101","value":{"href":"https://mui.kernelsu.org/index.html","title":"Flutter Demo","ready":"complete","flutter":true,"glass":true,"nav":{"dcl":969,"load":4783},"paint":{"first-paint":3189,"first-contentful-paint":9618},"glassAt":"present","firstFrame":null,"insets":"24px","vv":[320,640,1]}}}
{"check":"java-exceptions","result":["10-01 16:48:49.168  8210  8312 E dqod    : \tat dkqj.b(PG:13)", "10-01 16:48:49.168  8210  8312 E dqod    : \tat dqra.run(PG:30)", "10-01 16:48:49.168  8210  8312 E dqod    : \tat dqqd.execute(PG:1)", "10-01 16:48:49.168  8210  8312 E dqod    : \tat dqod.o(PG:1)", "10-01 16:48:49.168  8210  8312 E dqod    : \tat dqod.b(PG:41)", "10-01 16:48:49.168  8210  8312 E dqod    : \tat dqrh.s(PG:9)", "10-01 16:48:49.168  8210  8312 E dqod    : \tat dksz.l(PG:5)", "10-01 16:48:49.168  8210  8312 E dqod    : \tat cyat.a(PG:138)", "10-01 16:48:49.168  8210  8312 E dqod    : \tat bilp.a(PG:29)", "10-01 16:48:49.168  8210  8312 E dqod    : \tat cwzc.r(PG:24)", "10-01 16:48:49.168  8210  8312 E dqod    : \tat cwws.a(PG:5)", "--", "10-01 16:48:49.168  8210  8312 E dqod    : RuntimeException while executing runnable dqra{dkqj@bd95fbb} with executor MoreExecutors.directExecutor()", "10-01 16:48:49.168  8210  8312 E dqod    : java.lang.NullPointerException: Attempt to read from field 'java.lang.String cwru.b' on a null object reference in method 'void cyar.b(java.lang.Object)'", "10-01 16:48:49.168  8210  8312 E dqod    : \tat cyar.b(PG:11)", "10-01 16:48:49.168  8210  8312 E dqod    : \tat dkqj.b(PG:13)", "10-01 16:48:49.168  8210  8312 E dqod    : \tat dqra.run(PG:30)", "10-01 16:48:49.168  8210  8312 E dqod    : \tat dqqd.execute(PG:1)", "10-01 16:48:49.168  8210  8312 E dqod    : \tat dqod.o(PG:1)", "10-01 16:48:49.168  8210  8312 E dqod    : \tat dqod.b(PG:41)", "10-01 16:48:49.168  8210  8312 E dqod    : \tat dqrh.s(PG:9)", "10-01 16:48:49.168  8210  8312 E dqod    : \tat dksz.l(PG:5)", "10-01 16:48:49.168  8210  8312 E dqod    : \tat cyat.a(PG:138)", "10-01 16:48:49.168  8210  8312 E dqod    : \tat bilp.a(PG:29)", "10-01 16:48:49.168  8210  8312 E dqod    : \tat cwzc.r(PG:24)", "10-01 16:48:49.168  8210  8312 E dqod    : \tat cwws.a(PG:5)", "--", "10-01 16:48:49.529  7651  8114 I ChimeraSrvcProxy: NullBinder for android.net.action.RECOMMEND_NETWORKS triggering remote TransactionTooLargeException due to Service without Chimera impl", "10-01 16:48:49.529  7651  8114 W .gms.persistent: Large reply transaction of 1056768 bytes, interface descriptor , code 1", "10-01 16:48:49.533  8210  8219 I .apps.messaging: Background concurrent mark compact GC freed 9398KB AllocSpace bytes, 129(6256KB) LOS objects, 49% free, 14MB/29MB, paused 2.239ms,1.640ms total 149.554ms", "10-01 16:48:49.623 10363 10363 W BpBinder: Linking to death on android.gui.ISurfaceComposer but there are no threads (yet?) listening to incoming transactions. See ProcessState::startThreadPool and ProcessState::setThreadPoolMaxThreadCount. Generally you should setup the binder threadpool before other initialization steps.", "10-01 16:48:49.623 10363 10363 W ProcessState: Extra binder thread started, but 0 threads requested. Do not use *startThreadPool when zero threads are requested.", "10-01 16:48:49.634   163   163 I hwservicemanager: getTransport: Cannot find entry android.hardware.graphics.mapper@4.0::IMapper/default in either framework or device VINTF manifest.", "10-01 16:48:49.634 10363 10364 I Gralloc4: mapper 4.x is not supported", "10-01 16:48:49.787     0     0 I servicemanager: Caller(pid=10363,uid=0,sid=u:r:su:s0) Could not find android.hardware.graphics.allocator.IAllocator/default in the VINTF manifest. No alternative instances declared in VINTF.", "10-01 16:48:49.759  8210  8577 E MDD     : DownloadProgressMonitor: Can't find file group for uri: android://com.google.android.apps.messaging/files/datadownload/shared/public/datadownloadfile_1790873255765", "10-01 16:48:49.763  8210  8324 E MDD     : DownloadProgressMonitor: Can't find file group for uri: android://com.google.android.apps.messaging/files/datadownload/shared/public/datadownloadfile_1790873255766", "10-01 16:48:49.780  8210  8312 D dasx    : Starting download: https://www.gstatic.com/messages/smarts/smart_actions_ml_models/emotion_complete_007_confidence.pb", "10-01 16:48:49.780  8210  8312 V dasx    : Is http uri, downloading (uri: https://www.gstatic.com/messages/smarts/smart_actions_ml_models/emotion_complete_007_confidence.pb)", "10-01 16:48:49.782  8210  8324 D dasx    : Starting download: https://www.gstatic.com/messages/smarts/smart_actions_ml_models/emotion_complete_009_confidence.pb"]}
{"check":"console-errors","result":["--------- beginning of main", "10-01 16:48:29.466 10101 10197 E chromium: [1001/164829.466205:ERROR:variations_seed_loader.cc(37)] Seed missing signature.", "10-01 16:48:29.466 10101 10197 I chromium: [1001/164829.466902:INFO:variations_seed_loader.cc(66)] Failed to open file for reading.: No such file or directory (2)", "10-01 16:48:30.633 10210 10231 W chromium: [WARNING:runtime_features.cc(694)] SharedStorage for M118+ cannot be enabled in this configuration. Use --enable-features=SharedStorageAPI,SharedStorageAPIM118 in addition.", "10-01 16:48:30.633 10210 10231 W chromium: [WARNING:runtime_features.cc(730)] AttributionReportingCrossAppWeb cannot be enabled in this configuration. Use --enable-features=ConversionMeasurement,AttributionReportingCrossAppWeb in addition.", "10-01 16:48:30.781  9280  9991 W chromium: [WARNING:ev_root_ca_metadata.cc(119)] Not implemented", "10-01 16:48:31.312  9280  9280 W chromium: [WARNING:controller_impl.cc(1191)] Background download complete, client: 6, completion type: 0, file size:5154", "10-01 16:48:31.760  9280  9280 W chromium: [WARNING:controller_impl.cc(1191)] Background download complete, client: 6, completion type: 0, file size:45147", "10-01 16:48:32.588 10210 10231 I chromium: [INFO:viewport_data.cc(133)] E2E_Used ViewportFitCover", "10-01 16:48:32.711 10210 10231 I chromium: [INFO:viewport_data.cc(133)] E2E_Used ViewportFitCover", "10-01 16:48:32.961 10261 10282 I chromium: [INFO:child_process_service.cc(70)] ChildProcessService: Exiting child process.", "10-01 16:48:33.225 10271 10284 I chromium: [INFO:child_process_service.cc(70)] ChildProcessService: Exiting child process.", "10-01 16:48:33.539 10101 10101 I chromium: [INFO:CONSOLE(53)] \"Injecting <script> tag. Using callback.\", source:  (53)"]}
{"check":"first-frame-warm","result":{"url":"https://mui.kernelsu.org/index.html","socket":"webview_devtools_remote_10101","value":{"firstFrameMs":1591,"now":15063,"flutter":true,"resizes":[],"paint":{"first-paint":878,"first-contentful-paint":3202},"calls":[[269,"at-preload","ksu:undefined webui:undefined"],[285,"ksu-defined"],[300,"wrap-failed","exec"],[302,"wrap-failed","spawn"],[303,"wrap-failed","moduleInfo"],[305,"wrap-failed","fullScreen"],[307,"wrap-failed","toast"]],"resources":[["/internal/insets.css",223,310,"link",0],["/flutter_webui.css",223,312,"link",0],["/flutter_webui.js",223,356,"script",0],["/flutter_bootstrap.js",240,360,"script",0],["/internal/assets/ext/require.js",240,314,"script",0],["/canvaskit/chromium/canvaskit.wasm",468,658,"fetch",0],["/canvaskit/chromium/canvaskit.js",468,492,"other",0],["/main.dart.js",477,604,"script",0],["/assets/FontManifest.json",1270,1310,"fetch",0],["/assets/fonts/MaterialIcons-Regular.otf",1313,1366,"fetch",0],["/assets/packages/cupertino_icons/assets/CupertinoIcons.ttf",1317,1404,"fetch",0],["/assets/fonts/fallback/Roboto-Regular.ttf",1318,1370,"fetch",0],["/favicon.ico",1318,1359,"other",0]],"marks":[["flutter_webui:register",1409],["flutter_webui:registered",1419],["flutter_webui:first-frame",1591]],"measures":[],"fonts":[]}}}
{"check":"root-start","result":{"url":"https://mui.kernelsu.org/index.html","socket":"webview_devtools_remote_10101","value":{"code":0,"out":"","err":"","ms":183}}}
{"check":"session","result":{"url":"https://mui.kernelsu.org/index.html","socket":"webview_devtools_remote_10101","value":{"status":200,"ms":106,"protocol":1,"version":"0.1.0","port":37257,"pid":10407,"tokenLen":43}}}
{"check":"ws-hello","result":{"url":"https://mui.kernelsu.org/index.html","socket":"webview_devtools_remote_10101","value":{"first":"{\"op\":\"hello\",\"protocol\":1,\"version\":\"0.1.0\",\"pid\":10407,\"boot\":\"dd39e374-07f3-45c1-987c-2249f9bba2c8\",\"uid\":0,\"moduleDir\":\"/data/adb/modules/flutter_webui_counter\"}"}}}
{"check":"channel-process","result":"USER           UID LABEL                            PID NAME                       \nroot             0 u:r:ksu:s0                     10407 ld-linux-x86-64.so.2\nexe=/data/adb/modules/flutter_webui_counter/flutter_webui/x86_64/ld-linux-x86-64.so.2\n/data/adb/modules/flutter_webui_counter/flutter_webui/x86_64/ld-linux-x86-64.so.2 --library-path /data/adb/modules/flutter_webui_counter/flutter_webui/x86_64 /data/adb/modules/flutter_webui_counter/flutter_webui/x86_64/dartaotruntime /data/adb/modules/flutter_webui_counter/flutter_webui/x86_64/flutter_webui_root.aot serve --module-dir /data/adb/modules/flutter_webui_counter \narm64-v8a\nroot\nx86_64\n/data/adb/modules/flutter_webui_counter/flutter_webui/arm64-v8a:\ndartaotruntime\nflutter_webui_root.aot\nld-linux-aarch64.so.1\nlibc.so.6\nlibdl.so.2\nlibm.so.6\nlibpthread.so.0\n\n/data/adb/modules/flutter_webui_counter/flutter_webui/x86_64:\ndartaotruntime\nflutter_webui_root.aot\nld-linux-x86-64.so.2\nlibc.so.6\nlibdl.so.2\nlibm.so.6\nlibpthread.so.0"}
{"check":"root-log","result":"2026-10-01T16:49:07.091127 listening on 127.0.0.1:37257"}
{"check":"session-mode","result":"total 44\ndrwx--x--x 3 root root 4096 2026-10-01 16:49 .\ndrwxr-xr-x 7 root root 4096 2026-10-01 16:49 ..\n-rw------- 1 root root    0 2026-10-01 16:49 lock\ndrwx------ 2 root root 4096 2026-10-01 16:49 proc\n-rw------- 1 root root   56 2026-10-01 16:49 root.log\n-rw-r--r-- 1 root root  197 2026-10-01 16:49 session.json"}
{"check":"home-resume","result":{"url":"https://mui.kernelsu.org/index.html","socket":"webview_devtools_remote_10101","value":{"events":[["visibilitychange","hidden",18003],["visibilitychange","visible",25183]],"ticks":13,"vis":"visible","hasFocus":false}}}
{"check":"before-back","result":{"url":"https://mui.kernelsu.org/index.html","socket":"webview_devtools_remote_10101","value":{"historyLength":2,"historyState":"{\"flutter\":true}","href":"https://mui.kernelsu.org/index.html","typeofWebui":"object","typeofWebuiExit":"function","typeofKsuExit":"undefined","webuiKeys":["exit","getAdditionalConfig","getApplication","getCurrentApplication","getCurrentRootManager","isDebug","openFile","setRefreshing","setRefreshingEnabled","startActivity"],"wrapped":"not writable"}}}
{"check":"back-events","result":{"error":"no page target","sockets":[],"targets":[]}}
{"check":"back-console","result":["10-01 16:49:19.782  7178  8959 I ActivityManager: Killing 10210:com.google.android.webview:sandboxed_process0:org.chromium.content.app.SandboxedProcessService0:0/u0a210i1 (adj 0): isolated not needed", "10-01 16:49:20.374  7178  7277 D ActivityManager: freezing 10004 com.android.chrome:sandboxed_process0:org.chromium.content.app.SandboxedProcessService0:0", "10-01 16:49:20.636  9280  9999 E cr_media: \tat org.chromium.media.MediaDrmBridge.create(chromium-TrichromeChromeGoogle6432.aab-stable-636771938:104)", "10-01 16:49:20.639  9280  9999 W chromium: [WARNING:media_drm_origin_id_manager.cc(328)] Failed to provision origin ID"]}
{"check":"back-at-root","result":"topResumedActivity=ActivityRecord{ce28bd3 u0 com.google.android.apps.nexuslauncher/.NexusLauncherActivity t13}"}
Starting: Intent { cmp=com.dergoogler.mmrl.wx/.ui.activity.webui.WebUIActivity (has extras) }
Status: ok
Activity: com.dergoogler.mmrl.wx/.ui.activity.webui.WebUIActivity

https://mui.kernelsu.org/index.html
opened: intent
{"check":"targets","result":[{"type": "page", "url": "https://mui.kernelsu.org/index.html", "title": "Flutter Demo"}]}
{"check":"page","result":{"url":"https://mui.kernelsu.org/index.html","socket":"webview_devtools_remote_10561","value":{"href":"https://mui.kernelsu.org/index.html","title":"Flutter Demo","ready":"complete","flutter":true,"glass":true,"nav":{"dcl":771,"load":1531},"paint":{"first-paint":4477,"first-contentful-paint":4477},"glassAt":"present","firstFrame":null,"insets":"24px","vv":[320,640,1]}}}
{"check":"java-exceptions","result":["10-01 16:49:35.969  8210  8577 E dqod    : \tat dkqj.b(PG:13)", "10-01 16:49:35.969  8210  8577 E dqod    : \tat dqra.run(PG:30)", "10-01 16:49:35.969  8210  8577 E dqod    : \tat dqqd.execute(PG:1)", "10-01 16:49:35.969  8210  8577 E dqod    : \tat dqod.o(PG:1)", "10-01 16:49:35.969  8210  8577 E dqod    : \tat dqod.b(PG:41)", "10-01 16:49:35.969  8210  8577 E dqod    : \tat dqrh.s(PG:9)", "10-01 16:49:35.969  8210  8577 E dqod    : \tat dksz.l(PG:5)", "10-01 16:49:35.969  8210  8577 E dqod    : \tat cyat.a(PG:138)", "10-01 16:49:35.969  8210  8577 E dqod    : \tat bilp.a(PG:29)", "10-01 16:49:35.969  8210  8577 E dqod    : \tat cwzc.r(PG:24)", "10-01 16:49:35.969  8210  8577 E dqod    : \tat cwws.a(PG:5)", "--", "10-01 16:49:35.969  8210  8577 E dqod    : RuntimeException while executing runnable dqra{dkqj@8651fc6} with executor MoreExecutors.directExecutor()", "10-01 16:49:35.969  8210  8577 E dqod    : java.lang.NullPointerException: Attempt to read from field 'java.lang.String cwru.b' on a null object reference in method 'void cyar.b(java.lang.Object)'", "10-01 16:49:35.969  8210  8577 E dqod    : \tat cyar.b(PG:11)", "10-01 16:49:35.969  8210  8577 E dqod    : \tat dkqj.b(PG:13)", "10-01 16:49:35.969  8210  8577 E dqod    : \tat dqra.run(PG:30)", "10-01 16:49:35.969  8210  8577 E dqod    : \tat dqqd.execute(PG:1)", "10-01 16:49:35.969  8210  8577 E dqod    : \tat dqod.o(PG:1)", "10-01 16:49:35.969  8210  8577 E dqod    : \tat dqod.b(PG:41)", "10-01 16:49:35.969  8210  8577 E dqod    : \tat dqrh.s(PG:9)", "10-01 16:49:35.969  8210  8577 E dqod    : \tat dksz.l(PG:5)", "10-01 16:49:35.969  8210  8577 E dqod    : \tat cyat.a(PG:138)", "10-01 16:49:35.969  8210  8577 E dqod    : \tat bilp.a(PG:29)", "10-01 16:49:35.969  8210  8577 E dqod    : \tat cwzc.r(PG:24)", "10-01 16:49:35.969  8210  8577 E dqod    : \tat cwws.a(PG:5)", "--", "10-01 16:49:37.805  7651  8743 I ChimeraSrvcProxy: NullBinder for android.net.action.RECOMMEND_NETWORKS triggering remote TransactionTooLargeException due to Service without Chimera impl", "10-01 16:49:37.805  7573  9850 V WifiPickerTracker: onWifiEntriesChanged: reason=0", "10-01 16:49:37.807  7651  8743 W .gms.persistent: Large reply transaction of 1056768 bytes, interface descriptor , code 1", "10-01 16:49:37.807  7573  9850 V WifiPickerTracker: Entry 1/1: [StandardWifiEntry][AndroidWifi][Connected][Level:4][Connected][Internet][Default][Primary][Saved]", "10-01 16:49:37.807  7573  9850 V WifiPickerTracker: MergedCarrierEntry: [MergedCarrierEntry][][][Level:-1][SubId:1]", "10-01 16:49:37.826  7101  7132 I netd    : tetherGetStats() -> {[]} <1.62ms>", "10-01 16:49:39.188  7178  7277 D ActivityManager: freezing 9377 com.google.android.webview:webview_service", "10-01 16:49:39.191  7178  7337 D InetDiagMessage: Destroyed 0 sockets, proto=IPPROTO_TCP, family=AF_INET, states=14", "10-01 16:49:39.192  7178  7337 D InetDiagMessage: Destroyed 0 sockets, proto=IPPROTO_TCP, family=AF_INET6, states=14", "10-01 16:49:39.192  7178  7337 D InetDiagMessage: Destroyed live tcp sockets for uids={10151} in 1ms", "10-01 16:49:39.295 10561 10567 W l.process.webui: ApkAssets: Deleting an ApkAssets object '<empty> and /data/app/~~gUIoAdb9FLlmGU3zkP6c5g==/com.google.android.webview-5lJnqSj2xwvukUqPs4qsFQ==/WebViewGoogle.apk' with 2 weak references", "10-01 16:49:39.296 10561 10567 W System  : A resource failed to call close. ", "10-01 16:49:39.296 10561 10567 W System  : A resource failed to call close. "]}
{"check":"console-errors","result":["--------- beginning of main", "10-01 16:49:27.724 10561 10654 E chromium: [1001/164927.722314:ERROR:variations_seed_loader.cc(37)] Seed missing signature.", "10-01 16:49:27.726 10561 10654 I chromium: [1001/164927.724510:INFO:variations_seed_loader.cc(66)] Failed to open file for reading.: No such file or directory (2)", "10-01 16:49:28.081 10561 10662 E chromium: [ERROR:simple_file_enumerator.cc(21)] opendir /data/user/0/com.dergoogler.mmrl.wx/cache/WebView/Default/HTTP Cache/Code Cache/js: No such file or directory (2)", "10-01 16:49:28.085 10561 10662 E chromium: [ERROR:simple_index_file.cc(614)] Could not reconstruct index from disk", "10-01 16:49:28.092 10561 10674 E chromium: [ERROR:simple_file_enumerator.cc(21)] opendir /data/user/0/com.dergoogler.mmrl.wx/cache/WebView/Default/HTTP Cache/Code Cache/wasm: No such file or directory (2)", "10-01 16:49:28.092 10561 10674 E chromium: [ERROR:simple_index_file.cc(614)] Could not reconstruct index from disk", "10-01 16:49:28.682 10658 10693 W chromium: [WARNING:runtime_features.cc(694)] SharedStorage for M118+ cannot be enabled in this configuration. Use --enable-features=SharedStorageAPI,SharedStorageAPIM118 in addition.", "10-01 16:49:28.682 10658 10693 W chromium: [WARNING:runtime_features.cc(730)] AttributionReportingCrossAppWeb cannot be enabled in this configuration. Use --enable-features=ConversionMeasurement,AttributionReportingCrossAppWeb in addition.", "10-01 16:49:29.896 10561 10561 I chromium: [INFO:CONSOLE(53)] \"Injecting <script> tag. Using callback.\", source:  (53)"]}
{"check":"first-frame-warm","result":{"url":"https://mui.kernelsu.org/index.html","socket":"webview_devtools_remote_10561","value":{"firstFrameMs":948,"now":15056,"flutter":true,"resizes":[],"paint":{"first-paint":1780,"first-contentful-paint":1780},"calls":[[135,"at-preload","ksu:undefined webui:undefined"],[166,"ksu-defined"],[192,"wrap-failed","exec"],[197,"wrap-failed","spawn"],[209,"wrap-failed","moduleInfo"],[213,"wrap-failed","fullScreen"],[219,"wrap-failed","toast"]],"resources":[["/flutter_bootstrap.js",104,246,"script",0],["/internal/assets/ext/require.js",104,152,"script",0],["/canvaskit/chromium/canvaskit.wasm",332,488,"fetch",0],["/canvaskit/chromium/canvaskit.js",332,359,"other",0],["/main.dart.js",334,424,"script",0],["/assets/FontManifest.json",770,836,"fetch",0],["/favicon.png",778,850,"other",0],["/assets/fonts/MaterialIcons-Regular.otf",843,862,"fetch",0],["/assets/packages/cupertino_icons/assets/CupertinoIcons.ttf",844,861,"fetch",0],["/assets/fonts/fallback/Roboto-Regular.ttf",844,869,"fetch",0],["/favicon.png",950,1777,"other",0]],"marks":[],"measures":[],"fonts":[]}}}
Starting: Intent { cmp=com.dergoogler.mmrl.wx/.ui.activity.webui.WebUIActivity (has extras) }
Status: ok
Activity: com.dergoogler.mmrl.wx/.ui.activity.webui.WebUIActivity

https://mui.kernelsu.org/index.html
opened: intent
{"check":"targets","result":[{"type": "page", "url": "https://mui.kernelsu.org/index.html", "title": "Demo"}]}
{"check":"page","result":{"url":"https://mui.kernelsu.org/index.html","socket":"webview_devtools_remote_10792","value":{"href":"https://mui.kernelsu.org/index.html","title":"Demo","ready":"complete","flutter":true,"glass":true,"nav":{"dcl":219,"load":2320},"paint":{"first-paint":1656,"first-contentful-paint":5734},"glassAt":"present","firstFrame":null,"insets":"24px","vv":[320,640,1]}}}
{"check":"java-exceptions","result":["10-01 16:50:11.719  7651  7696 W GLSUser : \tat etvr.s(:com.google.android.gms@242335041@24.23.35 (190800-646585959):21)", "10-01 16:50:11.719  7651  7696 W GLSUser : \tat etvr.get(:com.google.android.gms@242335041@24.23.35 (190800-646585959):10)", "10-01 16:50:11.719  7651  7696 W GLSUser : \tat yfw.b(:com.google.android.gms@242335041@24.23.35 (190800-646585959):477)", "10-01 16:50:11.719  7651  7696 W GLSUser : \tat yfu.b(:com.google.android.gms@242335041@24.23.35 (190800-646585959):31)", "10-01 16:50:11.719  7651  7696 W GLSUser : \tat yfp.a(:com.google.android.gms@242335041@24.23.35 (190800-646585959):1)", "10-01 16:50:11.719  7651  7696 W GLSUser : \tat yfs.a(:com.google.android.gms@242335041@24.23.35 (190800-646585959):58)", "10-01 16:50:11.719  7651  7696 W GLSUser : \tat uou.call(:com.google.android.gms@242335041@24.23.35 (190800-646585959):56)", "10-01 16:50:11.719  7651  7696 W GLSUser : \tat java.util.concurrent.FutureTask.run(FutureTask.java:264)", "10-01 16:50:11.719  7651  7696 W GLSUser : \tat angs.c(:com.google.android.gms@242335041@24.23.35 (190800-646585959):50)", "10-01 16:50:11.719  7651  7696 W GLSUser : \tat angs.run(:com.google.android.gms@242335041@24.23.35 (190800-646585959):76)", "10-01 16:50:11.719  7651  7696 W GLSUser : \tat java.util.concurrent.ThreadPoolExecutor.runWorker(ThreadPoolExecutor.java:1145)", "10-01 16:50:11.719  7651  7696 W GLSUser : \tat java.util.concurrent.ThreadPoolExecutor$Worker.run(ThreadPoolExecutor.java:644)", "--", "10-01 16:50:11.719  7651  7696 W GLSUser : Caused by: bpcw: Parse Proto Exception with response code 400", "10-01 16:50:11.719  7651  7696 W GLSUser : \tat bpdw.b(:com.google.android.gms@242335041@24.23.35 (190800-646585959):80)", "10-01 16:50:11.719  7651  7696 W GLSUser : \tat bpgb.e(:com.google.android.gms@242335041@24.23.35 (190800-646585959):17)", "10-01 16:50:11.719  7651  7696 W GLSUser : \tat bpgp.onSucceeded(:com.google.android.gms@242335041@24.23.35 (190800-646585959):7)", "10-01 16:50:11.719  7651  7696 W GLSUser : \tat m.mw.onSucceeded(:com.google.android.gms.dynamite_cronetdynamite@242335041@24.23.35 (190800-0):3)", "10-01 16:50:11.719  7651  7696 W GLSUser : \tat m.lt.run(:com.google.android.gms.dynamite_cronetdynamite@242335041@24.23.35 (190800-0):25)", "10-01 16:50:11.719  7651  7696 W GLSUser : \t... 6 more", "10-01 16:50:11.719  7651  7696 W GLSUser : Caused by: fkhe: Protocol message contained an invalid tag (zero).", "10-01 16:50:11.719  7651  7696 W GLSUser : \tat fkea.k(:com.google.android.gms@242335041@24.23.35 (190800-646585959):39)", "10-01 16:50:11.719  7651  7696 W GLSUser : \tat fkid.c(:com.google.android.gms@242335041@24.23.35 (190800-646585959):309)", "10-01 16:50:11.719  7651  7696 W GLSUser : \tat fkid.i(:com.google.android.gms@242335041@24.23.35 (190800-646585959):8)", "10-01 16:50:11.719  7651  7696 W GLSUser : \tat fkgi.fe(:com.google.android.gms@242335041@24.23.35 (190800-646585959):25)", "10-01 16:50:11.719  7651  7696 W GLSUser : \tat fkgc.g(:com.google.android.gms@242335041@24.23.35 (190800-646585959):3)", "--", "10-01 16:50:14.036  7651  8113 I ChimeraSrvcProxy: NullBinder for android.net.action.RECOMMEND_NETWORKS triggering remote TransactionTooLargeException due to Service without Chimera impl", "10-01 16:50:14.036  7651  8113 W .gms.persistent: Large reply transaction of 1056768 bytes, interface descriptor , code 1", "10-01 16:50:15.918  7178  7277 D ActivityManager: freezing 9377 com.google.android.webview:webview_service", "10-01 16:50:15.921  7178  7337 D InetDiagMessage: Destroyed 0 sockets, proto=IPPROTO_TCP, family=AF_INET, states=14", "10-01 16:50:15.922  7178  7337 D InetDiagMessage: Destroyed 0 sockets, proto=IPPROTO_TCP, family=AF_INET6, states=14", "10-01 16:50:15.922  7178  7337 D InetDiagMessage: Destroyed live tcp sockets for uids={10151} in 2ms", "10-01 16:50:16.102  7178 10455 D OomAdjuster: Not killing cached processes", "10-01 16:50:16.103  7178 10455 W ProcessStats: Tracking association SourceState{11f8ea com.google.android.gms.persistent/10143 BTop #2046} whose proc state 2 is better than process ProcessState{c0f4448 com.google.android.gms.unstable/10143 pkg=com.google.android.gms} proc state 14 (17 skipped)", "10-01 16:50:20.989  7101  7132 I netd    : tetherGetStats() -> {[]} <0.81ms>", "10-01 16:50:22.541 10971 10971 W BpBinder: Linking to death on android.gui.ISurfaceComposer but there are no threads (yet?) listening to incoming transactions. See ProcessState::startThreadPool and ProcessState::setThreadPoolMaxThreadCount. Generally you should setup the binder threadpool before other initialization steps.", "10-01 16:50:22.542 10971 10971 W ProcessState: Extra binder thread started, but 0 threads requested. Do not use *startThreadPool when zero threads are requested.", "10-01 16:50:22.554   163   163 I hwservicemanager: getTransport: Cannot find entry android.hardware.graphics.mapper@4.0::IMapper/default in either framework or device VINTF manifest.", "10-01 16:50:22.554 10971 10972 I Gralloc4: mapper 4.x is not supported"]}
{"check":"console-errors","result":["--------- beginning of main", "10-01 16:50:05.242 10792 10885 E chromium: [1001/165005.242277:ERROR:variations_seed_loader.cc(37)] Seed missing signature.", "10-01 16:50:05.243 10792 10885 I chromium: [1001/165005.243585:INFO:variations_seed_loader.cc(66)] Failed to open file for reading.: No such file or directory (2)", "10-01 16:50:05.597 10898 10918 W chromium: [WARNING:runtime_features.cc(694)] SharedStorage for M118+ cannot be enabled in this configuration. Use --enable-features=SharedStorageAPI,SharedStorageAPIM118 in addition.", "10-01 16:50:05.597 10898 10918 W chromium: [WARNING:runtime_features.cc(730)] AttributionReportingCrossAppWeb cannot be enabled in this configuration. Use --enable-features=ConversionMeasurement,AttributionReportingCrossAppWeb in addition.", "10-01 16:50:06.092 10898 10918 I chromium: [INFO:viewport_data.cc(133)] E2E_Used ViewportFitCover", "10-01 16:50:06.283 10792 10792 I chromium: [INFO:CONSOLE(53)] \"Injecting <script> tag. Using callback.\", source:  (53)"]}
{"check":"first-frame-warm","result":{"url":"https://mui.kernelsu.org/index.html","socket":"webview_devtools_remote_10792","value":{"firstFrameMs":1411,"now":15059,"flutter":true,"resizes":[],"paint":{"first-paint":917,"first-contentful-paint":3536},"calls":[[182,"at-preload","ksu:undefined webui:undefined"],[210,"ksu-defined"],[233,"wrap-failed","exec"],[234,"wrap-failed","spawn"],[235,"wrap-failed","moduleInfo"],[235,"wrap-failed","fullScreen"],[236,"wrap-failed","toast"]],"resources":[["/internal/insets.css",164,238,"link",0],["/flutter_webui.css",165,241,"link",0],["/flutter_webui.js",171,239,"script",0],["/flutter_bootstrap.js",172,241,"script",0],["/internal/assets/ext/require.js",172,240,"script",0],["/canvaskit/chromium/canvaskit.wasm",286,434,"fetch",0],["/canvaskit/chromium/canvaskit.js",288,339,"other",0],["/main.dart.js",289,433,"script",0],["/assets/FontManifest.json",881,952,"fetch",0],["/favicon.ico",890,913,"other",0],["/assets/fonts/MaterialIcons-Regular.otf",954,984,"fetch",0],["/assets/fonts/fallback/Roboto-Regular.ttf",954,998,"fetch",0],["/pkg/demo_native_bg.wasm",3247,3595,"fetch",0]],"marks":[["flutter_webui:register",1018],["flutter_webui:registered",1025],["flutter_webui:first-frame",1411]],"measures":[],"fonts":[]}}}
{"url":"https://mui.kernelsu.org/index.html","socket":"webview_devtools_remote_10792","value":"semantics on"}
{"check":"home","result":{"url":"https://mui.kernelsu.org/index.html","socket":"webview_devtools_remote_10792","value":["Squadron","Process","native","net","Say hello","Count to 5","SHA-256","Demo pages\nOne page per thing the stack promises.","Places","Strategy","Rust","Lifecycle","Shell","Plugins"]}}
{"check":"colors-css","result":{"url":"https://mui.kernelsu.org/index.html","socket":"webview_devtools_remote_10792","value":{"status":200,"type":"text/css","body":":root {\n\t/* App Base Colors */\n\t--background: #faf8ffff;\n\t--error: #b3261eff;\n\t--errorContainer: #f9dedcff;\n\t--inverseOnSurface: #e3e2e9ff;\n\t--inversePrimary: #b2c5ffff;\n\t--inverseSurface: #121318ff;\n\t--onBackground: #1a1b21ff;\n\t--onError: #ffffffff;\n\t--onErrorContainer: #410e0bff;\n\t--onPrimary: #ffffffff;\n\t--onPrimaryContainer: #001849ff;\n\t--onSecondary: #ffffffff;\n\t--onSecondaryContainer: #151b2cff;\n\t--onSurface: #1a1b21ff;\n\t--onSurfaceVariant: #45464fff;\n\t--onTertiary: #ffffffff;\n\t--onTertiaryContainer: #2b122bff;\n\t--outline: #757780ff;\n\t--outlineVariant: #c5c6d0ff;\n\t--primary: #495d92ff;\n\t--primaryContainer: #dae2ffff;\n\t--scrim: #000000ff;\n\t--secondary: #585e71ff;\n\t--secondaryContainer: #dde2f9ff;\n\t--surface: #faf8ffff;\n\t--tonalSurface: #f1f0f9ff;\n\t--surfaceBright: #faf8ffff;\n\t--surfaceContainer: #eeedf4ff;\n\t--surfaceContainerHigh: #e8e7efff;\n\t--surfaceContainerHighest: #e3e2e9ff;\n\t--surfaceContainerLow: #f4f3faff;\n\t--surfaceContainerLowest: #ffffffff;\n\t--surfaceDim: #dad9e0ff;\n\t--surfaceTint: #495d92ff;\n\t--surfaceVariant: #e1e2ecff;\n\t--tertiary: #735471ff;\n\t--tertiaryContainer: #fed6f9ff;\n\t/* Filled Tonal Button Colors */\n\t--filledTonalButtonContainerColor: #dde2f9ff;\n\t--filledTonalButtonContentColor: #151b2cff;\n\t--filledTonalButtonDisabledContainerColor: #1a1b211f;\n\t--filledTonalButtonDisabledContentColor: #1a1b2161;\n\t/* Filled Card Colors */\n\t--filledCardContainerColor: #e3e2e9ff;\n\t--filledCardContentColor: #1a1b21ff;\n\t--filledCardDisabledContainerColor: #e2e2eaff;\n\t--"}}}
{"check":"wasm-at-home","result":{"url":"https://mui.kernelsu.org/index.html","socket":"webview_devtools_remote_10792","value":{"wasm":[{"name":"chromium/canvaskit.wasm","start":286,"dur":148},{"name":"pkg/demo_native_bg.wasm","start":3247,"dur":349}],"marks":[{"name":"flutter_webui:register","t":1018},{"name":"flutter_webui:registered","t":1025},{"name":"flutter_webui:first-frame","t":1411}],"measures":[],"now":19492}}}
{"check":"tap-places","result":{"url":"https://mui.kernelsu.org/index.html","socket":"webview_devtools_remote_10792","value":"tapped Places at 16,572 size 288x56 role button tappable"}}
{"check":"places","result":{"url":"https://mui.kernelsu.org/index.html","socket":"webview_devtools_remote_10792","value":["Back\nBack","One service, DemoService, opened in every place this build knows. Each place probes its own facts from inside; the page never guesses from the platform it was built for.","200k","1M","3M","Count primes in every place","Restart places","inline (the caller)\nkind: inline\nstart 535 ms, first facts() round trip 198 ms\nroot\ncheck: effective uid 0\nblock_devices\ncheck: a kernel-listed block device opens for reading\nusb.native\ncheck: /dev/bus/usb lists\nusb.web\ncheck: navigator.usb exists\nprocess.spawn\ncheck: a shell runs\nfs.persistent\ncheck: working dir writable, or storage persisted\nnet\ncheck: a non-loopback interface is up, or onLine\nnative\ncheck: null","worker (isolate or Web Worker)\nkind: web_worker\nstart 737 ms, first facts() round trip 147 ms\nroot\ncheck: effective uid 0\nblock_devices\ncheck: a kernel-listed block device opens for reading\nusb.native\ncheck: /dev/bus/usb lists\nusb.web\ncheck: navigator.usb exists\nprocess.spawn\ncheck: a shell runs\nfs.persistent\ncheck: working dir writable, or storage persisted\nnet\ncheck: a non-loopback interface is up, or onLine\nnative\ncheck: null","Places","Strategy","Rust","Lifecycle","Shell","Plugins"]}}
{"check":"places-scroll-1","result":{"url":"https://mui.kernelsu.org/index.html","socket":"webview_devtools_remote_10792","value":["Back\nBack","200k","1M","3M","Count primes in every place","Restart places","inline (the caller)\nkind: inline\nstart 535 ms, first facts() round trip 198 ms\nroot\ncheck: effective uid 0\nblock_devices\ncheck: a kernel-listed block device opens for reading\nusb.native\ncheck: /dev/bus/usb lists\nusb.web\ncheck: navigator.usb exists\nprocess.spawn\ncheck: a shell runs\nfs.persistent\ncheck: working dir writable, or storage persisted\nnet\ncheck: a non-loopback interface is up, or onLine\nnative\ncheck: null","worker (isolate or Web Worker)\nkind: web_worker\nstart 737 ms, first facts() round trip 147 ms\nroot\ncheck: effective uid 0\nblock_devices\ncheck: a kernel-listed block device opens for reading\nusb.native\ncheck: /dev/bus/usb lists\nusb.web\ncheck: navigator.usb exists\nprocess.spawn\ncheck: a shell runs\nfs.persistent\ncheck: working dir writable, or storage persisted\nnet\ncheck: a non-loopback interface is up, or onLine\nnative\ncheck: null","Places","Strategy","Rust","Lifecycle","Shell","Plugins"]}}
{"check":"places-scroll-2","result":{"url":"https://mui.kernelsu.org/index.html","socket":"webview_devtools_remote_10792","value":["Back\nBack","inline (the caller)\nkind: inline\nstart 535 ms, first facts() round trip 198 ms\nroot\ncheck: effective uid 0\nblock_devices\ncheck: a kernel-listed block device opens for reading\nusb.native\ncheck: /dev/bus/usb lists\nusb.web\ncheck: navigator.usb exists\nprocess.spawn\ncheck: a shell runs\nfs.persistent\ncheck: working dir writable, or storage persisted\nnet\ncheck: a non-loopback interface is up, or onLine\nnative\ncheck: null","worker (isolate or Web Worker)\nkind: web_worker\nstart 737 ms, first facts() round trip 147 ms\nroot\ncheck: effective uid 0\nblock_devices\ncheck: a kernel-listed block device opens for reading\nusb.native\ncheck: /dev/bus/usb lists\nusb.web\ncheck: navigator.usb exists\nprocess.spawn\ncheck: a shell runs\nfs.persistent\ncheck: working dir writable, or storage persisted\nnet\ncheck: a non-loopback interface is up, or onLine\nnative\ncheck: null","root process (the app CLI, serve mode)\nkind: process\nstart 734 ms, first facts() round trip 0 ms\nroot\ncheck: effective uid 0\nblock_devices\ncheck: a kernel-listed block device opens for reading\nusb.native\ncheck: /dev/bus/usb lists\nusb.web\ncheck: navigator.usb exists\nprocess.spawn\ncheck: a shell runs\nfs.persistent\ncheck: working dir writable, or storage persisted\nnet\ncheck: a non-loopback interface is up, or onLine\nnative\ncheck: null","Places","Strategy","Rust","Lifecycle","Shell","Plugins"]}}
{"check":"places-scroll-3","result":{"url":"https://mui.kernelsu.org/index.html","socket":"webview_devtools_remote_10792","value":["Back\nBack","worker (isolate or Web Worker)\nkind: web_worker\nstart 737 ms, first facts() round trip 147 ms\nroot\ncheck: effective uid 0\nblock_devices\ncheck: a kernel-listed block device opens for reading\nusb.native\ncheck: /dev/bus/usb lists\nusb.web\ncheck: navigator.usb exists\nprocess.spawn\ncheck: a shell runs\nfs.persistent\ncheck: working dir writable, or storage persisted\nnet\ncheck: a non-loopback interface is up, or onLine\nnative\ncheck: null","root process (the app CLI, serve mode)\nkind: process\nstart 734 ms, first facts() round trip 0 ms\nroot\ncheck: effective uid 0\nblock_devices\ncheck: a kernel-listed block device opens for reading\nusb.native\ncheck: /dev/bus/usb lists\nusb.web\ncheck: navigator.usb exists\nprocess.spawn\ncheck: a shell runs\nfs.persistent\ncheck: working dir writable, or storage persisted\nnet\ncheck: a non-loopback interface is up, or onLine\nnative\ncheck: null","Reference: one call and one stream per place\nsquadron_process doc/benchmark.md, a 4-vCPU VM. Not measured here; devicelab measures devices.\nCall: isolate 31 µs, Web Worker (dart2js) 120 µs, process 247 µs, process from the page 401 µs.\n64 KiB stream: isolate 3643 MiB/s, Web Worker 631 MiB/s, process link about 110 MiB/s.","Places","Strategy","Rust","Lifecycle","Shell","Plugins"]}}
{"check":"tap-strategy","result":{"url":"https://mui.kernelsu.org/index.html","socket":"webview_devtools_remote_10792","value":"tapped Strategy at 53,536 size 53x80 role tab tappable"}}
{"check":"strategy","result":{"url":"https://mui.kernelsu.org/index.html","socket":"webview_devtools_remote_10792","value":["Back\nBack","Objective: list the device's partitions. Strategies in preference order: on the device as root, then from a host over USB. The first one the place's facts allow runs; nothing reads kIsWeb or Platform.","Place","inline (the caller)","worker (isolate or Web Worker)","root process (the app CLI, serve mode)","Facts from inline (the caller)\nSwitch a fact off to see the fallback. You can only take facts away.\nroot\ncheck: effective uid 0\nblock_devices\ncheck: a kernel-listed block device opens for reading\nusb.native\ncheck: /dev/bus/usb lists\nusb.web\ncheck: navigator.usb exists\nprocess.spawn\ncheck: a shell runs\nfs.persistent\ncheck: working dir writable, or storage persisted\nnet\ncheck: a non-loopback interface is up, or onLine\nnative\ncheck: null","root","block_devices","usb.native","process.spawn","Places","Strategy","Rust","Lifecycle","Shell","Plugins"]}}
{"check":"tap-strategy-root","result":{"url":"https://mui.kernelsu.org/index.html","socket":"webview_devtools_remote_10792","value":"tapped root process at 24,358 size 272x48 role checkbox tappable"}}
{"check":"strategy-root","result":{"url":"https://mui.kernelsu.org/index.html","socket":"webview_devtools_remote_10792","value":["Back\nBack","Objective: list the device's partitions. Strategies in preference order: on the device as root, then from a host over USB. The first one the place's facts allow runs; nothing reads kIsWeb or Platform.","Place","inline (the caller)","worker (isolate or Web Worker)","root process (the app CLI, serve mode)","Facts from root process (the app CLI, serve mode)\nSwitch a fact off to see the fallback. You can only take facts away.\nroot\ncheck: effective uid 0\nblock_devices\ncheck: a kernel-listed block device opens for reading\nusb.native\ncheck: /dev/bus/usb lists\nusb.web\ncheck: navigator.usb exists\nprocess.spawn\ncheck: a shell runs\nfs.persistent\ncheck: working dir writable, or storage persisted\nnet\ncheck: a non-loopback interface is up, or onLine\nnative\ncheck: null","root","block_devices","usb.native","process.spawn","Places","Strategy","Rust","Lifecycle","Shell","Plugins"]}}
{"check":"strategy-root-scroll-1","result":{"url":"https://mui.kernelsu.org/index.html","socket":"webview_devtools_remote_10792","value":["Back\nBack","Objective: list the device's partitions. Strategies in preference order: on the device as root, then from a host over USB. The first one the place's facts allow runs; nothing reads kIsWeb or Platform.","Place","inline (the caller)","worker (isolate or Web Worker)","root process (the app CLI, serve mode)","Facts from root process (the app CLI, serve mode)\nSwitch a fact off to see the fallback. You can only take facts away.\nroot\ncheck: effective uid 0\nblock_devices\ncheck: a kernel-listed block device opens for reading\nusb.native\ncheck: /dev/bus/usb lists\nusb.web\ncheck: navigator.usb exists\nprocess.spawn\ncheck: a shell runs\nfs.persistent\ncheck: working dir writable, or storage persisted\nnet\ncheck: a non-loopback interface is up, or onLine\nnative\ncheck: null","root","block_devices","usb.native","process.spawn","Chosen: on device (/proc/partitions as root)\non_device chosen","Places","Strategy","Rust","Lifecycle","Shell","Plugins"]}}
{"check":"strategy-root-scroll-2","result":{"url":"https://mui.kernelsu.org/index.html","socket":"webview_devtools_remote_10792","value":["Back\nBack","Place","root process (the app CLI, serve mode)","Facts from root process (the app CLI, serve mode)\nSwitch a fact off to see the fallback. You can only take facts away.\nroot\ncheck: effective uid 0\nblock_devices\ncheck: a kernel-listed block device opens for reading\nusb.native\ncheck: /dev/bus/usb lists\nusb.web\ncheck: navigator.usb exists\nprocess.spawn\ncheck: a shell runs\nfs.persistent\ncheck: working dir writable, or storage persisted\nnet\ncheck: a non-loopback interface is up, or onLine\nnative\ncheck: null","root","block_devices","usb.native","process.spawn","Chosen: on device (/proc/partitions as root)\non_device chosen","on device (/proc/partitions as root)\nneeds root + block_devices: has them","from host (fastboot getvar all)\nneeds usb.native + process.spawn: has them","Run on_device in process","Log\nEvery run: objective, strategy, place and the facts it saw.\nNothing has run yet.","Places","Strategy","Rust","Lifecycle","Shell","Plugins"]}}
{"check":"tap-rust","result":{"url":"https://mui.kernelsu.org/index.html","socket":"webview_devtools_remote_10792","value":"tapped Rust at 107,536 size 53x80 role tab tappable"}}
{"check":"rust","result":{"url":"https://mui.kernelsu.org/index.html","socket":"webview_devtools_remote_10792","value":["Back\nBack","The demo crate (rust/) counts the primes below 1000000 with the same loop as page 1's Dart. The service loads it in its own place through flutter_rust_bridge, so each place runs its own build.","Run in every place","inline (the caller)","Run here","worker (isolate or Web Worker)","Run here","root process (the app CLI, serve mode)","Run here","Places","Strategy","Rust","Lifecycle","Shell","Plugins"]}}
{"check":"tap-rust-run","result":{"url":"https://mui.kernelsu.org/index.html","socket":"webview_devtools_remote_10792","value":"tapped Run in every place at 16,196 size 288x48 role button tappable"}}
{"check":"rust-ran","result":{"url":"https://mui.kernelsu.org/index.html","socket":"webview_devtools_remote_10792","value":["Back\nBack","The demo crate (rust/) counts the primes below 1000000 with the same loop as page 1's Dart. The service loads it in its own place through flutter_rust_bridge, so each place runs its own build.","Run in every place","inline (the caller)\nBuilt for: wasm32-unknown (single-threaded)\nLoad: 317 ms (once per place, on its first Rust call; on the web that fetches and instantiates the wasm)\nRust 174 ms, Dart 1512 ms (same count: 78498)","Run here","worker (isolate or Web Worker)\nBuilt for: wasm32-unknown (single-threaded)\nLoad: 183 ms (once per place, on its first Rust call; on the web that fetches and instantiates the wasm)\nRust 244 ms, Dart 279 ms (same count: 78498)","Run here","root process (the app CLI, serve mode)\nBuilt for: x86_64-android\nLoad: 1 ms (once per place, on its first Rust call; on the web that fetches and instantiates the wasm)\nRust 193 ms, Dart 147 ms (same count: 78498)","Places","Strategy","Rust","Lifecycle","Shell","Plugins"]}}
{"check":"wasm-after-rust","result":{"url":"https://mui.kernelsu.org/index.html","socket":"webview_devtools_remote_10792","value":{"wasm":[{"name":"chromium/canvaskit.wasm","start":286,"dur":148},{"name":"pkg/demo_native_bg.wasm","start":3247,"dur":349},{"name":"pkg/demo_native_bg.wasm","start":21151,"dur":169},{"name":"pkg/demo_native_bg.wasm","start":21313,"dur":280},{"name":"pkg/demo_native_bg.wasm","start":21314,"dur":281},{"name":"pkg/demo_native_bg.wasm","start":21318,"dur":277},{"name":"pkg/demo_native_bg.wasm","start":22075,"dur":130},{"name":"pkg/demo_native_bg.wasm","start":22331,"dur":63},{"name":"pkg/demo_native_bg.wasm","start":22391,"dur":60},{"name":"pkg/demo_native_bg.wasm","start":22446,"dur":71},{"name":"pkg/demo_native_bg.wasm","start":86393,"dur":103}],"marks":[{"name":"flutter_webui:register","t":1018},{"name":"flutter_webui:registered","t":1025},{"name":"flutter_webui:first-frame","t":1411}],"measures":[],"now":107651}}}
{"check":"tap-rust-run-2","result":{"url":"https://mui.kernelsu.org/index.html","socket":"webview_devtools_remote_10792","value":"tapped Run in every place at 16,196 size 288x48 role button tappable"}}
{"check":"rust-ran-2","result":{"url":"https://mui.kernelsu.org/index.html","socket":"webview_devtools_remote_10792","value":["Back\nBack","The demo crate (rust/) counts the primes below 1000000 with the same loop as page 1's Dart. The service loads it in its own place through flutter_rust_bridge, so each place runs its own build.","Run in every place","inline (the caller)\nBuilt for: wasm32-unknown (single-threaded)\nLoad: 0 ms (once per place, on its first Rust call; on the web that fetches and instantiates the wasm)\nRust 140 ms, Dart 1482 ms (same count: 78498)","Run here","worker (isolate or Web Worker)\nBuilt for: wasm32-unknown (single-threaded)\nLoad: 5 ms (once per place, on its first Rust call; on the web that fetches and instantiates the wasm)\nRust 287 ms, Dart 251 ms (same count: 78498)","Run here","root process (the app CLI, serve mode)\nBuilt for: x86_64-android\nLoad: 0 ms (once per place, on its first Rust call; on the web that fetches and instantiates the wasm)\nRust 167 ms, Dart 147 ms (same count: 78498)","Places","Strategy","Rust","Lifecycle","Shell","Plugins"]}}
{"check":"tap-lifecycle","result":{"url":"https://mui.kernelsu.org/index.html","socket":"webview_devtools_remote_10792","value":"tapped Lifecycle at 160,536 size 53x80 role tab tappable"}}
{"check":"tap-root-process","result":{"url":"https://mui.kernelsu.org/index.html","socket":"webview_devtools_remote_10792","value":"tapped root process at 24,390 size 272x48 role checkbox tappable"}}
{"check":"tap-start","result":{"url":"https://mui.kernelsu.org/index.html","socket":"webview_devtools_remote_10792","value":"tapped Start at 24,462 size 97x48 role button tappable"}}
{"check":"lifecycle-running","result":{"url":"https://mui.kernelsu.org/index.html","socket":"webview_devtools_remote_10792","value":["Back\nBack","Start a five-minute task, then switch away (Home, another app or tab) and come back: hidden keeps going. Close the app instead and reopen it: closed stops, and this page says where the task was when it ended.","Task\ntick every 500 ms, stamped with the place's own clock\nrunning in process: tick 17/600, longest gap 515 ms, app resumed 3","inline (the caller)","worker (isolate or Web Worker)","root process (the app CLI, serve mode)","Stop","Lifecycle\n16:52:39  started in process","Facts from root process (the app CLI, serve mode)\nroot\ncheck: effective uid 0\nblock_devices\ncheck: a kernel-listed block device opens for reading\nusb.native\ncheck: /dev/bus/usb lists\nusb.web\ncheck: navigator.usb exists\nprocess.spawn\ncheck: a shell runs\nfs.persistent\ncheck: working dir writable, or storage persisted\nnet\ncheck: a non-loopback interface is up, or onLine\nnative\ncheck: null","Places","Strategy","Rust","Lifecycle","Shell","Plugins"]}}
{"check":"lifecycle-after-home","result":{"url":"https://mui.kernelsu.org/index.html","socket":"webview_devtools_remote_10792","value":["Back\nBack","Start a five-minute task, then switch away (Home, another app or tab) and come back: hidden keeps going. Close the app instead and reopen it: closed stops, and this page says where the task was when it ended.","Task\ntick every 500 ms, stamped with the place's own clock\nrunning in process: tick 42/600, longest gap 518 ms, app resumed 7","inline (the caller)","worker (isolate or Web Worker)","root process (the app CLI, serve mode)","Stop","Lifecycle\n16:52:56  away 7.1 s: the place produced 14 ticks (on schedule: 14); longest gap 515 ms\n16:52:56  inactive -> resumed\n16:52:56  hidden -> inactive\n16:52:49  inactive -> hidden\n16:52:49  resumed -> inactive\n16:52:39  started in process","Places","Strategy","Rust","Lifecycle","Shell","Plugins"]}}
{"check":"root-process","result":"root             0 u:r:ksu:s0                     11029 dartaotruntime\nroot             0 u:r:ksu:s0                     11048 dartaotruntime"}
/home/runner/work/devicelab/devicelab/out/sockprobe: 1 file pushed, 0 skipped. 96.7 MB/s (3501149 bytes in 0.035s)
{"check":"block-devices","result":"dm-0\ndm-1\ndm-11\ndm-13\ndm-14\ndm-16\ndm-17\ndm-18\ntotal 0\ndrwxr-xr-x 2 root root u:object_r:block_device:s0                140 2026-10-01 16:40 by-name\nbrw------- 1 root root u:object_r:dm_device:s0              254,   0 2026-10-01 16:40 dm-0\nbrw------- 1 root root u:object_r:dm_device:s0              254,   1 2026-10-01 16:40 dm-1\nbrw------- 1 root root u:object_r:dm_device:s0              254,  11 2026-10-01 16:40 dm-11\nbrw------- 1 root root u:object_r:dm_device:s0              254,  13 2026-10-01 16:40 dm-13\nbrw------- 1 root root u:object_r:dm_device:s0              254,  14 2026-10-01 16:40 dm-14\nbrw------- 1 root root u:object_r:dm_device:s0              254,  16 2026-10-01 16:40 dm-16\nbrw------- 1 root root u:object_r:dm_device:s0              254,  17 2026-10-01 16:40 dm-17\nbrw------- 1 root root u:object_r:dm_device:s0              254,  18 2026-10-01 16:40 dm-18\nbrw------- 1 root root u:object_r:dm_device:s0              254,  19 2026-10-01 16:40 dm-19\nbrw------- 1 root root u:object_r:dm_device:s0              254,   2 2026-10-01 16:40 dm-2\n-- su:\n0000000  \\0\n-- ksu:\n{\"error\":\"write /proc/thread-self/attr/current: operation not permitted\",\"op\":\"setcon\"}\n-- avc:"}
{"check":"back-1","result":{"url":"https://mui.kernelsu.org/index.html","socket":"webview_devtools_remote_10792","value":["Squadron","Process","native","net","Say hello","Count to 5","SHA-256","Demo pages\nOne page per thing the stack promises.","Places","Strategy","Rust","Lifecycle","Shell","Plugins"]}}
{"check":"back-1-top","result":"topResumedActivity=ActivityRecord{251699f u0 com.dergoogler.mmrl.wx/.ui.activity.webui.WebUIActivity t21}"}
{"check":"back-2-top","result":"topResumedActivity=ActivityRecord{ce28bd3 u0 com.google.android.apps.nexuslauncher/.NexusLauncherActivity t13}"}
{"check":"back-3-top","result":"topResumedActivity=ActivityRecord{ce28bd3 u0 com.google.android.apps.nexuslauncher/.NexusLauncherActivity t13}"}
