yes: standard output: Broken pipe
Auto-selecting single ABI x86_64
Do you wish to create a custom hardware profile? [no] lab.avd
lab.ini
emulator Android emulator version 37.2.12.0 (build_id 16428233) (CL:N/A)
* daemon not running; starting now at tcp:5037
* daemon started successfully
booted in 29s: google/sdk_gphone64_x86_64/emu64xa:15/AE3A.240806.043/12960925:userdebug/dev-keys
kernel 6.6.50-android15-8-g8adecb593e9b-ab12525588 -> kmi android15-6.6; KernelSU-Next/KernelSU-Next v3.4.0
total 28968
drwx------  2 runner runner     4096 Oct  2 04:12 .
drwxrwxrwt 16 root   root       4096 Oct  2 04:12 ..
-rw-r--r--  1 runner runner 11859167 Oct  2 04:12 KernelSU_Next_v3.4.0-spoofed_33294-release.apk
-rw-r--r--  1 runner runner 11857955 Oct  2 04:12 KernelSU_Next_v3.4.0_33294-release.apk
-rw-r--r--  1 runner runner  5583488 Oct  2 04:12 ksud-x86_64-linux-android
-rw-r--r--  1 runner runner   342200 Oct  2 04:12 x86_64-android15-6.6_kernelsu.ko
== manager installed (com.rifsxd.ksunext, KernelSU_Next_v3.4.0_33294-release.apk)
/tmp/tmp.U1cxB9UGhA/x86_64-android15-6.6_kernelsu.ko: 1 file pushed, 0 skipped. 9.4 MB/s (342200 bytes in 0.035s)
/tmp/tmp.U1cxB9UGhA/ksud-x86_64-linux-android: 1 file pushed, 0 skipped. 207.3 MB/s (5583488 bytes in 0.026s)
== ksud: ksud 3.4.0 (uapi: 4)
== ksud late-load: rc=0
== ksud insmod /data/adb/kernelsu.ko: Error: load module failed: /data/adb/kernelsu.ko

Caused by:
    0: init_module failed without vermagic mismatch
    1: File exists (os error 17)
rc=1
kernelsu              258048  0 
== lsmod: kernelsu              258048  0 
== ls: /data/adb/ksu/bin: No such file or directory
== total 356
== drwx------  2 root   root     4096 2026-10-02 04:12 .
== drwxrwx--x 51 system system   4096 2026-10-02 04:12 ..
== -rw-rw-rw-  1 root   root   342200 2026-10-02 04:12 kernelsu.ko
== restored /data/adb/ksud
aarch64-android12-5.10_kernelsu.ko
aarch64-android13-5.10_kernelsu.ko
aarch64-android13-5.15_kernelsu.ko
aarch64-android14-5.15_kernelsu.ko
aarch64-android14-6.1_kernelsu.ko
aarch64-android15-6.6_kernelsu.ko
aarch64-android16-6.12_kernelsu.ko
aarch64-android17-6.18_kernelsu.ko
KernelSU_Next_v3.4.0-spoofed_33294-release.apk
KernelSU_Next_v3.4.0_33294-release.apk
ksud-aarch64-apple-darwin
ksud-aarch64-linux-android
ksud-aarch64-unknown-linux-musl
ksud-x86_64-apple-darwin
ksud-x86_64-linux-android
ksud-x86_64-unknown-linux-musl
x86_64-android12-5.10_kernelsu.ko
x86_64-android13-5.10_kernelsu.ko
x86_64-android13-5.15_kernelsu.ko
x86_64-android14-5.15_kernelsu.ko
x86_64-android14-6.1_kernelsu.ko
x86_64-android15-6.6_kernelsu.ko
x86_64-android16-6.12_kernelsu.ko
x86_64-android17-6.18_kernelsu.ko
== no metamodule asset in KernelSU-Next/KernelSU-Next v3.4.0
/home/runner/work/devicelab/devicelab/modules/probe/./: 2 files pushed, 0 skipped. 0.0 MB/s (1474 bytes in 0.043s)
== modules: [
  {
    "description": "Observation module for devicelab. Its WebUI page is driven over DevTools.",
    "web": "true",
    "version": "1",
    "enabled": "true",
    "id": "devicelab_probe",
    "versionCode": "1",
    "update": "false",
    "remove": "false",
    "author": "p0g-stack",
    "action": "false",
    "name": "devicelab probe",
    "mount": "false"
  }
]
SELinux: Loaded file context from:
		/system/etc/selinux/plat_file_contexts
		/system_ext/etc/selinux/system_ext_file_contexts
		/vendor/etc/selinux/vendor_file_contexts
== home text: text="Working" text="LKM (GKI2)" text="Jailbreak mode" text="Version: v3.4.0 (33294-4)" text="Custom" text="Superuser" text="0" text="Module" text="1" text="Manager version" text="v3.4.0 (33294-4)" text="Hook mode" text="Tracepoint" text="Metamodule status" text="Not installed" text="Having trouble?" text="Encountered a bug or have feedback?" text="KernelSU-Next" 
== manager activities: com.rifsxd.ksunext/.FlashModule com.rifsxd.ksunext/.ui.MainActivity com.rifsxd.ksunext/androidx.core.content.FileProvider com.rifsxd.ksunext/androidx.profileinstaller.ProfileInstallReceiver com.rifsxd.ksunext/androidx.startup.InitializationProvider 
== metamodule releases backslashxx/mountify: 204 Latest 204 2026-08-25T05:14:18Z;203  203 2026-06-25T15:03:16Z;202  202 2026-06-23T03:45:32Z;
== metamodule candidate backslashxx/mountify mountify.zip: id=mountify version=v2.0.4 versionCode=204 metamodule=true 
== metamodule repo (given): backslashxx/mountify
== metamodule zip: mountify.zip sha256 dde361c444f6990b759890720487785402a391a61cf6530f960deb98e5ef864d
== metamodule module.prop: id=mountify name=mountify version=v2.0.4 versionCode=204 author=xx, KOWX712 metamodule=true description=Globally mounted modules via OverlayFS. updateJson=https://raw.githubusercontent.com/backslashxx/mountify/master/update.json 
/tmp/tmp.EvownlHr4x/rel/mountify.zip: 1 file pushed, 0 skipped. 244.7 MB/s (554873 bytes in 0.002s)
== install mountify.zip
[H[J[|]
[H[J[\]
[H[J[+] mountify
[+] SysReq test
[+] CONFIG_OVERLAY_FS
[+] overlay found in /proc/filesystems
[+] CONFIG_TMPFS_XATTR
[+] tmpfs extended attribute test passed
[!] using fresh config.sh
[+] moving modules.txt
[+] moving whiteouts.txt
[+] mountify will be installed in metamodule mode!
- Done
- Creating metamodule symlink
- Module installed successfully!
== soft-reboot: 
== after soft-reboot (44s): [
  {
    "action": "false",
    "enabled": "true",
    "update": "false",
    "id": "devicelab_probe",
    "description": "Observation module for devicelab. Its WebUI page is driven over DevTools.",
    "versionCode": "1",
    "remove": "false",
    "web": "true",
    "mount": "false",
    "version": "1",
    "name": "devicelab probe",
    "author": "p0g-stack"
  },
  {
    "updateJson": "https://raw.githubusercontent.com/backslashxx/mountify/master/update.json",
    "version": "v2.0.4",
    "enabled": "true",
    "remove": "false",
    "action": "true",
    "mount": "false",
    "name": "mountify",
    "web": "true",
    "id": "mountify",
    "author": "xx, KOWX712",
    "metamodule": "true",
    "description": "mode: auto 🤖 | fstype: tmpfs 🦾 | no modules mounted",
    "update": "false",
    "versionCode": "204"
  }
]
total 32
drwxrwxrwx 4 root root 4096 2026-10-02 04:13 .
drwx------ 6 root root 4096 2026-10-02 04:13 ..
drwxr-xr-x 3 root root 4096 2026-10-02 04:12 devicelab_probe
drwxr-xr-x 5 root root 4096 2026-10-02 04:13 mountify
== metamodule active: lrwxrwxrwx 1 root root 26 2026-10-02 04:13 /data/adb/metamodule -> /data/adb/modules/mountify id=mountify name=mountify version=v2.0.4 versionCode=204 author=xx, KOWX712 metamodule=true description=mode: auto 🤖 | fstype: tmpfs 🦾 | no modules mounted updateJson=https://raw.githubusercontent.com/backslashxx/mountify/master/update.json 
inputs/modules/flutter_webui_counter-0.1.5.zip: 1 file pushed, 0 skipped. 200.5 MB/s (21434766 bytes in 0.102s)
== install flutter_webui_counter-0.1.5.zip
  inflating: webroot/fonts/notocoloremoji/v32/Yq6P-KqIXTD0t4D9z1ESnKM3-HpFabsE4tq3luCC7p-aXxcn.3.woff2
  inflating: webroot/fonts/notocoloremoji/v32/Yq6P-KqIXTD0t4D9z1ESnKM3-HpFabsE4tq3luCC7p-aXxcn.8.woff2
  inflating: webroot/fonts/notocoloremoji/v32/Yq6P-KqIXTD0t4D9z1ESnKM3-HpFabsE4tq3luCC7p-aXxcn.2.woff2
   creating: webroot/fonts/notosansmath/
   creating: webroot/fonts/notosansmath/v15/
  inflating: webroot/fonts/notosansmath/v15/7Aump_cpkSecTWaHRlH2hyV5UHkD-V048PW0.woff2
   creating: webroot/fonts/roboto/
   creating: webroot/fonts/roboto/v32/
  inflating: webroot/fonts/roboto/v32/KFOmCnqEu92Fr1Me4GZLCzYlKw.woff2
  inflating: webroot/.last_build_id
  inflating: webroot/config.json
  inflating: webroot/flutter_webui.js
  inflating: customize.sh
- Done
- Module installed successfully!
inputs/modules/counter-v1.0.0.zip: 1 file pushed, 0 skipped. 399.5 MB/s (6582359 bytes in 0.016s)
== install counter-v1.0.0.zip
  inflating: webroot/canvaskit/chromium/canvaskit.wasm
  inflating: webroot/config.json
  inflating: webroot/favicon.png
  inflating: webroot/flutter.js
  inflating: webroot/flutter_bootstrap.js
  inflating: webroot/icons/Icon-192.png
  inflating: webroot/icons/Icon-512.png
  inflating: webroot/icons/Icon-maskable-192.png
  inflating: webroot/icons/Icon-maskable-512.png
  inflating: webroot/index.html
  inflating: webroot/main.dart.js
  inflating: webroot/manifest.json
  inflating: webroot/version.json
- Done
- Module installed successfully!
inputs/modules/demo.zip: 1 file pushed, 0 skipped. 356.4 MB/s (28109354 bytes in 0.075s)
== install demo.zip
  inflating: webroot/main.dart.js
  inflating: webroot/manifest.json
  inflating: webroot/pkg/.gitignore
  inflating: webroot/pkg/demo_native.js
  inflating: webroot/pkg/demo_native_bg.wasm
  inflating: webroot/pkg/package.json
  inflating: webroot/version.json
  inflating: webroot/workers/demo_service.web.g.dart.js
  inflating: webroot/workers/hello_service.web.g.dart.js
  inflating: webui_app_plane/arm64-v8a/webui_termux_api.aot
  inflating: webui_app_plane/termux-api
  inflating: webui_app_plane/x86_64/webui_termux_api.aot
- Done
- Handle partition /product
- Module installed successfully!
/home/runner/work/devicelab/devicelab/envdump.zip: 1 file pushed, 0 skipped. 26.6 MB/s (1766 bytes in 0.000s)
== install envdump.zip
 devicelab envdump 
 by p0g-stack 
*******************
**************************
 Powered by KernelSU-Next 
**************************
Archive:  /data/local/tmp/m.zip
  inflating: customize.sh
- Extracting module files
Archive:  /data/local/tmp/m.zip
  inflating: module.prop
  inflating: customize.sh
- devicelab envdump: written /data/local/tmp/customize-env.txt
- Done
- Module installed successfully!
== soft-reboot: 
== after soft-reboot (40s): [
  {
    "update": "false",
    "remove": "false",
    "web": "true",
    "action": "false",
    "mount": "false",
    "name": "devicelab probe",
    "version": "1",
    "description": "Observation module for devicelab. Its WebUI page is driven over DevTools.",
    "versionCode": "1",
    "id": "devicelab_probe",
    "enabled": "true",
    "author": "p0g-stack"
  },
  {
    "metamodule": "true",
    "description": "mode: auto 🤖 | fstype: tmpfs 🦾 | modules: demo  ",
    "versionCode": "204",
    "mount": "false",
    "author": "xx, KOWX712",
    "id": "mountify",
    "remove": "false",
    "web": "true",
    "update": "false",
    "version": "v2.0.4",
    "updateJson": "https://raw.githubusercontent.com/backslashxx/mountify/master/update.json",
    "enabled": "true",
    "name": "mountify",
    "action": "true"
  },
  {
    "web": "true",
    "id": "flutter_webui_counter",
    "versionCode": "6",
    "update": "false",
    "enabled": "true",
    "name": "flutter-webui Counter",
    "mount": "false",
    "version": "0.1.5",
    "action": "false",
    "description": "Stock Flutter counter app on flutter-webui (devicelab bring-up build).",
    "author": "p0g-stack",
    "remove": "false"
  },
  {
    "name": "Counter",
    "version": "v1.0.0",
    "update": "false",
    "mount": "false",
    "enabled": "true",
    "versionCode": "1",
    "remove": "false",
    "web": "true",
    "id": "counter",
    "action": "false",
    "description": "A new Flutter project.",
    "autho
total 64
drwxrwxrwx 8 root root 4096 2026-10-02 04:13 .
drwx------ 6 root root 4096 2026-10-02 04:13 ..
drwxr-xr-x 3 root root 4096 2026-10-02 04:13 counter
drwxr-xr-x 7 root root 4096 2026-10-02 04:13 demo
drwxr-xr-x 2 root root 4096 2026-10-02 04:13 devicelab_envdump
drwxr-xr-x 3 root root 4096 2026-10-02 04:12 devicelab_probe
drwxr-xr-x 4 root root 4096 2026-10-02 04:13 flutter_webui_counter
drwxr-xr-x 5 root root 4096 2026-10-02 04:13 mountify
/home/runner/work/devicelab/devicelab/out/labserver: 1 file pushed, 0 skipped. 227.0 MB/s (7843260 bytes in 0.033s)
Starting: Intent { cmp=com.rifsxd.ksunext/.ui.webui.WebUIActivity (has extras) }
Status: ok
Activity: com.rifsxd.ksunext/.ui.webui.WebUIActivity
https://mui.kernelsu.org/index.html
opened: intent
{"check":"targets","result":[{"socket": "webview_devtools_remote_11184", "type": "page", "url": "https://mui.kernelsu.org/index.html", "title": "devicelab probe"}]}
{"check":"globals","result":{"url":"https://mui.kernelsu.org/index.html","socket":"webview_devtools_remote_11184","value":{"ua":"Mozilla/5.0 (Linux; Android 15; sdk_gphone64_x86_64 Build/AE3A.240806.043; wv) AppleWebKit/537.36 (KHTML, like Gecko) Version/4.0 Chrome/124.0.6367.219 Mobile Safari/537.36","origin":"https://mui.kernelsu.org","href":"https://mui.kernelsu.org/index.html","globals":["ksu"],"ksu":["cacheAllPackageIcons","copyFile","createShortcut","enableInsets","exec","fileOutputStream","fullScreen","getPackagesIcons","getPackagesInfo","listFile","listPackages","moduleInfo","moveFile","readFile","removeFile","spawn","toast","writeFile","cacheAllPackageIcons","copyFile","createShortcut","enableInsets","exec","fileOutputStream","fullScreen","getPackagesIcons","getPackagesInfo","listFile","listPackages","moduleInfo","moveFile","readFile","removeFile","spawn","toast","writeFile"]}}}
{"check":"ksu-exec","result":{"url":"https://mui.kernelsu.org/index.html","socket":"webview_devtools_remote_11184","value":{"code":0,"out":"uid=0(root) gid=0(root) groups=0(root) context=u:r:ksu:s0\nu:r:ksu:s0\u0000","err":""}}}
{"check":"ws-loopback","result":{"url":"https://mui.kernelsu.org/index.html","socket":"webview_devtools_remote_11184","value":{"got":["{\"origin\":\"https://mui.kernelsu.org\",\"peerUid\":10209,\"remote\":\"127.0.0.1:40596\",\"serverUid\":0,\"t\":1790914485801,\"uidSource\":\"/proc/net/tcp\"}","hi"],"ms":18}}}
{"check":"fetch-loopback","result":{"url":"https://mui.kernelsu.org/index.html","socket":"webview_devtools_remote_11184","value":{"origin":"https://mui.kernelsu.org","peerUid":10209,"remote":"127.0.0.1:40610","serverUid":0,"t":1790914485939,"uidSource":"/proc/net/tcp"}}}
{"check":"webview-uid","result":["webview_zygote 1053 webview_zygote", "u0_a209      10209 com.rifsxd.ksunext", "u0_a151      10151 com.google.android.webview:webview_service", "u0_i9000     99000 com.google.android.webview:sandboxed_process0:org.chromium.content.app.SandboxedProcessService0:0", "u0_a151      10151 com.google.android.webview:webview_apk"]}
{"check":"while-home-heartbeat","result":{"url":"https://mui.kernelsu.org/index.html","socket":"webview_devtools_remote_11184","value":{"now":11130,"vis":"hidden"}}}
{"check":"lifecycle","result":{"url":"https://mui.kernelsu.org/index.html","socket":"webview_devtools_remote_11184","value":{"events":[{"type":"pageshow","t":362,"vis":"visible"},{"type":"visibilitychange","t":5503,"vis":"hidden"},{"type":"visibilitychange","t":13422,"vis":"visible"}],"gaps":[{"from":10142,"ms":1003,"vis":"hidden"}],"slow":{"heldMs":3002,"sentAt":1790914489120,"resolvedAt":1790914489122,"vis":"hidden"}}}}
{"check":"dev-url","result":{"url":"http://127.0.0.1:8090/index.html","socket":"webview_devtools_remote_11184","value":{"href":"http://127.0.0.1:8090/index.html","ksu":"object","webui":"undefined","globals":["ksu"],"exec":{"code":0,"out":"uid=0(root) gid=0(root) groups=0(root) context=u:r:ksu:s0","err":""}}}}
Starting: Intent { cmp=com.rifsxd.ksunext/.ui.webui.WebUIActivity (has extras) }
Status: ok
Activity: com.rifsxd.ksunext/.ui.webui.WebUIActivity
https://mui.kernelsu.org/index.html
opened: intent
{"check":"targets","result":[{"type": "page", "url": "https://mui.kernelsu.org/index.html", "title": "Flutter Demo"}]}
{"check":"page","result":{"url":"https://mui.kernelsu.org/index.html","socket":"webview_devtools_remote_11481","value":{"href":"https://mui.kernelsu.org/index.html","title":"Flutter Demo","ready":"complete","flutter":true,"glass":true,"nav":{"dcl":407,"load":796},"paint":{"first-paint":1299,"first-contentful-paint":2280},"glassAt":"present","firstFrame":null,"insets":"24px","vv":[320,640,1]}}}
{"check":"java-exceptions","result":["10-02 04:15:04.535  8924 10573 W WindowManager: Exception thrown during dispatchAppVisibility Window{bc7b1ac u0 com.rifsxd.ksunext/com.rifsxd.ksunext.ui.webui.WebUIActivity EXITING}", "10-02 04:15:04.535  8924 10573 W WindowManager: android.os.DeadObjectException", "10-02 04:15:04.535  8924 10573 W WindowManager: \tat android.os.BinderProxy.transactNative(Native Method)", "10-02 04:15:04.535  8924 10573 W WindowManager: \tat android.os.BinderProxy.transact(BinderProxy.java:586)", "10-02 04:15:04.535  8924 10573 W WindowManager: \tat android.view.IWindow$Stub$Proxy.dispatchAppVisibility(IWindow.java:553)", "10-02 04:15:04.535  8924 10573 W WindowManager: \tat com.android.server.wm.WindowState.sendAppVisibilityToClients(WindowState.java:3253)", "10-02 04:15:04.535  8924 10573 W WindowManager: \tat com.android.server.wm.WindowContainer.sendAppVisibilityToClients(WindowContainer.java:1289)", "10-02 04:15:04.535  8924 10573 W WindowManager: \tat com.android.server.wm.WindowToken.setClientVisible(WindowToken.java:403)", "10-02 04:15:04.535  8924 10573 W WindowManager: \tat com.android.server.wm.ActivityRecord.setClientVisible(ActivityRecord.java:7166)", "10-02 04:15:04.535  8924 10573 W WindowManager: \tat com.android.server.wm.ActivityRecord.postApplyAnimation(ActivityRecord.java:5881)", "10-02 04:15:04.535  8924 10573 W WindowManager: \tat com.android.server.wm.ActivityRecord.commitVisibility(ActivityRecord.java:5823)", "10-02 04:15:04.535  8924 10573 W WindowManager: \tat com.android.server.wm.Transition.finishTransition(Transition.java:1286)", "10-02 04:15:04.535  8924 10573 W WindowManager: \tat com.android.server.wm.TransitionController.finishTransition(TransitionController.java:937)", "10-02 04:15:04.535  8924 10573 W WindowManager: \tat com.android.server.wm.WindowOrganizerController.finishTransition(WindowOrganizerController.java:494)", "--", "10-02 04:15:05.618 11481 11512 E SuFilePathHandler: java.io.FileNotFoundException: No such file or directory: /data/adb/modules/flutter_webui_counter/webroot/favicon.ico", "10-02 04:15:05.618 11481 11512 E SuFilePathHandler: \tat r8.f.a(r8-map-id-711a9e1fe37a5a3d329dda399a83172f9d848bb8ab697f7cabb76790b2f728d1:147)", "10-02 04:15:05.618 11481 11512 E SuFilePathHandler: \tat p8.i.shouldInterceptRequest(r8-map-id-711a9e1fe37a5a3d329dda399a83172f9d848bb8ab697f7cabb76790b2f728d1:2520)", "10-02 04:15:06.212 11481 11496 D EGL_emulation: app_time_stats: avg=229.94ms min=1.45ms max=1047.55ms count=5", "10-02 04:15:06.485 11605 11605 W BpBinder: Linking to death on android.gui.ISurfaceComposer but there are no threads (yet?) listening to incoming transactions. See ProcessState::startThreadPool and ProcessState::setThreadPoolMaxThreadCount. Generally you should setup the binder threadpool before other initialization steps.", "10-02 04:15:06.486 11605 11605 W ProcessState: Extra binder thread started, but 0 threads requested. Do not use *startThreadPool when zero threads are requested.", "10-02 04:15:06.496   173   173 I hwservicemanager: getTransport: Cannot find entry android.hardware.graphics.mapper@4.0::IMapper/default in either framework or device VINTF manifest.", "10-02 04:15:06.497 11605 11606 I Gralloc4: mapper 4.x is not supported", "10-02 04:15:06.680     0     0 I servicemanager: Caller(pid=11605,uid=0,sid=u:r:su:s0) Could not find android.hardware.graphics.allocator.IAllocator/default in the VINTF manifest. No alternative instances declared in VINTF.", "10-02 04:15:07.256 11481 11496 D EGL_emulation: app_time_stats: avg=11.49ms min=1.51ms max=134.71ms count=30", "10-02 04:15:08.387  8924  9735 E TaskPersister: File error accessing recents directory (directory doesn't exist?).", "--", "10-02 04:15:12.655  9388 11428 W TapAndPay: java.lang.NullPointerException: NfcAdapter is null", "10-02 04:15:12.655  9388 11428 W TapAndPay: \tat android.nfc.cardemulation.CardEmulation.getInstance(CardEmulation.java:170)", "10-02 04:15:12.655  9388 11428 W TapAndPay: \tat dhwn.<init>(:com.google.android.gms@242335041@24.23.35 (190800-646585959):15)", "10-02 04:15:12.655  9388 11428 W TapAndPay: \tat com.google.android.gms.tapandpay.hce.task.TapAndPayAidRegistrationTaskOperation.a(:com.google.android.gms@242335041@24.23.35 (190800-646585959):50)", "10-02 04:15:12.655  9388 11428 W TapAndPay: \tat com.google.android.gms.tapandpay.gcmtask.TapAndPayGcmTaskChimeraService.a(:com.google.android.gms@242335041@24.23.35 (190800-646585959):32)", "10-02 04:15:12.655  9388 11428 W TapAndPay: \tat bpjj.call(:com.google.android.gms@242335041@24.23.35 (190800-646585959):32)", "10-02 04:15:12.655  9388 11428 W TapAndPay: \tat java.util.concurrent.FutureTask.run(FutureTask.java:264)", "10-02 04:15:12.655  9388 11428 W TapAndPay: \tat angs.c(:com.google.android.gms@242335041@24.23.35 (190800-646585959):50)", "10-02 04:15:12.655  9388 11428 W TapAndPay: \tat angs.run(:com.google.android.gms@242335041@24.23.35 (190800-646585959):76)", "10-02 04:15:12.655  9388 11428 W TapAndPay: \tat java.util.concurrent.ThreadPoolExecutor.runWorker(ThreadPoolExecutor.java:1145)", "10-02 04:15:12.655  9388 11428 W TapAndPay: \tat java.util.concurrent.ThreadPoolExecutor$Worker.run(ThreadPoolExecutor.java:644)", "10-02 04:15:12.655  9388 11428 W TapAndPay: \tat anmg.run(:com.google.android.gms@242335041@24.23.35 (190800-646585959):8)", "10-02 04:15:12.655  9388 11428 W TapAndPay: \tat java.lang.Thread.run(Thread.java:1012)"]}
{"check":"console-errors","result":["--------- beginning of main", "10-02 04:15:04.652 11481 11507 E chromium: [1002/041504.652606:ERROR:variations_seed_loader.cc(37)] Seed missing signature.", "10-02 04:15:04.652 11481 11507 I chromium: [1002/041504.652912:INFO:variations_seed_loader.cc(66)] Failed to open file for reading.: No such file or directory (2)", "10-02 04:15:04.702 11481 11518 W chromium: [WARNING:dns_config_service_android.cc(81)] Failed to read DnsConfig.", "10-02 04:15:04.741 11481 11514 E chromium: [ERROR:simple_file_enumerator.cc(21)] opendir /data/user/0/com.rifsxd.ksunext/cache/WebView/Default/HTTP Cache/Code Cache/js: No such file or directory (2)", "10-02 04:15:04.742 11481 11514 E chromium: [ERROR:simple_index_file.cc(614)] Could not reconstruct index from disk", "10-02 04:15:04.742 11481 11514 E chromium: [ERROR:simple_file_enumerator.cc(21)] opendir /data/user/0/com.rifsxd.ksunext/cache/WebView/Default/HTTP Cache/Code Cache/wasm: No such file or directory (2)", "10-02 04:15:04.742 11481 11514 E chromium: [ERROR:simple_index_file.cc(614)] Could not reconstruct index from disk", "10-02 04:15:04.858 11517 11537 W chromium: [WARNING:runtime_features.cc(694)] SharedStorage for M118+ cannot be enabled in this configuration. Use --enable-features=SharedStorageAPI,SharedStorageAPIM118 in addition.", "10-02 04:15:04.858 11517 11537 W chromium: [WARNING:runtime_features.cc(730)] AttributionReportingCrossAppWeb cannot be enabled in this configuration. Use --enable-features=ConversionMeasurement,AttributionReportingCrossAppWeb in addition.", "10-02 04:15:05.103 11517 11537 I chromium: [INFO:viewport_data.cc(133)] E2E_Used ViewportFitCover", "10-02 04:15:05.227 11481 11481 I chromium: [INFO:CONSOLE(3)] \"Injecting <script> tag. Using callback.\", source: https://mui.kernelsu.org/flutter_bootstrap.js (3)"]}
{"check":"first-frame-warm","result":{"url":"https://mui.kernelsu.org/index.html","socket":"webview_devtools_remote_11481","value":{"firstFrameMs":409,"now":15047,"flutter":true,"resizes":[],"paint":{"first-paint":803,"first-contentful-paint":803},"calls":[[38,"at-preload","ksu:undefined webui:undefined"],[51,"ksu-defined"],[52,"wrap-failed","exec"],[53,"wrap-failed","spawn"],[53,"wrap-failed","moduleInfo"],[53,"wrap-failed","fullScreen"],[70,"wrap-failed","toast"]],"resources":[["/internal/insets.css",26,72,"link",0],["/flutter_webui.css",27,87,"link",0],["/flutter_webui.js",34,95,"script",0],["/flutter_bootstrap.js",34,101,"script",0],["/canvaskit/chromium/canvaskit.wasm",131,173,"fetch",0],["/canvaskit/chromium/canvaskit.js",131,148,"other",0],["/main.dart.js",131,161,"script",0],["/assets/FontManifest.json",336,347,"fetch",0],["/favicon.ico",339,344,"other",0],["/assets/fonts/MaterialIcons-Regular.otf",348,360,"fetch",0],["/assets/packages/cupertino_icons/assets/CupertinoIcons.ttf",348,360,"fetch",0],["/assets/fonts/fallback/Roboto-Regular.ttf",349,362,"fetch",0]],"marks":[["flutter_webui:register",364],["flutter_webui:registered",366],["flutter_webui:first-frame",409]],"measures":[],"fonts":[]}}}
{"check":"root-start","result":{"url":"https://mui.kernelsu.org/index.html","socket":"webview_devtools_remote_11481","value":{"code":0,"out":"","err":"","ms":78}}}
{"check":"session","result":{"url":"https://mui.kernelsu.org/index.html","socket":"webview_devtools_remote_11481","value":{"status":200,"ms":17,"protocol":1,"version":"0.1.0","port":33573,"pid":11717,"tokenLen":43}}}
{"check":"ws-hello","result":{"url":"https://mui.kernelsu.org/index.html","socket":"webview_devtools_remote_11481","value":{"first":"{\"op\":\"hello\",\"protocol\":1,\"version\":\"0.1.0\",\"pid\":11717,\"boot\":\"b1521e57-87f5-4cea-a77f-e00e51eb1191\",\"uid\":0,\"moduleDir\":\"/data/adb/modules/flutter_webui_counter\"}"}}}
{"check":"channel-process","result":"USER           UID LABEL                            PID NAME                       \nroot             0 u:r:ksu:s0                     11717 ld-linux-x86-64.so.2\nexe=/data/adb/modules/flutter_webui_counter/flutter_webui/x86_64/ld-linux-x86-64.so.2\n/data/adb/modules/flutter_webui_counter/flutter_webui/x86_64/ld-linux-x86-64.so.2 --library-path /data/adb/modules/flutter_webui_counter/flutter_webui/x86_64 /data/adb/modules/flutter_webui_counter/flutter_webui/x86_64/dartaotruntime /data/adb/modules/flutter_webui_counter/flutter_webui/x86_64/flutter_webui_root.aot serve --module-dir /data/adb/modules/flutter_webui_counter \narm64-v8a\nroot\nx86_64\n/data/adb/modules/flutter_webui_counter/flutter_webui/arm64-v8a:\ndartaotruntime\nflutter_webui_root.aot\nld-linux-aarch64.so.1\nlibc.so.6\nlibdl.so.2\nlibm.so.6\nlibpthread.so.0\n\n/data/adb/modules/flutter_webui_counter/flutter_webui/x86_64:\ndartaotruntime\nflutter_webui_root.aot\nld-linux-x86-64.so.2\nlibc.so.6\nlibdl.so.2\nlibm.so.6\nlibpthread.so.0"}
{"check":"root-log","result":"2026-10-02T04:15:37.754792 listening on 127.0.0.1:33573"}
{"check":"session-mode","result":"total 44\ndrwx--x--x 3 root root 4096 2026-10-02 04:15 .\ndrwxr-xr-x 7 root root 4096 2026-10-02 04:15 ..\n-rw------- 1 root root    0 2026-10-02 04:15 lock\ndrwx------ 2 root root 4096 2026-10-02 04:15 proc\n-rw------- 1 root root   56 2026-10-02 04:15 root.log\n-rw-r--r-- 1 root root  197 2026-10-02 04:15 session.json"}
{"check":"home-resume","result":{"url":"https://mui.kernelsu.org/index.html","socket":"webview_devtools_remote_11481","value":{"events":[["visibilitychange","hidden",16351],["visibilitychange","visible",23066]],"ticks":20,"vis":"visible","hasFocus":false}}}
{"check":"before-back","result":{"url":"https://mui.kernelsu.org/index.html","socket":"webview_devtools_remote_11481","value":{"historyLength":2,"historyState":"{\"flutter\":true}","href":"https://mui.kernelsu.org/index.html","typeofWebui":"undefined","typeofWebuiExit":"undefined","typeofKsuExit":"undefined","webuiKeys":null,"wrapped":"no webui.exit"}}}
{"check":"back-events","result":{"error":"no page target","sockets":["webview_devtools_remote_11481"],"targets":[]}}
{"check":"back-console","result":["10-02 04:15:49.249 11481 11481 E chromium: [ERROR:aw_browser_terminator.cc(154)] Renderer process (11517) crash detected (code -1).", "10-02 04:15:49.253  8924 10029 I ActivityManager: Killing 11517:com.google.android.webview:sandboxed_process0:org.chromium.content.app.SandboxedProcessService0:0/u0a209i1 (adj 0): isolated not needed"]}
{"check":"back-at-root","result":"topResumedActivity=ActivityRecord{8e5f4be u0 com.google.android.apps.nexuslauncher/.NexusLauncherActivity t9}"}
Starting: Intent { cmp=com.rifsxd.ksunext/.ui.webui.WebUIActivity (has extras) }
Status: ok
Activity: com.rifsxd.ksunext/.ui.webui.WebUIActivity
https://mui.kernelsu.org/index.html
opened: intent
{"check":"targets","result":[{"type": "page", "url": "https://mui.kernelsu.org/index.html", "title": "Flutter Demo"}]}
{"check":"page","result":{"url":"https://mui.kernelsu.org/index.html","socket":"webview_devtools_remote_11845","value":{"href":"https://mui.kernelsu.org/index.html","title":"Flutter Demo","ready":"complete","flutter":true,"glass":true,"nav":{"dcl":244,"load":694},"paint":{"first-paint":1730,"first-contentful-paint":1730},"glassAt":"present","firstFrame":null,"insets":null,"vv":[320,592,1]}}}
{"check":"java-exceptions","result":["10-02 04:15:52.942  9388 11667 W FontLog : \tat android.database.sqlite.SQLiteConnectionPool.throwIfClosedLocked(SQLiteConnectionPool.java:1103)", "10-02 04:15:52.942  9388 11667 W FontLog : \tat android.database.sqlite.SQLiteConnectionPool.waitForConnection(SQLiteConnectionPool.java:794)", "10-02 04:15:52.942  9388 11667 W FontLog : \tat android.database.sqlite.SQLiteConnectionPool.acquireConnection(SQLiteConnectionPool.java:399)", "10-02 04:15:52.942  9388 11667 W FontLog : \tat android.database.sqlite.SQLiteSession.acquireConnection(SQLiteSession.java:920)", "10-02 04:15:52.942  9388 11667 W FontLog : \tat android.database.sqlite.SQLiteSession.executeForChangedRowCount(SQLiteSession.java:778)", "10-02 04:15:52.942  9388 11667 W FontLog : \tat android.database.sqlite.SQLiteStatement.executeUpdateDelete(SQLiteStatement.java:67)", "10-02 04:15:52.942  9388 11667 W FontLog : \tat android.database.sqlite.SQLiteDatabase.executeSql(SQLiteDatabase.java:2207)", "10-02 04:15:52.942  9388 11667 W FontLog : \tat android.database.sqlite.SQLiteDatabase.execSQL(SQLiteDatabase.java:2183)", "10-02 04:15:52.942  9388 11667 W FontLog : \tat bbkg.run(:com.google.android.gms@242335041@24.23.35 (190800-646585959):57)", "10-02 04:15:52.942  9388 11667 W FontLog : \tat angs.c(:com.google.android.gms@242335041@24.23.35 (190800-646585959):50)", "10-02 04:15:52.942  9388 11667 W FontLog : \tat angs.run(:com.google.android.gms@242335041@24.23.35 (190800-646585959):76)", "10-02 04:15:52.942  9388 11667 W FontLog : \tat java.util.concurrent.ThreadPoolExecutor.runWorker(ThreadPoolExecutor.java:1145)", "--", "10-02 04:15:55.590  9388 11147 I ChimeraSrvcProxy: NullBinder for android.net.action.RECOMMEND_NETWORKS triggering remote TransactionTooLargeException due to Service without Chimera impl", "10-02 04:15:55.590  9388 11147 W .gms.persistent: Large reply transaction of 1056768 bytes, interface descriptor , code 1", "10-02 04:15:56.563 11977 11977 W BpBinder: Linking to death on android.gui.ISurfaceComposer but there are no threads (yet?) listening to incoming transactions. See ProcessState::startThreadPool and ProcessState::setThreadPoolMaxThreadCount. Generally you should setup the binder threadpool before other initialization steps.", "10-02 04:15:56.563 11977 11977 W ProcessState: Extra binder thread started, but 0 threads requested. Do not use *startThreadPool when zero threads are requested.", "10-02 04:15:56.570   173   173 I hwservicemanager: getTransport: Cannot find entry android.hardware.graphics.mapper@4.0::IMapper/default in either framework or device VINTF manifest.", "10-02 04:15:56.570 11977 11978 I Gralloc4: mapper 4.x is not supported", "10-02 04:15:56.757     0     0 I servicemanager: Caller(pid=11977,uid=0,sid=u:r:su:s0) Could not find android.hardware.graphics.allocator.IAllocator/default in the VINTF manifest. No alternative instances declared in VINTF.", "10-02 04:15:57.047  8924 11465 D OomAdjuster: Not killing cached processes", "10-02 04:15:57.506 11845 11979 D ProfileInstaller: Skipping profile installation for com.rifsxd.ksunext", "10-02 04:15:58.059  8924  9076 D InetDiagMessage: Destroyed 0 sockets, proto=IPPROTO_TCP, family=AF_INET, states=14", "10-02 04:15:58.059  8924  9076 D InetDiagMessage: Destroyed 0 sockets, proto=IPPROTO_TCP, family=AF_INET6, states=14", "10-02 04:15:58.060  8924  9076 D InetDiagMessage: Destroyed live tcp sockets for uids={10151} in 1ms", "10-02 04:15:58.060  8924  9076 D InetDiagMessage: Destroyed 0 sockets, proto=IPPROTO_TCP, family=AF_INET, states=14", "--", "10-02 04:15:58.596  9388  9698 I ChimeraSrvcProxy: NullBinder for android.net.action.RECOMMEND_NETWORKS triggering remote TransactionTooLargeException due to Service without Chimera impl", "10-02 04:15:58.596  9388  9698 W .gms.persistent: Large reply transaction of 1056768 bytes, interface descriptor , code 1", "10-02 04:15:58.596  9729 10138 I BugleRcsEngine: handleMessage processing message:[NOTIFY_UPTIME_IGNORE_STATE_CHANGED] with [non-null]:RcsEngineImpl reference [CONTEXT log_prefix=\"RcsEngineImpl[DUAL_REG]:[ec4e90ca-dd3d]>Handler\" thread_id=64 ]", "10-02 04:15:58.596  9729  9908 I BugleRcsEngine: Connected state: [1], networkType: [WIFI] [CONTEXT thread_id=58 ]", "10-02 04:16:00.010  9705  9827 I AiAiEcho: Predicting[0]:  [CONTEXT sampling_count=5 ]", "10-02 04:16:00.010  9705  9827 I AiAiEcho: EchoTargets: ", "10-02 04:16:00.010  9705  9827 I AiAiEcho: Filtered by AiAi flag check: ", "10-02 04:16:00.010  9705  9827 I AiAiEcho: [CONTEXT ratelimit_period=\"10 SECONDS\" ]", "10-02 04:16:00.010  9705  9827 I AiAiEcho: Ranked targets strategy: SORT, count: 0, ranking metadata:  [CONTEXT ratelimit_period=\"10 SECONDS\" ]", "10-02 04:16:00.011  9705  9827 I AiAiEcho: #remoteViewsTwiddler: feature disabled.", "10-02 04:16:00.011  9705  9827 I AiAiEcho: Predicting[0]:  [CONTEXT sampling_count=5 ]", "10-02 04:16:00.011  9705  9827 I AiAiEcho: EchoTargets: ", "10-02 04:16:00.011  9705  9827 I AiAiEcho: Filtered by AiAi flag check: "]}
{"check":"console-errors","result":["--------- beginning of main", "10-02 04:15:52.631 11845 11871 E chromium: [1002/041552.631096:ERROR:variations_seed_loader.cc(37)] Seed missing signature.", "10-02 04:15:52.631 11845 11871 I chromium: [1002/041552.631535:INFO:variations_seed_loader.cc(66)] Failed to open file for reading.: No such file or directory (2)", "10-02 04:15:52.682 11845 11878 W chromium: [WARNING:dns_config_service_android.cc(81)] Failed to read DnsConfig.", "10-02 04:15:52.853 11882 11902 W chromium: [WARNING:runtime_features.cc(694)] SharedStorage for M118+ cannot be enabled in this configuration. Use --enable-features=SharedStorageAPI,SharedStorageAPIM118 in addition.", "10-02 04:15:52.855 11882 11902 W chromium: [WARNING:runtime_features.cc(730)] AttributionReportingCrossAppWeb cannot be enabled in this configuration. Use --enable-features=ConversionMeasurement,AttributionReportingCrossAppWeb in addition.", "10-02 04:15:53.177 11845 11845 I chromium: [INFO:CONSOLE(1)] \"Injecting <script> tag. Using callback.\", source: https://mui.kernelsu.org/flutter_bootstrap.js (1)"]}
{"check":"first-frame-warm","result":{"url":"https://mui.kernelsu.org/index.html","socket":"webview_devtools_remote_11845","value":{"firstFrameMs":360,"now":15045,"flutter":true,"resizes":[],"paint":{"first-paint":735,"first-contentful-paint":735},"calls":[[20,"at-preload","ksu:undefined webui:undefined"],[23,"ksu-defined"],[35,"wrap-failed","exec"],[36,"wrap-failed","spawn"],[36,"wrap-failed","moduleInfo"],[36,"wrap-failed","fullScreen"],[38,"wrap-failed","toast"]],"resources":[["/flutter_bootstrap.js",21,49,"script",0],["/canvaskit/chromium/canvaskit.wasm",83,131,"fetch",0],["/canvaskit/chromium/canvaskit.js",83,101,"other",0],["/main.dart.js",83,116,"script",0],["/assets/FontManifest.json",281,293,"fetch",0],["/favicon.png",284,295,"other",0],["/assets/fonts/MaterialIcons-Regular.otf",293,306,"fetch",0],["/assets/packages/cupertino_icons/assets/CupertinoIcons.ttf",294,305,"fetch",0],["/assets/fonts/fallback/Roboto-Regular.ttf",294,307,"fetch",0],["/favicon.png",733,747,"other",0]],"marks":[],"measures":[],"fonts":[]}}}
Starting: Intent { cmp=com.rifsxd.ksunext/.ui.webui.WebUIActivity (has extras) }
Status: ok
Activity: com.rifsxd.ksunext/.ui.webui.WebUIActivity
https://mui.kernelsu.org/index.html
opened: intent
{"check":"targets","result":[{"type": "page", "url": "https://mui.kernelsu.org/index.html", "title": "Demo"}]}
{"check":"page","result":{"url":"https://mui.kernelsu.org/index.html","socket":"webview_devtools_remote_12071","value":{"href":"https://mui.kernelsu.org/index.html","title":"Demo","ready":"complete","flutter":true,"glass":true,"nav":{"dcl":416,"load":1202},"paint":{"first-paint":1203,"first-contentful-paint":2573},"glassAt":"present","firstFrame":null,"insets":"24px","vv":[320,640,1]}}}
{"check":"java-exceptions","result":["10-02 04:16:28.784 12071 12102 E SuFilePathHandler: \tat p8.i.shouldInterceptRequest(r8-map-id-711a9e1fe37a5a3d329dda399a83172f9d848bb8ab697f7cabb76790b2f728d1:2520)", "10-02 04:16:28.748 12071 12071 W ThreadPoolForeg: type=1400 audit(0.0:274): avc:  denied  { getattr } for  path=\"/data/adb\" dev=\"dm-46\" ino=319489 scontext=u:r:untrusted_app:s0:c209,c256,c512,c768 tcontext=u:object_r:adb_data_file:s0 tclass=dir permissive=0 app=com.rifsxd.ksunext", "10-02 04:16:28.793 12071 12108 E SuFilePathHandler: Error opening the requested path: favicon.ico", "10-02 04:16:28.793 12071 12108 E SuFilePathHandler: java.io.FileNotFoundException: No such file or directory: /data/adb/modules/demo/webroot/favicon.ico", "10-02 04:16:28.793 12071 12108 E SuFilePathHandler: \tat r8.f.a(r8-map-id-711a9e1fe37a5a3d329dda399a83172f9d848bb8ab697f7cabb76790b2f728d1:147)", "10-02 04:16:28.793 12071 12108 E SuFilePathHandler: \tat p8.i.shouldInterceptRequest(r8-map-id-711a9e1fe37a5a3d329dda399a83172f9d848bb8ab697f7cabb76790b2f728d1:2520)", "10-02 04:16:28.795 12071 12107 E SuFilePathHandler: Error opening the requested path: favicon.ico", "10-02 04:16:28.795 12071 12107 E SuFilePathHandler: java.io.FileNotFoundException: No such file or directory: /data/adb/modules/demo/webroot/favicon.ico", "10-02 04:16:28.795 12071 12107 E SuFilePathHandler: \tat r8.f.a(r8-map-id-711a9e1fe37a5a3d329dda399a83172f9d848bb8ab697f7cabb76790b2f728d1:147)", "10-02 04:16:28.795 12071 12107 E SuFilePathHandler: \tat p8.i.shouldInterceptRequest(r8-map-id-711a9e1fe37a5a3d329dda399a83172f9d848bb8ab697f7cabb76790b2f728d1:2520)", "10-02 04:16:28.795 12071 12103 E SuFilePathHandler: Error opening the requested path: favicon.ico", "10-02 04:16:28.795 12071 12103 E SuFilePathHandler: java.io.FileNotFoundException: No such file or directory: /data/adb/modules/demo/webroot/favicon.ico", "10-02 04:16:28.795 12071 12103 E SuFilePathHandler: \tat r8.f.a(r8-map-id-711a9e1fe37a5a3d329dda399a83172f9d848bb8ab697f7cabb76790b2f728d1:147)", "10-02 04:16:28.795 12071 12103 E SuFilePathHandler: \tat p8.i.shouldInterceptRequest(r8-map-id-711a9e1fe37a5a3d329dda399a83172f9d848bb8ab697f7cabb76790b2f728d1:2520)", "10-02 04:16:28.796 12071 12111 E SuFilePathHandler: Error opening the requested path: favicon.ico", "10-02 04:16:28.796 12071 12111 E SuFilePathHandler: java.io.FileNotFoundException: No such file or directory: /data/adb/modules/demo/webroot/favicon.ico", "10-02 04:16:28.796 12071 12111 E SuFilePathHandler: \tat r8.f.a(r8-map-id-711a9e1fe37a5a3d329dda399a83172f9d848bb8ab697f7cabb76790b2f728d1:147)", "10-02 04:16:28.796 12071 12111 E SuFilePathHandler: \tat p8.i.shouldInterceptRequest(r8-map-id-711a9e1fe37a5a3d329dda399a83172f9d848bb8ab697f7cabb76790b2f728d1:2520)", "10-02 04:16:29.699  8924  9735 E TaskPersister: File error accessing recents directory (directory doesn't exist?).", "10-02 04:16:29.742  8924  9076 D InetDiagMessage: Destroyed 0 sockets, proto=IPPROTO_TCP, family=AF_INET, states=14", "10-02 04:16:29.743  8924  9076 D InetDiagMessage: Destroyed 0 sockets, proto=IPPROTO_TCP, family=AF_INET6, states=14", "10-02 04:16:29.743  8924  9076 D InetDiagMessage: Destroyed live tcp sockets for uids={10202} in 1ms", "10-02 04:16:29.743  8924  9076 D InetDiagMessage: Destroyed 0 sockets, proto=IPPROTO_TCP, family=AF_INET, states=14", "10-02 04:16:29.744  8924  9076 D InetDiagMessage: Destroyed 0 sockets, proto=IPPROTO_TCP, family=AF_INET6, states=14", "10-02 04:16:29.744  8924  9076 D InetDiagMessage: Destroyed live tcp sockets for uids={20202} in 1ms", "10-02 04:16:29.974 12198 12198 W BpBinder: Linking to death on android.gui.ISurfaceComposer but there are no threads (yet?) listening to incoming transactions. See ProcessState::startThreadPool and ProcessState::setThreadPoolMaxThreadCount. Generally you should setup the binder threadpool before other initialization steps.", "--", "10-02 04:16:31.645  9388  9698 I ChimeraSrvcProxy: NullBinder for android.net.action.RECOMMEND_NETWORKS triggering remote TransactionTooLargeException due to Service without Chimera impl", "10-02 04:16:31.645  9388  9698 W .gms.persistent: Large reply transaction of 1056768 bytes, interface descriptor , code 1", "10-02 04:16:32.596  9910  9910 I BugleDataModel: ActionExecutorImpl: Starting ActionService", "10-02 04:16:32.598  9910  9910 I BugleDataModel: ActionExecutorImpl: ACTION_EXECUTE_QUEUED_CountryCodeDetectorAction", "10-02 04:16:32.599  9910  9910 I BugleDataModel: ActionExecutorImpl: ACTION_EXECUTE_QUEUED_SelfParticipantsRefreshAction", "10-02 04:16:32.599  9910 10425 I BugleDataModel: ExecuteActionRunnable: running action CountryCodeDetectorAction", "10-02 04:16:32.600  9910 10425 I BugleDataModel: ActionExecutorImpl: ACTION_BACKGROUND_QUEUED_CountryCodeDetectorAction", "10-02 04:16:32.600  9910 10425 I BugleDataModel: ExecuteActionRunnable: running action SelfParticipantsRefreshAction", "10-02 04:16:32.600  9910 10425 I BugleDataModel: ActionExecutorImpl: ACTION_BACKGROUND_QUEUED_SelfParticipantsRefreshAction", "10-02 04:16:32.601  9910 10657 I Bugle   : CountryCodeDetector: updateSmsNetworkCountry from default subscription network country. detected country: us", "10-02 04:16:32.601  9910 10657 I BugleDataModel: ActionExecutorImpl: ACTION_RESPONSE_QUEUED_CountryCodeDetectorAction", "10-02 04:16:32.602  9910 10657 I BugleDataModel: ParticipantFullRefresh: Start participant refresh. refreshMode: SELF_ONLY", "10-02 04:16:32.603  9910 10657 I BugleDataModel: SubscriptionsTracker#refreshSelfParticipantList([1])"]}
{"check":"console-errors","result":["--------- beginning of main", "10-02 04:16:25.920 12071 12097 E chromium: [1002/041625.920465:ERROR:variations_seed_loader.cc(37)] Seed missing signature.", "10-02 04:16:25.924 12071 12097 I chromium: [INFO:variations_seed_loader.cc(66)] Failed to open file for reading.: No such file or directory (2)", "10-02 04:16:25.951 12071 12102 W chromium: [WARNING:dns_config_service_android.cc(81)] Failed to read DnsConfig.", "10-02 04:16:25.995 12071 12102 E chromium: [ERROR:simple_file_enumerator.cc(21)] opendir /data/user/0/com.rifsxd.ksunext/cache/WebView/Default/HTTP Cache/Code Cache/js: No such file or directory (2)", "10-02 04:16:25.996 12071 12102 E chromium: [ERROR:simple_index_file.cc(614)] Could not reconstruct index from disk", "10-02 04:16:25.996 12071 12102 E chromium: [ERROR:simple_file_enumerator.cc(21)] opendir /data/user/0/com.rifsxd.ksunext/cache/WebView/Default/HTTP Cache/Code Cache/wasm: No such file or directory (2)", "10-02 04:16:25.996 12071 12102 E chromium: [ERROR:simple_index_file.cc(614)] Could not reconstruct index from disk", "10-02 04:16:26.169 12112 12129 W chromium: [WARNING:runtime_features.cc(694)] SharedStorage for M118+ cannot be enabled in this configuration. Use --enable-features=SharedStorageAPI,SharedStorageAPIM118 in addition.", "10-02 04:16:26.170 12112 12129 W chromium: [WARNING:runtime_features.cc(730)] AttributionReportingCrossAppWeb cannot be enabled in this configuration. Use --enable-features=ConversionMeasurement,AttributionReportingCrossAppWeb in addition.", "10-02 04:16:26.420 12112 12129 I chromium: [INFO:viewport_data.cc(133)] E2E_Used ViewportFitCover", "10-02 04:16:26.563 12071 12071 I chromium: [INFO:CONSOLE(3)] \"Injecting <script> tag. Using callback.\", source: https://mui.kernelsu.org/flutter_bootstrap.js (3)"]}
{"check":"first-frame-warm","result":{"url":"https://mui.kernelsu.org/index.html","socket":"webview_devtools_remote_12071","value":{"firstFrameMs":558,"now":15052,"flutter":true,"resizes":[],"paint":{"first-paint":1102,"first-contentful-paint":1102},"calls":[[27,"at-preload","ksu:undefined webui:undefined"],[30,"ksu-defined"],[31,"wrap-failed","exec"],[40,"wrap-failed","spawn"],[48,"wrap-failed","moduleInfo"],[49,"wrap-failed","fullScreen"],[51,"wrap-failed","toast"]],"resources":[["/internal/insets.css",28,56,"link",0],["/internal/colors.css",28,57,"link",0],["/flutter_webui.css",28,69,"link",0],["/flutter_webui.js",28,63,"script",0],["/flutter_bootstrap.js",29,68,"script",0],["/canvaskit/chromium/canvaskit.wasm",103,161,"fetch",0],["/canvaskit/chromium/canvaskit.js",103,123,"other",0],["/main.dart.js",104,155,"script",0],["/assets/FontManifest.json",411,422,"fetch",0],["/favicon.ico",419,423,"other",0],["/assets/fonts/MaterialIcons-Regular.otf",422,433,"fetch",0],["/assets/fonts/fallback/Roboto-Regular.ttf",423,435,"fetch",0],["/internal/colors.css",447,1082,"fetch",0],["/pkg/demo_native.js",1084,1175,"fetch",0]],"marks":[["flutter_webui:register",438],["flutter_webui:registered",440],["flutter_webui:register",442],["flutter_webui:registered",442],["flutter_webui:first-frame",558]],"measures":[],"fonts":[]}}}
{"url":"https://mui.kernelsu.org/index.html","socket":"webview_devtools_remote_12071","value":"semantics on"}
{"check":"home","result":{"url":"https://mui.kernelsu.org/index.html","socket":"webview_devtools_remote_12071","value":["Squadron","Process","native","net","Say hello","Count to 5","SHA-256","Demo pages\nOne page per thing the stack promises.","Places","Strategy","Rust","Lifecycle","Shell","Plugins"]}}
{"check":"colors-css","result":{"url":"https://mui.kernelsu.org/index.html","socket":"webview_devtools_remote_12071","value":{"status":200,"type":"text/css","body":":root {\n  --primary: #495D92;\n  --onPrimary: #FFFFFF;\n  --primaryContainer: #DAE2FF;\n  --onPrimaryContainer: #001849;\n  --inversePrimary: #B2C5FF;\n  --secondary: #585E71;\n  --onSecondary: #FFFFFF;\n  --secondaryContainer: #DDE2F9;\n  --onSecondaryContainer: #151B2C;\n  --tertiary: #735471;\n  --onTertiary: #FFFFFF;\n  --tertiaryContainer: #FED6F9;\n  --onTertiaryContainer: #2B122B;\n  --background: #FAF8FF;\n  --onBackground: #1A1B21;\n  --surface: #FAF8FF;\n  --tonalSurface: #F1F0F9;\n  --onSurface: #1A1B21;\n  --surfaceVariant: #E1E2EC;\n  --onSurfaceVariant: #45464F;\n  --surfaceTint: #495D92;\n  --inverseSurface: #121318;\n  --inverseOnSurface: #E3E2E9;\n  --error: #B3261E;\n  --onError: #FFFFFF;\n  --errorContainer: #F9DEDC;\n  --onErrorContainer: #410E0B;\n  --outline: #757780;\n  --outlineVariant: #C5C6D0;\n  --scrim: #000000;\n  --surfaceBright: #FAF8FF;\n  --surfaceDim: #DAD9E0;\n  --surfaceContainer: #EEEDF4;\n  --surfaceContainerHigh: #E8E7EF;\n  --surfaceContainerHighest: #E3E2E9;\n  --surfaceContainerLow: #F4F3FA;\n  --surfaceContainerLowest: #FFFFFF;\n  --filledTonalButtonContentColor: #001849;\n  --filledTonalButtonContainerColor: #DDE2F9;\n  --filledTonalButtonDisabledContentColor: #45464F;\n  --filledTonalButtonDisabledContainerColor: #E1E2EC;\n  --filledCardContentColor: #001849;\n  --filledCardContainerColor: #DAE2FF;\n  --filledCardDisabledContentColor: #45464F;\n  --filledCardDisabledContainerColor: #E1E2EC;\n}\n"}}}
{"check":"wasm-at-home","result":{"url":"https://mui.kernelsu.org/index.html","socket":"webview_devtools_remote_12071","value":{"wasm":[{"name":"chromium/canvaskit.wasm","start":103,"dur":58}],"marks":[{"name":"flutter_webui:register","t":438},{"name":"flutter_webui:registered","t":440},{"name":"flutter_webui:register","t":442},{"name":"flutter_webui:registered","t":442},{"name":"flutter_webui:first-frame","t":558}],"measures":[],"now":18595}}}
{"check":"tap-places","result":{"url":"https://mui.kernelsu.org/index.html","socket":"webview_devtools_remote_12071","value":"tapped Places at 16,572 size 288x56 role button tappable"}}
{"check":"places","result":{"url":"https://mui.kernelsu.org/index.html","socket":"webview_devtools_remote_12071","value":["Back\nBack","One service, DemoService, opened in every place this build knows. Each place probes its own facts from inside; the page never guesses from the platform it was built for.","200k","1M","3M","Count primes in every place","Restart places","inline (the caller)\nkind: inline\nstart 423 ms, first facts() round trip 91 ms\nroot\ncheck: effective uid 0\nblock_devices\ncheck: a kernel-listed block device opens for reading\nusb.native\ncheck: /dev/bus/usb lists\nusb.web\ncheck: navigator.usb exists\nprocess.spawn\ncheck: a shell runs\nfs.persistent\ncheck: working dir writable, or storage persisted\nnet\ncheck: a non-loopback interface is up, or onLine\nnative\ncheck: null","worker (isolate or Web Worker)\nkind: web_worker\nstart 263 ms, first facts() round trip 73 ms\nroot\ncheck: effective uid 0\nblock_devices\ncheck: a kernel-listed block device opens for reading\nusb.native\ncheck: /dev/bus/usb lists\nusb.web\ncheck: navigator.usb exists\nprocess.spawn\ncheck: a shell runs\nfs.persistent\ncheck: working dir writable, or storage persisted\nnet\ncheck: a non-loopback interface is up, or onLine\nnative\ncheck: null","Places","Strategy","Rust","Lifecycle","Shell","Plugins"]}}
{"check":"places-scroll-1","result":{"url":"https://mui.kernelsu.org/index.html","socket":"webview_devtools_remote_12071","value":["Back\nBack","200k","1M","3M","Count primes in every place","Restart places","inline (the caller)\nkind: inline\nstart 423 ms, first facts() round trip 91 ms\nroot\ncheck: effective uid 0\nblock_devices\ncheck: a kernel-listed block device opens for reading\nusb.native\ncheck: /dev/bus/usb lists\nusb.web\ncheck: navigator.usb exists\nprocess.spawn\ncheck: a shell runs\nfs.persistent\ncheck: working dir writable, or storage persisted\nnet\ncheck: a non-loopback interface is up, or onLine\nnative\ncheck: null","worker (isolate or Web Worker)\nkind: web_worker\nstart 263 ms, first facts() round trip 73 ms\nroot\ncheck: effective uid 0\nblock_devices\ncheck: a kernel-listed block device opens for reading\nusb.native\ncheck: /dev/bus/usb lists\nusb.web\ncheck: navigator.usb exists\nprocess.spawn\ncheck: a shell runs\nfs.persistent\ncheck: working dir writable, or storage persisted\nnet\ncheck: a non-loopback interface is up, or onLine\nnative\ncheck: null","Places","Strategy","Rust","Lifecycle","Shell","Plugins"]}}
{"check":"places-scroll-2","result":{"url":"https://mui.kernelsu.org/index.html","socket":"webview_devtools_remote_12071","value":["Back\nBack","inline (the caller)\nkind: inline\nstart 423 ms, first facts() round trip 91 ms\nroot\ncheck: effective uid 0\nblock_devices\ncheck: a kernel-listed block device opens for reading\nusb.native\ncheck: /dev/bus/usb lists\nusb.web\ncheck: navigator.usb exists\nprocess.spawn\ncheck: a shell runs\nfs.persistent\ncheck: working dir writable, or storage persisted\nnet\ncheck: a non-loopback interface is up, or onLine\nnative\ncheck: null","worker (isolate or Web Worker)\nkind: web_worker\nstart 263 ms, first facts() round trip 73 ms\nroot\ncheck: effective uid 0\nblock_devices\ncheck: a kernel-listed block device opens for reading\nusb.native\ncheck: /dev/bus/usb lists\nusb.web\ncheck: navigator.usb exists\nprocess.spawn\ncheck: a shell runs\nfs.persistent\ncheck: working dir writable, or storage persisted\nnet\ncheck: a non-loopback interface is up, or onLine\nnative\ncheck: null","root process (the app CLI, serve mode)\nkind: process\nstart 311 ms, first facts() round trip 0 ms\nroot\ncheck: effective uid 0\nblock_devices\ncheck: a kernel-listed block device opens for reading\nusb.native\ncheck: /dev/bus/usb lists\nusb.web\ncheck: navigator.usb exists\nprocess.spawn\ncheck: a shell runs\nfs.persistent\ncheck: working dir writable, or storage persisted\nnet\ncheck: a non-loopback interface is up, or onLine\nnative\ncheck: null","Places","Strategy","Rust","Lifecycle","Shell","Plugins"]}}
{"check":"places-scroll-3","result":{"url":"https://mui.kernelsu.org/index.html","socket":"webview_devtools_remote_12071","value":["Back\nBack","worker (isolate or Web Worker)\nkind: web_worker\nstart 263 ms, first facts() round trip 73 ms\nroot\ncheck: effective uid 0\nblock_devices\ncheck: a kernel-listed block device opens for reading\nusb.native\ncheck: /dev/bus/usb lists\nusb.web\ncheck: navigator.usb exists\nprocess.spawn\ncheck: a shell runs\nfs.persistent\ncheck: working dir writable, or storage persisted\nnet\ncheck: a non-loopback interface is up, or onLine\nnative\ncheck: null","root process (the app CLI, serve mode)\nkind: process\nstart 311 ms, first facts() round trip 0 ms\nroot\ncheck: effective uid 0\nblock_devices\ncheck: a kernel-listed block device opens for reading\nusb.native\ncheck: /dev/bus/usb lists\nusb.web\ncheck: navigator.usb exists\nprocess.spawn\ncheck: a shell runs\nfs.persistent\ncheck: working dir writable, or storage persisted\nnet\ncheck: a non-loopback interface is up, or onLine\nnative\ncheck: null","Reference: one call and one stream per place\nsquadron_process doc/benchmark.md, a 4-vCPU VM. Not measured here; devicelab measures devices.\nCall: isolate 31 µs, Web Worker (dart2js) 120 µs, process 247 µs, process from the page 401 µs.\n64 KiB stream: isolate 3643 MiB/s, Web Worker 631 MiB/s, process link about 110 MiB/s.","Places","Strategy","Rust","Lifecycle","Shell","Plugins"]}}
{"check":"tap-strategy","result":{"url":"https://mui.kernelsu.org/index.html","socket":"webview_devtools_remote_12071","value":"tapped Strategy at 53,536 size 53x80 role tab tappable"}}
{"check":"strategy","result":{"url":"https://mui.kernelsu.org/index.html","socket":"webview_devtools_remote_12071","value":["Back\nBack","Objective: list the device's partitions. Strategies in preference order: on the device as root, then from a host over USB. The first one the place's facts allow runs; nothing reads kIsWeb or Platform.","Place","inline (the caller)","worker (isolate or Web Worker)","root process (the app CLI, serve mode)","Facts from inline (the caller)\nSwitch a fact off to see the fallback. You can only take facts away.\nroot\ncheck: effective uid 0\nblock_devices\ncheck: a kernel-listed block device opens for reading\nusb.native\ncheck: /dev/bus/usb lists\nusb.web\ncheck: navigator.usb exists\nprocess.spawn\ncheck: a shell runs\nfs.persistent\ncheck: working dir writable, or storage persisted\nnet\ncheck: a non-loopback interface is up, or onLine\nnative\ncheck: null","root","block_devices","usb.native","process.spawn","Places","Strategy","Rust","Lifecycle","Shell","Plugins"]}}
{"check":"tap-strategy-root","result":{"url":"https://mui.kernelsu.org/index.html","socket":"webview_devtools_remote_12071","value":"tapped root process at 24,358 size 272x48 role checkbox tappable"}}
{"check":"strategy-root","result":{"url":"https://mui.kernelsu.org/index.html","socket":"webview_devtools_remote_12071","value":["Back\nBack","Objective: list the device's partitions. Strategies in preference order: on the device as root, then from a host over USB. The first one the place's facts allow runs; nothing reads kIsWeb or Platform.","Place","inline (the caller)","worker (isolate or Web Worker)","root process (the app CLI, serve mode)","Facts from root process (the app CLI, serve mode)\nSwitch a fact off to see the fallback. You can only take facts away.\nroot\ncheck: effective uid 0\nblock_devices\ncheck: a kernel-listed block device opens for reading\nusb.native\ncheck: /dev/bus/usb lists\nusb.web\ncheck: navigator.usb exists\nprocess.spawn\ncheck: a shell runs\nfs.persistent\ncheck: working dir writable, or storage persisted\nnet\ncheck: a non-loopback interface is up, or onLine\nnative\ncheck: null","root","block_devices","usb.native","process.spawn","Places","Strategy","Rust","Lifecycle","Shell","Plugins"]}}
{"check":"strategy-root-scroll-1","result":{"url":"https://mui.kernelsu.org/index.html","socket":"webview_devtools_remote_12071","value":["Back\nBack","Place","inline (the caller)","worker (isolate or Web Worker)","root process (the app CLI, serve mode)","Facts from root process (the app CLI, serve mode)\nSwitch a fact off to see the fallback. You can only take facts away.\nroot\ncheck: effective uid 0\nblock_devices\ncheck: a kernel-listed block device opens for reading\nusb.native\ncheck: /dev/bus/usb lists\nusb.web\ncheck: navigator.usb exists\nprocess.spawn\ncheck: a shell runs\nfs.persistent\ncheck: working dir writable, or storage persisted\nnet\ncheck: a non-loopback interface is up, or onLine\nnative\ncheck: null","root","block_devices","usb.native","process.spawn","Chosen: on device (/proc/partitions as root)\non_device chosen","on device (/proc/partitions as root)\nneeds root + block_devices: has them","from host (fastboot getvar all)\nneeds usb.native + process.spawn: has them","Places","Strategy","Rust","Lifecycle","Shell","Plugins"]}}
{"check":"strategy-root-scroll-2","result":{"url":"https://mui.kernelsu.org/index.html","socket":"webview_devtools_remote_12071","value":["Back\nBack","Facts from root process (the app CLI, serve mode)\nSwitch a fact off to see the fallback. You can only take facts away.\nroot\ncheck: effective uid 0\nblock_devices\ncheck: a kernel-listed block device opens for reading\nusb.native\ncheck: /dev/bus/usb lists\nusb.web\ncheck: navigator.usb exists\nprocess.spawn\ncheck: a shell runs\nfs.persistent\ncheck: working dir writable, or storage persisted\nnet\ncheck: a non-loopback interface is up, or onLine\nnative\ncheck: null","process.spawn","Chosen: on device (/proc/partitions as root)\non_device chosen","on device (/proc/partitions as root)\nneeds root + block_devices: has them","from host (fastboot getvar all)\nneeds usb.native + process.spawn: has them","Run on_device in process","Log\nEvery run: objective, strategy, place and the facts it saw.\nNothing has run yet.","Places","Strategy","Rust","Lifecycle","Shell","Plugins"]}}
{"check":"tap-rust","result":{"url":"https://mui.kernelsu.org/index.html","socket":"webview_devtools_remote_12071","value":"tapped Rust at 107,536 size 53x80 role tab tappable"}}
{"check":"rust","result":{"url":"https://mui.kernelsu.org/index.html","socket":"webview_devtools_remote_12071","value":["Back\nBack","The demo crate (rust/) counts the primes below 1000000 with the same loop as page 1's Dart. The service loads it in its own place through flutter_rust_bridge, so each place runs its own build.","Run in every place","inline (the caller)","Run here","worker (isolate or Web Worker)","Run here","root process (the app CLI, serve mode)","Run here","Places","Strategy","Rust","Lifecycle","Shell","Plugins"]}}
{"check":"tap-rust-run","result":{"url":"https://mui.kernelsu.org/index.html","socket":"webview_devtools_remote_12071","value":"tapped Run in every place at 16,196 size 288x48 role button tappable"}}
{"check":"rust-ran","result":{"url":"https://mui.kernelsu.org/index.html","socket":"webview_devtools_remote_12071","value":["Back\nBack","The demo crate (rust/) counts the primes below 1000000 with the same loop as page 1's Dart. The service loads it in its own place through flutter_rust_bridge, so each place runs its own build.","Run in every place","inline (the caller)\nBuilt for: wasm32-unknown (single-threaded)\nLoad: 89 ms (once per place, on its first Rust call; on the web that fetches and instantiates the wasm)\nRust 153 ms, Dart 1240 ms (same count: 78498)","Run here","worker (isolate or Web Worker)\nBuilt for: wasm32-unknown (single-threaded)\nLoad: 45 ms (once per place, on its first Rust call; on the web that fetches and instantiates the wasm)\nRust 165 ms, Dart 271 ms (same count: 78498)","Run here","root process (the app CLI, serve mode)\nBuilt for: x86_64-android\nLoad: 0 ms (once per place, on its first Rust call; on the web that fetches and instantiates the wasm)\nRust 140 ms, Dart 149 ms (same count: 78498)","Places","Strategy","Rust","Lifecycle","Shell","Plugins"]}}
{"check":"wasm-after-rust","result":{"url":"https://mui.kernelsu.org/index.html","socket":"webview_devtools_remote_12071","value":{"wasm":[{"name":"chromium/canvaskit.wasm","start":103,"dur":58},{"name":"pkg/demo_native_bg.wasm","start":81881,"dur":29}],"marks":[{"name":"flutter_webui:register","t":438},{"name":"flutter_webui:registered","t":440},{"name":"flutter_webui:register","t":442},{"name":"flutter_webui:registered","t":442},{"name":"flutter_webui:first-frame","t":558}],"measures":[],"now":102905}}}
{"check":"tap-rust-run-2","result":{"url":"https://mui.kernelsu.org/index.html","socket":"webview_devtools_remote_12071","value":"tapped Run in every place at 16,196 size 288x48 role button tappable"}}
{"check":"rust-ran-2","result":{"url":"https://mui.kernelsu.org/index.html","socket":"webview_devtools_remote_12071","value":["Back\nBack","The demo crate (rust/) counts the primes below 1000000 with the same loop as page 1's Dart. The service loads it in its own place through flutter_rust_bridge, so each place runs its own build.","Run in every place","inline (the caller)\nBuilt for: wasm32-unknown (single-threaded)\nLoad: 0 ms (once per place, on its first Rust call; on the web that fetches and instantiates the wasm)\nRust 139 ms, Dart 1240 ms (same count: 78498)","Run here","worker (isolate or Web Worker)\nBuilt for: wasm32-unknown (single-threaded)\nLoad: 0 ms (once per place, on its first Rust call; on the web that fetches and instantiates the wasm)\nRust 151 ms, Dart 246 ms (same count: 78498)","Run here","root process (the app CLI, serve mode)\nBuilt for: x86_64-android\nLoad: 0 ms (once per place, on its first Rust call; on the web that fetches and instantiates the wasm)\nRust 136 ms, Dart 151 ms (same count: 78498)","Places","Strategy","Rust","Lifecycle","Shell","Plugins"]}}
{"check":"tap-lifecycle","result":{"url":"https://mui.kernelsu.org/index.html","socket":"webview_devtools_remote_12071","value":"tapped Lifecycle at 160,536 size 53x80 role tab tappable"}}
{"check":"tap-root-process","result":{"url":"https://mui.kernelsu.org/index.html","socket":"webview_devtools_remote_12071","value":"tapped root process at 24,390 size 272x48 role checkbox tappable"}}
{"check":"tap-start","result":{"url":"https://mui.kernelsu.org/index.html","socket":"webview_devtools_remote_12071","value":"tapped Start at 24,462 size 97x48 role button tappable"}}
{"check":"lifecycle-running","result":{"url":"https://mui.kernelsu.org/index.html","socket":"webview_devtools_remote_12071","value":["Back\nBack","Start a five-minute task, then switch away (Home, another app or tab) and come back: hidden keeps going. Close the app instead and reopen it: closed stops, and this page says where the task was when it ended.","Task\ntick every 500 ms, stamped with the place's own clock\nrunning in process: tick 17/600, longest gap 504 ms, app resumed 3","inline (the caller)","worker (isolate or Web Worker)","root process (the app CLI, serve mode)","Stop","Lifecycle\n04:18:54  started in process","Facts from root process (the app CLI, serve mode)\nroot\ncheck: effective uid 0\nblock_devices\ncheck: a kernel-listed block device opens for reading\nusb.native\ncheck: /dev/bus/usb lists\nusb.web\ncheck: navigator.usb exists\nprocess.spawn\ncheck: a shell runs\nfs.persistent\ncheck: working dir writable, or storage persisted\nnet\ncheck: a non-loopback interface is up, or onLine\nnative\ncheck: null","Places","Strategy","Rust","Lifecycle","Shell","Plugins"]}}
{"check":"lifecycle-after-home","result":{"url":"https://mui.kernelsu.org/index.html","socket":"webview_devtools_remote_12071","value":["Back\nBack","Start a five-minute task, then switch away (Home, another app or tab) and come back: hidden keeps going. Close the app instead and reopen it: closed stops, and this page says where the task was when it ended.","Task\ntick every 500 ms, stamped with the place's own clock\nrunning in process: tick 41/600, longest gap 504 ms, app resumed 7","inline (the caller)","worker (isolate or Web Worker)","root process (the app CLI, serve mode)","Stop","Lifecycle\n04:19:10  away 6.7 s: the place produced 14 ticks (on schedule: 13); longest gap 504 ms\n04:19:10  inactive -> resumed\n04:19:10  hidden -> inactive\n04:19:03  inactive -> hidden\n04:19:03  resumed -> inactive\n04:18:54  started in process","Places","Strategy","Rust","Lifecycle","Shell","Plugins"]}}
{"check":"root-process","result":"root             0 u:r:ksu:s0                     12281 dartaotruntime\nu0_a210      10210 u:r:untrusted_app_27:s0:c210,c256,c512,c768 12329 com.webui.api.demo\nroot             0 u:r:ksu:s0                     12340 dartaotruntime"}
/home/runner/work/devicelab/devicelab/out/sockprobe: 1 file pushed, 0 skipped. 190.3 MB/s (3501149 bytes in 0.018s)
{"check":"block-devices","result":"dm-0\ndm-1\ndm-11\ndm-13\ndm-14\ndm-16\ndm-17\ndm-18\ntotal 0\ndrwxr-xr-x 2 root root u:object_r:block_device:s0                140 2026-10-02 04:11 by-name\nbrw------- 1 root root u:object_r:dm_device:s0              254,   0 2026-10-02 04:11 dm-0\nbrw------- 1 root root u:object_r:dm_device:s0              254,   1 2026-10-02 04:11 dm-1\nbrw------- 1 root root u:object_r:dm_device:s0              254,  11 2026-10-02 04:11 dm-11\nbrw------- 1 root root u:object_r:dm_device:s0              254,  13 2026-10-02 04:11 dm-13\nbrw------- 1 root root u:object_r:dm_device:s0              254,  14 2026-10-02 04:11 dm-14\nbrw------- 1 root root u:object_r:dm_device:s0              254,  16 2026-10-02 04:11 dm-16\nbrw------- 1 root root u:object_r:dm_device:s0              254,  17 2026-10-02 04:11 dm-17\nbrw------- 1 root root u:object_r:dm_device:s0              254,  18 2026-10-02 04:11 dm-18\nbrw------- 1 root root u:object_r:dm_device:s0              254,  19 2026-10-02 04:11 dm-19\nbrw------- 1 root root u:object_r:dm_device:s0              254,   2 2026-10-02 04:11 dm-2\n-- su:\n0000000  \\0\n-- ksu:\n{\"error\":\"write /proc/thread-self/attr/current: operation not permitted\",\"op\":\"setcon\"}\n-- avc:"}
{"check":"back-1","result":{"url":"https://mui.kernelsu.org/index.html","socket":"webview_devtools_remote_12071","value":["Squadron","Process","native","net","Say hello","Count to 5","SHA-256","Demo pages\nOne page per thing the stack promises.","Places","Strategy","Rust","Lifecycle","Shell","Plugins"]}}
{"check":"back-1-top","result":"topResumedActivity=ActivityRecord{14910da u0 com.rifsxd.ksunext/.ui.webui.WebUIActivity t13}"}
{"check":"back-2-top","result":"topResumedActivity=ActivityRecord{14910da u0 com.rifsxd.ksunext/.ui.webui.WebUIActivity t13}"}
{"check":"back-3-top","result":"topResumedActivity=ActivityRecord{8e5f4be u0 com.google.android.apps.nexuslauncher/.NexusLauncherActivity t9}"}
{"check":"open","result":"opened: intent"}
{"check":"tap-places","result":{"url":"https://mui.kernelsu.org/index.html","socket":"webview_devtools_remote_12746","value":"tapped Places at 16,572 size 288x56 role button tappable"}}
{"check":"places","result":{"url":"https://mui.kernelsu.org/index.html","socket":"webview_devtools_remote_12746","value":["Back\nBack","One service, DemoService, opened in every place this build knows. Each place probes its own facts from inside; the page never guesses from the platform it was built for.","200k","1M","3M","Count primes in every place","Restart places","inline (the caller)\nkind: inline\nstart 592 ms, first facts() round trip 148 ms\nroot\ncheck: effective uid 0\nblock_devices\ncheck: a kernel-listed block device opens for reading\nusb.native\ncheck: /dev/bus/usb lists\nusb.web\ncheck: navigator.usb exists\nprocess.spawn\ncheck: a shell runs\nfs.persistent\ncheck: working dir writable, or storage persisted\nnet\ncheck: a non-loopback interface is up, or onLine\nnative\ncheck: null","worker (isolate or Web Worker)\nkind: web_worker\nstart 283 ms, first facts() round trip 78 ms\nroot\ncheck: effective uid 0\nblock_devices\ncheck: a kernel-listed block device opens for reading\nusb.native\ncheck: /dev/bus/usb lists\nusb.web\ncheck: navigator.usb exists\nprocess.spawn\ncheck: a shell runs\nfs.persistent\ncheck: working dir writable, or storage persisted\nnet\ncheck: a non-loopback interface is up, or onLine\nnative\ncheck: null","Places","Strategy","Rust","Lifecycle","Shell","Plugins"]}}
{"check":"root-process","result":"pid 12940 uid 0 ctx u:r:ksu:s0 cwd /data/adb/demo\n/system/bin/sh -c trap : TERM INT HUP USR1 USR2; exec 0</dev/null; \"$@\" >>\"$FLUTTER_WEBUI_LOG\" 2>&1; c=$?; (umask 077 && echo $c >\"$FLUTTER_WEBUI_EXIT.tmp\"); mv \"$FLUTTER_WEBUI_EXIT.tmp\" \"$FLUTTER_WEBUI_EXIT\" sh /data/adb/modules/demo/bin/demo serve --session-file /data/adb/modules/demo/run/demo.place.json --launch-id 3969471b597f6d55 \npid 12941 uid 0 ctx u:r:ksu:s0 cwd /data/adb/demo\n/data/adb/modules/demo/bin/x86_64/dartaotruntime /data/adb/modules/demo/bin/x86_64/demo.aot serve --session-file /data/adb/modules/demo/run/demo.place.json --launch-id 3969471b597f6d55 \npid 12965 uid 0 ctx u:r:su:s0 cwd /\n/system/bin/sh -c for p in $(pgrep -f 'serve --session-file'); do echo \"pid $p uid $(stat -c %u /proc/$p) ctx $(cat /proc/$p/attr/current | tr -d '\\0') cwd $(readlink /proc/$p/cwd)\"; tr '\\0' ' ' </proc/$p/cmdline; echo; done"}
{"check":"root-cwd","result":"/data/adb/demo"}
{"check":"cli-facts-datadir","result":"{\n  \"root\": true,\n  \"block_devices\": true,\n  \"usb.native\": true,\n  \"usb.web\": false,\n  \"process.spawn\": true,\n  \"fs.persistent\": true,\n  \"net\": true,\n  \"native\": true\n}"}
{"check":"cli-facts-slash","result":"\"root\": true,\n  \"fs.persistent\": false,"}
{"check":"page-persisted","result":{"url":"https://mui.kernelsu.org/index.html","socket":"webview_devtools_remote_12746","value":{"persisted":false}}}
{"check":"worker-persisted","result":{"url":"https://mui.kernelsu.org/index.html","socket":"webview_devtools_remote_12746","value":{"persisted":false}}}
{"check":"sys-dark","night":"yes","color_mode":"","opened":"opened: intent","result":{"url":"https://mui.kernelsu.org/index.html","socket":"webview_devtools_remote_13080","value":{"dark":true,"primary":"#B2C5FF","background":"#121318","cssBytes":1417}}}
{"check":"sys-light","night":"no","color_mode":"","opened":"opened: intent","result":{"url":"https://mui.kernelsu.org/index.html","socket":"webview_devtools_remote_13274","value":{"dark":false,"primary":"#495D92","background":"#FAF8FF","cssBytes":1417}}}
/home/runner/work/devicelab/devicelab/out/sockprobe: 1 file pushed, 0 skipped. 222.8 MB/s (3501149 bytes in 0.015s)
{"check":"ksud-version","result":"ksud 3.4.0 (uapi: 4)\nmanage module configuration\n\nUsage: ksud module config [OPTIONS] <COMMAND>"}
{"check":"root-script","result":"-rwxr-xr-x 1 root root 1921 2026-10-02 04:13 /data/adb/modules/demo/flutter_webui/root\n#!/system/bin/sh\n# flutter-webui root channel launcher. Lives at <moddir>/flutter_webui/root.\n# Usage: sh root start    find or start the channel; prints its session as one\n#                         JSON line (port, token), or exits non-zero\n#        sh root serve    run the channel (started detached by `start`)\n# Needs `ksud module config` (KernelSU or KernelSU Next v3.0.0+).\n# SPDX-License-Identifier: LGPL-3.0-or-later WITH LGPL-3.0-linking-exception\n\ndir=${0%/*}\ncase \"$dir\" in /*) ;; *) dir=$(cd \"$dir\" && pwd) ;; esac\nmoddir=${dir%/*}\nid=${moddir##*/}\nrun=$dir/run\n\ncase \"$(uname -m)\" in\n  aarch64 | arm64) abi=arm64-v8a ;;\n  x86_64) abi=x86_64 ;;\n  *) echo \"flutter_webui: unsupported CPU $(uname -m)\" >&2; exit 1 ;;\nesac\n\n# Root shells can start with an empty environment, and the Dart VM needs a\n# writable TMPDIR: the module's temporary directory, which `start` empties on\n# the first start of each boot.\nexport TMPDIR=\"${FLUTTER_WEBUI_DATA:-/data/adb/$id}/tmp\"\n(umask 077 && mkdir -p \"$TMPDIR\" \"$run\")\n\nchannel() {\n  rt=$dir/$abi\n  # A linux (glibc) runtime ships its loader and libraries next to it; an\n  # Android-built runtime runs directly."}
{"check":"layout-before","result":"total 48\ndrwxr-xr-x 5 root root 4096 2026-10-02 04:17 .\ndrwxr-xr-x 8 root root 4096 2026-10-02 04:17 ..\ndrwxr-xr-x 2 root root 4096 2026-10-02 04:13 arm64-v8a\n-rwxr-xr-x 1 root root 1921 2026-10-02 04:13 root\ndrwx------ 3 root root 4096 2026-10-02 04:17 run\ndrwxr-xr-x 2 root root 4096 2026-10-02 04:13 x86_64\n-- run:\n700 root:root /data/adb/modules/demo/flutter_webui/run\n/data/adb/modules/demo/flutter_webui/run:\ntotal 44\ndrwx------ 3 root root 4096 2026-10-02 04:17 .\ndrwxr-xr-x 5 root root 4096 2026-10-02 04:17 ..\n-rw------- 1 root root    6 2026-10-02 04:17 lock\ndrwx------ 2 root root 4096 2026-10-02 04:20 proc\n-rw------- 1 root root   56 2026-10-02 04:17 root.log\n-rw------- 1 root root    0 2026-10-02 04:17 start.lock\n\n/data/adb/modules/demo/flutter_webui/run/proc:\ntotal 56\ndrwx------ 2 root root 4096 2026-10-02 04:20 .\ndrwx------ 3 root root 4096 2026-10-02 04:17 ..\n-rw------- 1 root root   36 2026-10-02 04:17 .boot\n-rw------- 1 root root    2 2026-10-02 04:19 1790914624081354-0.exit\n-rw------- 1 root root  215 2026-10-02 04:17 1790914624081354-0.log\n-rw------- 1 root root    2 2026-10-02 04:20 1790914778415208-1.exit\n-rw------- 1 root root  215 2026-10-02 04:19 1790914778415208-1.log\n-- webroot/.run:\nls: /data/adb/modules/demo/webroot/.run: No such file or directory"}
{"check":"config-before","result":"webui.session={\"protocol\":1,\"version\":\"0.2.0\",\"port\":34931,\"token\":\"gjQWSEAq73yvlJkmDiCHR-yj2LwHmrlPc-pp-Tn5fVw\",\"pid\":12281,\"boot\":\"b1521e57-87f5-4cea-a77f-e00e51eb1191\",\"started\":\"2026-10-02T04:17:03.326246Z\"}\nwebui.boot=b1521e57-87f5-4cea-a77f-e00e51eb1191\n-- list:\nwebui.session={\"protocol\":1,\"version\":\"0.2.0\",\"port\":34931,\"token\":\"gjQWSEAq73yvlJkmDiCHR-yj2LwHmrlPc-pp-Tn5fVw\",\"pid\":12281,\"boot\":\"b1521e57-87f5-4cea-a77f-e00e51eb1191\",\"started\":\"2026-10-02T04:17:03.326246Z\"}\nwebui.boot=b1521e57-87f5-4cea-a77f-e00e51eb1191\nwebui.installed=1"}
{"check":"config-after-boot","result":"webui.session=Error: Key 'webui.session' not found\nwebui.boot=Error: Key 'webui.boot' not found\n-- list:\nwebui.installed=1"}
{"check":"tmp-after-boot","result":"total 24\ndrwx------ 2 root root 4096 2026-10-02 04:20 .\ndrwx------ 3 root root 4096 2026-10-02 04:19 ..\n-rw-rw-rw- 1 root root    4 2026-10-02 04:20 lab-marker"}
{"check":"start-1","result":"# via adb root (0 u:r:su:s0)\n{\"protocol\":1,\"version\":\"0.2.0\",\"port\":45645,\"token\":\"gmOiImCRXCCnPLNkJU7c0-h9yf_3UDeUQ2Fari1wgHE\",\"pid\":15933,\"boot\":\"b1521e57-87f5-4cea-a77f-e00e51eb1191\",\"started\":\"2026-10-02T04:21:12.390775Z\"}\nexit=0"}
{"check":"tmp-after-start-1","result":"total 16\ndrwx------ 2 root root 4096 2026-10-02 04:21 .\ndrwx------ 3 root root 4096 2026-10-02 04:19 .."}
{"check":"config-after-start-1","result":"webui.session={\"protocol\":1,\"version\":\"0.2.0\",\"port\":45645,\"token\":\"gmOiImCRXCCnPLNkJU7c0-h9yf_3UDeUQ2Fari1wgHE\",\"pid\":15933,\"boot\":\"b1521e57-87f5-4cea-a77f-e00e51eb1191\",\"started\":\"2026-10-02T04:21:12.390775Z\"}\nwebui.boot=b1521e57-87f5-4cea-a77f-e00e51eb1191\n-- list:\nwebui.installed=1\nwebui.session={\"protocol\":1,\"version\":\"0.2.0\",\"port\":45645,\"token\":\"gmOiImCRXCCnPLNkJU7c0-h9yf_3UDeUQ2Fari1wgHE\",\"pid\":15933,\"boot\":\"b1521e57-87f5-4cea-a77f-e00e51eb1191\",\"started\":\"2026-10-02T04:21:12.390775Z\"}\nwebui.boot=b1521e57-87f5-4cea-a77f-e00e51eb1191"}
{"check":"layout-after-start-1","result":"total 48\ndrwxr-xr-x 5 root root 4096 2026-10-02 04:17 .\ndrwxr-xr-x 8 root root 4096 2026-10-02 04:17 ..\ndrwxr-xr-x 2 root root 4096 2026-10-02 04:13 arm64-v8a\n-rwxr-xr-x 1 root root 1921 2026-10-02 04:13 root\ndrwx------ 3 root root 4096 2026-10-02 04:17 run\ndrwxr-xr-x 2 root root 4096 2026-10-02 04:13 x86_64\n-- run:\n700 root:root /data/adb/modules/demo/flutter_webui/run\n/data/adb/modules/demo/flutter_webui/run:\ntotal 44\ndrwx------ 3 root root 4096 2026-10-02 04:17 .\ndrwxr-xr-x 5 root root 4096 2026-10-02 04:17 ..\n-rw------- 1 root root    6 2026-10-02 04:21 lock\ndrwx------ 2 root root 4096 2026-10-02 04:20 proc\n-rw------- 1 root root   56 2026-10-02 04:21 root.log\n-rw------- 1 root root    0 2026-10-02 04:17 start.lock\n\n/data/adb/modules/demo/flutter_webui/run/proc:\ntotal 56\ndrwx------ 2 root root 4096 2026-10-02 04:20 .\ndrwx------ 3 root root 4096 2026-10-02 04:17 ..\n-rw------- 1 root root   36 2026-10-02 04:17 .boot\n-rw------- 1 root root    2 2026-10-02 04:19 1790914624081354-0.exit\n-rw------- 1 root root  215 2026-10-02 04:17 1790914624081354-0.log\n-rw------- 1 root root    2 2026-10-02 04:20 1790914778415208-1.exit\n-rw------- 1 root root  215 2026-10-02 04:19 1790914778415208-1.log\n-- webroot/.run:\nls: /data/adb/modules/demo/webroot/.run: No such file or directory"}
{"check":"start-2","result":"# via adb root (0 u:r:su:s0)\n{\"protocol\":1,\"version\":\"0.2.0\",\"port\":45645,\"token\":\"gmOiImCRXCCnPLNkJU7c0-h9yf_3UDeUQ2Fari1wgHE\",\"pid\":15933,\"boot\":\"b1521e57-87f5-4cea-a77f-e00e51eb1191\",\"started\":\"2026-10-02T04:21:12.390775Z\"}\nexit=0"}
{"check":"same-pid","result":{"first":"15933","second":"15933","same":true}}
{"check":"delete-session","result":"exit=0"}
{"check":"start-3","result":"# via adb root (0 u:r:su:s0)\n{\"protocol\":1,\"version\":\"0.2.0\",\"port\":43649,\"token\":\"iok0wKRGKG-7Bl82icmdf5kOU69AmP0p03rNOOccoWc\",\"pid\":16029,\"boot\":\"b1521e57-87f5-4cea-a77f-e00e51eb1191\",\"started\":\"2026-10-02T04:21:12.898185Z\"}\nexit=0"}
{"check":"replaced","result":{"old":"15933","new":"16029","new_pid":true,"old_alive":"no"}}
{"check":"procs","result":"root         16029     1 u:r:su:s0                      dartaotruntime              dartaotruntime /data/adb/modules/demo/flutter_webui/x86_64/flutter_webui_root.aot serve --module-dir /data/adb/modules/demo --module-id demo --run-dir /data/adb/modules/demo/flutter_webui/run --temp-dir /data/adb/demo/tmp --announce"}
{"check":"root-log","result":"2026-10-02T04:21:12.904040 listening on 127.0.0.1:43649"}
{"check":"config-end","result":"webui.session={\"protocol\":1,\"version\":\"0.2.0\",\"port\":43649,\"token\":\"iok0wKRGKG-7Bl82icmdf5kOU69AmP0p03rNOOccoWc\",\"pid\":16029,\"boot\":\"b1521e57-87f5-4cea-a77f-e00e51eb1191\",\"started\":\"2026-10-02T04:21:12.898185Z\"}\nwebui.boot=b1521e57-87f5-4cea-a77f-e00e51eb1191\n-- list:\nwebui.installed=1\nwebui.session={\"protocol\":1,\"version\":\"0.2.0\",\"port\":43649,\"token\":\"iok0wKRGKG-7Bl82icmdf5kOU69AmP0p03rNOOccoWc\",\"pid\":16029,\"boot\":\"b1521e57-87f5-4cea-a77f-e00e51eb1191\",\"started\":\"2026-10-02T04:21:12.898185Z\"}\nwebui.boot=b1521e57-87f5-4cea-a77f-e00e51eb1191"}
{"check":"open","result":"opened: intent"}
{"check":"page-uid","result":["Say hello"]}
{"check":"hello-tap","result":{"url":"https://mui.kernelsu.org/index.html","socket":"webview_devtools_remote_16082","value":"tapped Say hello at 32,364 size 105x48 role button tappable"}}
{"check":"hello","result":["Say hello"]}
{"check":"page-session","result":"{\"protocol\":1,\"version\":\"0.2.0\",\"port\":43649,\"token\":\"iok0wKRGKG-7Bl82icmdf5kOU69AmP0p03rNOOccoWc\",\"pid\":16029,\"boot\":\"b1521e57-87f5-4cea-a77f-e00e51eb1191\",\"started\":\"2026-10-02T04:21:12.898185Z\"}"}
{"check":"page-hello","result":{"url":"https://mui.kernelsu.org/index.html","socket":"webview_devtools_remote_16082","value":"{\"op\":\"hello\",\"protocol\":1,\"version\":\"0.2.0\",\"pid\":16029,\"boot\":\"b1521e57-87f5-4cea-a77f-e00e51eb1191\",\"uid\":0,\"moduleDir\":\"/data/adb/modules/demo\"}"}}
{"check":"channel-process","result":"root         16029     1 u:r:su:s0                      dartaotruntime"}
{"check":"start-after-page","result":"# via adb root (0 u:r:su:s0)\n{\"protocol\":1,\"version\":\"0.2.0\",\"port\":43649,\"token\":\"iok0wKRGKG-7Bl82icmdf5kOU69AmP0p03rNOOccoWc\",\"pid\":16029,\"boot\":\"b1521e57-87f5-4cea-a77f-e00e51eb1191\",\"started\":\"2026-10-02T04:21:12.898185Z\"}\nexit=0"}
{"check":"layout-end","result":"total 48\ndrwxr-xr-x 5 root root 4096 2026-10-02 04:17 .\ndrwxr-xr-x 8 root root 4096 2026-10-02 04:17 ..\ndrwxr-xr-x 2 root root 4096 2026-10-02 04:13 arm64-v8a\n-rwxr-xr-x 1 root root 1921 2026-10-02 04:13 root\ndrwx------ 3 root root 4096 2026-10-02 04:17 run\ndrwxr-xr-x 2 root root 4096 2026-10-02 04:13 x86_64\n-- run:\n700 root:root /data/adb/modules/demo/flutter_webui/run\n/data/adb/modules/demo/flutter_webui/run:\ntotal 44\ndrwx------ 3 root root 4096 2026-10-02 04:17 .\ndrwxr-xr-x 5 root root 4096 2026-10-02 04:17 ..\n-rw------- 1 root root    6 2026-10-02 04:21 lock\ndrwx------ 2 root root 4096 2026-10-02 04:20 proc\n-rw------- 1 root root   56 2026-10-02 04:21 root.log\n-rw------- 1 root root    0 2026-10-02 04:17 start.lock\n\n/data/adb/modules/demo/flutter_webui/run/proc:\ntotal 56\ndrwx------ 2 root root 4096 2026-10-02 04:20 .\ndrwx------ 3 root root 4096 2026-10-02 04:17 ..\n-rw------- 1 root root   36 2026-10-02 04:17 .boot\n-rw------- 1 root root    2 2026-10-02 04:19 1790914624081354-0.exit\n-rw------- 1 root root  215 2026-10-02 04:17 1790914624081354-0.log\n-rw------- 1 root root    2 2026-10-02 04:20 1790914778415208-1.exit\n-rw------- 1 root root  215 2026-10-02 04:19 1790914778415208-1.log\n-- webroot/.run:\nls: /data/adb/modules/demo/webroot/.run: No such file or directory"}
{"check":"app","result":"package:/product/app/WebuiApi_demo/WebuiApi_demo.apk\ntotal 3708\ndrwxr-xr-x 1 root root u:object_r:system_file:s0       60 2026-10-02 04:13 .\ndrwxr-xr-x 1 root root u:object_r:system_file:s0       60 2026-10-02 04:13 ..\n-rw-r--r-- 1 root root u:object_r:system_file:s0  3792939 2026-10-02 04:13 WebuiApi_demo.apk\n    codePath=/product/app/WebuiApi_demo\n    versionName=0.53.0-webui.6\n    privateFlags=[ PRIVATE_FLAG_ACTIVITIES_RESIZE_MODE_RESIZEABLE_VIA_SDK_VERSION PRIVATE_FLAG_REQUEST_LEGACY_EXTERNAL_STORAGE PRODUCT PRIVATE_FLAG_ALLOW_NATIVE_HEAP_POINTER_TAGGING ]\n    signatures=PackageSignatures{5d45d47 version:2, signatures:[33fe4edd], past signatures:[]}\n    pkgFlags=[ SYSTEM HAS_CODE ALLOW_CLEAR_USER_DATA ALLOW_BACKUP ]\n    requested permissions:\n    requested permissions:\n      android.permission.WRITE_SETTINGS\n      android.permission.POST_NOTIFICATIONS\n      android.permission.ACCESS_FINE_LOCATION\n      android.permission.MANAGE_EXTERNAL_STORAGE\n      android.permission.SYSTEM_ALERT_WINDOW\n      android.permission.NFC\n      android.permission.BODY_SENSORS\n      android.permission.READ_MEDIA_VISUAL_USER_SELECTED\n      android.permission.RECEIVE_BOOT_COMPLETED\n      android.permission.REQUEST_IGNORE_BATTERY_OPTIMIZATIONS\n      android.permission.INTERNET\n      android.permission.TRANSMIT_IR"}
{"check":"mounts","result":"lrwxrwxrwx 1 root root 26 2026-10-02 04:13 /data/adb/metamodule -> /data/adb/modules/mountify\noverlay /product/app overlay ro,seclabel,relatime,lowerdir=/mnt/vendor/mountify/product/app:/product/app,redirect_dir=on 0 0\noverlay /product/app overlay ro,seclabel,relatime,lowerdir=/mnt/vendor/mountify/product/app:/product/app,redirect_dir=on 0 0\nCalendarGooglePrebuilt Camera2 Chrome Chrome-Stub Drive GoogleContacts GoogleTTS LatinIMEGooglePrebuilt LicenseChecker Maps MarkupGoogle_v2 ModuleMetadataGoogle NexusWallpapersStubPrebuilt2018 Photos PixelThemesStub PrebuiltDeskClockGoogle PrebuiltGmail PrebuiltGoogleAdservicesTvp PrebuiltGoogleTelemetryTvp SoundPickerPrebuilt TrichromeLibrary TrichromeLibrary-Stub WebViewGoogle WebViewGoogle-Stub WebuiApi_demo YouTube YouTubeMusicPrebuilt talkback"}
{"check":"app-label","result":"2 activities found:\n  Activity #0:\n    priority=0 preferredOrder=0 match=0x108000 specificIndex=-1 isDefault=true\n    com.webui.api.demo/com.termux.api.apis.NfcAPI$NfcActivity\n  Activity #1:"}
{"check":"module-config","result":"manage module configuration\n\nUsage: ksud module config [OPTIONS] <COMMAND>\n\nCommands:\n  get     Get a config value\n  set     Set a config value\n  list    List all config entries\n  delete  Delete a config entry\n  clear   Clear all config entries\n  help    Print this message or the help of the given subcommand(s)\n\n-- files:\ntotal 32\ndrwxr-xr-x 2 root root 4096 2026-10-02 04:21 .\ndrwxr-xr-x 3 root root 4096 2026-10-02 04:13 ..\n-rw-r--r-- 1 root root   36 2026-10-02 04:13 persist.config\n-rw-rw-rw- 1 root root  284 2026-10-02 04:21 tmp.config\n== /data/adb/ksu/module_configs/demo/persist.config\nMUSK\u0001\u0000\u0000\u0000\u0001\u0000\u0000\u0000\u000f\u0000\u0000\u0000webui.installed\u0001\u0000\u0000\u00001\n== /data/adb/ksu/module_configs/demo/tmp.config\nMUSK\u0001\u0000\u0000\u0000\u0002\u0000\u0000\u0000\n\u0000\u0000\u0000webui.boot$\u0000\u0000\u0000b1521e57-87f5-4cea-a77f-e00e51eb1191\u0000\u0000\u0000webui.session\udcc5\u0000\u0000\u0000{\"protocol\":1,\"version\":\"0.2.0\",\"port\":43649,\"token\":\"iok0wKRGKG-7Bl82icmdf5kOU69AmP0p03rNOOccoWc\",\"pid\":16029,\"boot\":\"b1521e57-87f5-4cea-a77f-e00e51eb1191\",\"started\":\"2026-10-02T04:21:12.898185Z\"}\n-- ksud get:\n1\nwebui.installed=1\nwebui.boot=b1521e57-87f5-4cea-a77f-e00e51eb1191\nwebui.session={\"protocol\":1,\"version\":\"0.2.0\",\"port\":43649,\"token\":\"iok0wKRGKG-7Bl82icmdf5kOU69AmP0p03rNOOccoWc\",\"pid\":16029,\"boot\":\"b1521e57-87f5-4cea-a77f-e00e51eb1191\",\"started\":\"2026-10-02T04:21:12.898185Z\"}"}
{"check":"module-dirs","result":"/data/adb/demo:\ntotal 24\ndrwx------ 3 root root 4096 2026-10-02 04:19 .\ndrwx------ 7 root root 4096 2026-10-02 04:17 ..\ndrwx------ 2 root root 4096 2026-10-02 04:21 tmp\n\n/data/adb/demo/tmp:\ntotal 16\ndrwx------ 2 root root 4096 2026-10-02 04:21 .\ndrwx------ 3 root root 4096 2026-10-02 04:19 .."}
{"check":"open","result":"opened: intent"}
{"check":"tap-places","result":{"url":"https://mui.kernelsu.org/index.html","socket":"webview_devtools_remote_16401","value":"tapped Places at 16,572 size 288x56 role button tappable"}}
{"check":"tap-plugins","result":{"url":"https://mui.kernelsu.org/index.html","socket":"webview_devtools_remote_16401","value":"tapped Plugins at 267,536 size 53x80 role tab tappable"}}
{"check":"plugins","result":The app calls share_plus, permission_handler, the clipboard and file_selector as on any platform. Running in a WebUI host, so their *_webui packages answer.
share_plus
On WebUI: share_plus_webui: Android's share sheet, opened by the module's own app
Share text
permission_handler
On WebUI: permission_handler_webui: Android's own permission dialog, for the module's own app
Camera: denied}
{"check":"tap-share","result":{"url":"https://mui.kernelsu.org/index.html","socket":"webview_devtools_remote_16401","value":"tapped Share text at 24,278 size 112x48 role button tappable"}}
{"check":"share-top","result":"com.android.intentresolver/.ChooserActivityLauncher"}
{"check":"app-process","result":"u0_a210      10210 u:r:untrusted_app_27:s0:c210,c256,c512,c768 16588 com.webui.api.demo"}
{"check":"share-log","result":"10-02 04:22:07.399 16710 16710 I ResolverListAdapter: Add DisplayResolveInfo component: ComponentInfo{com.google.android.apps.messaging/com.google.android.apps.messaging.ui.conversationlist.ShareIntentActivity}, intent component: ComponentInfo{com.google.android.apps.messaging/com.google.android.apps.messaging.ui.conversationlist.ShareIntentActivity}\n10-02 04:22:07.406 13697 14830 D CoreBackPreview: Window{a6811dd u0 com.android.intentresolver/com.android.intentresolver.ChooserActivityLauncher}: Setting back callback OnBackInvokedCallbackInfo{mCallback=android.window.IOnBackInvokedCallback$Stub$Proxy@b245c23, mPriority=0, mIsAnimationCallback=false}\n10-02 04:22:07.865 16710 16710 D ChooserActivity: onListRebuilt(listAdapter.userHandle=UserHandle{0}, rebuildComplete=true)\n10-02 04:22:07.866 16710 16710 D ChooserActivity: app target loading time 530 ms\n10-02 04:22:07.872 13697 13716 I ActivityTaskManager: Displayed com.android.intentresolver/.ChooserActivityLauncher for user 0: +722ms\n10-02 04:22:07.872 13697 13716 V WindowManager: Sent Transition (#7) createdAt=10-02 04:22:07.152 via request=TransitionRequestInfo { type = OPEN, triggerTask = TaskInfo{userId=0 taskId=20 displayId=0 isRunning=true baseIntent=Intent { act=android.intent.action.CHOOSER flg=0x10800000 cmp=com.android.intentresolver/.ChooserActivityLauncher } baseActivity=ComponentInfo{com.android.intentresolver/com.android.intentresolver.ChooserActivity} topActivity=ComponentInfo{com.android.intentresolver/com.android.intentresolver.ChooserActivity} origActivity=ComponentInfo{com.android.intentresolver/com.android.intentresolver.ChooserActivityLauncher} realActivity=ComponentInfo{com.android.intentresolver/com.android.intentresolver.ChooserActivity} numActivities=1 lastActiveTime=631840 supportsMultiWindow=true resizeMode=1 isResizeable=true minWidth=-1 minHeight=-1 defaultMinSize=220 token=WCT{RemoteToken{472c9b Task{757ba51 #20 type=standard A=10107:com.android.intentresolver}}} topActivityType=1 pictureInPictureParams=null shouldDockBigOverlays=false launchIntoPipHostTaskId=-1 lastParentTaskIdBeforePip=-1 displayCutoutSafeInsets=null topActivityInfo=ActivityInfo{8c76838 com.android.intentresolver.ChooserActivityLauncher} launchCookies=[] positionInParent=Point(0, 0) parentTaskId=-1 isFocused=false isVisible=false isVisibleRequested=false isSleeping=false locusId=null displayAreaFeatureId=1 isTopActivityTransparent=true appCompatTaskInfo=AppCompatTaskInfo { topActivityInSizeCompat=false topActivityEligibleForLetterboxEducation= falseisLetterboxEducationEnabled= true isLetterboxDoubleTapEnabled= false topActivityEligibleForUserAspectRatioButton= false topActivityBoundsLetterboxed= false isFromLetterboxDoubleTap= false topActivityLetterboxVerticalPosition= -1 topActivityLetterboxHorizontalPosition= -1 topActivityLetterboxWidth=320 topActivityLetterboxHeight=640 isUserFullscreenOverrideEnabled=false isSystemFullscreenOverrideEnabled=false cameraCompatTaskInfo=CameraCompatTaskInfo { cameraCompatControlState=hidden freeformCameraCompatMode=inactive}}}, pipTask = null, remoteTransition = null, displayChange = null, flags = 0, debugId = 7 }\n10-02 04:22:07.885 16710 16710 D ChooserActivity: onShortcutsLoaded for user: UserHandle{0}\n10-02 04:22:07.886 16710 16710 D ChooserActivity: stat to first shortcut time: 510 ms\n10-02 04:22:07.887 16710 16710 D ChooserActivity: onAppTargetsLoaded(listAdapter.userHandle=UserHandle{0})\n10-02 04:22:15.320 16760 16760 W app_process: ClassLoaderContext shared library size mismatch. Expected=2, found=0 (PCL[]{PCL[/system/framework/android.test.base.jar*724373495]#PCL[/system/framework/android.test.mock.jar*1452759902]} | PCL[])\n10-02 04:22:16.350 16760 16760 I AccessibilityNodeInfoDumper: Skipping invisible child: android.view.accessibility.AccessibilityNodeInfo@ce64; boundsInParent: Rect(0, 0 - 0, 0); boundsInScreen: Rect(160, 366 - 160, 366); boundsInWindow: Rect(160, 366 - 160, 366); packageName: com.android.intentresolver; className: androidx.recyclerview.widget.RecyclerView; text: null; error: null; maxTextLength: -1; stateDescription: null; contentDescription: null; tooltipText: null; containerTitle: null; viewIdResName: android:id/chooser_action_row; uniqueId: null; checkable: false; checked: false; focusable: true; focused: false; selected: false; clickable: false; longClickable: false; contextClickable: false; enabled: true; password: false; scrollable: false; granularScrollingSupported: false; importantForAccessibility: true; visible: false; actions: [AccessibilityAction: ACTION_FOCUS - null, AccessibilityAction: ACTION_SELECT - null, AccessibilityAction: ACTION_CLEAR_SELECTION - null, AccessibilityAction: ACTION_ACCESSIBILITY_FOCUS - null, AccessibilityAction: ACTION_SHOW_ON_SCREEN - null]; isTextSelectable: false\n10-02 04:22:17.171 13697 13792 D ActivityManager: freezing 16588 com.webui.api.demo"}
{"check":"share-result","result":share_plus
On WebUI: share_plus_webui: Android's share sheet, opened by the module's own app
Share result: unavailable}
{"check":"cam-deny-1-tap","result":{"url":"https://mui.kernelsu.org/index.html","socket":"webview_devtools_remote_16401","value":"tapped Request camera at 24,490 size 150x46 role button tappable"}}
{"check":"cam-deny-1-top","result":"com.google.android.permissioncontroller/com.android.permissioncontroller.permission.ui.GrantPermissionsActivity"}
{"check":"cam-deny-1-dialog","result":"Allow Demo to take pictures and record video? | While using the app | Only this time | Don\u2019t allow\nAllow Demo to take pictures and record video? | While using the app | Only this time | Don\u2019t allow\nWhile using the app\nOnly this time\nDon\u2019t allow"}
{"check":"cam-deny-1-press","result":"ui: tapped 'Don' at 160,453"}
{"check":"cam-deny-1-status","result":permission_handler
On WebUI: permission_handler_webui: Android's own permission dialog, for the module's own app
Camera: denied}
{"check":"cam-deny-1-perm","result":"android.permission.CAMERA\n      android.permission.SET_WALLPAPER\n--\n        android.permission.CAMERA: granted=false, flags=[ USER_SET|USER_SENSITIVE_WHEN_GRANTED|USER_SENSITIVE_WHEN_DENIED]"}
{"check":"cam-deny-2-tap","result":{"url":"https://mui.kernelsu.org/index.html","socket":"webview_devtools_remote_16401","value":"tapped Request camera at 24,490 size 150x46 role button tappable"}}
{"check":"cam-deny-2-top","result":"com.google.android.permissioncontroller/com.android.permissioncontroller.permission.ui.GrantPermissionsActivity"}
{"check":"cam-deny-2-dialog","result":"Allow Demo to take pictures and record video? | While using the app | Only this time | Don\u2019t allow\nAllow Demo to take pictures and record video? | While using the app | Only this time | Don\u2019t allow\nWhile using the app\nOnly this time\nDon\u2019t allow"}
{"check":"cam-deny-2-press","result":"ui: tapped 'Don' at 160,453"}
{"check":"cam-deny-2-status","result":permission_handler
On WebUI: permission_handler_webui: Android's own permission dialog, for the module's own app
Camera: permanentlyDenied}
{"check":"cam-deny-2-perm","result":"android.permission.CAMERA\n      android.permission.SET_WALLPAPER\n--\n        android.permission.CAMERA: granted=false, flags=[ USER_SET|USER_FIXED|USER_SENSITIVE_WHEN_GRANTED|USER_SENSITIVE_WHEN_DENIED]"}
{"check":"cam-after-deny-tap","result":{"url":"https://mui.kernelsu.org/index.html","socket":"webview_devtools_remote_16401","value":"tapped Request camera at 24,490 size 150x46 role button tappable"}}
{"check":"cam-after-deny-top","result":"com.rifsxd.ksunext/.ui.webui.WebUIActivity"}
{"check":"cam-after-deny-dialog","result":"Back Back\nShare text\nRequest camera\nCopy text\nPaste\nPlaces\nStrategy\nRust\nLifecycle\nShell\nPlugins"}
{"check":"cam-after-deny-status","result":permission_handler
On WebUI: permission_handler_webui: Android's own permission dialog, for the module's own app
Camera: permanentlyDenied}
{"check":"cam-after-deny-perm","result":"android.permission.CAMERA\n      android.permission.SET_WALLPAPER\n--\n        android.permission.CAMERA: granted=false, flags=[ USER_SET|USER_FIXED|USER_SENSITIVE_WHEN_GRANTED|USER_SENSITIVE_WHEN_DENIED]"}
{"check":"cam-grant-tap","result":{"url":"https://mui.kernelsu.org/index.html","socket":"webview_devtools_remote_16401","value":"tapped Request camera at 24,490 size 150x46 role button tappable"}}
{"check":"cam-grant-top","result":"com.google.android.permissioncontroller/com.android.permissioncontroller.permission.ui.GrantPermissionsActivity"}
{"check":"cam-grant-dialog","result":"Allow Demo to take pictures and record video? | While using the app | Only this time | Don\u2019t allow\nAllow Demo to take pictures and record video? | While using the app | Only this time | Don\u2019t allow\nWhile using the app\nOnly this time\nDon\u2019t allow"}
{"check":"cam-grant-press","result":"ui: tapped 'While using the app' at 160,333"}
{"check":"cam-grant-status","result":permission_handler
On WebUI: permission_handler_webui: Android's own permission dialog, for the module's own app
Camera: granted}
{"check":"cam-grant-perm","result":"android.permission.CAMERA\n      android.permission.SET_WALLPAPER\n--\n        android.permission.CAMERA: granted=true, flags=[ USER_SET|USER_SENSITIVE_WHEN_GRANTED|USER_SENSITIVE_WHEN_DENIED]"}
{"check":"clip-listen","result":{"url":"https://mui.kernelsu.org/index.html","socket":"webview_devtools_remote_16401","value":"listening"}}
{"check":"clip-paste-tap","result":{"url":"https://mui.kernelsu.org/index.html","socket":"webview_devtools_remote_16401","value":"tapped Paste at 139,80 size 84x42 role button tappable"}}
{"check":"clip-paste-top","result":"com.rifsxd.ksunext/.ui.webui.WebUIActivity"}
{"check":"clip-pasted","result":Clipboard (flutter/services)
On WebUI: clipboard_webui: Android's clipboard, through the module's own app
Pasted: lab-clip-8259
Paste}
{"check":"clip-blips","result":{"url":"https://mui.kernelsu.org/index.html","socket":"webview_devtools_remote_16401","value":"[]"}}
{"check":"clip-process","result":"u0_a210      u:r:untrusted_app_27:s0:c210,c256,c512,c768 com.webui.api.demo"}
{"check":"clip-copy-tap","result":{"url":"https://mui.kernelsu.org/index.html","socket":"webview_devtools_remote_16401","value":"tapped Copy text at 24,80 size 107x42 role button tappable"}}
{"check":"clip-copied","result":Clipboard (flutter/services)
On WebUI: clipboard_webui: Android's clipboard, through the module's own app
Copy: copied
Pasted: lab-clip-8259
Copy text}
{"check":"clip-ext-paste","result":"text=\"\" text=\"\" text=\"\" text=\"\" text=\"\""}
{"check":"pick-tap","result":{"url":"https://mui.kernelsu.org/index.html","socket":"webview_devtools_remote_16401","value":"tapped Pick a file at 24,222 size 109x48 role button tappable"}}
{"check":"pick-top","result":"com.google.android.documentsui/com.android.documentsui.picker.PickActivity"}
{"check":"picked","result":file_selector
On WebUI: file_selector_webui: the WebView's file chooser
Picked: /data/adb/demo/tmp/open-hmtr152mqo-0/lab-pick.txt
Pick a file}
{"check":"pick-files","result":"/data/adb/demo/tmp:\ntotal 24\ndrwx------ 3 root root u:object_r:adb_data_file:s0  4096 2026-10-02 04:24 .\ndrwx------ 3 root root u:object_r:adb_data_file:s0  4096 2026-10-02 04:21 ..\ndrwx------ 2 root root u:object_r:adb_data_file:s0  4096 2026-10-02 04:24 open-hmtr152mqo-0\n\n/data/adb/demo/tmp/open-hmtr152mqo-0:\ntotal 24\ndrwx------ 2 root root u:object_r:adb_data_file:s0  4096 2026-10-02 04:24 .\ndrwx------ 3 root root u:object_r:adb_data_file:s0  4096 2026-10-02 04:24 ..\n-rw------- 1 root root u:object_r:adb_data_file:s0     9 2026-10-02 04:24 lab-pick.txt"}
{"check":"app-settings","result":"Archive\nDisable\nForce stop\nNotifications | Off\nPermissions | Camera\nStorage & cache | 115 kB used in internal storage\nNavigate up\nOpen"}
{"check":"uninstall","result":""}
{"check":"after-uninstall","result":"ls: /data/adb/modules/demo: No such file or directory\nls: /data/adb/demo: No such file or directory\nls: /data/adb/ksu/module_configs/demo: No such file or directory\n/product/app/WebuiApi_demo\npackage:/product/app/WebuiApi_demo/WebuiApi_demo.apk\npackage:com.webui.api.demo"}
