yes: standard output: Broken pipe
/usr/local/lib/android/sdk/system-images/android-35/google_apis/arm64-v8a/system.img: DOS/MBR boot sector; partition 1 : ID=0xee, start-CHS (0x0,0,2), end-CHS (0x1d9,21,60), startsector 1, 7600127 sectors, extended partition table (last)
Main partition table begins at sector 2 and ends at sector 33
First usable sector is 34, last usable sector is 7600094
Partitions will be aligned on 2048-sector boundaries
Total free space is 4029 sectors (2.0 MiB)

Number  Start (sector)    End (sector)  Size       Code  Name
   1            2048            4095   1024.0 KiB  8300  vbmeta
   2            4096         7598079   3.6 GiB     8300  super
/dev/loop0p1:  data DEVNAME=/dev/loop0p1 PARTLABEL=vbmeta PARTUUID=b2057a1e-5aaf-4024-a214-59c75b2d8221 
/dev/loop0p2:  data DEVNAME=/dev/loop0p2 PARTLABEL=super PARTUUID=43403916-0e8d-47b4-9d92-dcbda5f9b267 
system: 1 extents -> /tmp/tmp.dbPQQWS4W0/system.img
/tmp/tmp.dbPQQWS4W0/system.img: Linux rev 1.0 ext2 filesystem data, UUID=07b55250-f576-5a1e-83a7-9e2aa080242c (extents) (large files) (huge files)
acct
adb_keys
apex
bin
bootstrap-apex
bugreports
cache
config
d
data
hwasan libc.so libclang_rt.hwasan-aarch64-android.so libdl.so libdl_android.so libm.so 
dart 3.13.5
Generated: /tmp/tmp.dbPQQWS4W0/probe-arm64.aot
      [Requesting program interpreter: /system/bin/linker64]
 0x0000000000000001 (NEEDED)             Shared library: [libc.so]
 0x0000000000000001 (NEEDED)             Shared library: [libdl.so]
 0x0000000000000001 (NEEDED)             Shared library: [libm.so]
 0x0000000000000001 (NEEDED)             Shared library: [liblog.so]
== sh-works exit 127
bionic sh ok
aarch64

linker: Warning: failed to find generated linker configuration from "/linkerconfig/ld.config.txt"
WARNING: linker: Warning: failed to find generated linker configuration from "/linkerconfig/ld.config.txt"
linker: Warning: failed to find generated linker configuration from "/linkerconfig/ld.config.txt"
WARNING: linker: Warning: failed to find generated linker configuration from "/linkerconfig/ld.config.txt"
/system/bin/sh: ls: inaccessible or not found

== aot-host-snapshot-termux-runtime exit 255

linker: Warning: failed to find generated linker configuration from "/linkerconfig/ld.config.txt"
WARNING: linker: Warning: failed to find generated linker configuration from "/linkerconfig/ld.config.txt"
linker: Warning: failed to find generated linker configuration from "/linkerconfig/ld.config.txt"
WARNING: linker: Warning: failed to find generated linker configuration from "/linkerconfig/ld.config.txt"
Snapshot not compatible with the current VM configuration: the snapshot requires 'product 
== termux-compile-exe exit 0
Generated: /data/adb/devicelab/probe-bionic

linker: Warning: failed to find generated linker configuration from "/linkerconfig/ld.config.txt"
WARNING: linker: Warning: failed to find generated linker configuration from "/linkerconfig/ld.config.txt"
linker: Warning: failed to find generated linker configuration from "/linkerconfig/ld.config.txt"
WARNING: linker: Warning: failed to find generated linker configuration from "/linkerconfig/ld.config.txt"
linker: Warning: failed to find generated linker configuration from "/linkerconfig/ld.conf
== bionic-exe-no-termux exit 126

linker: Warning: failed to find generated linker configuration from "/linkerconfig/ld.config.txt"
WARNING: linker: Warning: failed to find generated linker configuration from "/linkerconfig/ld.config.txt"
/system/bin/sh: /data/adb/devicelab/probe-bionic: can't execute: Permission denied

total 14700
-rwx------ 1 root root 5684384 Oct  1 06:01 dartaotruntime
-rw-r--r-- 1 root root 1827880 Oct  1 06:01 probe-arm64.aot
-rw-r--r-- 1 root root 7529464 Oct  1 06:02 probe-bionic
-rw-r--r-- 1 root root    3889 Oct  1 06:01 probe.dart
