yes: standard output: Broken pipe
Auto-selecting single ABI x86_64
Do you wish to create a custom hardware profile? [no] lab.avd
lab.ini
emulator Android emulator version 37.1.11.0 (build_id 15917651) (CL:N/A)
* daemon not running; starting now at tcp:5037
* daemon started successfully
booted in 53s: google/sdk_gphone64_x86_64/emu64xa:15/AE3A.240806.043/12960925:userdebug/dev-keys
kernel 6.6.50-android15-8-g8adecb593e9b-ab12525588 -> kmi android15-6.6; KernelSU-Next/KernelSU-Next v3.4.0
total 28968
drwx------  2 runner runner     4096 Oct  1 12:26 .
drwxrwxrwt 16 root   root       4096 Oct  1 12:26 ..
-rw-r--r--  1 runner runner 11859167 Oct  1 12:26 KernelSU_Next_v3.4.0-spoofed_33294-release.apk
-rw-r--r--  1 runner runner 11857955 Oct  1 12:26 KernelSU_Next_v3.4.0_33294-release.apk
-rw-r--r--  1 runner runner  5583488 Oct  1 12:26 ksud-x86_64-linux-android
-rw-r--r--  1 runner runner   342200 Oct  1 12:26 x86_64-android15-6.6_kernelsu.ko
== manager installed (com.rifsxd.ksunext, KernelSU_Next_v3.4.0_33294-release.apk)
/tmp/tmp.Syew55Wunm/x86_64-android15-6.6_kernelsu.ko: 1 file pushed, 0 skipped. 10.4 MB/s (342200 bytes in 0.031s)
/tmp/tmp.Syew55Wunm/ksud-x86_64-linux-android: 1 file pushed, 0 skipped. 104.2 MB/s (5583488 bytes in 0.051s)
== ksud: ksud 3.4.0 (uapi: 4)
== ksud late-load: rc=0
== ksud insmod /data/adb/kernelsu.ko: Error: load module failed: /data/adb/kernelsu.ko

Caused by:
    0: init_module failed without vermagic mismatch
    1: File exists (os error 17)
rc=1
kernelsu              258048  0 
== lsmod: kernelsu              258048  0 
== ls: /data/adb/ksu/bin: No such file or directory
== total 356
== drwx------  2 root   root     4096 2026-10-01 12:26 .
== drwxrwx--x 51 system system   4096 2026-10-01 12:26 ..
== -rw-rw-rw-  1 root   root   342200 2026-10-01 12:26 kernelsu.ko
== restored /data/adb/ksud
aarch64-android12-5.10_kernelsu.ko
aarch64-android13-5.10_kernelsu.ko
aarch64-android13-5.15_kernelsu.ko
aarch64-android14-5.15_kernelsu.ko
aarch64-android14-6.1_kernelsu.ko
aarch64-android15-6.6_kernelsu.ko
aarch64-android16-6.12_kernelsu.ko
aarch64-android17-6.18_kernelsu.ko
KernelSU_Next_v3.4.0-spoofed_33294-release.apk
KernelSU_Next_v3.4.0_33294-release.apk
ksud-aarch64-apple-darwin
ksud-aarch64-linux-android
ksud-aarch64-unknown-linux-musl
ksud-x86_64-apple-darwin
ksud-x86_64-linux-android
ksud-x86_64-unknown-linux-musl
x86_64-android12-5.10_kernelsu.ko
x86_64-android13-5.10_kernelsu.ko
x86_64-android13-5.15_kernelsu.ko
x86_64-android14-5.15_kernelsu.ko
x86_64-android14-6.1_kernelsu.ko
x86_64-android15-6.6_kernelsu.ko
x86_64-android16-6.12_kernelsu.ko
x86_64-android17-6.18_kernelsu.ko
== no metamodule asset in KernelSU-Next/KernelSU-Next v3.4.0
/home/runner/work/devicelab/devicelab/modules/probe/./: 2 files pushed, 0 skipped. 0.0 MB/s (1474 bytes in 0.049s)
== modules: [
  {
    "remove": "false",
    "version": "1",
    "name": "devicelab probe",
    "description": "Observation module for devicelab. Its WebUI page is driven over DevTools.",
    "id": "devicelab_probe",
    "author": "p0g-stack",
    "update": "false",
    "versionCode": "1",
    "web": "true",
    "action": "false",
    "enabled": "true",
    "mount": "false"
  }
]
SELinux: Loaded file context from:
		/system/etc/selinux/plat_file_contexts
		/system_ext/etc/selinux/system_ext_file_contexts
		/vendor/etc/selinux/vendor_file_contexts
== home text: text="Working" text="LKM (GKI2)" text="Jailbreak mode" text="Version: v3.4.0 (33294-4)" text="Custom" text="Superuser" text="0" text="Module" text="1" text="Manager version" text="v3.4.0 (33294-4)" text="Hook mode" text="Tracepoint" text="Metamodule status" text="Not installed" text="Having trouble?" text="Encountered a bug or have feedback?" text="KernelSU-Next" 
== manager activities: com.rifsxd.ksunext/.FlashModule com.rifsxd.ksunext/.ui.MainActivity com.rifsxd.ksunext/androidx.core.content.FileProvider com.rifsxd.ksunext/androidx.profileinstaller.ProfileInstallReceiver com.rifsxd.ksunext/androidx.startup.InitializationProvider 
inputs/modules/flutter_webui_counter-0.1.5.zip: 1 file pushed, 0 skipped. 100.9 MB/s (21434766 bytes in 0.203s)
== install flutter_webui_counter-0.1.5.zip
  inflating: webroot/fonts/notocoloremoji/v32/Yq6P-KqIXTD0t4D9z1ESnKM3-HpFabsE4tq3luCC7p-aXxcn.3.woff2
  inflating: webroot/fonts/notocoloremoji/v32/Yq6P-KqIXTD0t4D9z1ESnKM3-HpFabsE4tq3luCC7p-aXxcn.8.woff2
  inflating: webroot/fonts/notocoloremoji/v32/Yq6P-KqIXTD0t4D9z1ESnKM3-HpFabsE4tq3luCC7p-aXxcn.2.woff2
   creating: webroot/fonts/notosansmath/
   creating: webroot/fonts/notosansmath/v15/
  inflating: webroot/fonts/notosansmath/v15/7Aump_cpkSecTWaHRlH2hyV5UHkD-V048PW0.woff2
   creating: webroot/fonts/roboto/
   creating: webroot/fonts/roboto/v32/
  inflating: webroot/fonts/roboto/v32/KFOmCnqEu92Fr1Me4GZLCzYlKw.woff2
  inflating: webroot/.last_build_id
  inflating: webroot/config.json
  inflating: webroot/flutter_webui.js
  inflating: customize.sh
- Done
- Module installed successfully!
inputs/modules/counter-v1.0.0.zip: 1 file pushed, 0 skipped. 101.1 MB/s (6582359 bytes in 0.062s)
== install counter-v1.0.0.zip
  inflating: webroot/canvaskit/chromium/canvaskit.wasm
  inflating: webroot/config.json
  inflating: webroot/favicon.png
  inflating: webroot/flutter.js
  inflating: webroot/flutter_bootstrap.js
  inflating: webroot/icons/Icon-192.png
  inflating: webroot/icons/Icon-512.png
  inflating: webroot/icons/Icon-maskable-192.png
  inflating: webroot/icons/Icon-maskable-512.png
  inflating: webroot/index.html
  inflating: webroot/main.dart.js
  inflating: webroot/manifest.json
  inflating: webroot/version.json
- Done
- Module installed successfully!
inputs/modules/demo-v0.1.0.zip: 1 file pushed, 0 skipped. 7.9 MB/s (24315691 bytes in 2.917s)
== install demo-v0.1.0.zip
  inflating: webroot/icons/Icon-512.png
  inflating: webroot/icons/Icon-maskable-192.png
  inflating: webroot/icons/Icon-maskable-512.png
  inflating: webroot/index.html
  inflating: webroot/main.dart.js
  inflating: webroot/manifest.json
  inflating: webroot/pkg/.gitignore
  inflating: webroot/pkg/demo_native.js
  inflating: webroot/pkg/demo_native_bg.wasm
  inflating: webroot/pkg/package.json
  inflating: webroot/version.json
  inflating: webroot/workers/demo_service.web.g.dart.js
  inflating: webroot/workers/hello_service.web.g.dart.js
- Done
- Module installed successfully!
/home/runner/work/devicelab/devicelab/app_plane.zip: 1 file pushed, 0 skipped. 16.7 MB/s (4528307 bytes in 0.258s)
== install app_plane.zip
Archive:  /data/local/tmp/m.zip
- Extracting module files
Archive:  /data/local/tmp/m.zip
  inflating: post-fs-data.sh
  inflating: module.prop
   creating: system/
   creating: system/product/
   creating: system/product/app/
   creating: system/product/app/WebuiTermuxApi/
  inflating: system/product/app/WebuiTermuxApi/WebuiTermuxApi.apk
  inflating: service.sh
  inflating: sockprobe
- Handle partition /product
- Done
- Module installed successfully!
== soft-reboot: 
== after soft-reboot (47s): [
  {
    "id": "devicelab_probe",
    "name": "devicelab probe",
    "versionCode": "1",
    "action": "false",
    "remove": "false",
    "mount": "false",
    "description": "Observation module for devicelab. Its WebUI page is driven over DevTools.",
    "update": "false",
    "version": "1",
    "author": "p0g-stack",
    "enabled": "true",
    "web": "true"
  },
  {
    "version": "0.1.5",
    "name": "flutter-webui Counter",
    "id": "flutter_webui_counter",
    "remove": "false",
    "description": "Stock Flutter counter app on flutter-webui (devicelab bring-up build).",
    "enabled": "true",
    "versionCode": "6",
    "update": "false",
    "web": "true",
    "action": "false",
    "mount": "false",
    "author": "p0g-stack"
  },
  {
    "author": "Yuv",
    "remove": "false",
    "web": "true",
    "name": "Counter",
    "versionCode": "1",
    "mount": "false",
    "update": "false",
    "id": "counter",
    "description": "A new Flutter project.",
    "version": "v1.0.0",
    "enabled": "true",
    "action": "false"
  },
  {
    "description": "The demo GUI. Flutter on top of the core.",
    "enabled": "true",
    "update": "false",
    "web": "true",
    "action": "false",
    "id": "demo",
    "versionCode": "1",
    "remove": "false",
    "mount": "false",
    "version": "v0.1.0",
    "author": "",
    "name": "Demo"
  },
  {
    "description": "webui-termux-api as a system app, plus a root socket listener",
    "action": "false",
    "author": "p0g-stack",
 
total 56
drwxrwxrwx 7 root root 4096 2026-10-01 12:27 .
drwx------ 5 root root 4096 2026-10-01 12:27 ..
drwxr-xr-x 3 root root 4096 2026-10-01 12:27 counter
drwxr-xr-x 5 root root 4096 2026-10-01 12:27 demo
drwxr-xr-x 4 root root 4096 2026-10-01 12:27 devicelab_app_plane
drwxr-xr-x 3 root root 4096 2026-10-01 12:26 devicelab_probe
drwxr-xr-x 4 root root 4096 2026-10-01 12:27 flutter_webui_counter
/home/runner/work/devicelab/devicelab/out/labserver: 1 file pushed, 0 skipped. 112.3 MB/s (7843260 bytes in 0.067s)
intent path: no page; manager log:
10-01 12:28:45.322   190   190 D SoftKeymaster: system/keymaster/km_openssl/certificate_utils.cpp, Line 282: Setting notAfter to 2461449600
10-01 12:28:45.348  8346  8346 W BpBinder: Linking to death on android.gui.ISurfaceComposer but there are no threads (yet?) listening to incoming transactions. See ProcessState::startThreadPool and ProcessState::setThreadPoolMaxThreadCount. Generally you should setup the binder threadpool before other initialization steps.
10-01 12:28:45.348  8346  8346 W ProcessState: Extra binder thread started, but 0 threads requested. Do not use *startThreadPool when zero threads are requested.
10-01 12:28:45.373  7122  7677 I BugleRcsProvisioning: RcsProvisioningTrigger: onRcsAvailabilityUpdate : availability is updated to Carrier RCS is not set up, lastAvailabilityLocal is Carrier RCS is not set up, simId hash = -6443559434313106779, simId = redacted-pii:sim_id[chars:20,last3:897], isPev3Enabled = true
10-01 12:28:45.374   164   164 I hwservicemanager: getTransport: Cannot find entry android.hardware.graphics.mapper@4.0::IMapper/default in either framework or device VINTF manifest.
10-01 12:28:45.376  8346  8351 I Gralloc4: mapper 4.x is not supported
10-01 12:28:45.528     0     0 I servicemanager: Caller(pid=8346,uid=0,sid=u:r:su:s0) Could not find android.hardware.graphics.allocator.IAllocator/default in the VINTF manifest. No alternative instances declared in VINTF.
10-01 12:28:45.391  7081  7573 I HomeStub: Updating Home module request state at home stub init [CONTEXT service_id=336 ]
10-01 12:28:45.492  6130  6823 D BiometricService: Sensor ID(4), oemStrength: 15, updatedStrength: 15, modality 8, state: 0, cookie: 0, sensorId 4, hasEnrollments: false cannot participate in Keystore operations
10-01 12:28:45.493  6130  6823 D BiometricService: Sensor ID(0), oemStrength: 15, updatedStrength: 15, modality 2, state: 0, cookie: 0, sensorId 0, hasEnrollments: false cannot participate in Keystore operations
10-01 12:28:45.501  7122  7679 I BugleRcsEngine: Scheduled provisioning task with 0 seconds delay, KEEP policy, trigger is APP_STARTUP, workerId is 4b8570fd-b2c7-4eb5-b45e-1cb7747fc138, simId is redacted-pii:sim_id[chars:20,last3:897] [CONTEXT log_prefix="provisioning" thread_id=75 ]
10-01 12:28:45.514  7122  7196 I BugleRcsEngine: Scheduled provisioning task with 0 seconds delay, KEEP policy, trigger is APP_STARTUP, workerId is fbdf7732-8f93-40f3-8b4a-4076ced17802, simId is redacted-pii:sim_id[chars:20,last3:897] [CONTEXT log_prefix="provisioning" thread_id=55 ]
10-01 12:28:45.695  6046  6083 I netd    : tetherGetStats() -> {[]} <5.17ms>
10-01 12:28:45.714  6046  6083 I netd    : bandwidthSetGlobalAlert(2097152) <1.48ms>
10-01 12:28:45.798  7403  7423 W libc    : Access denied finding property "persist.adb.tls_server.enable"
10-01 12:28:45.798  7403  7423 W libc    : Access denied finding property "service.adb.tls.port"
10-01 12:28:45.792  7403  7403 W binder:7403_2: type=1400 audit(0.0:66): avc:  denied  { read } for  name="u:object_r:system_adbd_prop:s0" dev="tmpfs" ino=318 scontext=u:r:gmscore_app:s0:c512,c768 tcontext=u:object_r:system_adbd_prop:s0 tclass=file permissive=0 app=com.google.android.gms
10-01 12:28:45.792  7403  7403 W binder:7403_2: type=1400 audit(0.0:67): avc:  denied  { read } for  name="u:object_r:adbd_prop:s0" dev="tmpfs" ino=63 scontext=u:r:gmscore_app:s0:c512,c768 tcontext=u:object_r:adbd_prop:s0 tclass=file permissive=0 app=com.google.android.gms
10-01 12:28:45.899  6046  6083 I netd    : bandwidthRemoveInterfaceQuota(eth0) <4.39ms>
10-01 12:28:45.900  6046  6083 I netd    : bandwidthSetInterfaceQuota(eth0, 9223372036854775807) <0.50ms>
10-01 12:28:45.936  7246  7258 W .android.as.oss: Suspending all threads took: 5.277ms
10-01 12:28:45.967  7081  7573 I HomeStubModuleLoader: Stub is not enabled. [CONTEXT service_id=336 ]
10-01 12:28:45.967  7081  7573 I HomeStubModuleLoader: Thread download is not enabled. [CONTEXT service_id=336 ]
10-01 12:28:45.974  7619  7902 W IndexDataConverter: Skipping null deep link for raw indexable com.android.settings/Google
10-01 12:28:45.975  6130  6205 D OomAdjuster: Not killing cached processes
ui: tapped 'Module' at 190,566
ui: tapped 160,152
ui: no node with 'Clean'
ui: no node with 'Clean'
ui: no node with 'Clean'
[16,104][304,298] Bindhosts | by xx, KOWX712 | Systemless hosts for APatch, KernelSU and Magisk | WTFPL | 1.5k | Latest Version | v2.1.5 |
[197,238][282,286] Download | Install
[16,314][304,524] BRENE - SUSFS-FOR-KERNELSU | by rrr333nnn333, KOWX712, sidex15 & simonpunk | A SuSFS/KernelSU module for SuSFS patched k
[197,464][282,512] Download | Install
[16,540][304,640] by rrr333nnn333 & The PerformanC Organization | A ReZygisk Fork - Transparent implementation of Zygisk.
[4,32][52,80] 
[124,32][172,80] Manage Repositories
[172,32][220,80] Module Repo
[220,32][268,80] 
[268,32][316,80] Settings
[42,538][98,594] Home
[102,538][158,594] Superuser
[162,538][218,594] Module
[222,538][278,594] Settings
ui: no node with 'Open'












[16,104][304,298] Bindhosts | by xx, KOWX712 | Systemless hosts for APatch, KernelSU and Magisk | WTFPL | 1.5k | Latest Version | v2.1.5 |
[197,238][282,286] Download | Install
[16,314][304,524] BRENE - SUSFS-FOR-KERNELSU | by rrr333nnn333, KOWX712, sidex15 & simonpunk | A SuSFS/KernelSU module for SuSFS patched k
[197,464][282,512] Download | Install
[16,540][304,640] by rrr333nnn333 & The PerformanC Organization | A ReZygisk Fork - Transparent implementation of Zygisk.
[4,32][52,80] 
[124,32][172,80] Manage Repositories
[172,32][220,80] Module Repo
[220,32][268,80] 
[268,32][316,80] Settings
[42,538][98,594] Home
[102,538][158,594] Superuser
[162,538][218,594] Module
[222,538][278,594] Settings
opened: none
{"check":"targets","result":[]}
{"check":"globals","result":{"error":"no page target","sockets":[],"targets":[]}}
{"check":"ksu-exec","result":{"error":"no page target","sockets":[],"targets":[]}}
{"check":"ws-loopback","result":{"error":"no page target","sockets":[],"targets":[]}}
{"check":"fetch-loopback","result":{"error":"no page target","sockets":[],"targets":[]}}
{"check":"webview-uid","result":["webview_zygote 1053 webview_zygote", "u0_a209      10209 com.rifsxd.ksunext"]}
{"check":"while-home-heartbeat","result":{"error":"no page target","sockets":[],"targets":[]}}
{"check":"lifecycle","result":{"error":"no page target","sockets":[],"targets":[]}}
{"check":"dev-url","result":{"error":"no page target","sockets":[],"targets":[]}}
intent path: no page; manager log:
10-01 12:31:01.552  9426  9426 W BpBinder: Linking to death on android.gui.ISurfaceComposer but there are no threads (yet?) listening to incoming transactions. See ProcessState::startThreadPool and ProcessState::setThreadPoolMaxThreadCount. Generally you should setup the binder threadpool before other initialization steps.
10-01 12:31:01.553  9426  9426 W ProcessState: Extra binder thread started, but 0 threads requested. Do not use *startThreadPool when zero threads are requested.
10-01 12:31:01.662  6815  6815 D SearchTargetUtil: query= size=0
10-01 12:31:01.724   164   164 I hwservicemanager: getTransport: Cannot find entry android.hardware.graphics.mapper@4.0::IMapper/default in either framework or device VINTF manifest.
10-01 12:31:01.877     0     0 I servicemanager: Caller(pid=9426,uid=0,sid=u:r:su:s0) Could not find android.hardware.graphics.allocator.IAllocator/default in the VINTF manifest. No alternative instances declared in VINTF.
10-01 12:31:01.730  9426  9430 I Gralloc4: mapper 4.x is not supported
10-01 12:31:01.738  6815  6815 D SsBaseTemplateCard: No text view can be set up
10-01 12:31:01.739  6815  6815 D SsBaseTemplateCard: Passed-in item info is null
10-01 12:31:01.739  6815  6815 D SsBaseTemplateCard: Passed-in item info is null
10-01 12:31:01.739  6815  6815 D SsBaseTemplateCard: Passed-in item info is null
10-01 12:31:01.739  6815  6815 I SsBaseTemplateCard: Secondary card pane is null
10-01 12:31:01.915     0     0 I binder  : 7556:6130 cannot find target node
10-01 12:31:01.920     0     0 I binder  : 6130:7556 transaction async to 0:0 failed 538442/29189/-22, size 64-0 line 3344
10-01 12:31:01.763  6130  7556 E IPCThreadState: Binder transaction failure. id: 538442, BR_*: 29189, error: -22 (Invalid argument)
10-01 12:31:01.764  6130  7556 W ActivityManager: pid 6130 system sent binder code 7 with flags 1 to frozen apps and got error -32
10-01 12:31:01.798  6130  7556 W Process : Unable to open /proc/8407/status
10-01 12:31:01.988  6366  6402 W Looper  : Slow dispatch took 237ms wmshell.main h=android.os.Handler c=com.android.wm.shell.transition.RemoteTransitionHandler$1$$ExternalSyntheticLambda0@a0bb27f m=0
10-01 12:31:01.992  6366  6402 W Looper  : Slow delivery took 103ms wmshell.main h=android.os.Handler c=android.window.TaskOrganizer$1$$ExternalSyntheticLambda4@497e24c m=0
10-01 12:31:02.015  6130  7556 W UserManagerService: Requested status bar icon for non-badged user 0
10-01 12:31:02.017  6130  6823 W UserManagerService: Requested status bar icon for non-badged user 0
10-01 12:31:02.022  6366  6402 W Looper  : Drained
10-01 12:31:02.040  6048  6201 W VsyncModulator: setTransactionSchedule: Unexpected EarlyEnd
10-01 12:31:02.045  6048  6048 E BpTransactionCompletedListener: Failed to transact (-32)
10-01 12:31:02.072  6815  6815 I TopTaskTracker: onTaskRemoved: taskId=10
10-01 12:31:02.072  6815  6815 I TopTaskTracker: onTaskRemoved: taskId=10
ui: tapped 'Module' at 190,566
ui: tapped 160,152
ui: no node with 'Clean'
ui: no node with 'Clean'
ui: no node with 'Clean'
[16,104][304,298] Bindhosts | by xx, KOWX712 | Systemless hosts for APatch, KernelSU and Magisk | WTFPL | 1.5k | Latest Version | v2.1.5 |
[197,238][282,286] Download | Install
[16,314][304,524] BRENE - SUSFS-FOR-KERNELSU | by rrr333nnn333, KOWX712, sidex15 & simonpunk | A SuSFS/KernelSU module for SuSFS patched k
[197,464][282,512] Download | Install
[16,540][304,640] by rrr333nnn333 & The PerformanC Organization | A ReZygisk Fork - Transparent implementation of Zygisk.
[4,32][52,80] 
[124,32][172,80] Manage Repositories
[172,32][220,80] Module Repo
[220,32][268,80] 
[268,32][316,80] Settings
[42,538][98,594] Home
[102,538][158,594] Superuser
[162,538][218,594] Module
[222,538][278,594] Settings
ui: no node with 'Open'












[16,104][304,298] Bindhosts | by xx, KOWX712 | Systemless hosts for APatch, KernelSU and Magisk | WTFPL | 1.5k | Latest Version | v2.1.5 |
[197,238][282,286] Download | Install
[16,314][304,524] BRENE - SUSFS-FOR-KERNELSU | by rrr333nnn333, KOWX712, sidex15 & simonpunk | A SuSFS/KernelSU module for SuSFS patched k
[197,464][282,512] Download | Install
[16,540][304,640] by rrr333nnn333 & The PerformanC Organization | A ReZygisk Fork - Transparent implementation of Zygisk.
[4,32][52,80] 
[124,32][172,80] Manage Repositories
[172,32][220,80] Module Repo
[220,32][268,80] 
[268,32][316,80] Settings
[42,538][98,594] Home
[102,538][158,594] Superuser
[162,538][218,594] Module
[222,538][278,594] Settings
opened: none
{"check":"targets","result":[]}
{"check":"page","result":{"error":"no page target","sockets":[],"targets":[]}}
{"check":"java-exceptions","result":["10-01 12:32:46.227  6602 10066 W TapAndPay: \tat dhwn.<init>(:com.google.android.gms@242335041@24.23.35 (190800-646585959):15)", "10-01 12:32:46.227  6602 10066 W TapAndPay: \tat com.google.android.gms.tapandpay.hce.task.TapAndPayAidRegistrationTaskOperation.a(:com.google.android.gms@242335041@24.23.35 (190800-646585959):50)", "10-01 12:32:46.227  6602 10066 W TapAndPay: \tat com.google.android.gms.tapandpay.gcmtask.TapAndPayGcmTaskChimeraService.a(:com.google.android.gms@242335041@24.23.35 (190800-646585959):32)", "10-01 12:32:46.227  6602 10066 W TapAndPay: \tat bpjj.call(:com.google.android.gms@242335041@24.23.35 (190800-646585959):32)", "10-01 12:32:46.227  6602 10066 W TapAndPay: \tat java.util.concurrent.FutureTask.run(FutureTask.java:264)", "10-01 12:32:46.227  6602 10066 W TapAndPay: \tat angs.c(:com.google.android.gms@242335041@24.23.35 (190800-646585959):50)", "10-01 12:32:46.227  6602 10066 W TapAndPay: \tat angs.run(:com.google.android.gms@242335041@24.23.35 (190800-646585959):76)", "10-01 12:32:46.227  6602 10066 W TapAndPay: \tat java.util.concurrent.ThreadPoolExecutor.runWorker(ThreadPoolExecutor.java:1145)", "10-01 12:32:46.227  6602 10066 W TapAndPay: \tat java.util.concurrent.ThreadPoolExecutor$Worker.run(ThreadPoolExecutor.java:644)", "10-01 12:32:46.227  6602 10066 W TapAndPay: \tat anmg.run(:com.google.android.gms@242335041@24.23.35 (190800-646585959):8)", "10-01 12:32:46.227  6602 10066 W TapAndPay: \tat java.lang.Thread.run(Thread.java:1012)", "--", "10-01 12:32:47.369  6602  8088 W GLSUser : [AppCertManager] Exception while requesting key: ", "10-01 12:32:47.369  6602  8088 W GLSUser : java.util.concurrent.ExecutionException: bpcw: Parse Proto Exception with response code 400", "10-01 12:32:47.369  6602  8088 W GLSUser : \tat etvr.s(:com.google.android.gms@242335041@24.23.35 (190800-646585959):21)", "10-01 12:32:47.369  6602  8088 W GLSUser : \tat etvr.get(:com.google.android.gms@242335041@24.23.35 (190800-646585959):10)", "10-01 12:32:47.369  6602  8088 W GLSUser : \tat yfw.b(:com.google.android.gms@242335041@24.23.35 (190800-646585959):477)", "10-01 12:32:47.369  6602  8088 W GLSUser : \tat yfu.b(:com.google.android.gms@242335041@24.23.35 (190800-646585959):31)", "10-01 12:32:47.369  6602  8088 W GLSUser : \tat yfp.a(:com.google.android.gms@242335041@24.23.35 (190800-646585959):1)", "10-01 12:32:47.369  6602  8088 W GLSUser : \tat yfs.a(:com.google.android.gms@242335041@24.23.35 (190800-646585959):58)", "10-01 12:32:47.369  6602  8088 W GLSUser : \tat uou.call(:com.google.android.gms@242335041@24.23.35 (190800-646585959):56)", "10-01 12:32:47.369  6602  8088 W GLSUser : \tat java.util.concurrent.FutureTask.run(FutureTask.java:264)", "10-01 12:32:47.369  6602  8088 W GLSUser : \tat angs.c(:com.google.android.gms@242335041@24.23.35 (190800-646585959):50)", "10-01 12:32:47.369  6602  8088 W GLSUser : \tat angs.run(:com.google.android.gms@242335041@24.23.35 (190800-646585959):76)", "10-01 12:32:47.369  6602  8088 W GLSUser : \tat java.util.concurrent.ThreadPoolExecutor.runWorker(ThreadPoolExecutor.java:1145)", "10-01 12:32:47.369  6602  8088 W GLSUser : \tat java.util.concurrent.ThreadPoolExecutor$Worker.run(ThreadPoolExecutor.java:644)", "--", "10-01 12:32:47.369  6602  8088 W GLSUser : Caused by: bpcw: Parse Proto Exception with response code 400", "10-01 12:32:47.369  6602  8088 W GLSUser : \tat bpdw.b(:com.google.android.gms@242335041@24.23.35 (190800-646585959):80)", "10-01 12:32:47.369  6602  8088 W GLSUser : \tat bpgb.e(:com.google.android.gms@242335041@24.23.35 (190800-646585959):17)", "10-01 12:32:47.369  6602  8088 W GLSUser : \tat bpgp.onSucceeded(:com.google.android.gms@242335041@24.23.35 (190800-646585959):7)", "10-01 12:32:47.369  6602  8088 W GLSUser : \tat m.mw.onSucceeded(:com.google.android.gms.dynamite_cronetdynamite@242335041@24.23.35 (190800-0):3)", "10-01 12:32:47.369  6602  8088 W GLSUser : \tat m.lt.run(:com.google.android.gms.dynamite_cronetdynamite@242335041@24.23.35 (190800-0):25)", "10-01 12:32:47.369  6602  8088 W GLSUser : \t... 6 more", "10-01 12:32:47.369  6602  8088 W GLSUser : Caused by: fkhe: Protocol message contained an invalid tag (zero).", "10-01 12:32:47.369  6602  8088 W GLSUser : \tat fkea.k(:com.google.android.gms@242335041@24.23.35 (190800-646585959):39)", "10-01 12:32:47.369  6602  8088 W GLSUser : \tat fkid.c(:com.google.android.gms@242335041@24.23.35 (190800-646585959):309)", "10-01 12:32:47.369  6602  8088 W GLSUser : \tat fkid.i(:com.google.android.gms@242335041@24.23.35 (190800-646585959):8)", "10-01 12:32:47.369  6602  8088 W GLSUser : \tat fkgi.fe(:com.google.android.gms@242335041@24.23.35 (190800-646585959):25)", "10-01 12:32:47.369  6602  8088 W GLSUser : \tat fkgc.g(:com.google.android.gms@242335041@24.23.35 (190800-646585959):3)"]}
{"check":"console-errors","result":[]}
{"check":"first-frame-warm","result":{"error":"no page target","sockets":[],"targets":[]}}
{"check":"root-start","result":{"error":"no page target","sockets":[],"targets":[]}}
{"check":"session","result":{"error":"no page target","sockets":[],"targets":[]}}
{"check":"ws-hello","result":{"error":"no page target","sockets":[],"targets":[]}}
{"check":"channel-process","result":""}
{"check":"root-log","result":"tail: /data/adb/modules/flutter_webui_counter/webroot/.run/root.log: No such file or directory"}
{"check":"session-mode","result":"ls: /data/adb/modules/flutter_webui_counter/webroot/.run/: No such file or directory"}
{"check":"home-resume","result":{"error":"no page target","sockets":[],"targets":[]}}
{"check":"before-back","result":{"error":"no page target","sockets":[],"targets":[]}}
{"check":"back-events","result":{"error":"no page target","sockets":[],"targets":[]}}
{"check":"back-console","result":[]}
{"check":"back-at-root","result":"topResumedActivity=ActivityRecord{303d428 u0 com.rifsxd.ksunext/.ui.MainActivity t11}"}
intent path: no page; manager log:
10-01 12:33:18.334  6815 10303 E OneSearchSuggestProvider: 	at java.util.concurrent.ThreadPoolExecutor$Worker.run(ThreadPoolExecutor.java:644)
10-01 12:33:18.334  6815 10303 E OneSearchSuggestProvider: 	at java.lang.Thread.run(Thread.java:1012)
10-01 12:33:18.427  6815  6829 I s.nexuslauncher: Background concurrent mark compact GC freed 4721KB AllocSpace bytes, 9(436KB) LOS objects, 49% free, 7525KB/14MB, paused 22.737ms,3.783ms total 268.082ms
10-01 12:33:18.445  6815  6815 D SearchTargetUtil: query= size=0
10-01 12:33:18.502  6815  6831 W System  : A resource failed to call release. 
10-01 12:33:18.502  6815  6831 W System  : A resource failed to call release. 
10-01 12:33:18.502  6815  6831 W System  : A resource failed to call release. 
10-01 12:33:18.507  6815  6831 W s.nexuslauncher: ApkAssets: Deleting an ApkAssets object '<empty> and /product/priv-app/Velvet/Velvet.apk' with 1 weak references
10-01 12:33:18.514  6815  6831 W System  : A resource failed to call release. 
10-01 12:33:18.514  6815  6831 W System  : A resource failed to call release. 
10-01 12:33:18.514  6815  6831 W System  : A resource failed to call release. 
10-01 12:33:18.516   164   164 I hwservicemanager: getTransport: Cannot find entry android.hardware.graphics.mapper@4.0::IMapper/default in either framework or device VINTF manifest.
10-01 12:33:18.668     0     0 I servicemanager: Caller(pid=10301,uid=0,sid=u:r:su:s0) Could not find android.hardware.graphics.allocator.IAllocator/default in the VINTF manifest. No alternative instances declared in VINTF.
10-01 12:33:18.594  6048  6201 W VsyncModulator: setTransactionSchedule: Unexpected EarlyEnd
10-01 12:33:18.649  6130  8418 E IPCThreadState: Binder transaction failure. id: 566839, BR_*: 29189, error: -22 (Invalid argument)
10-01 12:33:18.805     0     0 I binder  : 8418:6130 cannot find target node
10-01 12:33:18.806     0     0 I binder  : 6130:8418 transaction async to 0:0 failed 566839/29189/-22, size 64-0 line 3344
10-01 12:33:18.651  6130  8418 W ActivityManager: pid 6130 system sent binder code 7 with flags 1 to frozen apps and got error -32
10-01 12:33:18.670  6130  8418 W Process : Unable to open /proc/9448/status
10-01 12:33:18.712  6366  6402 W Looper  : Slow dispatch took 85ms wmshell.main h=android.os.Handler c=com.android.wm.shell.transition.RemoteTransitionHandler$1$$ExternalSyntheticLambda0@c2491f0 m=0
10-01 12:33:18.728  6130  8083 W UserManagerService: Requested status bar icon for non-badged user 0
10-01 12:33:18.735  6130  8418 W UserManagerService: Requested status bar icon for non-badged user 0
10-01 12:33:18.739  6048  6048 E BpTransactionCompletedListener: Failed to transact (-32)
10-01 12:33:18.748  6815  6815 I TopTaskTracker: onTaskRemoved: taskId=11
10-01 12:33:18.748  6815  6815 I TopTaskTracker: onTaskRemoved: taskId=11
ui: tapped 'Module' at 190,566
ui: tapped 160,152
[16,104][304,298] Counter | Version: v1.0.0 | Author: Yuv | A new Flutter project. | 15.64 MB | WEBUI | Open
[233,122][282,170] 
[38,238][119,286] Open
[230,238][282,286] 
[16,315][304,451] Demo | Version: v0.1.0 | Author:  | The demo GUI. Flutter on top of the core. | 50.71 MB | WEBUI
[233,333][282,381] 
[16,468][304,620] devicelab app plane | Version: 1 | Author: p0g-stack | 6.99 MB
[233,486][282,530] 
[16,637][304,640] 
[124,32][172,80] Module Repo
[172,32][220,80] Install
[220,32][268,80] 
[268,32][316,80] Settings
[42,538][98,594] Home
[102,538][158,594] Superuser
[162,538][218,594] Module
[222,538][278,594] Settings
ui: tapped 'Open' at 78,262
https://mui.kernelsu.org/index.html
    * Hist  #1: ActivityRecord{dd3c62 u0 com.rifsxd.ksunext/.ui.webui.WebUIActivity t12}
      packageName=com.rifsxd.ksunext processName=com.rifsxd.ksunext
      launchedFromUid=10209 launchedFromPackage=com.rifsxd.ksunext launchedFromFeature=null userId=0
      app=ProcessRecord{557f539 10322:com.rifsxd.ksunext/u0a209}
      Intent { dat=kernelsu://webui/counter flg=0x80000 cmp=com.rifsxd.ksunext/.ui.webui.WebUIActivity (has extras) }
opened: ui
{"check":"targets","result":[{"type": "page", "url": "https://mui.kernelsu.org/index.html", "title": "Flutter Demo"}]}
{"check":"page","result":{"url":"https://mui.kernelsu.org/index.html","socket":"webview_devtools_remote_10322","value":{"href":"https://mui.kernelsu.org/index.html","title":"Flutter Demo","ready":"complete","flutter":true,"glass":true,"nav":{"dcl":413,"load":1614},"paint":{"first-paint":3121,"first-contentful-paint":3121},"glassAt":"present","firstFrame":null,"insets":null,"vv":[320,592,1]}}}
{"check":"java-exceptions","result":["10-01 12:33:18.669  6130  8418 W WindowManager: \tat android.os.BinderProxy.transactNative(Native Method)", "10-01 12:33:18.669  6130  8418 W WindowManager: \tat android.os.BinderProxy.transact(BinderProxy.java:586)", "10-01 12:33:18.669  6130  8418 W WindowManager: \tat android.view.IWindow$Stub$Proxy.dispatchAppVisibility(IWindow.java:553)", "10-01 12:33:18.669  6130  8418 W WindowManager: \tat com.android.server.wm.WindowState.sendAppVisibilityToClients(WindowState.java:3253)", "10-01 12:33:18.669  6130  8418 W WindowManager: \tat com.android.server.wm.WindowContainer.sendAppVisibilityToClients(WindowContainer.java:1289)", "10-01 12:33:18.669  6130  8418 W WindowManager: \tat com.android.server.wm.WindowToken.setClientVisible(WindowToken.java:403)", "10-01 12:33:18.669  6130  8418 W WindowManager: \tat com.android.server.wm.ActivityRecord.setClientVisible(ActivityRecord.java:7166)", "10-01 12:33:18.669  6130  8418 W WindowManager: \tat com.android.server.wm.ActivityRecord.postApplyAnimation(ActivityRecord.java:5881)", "10-01 12:33:18.669  6130  8418 W WindowManager: \tat com.android.server.wm.ActivityRecord.commitVisibility(ActivityRecord.java:5823)", "10-01 12:33:18.669  6130  8418 W WindowManager: \tat com.android.server.wm.Transition.finishTransition(Transition.java:1286)", "10-01 12:33:18.669  6130  8418 W WindowManager: \tat com.android.server.wm.TransitionController.finishTransition(TransitionController.java:937)", "10-01 12:33:18.669  6130  8418 W WindowManager: \tat com.android.server.wm.WindowOrganizerController.finishTransition(WindowOrganizerController.java:494)", "--", "10-01 12:33:28.091  6602  7185 I ChimeraSrvcProxy: NullBinder for android.net.action.RECOMMEND_NETWORKS triggering remote TransactionTooLargeException due to Service without Chimera impl", "10-01 12:33:28.094  6944  7080 I BugleRcsEngine: Connected state: [1], networkType: [WIFI] [CONTEXT thread_id=54 ]", "10-01 12:33:28.094  6944  7325 I BugleRcsEngine: handleMessage processing message:[NOTIFY_UPTIME_IGNORE_STATE_CHANGED] with [non-null]:RcsEngineImpl reference [CONTEXT log_prefix=\"RcsEngineImpl[DUAL_REG]:[8b74a769-bdfe]>Handler\" thread_id=65 ]", "10-01 12:33:28.095  6602  7185 W .gms.persistent: Large reply transaction of 1056768 bytes, interface descriptor , code 1", "10-01 12:33:28.247     0     0 W healthd : battery l=100 v=5000 t=25.0 h=2 st=2 c=900000 fc=3000000 cc=10 chg=a", "10-01 12:33:28.515  6358  6358 I wpa_supplicant: wlan0: CTRL-EVENT-BEACON-LOSS ", "10-01 12:33:30.390  7122  7631 I BugleRcsEngine: ConfiguredState: event Timeout [null] [CONTEXT log_prefix=\"(PEv2-SM203733716-DefaultCallSmsData-1-8a9)\" thread_id=70 ]", "10-01 12:33:31.083  7122  7122 W JobService: onNetworkChanged() not implemented in androidx.work.impl.background.systemjob.SystemJobService. Must override in a subclass.", "10-01 12:33:31.096  6130  6285 W IPCThreadState: Sending oneway calls to frozen process.", "10-01 12:33:31.097  6130  6285 W IPCThreadState: Sending oneway calls to frozen process.", "10-01 12:33:31.098  6130  6285 W IPCThreadState: Sending oneway calls to frozen process.", "10-01 12:33:31.098  6130  6285 W IPCThreadState: Sending oneway calls to frozen process.", "10-01 12:33:31.099  6130  6285 W IPCThreadState: Sending oneway calls to frozen process.", "--", "10-01 12:33:31.100  6602  7185 I ChimeraSrvcProxy: NullBinder for android.net.action.RECOMMEND_NETWORKS triggering remote TransactionTooLargeException due to Service without Chimera impl", "10-01 12:33:31.101  6602  7185 W .gms.persistent: Large reply transaction of 1056768 bytes, interface descriptor , code 1", "10-01 12:33:31.172  6366  6371 W ndroid.systemui: Cleared Reference was only reachable from finalizer (only reported once)", "10-01 12:33:31.206  6366  6371 I ndroid.systemui: Background concurrent mark compact GC freed 12MB AllocSpace bytes, 35(828KB) LOS objects, 49% free, 15MB/30MB, paused 312us,3.232ms total 111.647ms", "10-01 12:33:31.222  6366  6373 W ndroid.systemui: ApkAssets: Deleting an ApkAssets object '<empty> and /data/app/~~Ea5iGEmPj1G_68blbsG-kw==/com.rifsxd.ksunext-BPj3mP9rf2tZk_C9xNND0A==/base.apk' with 1 weak references", "10-01 12:33:31.240  6130  6151 I DropBoxManagerService: add tag=system_app_strictmode isTagEnabled=true flags=0x2", "10-01 12:33:32.889 10461 10461 W BpBinder: Linking to death on android.gui.ISurfaceComposer but there are no threads (yet?) listening to incoming transactions. See ProcessState::startThreadPool and ProcessState::setThreadPoolMaxThreadCount. Generally you should setup the binder threadpool before other initialization steps.", "10-01 12:33:32.889 10461 10461 W ProcessState: Extra binder thread started, but 0 threads requested. Do not use *startThreadPool when zero threads are requested.", "10-01 12:33:32.904   164   164 I hwservicemanager: getTransport: Cannot find entry android.hardware.graphics.mapper@4.0::IMapper/default in either framework or device VINTF manifest.", "10-01 12:33:32.905 10461 10462 I Gralloc4: mapper 4.x is not supported", "10-01 12:33:33.061     0     0 I servicemanager: Caller(pid=10461,uid=0,sid=u:r:su:s0) Could not find android.hardware.graphics.allocator.IAllocator/default in the VINTF manifest. No alternative instances declared in VINTF.", "10-01 12:33:33.229 10322 10337 D EGL_emulation: app_time_stats: avg=146.27ms min=4.43ms max=5544.36ms count=41", "10-01 12:33:33.427 10322 10327 I .rifsxd.ksunext: Background concurrent mark compact GC freed 7638KB AllocSpace bytes, 71(1552KB) LOS objects, 49% free, 6235KB/12MB, paused 226us,8.670ms total 321.500ms"]}
{"check":"console-errors","result":["--------- beginning of main", "10-01 12:33:46.733 10322 10555 I chromium: [1001/123346.717499:INFO:variations_seed_loader.cc(66)] Failed to open file for reading.: No such file or directory (2)", "10-01 12:33:46.734 10322 10555 I chromium: [1001/123346.734551:INFO:variations_seed_loader.cc(66)] Failed to open file for reading.: No such file or directory (2)", "10-01 12:33:46.867 10322 10560 W chromium: [WARNING:dns_config_service_android.cc(81)] Failed to read DnsConfig.", "10-01 12:33:47.369 10581 10606 W chromium: [WARNING:runtime_features.cc(694)] SharedStorage for M118+ cannot be enabled in this configuration. Use --enable-features=SharedStorageAPI,SharedStorageAPIM118 in addition.", "10-01 12:33:47.369 10581 10606 W chromium: [WARNING:runtime_features.cc(730)] AttributionReportingCrossAppWeb cannot be enabled in this configuration. Use --enable-features=ConversionMeasurement,AttributionReportingCrossAppWeb in addition.", "10-01 12:33:48.130 10322 10322 I chromium: [INFO:CONSOLE(1)] \"Injecting <script> tag. Using callback.\", source: https://mui.kernelsu.org/flutter_bootstrap.js (1)"]}
{"check":"first-frame-warm","result":{"url":"https://mui.kernelsu.org/index.html","socket":"webview_devtools_remote_10322","value":{"firstFrameMs":987,"now":15056,"flutter":true,"resizes":[],"paint":{"first-paint":1549,"first-contentful-paint":1549},"calls":[[90,"at-preload","ksu:undefined webui:undefined"],[100,"ksu-defined"],[113,"wrap-failed","exec"],[121,"wrap-failed","spawn"],[131,"wrap-failed","moduleInfo"],[140,"wrap-failed","fullScreen"],[150,"wrap-failed","toast"]],"resources":[["/flutter_bootstrap.js",86,161,"script",0],["/canvaskit/chromium/canvaskit.wasm",222,372,"fetch",0],["/canvaskit/chromium/canvaskit.js",223,286,"other",0],["/main.dart.js",230,370,"script",0],["/assets/FontManifest.json",705,794,"fetch",0],["/favicon.png",723,786,"other",0],["/assets/fonts/MaterialIcons-Regular.otf",798,851,"fetch",0],["/assets/packages/cupertino_icons/assets/CupertinoIcons.ttf",802,862,"fetch",0],["/assets/fonts/fallback/Roboto-Regular.ttf",802,868,"fetch",0],["/favicon.png",991,1546,"other",0]],"marks":[],"measures":[],"fonts":[]}}}
intent path: no page; manager log:
10-01 12:34:20.924  6828  6828 I AndroidIME: InputBundleManager.loadActiveInputBundleId():450 loadActiveInputBundleId: und-Latn-x-password, password
10-01 12:34:20.925  6130  6823 W PackageConfigPersister: App-specific configuration not found for packageName: com.google.android.apps.nexuslauncher and userId: 0
10-01 12:34:20.926  6366  6402 W Looper  : Drained
10-01 12:34:21.113  6815  6815 D SsBaseTemplateCard: No text view can be set up
10-01 12:34:21.115  6815  6815 D SsBaseTemplateCard: Passed-in item info is null
10-01 12:34:21.115  6815  6815 D SsBaseTemplateCard: Passed-in item info is null
10-01 12:34:21.115  6815  6815 D SsBaseTemplateCard: Passed-in item info is null
10-01 12:34:21.115  6815  6815 I SsBaseTemplateCard: Secondary card pane is null
10-01 12:34:21.126  6048  6065 W VsyncModulator: setTransactionSchedule: Unexpected EarlyEnd
10-01 12:34:21.303     0     0 I binder  : 6823:6130 cannot find target node
10-01 12:34:21.314     0     0 I binder  : 6130:6823 transaction async to 0:0 failed 579877/29189/-22, size 64-0 line 3344
10-01 12:34:21.159  6130  6823 E IPCThreadState: Binder transaction failure. id: 579877, BR_*: 29189, error: -22 (Invalid argument)
10-01 12:34:21.160  6130  6823 W ActivityManager: pid 6130 system sent binder code 7 with flags 1 to frozen apps and got error -32
10-01 12:34:21.162  6130  6823 W Process : Unable to open /proc/10322/status
10-01 12:34:21.329     0     0 I servicemanager: Caller(pid=10715,uid=0,sid=u:r:su:s0) Could not find android.hardware.graphics.allocator.IAllocator/default in the VINTF manifest. No alternative instances declared in VINTF.
10-01 12:34:21.187  6130  8418 W UserManagerService: Requested status bar icon for non-badged user 0
10-01 12:34:21.188  6815  6815 I TopTaskTracker: onTaskRemoved: taskId=12
10-01 12:34:21.188  6815  6815 I TopTaskTracker: onTaskRemoved: taskId=12
10-01 12:34:21.198   164   164 I hwservicemanager: getTransport: Cannot find entry android.hardware.graphics.mapper@4.0::IMapper/default in either framework or device VINTF manifest.
10-01 12:34:21.204  6130  8418 W UserManagerService: Requested status bar icon for non-badged user 0
10-01 12:34:21.207  6048  6048 E BpTransactionCompletedListener: Failed to transact (-32)
10-01 12:34:21.210  6366  6402 W Looper  : Slow dispatch took 94ms wmshell.main h=android.os.Handler c=com.android.wm.shell.transition.RemoteTransitionHandler$1$$ExternalSyntheticLambda0@345ae18 m=0
10-01 12:34:21.214  6366  6402 W Looper  : Slow delivery took 45ms wmshell.main h=android.os.Handler c=android.window.TaskOrganizer$1$$ExternalSyntheticLambda4@e46a071 m=0
10-01 12:34:21.214  6366  6402 W Looper  : Drained
10-01 12:34:21.220  6130  8418 W UserManagerService: Requested status bar icon for non-badged user 0
ui: tapped 'Module' at 190,566
ui: tapped 160,152
[16,104][304,298] Counter | Version: v1.0.0 | Author: Yuv | A new Flutter project. | 15.64 MB | WEBUI | Open
[233,122][282,170] 
[38,238][119,286] Open
[230,238][282,286] 
[16,315][304,451] Demo | Version: v0.1.0 | Author:  | The demo GUI. Flutter on top of the core. | 50.71 MB | WEBUI
[233,333][282,381] 
[16,468][304,620] devicelab app plane | Version: 1 | Author: p0g-stack | 6.99 MB
[233,486][282,530] 
[16,637][304,640] 
[124,32][172,80] Module Repo
[172,32][220,80] Install
[220,32][268,80] 
[268,32][316,80] Settings
[42,538][98,594] Home
[102,538][158,594] Superuser
[162,538][218,594] Module
[222,538][278,594] Settings
ui: tapped 'Open' at 78,262
https://mui.kernelsu.org/index.html
    * Hist  #1: ActivityRecord{214f2ca u0 com.rifsxd.ksunext/.ui.webui.WebUIActivity t13}
      packageName=com.rifsxd.ksunext processName=com.rifsxd.ksunext
      launchedFromUid=10209 launchedFromPackage=com.rifsxd.ksunext launchedFromFeature=null userId=0
      app=ProcessRecord{b1b8a69 10737:com.rifsxd.ksunext/u0a209}
      Intent { dat=kernelsu://webui/counter flg=0x80000 cmp=com.rifsxd.ksunext/.ui.webui.WebUIActivity (has extras) }
opened: ui
{"check":"targets","result":[{"type": "page", "url": "https://mui.kernelsu.org/index.html", "title": "Flutter Demo"}]}
{"check":"page","result":{"url":"https://mui.kernelsu.org/index.html","socket":"webview_devtools_remote_10737","value":{"href":"https://mui.kernelsu.org/index.html","title":"Flutter Demo","ready":"complete","flutter":true,"glass":true,"nav":{"dcl":504,"load":1542},"paint":{"first-paint":3187,"first-contentful-paint":3187},"glassAt":"present","firstFrame":null,"insets":null,"vv":[320,592,1]}}}
{"check":"java-exceptions","result":["10-01 12:34:21.162  6130  6823 W WindowManager: \tat android.os.BinderProxy.transactNative(Native Method)", "10-01 12:34:21.162  6130  6823 W WindowManager: \tat android.os.BinderProxy.transact(BinderProxy.java:586)", "10-01 12:34:21.162  6130  6823 W WindowManager: \tat android.view.IWindow$Stub$Proxy.dispatchAppVisibility(IWindow.java:553)", "10-01 12:34:21.162  6130  6823 W WindowManager: \tat com.android.server.wm.WindowState.sendAppVisibilityToClients(WindowState.java:3253)", "10-01 12:34:21.162  6130  6823 W WindowManager: \tat com.android.server.wm.WindowContainer.sendAppVisibilityToClients(WindowContainer.java:1289)", "10-01 12:34:21.162  6130  6823 W WindowManager: \tat com.android.server.wm.WindowToken.setClientVisible(WindowToken.java:403)", "10-01 12:34:21.162  6130  6823 W WindowManager: \tat com.android.server.wm.ActivityRecord.setClientVisible(ActivityRecord.java:7166)", "10-01 12:34:21.162  6130  6823 W WindowManager: \tat com.android.server.wm.ActivityRecord.postApplyAnimation(ActivityRecord.java:5881)", "10-01 12:34:21.162  6130  6823 W WindowManager: \tat com.android.server.wm.ActivityRecord.commitVisibility(ActivityRecord.java:5823)", "10-01 12:34:21.162  6130  6823 W WindowManager: \tat com.android.server.wm.Transition.finishTransition(Transition.java:1286)", "10-01 12:34:21.162  6130  6823 W WindowManager: \tat com.android.server.wm.TransitionController.finishTransition(TransitionController.java:937)", "10-01 12:34:21.162  6130  6823 W WindowManager: \tat com.android.server.wm.WindowOrganizerController.finishTransition(WindowOrganizerController.java:494)", "--", "10-01 12:34:22.339  6602  7105 I ChimeraSrvcProxy: NullBinder for android.net.action.RECOMMEND_NETWORKS triggering remote TransactionTooLargeException due to Service without Chimera impl", "10-01 12:34:22.339  6602  7105 W .gms.persistent: Large reply transaction of 1056768 bytes, interface descriptor , code 1", "10-01 12:34:22.352  6366  6402 V WindowManagerShell: Transition animation finished (aborted=false), notifying core (#16) android.os.BinderProxy@15aee56@0", "10-01 12:34:22.361  6944  7080 I BugleRcsEngine: Connected state: [1], networkType: [WIFI] [CONTEXT thread_id=54 ]", "10-01 12:34:22.369  6815  6815 D VRI[NexusLauncherActivity]: visibilityChanged oldVisibility=true newVisibility=false", "10-01 12:34:22.371  6944  7325 I BugleRcsEngine: handleMessage processing message:[NOTIFY_UPTIME_IGNORE_STATE_CHANGED] with [non-null]:RcsEngineImpl reference [CONTEXT log_prefix=\"RcsEngineImpl[DUAL_REG]:[8b74a769-bdfe]>Handler\" thread_id=65 ]", "10-01 12:34:22.374  6366  6402 V WindowManagerShell: Track 0 became idle", "10-01 12:34:22.374  6366  6402 V WindowManagerShell: All active transition animations finished", "10-01 12:34:22.376  6130  6149 V WindowManager: Finish Transition (#16): created at 10-01 12:34:21.867 collect-started=0.133ms request-sent=20.82ms started=41.039ms ready=146.204ms sent=149.347ms finished=486.788ms", "10-01 12:34:22.377  6130  6144 W UserManagerService: Requested status bar icon for non-badged user 0", "10-01 12:34:22.378  6815  6815 D NexusLauncherModelDelegate: notifySmartspaceEvent: SmartspaceTargetEvent{mSmartspaceTarget=null, mSmartspaceActionId='null', mEventType=7}", "10-01 12:34:22.401  6130  8418 W UserManagerService: Requested status bar icon for non-badged user 0", "10-01 12:34:22.444 10757 10757 W libksud.so: type=1400 audit(0.0:160): avc:  denied  { search } for  name=\"tests\" dev=\"dm-46\" ino=65540 scontext=u:r:untrusted_app:s0:c209,c256,c512,c768 tcontext=u:object_r:shell_test_data_file:s0 tclass=dir permissive=0 app=com.rifsxd.ksunext", "--", "10-01 12:34:34.343  6602  7105 I ChimeraSrvcProxy: NullBinder for android.net.action.RECOMMEND_NETWORKS triggering remote TransactionTooLargeException due to Service without Chimera impl", "10-01 12:34:34.343  6944  7325 I BugleRcsEngine: handleMessage processing message:[NOTIFY_UPTIME_IGNORE_STATE_CHANGED] with [non-null]:RcsEngineImpl reference [CONTEXT log_prefix=\"RcsEngineImpl[DUAL_REG]:[8b74a769-bdfe]>Handler\" thread_id=65 ]", "10-01 12:34:34.344  6944  7080 I BugleRcsEngine: Connected state: [1], networkType: [WIFI] [CONTEXT thread_id=54 ]", "10-01 12:34:34.344  6602  7105 W .gms.persistent: Large reply transaction of 1056768 bytes, interface descriptor , code 1", "10-01 12:34:34.348  6130  6447 D OomAdjuster: Not killing cached processes", "10-01 12:34:35.615 10845 10845 W BpBinder: Linking to death on android.gui.ISurfaceComposer but there are no threads (yet?) listening to incoming transactions. See ProcessState::startThreadPool and ProcessState::setThreadPoolMaxThreadCount. Generally you should setup the binder threadpool before other initialization steps.", "10-01 12:34:35.615 10845 10845 W ProcessState: Extra binder thread started, but 0 threads requested. Do not use *startThreadPool when zero threads are requested.", "10-01 12:34:35.629   164   164 I hwservicemanager: getTransport: Cannot find entry android.hardware.graphics.mapper@4.0::IMapper/default in either framework or device VINTF manifest.", "10-01 12:34:35.629 10845 10846 I Gralloc4: mapper 4.x is not supported", "10-01 12:34:35.786     0     0 I servicemanager: Caller(pid=10845,uid=0,sid=u:r:su:s0) Could not find android.hardware.graphics.allocator.IAllocator/default in the VINTF manifest. No alternative instances declared in VINTF.", "10-01 12:34:35.914 10737 10751 D EGL_emulation: app_time_stats: avg=159.77ms min=4.67ms max=5486.77ms count=37", "10-01 12:34:36.056 10737 10741 I .rifsxd.ksunext: Background concurrent mark compact GC freed 5701KB AllocSpace bytes, 71(1552KB) LOS objects, 49% free, 5734KB/11MB, paused 2.714ms,7.702ms total 216.747ms", "10-01 12:34:36.065 10737 10743 W .rifsxd.ksunext: ApkAssets: Deleting an ApkAssets object '<empty> and /product/app/YouTube/YouTube.apk' with 1 weak references"]}
{"check":"console-errors","result":["--------- beginning of main", "10-01 12:34:49.519 10737 10937 W chromium: [WARNING:dns_config_service_android.cc(81)] Failed to read DnsConfig.", "10-01 12:34:49.970 10933 10964 W chromium: [WARNING:runtime_features.cc(694)] SharedStorage for M118+ cannot be enabled in this configuration. Use --enable-features=SharedStorageAPI,SharedStorageAPIM118 in addition.", "10-01 12:34:50.849 10737 10737 I chromium: [INFO:CONSOLE(1)] \"Injecting <script> tag. Using callback.\", source: https://mui.kernelsu.org/flutter_bootstrap.js (1)"]}
{"check":"first-frame-warm","result":{"url":"https://mui.kernelsu.org/index.html","socket":"webview_devtools_remote_10737","value":{"firstFrameMs":913,"now":15081,"flutter":true,"resizes":[],"paint":{"first-paint":1494,"first-contentful-paint":1494},"calls":[[92,"at-preload","ksu:undefined webui:undefined"],[95,"ksu-defined"],[114,"wrap-failed","exec"],[116,"wrap-failed","spawn"],[116,"wrap-failed","moduleInfo"],[120,"wrap-failed","fullScreen"],[122,"wrap-failed","toast"]],"resources":[["/flutter_bootstrap.js",89,149,"script",0],["/canvaskit/chromium/canvaskit.wasm",202,385,"fetch",0],["/canvaskit/chromium/canvaskit.js",203,268,"other",0],["/main.dart.js",204,359,"script",0],["/assets/FontManifest.json",644,721,"fetch",0],["/assets/fonts/MaterialIcons-Regular.otf",734,797,"fetch",0],["/assets/packages/cupertino_icons/assets/CupertinoIcons.ttf",736,809,"fetch",0],["/assets/fonts/fallback/Roboto-Regular.ttf",737,813,"fetch",0],["/favicon.png",742,811,"other",0],["/favicon.png",1451,1528,"other",0]],"marks":[],"measures":[],"fonts":[]}}}
{"url":"https://mui.kernelsu.org/index.html","socket":"webview_devtools_remote_10737","value":"semantics on"}
{"check":"home","result":{"url":"https://mui.kernelsu.org/index.html","socket":"webview_devtools_remote_10737","value":["You have pushed the button this many times:","0","Increment"]}}
{"check":"tap-places","result":{"url":"https://mui.kernelsu.org/index.html","socket":"webview_devtools_remote_10737","value":"no Places"}}
{"check":"places","result":{"url":"https://mui.kernelsu.org/index.html","socket":"webview_devtools_remote_10737","value":["You have pushed the button this many times:","0","Increment"]}}
{"check":"places-scroll-1","result":{"url":"https://mui.kernelsu.org/index.html","socket":"webview_devtools_remote_10737","value":["You have pushed the button this many times:","0","Increment"]}}
{"check":"places-scroll-2","result":{"url":"https://mui.kernelsu.org/index.html","socket":"webview_devtools_remote_10737","value":["You have pushed the button this many times:","0","Increment"]}}
{"check":"places-scroll-3","result":{"url":"https://mui.kernelsu.org/index.html","socket":"webview_devtools_remote_10737","value":["You have pushed the button this many times:","0","Increment"]}}
{"check":"tap-strategy","result":{"url":"https://mui.kernelsu.org/index.html","socket":"webview_devtools_remote_10737","value":"no Strategy"}}
{"check":"strategy","result":{"url":"https://mui.kernelsu.org/index.html","socket":"webview_devtools_remote_10737","value":["You have pushed the button this many times:","0","Increment"]}}
{"check":"tap-strategy-root","result":{"url":"https://mui.kernelsu.org/index.html","socket":"webview_devtools_remote_10737","value":"no root process"}}
{"check":"strategy-root","result":{"url":"https://mui.kernelsu.org/index.html","socket":"webview_devtools_remote_10737","value":["You have pushed the button this many times:","0","Increment"]}}
{"check":"strategy-root-scroll-1","result":{"url":"https://mui.kernelsu.org/index.html","socket":"webview_devtools_remote_10737","value":["You have pushed the button this many times:","0","Increment"]}}
{"check":"strategy-root-scroll-2","result":{"url":"https://mui.kernelsu.org/index.html","socket":"webview_devtools_remote_10737","value":["You have pushed the button this many times:","0","Increment"]}}
{"check":"tap-rust","result":{"url":"https://mui.kernelsu.org/index.html","socket":"webview_devtools_remote_10737","value":"no Rust"}}
{"check":"rust","result":{"url":"https://mui.kernelsu.org/index.html","socket":"webview_devtools_remote_10737","value":["You have pushed the button this many times:","0","Increment"]}}
{"check":"tap-rust-run","result":{"url":"https://mui.kernelsu.org/index.html","socket":"webview_devtools_remote_10737","value":"no Run in every place"}}
{"check":"mount","result":"mount: mounting overlay on /product/app failed: Invalid argument\noverlay failed: 255\nmagic mount ok\ntotal 3736\ndrwxr-xr-x  2 root root u:object_r:system_file:s0     4096 2026-10-01 12:27 .\ndrwxr-xr-x 30 root root u:object_r:system_file:s0      600 2026-10-01 12:27 ..\n-rw-r--r--  1 root root u:object_r:system_file:s0  3809993 2026-10-01 12:27 WebuiTermuxApi.apk\nCalendarGooglePrebuilt\nCamera2\nChrome\nChrome-Stub\nDrive\n/dev/block/dm-3 /product ext4 ro,seclabel,relatime 0 0\ntmpfs /dev/app_plane_app tmpfs rw,seclabel,relatime,mode=755 0 0\ntmpfs /product/app tmpfs rw,seclabel,relatime,mode=755 0 0\n/dev/block/dm-3 /product/app/CalendarGooglePrebuilt ext4 ro,seclabel,relatime 0 0\n/dev/block/dm-3 /product/app/Camera2 ext4 ro,seclabel,relatime 0 0\n/dev/block/dm-3 /product/app/Chrome ext4 ro,seclabel,relatime 0 0\n/dev/block/dm-3 /product/app/Chrome-Stub ext4 ro,seclabel,relatime 0 0\n/dev/block/dm-3 /product/app/Drive ext4 ro,seclabel,relatime 0 0\n28"}
{"check":"package","result":"package:/product/app/WebuiTermuxApi/WebuiTermuxApi.apk\n    flags=0x0\n    flags=0x0\n    codePath=/product/app/WebuiTermuxApi\n    versionName=0.53.0-webui.1\n    flags=[ SYSTEM HAS_CODE ALLOW_CLEAR_USER_DATA ALLOW_BACKUP ]\n    privateFlags=[ PRIVATE_FLAG_ACTIVITIES_RESIZE_MODE_RESIZEABLE_VIA_SDK_VERSION PRIVATE_FLAG_REQUEST_LEGACY_EXTERNAL_STORAGE PRODUCT PRIVATE_FLAG_ALLOW_NATIVE_HEAP_POINTER_TAGGING ]\n        android.permission.READ_SMS: granted=false, flags=[ USER_SENSITIVE_WHEN_GRANTED|USER_SENSITIVE_WHEN_DENIED|RESTRICTION_UPGRADE_EXEMPT]\n        android.permission.POST_NOTIFICATIONS: granted=false, flags=[ USER_SENSITIVE_WHEN_GRANTED|USER_SENSITIVE_WHEN_DENIED]"}
/home/runner/work/devicelab/devicelab/out/sockprobe: 1 file pushed, 0 skipped. 9.0 MB/s (3501149 bytes in 0.373s)
Broadcasting: Intent { flg=0x1400020 cmp=com.webui.termux.api/com.termux.api.TermuxApiReceiver (has extras) }
Broadcast completed: result=0
{"check":"rust-ran","result":{"url":"https://mui.kernelsu.org/index.html","socket":"webview_devtools_remote_10737","value":["You have pushed the button this many times:","0","Increment"]}}
{"check":"tap-lifecycle","result":{"url":"https://mui.kernelsu.org/index.html","socket":"webview_devtools_remote_10737","value":"no Lifecycle"}}
Broadcasting: Intent { flg=0x1400020 cmp=com.webui.termux.api/com.termux.api.TermuxApiReceiver (has extras) }
Broadcast completed: result=0
{"check":"tap-root-process","result":{"url":"https://mui.kernelsu.org/index.html","socket":"webview_devtools_remote_10737","value":"no root process"}}
{"check":"tap-start","result":{"url":"https://mui.kernelsu.org/index.html","socket":"webview_devtools_remote_10737","value":"no Start"}}
{"check":"broadcast","result":"Broadcasting: Intent { flg=0x1400020 cmp=com.webui.termux.api/com.termux.api.TermuxApiReceiver (has extras) }\nBroadcast completed: result=0\nBroadcasting: Intent { flg=0x1400020 cmp=com.webui.termux.api/com.termux.api.TermuxApiReceiver (has extras) }\nBroadcast completed: result=0"}
{"check":"app-process","result":"u0_a210      10210 u:r:untrusted_app_27:s0:c210,c256,c512,c768 com.webui.termux.api"}
{"check":"listener-module","result":"{\"context\":\"u:r:su:s0\",\"event\":\"start\",\"names\":[\"wx_ksu_out\",\"wx_ksu_in\"],\"uid\":0}\n{\"data\":\"{\\n  \\\"present\\\": true,\\n  \\\"technology\\\": \\\"Li-ion\\\",\\n  \\\"health\\\": \\\"GOOD\\\",\\n  \\\"plugged\\\": \\\"PLUGGED_AC\\\",\\n  \\\"status\\\": \\\"CHARGING\\\",\\n  \\\"temperature\\\": 25.0,\\n  \\\"voltage\\\": 5000,\\n  \\\"current\\\": 900000,\\n  \\\"current_average\\\": 900000,\\n  \\\"percentage\\\": 100,\\n  \\\"level\\\": 100,\\n  \\\"scale\\\": 100,\\n  \\\"charge_counter\\\": 10000,\\n  \\\"cycle\\\": 10\\n}\\n\",\"event\":\"connect\",\"name\":\"wx_ksu_out\",\"peerContext\":\"u:r:untrusted_app_27:s0:c210,c256,c512,c768\",\"peerPid\":11243,\"peerUid\":10210,\"t\":1790858207675}"}
{"check":"listener-su","result":"{\"context\":\"u:r:su:s0\",\"event\":\"start\",\"names\":[\"wx_su_out\",\"wx_su_in\"],\"uid\":0}\n{\"data\":\"{\\n  \\\"present\\\": true,\\n  \\\"technology\\\": \\\"Li-ion\\\",\\n  \\\"health\\\": \\\"GOOD\\\",\\n  \\\"plugged\\\": \\\"PLUGGED_AC\\\",\\n  \\\"status\\\": \\\"CHARGING\\\",\\n  \\\"temperature\\\": 25.0,\\n  \\\"voltage\\\": 5000,\\n  \\\"current\\\": 900000,\\n  \\\"current_average\\\": 900000,\\n  \\\"percentage\\\": 100,\\n  \\\"level\\\": 100,\\n  \\\"scale\\\": 100,\\n  \\\"charge_counter\\\": 10000,\\n  \\\"cycle\\\": 10\\n}\\n\",\"event\":\"connect\",\"name\":\"wx_su_out\",\"peerContext\":\"u:r:untrusted_app_27:s0:c210,c256,c512,c768\",\"peerPid\":11243,\"peerUid\":10210,\"t\":1790858215821}"}
{"check":"avc","result":"10-01 12:36:47.452  6130  6444 I ActivityManager: Broadcasting: Intent { flg=0x1400020 cmp=com.webui.termux.api/com.termux.api.TermuxApiReceiver (has extras) }\n10-01 12:36:47.454  6130  6444 I ActivityManager: Enqueued broadcast Intent { flg=0x1400020 cmp=com.webui.termux.api/com.termux.api.TermuxApiReceiver (has extras) }: 0\n10-01 12:36:47.496  6130  6167 I ActivityManager: Start proc 11243:com.webui.termux.api/u0a210 for broadcast {com.webui.termux.api/com.termux.api.TermuxApiReceiver}\n10-01 12:36:47.515 11243 11243 I ebui.termux.api: Using CollectorTypeCMC GC.\n10-01 12:36:47.516 11243 11243 W ebui.termux.api: Unexpected CPU variant for x86: x86_64.\n10-01 12:36:47.516 11243 11243 W ebui.termux.api: Known variants: atom, sandybridge, silvermont, goldmont, goldmont-plus, goldmont-without-sha-xsaves, tremont, kabylake, default\n10-01 12:36:47.522 11243 11243 E ebui.termux.api: Not starting debugger since process cannot load the jdwp agent.\n10-01 12:36:47.574 11243 11243 W ziparchive: Unable to open '/product/app/WebuiTermuxApi/WebuiTermuxApi.dm': No such file or directory\n10-01 12:36:47.574 11243 11243 W ziparchive: Unable to open '/product/app/WebuiTermuxApi/WebuiTermuxApi.dm': No such file or directory\n10-01 12:36:47.599 11243 11243 D nativeloader: Configuring product-clns-7 for unbundled product apk /product/app/WebuiTermuxApi/WebuiTermuxApi.apk. target_sdk_version=28, uses_libraries=, library_path=/product/app/WebuiTermuxApi/lib/x86_64:/product/lib64:/system/product/lib64, permitted_path=/data:/mnt/expand:/data/user/0/com.webui.termux.api:/product/lib64:/system/product/lib64\n10-01 12:36:47.632 11243 11243 I TermuxAPIApplication: AppInit\n10-01 12:36:47.653  6130  7174 I AppsFilter: interaction: PackageSetting{ead9103 com.android.microdroid.empty_payload/10206} -> PackageSetting{cbe4150 com.webui.termux.api/10210} BLOCKED\n10-01 12:36:47.663  6130  6312 I AppWidgetServiceImpl: Updating package stopped masked state for uid 10210 package com.webui.termux.api isStopped false\n10-01 12:36:53.127 11243 11272 D ProfileInstaller: Installing profile for com.webui.termux.api\n10-01 12:36:55.802  6130  6444 I ActivityManager: Broadcasting: Intent { flg=0x1400020 cmp=com.webui.termux.api/com.termux.api.TermuxApiReceiver (has extras) }\n10-01 12:36:55.805  6130  6444 I ActivityManager: Enqueued broadcast Intent { flg=0x1400020 cmp=com.webui.termux.api/com.termux.api.TermuxApiReceiver (has extras) }: 0"}
SELinux: Loaded file context from:
		/system/etc/selinux/plat_file_contexts
		/system_ext/etc/selinux/system_ext_file_contexts
		/vendor/etc/selinux/vendor_file_contexts
{"check":"restorecon","result":"u:object_r:app_data_file:s0:c210,c256,c512,c768 /data/data/com.webui.termux.api\nu:object_r:app_data_file:s0                     /data/data/com.webui.termux.api/files/devicelab/probe.txt"}
{"check":"app-read","result":"u:object_r:app_data_file:s0:c210,c256,c512,c768 chcon.txt\nu:object_r:app_data_file:s0                     probe.txt\n{\"error\":\"write /proc/thread-self/attr/current: operation not permitted\",\"op\":\"setcon\"}"}
{"check":"lifecycle-running","result":{"url":"https://mui.kernelsu.org/index.html","socket":"webview_devtools_remote_10737","value":["You have pushed the button this many times:","0","Increment"]}}
Failed to write while dumping service activity: Broken pipe
{"check":"share-text","result":"topResumedActivity=ActivityRecord{20e2c47 u0 com.google.android.apps.nexuslauncher/.NexusLauncherActivity t9}\n{\"context\":\"u:r:su:s0\",\"event\":\"start\",\"names\":[\"sh_text_out\",\"sh_text_in\"],\"uid\":0}\n{\"data\":\"\",\"event\":\"connect\",\"name\":\"sh_text_in\",\"peerContext\":\"u:r:untrusted_app_27:s0:c210,c256,c512,c768\",\"peerPid\":11243,\"peerUid\":10210,\"t\":1790858225570}\n{\"data\":\"\",\"event\":\"connect\",\"name\":\"sh_text_out\",\"peerContext\":\"u:r:untrusted_app_27:s0:c210,c256,c512,c768\",\"peerPid\":11243,\"peerUid\":10210,\"t\":1790858225567}\n10-01 12:37:05.591  6130  7174 E ActivityTaskManager: Background activity launch blocked! [callingPackage: com.webui.termux.api; callingPackageTargetSdk: 28; callingUid: 10210; callingPid: 11243; appSwitchState: 2; callingUidHasAnyVisibleWindow: false; callingUidProcState: RECEIVER; isCallingUidPersistentSystemProcess: false; forcedBalByPiSender: BSP.NONE; intent: Intent { act=android.intent.action.CHOOSER flg=0x10000000 cmp=com.android.intentresolver/.ChooserActivityLauncher (has extras) }; callerApp: ProcessRecord{db8939b 11243:com.webui.termux.api/u0a210}; inVisibleTask: false; balAllowedByPiCreator: BSP.ALLOW_BAL; balAllowedByPiCreatorWithHardening: BSP.ALLOW_BAL; resultIfPiCreatorAllowsBal: BAL_BLOCK; hasRealCaller: true; isCallForResult: false; isPendingIntent: false; autoOptInReason: notPendingIntent; realCallingPackage: com.webui.termux.api; realCallingPackageTargetSdk: 28; realCallingUid: 10210; realCallingPid: 11243; realCallingUidHasAnyVisibleWindow: false; realCallingUidProcState: RECEIVER; isRealCallingUidPersistentSystemProcess: false; originatingPendingIntent: null; realCallerApp: ProcessRecord{db8939b 11243:com.webui.termux.api/u0a210}; realInVisibleTask: false; balAllowedByPiSender: BSP.ALLOW_BAL; resultIfPiSenderAllowsBal: BAL_BLOCK; balImproveRealCallerVisibilityCheck: true; balRequireOptInByPendingIntentCreator: true; balRequireOptInSameUid: false; balRespectAppSwitchStateWhenCheckBoundByForegroundUid: true; balDontBringExistingBackgroundTaskStackToFg: true]\n10-01 12:37:05.670  6130  7174 I ActivityTaskManager: START u0 {act=android.intent.action.CHOOSER flg=0x10000000 cmp=com.android.intentresolver/.ChooserActivityLauncher (has extras)} with LAUNCH_MULTIPLE from uid 10210 (BAL_BLOCK) result code=102\n10-01 12:37:15.723  6130  6228 D ActivityManager: freezing 11243 com.webui.termux.api"}
{"check":"lifecycle-after-home","result":{"url":"https://mui.kernelsu.org/index.html","socket":"webview_devtools_remote_10737","value":["You have pushed the button this many times:","0","Increment"]}}
{"check":"root-process","result":""}
/home/runner/work/devicelab/devicelab/out/sockprobe: 1 file pushed, 0 skipped. 251.9 MB/s (3501149 bytes in 0.013s)
{"check":"block-devices","result":"dm-0\ndm-1\ndm-11\ndm-13\ndm-14\ndm-16\ndm-17\ndm-18\ntotal 0\ndrwxr-xr-x 2 root root u:object_r:block_device:s0                140 2026-10-01 12:25 by-name\nbrw------- 1 root root u:object_r:dm_device:s0              254,   0 2026-10-01 12:25 dm-0\nbrw------- 1 root root u:object_r:dm_device:s0              254,   1 2026-10-01 12:25 dm-1\nbrw------- 1 root root u:object_r:dm_device:s0              254,  11 2026-10-01 12:25 dm-11\nbrw------- 1 root root u:object_r:dm_device:s0              254,  13 2026-10-01 12:25 dm-13\nbrw------- 1 root root u:object_r:dm_device:s0              254,  14 2026-10-01 12:25 dm-14\nbrw------- 1 root root u:object_r:dm_device:s0              254,  16 2026-10-01 12:25 dm-16\nbrw------- 1 root root u:object_r:dm_device:s0              254,  17 2026-10-01 12:25 dm-17\nbrw------- 1 root root u:object_r:dm_device:s0              254,  18 2026-10-01 12:25 dm-18\nbrw------- 1 root root u:object_r:dm_device:s0              254,  19 2026-10-01 12:25 dm-19\nbrw------- 1 root root u:object_r:dm_device:s0              254,   2 2026-10-01 12:25 dm-2\n-- su:\n0000000  \\0\n-- ksu:\n{\"error\":\"write /proc/thread-self/attr/current: operation not permitted\",\"op\":\"setcon\"}\n-- avc:"}
{"check":"back-1","result":{"url":"https://mui.kernelsu.org/index.html","socket":"webview_devtools_remote_10737","value":["You have pushed the button this many times:","0","Increment"]}}
{"check":"back-1-top","result":"topResumedActivity=ActivityRecord{20e2c47 u0 com.google.android.apps.nexuslauncher/.NexusLauncherActivity t9}"}
{"check":"back-2-top","result":"topResumedActivity=ActivityRecord{20e2c47 u0 com.google.android.apps.nexuslauncher/.NexusLauncherActivity t9}"}
Failed to write while dumping service activity: Broken pipe
{"check":"share-file","result":"topResumedActivity=ActivityRecord{20e2c47 u0 com.google.android.apps.nexuslauncher/.NexusLauncherActivity t9}\n{\"context\":\"u:r:su:s0\",\"event\":\"start\",\"names\":[\"sh_file_out\",\"sh_file_in\"],\"uid\":0}\n{\"data\":\"\",\"event\":\"connect\",\"name\":\"sh_file_out\",\"peerContext\":\"u:r:untrusted_app_27:s0:c210,c256,c512,c768\",\"peerPid\":11243,\"peerUid\":10210,\"t\":1790858241283}\n10-01 12:37:21.268  6130  6166 D ActivityManager: sync unfroze 11243 com.webui.termux.api for 3\n10-01 12:37:21.295  6130  7176 E ActivityTaskManager: Background activity launch blocked! [callingPackage: com.webui.termux.api; callingPackageTargetSdk: 28; callingUid: 10210; callingPid: 11243; appSwitchState: 1; callingUidHasAnyVisibleWindow: false; callingUidProcState: RECEIVER; isCallingUidPersistentSystemProcess: false; forcedBalByPiSender: BSP.NONE; intent: Intent { act=android.intent.action.CHOOSER flg=0x10000000 cmp=com.android.intentresolver/.ChooserActivityLauncher (has extras) }; callerApp: ProcessRecord{db8939b 11243:com.webui.termux.api/u0a210}; inVisibleTask: false; balAllowedByPiCreator: BSP.ALLOW_BAL; balAllowedByPiCreatorWithHardening: BSP.ALLOW_BAL; resultIfPiCreatorAllowsBal: BAL_BLOCK; hasRealCaller: true; isCallForResult: false; isPendingIntent: false; autoOptInReason: notPendingIntent; realCallingPackage: com.webui.termux.api; realCallingPackageTargetSdk: 28; realCallingUid: 10210; realCallingPid: 11243; realCallingUidHasAnyVisibleWindow: false; realCallingUidProcState: RECEIVER; isRealCallingUidPersistentSystemProcess: false; originatingPendingIntent: null; realCallerApp: ProcessRecord{db8939b 11243:com.webui.termux.api/u0a210}; realInVisibleTask: false; balAllowedByPiSender: BSP.ALLOW_BAL; resultIfPiSenderAllowsBal: BAL_BLOCK; balImproveRealCallerVisibilityCheck: true; balRequireOptInByPendingIntentCreator: true; balRequireOptInSameUid: false; balRespectAppSwitchStateWhenCheckBoundByForegroundUid: true; balDontBringExistingBackgroundTaskStackToFg: true]\n10-01 12:37:21.322  6130  7176 I ActivityTaskManager: START u0 {act=android.intent.action.CHOOSER flg=0x10000000 cmp=com.android.intentresolver/.ChooserActivityLauncher (has extras)} with LAUNCH_MULTIPLE from uid 10210 (BAL_BLOCK) result code=102\n10-01 12:37:24.004   176   176 W auditd  : type=1401 audit(0.0:229): op=security_bounded_transition seresult=denied oldcontext=u:r:su:s0 newcontext=u:r:ksu:s0\n10-01 12:37:31.381  6130  6228 D ActivityManager: freezing 11243 com.webui.termux.api"}
Failed to write while dumping service activity: Broken pipe
{"check":"share-text-saw","result":"topResumedActivity=ActivityRecord{ebec0da u0 com.android.intentresolver/.ChooserActivityLauncher t14}\n{\"context\":\"u:r:su:s0\",\"event\":\"start\",\"names\":[\"sh_text-saw_out\",\"sh_text-saw_in\"],\"uid\":0}\n{\"data\":\"\",\"event\":\"connect\",\"name\":\"sh_text-saw_in\",\"peerContext\":\"u:r:untrusted_app_27:s0:c210,c256,c512,c768\",\"peerPid\":11243,\"peerUid\":10210,\"t\":1790858257110}\n{\"data\":\"\",\"event\":\"connect\",\"name\":\"sh_text-saw_out\",\"peerContext\":\"u:r:untrusted_app_27:s0:c210,c256,c512,c768\",\"peerPid\":11243,\"peerUid\":10210,\"t\":1790858257111}\n10-01 12:37:37.829  6048  6468 D PermissionCache: checking android.permission.INTERNAL_SYSTEM_WINDOW for uid=10107 => denied (850 us)\n10-01 12:37:38.347 11564 11564 D ChooserActivity: onListRebuilt(listAdapter.userHandle=UserHandle{0}, rebuildComplete=true)\n10-01 12:37:38.348  6130  7176 D PermissionCache: checking android.permission.ACCESS_SURFACE_FLINGER for uid=10107 => denied (1627 us)\n10-01 12:37:38.348  6130  7176 D PermissionCache: checking android.permission.ROTATE_SURFACE_FLINGER for uid=10107 => denied (39 us)\n10-01 12:37:38.348  6130  7176 D PermissionCache: checking android.permission.INTERNAL_SYSTEM_WINDOW for uid=10107 => denied (29 us)\n10-01 12:37:38.361 11564 11564 D ChooserActivity: app target loading time 720 ms\n10-01 12:37:38.423  6130  6149 I ActivityTaskManager: Displayed com.android.intentresolver/.ChooserActivityLauncher for user 0: +1s242ms\n10-01 12:37:38.426  6130  6149 V WindowManager: Sent Transition (#21) createdAt=10-01 12:37:37.126 via request=TransitionRequestInfo { type = OPEN, triggerTask = TaskInfo{userId=0 taskId=14 displayId=0 isRunning=true baseIntent=Intent { act=android.intent.action.CHOOSER flg=0x10800000 cmp=com.android.intentresolver/.ChooserActivityLauncher } baseActivity=ComponentInfo{com.android.intentresolver/com.android.intentresolver.ChooserActivity} topActivity=ComponentInfo{com.android.intentresolver/com.android.intentresolver.ChooserActivity} origActivity=ComponentInfo{com.android.intentresolver/com.android.intentresolver.ChooserActivityLauncher} realActivity=ComponentInfo{com.android.intentresolver/com.android.intentresolver.ChooserActivity} numActivities=1 lastActiveTime=740698 supportsMultiWindow=true resizeMode=1 isResizeable=true minWidth=-1 minHeight=-1 defaultMinSize=220 token=WCT{RemoteToken{6221445 Task{896b90b #14 type=standard A=10107:com.android.intentresolver}}} topActivityType=1 pictureInPictureParams=null shouldDockBigOverlays=false launchIntoPipHostTaskId=-1 lastParentTaskIdBeforePip=-1 displayCutoutSafeInsets=null topActivityInfo=ActivityInfo{10dd79a com.android.intentresolver.ChooserActivityLauncher} launchCookies=[] positionInParent=Point(0, 0) parentTaskId=-1 isFocused=false isVisible=false isVisibleRequested=false isSleeping=false locusId=null displayAreaFeatureId=1 isTopActivityTransparent=true appCompatTaskInfo=AppCompatTaskInfo { topActivityInSizeCompat=false topActivityEligibleForLetterboxEducation= falseisLetterboxEducationEnabled= true isLetterboxDoubleTapEnabled= false topActivityEligibleForUserAspectRatioButton= false topActivityBoundsLetterboxed= false isFromLetterboxDoubleTap= false topActivityLetterboxVerticalPosition= -1 topActivityLetterboxHorizontalPosition= -1 topActivityLetterboxWidth=320 topActivityLetterboxHeight=640 isUserFullscreenOverrideEnabled=false isSystemFullscreenOverrideEnabled=false cameraCompatTaskInfo=CameraCompatTaskInfo { cameraCompatControlState=hidden freeformCameraCompatMode=inactive}}}, pipTask = null, remoteTransition = null, displayChange = null, flags = 0, debugId = 21 }\n10-01 12:37:38.440 11564 11564 D ChooserActivity: onShortcutsLoaded for user: UserHandle{0}\n10-01 12:37:38.441 11564 11564 D ChooserActivity: stat to first shortcut time: 739 ms\n10-01 12:37:38.663 11564 11564 D ChooserActivity: onAppTargetsLoaded(listAdapter.userHandle=UserHandle{0})\n10-01 12:37:47.222  6130  6228 D ActivityManager: freezing 11243 com.webui.termux.api"}
Failed to write while dumping service activity: Broken pipe
{"check":"share-file-saw","result":"topResumedActivity=ActivityRecord{e824320 u0 com.android.intentresolver/.ChooserActivityLauncher t15}\n{\"context\":\"u:r:su:s0\",\"event\":\"start\",\"names\":[\"sh_file-saw_out\",\"sh_file-saw_in\"],\"uid\":0}\n{\"data\":\"\",\"event\":\"connect\",\"name\":\"sh_file-saw_out\",\"peerContext\":\"u:r:untrusted_app_27:s0:c210,c256,c512,c768\",\"peerPid\":11243,\"peerUid\":10210,\"t\":1790858272857}\n10-01 12:37:53.211 11564 11564 D ChooserActivity: getDisplayResolveInfoCount() == 0\n10-01 12:37:53.211 11564 11564 I ResolverListAdapter: Add DisplayResolveInfo component: ComponentInfo{com.google.android.apps.docs/com.google.android.apps.docs.common.shareitem.UploadMenuActivity}, intent component: ComponentInfo{com.google.android.apps.docs/com.google.android.apps.docs.common.shareitem.UploadMenuActivity}\n10-01 12:37:53.211 11564 11564 I ResolverListAdapter: Add DisplayResolveInfo component: ComponentInfo{com.google.android.apps.messaging/com.google.android.apps.messaging.ui.conversationlist.ShareIntentActivity}, intent component: ComponentInfo{com.google.android.apps.messaging/com.google.android.apps.messaging.ui.conversationlist.ShareIntentActivity}\n10-01 12:37:53.223  6130  7174 D CoreBackPreview: Window{4bcb450 u0 com.android.intentresolver/com.android.intentresolver.ChooserActivityLauncher}: Setting back callback OnBackInvokedCallbackInfo{mCallback=android.window.IOnBackInvokedCallback$Stub$Proxy@45a2b4e, mPriority=0, mIsAnimationCallback=false}\n10-01 12:37:53.729 11564 11564 D ChooserActivity: onListRebuilt(listAdapter.userHandle=UserHandle{0}, rebuildComplete=true)\n10-01 12:37:53.731 11564 11564 D ChooserActivity: app target loading time 714 ms\n10-01 12:37:53.762  6130  6149 I ActivityTaskManager: Displayed com.android.intentresolver/.ChooserActivityLauncher for user 0: +875ms\n10-01 12:37:53.765  6130  6149 V WindowManager: Sent Transition (#23) createdAt=10-01 12:37:52.867 via request=TransitionRequestInfo { type = OPEN, triggerTask = TaskInfo{userId=0 taskId=15 displayId=0 isRunning=true baseIntent=Intent { act=android.intent.action.CHOOSER flg=0x10800000 cmp=com.android.intentresolver/.ChooserActivityLauncher } baseActivity=ComponentInfo{com.android.intentresolver/com.android.intentresolver.ChooserActivity} topActivity=ComponentInfo{com.android.intentresolver/com.android.intentresolver.ChooserActivity} origActivity=ComponentInfo{com.android.intentresolver/com.android.intentresolver.ChooserActivityLauncher} realActivity=ComponentInfo{com.android.intentresolver/com.android.intentresolver.ChooserActivity} numActivities=1 lastActiveTime=756452 supportsMultiWindow=true resizeMode=1 isResizeable=true minWidth=-1 minHeight=-1 defaultMinSize=220 token=WCT{RemoteToken{ccc5626 Task{8aa84d9 #15 type=standard A=10107:com.android.intentresolver}}} topActivityType=1 pictureInPictureParams=null shouldDockBigOverlays=false launchIntoPipHostTaskId=-1 lastParentTaskIdBeforePip=-1 displayCutoutSafeInsets=null topActivityInfo=ActivityInfo{ca47267 com.android.intentresolver.ChooserActivityLauncher} launchCookies=[] positionInParent=Point(0, 0) parentTaskId=-1 isFocused=false isVisible=false isVisibleRequested=false isSleeping=false locusId=null displayAreaFeatureId=1 isTopActivityTransparent=true appCompatTaskInfo=AppCompatTaskInfo { topActivityInSizeCompat=false topActivityEligibleForLetterboxEducation= falseisLetterboxEducationEnabled= true isLetterboxDoubleTapEnabled= false topActivityEligibleForUserAspectRatioButton= false topActivityBoundsLetterboxed= false isFromLetterboxDoubleTap= false topActivityLetterboxVerticalPosition= -1 topActivityLetterboxHorizontalPosition= -1 topActivityLetterboxWidth=320 topActivityLetterboxHeight=640 isUserFullscreenOverrideEnabled=false isSystemFullscreenOverrideEnabled=false cameraCompatTaskInfo=CameraCompatTaskInfo { cameraCompatControlState=hidden freeformCameraCompatMode=inactive}}}, pipTask = null, remoteTransition = null, displayChange = null, flags = 0, debugId = 23 }\n10-01 12:37:53.808 11564 11564 D ChooserActivity: onAppTargetsLoaded(listAdapter.userHandle=UserHandle{0})\n10-01 12:37:53.808 11564 11564 D ChooserActivity: onShortcutsLoaded for user: UserHandle{0}\n10-01 12:37:53.809 11564 11564 D ChooserActivity: stat to first shortcut time: 627 ms\n10-01 12:38:03.196  6130  6228 D ActivityManager: freezing 11243 com.webui.termux.api"}
app uid: 10210
