flutter: LIFECYCLE start pid=3447 VOLATILE=1 DATA=/tmp/aera/plugin-data/lifecycle-probe
flutter: POINTER down 1 dev=0 Offset(205.7, 477.1)
flutter: POINTER up 1 dev=0 Offset(205.7, 477.1)
flutter: LIFECYCLE tap count=1
flutter: POINTER down 2 dev=0 Offset(201.1, 482.9)
flutter: POINTER up 2 dev=0 Offset(201.1, 482.9)
flutter: LIFECYCLE tap count=2
flutter: LIFECYCLE back count=2
flutter: LIFECYCLE inactive count=2
flutter: LIFECYCLE hidden count=2
flutter: LIFECYCLE paused count=2
flutter: LIFECYCLE hidden count=2
flutter: LIFECYCLE inactive count=2
flutter: LIFECYCLE resumed count=2
flutter: LIFECYCLE inactive count=2
flutter: LIFECYCLE hidden count=2
flutter: LIFECYCLE paused count=2
flutter: LIFECYCLE hidden count=2
flutter: LIFECYCLE inactive count=2
flutter: LIFECYCLE resumed count=2
