10-02 06:51:59.592    93   111 I AERA UI : AERA Recovery Project native engine active; hardware Back and edge swipe use navigation history
10-02 06:52:00.023   175   175 I getprop : type=1400 audit(0.0:282): avc:  denied  { open } for  path="/dev/__properties__/u:object_r:device_config_edgetpu_native_prop:s0" dev="tmpfs" ino=114 scontext=u:r:recovery:s0 tcontext=u:object_r:device_config_edgetpu_native_prop:s0 tclass=file permissive=1
10-02 06:52:00.023   175   175 I getprop : type=1400 audit(0.0:283): avc:  denied  { getattr } for  path="/dev/__properties__/u:object_r:device_config_edgetpu_native_prop:s0" dev="tmpfs" ino=114 scontext=u:r:recovery:s0 tcontext=u:object_r:device_config_edgetpu_native_prop:s0 tclass=file permissive=1
10-02 06:52:00.023   175   175 I getprop : type=1400 audit(0.0:284): avc:  denied  { map } for  path="/dev/__properties__/u:object_r:device_config_edgetpu_native_prop:s0" dev="tmpfs" ino=114 scontext=u:r:recovery:s0 tcontext=u:object_r:device_config_edgetpu_native_prop:s0 tclass=file permissive=1
10-02 06:52:53.498    93   111 D AERA UI : touch released at 619,1277
10-02 06:52:57.173    93   111 D AERA UI : touch released at 609,1285
10-02 06:53:00.941    93   111 D AERA UI : touch released at 679,1277
10-02 06:53:04.620    93   111 D AERA UI : touch released at 673,1285
10-02 06:53:11.405    93   111 D AERA UI : touch released at 620,1278
10-02 07:02:42.296    93   111 D AERA UI : touch released at 360,263
10-02 07:02:52.012    93   111 D AERA UI : touch released at 360,460
10-02 07:03:01.691    93   111 D AERA UI : touch released at 360,657
10-02 07:03:11.287    93   111 D AERA UI : touch released at 360,854
10-02 07:05:41.570    93   111 D AERA UI : touch released at 360,1000
10-02 07:05:42.775    93   111 D AERA UI : touch released at 350,1012
10-02 07:05:46.461    93   111 D AERA UI : touch released at 360,1040
10-02 07:05:55.465    93   111 D AERA UI : touch released at 360,790
10-02 07:07:39.669    93   111 D AERA UI : touch released at 360,1040
10-02 07:07:47.157    93   111 D AERA UI : touch released at 360,790
10-02 07:08:25.482    93   111 D AERA UI : touch released at 361,791
10-02 07:09:02.980    93   111 D AERA UI : touch released at 354,1007
10-02 07:09:06.422    93   111 D AERA UI : touch released at 354,1007
10-02 07:09:09.867    93   111 D AERA UI : touch released at 354,1007
10-02 07:09:17.629    93   111 D AERA UI : touch released at 378,660
10-02 07:09:25.210    93   111 D AERA UI : touch released at 378,660
10-02 07:09:32.795    93   111 D AERA UI : touch released at 378,660
10-02 07:10:09.284    93   111 D AERA UI : touch released at 360,1000
10-02 07:10:10.495    93   111 D AERA UI : touch released at 352,1010
10-02 07:10:30.808    93   111 I AERA UI : left-edge Back gesture accepted
10-02 07:10:30.808    93   111 D AERA UI : touch released at 228,706
10-02 07:11:15.178    93   111 D AERA UI : touch released at 360,1000
10-02 07:11:16.379    93   111 D AERA UI : touch released at 352,1010
10-02 07:11:36.649    93   111 I AERA UI : left-edge Back gesture accepted
10-02 07:11:36.649    93   111 D AERA UI : touch released at 228,706
