yes: standard output: Broken pipe
Auto-selecting single ABI x86_64
Do you wish to create a custom hardware profile? [no] lab.avd
lab.ini
emulator Android emulator version 37.1.11.0 (build_id 15917651) (CL:N/A)
* daemon not running; starting now at tcp:5037
* daemon started successfully
booted in 60s: google/sdk_gphone64_x86_64/emu64xa:15/AE3A.240806.043/12960925:userdebug/dev-keys
kernel 6.6.50-android15-8-g8adecb593e9b-ab12525588 -> kmi android15-6.6; tiann/KernelSU v3.3.0
total 16428
drwx------  2 runner runner     4096 Oct  1 10:03 .
drwxrwxrwt 16 root   root       4096 Oct  1 10:03 ..
-rw-r--r--  1 runner runner 10777987 Oct  1 10:03 KernelSU_v3.3.0_32601-release.apk
-rw-r--r--  1 runner runner  5713312 Oct  1 10:03 ksud-x86_64-linux-android
-rw-r--r--  1 runner runner   318824 Oct  1 10:03 lkm-x86_64-android15-6.6_kernelsu.ko
== manager installed (me.weishu.kernelsu)
/tmp/tmp.8hkF39Rm0h/lkm-x86_64-android15-6.6_kernelsu.ko: 1 file pushed, 0 skipped. 3.1 MB/s (318824 bytes in 0.099s)
/tmp/tmp.8hkF39Rm0h/ksud-x86_64-linux-android: 1 file pushed, 0 skipped. 57.3 MB/s (5713312 bytes in 0.095s)
== ksud: ksud 3.3.0 (uapi: 2)
== ksud late-load: rc=0
== ksud insmod /data/adb/kernelsu.ko: Error: load module failed: /data/adb/kernelsu.ko

Caused by:
    0: init_module failed without vermagic mismatch
    1: File exists (os error 17)
rc=1
kernelsu              159744  0 
== lsmod: kernelsu              159744  0 
KernelSU_v3.3.0_32601-release.apk
ksud-aarch64-apple-darwin
ksud-aarch64-linux-android
ksud-aarch64-unknown-linux-musl
ksud-x86_64-apple-darwin
ksud-x86_64-linux-android
ksud-x86_64-pc-windows-gnu.exe
ksud-x86_64-unknown-linux-musl
ksuinit-aarch64
ksuinit-x86_64
lkm-aarch64-android12-5.10_kernelsu.ko
lkm-aarch64-android13-5.10_kernelsu.ko
lkm-aarch64-android13-5.15_kernelsu.ko
lkm-aarch64-android14-5.15_kernelsu.ko
lkm-aarch64-android14-6.1_kernelsu.ko
lkm-aarch64-android15-6.6_kernelsu.ko
lkm-aarch64-android16-6.12_kernelsu.ko
lkm-aarch64-android17-6.18_kernelsu.ko
lkm-x86_64-android12-5.10_kernelsu.ko
lkm-x86_64-android13-5.10_kernelsu.ko
lkm-x86_64-android13-5.15_kernelsu.ko
lkm-x86_64-android14-5.15_kernelsu.ko
lkm-x86_64-android14-6.1_kernelsu.ko
lkm-x86_64-android15-6.6_kernelsu.ko
lkm-x86_64-android16-6.12_kernelsu.ko
lkm-x86_64-android17-6.18_kernelsu.ko
== no metamodule asset in tiann/KernelSU v3.3.0
/home/runner/work/devicelab/devicelab/modules/probe/./: 2 files pushed, 0 skipped. 0.0 MB/s (1474 bytes in 0.055s)
== modules: [
  {
    "mount": "false",
    "version": "1",
    "update": "false",
    "web": "true",
    "id": "devicelab_probe",
    "author": "p0g-stack",
    "name": "devicelab probe",
    "versionCode": "1",
    "description": "Observation module for devicelab. Its WebUI page is driven over DevTools.",
    "enabled": "true",
    "remove": "false",
    "action": "false"
  }
]
SELinux: Loaded file context from:
		/system/etc/selinux/plat_file_contexts
		/system_ext/etc/selinux/system_ext_file_contexts
		/vendor/etc/selinux/vendor_file_contexts
ERROR: null root node returned by UiTestAutomationBridge.
cat: /data/local/tmp/ui.xml: No such file or directory
== home text: 
== manager activities: me.weishu.kernelsu/.magica.BootCompletedReceiver me.weishu.kernelsu/.ui.MainActivity me.weishu.kernelsu/androidx.core.content.FileProvider me.weishu.kernelsu/androidx.profileinstaller.ProfileInstallReceiver me.weishu.kernelsu/androidx.startup.InitializationProvider 
inputs/modules/flutter_webui_counter-0.1.5.zip: 1 file pushed, 0 skipped. 113.3 MB/s (21434766 bytes in 0.180s)
== install flutter_webui_counter-0.1.5.zip
  inflating: webroot/fonts/notocoloremoji/v32/Yq6P-KqIXTD0t4D9z1ESnKM3-HpFabsE4tq3luCC7p-aXxcn.3.woff2
  inflating: webroot/fonts/notocoloremoji/v32/Yq6P-KqIXTD0t4D9z1ESnKM3-HpFabsE4tq3luCC7p-aXxcn.8.woff2
  inflating: webroot/fonts/notocoloremoji/v32/Yq6P-KqIXTD0t4D9z1ESnKM3-HpFabsE4tq3luCC7p-aXxcn.2.woff2
   creating: webroot/fonts/notosansmath/
   creating: webroot/fonts/notosansmath/v15/
  inflating: webroot/fonts/notosansmath/v15/7Aump_cpkSecTWaHRlH2hyV5UHkD-V048PW0.woff2
   creating: webroot/fonts/roboto/
   creating: webroot/fonts/roboto/v32/
  inflating: webroot/fonts/roboto/v32/KFOmCnqEu92Fr1Me4GZLCzYlKw.woff2
  inflating: webroot/.last_build_id
  inflating: webroot/config.json
  inflating: webroot/flutter_webui.js
  inflating: customize.sh
- Done
- Module installed successfully!
inputs/modules/counter-v1.0.0.zip: 1 file pushed, 0 skipped. 134.5 MB/s (6582359 bytes in 0.047s)
== install counter-v1.0.0.zip
  inflating: webroot/canvaskit/chromium/canvaskit.wasm
  inflating: webroot/config.json
  inflating: webroot/favicon.png
  inflating: webroot/flutter.js
  inflating: webroot/flutter_bootstrap.js
  inflating: webroot/icons/Icon-192.png
  inflating: webroot/icons/Icon-512.png
  inflating: webroot/icons/Icon-maskable-192.png
  inflating: webroot/icons/Icon-maskable-512.png
  inflating: webroot/index.html
  inflating: webroot/main.dart.js
  inflating: webroot/manifest.json
  inflating: webroot/version.json
- Done
- Module installed successfully!
inputs/modules/demo-v0.1.0.zip: 1 file pushed, 0 skipped. 99.9 MB/s (24310021 bytes in 0.232s)
== install demo-v0.1.0.zip
  inflating: webroot/icons/Icon-512.png
  inflating: webroot/icons/Icon-maskable-192.png
  inflating: webroot/icons/Icon-maskable-512.png
  inflating: webroot/index.html
  inflating: webroot/main.dart.js
  inflating: webroot/manifest.json
  inflating: webroot/pkg/.gitignore
  inflating: webroot/pkg/demo_native.js
  inflating: webroot/pkg/demo_native_bg.wasm
  inflating: webroot/pkg/package.json
  inflating: webroot/version.json
  inflating: webroot/workers/demo_service.web.g.dart.js
  inflating: webroot/workers/hello_service.web.g.dart.js
- Done
- Module installed successfully!
/home/runner/work/devicelab/devicelab/app_plane.zip: 1 file pushed, 0 skipped. 227.1 MB/s (4528178 bytes in 0.019s)
== install app_plane.zip
Archive:  /data/local/tmp/m.zip
- Extracting module files
Archive:  /data/local/tmp/m.zip
  inflating: post-fs-data.sh
  inflating: module.prop
   creating: system/
   creating: system/product/
   creating: system/product/app/
   creating: system/product/app/WebuiTermuxApi/
  inflating: system/product/app/WebuiTermuxApi/WebuiTermuxApi.apk
  inflating: service.sh
  inflating: sockprobe
- Handle partition /product
- Done
- Module installed successfully!
== soft-reboot: 
== after soft-reboot (65s): [
  {
    "enabled": "true",
    "version": "1",
    "update": "false",
    "web": "true",
    "id": "devicelab_probe",
    "description": "Observation module for devicelab. Its WebUI page is driven over DevTools.",
    "remove": "false",
    "versionCode": "1",
    "author": "p0g-stack",
    "action": "false",
    "name": "devicelab probe",
    "mount": "false"
  },
  {
    "update": "false",
    "version": "0.1.5",
    "mount": "false",
    "author": "p0g-stack",
    "id": "flutter_webui_counter",
    "remove": "false",
    "enabled": "true",
    "web": "true",
    "action": "false",
    "versionCode": "6",
    "name": "flutter-webui Counter",
    "description": "Stock Flutter counter app on flutter-webui (devicelab bring-up build)."
  },
  {
    "versionCode": "1",
    "id": "counter",
    "author": "Yuv",
    "enabled": "true",
    "action": "false",
    "name": "Counter",
    "web": "true",
    "update": "false",
    "remove": "false",
    "mount": "false",
    "version": "v1.0.0",
    "description": "A new Flutter project."
  },
  {
    "name": "Demo",
    "version": "v0.1.0",
    "action": "false",
    "id": "demo",
    "versionCode": "1",
    "web": "true",
    "enabled": "true",
    "mount": "false",
    "description": "The demo GUI. Flutter on top of the core.",
    "author": "",
    "update": "false",
    "remove": "false"
  },
  {
    "author": "p0g-stack",
    "action": "false",
    "name": "devicelab app plane",
    "description": "webui-termux-api as a system a
total 56
drwxrwxrwx 7 root root 4096 2026-10-01 10:05 .
drwx------ 5 root root 4096 2026-10-01 10:04 ..
drwxr-xr-x 3 root root 4096 2026-10-01 10:05 counter
drwxr-xr-x 5 root root 4096 2026-10-01 10:05 demo
drwxr-xr-x 4 root root 4096 2026-10-01 10:05 devicelab_app_plane
drwxr-xr-x 3 root root 4096 2026-10-01 10:04 devicelab_probe
drwxr-xr-x 4 root root 4096 2026-10-01 10:04 flutter_webui_counter
/home/runner/work/devicelab/devicelab/out/labserver: 1 file pushed, 0 skipped. 72.2 MB/s (7843260 bytes in 0.104s)
Starting: Intent { cmp=me.weishu.kernelsu/.ui.webui.WebUIActivity (has extras) }
Status: ok
Activity: me.weishu.kernelsu/.ui.webui.WebUIActivity








Segmentation fault 
intent path: no page; manager log:
ui: dismissed ANR dialog
ui: tapped 'Module' at 200,584
ui: tapped 160,152
[0,0][320,640] devicelab probe | search | Clean | Cancel | devicelab probe | Version: 1 | Author: p0g-stack | Observation module for de
[12,40][235,88] devicelab probe | search | Clean
[185,40][233,88] Clean
[251,40][304,88] Cancel
[12,98][308,267] devicelab probe | Version: 1 | Author: p0g-stack | Observation module for devicelab. Its WebUI page is driven over DevTo
[243,116][292,164] 
[28,210][110,258] Open | Open
[186,210][292,258] Uninstall
[0,552][80,616] Home
[80,552][160,616] Superuser
[240,552][320,616] Settings
ui: tapped 'Open' at 69,234


https://mui.kernelsu.org/index.html
    * Hist  #1: ActivityRecord{cf4a922 u0 me.weishu.kernelsu/.ui.webui.WebUIActivity t12}
      packageName=me.weishu.kernelsu processName=me.weishu.kernelsu
      launchedFromUid=10209 launchedFromPackage=me.weishu.kernelsu launchedFromFeature=null userId=0
      app=ProcessRecord{9f4f778 7750:me.weishu.kernelsu/u0a209}
      Intent { dat=ksu://webui?id=devicelab_probe&token=f1244ddc3c415ed212a33eda9bc818504b2376cd59a2fa955a43ff117d3ecbc5 flg=0x80000 cmp=me.weishu.kernelsu/.ui.webui.WebUIActivity }
opened: ui
{"check":"targets","result":[{"socket": "webview_devtools_remote_7750", "type": "page", "url": "https://mui.kernelsu.org/index.html", "title": "devicelab probe"}]}
{"check":"globals","result":{"url":"https://mui.kernelsu.org/index.html","socket":"webview_devtools_remote_7750","value":{"ua":"Mozilla/5.0 (Linux; Android 15; sdk_gphone64_x86_64 Build/AE3A.240806.043; wv) AppleWebKit/537.36 (KHTML, like Gecko) Version/4.0 Chrome/124.0.6367.219 Mobile Safari/537.36","origin":"https://mui.kernelsu.org","href":"https://mui.kernelsu.org/index.html","globals":["ksu"],"ksu":["enableEdgeToEdge","exec","exit","fullScreen","getPackagesInfo","listPackages","moduleInfo","spawn","toast","enableEdgeToEdge","exec","exit","fullScreen","getPackagesInfo","listPackages","moduleInfo","spawn","toast"]}}}
{"check":"ksu-exec","result":{"url":"https://mui.kernelsu.org/index.html","socket":"webview_devtools_remote_7750","value":{"code":0,"out":"uid=0(root) gid=0(root) groups=0(root) context=u:r:ksu:s0\nu:r:ksu:s0\u0000","err":""}}}
{"check":"ws-loopback","result":{"url":"https://mui.kernelsu.org/index.html","socket":"webview_devtools_remote_7750","value":{"got":["{\"origin\":\"https://mui.kernelsu.org\",\"peerUid\":10209,\"remote\":\"127.0.0.1:49958\",\"serverUid\":0,\"t\":1790849254803,\"uidSource\":\"/proc/net/tcp\"}","hi"],"ms":281}}}
{"check":"fetch-loopback","result":{"url":"https://mui.kernelsu.org/index.html","socket":"webview_devtools_remote_7750","value":{"origin":"https://mui.kernelsu.org","peerUid":10209,"remote":"127.0.0.1:50782","serverUid":0,"t":1790849255274,"uidSource":"/proc/net/tcp"}}}
{"check":"webview-uid","result":["webview_zygote 1053 webview_zygote", "u0_a209      10209 me.weishu.kernelsu", "u0_a153      10153 com.google.android.webview:webview_service", "u0_i9000     99000 com.google.android.webview:sandboxed_process0:org.chromium.content.app.SandboxedProcessService0:0", "u0_a153      10153 com.google.android.webview:webview_apk"]}
{"check":"while-home-heartbeat","result":{"url":"https://mui.kernelsu.org/index.html","socket":"webview_devtools_remote_7750","value":{"now":15129,"vis":"hidden"}}}
{"check":"lifecycle","result":{"url":"https://mui.kernelsu.org/index.html","socket":"webview_devtools_remote_7750","value":{"events":[{"type":"pageshow","t":2278,"vis":"visible"},{"type":"visibilitychange","t":8670,"vis":"hidden"},{"type":"visibilitychange","t":18835,"vis":"visible"}],"gaps":[{"from":9306,"ms":1001,"vis":"hidden"},{"from":13305,"ms":1000,"vis":"hidden"},{"from":14306,"ms":1000,"vis":"hidden"},{"from":15306,"ms":1001,"vis":"hidden"},{"from":16307,"ms":1006,"vis":"hidden"}],"slow":{"heldMs":3001,"sentAt":1790849259113,"resolvedAt":1790849259124,"vis":"hidden"}}}}
{"check":"dev-url","result":{"url":"http://127.0.0.1:8090/index.html","socket":"webview_devtools_remote_7750","value":{"href":"http://127.0.0.1:8090/index.html","ksu":"object","webui":"undefined","globals":["ksu"],"exec":{"code":0,"out":"uid=0(root) gid=0(root) groups=0(root) context=u:r:ksu:s0","err":""}}}}
Starting: Intent { cmp=me.weishu.kernelsu/.ui.webui.WebUIActivity (has extras) }
Status: ok
Activity: me.weishu.kernelsu/.ui.webui.WebUIActivity








Segmentation fault 
Status: ok
https://mui.kernelsu.org/index.html
token found in manager data: f1244ddc3c415ed212a33eda9bc818504b2376cd59a2fa955a43ff117d3ecbc5
opened: intent-token
{"check":"targets","result":[{"type": null, "url": null, "title": null}, {"type": "page", "url": "https://mui.kernelsu.org/index.html", "title": "Flutter Demo"}]}
{"check":"page","result":{"url":"https://mui.kernelsu.org/index.html","socket":"webview_devtools_remote_9318","value":{"href":"https://mui.kernelsu.org/index.html","title":"Flutter Demo","ready":"complete","flutter":true,"glass":true,"nav":{"dcl":1136,"load":3014},"paint":{"first-paint":2350,"first-contentful-paint":6868},"glassAt":"present","firstFrame":null,"insets":"24px","vv":[320,640,1]}}}
{"check":"java-exceptions","result":["10-01 10:08:36.292  6867  7621 E dqod    : \tat dqra.run(PG:30)", "10-01 10:08:36.292  6867  7621 E dqod    : \tat dqqd.execute(PG:1)", "10-01 10:08:36.292  6867  7621 E dqod    : \tat dqod.o(PG:1)", "10-01 10:08:36.292  6867  7621 E dqod    : \tat dqod.b(PG:41)", "10-01 10:08:36.292  6867  7621 E dqod    : \tat dqrh.s(PG:9)", "10-01 10:08:36.292  6867  7621 E dqod    : \tat dksz.l(PG:5)", "10-01 10:08:36.292  6867  7621 E dqod    : \tat cyat.a(PG:138)", "10-01 10:08:36.292  6867  7621 E dqod    : \tat bilp.a(PG:29)", "10-01 10:08:36.292  6867  7621 E dqod    : \tat cwzc.r(PG:24)", "10-01 10:08:36.292  6867  7621 E dqod    : \tat cwws.a(PG:5)", "--", "10-01 10:08:36.292  6867  7621 E dqod    : RuntimeException while executing runnable dqra{dkqj@a7a61b9} with executor MoreExecutors.directExecutor()", "10-01 10:08:36.292  6867  7621 E dqod    : java.lang.NullPointerException: Attempt to read from field 'java.lang.String cwru.b' on a null object reference in method 'void cyar.b(java.lang.Object)'", "10-01 10:08:36.292  6867  7621 E dqod    : \tat cyar.b(PG:11)", "10-01 10:08:36.292  6867  7621 E dqod    : \tat dkqj.b(PG:13)", "10-01 10:08:36.292  6867  7621 E dqod    : \tat dqra.run(PG:30)", "10-01 10:08:36.292  6867  7621 E dqod    : \tat dqqd.execute(PG:1)", "10-01 10:08:36.292  6867  7621 E dqod    : \tat dqod.o(PG:1)", "10-01 10:08:36.292  6867  7621 E dqod    : \tat dqod.b(PG:41)", "10-01 10:08:36.292  6867  7621 E dqod    : \tat dqrh.s(PG:9)", "10-01 10:08:36.292  6867  7621 E dqod    : \tat dksz.l(PG:5)", "10-01 10:08:36.292  6867  7621 E dqod    : \tat cyat.a(PG:138)", "10-01 10:08:36.292  6867  7621 E dqod    : \tat bilp.a(PG:29)", "10-01 10:08:36.292  6867  7621 E dqod    : \tat cwzc.r(PG:24)", "10-01 10:08:36.292  6867  7621 E dqod    : \tat cwws.a(PG:5)", "--", "10-01 10:08:36.293  6867  7621 E dqod    : RuntimeException while executing runnable dqra{dkqj@7e9755f} with executor MoreExecutors.directExecutor()", "10-01 10:08:36.293  6867  7621 E dqod    : java.lang.NullPointerException: Attempt to read from field 'java.lang.String cwru.b' on a null object reference in method 'void cyar.b(java.lang.Object)'", "10-01 10:08:36.293  6867  7621 E dqod    : \tat cyar.b(PG:11)", "10-01 10:08:36.293  6867  7621 E dqod    : \tat dkqj.b(PG:13)", "10-01 10:08:36.293  6867  7621 E dqod    : \tat dqra.run(PG:30)", "10-01 10:08:36.293  6867  7621 E dqod    : \tat dqqd.execute(PG:1)", "10-01 10:08:36.293  6867  7621 E dqod    : \tat dqod.o(PG:1)", "10-01 10:08:36.293  6867  7621 E dqod    : \tat dqod.b(PG:41)", "10-01 10:08:36.293  6867  7621 E dqod    : \tat dqrh.s(PG:9)", "10-01 10:08:36.293  6867  7621 E dqod    : \tat dksz.l(PG:5)", "10-01 10:08:36.293  6867  7621 E dqod    : \tat cyat.a(PG:138)", "10-01 10:08:36.293  6867  7621 E dqod    : \tat bilp.a(PG:29)", "10-01 10:08:36.293  6867  7621 E dqod    : \tat cwzc.r(PG:24)", "10-01 10:08:36.293  6867  7621 E dqod    : \tat cwws.a(PG:5)"]}
{"check":"console-errors","result":["--------- beginning of main", "10-01 10:08:12.589  9318  9433 E chromium: [1001/100812.583880:ERROR:variations_seed_loader.cc(37)] Seed missing signature.", "10-01 10:08:12.589  9318  9433 I chromium: [1001/100812.589846:INFO:variations_seed_loader.cc(66)] Failed to open file for reading.: No such file or directory (2)", "10-01 10:08:13.084  9439  9457 W chromium: [WARNING:runtime_features.cc(694)] SharedStorage for M118+ cannot be enabled in this configuration. Use --enable-features=SharedStorageAPI,SharedStorageAPIM118 in addition.", "10-01 10:08:13.084  9439  9457 W chromium: [WARNING:runtime_features.cc(730)] AttributionReportingCrossAppWeb cannot be enabled in this configuration. Use --enable-features=ConversionMeasurement,AttributionReportingCrossAppWeb in addition.", "10-01 10:08:13.492  9439  9457 I chromium: [INFO:viewport_data.cc(133)] E2E_Used ViewportFitCover", "10-01 10:08:14.081  9318  9318 I chromium: [INFO:CONSOLE(3)] \"Injecting <script> tag. Using callback.\", source: https://mui.kernelsu.org/flutter_bootstrap.js (3)"]}
{"check":"first-frame-warm","result":{"url":"https://mui.kernelsu.org/index.html","socket":"webview_devtools_remote_9318","value":{"firstFrameMs":735,"now":15057,"flutter":true,"resizes":[],"paint":{"first-paint":665,"first-contentful-paint":1950},"calls":[[51,"at-preload","ksu:undefined webui:undefined"],[54,"ksu-defined"],[64,"wrap-failed","exec"],[77,"wrap-failed","spawn"],[79,"wrap-failed","moduleInfo"],[82,"wrap-failed","fullScreen"],[84,"wrap-failed","enableEdgeToEdge"],[85,"wrap-failed","toast"],[85,"wrap-failed","exit"]],"resources":[["/internal/insets.css",46,87,"link",0],["/flutter_webui.css",47,106,"link",0],["/flutter_webui.js",47,110,"script",0],["/flutter_bootstrap.js",47,101,"script",0],["/canvaskit/chromium/canvaskit.wasm",153,299,"fetch",0],["/canvaskit/chromium/canvaskit.js",153,196,"other",0],["/main.dart.js",154,236,"script",0],["/assets/FontManifest.json",534,565,"fetch",0],["/favicon.ico",554,568,"other",0],["/assets/fonts/MaterialIcons-Regular.otf",566,591,"fetch",0],["/assets/packages/cupertino_icons/assets/CupertinoIcons.ttf",567,599,"fetch",0],["/assets/fonts/fallback/Roboto-Regular.ttf",567,603,"fetch",0]],"marks":[["flutter_webui:register",606],["flutter_webui:registered",612],["flutter_webui:first-frame",735]],"measures":[],"fonts":[]}}}
{"check":"root-start","result":{"url":"https://mui.kernelsu.org/index.html","socket":"webview_devtools_remote_9318","value":{"code":0,"out":"","err":"","ms":245}}}
{"check":"session","result":{"url":"https://mui.kernelsu.org/index.html","socket":"webview_devtools_remote_9318","value":{"status":200,"ms":155,"protocol":1,"version":"0.1.0","port":40511,"pid":9618,"tokenLen":43}}}
{"check":"ws-hello","result":{"url":"https://mui.kernelsu.org/index.html","socket":"webview_devtools_remote_9318","value":{"first":"{\"op\":\"hello\",\"protocol\":1,\"version\":\"0.1.0\",\"pid\":9618,\"boot\":\"063d0080-a85e-45c7-9ae5-1fc698ebae43\",\"uid\":0,\"moduleDir\":\"/data/adb/modules/flutter_webui_counter\"}"}}}
{"check":"channel-process","result":"USER           UID LABEL                            PID NAME                       \nroot             0 u:r:ksu:s0                      9618 ld-linux-x86-64.so.2\nexe=/data/adb/modules/flutter_webui_counter/flutter_webui/x86_64/ld-linux-x86-64.so.2\n/data/adb/modules/flutter_webui_counter/flutter_webui/x86_64/ld-linux-x86-64.so.2 --library-path /data/adb/modules/flutter_webui_counter/flutter_webui/x86_64 /data/adb/modules/flutter_webui_counter/flutter_webui/x86_64/dartaotruntime /data/adb/modules/flutter_webui_counter/flutter_webui/x86_64/flutter_webui_root.aot serve --module-dir /data/adb/modules/flutter_webui_counter \narm64-v8a\nroot\nx86_64\n/data/adb/modules/flutter_webui_counter/flutter_webui/arm64-v8a:\ndartaotruntime\nflutter_webui_root.aot\nld-linux-aarch64.so.1\nlibc.so.6\nlibdl.so.2\nlibm.so.6\nlibpthread.so.0\n\n/data/adb/modules/flutter_webui_counter/flutter_webui/x86_64:\ndartaotruntime\nflutter_webui_root.aot\nld-linux-x86-64.so.2\nlibc.so.6\nlibdl.so.2\nlibm.so.6\nlibpthread.so.0"}
{"check":"root-log","result":"2026-10-01T10:09:04.379525 listening on 127.0.0.1:40511"}
{"check":"session-mode","result":"total 44\ndrwx--x--x 3 root root 4096 2026-10-01 10:09 .\ndrwxr-xr-x 7 root root 4096 2026-10-01 10:09 ..\n-rw------- 1 root root    0 2026-10-01 10:09 lock\ndrwx------ 2 root root 4096 2026-10-01 10:09 proc\n-rw------- 1 root root   56 2026-10-01 10:09 root.log\n-rw-r--r-- 1 root root  196 2026-10-01 10:09 session.json"}
{"check":"home-resume","result":{"url":"https://mui.kernelsu.org/index.html","socket":"webview_devtools_remote_9318","value":{"events":[["visibilitychange","hidden",19343],["visibilitychange","visible",26479]],"ticks":20,"vis":"visible","hasFocus":false}}}
{"check":"before-back","result":{"url":"https://mui.kernelsu.org/index.html","socket":"webview_devtools_remote_9318","value":{"historyLength":2,"historyState":"{\"flutter\":true}","href":"https://mui.kernelsu.org/index.html","typeofWebui":"undefined","typeofWebuiExit":"undefined","typeofKsuExit":"function","webuiKeys":null,"wrapped":"no webui.exit"}}}
{"check":"back-events","result":{"error":"no page target","sockets":["webview_devtools_remote_6786","webview_devtools_remote_9318"],"targets":[]}}
{"check":"back-console","result":["10-01 10:09:17.094  5824  7490 I ActivityManager: Killing 9439:com.google.android.webview:sandboxed_process0:org.chromium.content.app.SandboxedProcessService0:0/u0a209i2 (adj 0): isolated not needed", "10-01 10:09:17.095  9318  9318 E chromium: [ERROR:aw_browser_terminator.cc(154)] Renderer process (9439) crash detected (code -1)."]}
{"check":"back-at-root","result":"topResumedActivity=ActivityRecord{ed03fe0 u0 com.google.android.apps.nexuslauncher/.NexusLauncherActivity t10}"}
Starting: Intent { cmp=me.weishu.kernelsu/.ui.webui.WebUIActivity (has extras) }
Status: ok
Activity: me.weishu.kernelsu/.ui.webui.WebUIActivity








Segmentation fault 
Status: ok

https://mui.kernelsu.org/index.html
token found in manager data: f1244ddc3c415ed212a33eda9bc818504b2376cd59a2fa955a43ff117d3ecbc5
opened: intent-token
{"check":"targets","result":[{"type": null, "url": null, "title": null}, {"type": "page", "url": "https://mui.kernelsu.org/index.html", "title": "Flutter Demo"}]}
{"check":"page","result":{"url":"https://mui.kernelsu.org/index.html","socket":"webview_devtools_remote_9758","value":{"href":"https://mui.kernelsu.org/index.html","title":"Flutter Demo","ready":"complete","flutter":true,"glass":true,"nav":{"dcl":462,"load":1225},"paint":{"first-paint":2876,"first-contentful-paint":2876},"glassAt":"present","firstFrame":null,"insets":null,"vv":[320,592,1]}}}
{"check":"java-exceptions","result":["10-01 10:09:21.663  6549  7071 D OneSearchSuggestProvider: java.util.concurrent.CompletionException: java.util.NoSuchElementException: No value present", "10-01 10:09:21.663  6549  7071 D OneSearchSuggestProvider: \tat java.util.concurrent.CompletableFuture.encodeThrowable(CompletableFuture.java:308)", "10-01 10:09:21.663  6549  7071 D OneSearchSuggestProvider: \tat java.util.concurrent.CompletableFuture.completeThrowable(CompletableFuture.java:323)", "10-01 10:09:21.663  6549  7071 D OneSearchSuggestProvider: \tat java.util.concurrent.CompletableFuture$UniAccept.tryFire(CompletableFuture.java:684)", "10-01 10:09:21.663  6549  7071 D OneSearchSuggestProvider: \tat java.util.concurrent.CompletableFuture.postComplete(CompletableFuture.java:486)", "10-01 10:09:21.663  6549  7071 D OneSearchSuggestProvider: \tat java.util.concurrent.CompletableFuture.completeExceptionally(CompletableFuture.java:2138)", "10-01 10:09:21.663  6549  7071 D OneSearchSuggestProvider: \tat com.google.android.apps.nexuslauncher.allapps.E0.onResult(go/retraceme 31f9979659277bb965985aff1272c33e3c3c9e755b77166d20a2465454178f2c:67)", "10-01 10:09:21.663  6549  7071 D OneSearchSuggestProvider: \tat android.app.appsearch.SearchSessionUtil$1.lambda$onResult$0(go/retraceme 64eee9e9f568ff45978879ad2ff83146f2618ee8a88278736fbdf5fae931976e:144)", "10-01 10:09:21.663  6549  7071 D OneSearchSuggestProvider: \tat android.app.appsearch.SearchSessionUtil$1.$r8$lambda$CEk3q8sDAQVhU3rQwVueB8FAj_M(go/retraceme 64eee9e9f568ff45978879ad2ff83146f2618ee8a88278736fbdf5fae931976e:1)", "10-01 10:09:21.663  6549  7071 D OneSearchSuggestProvider: \tat android.app.appsearch.SearchSessionUtil$1$$ExternalSyntheticLambda0.run(go/retraceme 64eee9e9f568ff45978879ad2ff83146f2618ee8a88278736fbdf5fae931976e:22)", "10-01 10:09:21.663  6549  7071 D OneSearchSuggestProvider: \tat android.os.Handler.handleCallback(Handler.java:959)", "10-01 10:09:21.663  6549  7071 D OneSearchSuggestProvider: \tat android.os.Handler.dispatchMessage(Handler.java:100)", "10-01 10:09:21.663  6549  7071 D OneSearchSuggestProvider: \tat android.os.Looper.loopOnce(Looper.java:232)", "10-01 10:09:21.663  6549  7071 D OneSearchSuggestProvider: \tat android.os.Looper.loop(Looper.java:317)", "10-01 10:09:21.663  6549  7071 D OneSearchSuggestProvider: \tat android.os.HandlerThread.run(HandlerThread.java:85)", "10-01 10:09:21.663  6549  7071 D OneSearchSuggestProvider: Caused by: java.util.NoSuchElementException: No value present", "10-01 10:09:21.663  6549  7071 D OneSearchSuggestProvider: \tat java.util.Optional.get(Optional.java:143)", "10-01 10:09:21.663  6549  7071 D OneSearchSuggestProvider: \tat com.google.android.apps.nexuslauncher.allapps.E0.onResult(go/retraceme 31f9979659277bb965985aff1272c33e3c3c9e755b77166d20a2465454178f2c:28)", "10-01 10:09:21.663  6549  7071 D OneSearchSuggestProvider: \t... 8 more", "10-01 10:09:21.664  6549  7071 D OneSearchSuggestProvider: Established or reuse existing binder channel authority=com.google.android.googlequicksearchbox", "10-01 10:09:21.677  6064  6095 V WindowManagerShell: onTransitionReady (#24) android.os.BinderProxy@cc3793f: {id=24 t=CLOSE f=0x0 trk=0 r=[0@Point(0, 0)] c=[{WCT{android.window.IWindowContainerToken$Stub$Proxy@1e886a4} m=TO_FRONT f=SHOW_WALLPAPER leash=Surface(name=Task=1)/@0x7f732f8 sb=Rect(0, 0 - 320, 640) eb=Rect(0, 0 - 320, 640) d=0 taskParent=-1},{WCT{android.window.IWindowContainerToken$Stub$Proxy@fdf7c0d} m=CLOSE f=NONE leash=Surface(name=Task=15)/@0x99873d1 sb=Rect(0, 0 - 320, 640) eb=Rect(0, 0 - 320, 640) d=0 taskParent=-1},{null m=TO_FRONT f=IS_WALLPAPER leash=Surface(name=WallpaperWindowToken{d916ab1 token=android.os.Binder@bb03958})/@0xdd92e36 sb=Rect(0, 0 - 320, 640) eb=Rect(0, 0 - 320, 640) d=0}]}", "10-01 10:09:21.681  6064  6095 V WindowManagerShell: Playing animation for (#24) android.os.BinderProxy@cc3793f@0", "--", "10-01 10:09:33.234  6280  9917 W FontLog : java.lang.IllegalStateException: Cannot perform this operation because the connection pool has been closed.", "10-01 10:09:33.234  6280  9917 W FontLog : \tat android.database.sqlite.SQLiteConnectionPool.throwIfClosedLocked(SQLiteConnectionPool.java:1103)", "10-01 10:09:33.234  6280  9917 W FontLog : \tat android.database.sqlite.SQLiteConnectionPool.waitForConnection(SQLiteConnectionPool.java:794)", "10-01 10:09:33.234  6280  9917 W FontLog : \tat android.database.sqlite.SQLiteConnectionPool.acquireConnection(SQLiteConnectionPool.java:399)", "10-01 10:09:33.234  6280  9917 W FontLog : \tat android.database.sqlite.SQLiteSession.acquireConnection(SQLiteSession.java:920)", "10-01 10:09:33.234  6280  9917 W FontLog : \tat android.database.sqlite.SQLiteSession.executeForChangedRowCount(SQLiteSession.java:778)", "10-01 10:09:33.234  6280  9917 W FontLog : \tat android.database.sqlite.SQLiteStatement.executeUpdateDelete(SQLiteStatement.java:67)", "10-01 10:09:33.234  6280  9917 W FontLog : \tat android.database.sqlite.SQLiteDatabase.executeSql(SQLiteDatabase.java:2207)", "10-01 10:09:33.234  6280  9917 W FontLog : \tat android.database.sqlite.SQLiteDatabase.execSQL(SQLiteDatabase.java:2183)", "10-01 10:09:33.234  6280  9917 W FontLog : \tat bbkg.run(:com.google.android.gms@242335041@24.23.35 (190800-646585959):57)", "10-01 10:09:33.234  6280  9917 W FontLog : \tat angs.c(:com.google.android.gms@242335041@24.23.35 (190800-646585959):50)", "10-01 10:09:33.234  6280  9917 W FontLog : \tat angs.run(:com.google.android.gms@242335041@24.23.35 (190800-646585959):76)", "10-01 10:09:33.234  6280  9917 W FontLog : \tat java.util.concurrent.ThreadPoolExecutor.runWorker(ThreadPoolExecutor.java:1145)"]}
{"check":"console-errors","result":["--------- beginning of main", "10-01 10:09:32.390  9758  9863 E chromium: [1001/100932.386101:ERROR:variations_seed_loader.cc(37)] Seed missing signature.", "10-01 10:09:32.391  9758  9863 I chromium: [1001/100932.391088:INFO:variations_seed_loader.cc(66)] Failed to open file for reading.: No such file or directory (2)", "10-01 10:09:32.945  9867  9893 W chromium: [WARNING:runtime_features.cc(694)] SharedStorage for M118+ cannot be enabled in this configuration. Use --enable-features=SharedStorageAPI,SharedStorageAPIM118 in addition.", "10-01 10:09:32.945  9867  9893 W chromium: [WARNING:runtime_features.cc(730)] AttributionReportingCrossAppWeb cannot be enabled in this configuration. Use --enable-features=ConversionMeasurement,AttributionReportingCrossAppWeb in addition.", "10-01 10:09:33.400  9758  9758 I chromium: [INFO:CONSOLE(1)] \"Injecting <script> tag. Using callback.\", source: https://mui.kernelsu.org/flutter_bootstrap.js (1)"]}
{"check":"first-frame-warm","result":{"url":"https://mui.kernelsu.org/index.html","socket":"webview_devtools_remote_9758","value":{"firstFrameMs":655,"now":15060,"flutter":true,"resizes":[],"paint":{"first-paint":1353,"first-contentful-paint":1353},"calls":[[51,"at-preload","ksu:undefined webui:undefined"],[59,"ksu-defined"],[67,"wrap-failed","exec"],[68,"wrap-failed","spawn"],[68,"wrap-failed","moduleInfo"],[69,"wrap-failed","fullScreen"],[72,"wrap-failed","enableEdgeToEdge"],[72,"wrap-failed","toast"],[73,"wrap-failed","exit"]],"resources":[["/flutter_bootstrap.js",44,78,"script",0],["/canvaskit/chromium/canvaskit.wasm",112,272,"fetch",0],["/canvaskit/chromium/canvaskit.js",112,172,"other",0],["/main.dart.js",113,229,"script",0],["/assets/FontManifest.json",506,529,"fetch",0],["/favicon.png",512,536,"other",0],["/assets/fonts/MaterialIcons-Regular.otf",531,555,"fetch",0],["/assets/packages/cupertino_icons/assets/CupertinoIcons.ttf",531,562,"fetch",0],["/assets/fonts/fallback/Roboto-Regular.ttf",534,559,"fetch",0],["/favicon.png",1351,1445,"other",0]],"marks":[],"measures":[],"fonts":[]}}}
Starting: Intent { cmp=me.weishu.kernelsu/.ui.webui.WebUIActivity (has extras) }
Status: ok
Activity: me.weishu.kernelsu/.ui.webui.WebUIActivity








Segmentation fault 
Status: ok
https://mui.kernelsu.org/index.html
token found in manager data: f1244ddc3c415ed212a33eda9bc818504b2376cd59a2fa955a43ff117d3ecbc5
opened: intent-token
{"check":"targets","result":[{"type": null, "url": null, "title": null}, {"type": "page", "url": "https://mui.kernelsu.org/index.html", "title": "Demo"}]}
{"check":"page","result":{"url":"https://mui.kernelsu.org/index.html","socket":"webview_devtools_remote_10008","value":{"href":"https://mui.kernelsu.org/index.html","title":"Demo","ready":"complete","flutter":true,"glass":true,"nav":{"dcl":1036,"load":2646},"paint":{"first-paint":2091,"first-contentful-paint":5776},"glassAt":"present","firstFrame":null,"insets":"24px","vv":[320,640,1]}}}
{"check":"java-exceptions","result":["10-01 10:10:36.646 10008 10121 E SuFilePathHandler: \tat o11.shouldInterceptRequest(r8-map-id-9f7f45feba6f2c95784574c49c444982ed6e6c85bfa15582daceb837f5e42ea2:247)", "10-01 10:10:36.640 10008 10008 W ThreadPoolForeg: type=1400 audit(0.0:290): avc:  denied  { getattr } for  path=\"/data/adb\" dev=\"dm-46\" ino=335873 scontext=u:r:untrusted_app:s0:c209,c256,c512,c768 tcontext=u:object_r:adb_data_file:s0 tclass=dir permissive=0 app=me.weishu.kernelsu", "10-01 10:10:36.640 10008 10008 W ThreadPoolForeg: type=1400 audit(0.0:291): avc:  denied  { getattr } for  path=\"/data/adb\" dev=\"dm-46\" ino=335873 scontext=u:r:untrusted_app:s0:c209,c256,c512,c768 tcontext=u:object_r:adb_data_file:s0 tclass=dir permissive=0 app=me.weishu.kernelsu", "10-01 10:10:36.874     0     0 W audit   : audit_lost=81 audit_rate_limit=5 audit_backlog_limit=64", "10-01 10:10:36.877     0     0 E audit   : rate limit exceeded", "10-01 10:10:36.716 10008 10008 W ThreadPoolForeg: type=1400 audit(0.0:292): avc:  denied  { getattr } for  path=\"/data/adb\" dev=\"dm-46\" ino=335873 scontext=u:r:untrusted_app:s0:c209,c256,c512,c768 tcontext=u:object_r:adb_data_file:s0 tclass=dir permissive=0 app=me.weishu.kernelsu", "10-01 10:10:37.180 10008 10035 D EGL_emulation: app_time_stats: avg=14.59ms min=2.33ms max=259.15ms count=44", "--", "10-01 10:10:39.440  6280  7042 I ChimeraSrvcProxy: NullBinder for android.net.action.RECOMMEND_NETWORKS triggering remote TransactionTooLargeException due to Service without Chimera impl", "10-01 10:10:39.443  6280  7042 W .gms.persistent: Large reply transaction of 1056768 bytes, interface descriptor , code 1", "10-01 10:10:39.452  5824  6049 D OomAdjuster: Not killing cached processes", "10-01 10:10:39.539  5824  5986 D InetDiagMessage: Destroyed 0 sockets, proto=IPPROTO_TCP, family=AF_INET, states=14", "10-01 10:10:39.539  5824  5986 D InetDiagMessage: Destroyed 0 sockets, proto=IPPROTO_TCP, family=AF_INET6, states=14", "10-01 10:10:39.539  5824  5986 D InetDiagMessage: Destroyed live tcp sockets for uids={10153} in 3ms", "10-01 10:10:39.540  5824  5986 D InetDiagMessage: Destroyed 0 sockets, proto=IPPROTO_TCP, family=AF_INET, states=14", "10-01 10:10:39.540  5824  5986 D InetDiagMessage: Destroyed 0 sockets, proto=IPPROTO_TCP, family=AF_INET6, states=14", "10-01 10:10:39.540  5824  5986 D InetDiagMessage: Destroyed live tcp sockets for uids={20153} in 1ms", "10-01 10:10:39.712 10008 10008 W ThreadPoolForeg: type=1400 audit(0.0:296): avc:  denied  { getattr } for  path=\"/data/adb\" dev=\"dm-46\" ino=335873 scontext=u:r:untrusted_app:s0:c209,c256,c512,c768 tcontext=u:object_r:adb_data_file:s0 tclass=dir permissive=0 app=me.weishu.kernelsu", "10-01 10:10:39.712 10008 10008 W ThreadPoolForeg: type=1400 audit(0.0:297): avc:  denied  { getattr } for  path=\"/data/adb\" dev=\"dm-46\" ino=335873 scontext=u:r:untrusted_app:s0:c209,c256,c512,c768 tcontext=u:object_r:adb_data_file:s0 tclass=dir permissive=0 app=me.weishu.kernelsu", "--", "10-01 10:10:45.442  6280  6785 I ChimeraSrvcProxy: NullBinder for android.net.action.RECOMMEND_NETWORKS triggering remote TransactionTooLargeException due to Service without Chimera impl", "10-01 10:10:45.442  6280  6785 W .gms.persistent: Large reply transaction of 1056768 bytes, interface descriptor , code 1", "10-01 10:10:47.779  5824  6049 D OomAdjuster: Not killing cached processes", "10-01 10:10:49.322  6055  6055 I wpa_supplicant: wlan0: CTRL-EVENT-BEACON-LOSS ", "10-01 10:10:49.686  6820  6820 D BoundBrokerSvc: onUnbind: Intent { act=com.google.android.gms.safetynet.service.START pkg=com.google.android.gms }", "10-01 10:10:49.799  5743  5774 I netd    : tetherGetStats() -> {[]} <0.79ms>", "10-01 10:10:50.848 10201 10201 W BpBinder: Linking to death on android.gui.ISurfaceComposer but there are no threads (yet?) listening to incoming transactions. See ProcessState::startThreadPool and ProcessState::setThreadPoolMaxThreadCount. Generally you should setup the binder threadpool before other initialization steps.", "10-01 10:10:50.848 10201 10201 W ProcessState: Extra binder thread started, but 0 threads requested. Do not use *startThreadPool when zero threads are requested.", "10-01 10:10:50.858   164   164 I hwservicemanager: getTransport: Cannot find entry android.hardware.graphics.mapper@4.0::IMapper/default in either framework or device VINTF manifest.", "10-01 10:10:50.858 10201 10202 I Gralloc4: mapper 4.x is not supported", "10-01 10:10:51.009     0     0 I servicemanager: Caller(pid=10201,uid=0,sid=u:r:su:s0) Could not find android.hardware.graphics.allocator.IAllocator/default in the VINTF manifest. No alternative instances declared in VINTF.", "10-01 10:10:57.003  1560  1560 W adbd    : timeout expired while flushing socket, closing", "10-01 10:10:57.030  1560  1560 W adbd    : timeout expired while flushing socket, closing", "--", "10-01 10:11:00.468  6280  7042 I ChimeraSrvcProxy: NullBinder for android.net.action.RECOMMEND_NETWORKS triggering remote TransactionTooLargeException due to Service without Chimera impl", "10-01 10:11:00.468  6280  7042 W .gms.persistent: Large reply transaction of 1056768 bytes, interface descriptor , code 1", "10-01 10:11:00.469  6675  6948 I BugleRcsEngine: Connected state: [1], networkType: [WIFI] [CONTEXT thread_id=54 ]", "10-01 10:11:00.471  5824  6049 D OomAdjuster: Not killing cached processes", "10-01 10:11:00.857  6666  6815 I BistoHotwordHelper: (REDACTED) getHotwordActive::active query: %s, watch: %s, devices connected: %s", "10-01 10:11:01.358     0     0 I logd    : logdr: UID=0 GID=0 PID=10210 n tail=0 logMask=99 pid=0 start=0ns deadline=0ns"]}
{"check":"console-errors","result":["--------- beginning of main", "10-01 10:10:33.589 10008 10115 E chromium: [1001/101033.584619:ERROR:variations_seed_loader.cc(37)] Seed missing signature.", "10-01 10:10:33.589 10008 10115 I chromium: [1001/101033.589503:INFO:variations_seed_loader.cc(66)] Failed to open file for reading.: No such file or directory (2)", "10-01 10:10:34.161 10125 10146 W chromium: [WARNING:runtime_features.cc(694)] SharedStorage for M118+ cannot be enabled in this configuration. Use --enable-features=SharedStorageAPI,SharedStorageAPIM118 in addition.", "10-01 10:10:34.162 10125 10146 W chromium: [WARNING:runtime_features.cc(730)] AttributionReportingCrossAppWeb cannot be enabled in this configuration. Use --enable-features=ConversionMeasurement,AttributionReportingCrossAppWeb in addition.", "10-01 10:10:34.486 10125 10146 I chromium: [INFO:viewport_data.cc(133)] E2E_Used ViewportFitCover", "10-01 10:10:34.729 10008 10008 I chromium: [INFO:CONSOLE(1)] \"Uncaught TypeError: Cannot read properties of null (reading 'style')\", source: https://mui.kernelsu.org/index.html (1)", "10-01 10:10:34.729 10008 10008 I chromium: [INFO:CONSOLE(1)] \"Uncaught TypeError: Cannot read properties of null (reading 'style')\", source: https://mui.kernelsu.org/index.html (1)", "10-01 10:10:35.035 10008 10008 I chromium: [INFO:CONSOLE(3)] \"Injecting <script> tag. Using callback.\", source: https://mui.kernelsu.org/flutter_bootstrap.js (3)", "10-01 10:10:39.849 10008 10008 I chromium: [INFO:CONSOLE(28006)] \"Warning: Buffers cannot be shared due to missing cross-origin headers. Please refer to https://fzyzcjy.github.io/flutter_rust_bridge/manual/miscellaneous/web-cross-origin for details.\", source: https://mui.kernelsu.org/main.dart.js (28006)", "10-01 10:10:39.880 10008 10008 I chromium: [INFO:CONSOLE(734)] \"using deprecated parameters for the initialization function; pass a single object instead\", source: https://mui.kernelsu.org/pkg/demo_native.js (734)"]}
{"check":"first-frame-warm","result":{"url":"https://mui.kernelsu.org/index.html","socket":"webview_devtools_remote_10008","value":{"firstFrameMs":1001,"now":15056,"flutter":true,"resizes":[],"paint":{"first-paint":646,"first-contentful-paint":2268},"calls":[[57,"at-preload","ksu:undefined webui:undefined"],[69,"ksu-defined"],[75,"wrap-failed","exec"],[75,"wrap-failed","spawn"],[75,"wrap-failed","moduleInfo"],[76,"wrap-failed","fullScreen"],[76,"wrap-failed","enableEdgeToEdge"],[76,"wrap-failed","toast"],[76,"wrap-failed","exit"]],"resources":[["/internal/insets.css",50,80,"link",0],["/flutter_webui.css",50,99,"link",0],["/flutter_webui.js",51,107,"script",0],["/flutter_bootstrap.js",51,119,"script",0],["/canvaskit/chromium/canvaskit.wasm",157,294,"fetch",0],["/canvaskit/chromium/canvaskit.js",157,194,"other",0],["/main.dart.js",158,267,"script",0],["/assets/FontManifest.json",586,647,"fetch",0],["/favicon.ico",597,616,"other",0],["/assets/fonts/MaterialIcons-Regular.otf",650,694,"fetch",0],["/assets/fonts/fallback/Roboto-Regular.ttf",650,694,"fetch",0],["/pkg/demo_native.js",2262,2480,"script",0],["/pkg/demo_native_bg.wasm",2482,2512,"fetch",0]],"marks":[["flutter_webui:register",707],["flutter_webui:registered",715],["flutter_webui:first-frame",1001]],"measures":[],"fonts":[]}}}
{"url":"https://mui.kernelsu.org/index.html","socket":"webview_devtools_remote_10008","value":"semantics on"}
{"check":"home","result":{"url":"https://mui.kernelsu.org/index.html","socket":"webview_devtools_remote_10008","value":["Squadron","Process","native","net","Say hello","Count to 5","SHA-256","Demo pages\nOne page per thing the stack promises.","Places","Strategy","Rust","Lifecycle","Shell","Plugins"]}}
{"check":"tap-places","result":{"url":"https://mui.kernelsu.org/index.html","socket":"webview_devtools_remote_10008","value":"tapped Places at 16,572 size 288x56 role button tappable"}}
{"check":"places","result":{"url":"https://mui.kernelsu.org/index.html","socket":"webview_devtools_remote_10008","value":["Back\nBack","One service, DemoService, opened in every place this build knows. Each place probes its own facts from inside; the page never guesses from the platform it was built for.","200k","1M","3M","Count primes in every place","Restart places","inline (the caller)\nkind: inline\nstart 483 ms, first facts() round trip 39 ms\nroot\ncheck: effective uid 0\nblock_devices\ncheck: a kernel-listed block device opens for reading\nusb.native\ncheck: /dev/bus/usb lists\nusb.web\ncheck: navigator.usb exists\nprocess.spawn\ncheck: a shell runs\nfs.persistent\ncheck: working dir writable, or storage persisted\nnet\ncheck: a non-loopback interface is up, or onLine\nnative\ncheck: null","worker (isolate or Web Worker)\nkind: web_worker\nstart 814 ms, first facts() round trip 54 ms\nroot\ncheck: effective uid 0\nblock_devices\ncheck: a kernel-listed block device opens for reading\nusb.native\ncheck: /dev/bus/usb lists\nusb.web\ncheck: navigator.usb exists\nprocess.spawn\ncheck: a shell runs\nfs.persistent\ncheck: working dir writable, or storage persisted\nnet\ncheck: a non-loopback interface is up, or onLine\nnative\ncheck: null","Places","Strategy","Rust","Lifecycle","Shell","Plugins"]}}
{"check":"places-scroll-1","result":{"url":"https://mui.kernelsu.org/index.html","socket":"webview_devtools_remote_10008","value":["Back\nBack","One service, DemoService, opened in every place this build knows. Each place probes its own facts from inside; the page never guesses from the platform it was built for.","200k","1M","3M","Count primes in every place","Restart places","inline (the caller)\nkind: inline\nstart 483 ms, first facts() round trip 39 ms\nroot\ncheck: effective uid 0\nblock_devices\ncheck: a kernel-listed block device opens for reading\nusb.native\ncheck: /dev/bus/usb lists\nusb.web\ncheck: navigator.usb exists\nprocess.spawn\ncheck: a shell runs\nfs.persistent\ncheck: working dir writable, or storage persisted\nnet\ncheck: a non-loopback interface is up, or onLine\nnative\ncheck: null","worker (isolate or Web Worker)\nkind: web_worker\nstart 814 ms, first facts() round trip 54 ms\nroot\ncheck: effective uid 0\nblock_devices\ncheck: a kernel-listed block device opens for reading\nusb.native\ncheck: /dev/bus/usb lists\nusb.web\ncheck: navigator.usb exists\nprocess.spawn\ncheck: a shell runs\nfs.persistent\ncheck: working dir writable, or storage persisted\nnet\ncheck: a non-loopback interface is up, or onLine\nnative\ncheck: null","Places","Strategy","Rust","Lifecycle","Shell","Plugins"]}}
{"check":"places-scroll-2","result":{"error":"no page target","sockets":["webview_devtools_remote_6786","webview_devtools_remote_6786","webview_devtools_remote_6786","webview_devtools_remote_6786","webview_devtools_remote_6786","webview_devtools_remote_6786","webview_devtools_remote_6786","webview_devtools_remote_6786","webview_devtools_remote_6786","webview_devtools_remote_6786","webview_devtools_remote_6786","webview_devtools_remote_10008"],"targets":[{"socket":"webview_devtools_remote_6786","port":9300,"error":"TimeoutError: The operation was aborted due to timeout"},{"socket":"webview_devtools_remote_10008","port":9301,"error":"TimeoutError: The operation was aborted due to timeout"}]}}
{"check":"places-scroll-3","result":{"url":"https://mui.kernelsu.org/index.html","socket":"webview_devtools_remote_10008","value":["Back\nBack","worker (isolate or Web Worker)\nkind: web_worker\nstart 814 ms, first facts() round trip 54 ms\nroot\ncheck: effective uid 0\nblock_devices\ncheck: a kernel-listed block device opens for reading\nusb.native\ncheck: /dev/bus/usb lists\nusb.web\ncheck: navigator.usb exists\nprocess.spawn\ncheck: a shell runs\nfs.persistent\ncheck: working dir writable, or storage persisted\nnet\ncheck: a non-loopback interface is up, or onLine\nnative\ncheck: null","root process (the app CLI, serve mode)\nkind: process\nstart 931 ms, first facts() round trip 1 ms\nroot\ncheck: effective uid 0\nblock_devices\ncheck: a kernel-listed block device opens for reading\nusb.native\ncheck: /dev/bus/usb lists\nusb.web\ncheck: navigator.usb exists\nprocess.spawn\ncheck: a shell runs\nfs.persistent\ncheck: working dir writable, or storage persisted\nnet\ncheck: a non-loopback interface is up, or onLine\nnative\ncheck: null","Reference: one call and one stream per place\nsquadron_process doc/benchmark.md, a 4-vCPU VM. Not measured here; devicelab measures devices.\nCall: isolate 31 µs, Web Worker (dart2js) 120 µs, process 247 µs, process from the page 401 µs.\n64 KiB stream: isolate 3643 MiB/s, Web Worker 631 MiB/s, process link about 110 MiB/s.","Places","Strategy","Rust","Lifecycle","Shell","Plugins"]}}
{"check":"tap-strategy","result":{"url":"https://mui.kernelsu.org/index.html","socket":"webview_devtools_remote_10008","value":"tapped Strategy at 53,536 size 53x80 role tab tappable"}}
{"check":"strategy","result":{"url":"https://mui.kernelsu.org/index.html","socket":"webview_devtools_remote_10008","value":["Back\nBack","Objective: list the device's partitions. Strategies in preference order: on the device as root, then from a host over USB. The first one the place's facts allow runs; nothing reads kIsWeb or Platform.","Place","inline (the caller)","worker (isolate or Web Worker)","root process (the app CLI, serve mode)","Facts from inline (the caller)\nSwitch a fact off to see the fallback. You can only take facts away.\nroot\ncheck: effective uid 0\nblock_devices\ncheck: a kernel-listed block device opens for reading\nusb.native\ncheck: /dev/bus/usb lists\nusb.web\ncheck: navigator.usb exists\nprocess.spawn\ncheck: a shell runs\nfs.persistent\ncheck: working dir writable, or storage persisted\nnet\ncheck: a non-loopback interface is up, or onLine\nnative\ncheck: null","root","block_devices","usb.native","process.spawn","Places","Strategy","Rust","Lifecycle","Shell","Plugins"]}}
{"check":"tap-rust","result":{"url":"https://mui.kernelsu.org/index.html","socket":"webview_devtools_remote_10008","value":"tapped Rust at 107,536 size 53x80 role tab tappable"}}
{"check":"rust","result":{"error":"no reply after 60000 ms"}}
{"check":"mount","result":"mount: mounting overlay on /product/app failed: Invalid argument\noverlay failed: 255\nmagic mount ok\ntotal 3736\ndrwxr-xr-x  2 root root u:object_r:system_file:s0     4096 2026-10-01 10:05 .\ndrwxr-xr-x 30 root root u:object_r:system_file:s0      600 2026-10-01 10:05 ..\n-rw-r--r--  1 root root u:object_r:system_file:s0  3809993 2026-10-01 10:05 WebuiTermuxApi.apk\nCalendarGooglePrebuilt\nCamera2\nChrome\nChrome-Stub\nDrive\n/dev/block/dm-3 /product ext4 ro,seclabel,relatime 0 0\ntmpfs /dev/app_plane_app tmpfs rw,seclabel,relatime,mode=755 0 0\ntmpfs /product/app tmpfs rw,seclabel,relatime,mode=755 0 0\n/dev/block/dm-3 /product/app/CalendarGooglePrebuilt ext4 ro,seclabel,relatime 0 0\n/dev/block/dm-3 /product/app/Camera2 ext4 ro,seclabel,relatime 0 0\n/dev/block/dm-3 /product/app/Chrome ext4 ro,seclabel,relatime 0 0\n/dev/block/dm-3 /product/app/Chrome-Stub ext4 ro,seclabel,relatime 0 0\n/dev/block/dm-3 /product/app/Drive ext4 ro,seclabel,relatime 0 0\n28"}
{"check":"package","result":"package:/product/app/WebuiTermuxApi/WebuiTermuxApi.apk\n    flags=0x0\n    flags=0x0\n    codePath=/product/app/WebuiTermuxApi\n    versionName=0.53.0-webui.1\n    flags=[ SYSTEM HAS_CODE ALLOW_CLEAR_USER_DATA ALLOW_BACKUP ]\n    privateFlags=[ PRIVATE_FLAG_ACTIVITIES_RESIZE_MODE_RESIZEABLE_VIA_SDK_VERSION PRIVATE_FLAG_REQUEST_LEGACY_EXTERNAL_STORAGE PRODUCT PRIVATE_FLAG_ALLOW_NATIVE_HEAP_POINTER_TAGGING ]\n        android.permission.READ_SMS: granted=false, flags=[ USER_SENSITIVE_WHEN_GRANTED|USER_SENSITIVE_WHEN_DENIED|RESTRICTION_UPGRADE_EXEMPT]\n        android.permission.POST_NOTIFICATIONS: granted=false, flags=[ USER_SENSITIVE_WHEN_GRANTED|USER_SENSITIVE_WHEN_DENIED]"}
/home/runner/work/devicelab/devicelab/out/sockprobe: 1 file pushed, 0 skipped. 90.4 MB/s (3501629 bytes in 0.037s)
Broadcasting: Intent { flg=0x1400020 cmp=com.webui.termux.api/com.termux.api.TermuxApiReceiver (has extras) }
Broadcast completed: result=0
{"check":"tap-rust-run","result":{"url":"https://mui.kernelsu.org/index.html","socket":"webview_devtools_remote_10008","value":"tapped Run in every place at 16,196 size 288x48 role button tappable"}}
Broadcasting: Intent { flg=0x1400020 cmp=com.webui.termux.api/com.termux.api.TermuxApiReceiver (has extras) }
Broadcast completed: result=0
{"check":"broadcast","result":"Broadcasting: Intent { flg=0x1400020 cmp=com.webui.termux.api/com.termux.api.TermuxApiReceiver (has extras) }\nBroadcast completed: result=0\nBroadcasting: Intent { flg=0x1400020 cmp=com.webui.termux.api/com.termux.api.TermuxApiReceiver (has extras) }\nBroadcast completed: result=0"}
{"check":"app-process","result":"u0_a210      10210 u:r:untrusted_app_27:s0:c210,c256,c512,c768 com.webui.termux.api"}
{"check":"listener-module","result":"{\"context\":\"u:r:su:s0\",\"event\":\"start\",\"names\":[\"wx_ksu_out\",\"wx_ksu_in\"],\"uid\":0}\n{\"event\":\"exit\"}"}
{"check":"listener-su","result":"{\"context\":\"u:r:su:s0\",\"event\":\"start\",\"names\":[\"wx_su_out\",\"wx_su_in\"],\"uid\":0}\n{\"data\":\"{\\n  \\\"present\\\": true,\\n  \\\"technology\\\": \\\"Li-ion\\\",\\n  \\\"health\\\": \\\"GOOD\\\",\\n  \\\"plugged\\\": \\\"PLUGGED_AC\\\",\\n  \\\"status\\\": \\\"CHARGING\\\",\\n  \\\"temperature\\\": 25.0,\\n  \\\"voltage\\\": 5000,\\n  \\\"current\\\": 900000,\\n  \\\"current_average\\\": 900000,\\n  \\\"percentage\\\": 100,\\n  \\\"level\\\": 100,\\n  \\\"scale\\\": 100,\\n  \\\"charge_counter\\\": 10000,\\n  \\\"cycle\\\": 10\\n}\\n\",\"event\":\"connect\",\"name\":\"wx_su_out\",\"peerContext\":\"u:r:untrusted_app_27:s0:c210,c256,c512,c768\",\"peerPid\":10754,\"peerUid\":10210,\"t\":1790850324754}"}
Segmentation fault 
{"check":"avc","result":""}
SELinux: Loaded file context from:
		/system/etc/selinux/plat_file_contexts
		/system_ext/etc/selinux/system_ext_file_contexts
		/vendor/etc/selinux/vendor_file_contexts
{"check":"restorecon","result":"u:object_r:app_data_file:s0:c210,c256,c512,c768 /data/data/com.webui.termux.api\nu:object_r:app_data_file:s0                     /data/data/com.webui.termux.api/files/devicelab/probe.txt"}
{"check":"app-read","result":"u:object_r:app_data_file:s0:c210,c256,c512,c768 chcon.txt\nu:object_r:app_data_file:s0                     probe.txt\nread probe.txt:\nrunas: exec: permission denied\nread chcon.txt:\nrunas: exec: permission denied\nwrite:\nrunas: exec: permission denied\n[ 1389.172262] type=1400 audit(1790850333.244:364): avc:  denied  { entrypoint } for  comm=\"sockprobe\" path=\"/system/bin/toybox\" dev=\"dm-5\" ino=618 scontext=u:r:untrusted_app_27:s0:c210,c256,c512,c768 tcontext=u:object_r:toolbox_exec:s0 tclass=file permissive=0 app=com.webui.termux.api\n[ 1389.186507] type=1400 audit(1790850333.260:365): avc:  denied  { entrypoint } for  comm=\"sockprobe\" path=\"/system/bin/toybox\" dev=\"dm-5\" ino=618 scontext=u:r:untrusted_app_27:s0:c210,c256,c512,c768 tcontext=u:object_r:toolbox_exec:s0 tclass=file permissive=0 app=com.webui.termux.api\n[ 1389.201584] type=1400 audit(1790850333.272:366): avc:  denied  { entrypoint } for  comm=\"sockprobe\" path=\"/system/bin/sh\" dev=\"dm-5\" ino=565 scontext=u:r:untrusted_app_27:s0:c210,c256,c512,c768 tcontext=u:object_r:shell_exec:s0 tclass=file permissive=0 app=com.webui.termux.api"}
Failed to write while dumping service activity: Broken pipe
{"check":"share-text","result":"topResumedActivity=ActivityRecord{2b42739 u0 me.weishu.kernelsu/.ui.webui.WebUIActivity t18}\n{\"context\":\"u:r:su:s0\",\"event\":\"start\",\"names\":[\"sh_text_out\",\"sh_text_in\"],\"uid\":0}\n{\"data\":\"\",\"event\":\"connect\",\"name\":\"sh_text_in\",\"peerContext\":\"u:r:untrusted_app_27:s0:c210,c256,c512,c768\",\"peerPid\":10754,\"peerUid\":10210,\"t\":1790850334525}\n{\"data\":\"\",\"event\":\"connect\",\"name\":\"sh_text_out\",\"peerContext\":\"u:r:untrusted_app_27:s0:c210,c256,c512,c768\",\"peerPid\":10754,\"peerUid\":10210,\"t\":1790850334525}\n10-01 10:25:34.528  5824  6148 E ActivityTaskManager: Background activity launch blocked! [callingPackage: com.webui.termux.api; callingPackageTargetSdk: 28; callingUid: 10210; callingPid: 10754; appSwitchState: 2; callingUidHasAnyVisibleWindow: false; callingUidProcState: RECEIVER; isCallingUidPersistentSystemProcess: false; forcedBalByPiSender: BSP.NONE; intent: Intent { act=android.intent.action.CHOOSER flg=0x10000000 cmp=com.android.intentresolver/.ChooserActivityLauncher (has extras) }; callerApp: ProcessRecord{f597100 10754:com.webui.termux.api/u0a210}; inVisibleTask: false; balAllowedByPiCreator: BSP.ALLOW_BAL; balAllowedByPiCreatorWithHardening: BSP.ALLOW_BAL; resultIfPiCreatorAllowsBal: BAL_BLOCK; hasRealCaller: true; isCallForResult: false; isPendingIntent: false; autoOptInReason: notPendingIntent; realCallingPackage: com.webui.termux.api; realCallingPackageTargetSdk: 28; realCallingUid: 10210; realCallingPid: 10754; realCallingUidHasAnyVisibleWindow: false; realCallingUidProcState: RECEIVER; isRealCallingUidPersistentSystemProcess: false; originatingPendingIntent: null; realCallerApp: ProcessRecord{f597100 10754:com.webui.termux.api/u0a210}; realInVisibleTask: false; balAllowedByPiSender: BSP.ALLOW_BAL; resultIfPiSenderAllowsBal: BAL_BLOCK; balImproveRealCallerVisibilityCheck: true; balRequireOptInByPendingIntentCreator: true; balRequireOptInSameUid: false; balRespectAppSwitchStateWhenCheckBoundByForegroundUid: true; balDontBringExistingBackgroundTaskStackToFg: true]\n10-01 10:25:34.537  5824  6148 I ActivityTaskManager: START u0 {act=android.intent.action.CHOOSER flg=0x10000000 cmp=com.android.intentresolver/.ChooserActivityLauncher (has extras)} with LAUNCH_MULTIPLE from uid 10210 (BAL_BLOCK) result code=102\n10-01 10:25:44.548  5824  5928 D ActivityManager: freezing 10754 com.webui.termux.api"}
{"check":"rust-ran","result":}
{"check":"tap-lifecycle","result":{"error":"no page target","sockets":["webview_devtools_remote_6786","webview_devtools_remote_10008"],"targets":[]}}
{"check":"tap-root-process","result":{"error":"no page target","sockets":["webview_devtools_remote_6786","webview_devtools_remote_10008"],"targets":[]}}
{"check":"tap-start","result":{"error":"no page target","sockets":["webview_devtools_remote_6786","webview_devtools_remote_10008"],"targets":[]}}
Failed to write while dumping service activity: Broken pipe
{"check":"share-file","result":"topResumedActivity=ActivityRecord{ed03fe0 u0 com.google.android.apps.nexuslauncher/.NexusLauncherActivity t10}\n{\"context\":\"u:r:su:s0\",\"event\":\"start\",\"names\":[\"sh_file_out\",\"sh_file_in\"],\"uid\":0}\n{\"data\":\"\",\"event\":\"connect\",\"name\":\"sh_file_out\",\"peerContext\":\"u:r:untrusted_app_27:s0:c210,c256,c512,c768\",\"peerPid\":10754,\"peerUid\":10210,\"t\":1790850350063}\n10-01 10:25:50.052  5824  5862 D ActivityManager: sync unfroze 10754 com.webui.termux.api for 3\n10-01 10:25:50.077  5824  6149 E ActivityTaskManager: Background activity launch blocked! [callingPackage: com.webui.termux.api; callingPackageTargetSdk: 28; callingUid: 10210; callingPid: 10754; appSwitchState: 2; callingUidHasAnyVisibleWindow: false; callingUidProcState: RECEIVER; isCallingUidPersistentSystemProcess: false; forcedBalByPiSender: BSP.NONE; intent: Intent { act=android.intent.action.CHOOSER flg=0x10000000 cmp=com.android.intentresolver/.ChooserActivityLauncher (has extras) }; callerApp: ProcessRecord{f597100 10754:com.webui.termux.api/u0a210}; inVisibleTask: false; balAllowedByPiCreator: BSP.ALLOW_BAL; balAllowedByPiCreatorWithHardening: BSP.ALLOW_BAL; resultIfPiCreatorAllowsBal: BAL_BLOCK; hasRealCaller: true; isCallForResult: false; isPendingIntent: false; autoOptInReason: notPendingIntent; realCallingPackage: com.webui.termux.api; realCallingPackageTargetSdk: 28; realCallingUid: 10210; realCallingPid: 10754; realCallingUidHasAnyVisibleWindow: false; realCallingUidProcState: RECEIVER; isRealCallingUidPersistentSystemProcess: false; originatingPendingIntent: null; realCallerApp: ProcessRecord{f597100 10754:com.webui.termux.api/u0a210}; realInVisibleTask: false; balAllowedByPiSender: BSP.ALLOW_BAL; resultIfPiSenderAllowsBal: BAL_BLOCK; balImproveRealCallerVisibilityCheck: true; balRequireOptInByPendingIntentCreator: true; balRequireOptInSameUid: false; balRespectAppSwitchStateWhenCheckBoundByForegroundUid: true; balDontBringExistingBackgroundTaskStackToFg: true]\n10-01 10:25:50.090  5824  6149 I ActivityTaskManager: START u0 {act=android.intent.action.CHOOSER flg=0x10000000 cmp=com.android.intentresolver/.ChooserActivityLauncher (has extras)} with LAUNCH_MULTIPLE from uid 10210 (BAL_BLOCK) result code=102\n10-01 10:26:00.102  5824  5928 D ActivityManager: freezing 10754 com.webui.termux.api"}
app uid: 10210
