yes: standard output: Broken pipe
Auto-selecting single ABI x86_64
Do you wish to create a custom hardware profile? [no] lab.avd
lab.ini
emulator Android emulator version 37.1.11.0 (build_id 15917651) (CL:N/A)
* daemon not running; starting now at tcp:5037
* daemon started successfully
booted in 57s: google/sdk_gphone64_x86_64/emu64xa:15/AE3A.240806.043/12960925:userdebug/dev-keys
kernel 6.6.50-android15-8-g8adecb593e9b-ab12525588 -> kmi android15-6.6; tiann/KernelSU v3.3.0
total 16428
drwx------  2 runner runner     4096 Oct  1 11:49 .
drwxrwxrwt 16 root   root       4096 Oct  1 11:49 ..
-rw-r--r--  1 runner runner 10777987 Oct  1 11:49 KernelSU_v3.3.0_32601-release.apk
-rw-r--r--  1 runner runner  5713312 Oct  1 11:49 ksud-x86_64-linux-android
-rw-r--r--  1 runner runner   318824 Oct  1 11:49 lkm-x86_64-android15-6.6_kernelsu.ko
== manager installed (me.weishu.kernelsu)
/tmp/tmp.X6u6Vvu0Bt/lkm-x86_64-android15-6.6_kernelsu.ko: 1 file pushed, 0 skipped. 6.7 MB/s (318824 bytes in 0.046s)
/tmp/tmp.X6u6Vvu0Bt/ksud-x86_64-linux-android: 1 file pushed, 0 skipped. 90.7 MB/s (5713312 bytes in 0.060s)
== ksud: ksud 3.3.0 (uapi: 2)
== ksud late-load: rc=0
== ksud insmod /data/adb/kernelsu.ko: Loaded kernel module: /data/adb/kernelsu.ko
rc=0
kernelsu              159744  0 
== lsmod: kernelsu              159744  0 
KernelSU_v3.3.0_32601-release.apk
ksud-aarch64-apple-darwin
ksud-aarch64-linux-android
ksud-aarch64-unknown-linux-musl
ksud-x86_64-apple-darwin
ksud-x86_64-linux-android
ksud-x86_64-pc-windows-gnu.exe
ksud-x86_64-unknown-linux-musl
ksuinit-aarch64
ksuinit-x86_64
lkm-aarch64-android12-5.10_kernelsu.ko
lkm-aarch64-android13-5.10_kernelsu.ko
lkm-aarch64-android13-5.15_kernelsu.ko
lkm-aarch64-android14-5.15_kernelsu.ko
lkm-aarch64-android14-6.1_kernelsu.ko
lkm-aarch64-android15-6.6_kernelsu.ko
lkm-aarch64-android16-6.12_kernelsu.ko
lkm-aarch64-android17-6.18_kernelsu.ko
lkm-x86_64-android12-5.10_kernelsu.ko
lkm-x86_64-android13-5.10_kernelsu.ko
lkm-x86_64-android13-5.15_kernelsu.ko
lkm-x86_64-android14-5.15_kernelsu.ko
lkm-x86_64-android14-6.1_kernelsu.ko
lkm-x86_64-android15-6.6_kernelsu.ko
lkm-x86_64-android16-6.12_kernelsu.ko
lkm-x86_64-android17-6.18_kernelsu.ko
== no metamodule asset in tiann/KernelSU v3.3.0
/home/runner/work/devicelab/devicelab/modules/probe/./: 2 files pushed, 0 skipped. 0.0 MB/s (1474 bytes in 0.059s)
== modules: [
  {
    "enabled": "true",
    "author": "p0g-stack",
    "web": "true",
    "update": "false",
    "mount": "false",
    "action": "false",
    "version": "1",
    "name": "devicelab probe",
    "id": "devicelab_probe",
    "versionCode": "1",
    "remove": "false",
    "description": "Observation module for devicelab. Its WebUI page is driven over DevTools."
  }
]
SELinux: Loaded file context from:
		/system/etc/selinux/plat_file_contexts
		/system_ext/etc/selinux/system_ext_file_contexts
		/vendor/etc/selinux/vendor_file_contexts
ERROR: null root node returned by UiTestAutomationBridge.
cat: /data/local/tmp/ui.xml: No such file or directory
== home text: 
== manager activities: me.weishu.kernelsu/.magica.BootCompletedReceiver me.weishu.kernelsu/.ui.MainActivity me.weishu.kernelsu/androidx.core.content.FileProvider me.weishu.kernelsu/androidx.profileinstaller.ProfileInstallReceiver me.weishu.kernelsu/androidx.startup.InitializationProvider 
inputs/modules/flutter_webui_counter-0.1.5.zip: 1 file pushed, 0 skipped. 103.2 MB/s (21434766 bytes in 0.198s)
== install flutter_webui_counter-0.1.5.zip
  inflating: webroot/fonts/notocoloremoji/v32/Yq6P-KqIXTD0t4D9z1ESnKM3-HpFabsE4tq3luCC7p-aXxcn.3.woff2
  inflating: webroot/fonts/notocoloremoji/v32/Yq6P-KqIXTD0t4D9z1ESnKM3-HpFabsE4tq3luCC7p-aXxcn.8.woff2
  inflating: webroot/fonts/notocoloremoji/v32/Yq6P-KqIXTD0t4D9z1ESnKM3-HpFabsE4tq3luCC7p-aXxcn.2.woff2
   creating: webroot/fonts/notosansmath/
   creating: webroot/fonts/notosansmath/v15/
  inflating: webroot/fonts/notosansmath/v15/7Aump_cpkSecTWaHRlH2hyV5UHkD-V048PW0.woff2
   creating: webroot/fonts/roboto/
   creating: webroot/fonts/roboto/v32/
  inflating: webroot/fonts/roboto/v32/KFOmCnqEu92Fr1Me4GZLCzYlKw.woff2
  inflating: webroot/.last_build_id
  inflating: webroot/config.json
  inflating: webroot/flutter_webui.js
  inflating: customize.sh
- Done
- Module installed successfully!
inputs/modules/counter-v1.0.0.zip: 1 file pushed, 0 skipped. 94.1 MB/s (6582359 bytes in 0.067s)
== install counter-v1.0.0.zip
  inflating: webroot/canvaskit/chromium/canvaskit.wasm
  inflating: webroot/config.json
  inflating: webroot/favicon.png
  inflating: webroot/flutter.js
  inflating: webroot/flutter_bootstrap.js
  inflating: webroot/icons/Icon-192.png
  inflating: webroot/icons/Icon-512.png
  inflating: webroot/icons/Icon-maskable-192.png
  inflating: webroot/icons/Icon-maskable-512.png
  inflating: webroot/index.html
  inflating: webroot/main.dart.js
  inflating: webroot/manifest.json
  inflating: webroot/version.json
- Done
- Module installed successfully!
inputs/modules/demo-v0.1.0.zip: 1 file pushed, 0 skipped. 125.9 MB/s (24315691 bytes in 0.184s)
== install demo-v0.1.0.zip
  inflating: webroot/icons/Icon-512.png
  inflating: webroot/icons/Icon-maskable-192.png
  inflating: webroot/icons/Icon-maskable-512.png
  inflating: webroot/index.html
  inflating: webroot/main.dart.js
  inflating: webroot/manifest.json
  inflating: webroot/pkg/.gitignore
  inflating: webroot/pkg/demo_native.js
  inflating: webroot/pkg/demo_native_bg.wasm
  inflating: webroot/pkg/package.json
  inflating: webroot/version.json
  inflating: webroot/workers/demo_service.web.g.dart.js
  inflating: webroot/workers/hello_service.web.g.dart.js
- Done
- Module installed successfully!
/home/runner/work/devicelab/devicelab/app_plane.zip: 1 file pushed, 0 skipped. 77.4 MB/s (4528307 bytes in 0.056s)
== install app_plane.zip
Archive:  /data/local/tmp/m.zip
- Extracting module files
Archive:  /data/local/tmp/m.zip
  inflating: post-fs-data.sh
  inflating: module.prop
   creating: system/
   creating: system/product/
   creating: system/product/app/
   creating: system/product/app/WebuiTermuxApi/
  inflating: system/product/app/WebuiTermuxApi/WebuiTermuxApi.apk
  inflating: service.sh
  inflating: sockprobe
- Handle partition /product
- Done
- Module installed successfully!
== soft-reboot: 
== after soft-reboot (66s): [
  {
    "description": "Observation module for devicelab. Its WebUI page is driven over DevTools.",
    "action": "false",
    "version": "1",
    "versionCode": "1",
    "enabled": "true",
    "update": "false",
    "id": "devicelab_probe",
    "name": "devicelab probe",
    "web": "true",
    "remove": "false",
    "mount": "false",
    "author": "p0g-stack"
  },
  {
    "name": "flutter-webui Counter",
    "update": "false",
    "versionCode": "6",
    "author": "p0g-stack",
    "id": "flutter_webui_counter",
    "description": "Stock Flutter counter app on flutter-webui (devicelab bring-up build).",
    "action": "false",
    "mount": "false",
    "enabled": "true",
    "remove": "false",
    "web": "true",
    "version": "0.1.5"
  },
  {
    "mount": "false",
    "update": "false",
    "author": "Yuv",
    "enabled": "true",
    "action": "false",
    "id": "counter",
    "versionCode": "1",
    "web": "true",
    "name": "Counter",
    "version": "v1.0.0",
    "description": "A new Flutter project.",
    "remove": "false"
  },
  {
    "enabled": "true",
    "version": "v0.1.0",
    "update": "false",
    "web": "true",
    "action": "false",
    "mount": "false",
    "versionCode": "1",
    "id": "demo",
    "author": "",
    "name": "Demo",
    "remove": "false",
    "description": "The demo GUI. Flutter on top of the core."
  },
  {
    "description": "webui-termux-api as a system app, plus a root socket listener",
    "remove": "false",
    "id": "devicelab_app_pla
total 56
drwxrwxrwx 7 root root 4096 2026-10-01 11:50 .
drwx------ 5 root root 4096 2026-10-01 11:50 ..
drwxr-xr-x 3 root root 4096 2026-10-01 11:50 counter
drwxr-xr-x 5 root root 4096 2026-10-01 11:50 demo
drwxr-xr-x 4 root root 4096 2026-10-01 11:50 devicelab_app_plane
drwxr-xr-x 3 root root 4096 2026-10-01 11:49 devicelab_probe
drwxr-xr-x 4 root root 4096 2026-10-01 11:50 flutter_webui_counter
/home/runner/work/devicelab/devicelab/out/labserver: 1 file pushed, 0 skipped. 58.7 MB/s (7843260 bytes in 0.127s)
Starting: Intent { cmp=me.weishu.kernelsu/.ui.webui.WebUIActivity (has extras) }
Status: ok
Activity: me.weishu.kernelsu/.ui.webui.WebUIActivity








Segmentation fault 
intent path: no page; manager log:
ui: dismissed ANR dialog
ui: tapped 'Module' at 200,584
ui: tapped 160,152
ui: tapped 'Clean' at 209,64
[0,0][320,640] devicelab probe | search | Clean | Cancel | devicelab probe | Version: 1 | Author: p0g-stack | Observation module for de
[12,40][235,88] devicelab probe | search | Clean
[185,40][233,88] Clean
[251,40][304,88] Cancel
[12,98][308,267] devicelab probe | Version: 1 | Author: p0g-stack | Observation module for devicelab. Its WebUI page is driven over DevTo
[243,116][292,164] 
[28,210][110,258] Open | Open
[186,210][292,258] Uninstall
[0,552][80,616] Home
[80,552][160,616] Superuser
[240,552][320,616] Settings
ui: tapped 'Open' at 69,234

https://mui.kernelsu.org/index.html
    * Hist  #1: ActivityRecord{62d2ac4 u0 me.weishu.kernelsu/.ui.webui.WebUIActivity t11}
      packageName=me.weishu.kernelsu processName=me.weishu.kernelsu
      launchedFromUid=10209 launchedFromPackage=me.weishu.kernelsu launchedFromFeature=null userId=0
      app=ProcessRecord{c014707 7802:me.weishu.kernelsu/u0a209}
      Intent { dat=ksu://webui?id=devicelab_probe&token=3e293bcb902b35467d4d33f099cf40dc55e8f500e2f5344581a18bd12a218623 flg=0x80000 cmp=me.weishu.kernelsu/.ui.webui.WebUIActivity }
opened: ui
{"check":"targets","result":[{"socket": "webview_devtools_remote_7802", "type": "page", "url": "https://mui.kernelsu.org/index.html", "title": "devicelab probe"}]}
{"check":"globals","result":{"url":"https://mui.kernelsu.org/index.html","socket":"webview_devtools_remote_7802","value":{"ua":"Mozilla/5.0 (Linux; Android 15; sdk_gphone64_x86_64 Build/AE3A.240806.043; wv) AppleWebKit/537.36 (KHTML, like Gecko) Version/4.0 Chrome/124.0.6367.219 Mobile Safari/537.36","origin":"https://mui.kernelsu.org","href":"https://mui.kernelsu.org/index.html","globals":["ksu"],"ksu":["enableEdgeToEdge","exec","exit","fullScreen","getPackagesInfo","listPackages","moduleInfo","spawn","toast","enableEdgeToEdge","exec","exit","fullScreen","getPackagesInfo","listPackages","moduleInfo","spawn","toast"]}}}
{"check":"ksu-exec","result":{"url":"https://mui.kernelsu.org/index.html","socket":"webview_devtools_remote_7802","value":{"code":0,"out":"uid=0(root) gid=0(root) groups=0(root) context=u:r:ksu:s0\nu:r:ksu:s0\u0000","err":""}}}
{"check":"ws-loopback","result":{"url":"https://mui.kernelsu.org/index.html","socket":"webview_devtools_remote_7802","value":{"got":["{\"origin\":\"https://mui.kernelsu.org\",\"peerUid\":10209,\"remote\":\"127.0.0.1:54254\",\"serverUid\":0,\"t\":1790855592220,\"uidSource\":\"/proc/net/tcp\"}","hi"],"ms":70}}}
{"check":"fetch-loopback","result":{"url":"https://mui.kernelsu.org/index.html","socket":"webview_devtools_remote_7802","value":{"origin":"https://mui.kernelsu.org","peerUid":10209,"remote":"127.0.0.1:54270","serverUid":0,"t":1790855592490,"uidSource":"/proc/net/tcp"}}}
{"check":"webview-uid","result":["webview_zygote 1053 webview_zygote", "u0_a209      10209 me.weishu.kernelsu", "u0_a151      10151 com.google.android.webview:webview_service", "u0_i9000     99000 com.google.android.webview:sandboxed_process0:org.chromium.content.app.SandboxedProcessService0:0", "u0_a151      10151 com.google.android.webview:webview_apk"]}
{"check":"while-home-heartbeat","result":{"url":"https://mui.kernelsu.org/index.html","socket":"webview_devtools_remote_7802","value":{"now":13008,"vis":"hidden"}}}
{"check":"lifecycle","result":{"url":"https://mui.kernelsu.org/index.html","socket":"webview_devtools_remote_7802","value":{"events":[{"type":"pageshow","t":434,"vis":"visible"},{"type":"visibilitychange","t":6428,"vis":"hidden"},{"type":"visibilitychange","t":16639,"vis":"visible"}],"gaps":[{"from":6425,"ms":1152,"vis":"hidden"},{"from":7577,"ms":1002,"vis":"hidden"},{"from":9576,"ms":1001,"vis":"hidden"},{"from":11576,"ms":1000,"vis":"hidden"},{"from":12577,"ms":1001,"vis":"hidden"},{"from":13577,"ms":1015,"vis":"hidden"}],"slow":{"heldMs":3000,"sentAt":1790855595859,"resolvedAt":1790855595867,"vis":"hidden"}}}}
{"check":"dev-url","result":{"url":"http://127.0.0.1:8090/index.html","socket":"webview_devtools_remote_7802","value":{"href":"http://127.0.0.1:8090/index.html","ksu":"object","webui":"undefined","globals":["ksu"],"exec":{"code":0,"out":"uid=0(root) gid=0(root) groups=0(root) context=u:r:ksu:s0","err":""}}}}
Starting: Intent { cmp=me.weishu.kernelsu/.ui.webui.WebUIActivity (has extras) }
Status: ok
Activity: me.weishu.kernelsu/.ui.webui.WebUIActivity








Status: ok
https://mui.kernelsu.org/index.html
token found in manager data: 0000000000000000000000000000000000000000000000000000000000000000
opened: intent-token
{"check":"targets","result":[{"type": "page", "url": "https://mui.kernelsu.org/index.html", "title": "Flutter Demo"}]}
{"check":"page","result":{"url":"https://mui.kernelsu.org/index.html","socket":"webview_devtools_remote_9047","value":{"href":"https://mui.kernelsu.org/index.html","title":"Flutter Demo","ready":"complete","flutter":true,"glass":true,"nav":{"dcl":912,"load":1375},"paint":{"first-paint":2222,"first-contentful-paint":4732},"glassAt":"present","firstFrame":null,"insets":"24px","vv":[320,640,1]}}}
{"check":"java-exceptions","result":["10-01 11:53:46.903  6802  6939 E dqod    : java.lang.NullPointerException: Attempt to read from field 'java.lang.String cwru.b' on a null object reference in method 'void cyar.b(java.lang.Object)'", "10-01 11:53:46.903  6802  6939 E dqod    : \tat cyar.b(PG:11)", "10-01 11:53:46.903  6802  6939 E dqod    : \tat dkqj.b(PG:13)", "10-01 11:53:46.903  6802  6939 E dqod    : \tat dqra.run(PG:30)", "10-01 11:53:46.903  6802  6939 E dqod    : \tat dqqd.execute(PG:1)", "10-01 11:53:46.903  6802  6939 E dqod    : \tat dqod.o(PG:1)", "10-01 11:53:46.903  6802  6939 E dqod    : \tat dqod.b(PG:41)", "10-01 11:53:46.903  6802  6939 E dqod    : \tat dqrh.s(PG:9)", "10-01 11:53:46.903  6802  6939 E dqod    : \tat dksz.l(PG:5)", "10-01 11:53:46.903  6802  6939 E dqod    : \tat cyat.a(PG:138)", "10-01 11:53:46.903  6802  6939 E dqod    : \tat bilp.a(PG:29)", "10-01 11:53:46.903  6802  6939 E dqod    : \tat cwzc.r(PG:24)", "10-01 11:53:46.903  6802  6939 E dqod    : \tat cwws.a(PG:5)", "--", "10-01 11:53:46.903  6802  6939 E dqod    : RuntimeException while executing runnable dqra{dkqj@c49e716} with executor MoreExecutors.directExecutor()", "10-01 11:53:46.903  6802  6939 E dqod    : java.lang.NullPointerException: Attempt to read from field 'java.lang.String cwru.b' on a null object reference in method 'void cyar.b(java.lang.Object)'", "10-01 11:53:46.903  6802  6939 E dqod    : \tat cyar.b(PG:11)", "10-01 11:53:46.903  6802  6939 E dqod    : \tat dkqj.b(PG:13)", "10-01 11:53:46.903  6802  6939 E dqod    : \tat dqra.run(PG:30)", "10-01 11:53:46.903  6802  6939 E dqod    : \tat dqqd.execute(PG:1)", "10-01 11:53:46.903  6802  6939 E dqod    : \tat dqod.o(PG:1)", "10-01 11:53:46.903  6802  6939 E dqod    : \tat dqod.b(PG:41)", "10-01 11:53:46.903  6802  6939 E dqod    : \tat dqrh.s(PG:9)", "10-01 11:53:46.903  6802  6939 E dqod    : \tat dksz.l(PG:5)", "10-01 11:53:46.903  6802  6939 E dqod    : \tat cyat.a(PG:138)", "10-01 11:53:46.903  6802  6939 E dqod    : \tat bilp.a(PG:29)", "10-01 11:53:46.903  6802  6939 E dqod    : \tat cwzc.r(PG:24)", "10-01 11:53:46.903  6802  6939 E dqod    : \tat cwws.a(PG:5)", "--", "10-01 11:53:59.779  9047  9198 E SuFilePathHandler: java.io.FileNotFoundException: No such file or directory: /data/adb/modules/flutter_webui_counter/webroot/favicon.ico", "10-01 11:53:59.779  9047  9198 E SuFilePathHandler: \tat zb3.a(r8-map-id-9f7f45feba6f2c95784574c49c444982ed6e6c85bfa15582daceb837f5e42ea2:151)", "10-01 11:53:59.779  9047  9198 E SuFilePathHandler: \tat fk3.e(r8-map-id-9f7f45feba6f2c95784574c49c444982ed6e6c85bfa15582daceb837f5e42ea2:308)", "10-01 11:53:59.779  9047  9198 E SuFilePathHandler: \tat ja4.a(r8-map-id-9f7f45feba6f2c95784574c49c444982ed6e6c85bfa15582daceb837f5e42ea2:99)", "10-01 11:53:59.779  9047  9198 E SuFilePathHandler: \tat o11.shouldInterceptRequest(r8-map-id-9f7f45feba6f2c95784574c49c444982ed6e6c85bfa15582daceb837f5e42ea2:247)", "10-01 11:53:59.849  5825  6701 E TaskPersister: File error accessing recents directory (directory doesn't exist?).", "10-01 11:54:00.054  6637  6824 I AiAiEcho: Predicting[0]:  [CONTEXT sampling_count=5 ]", "10-01 11:54:00.054  6637  6824 I AiAiEcho: EchoTargets: ", "10-01 11:54:00.054  6637  6824 I AiAiEcho: Filtered by AiAi flag check: ", "10-01 11:54:00.054  6637  6824 I AiAiEcho: [CONTEXT ratelimit_period=\"10 SECONDS\" ]", "10-01 11:54:00.055  6637  6824 I AiAiEcho: Ranked targets strategy: SORT, count: 0, ranking metadata:  [CONTEXT ratelimit_period=\"10 SECONDS\" ]"]}
{"check":"console-errors","result":["--------- beginning of main", "10-01 11:53:58.145  9047  9192 E chromium: [1001/115358.133632:ERROR:variations_seed_loader.cc(37)] Seed missing signature.", "10-01 11:53:58.146  9047  9192 I chromium: [1001/115358.146117:INFO:variations_seed_loader.cc(66)] Failed to open file for reading.: No such file or directory (2)", "10-01 11:53:58.241  9047  9198 E chromium: [ERROR:simple_file_enumerator.cc(21)] opendir /data/user/0/me.weishu.kernelsu/cache/WebView/Default/HTTP Cache/Code Cache/js: No such file or directory (2)", "10-01 11:53:58.241  9047  9198 E chromium: [ERROR:simple_index_file.cc(614)] Could not reconstruct index from disk", "10-01 11:53:58.241  9047  9198 E chromium: [ERROR:simple_file_enumerator.cc(21)] opendir /data/user/0/me.weishu.kernelsu/cache/WebView/Default/HTTP Cache/Code Cache/wasm: No such file or directory (2)", "10-01 11:53:58.241  9047  9198 E chromium: [ERROR:simple_index_file.cc(614)] Could not reconstruct index from disk", "10-01 11:53:58.535  9207  9228 W chromium: [WARNING:runtime_features.cc(694)] SharedStorage for M118+ cannot be enabled in this configuration. Use --enable-features=SharedStorageAPI,SharedStorageAPIM118 in addition.", "10-01 11:53:58.538  9207  9228 W chromium: [WARNING:runtime_features.cc(730)] AttributionReportingCrossAppWeb cannot be enabled in this configuration. Use --enable-features=ConversionMeasurement,AttributionReportingCrossAppWeb in addition.", "10-01 11:53:58.887  9207  9228 I chromium: [INFO:viewport_data.cc(133)] E2E_Used ViewportFitCover", "10-01 11:53:59.282  9047  9047 I chromium: [INFO:CONSOLE(3)] \"Injecting <script> tag. Using callback.\", source: https://mui.kernelsu.org/flutter_bootstrap.js (3)"]}
{"check":"first-frame-warm","result":{"url":"https://mui.kernelsu.org/index.html","socket":"webview_devtools_remote_9047","value":{"firstFrameMs":712,"now":15054,"flutter":true,"resizes":[],"paint":{"first-paint":1482,"first-contentful-paint":1482},"calls":[[106,"at-preload","ksu:undefined webui:undefined"],[124,"ksu-defined"],[138,"wrap-failed","exec"],[141,"wrap-failed","spawn"],[156,"wrap-failed","moduleInfo"],[158,"wrap-failed","fullScreen"],[159,"wrap-failed","enableEdgeToEdge"],[161,"wrap-failed","toast"],[162,"wrap-failed","exit"]],"resources":[["/internal/insets.css",82,162,"link",0],["/flutter_webui.css",82,167,"link",0],["/flutter_webui.js",82,177,"script",0],["/flutter_bootstrap.js",93,171,"script",0],["/canvaskit/chromium/canvaskit.wasm",218,349,"fetch",0],["/canvaskit/chromium/canvaskit.js",219,264,"other",0],["/main.dart.js",220,340,"script",0],["/assets/FontManifest.json",560,583,"fetch",0],["/favicon.ico",564,572,"other",0],["/assets/fonts/MaterialIcons-Regular.otf",584,621,"fetch",0],["/assets/packages/cupertino_icons/assets/CupertinoIcons.ttf",584,636,"fetch",0],["/assets/fonts/fallback/Roboto-Regular.ttf",585,642,"fetch",0]],"marks":[["flutter_webui:register",649],["flutter_webui:registered",652],["flutter_webui:first-frame",712]],"measures":[],"fonts":[]}}}
{"check":"root-start","result":{"url":"https://mui.kernelsu.org/index.html","socket":"webview_devtools_remote_9047","value":{"code":0,"out":"","err":"","ms":190}}}
{"check":"session","result":{"url":"https://mui.kernelsu.org/index.html","socket":"webview_devtools_remote_9047","value":{"status":200,"ms":54,"protocol":1,"version":"0.1.0","port":37337,"pid":9315,"tokenLen":43}}}
{"check":"ws-hello","result":{"url":"https://mui.kernelsu.org/index.html","socket":"webview_devtools_remote_9047","value":{"first":"{\"op\":\"hello\",\"protocol\":1,\"version\":\"0.1.0\",\"pid\":9315,\"boot\":\"ec472304-fa56-4e17-963f-f9fe4523c5fa\",\"uid\":0,\"moduleDir\":\"/data/adb/modules/flutter_webui_counter\"}"}}}
{"check":"channel-process","result":"USER           UID LABEL                            PID NAME                       \nroot             0 u:r:ksu:s0                      9315 ld-linux-x86-64.so.2\nexe=/data/adb/modules/flutter_webui_counter/flutter_webui/x86_64/ld-linux-x86-64.so.2\n/data/adb/modules/flutter_webui_counter/flutter_webui/x86_64/ld-linux-x86-64.so.2 --library-path /data/adb/modules/flutter_webui_counter/flutter_webui/x86_64 /data/adb/modules/flutter_webui_counter/flutter_webui/x86_64/dartaotruntime /data/adb/modules/flutter_webui_counter/flutter_webui/x86_64/flutter_webui_root.aot serve --module-dir /data/adb/modules/flutter_webui_counter \narm64-v8a\nroot\nx86_64\n/data/adb/modules/flutter_webui_counter/flutter_webui/arm64-v8a:\ndartaotruntime\nflutter_webui_root.aot\nld-linux-aarch64.so.1\nlibc.so.6\nlibdl.so.2\nlibm.so.6\nlibpthread.so.0\n\n/data/adb/modules/flutter_webui_counter/flutter_webui/x86_64:\ndartaotruntime\nflutter_webui_root.aot\nld-linux-x86-64.so.2\nlibc.so.6\nlibdl.so.2\nlibm.so.6\nlibpthread.so.0"}
{"check":"root-log","result":"2026-10-01T11:54:31.685167 listening on 127.0.0.1:37337"}
{"check":"session-mode","result":"total 44\ndrwx--x--x 3 root root 4096 2026-10-01 11:54 .\ndrwxr-xr-x 7 root root 4096 2026-10-01 11:54 ..\n-rw------- 1 root root    0 2026-10-01 11:54 lock\ndrwx------ 2 root root 4096 2026-10-01 11:54 proc\n-rw------- 1 root root   56 2026-10-01 11:54 root.log\n-rw-r--r-- 1 root root  196 2026-10-01 11:54 session.json"}
{"check":"home-resume","result":{"url":"https://mui.kernelsu.org/index.html","socket":"webview_devtools_remote_9047","value":{"events":[["visibilitychange","hidden",16566],["visibilitychange","visible",23711]],"ticks":20,"vis":"visible","hasFocus":false}}}
{"check":"before-back","result":{"url":"https://mui.kernelsu.org/index.html","socket":"webview_devtools_remote_9047","value":{"historyLength":2,"historyState":"{\"flutter\":true}","href":"https://mui.kernelsu.org/index.html","typeofWebui":"undefined","typeofWebuiExit":"undefined","typeofKsuExit":"function","webuiKeys":null,"wrapped":"no webui.exit"}}}
{"check":"back-events","result":{"error":"no page target","sockets":["webview_devtools_remote_9047"],"targets":[]}}
{"check":"back-console","result":["10-01 11:54:44.078  9047  9047 E chromium: [ERROR:aw_browser_terminator.cc(154)] Renderer process (9207) crash detected (code -1).", "10-01 11:54:44.125  5825  7025 I ActivityManager: Killing 9207:com.google.android.webview:sandboxed_process0:org.chromium.content.app.SandboxedProcessService0:0/u0a209i1 (adj 0): isolated not needed"]}
{"check":"back-at-root","result":"topResumedActivity=ActivityRecord{6250c7c u0 com.google.android.apps.nexuslauncher/.NexusLauncherActivity t9}"}
Starting: Intent { cmp=me.weishu.kernelsu/.ui.webui.WebUIActivity (has extras) }
Status: ok
Activity: me.weishu.kernelsu/.ui.webui.WebUIActivity








Status: ok
https://mui.kernelsu.org/index.html
token found in manager data: 0000000000000000000000000000000000000000000000000000000000000000
opened: intent-token
{"check":"targets","result":[{"type": "page", "url": "https://mui.kernelsu.org/index.html", "title": "Flutter Demo"}]}
{"check":"page","result":{"url":"https://mui.kernelsu.org/index.html","socket":"webview_devtools_remote_9443","value":{"href":"https://mui.kernelsu.org/index.html","title":"Flutter Demo","ready":"complete","flutter":true,"glass":true,"nav":{"dcl":358,"load":1273},"paint":{"first-paint":2791,"first-contentful-paint":2791},"glassAt":"present","firstFrame":null,"insets":null,"vv":[320,592,1]}}}
{"check":"java-exceptions","result":["10-01 11:54:49.274  6547  9402 E OneSearchSuggestProvider: \tat k3.e.a(go/retraceme 31f9979659277bb965985aff1272c33e3c3c9e755b77166d20a2465454178f2c:77)", "10-01 11:54:49.274  6547  9402 E OneSearchSuggestProvider: \tat i3.l.b(go/retraceme 31f9979659277bb965985aff1272c33e3c3c9e755b77166d20a2465454178f2c:43)", "10-01 11:54:49.274  6547  9402 E OneSearchSuggestProvider: \tat i3.l.a(go/retraceme 31f9979659277bb965985aff1272c33e3c3c9e755b77166d20a2465454178f2c:27)", "10-01 11:54:49.274  6547  9402 E OneSearchSuggestProvider: \tat i3.z.run(go/retraceme 31f9979659277bb965985aff1272c33e3c3c9e755b77166d20a2465454178f2c:7)", "10-01 11:54:49.274  6547  9402 E OneSearchSuggestProvider: \tat i3.m2.run(go/retraceme 31f9979659277bb965985aff1272c33e3c3c9e755b77166d20a2465454178f2c:19)", "10-01 11:54:49.274  6547  9402 E OneSearchSuggestProvider: \tat java.util.concurrent.ThreadPoolExecutor.runWorker(ThreadPoolExecutor.java:1145)", "10-01 11:54:49.274  6547  9402 E OneSearchSuggestProvider: \tat java.util.concurrent.ThreadPoolExecutor$Worker.run(ThreadPoolExecutor.java:644)", "10-01 11:54:49.274  6547  9402 E OneSearchSuggestProvider: \tat java.lang.Thread.run(Thread.java:1012)", "10-01 11:54:49.281  6547  6547 D SearchTargetUtil: query= size=0", "10-01 11:54:49.286  6547  6547 D StateManager: createAtomicAnimation - fromState: Background, toState: Normal, partial trace:", "10-01 11:54:49.286  6547  6547 D StateManager: \tat com.android.quickstep.util.StaggeredWorkspaceAnim.prepareToAnimate(go/retraceme 31f9979659277bb965985aff1272c33e3c3c9e755b77166d20a2465454178f2c:22)", "10-01 11:54:49.286  6547  6547 D StateManager: \tat com.android.quickstep.util.StaggeredWorkspaceAnim.<init>(go/retraceme 31f9979659277bb965985aff1272c33e3c3c9e755b77166d20a2465454178f2c:4)", "--", "10-01 11:54:53.082  6297  7175 I ChimeraSrvcProxy: NullBinder for android.net.action.RECOMMEND_NETWORKS triggering remote TransactionTooLargeException due to Service without Chimera impl", "10-01 11:54:53.084  6297  7175 W .gms.persistent: Large reply transaction of 1056768 bytes, interface descriptor , code 1", "10-01 11:54:53.087  6685  6902 I BugleRcsEngine: Connected state: [1], networkType: [WIFI] [CONTEXT thread_id=57 ]", "10-01 11:54:53.087  6685  7227 I BugleRcsEngine: handleMessage processing message:[NOTIFY_UPTIME_IGNORE_STATE_CHANGED] with [non-null]:RcsEngineImpl reference [CONTEXT log_prefix=\"RcsEngineImpl[DUAL_REG]:[0b3c359c-6707]>Handler\" thread_id=64 ]", "10-01 11:54:53.091  6685  7227 I BugleRcsEngine: RCS Configuration storage in Bugle is disabled by p/h flag, using ProvisioningEngineStateCacheUtil.getProvisioningConfigurationForGivenSimIfExist() [CONTEXT log_prefix=\"ProvisioningEngineDataRetriever\" thread_id=64 ]", "10-01 11:54:53.452  9443  9501 D ProfileInstaller: Skipping profile installation for me.weishu.kernelsu", "10-01 11:54:53.807  5825  5980 D InetDiagMessage: Destroyed 0 sockets, proto=IPPROTO_TCP, family=AF_INET, states=14", "10-01 11:54:53.807  5825  5980 D InetDiagMessage: Destroyed 0 sockets, proto=IPPROTO_TCP, family=AF_INET6, states=14", "10-01 11:54:53.807  5825  5980 D InetDiagMessage: Destroyed live tcp sockets for uids={10209} in 1ms", "10-01 11:54:53.808  5825  5980 D InetDiagMessage: Destroyed 0 sockets, proto=IPPROTO_TCP, family=AF_INET, states=14", "10-01 11:54:53.809  5825  5980 D InetDiagMessage: Destroyed 0 sockets, proto=IPPROTO_TCP, family=AF_INET6, states=14", "10-01 11:54:53.809  5825  5980 D InetDiagMessage: Destroyed live tcp sockets for uids={20209} in 1ms", "10-01 11:54:53.822  5825  5922 D ActivityManager: freezing 6691 com.google.android.gms", "--", "10-01 11:55:09.041  6297  9590 W FontLog : java.lang.IllegalStateException: Cannot perform this operation because the connection pool has been closed.", "10-01 11:55:09.041  6297  9590 W FontLog : \tat android.database.sqlite.SQLiteConnectionPool.throwIfClosedLocked(SQLiteConnectionPool.java:1103)", "10-01 11:55:09.041  6297  9590 W FontLog : \tat android.database.sqlite.SQLiteConnectionPool.waitForConnection(SQLiteConnectionPool.java:794)", "10-01 11:55:09.041  6297  9590 W FontLog : \tat android.database.sqlite.SQLiteConnectionPool.acquireConnection(SQLiteConnectionPool.java:399)", "10-01 11:55:09.041  6297  9590 W FontLog : \tat android.database.sqlite.SQLiteSession.acquireConnection(SQLiteSession.java:920)", "10-01 11:55:09.041  6297  9590 W FontLog : \tat android.database.sqlite.SQLiteSession.executeForChangedRowCount(SQLiteSession.java:778)", "10-01 11:55:09.041  6297  9590 W FontLog : \tat android.database.sqlite.SQLiteStatement.executeUpdateDelete(SQLiteStatement.java:67)", "10-01 11:55:09.041  6297  9590 W FontLog : \tat android.database.sqlite.SQLiteDatabase.executeSql(SQLiteDatabase.java:2207)", "10-01 11:55:09.041  6297  9590 W FontLog : \tat android.database.sqlite.SQLiteDatabase.execSQL(SQLiteDatabase.java:2183)", "10-01 11:55:09.041  6297  9590 W FontLog : \tat bbkg.run(:com.google.android.gms@242335041@24.23.35 (190800-646585959):57)", "10-01 11:55:09.041  6297  9590 W FontLog : \tat angs.c(:com.google.android.gms@242335041@24.23.35 (190800-646585959):50)", "10-01 11:55:09.041  6297  9590 W FontLog : \tat angs.run(:com.google.android.gms@242335041@24.23.35 (190800-646585959):76)", "10-01 11:55:09.041  6297  9590 W FontLog : \tat java.util.concurrent.ThreadPoolExecutor.runWorker(ThreadPoolExecutor.java:1145)"]}
{"check":"console-errors","result":["--------- beginning of main", "10-01 11:55:08.538  9443  9535 E chromium: [1001/115508.538259:ERROR:variations_seed_loader.cc(37)] Seed missing signature.", "10-01 11:55:08.539  9443  9535 I chromium: [INFO:variations_seed_loader.cc(66)] Failed to open file for reading.: No such file or directory (2)", "10-01 11:55:08.851  9548  9569 W chromium: [WARNING:runtime_features.cc(694)] SharedStorage for M118+ cannot be enabled in this configuration. Use --enable-features=SharedStorageAPI,SharedStorageAPIM118 in addition.", "10-01 11:55:08.851  9548  9569 W chromium: [WARNING:runtime_features.cc(730)] AttributionReportingCrossAppWeb cannot be enabled in this configuration. Use --enable-features=ConversionMeasurement,AttributionReportingCrossAppWeb in addition.", "10-01 11:55:09.497  9443  9443 I chromium: [INFO:CONSOLE(1)] \"Injecting <script> tag. Using callback.\", source: https://mui.kernelsu.org/flutter_bootstrap.js (1)"]}
{"check":"first-frame-warm","result":{"url":"https://mui.kernelsu.org/index.html","socket":"webview_devtools_remote_9443","value":{"firstFrameMs":634,"now":15017,"flutter":true,"resizes":[],"paint":{"first-paint":1305,"first-contentful-paint":1305},"calls":[[104,"at-preload","ksu:undefined webui:undefined"],[112,"ksu-defined"],[126,"wrap-failed","exec"],[130,"wrap-failed","spawn"],[131,"wrap-failed","moduleInfo"],[131,"wrap-failed","fullScreen"],[132,"wrap-failed","enableEdgeToEdge"],[132,"wrap-failed","toast"],[135,"wrap-failed","exit"]],"resources":[["/flutter_bootstrap.js",94,147,"script",0],["/canvaskit/chromium/canvaskit.wasm",180,303,"fetch",0],["/canvaskit/chromium/canvaskit.js",181,217,"other",0],["/main.dart.js",182,303,"script",0],["/assets/FontManifest.json",508,528,"fetch",0],["/favicon.png",518,539,"other",0],["/assets/fonts/MaterialIcons-Regular.otf",531,560,"fetch",0],["/assets/packages/cupertino_icons/assets/CupertinoIcons.ttf",531,564,"fetch",0],["/assets/fonts/fallback/Roboto-Regular.ttf",531,562,"fetch",0],["/favicon.png",1210,1304,"other",0]],"marks":[],"measures":[],"fonts":[]}}}
Starting: Intent { cmp=me.weishu.kernelsu/.ui.webui.WebUIActivity (has extras) }
Status: ok
Activity: me.weishu.kernelsu/.ui.webui.WebUIActivity








Segmentation fault 
Status: ok
https://mui.kernelsu.org/index.html
token found in manager data: 3e293bcb902b35467d4d33f099cf40dc55e8f500e2f5344581a18bd12a218623
opened: intent-token
{"check":"targets","result":[{"type": "page", "url": "https://mui.kernelsu.org/index.html", "title": "Demo"}]}
{"check":"page","result":{"url":"https://mui.kernelsu.org/index.html","socket":"webview_devtools_remote_9677","value":{"href":"https://mui.kernelsu.org/index.html","title":"Demo","ready":"complete","flutter":true,"glass":true,"nav":{"dcl":888,"load":1477},"paint":{"first-paint":2062,"first-contentful-paint":5035},"glassAt":"present","firstFrame":null,"insets":"24px","vv":[320,640,1]}}}
{"check":"java-exceptions","result":["--", "10-01 11:55:55.415  9677  9804 E SuFilePathHandler: java.io.FileNotFoundException: No such file or directory: /data/adb/modules/demo/webroot/favicon.ico", "10-01 11:55:55.415  9677  9804 E SuFilePathHandler: \tat zb3.a(r8-map-id-9f7f45feba6f2c95784574c49c444982ed6e6c85bfa15582daceb837f5e42ea2:151)", "10-01 11:55:55.415  9677  9804 E SuFilePathHandler: \tat fk3.e(r8-map-id-9f7f45feba6f2c95784574c49c444982ed6e6c85bfa15582daceb837f5e42ea2:308)", "10-01 11:55:55.415  9677  9804 E SuFilePathHandler: \tat ja4.a(r8-map-id-9f7f45feba6f2c95784574c49c444982ed6e6c85bfa15582daceb837f5e42ea2:99)", "10-01 11:55:55.415  9677  9804 E SuFilePathHandler: \tat o11.shouldInterceptRequest(r8-map-id-9f7f45feba6f2c95784574c49c444982ed6e6c85bfa15582daceb837f5e42ea2:247)", "10-01 11:55:56.078  9677  9703 D EGL_emulation: app_time_stats: avg=296.23ms min=7.74ms max=1465.94ms count=7", "10-01 11:55:56.084  9677  9677 I Choreographer: Skipped 40 frames!  The application may be doing too much work on its main thread.", "10-01 11:55:56.232  9677  9685 I HWUI    : Davey! duration=707ms; Flags=0, FrameTimelineVsyncId=38009, IntendedVsync=486230076447, Vsync=486230076447, InputEventId=0, HandleInputStart=486232080821, AnimationStart=486232081271, PerformTraversalsStart=486233023883, DrawStart=486235733964, FrameDeadline=486246743113, FrameInterval=486232078928, FrameStartTime=16666666, SyncQueued=486238974615, SyncStart=486239351695, IssueDrawCommandsStart=486239836065, SwapBuffers=486807891138, FrameCompleted=486938086118, DequeueBufferDuration=27171, QueueBufferDuration=698709, GpuCompleted=486934642497, SwapBuffersCompleted=486938086118, DisplayPresentTime=-58491600544714703, CommandSubmissionCompleted=486807891138, ", "10-01 11:55:56.248  9677  9677 W ThreadPoolForeg: type=1400 audit(0.0:282): avc:  denied  { getattr } for  path=\"/data/adb\" dev=\"dm-46\" ino=319489 scontext=u:r:untrusted_app:s0:c209,c256,c512,c768 tcontext=u:object_r:adb_data_file:s0 tclass=dir permissive=0 app=me.weishu.kernelsu", "10-01 11:55:56.279  9677  9685 I HWUI    : Davey! duration=704ms; Flags=0, FrameTimelineVsyncId=38023, IntendedVsync=486263409779, Vsync=486930076419, InputEventId=0, HandleInputStart=486942252434, AnimationStart=486942253265, PerformTraversalsStart=486944554859, DrawStart=486944590242, FrameDeadline=487113409745, FrameInterval=486941891007, FrameStartTime=16666666, SyncQueued=486944872101, SyncStart=487090739701, IssueDrawCommandsStart=487090780993, SwapBuffers=487093477833, FrameCompleted=487113962531, DequeueBufferDuration=14393458, QueueBufferDuration=214248, GpuCompleted=487113962531, SwapBuffersCompleted=487112365675, DisplayPresentTime=-56694925530066125, CommandSubmissionCompleted=487093477833, ", "10-01 11:55:56.248  9677  9677 W ThreadPoolForeg: type=1400 audit(0.0:283): avc:  denied  { getattr } for  path=\"/data/adb\" dev=\"dm-46\" ino=319489 scontext=u:r:untrusted_app:s0:c209,c256,c512,c768 tcontext=u:object_r:adb_data_file:s0 tclass=dir permissive=0 app=me.weishu.kernelsu", "--", "10-01 11:55:59.418  6297  7114 I ChimeraSrvcProxy: NullBinder for android.net.action.RECOMMEND_NETWORKS triggering remote TransactionTooLargeException due to Service without Chimera impl", "10-01 11:55:59.418  6297  7114 W .gms.persistent: Large reply transaction of 1056768 bytes, interface descriptor , code 1", "10-01 11:55:59.419  5744  9874 I resolv  : res_nsend: used send_dg 79 terrno: 0", "10-01 11:55:59.420  5744  9874 I resolv  : doQuery: rcode=0, ancount=2, return value=79", "10-01 11:55:59.420  5744  9873 I resolv  : res_nsend: used send_dg 91 terrno: 0", "10-01 11:55:59.420  5744  9873 I resolv  : doQuery: rcode=0, ancount=2, return value=91", "10-01 11:55:59.431  6297  7189 D TrafficStats: tagSocket(-1) with statsTag=0x30000407, statsUid=-1", "10-01 11:55:59.432  6297  7189 I TrafficStats: tagSocketFd(-1, 805307399, -1) failed with errno-9", "10-01 11:55:59.433  6297  7189 D TrafficStats: tagSocket(160) with statsTag=0x30000407, statsUid=-1", "10-01 11:55:59.435  6685  7227 I BugleRcsEngine: RCS Configuration storage in Bugle is disabled by p/h flag, using ProvisioningEngineStateCacheUtil.getProvisioningConfigurationForGivenSimIfExist() [CONTEXT log_prefix=\"ProvisioningEngineDataRetriever\" thread_id=64 ]", "10-01 11:55:59.476  5825  5835 I system_server: Background concurrent mark compact GC freed 21MB AllocSpace bytes, 87(1908KB) LOS objects, 47% free, 26MB/50MB, paused 1.668ms,2.298ms total 359.939ms", "10-01 11:55:59.477  5825  5836 I BpBinder: onLastStrongRef automatically unlinking death recipients: ", "10-01 11:55:59.494  5825  5837 W system_server: ApkAssets: Deleting an ApkAssets object '<empty> and /product/app/LatinIMEGooglePrebuilt/LatinIMEGooglePrebuilt.apk' with 1 weak references", "--", "10-01 11:56:05.432  6297  7124 I ChimeraSrvcProxy: NullBinder for android.net.action.RECOMMEND_NETWORKS triggering remote TransactionTooLargeException due to Service without Chimera impl", "10-01 11:56:05.433  6297  7124 W .gms.persistent: Large reply transaction of 1056768 bytes, interface descriptor , code 1", "10-01 11:56:05.433  6685  7227 I BugleRcsEngine: RCS Configuration storage in Bugle is disabled by p/h flag, using ProvisioningEngineStateCacheUtil.getProvisioningConfigurationForGivenSimIfExist() [CONTEXT log_prefix=\"ProvisioningEngineDataRetriever\" thread_id=64 ]", "10-01 11:56:07.929  5825  6163 D OomAdjuster: Not killing cached processes", "10-01 11:56:08.643  5744  9885 I resolv  : GetAddrInfoHandler::run: {101 786533 101 983141 10143 0}", "10-01 11:56:08.644  5744  9886 I resolv  : res_nmkquery: (QUERY, IN, AAAA)", "10-01 11:56:08.644  5744  9887 I resolv  : res_nmkquery: (QUERY, IN, A)", "10-01 11:56:08.655  5744  9886 I resolv  : res_nsend: used send_dg 273 terrno: 0", "10-01 11:56:08.655  5744  9886 I resolv  : doQuery: rcode=0, ancount=8, return value=273", "10-01 11:56:08.655  5744  9887 I resolv  : res_nsend: used send_dg 177 terrno: 0", "10-01 11:56:08.655  5744  9887 I resolv  : doQuery: rcode=0, ancount=8, return value=177", "10-01 11:56:09.204  6691  6691 D BoundBrokerSvc: onUnbind: Intent { act=com.google.android.gms.safetynet.service.START pkg=com.google.android.gms }", "10-01 11:56:09.233  5744  5744 I netd    : tetherGetStats() -> {[]} <1.42ms>"]}
{"check":"console-errors","result":["--------- beginning of main", "10-01 11:55:53.599  9677  9796 E chromium: [1001/115553.599572:ERROR:variations_seed_loader.cc(37)] Seed missing signature.", "10-01 11:55:53.600  9677  9796 I chromium: [1001/115553.600093:INFO:variations_seed_loader.cc(66)] Failed to open file for reading.: No such file or directory (2)", "10-01 11:55:53.973  9802  9829 W chromium: [WARNING:runtime_features.cc(694)] SharedStorage for M118+ cannot be enabled in this configuration. Use --enable-features=SharedStorageAPI,SharedStorageAPIM118 in addition.", "10-01 11:55:53.976  9802  9829 W chromium: [WARNING:runtime_features.cc(730)] AttributionReportingCrossAppWeb cannot be enabled in this configuration. Use --enable-features=ConversionMeasurement,AttributionReportingCrossAppWeb in addition.", "10-01 11:55:54.559  9802  9829 I chromium: [INFO:viewport_data.cc(133)] E2E_Used ViewportFitCover", "10-01 11:55:54.776  9677  9677 I chromium: [INFO:CONSOLE(3)] \"Injecting <script> tag. Using callback.\", source: https://mui.kernelsu.org/flutter_bootstrap.js (3)", "10-01 11:55:58.731  9677  9677 I chromium: [INFO:CONSOLE(28022)] \"Warning: Buffers cannot be shared due to missing cross-origin headers. Please refer to https://fzyzcjy.github.io/flutter_rust_bridge/manual/miscellaneous/web-cross-origin for details.\", source: https://mui.kernelsu.org/main.dart.js (28022)", "10-01 11:55:58.932  9677  9677 I chromium: [INFO:CONSOLE(734)] \"using deprecated parameters for the initialization function; pass a single object instead\", source: https://mui.kernelsu.org/pkg/demo_native.js (734)"]}
{"check":"first-frame-warm","result":{"url":"https://mui.kernelsu.org/index.html","socket":"webview_devtools_remote_9677","value":{"firstFrameMs":984,"now":15054,"flutter":true,"resizes":[],"paint":{"first-paint":716,"first-contentful-paint":2699},"calls":[[130,"at-preload","ksu:undefined webui:undefined"],[154,"ksu-defined"],[156,"wrap-failed","exec"],[156,"wrap-failed","spawn"],[156,"wrap-failed","moduleInfo"],[157,"wrap-failed","fullScreen"],[157,"wrap-failed","enableEdgeToEdge"],[157,"wrap-failed","toast"],[157,"wrap-failed","exit"]],"resources":[["/internal/insets.css",87,142,"link",0],["/flutter_webui.css",87,164,"link",0],["/flutter_webui.js",88,178,"script",0],["/flutter_bootstrap.js",118,187,"script",0],["/canvaskit/chromium/canvaskit.wasm",230,345,"fetch",0],["/canvaskit/chromium/canvaskit.js",230,254,"other",0],["/main.dart.js",231,345,"script",0],["/assets/FontManifest.json",646,666,"fetch",0],["/assets/fonts/MaterialIcons-Regular.otf",668,704,"fetch",0],["/assets/fonts/fallback/Roboto-Regular.ttf",668,717,"fetch",0],["/favicon.ico",669,687,"other",0],["/pkg/demo_native.js",2685,2764,"script",0],["/pkg/demo_native_bg.wasm",2771,2872,"fetch",0]],"marks":[["flutter_webui:register",733],["flutter_webui:registered",738],["flutter_webui:first-frame",984]],"measures":[],"fonts":[]}}}
{"url":"https://mui.kernelsu.org/index.html","socket":"webview_devtools_remote_9677","value":"semantics on"}
{"check":"home","result":{"url":"https://mui.kernelsu.org/index.html","socket":"webview_devtools_remote_9677","value":["Squadron","Process","native","net","Say hello","Count to 5","SHA-256","Demo pages\nOne page per thing the stack promises.","Places","Strategy","Rust","Lifecycle","Shell","Plugins"]}}
{"check":"tap-places","result":{"url":"https://mui.kernelsu.org/index.html","socket":"webview_devtools_remote_9677","value":"tapped Places at 16,572 size 288x56 role button tappable"}}
{"check":"places","result":{"url":"https://mui.kernelsu.org/index.html","socket":"webview_devtools_remote_9677","value":["Back\nBack","One service, DemoService, opened in every place this build knows. Each place probes its own facts from inside; the page never guesses from the platform it was built for.","200k","1M","3M","Count primes in every place","Restart places","inline (the caller)\nkind: inline\nstart 404 ms, first facts() round trip 39 ms\nroot\ncheck: effective uid 0\nblock_devices\ncheck: a kernel-listed block device opens for reading\nusb.native\ncheck: /dev/bus/usb lists\nusb.web\ncheck: navigator.usb exists\nprocess.spawn\ncheck: a shell runs\nfs.persistent\ncheck: working dir writable, or storage persisted\nnet\ncheck: a non-loopback interface is up, or onLine\nnative\ncheck: null","worker (isolate or Web Worker)\nkind: web_worker\nstart 607 ms, first facts() round trip 0 ms\nroot\ncheck: effective uid 0\nblock_devices\ncheck: a kernel-listed block device opens for reading\nusb.native\ncheck: /dev/bus/usb lists\nusb.web\ncheck: navigator.usb exists\nprocess.spawn\ncheck: a shell runs\nfs.persistent\ncheck: working dir writable, or storage persisted\nnet\ncheck: a non-loopback interface is up, or onLine\nnative\ncheck: null","Places","Strategy","Rust","Lifecycle","Shell","Plugins"]}}
{"check":"places-scroll-1","result":{"url":"https://mui.kernelsu.org/index.html","socket":"webview_devtools_remote_9677","value":["Back\nBack","One service, DemoService, opened in every place this build knows. Each place probes its own facts from inside; the page never guesses from the platform it was built for.","200k","1M","3M","Count primes in every place","Restart places","inline (the caller)\nkind: inline\nstart 404 ms, first facts() round trip 39 ms\nroot\ncheck: effective uid 0\nblock_devices\ncheck: a kernel-listed block device opens for reading\nusb.native\ncheck: /dev/bus/usb lists\nusb.web\ncheck: navigator.usb exists\nprocess.spawn\ncheck: a shell runs\nfs.persistent\ncheck: working dir writable, or storage persisted\nnet\ncheck: a non-loopback interface is up, or onLine\nnative\ncheck: null","worker (isolate or Web Worker)\nkind: web_worker\nstart 607 ms, first facts() round trip 0 ms\nroot\ncheck: effective uid 0\nblock_devices\ncheck: a kernel-listed block device opens for reading\nusb.native\ncheck: /dev/bus/usb lists\nusb.web\ncheck: navigator.usb exists\nprocess.spawn\ncheck: a shell runs\nfs.persistent\ncheck: working dir writable, or storage persisted\nnet\ncheck: a non-loopback interface is up, or onLine\nnative\ncheck: null","Places","Strategy","Rust","Lifecycle","Shell","Plugins"]}}
{"check":"places-scroll-2","result":{"url":"https://mui.kernelsu.org/index.html","socket":"webview_devtools_remote_9677","value":["Back\nBack","inline (the caller)\nkind: inline\nstart 404 ms, first facts() round trip 39 ms\nroot\ncheck: effective uid 0\nblock_devices\ncheck: a kernel-listed block device opens for reading\nusb.native\ncheck: /dev/bus/usb lists\nusb.web\ncheck: navigator.usb exists\nprocess.spawn\ncheck: a shell runs\nfs.persistent\ncheck: working dir writable, or storage persisted\nnet\ncheck: a non-loopback interface is up, or onLine\nnative\ncheck: null","worker (isolate or Web Worker)\nkind: web_worker\nstart 607 ms, first facts() round trip 0 ms\nroot\ncheck: effective uid 0\nblock_devices\ncheck: a kernel-listed block device opens for reading\nusb.native\ncheck: /dev/bus/usb lists\nusb.web\ncheck: navigator.usb exists\nprocess.spawn\ncheck: a shell runs\nfs.persistent\ncheck: working dir writable, or storage persisted\nnet\ncheck: a non-loopback interface is up, or onLine\nnative\ncheck: null","root process (the app CLI, serve mode)\nkind: process\nstart 720 ms, first facts() round trip 0 ms\nroot\ncheck: effective uid 0\nblock_devices\ncheck: a kernel-listed block device opens for reading\nusb.native\ncheck: /dev/bus/usb lists\nusb.web\ncheck: navigator.usb exists\nprocess.spawn\ncheck: a shell runs\nfs.persistent\ncheck: working dir writable, or storage persisted\nnet\ncheck: a non-loopback interface is up, or onLine\nnative\ncheck: null","Places","Strategy","Rust","Lifecycle","Shell","Plugins"]}}
{"check":"places-scroll-3","result":{"url":"https://mui.kernelsu.org/index.html","socket":"webview_devtools_remote_9677","value":["Back\nBack","inline (the caller)\nkind: inline\nstart 404 ms, first facts() round trip 39 ms\nroot\ncheck: effective uid 0\nblock_devices\ncheck: a kernel-listed block device opens for reading\nusb.native\ncheck: /dev/bus/usb lists\nusb.web\ncheck: navigator.usb exists\nprocess.spawn\ncheck: a shell runs\nfs.persistent\ncheck: working dir writable, or storage persisted\nnet\ncheck: a non-loopback interface is up, or onLine\nnative\ncheck: null","worker (isolate or Web Worker)\nkind: web_worker\nstart 607 ms, first facts() round trip 0 ms\nroot\ncheck: effective uid 0\nblock_devices\ncheck: a kernel-listed block device opens for reading\nusb.native\ncheck: /dev/bus/usb lists\nusb.web\ncheck: navigator.usb exists\nprocess.spawn\ncheck: a shell runs\nfs.persistent\ncheck: working dir writable, or storage persisted\nnet\ncheck: a non-loopback interface is up, or onLine\nnative\ncheck: null","root process (the app CLI, serve mode)\nkind: process\nstart 720 ms, first facts() round trip 0 ms\nroot\ncheck: effective uid 0\nblock_devices\ncheck: a kernel-listed block device opens for reading\nusb.native\ncheck: /dev/bus/usb lists\nusb.web\ncheck: navigator.usb exists\nprocess.spawn\ncheck: a shell runs\nfs.persistent\ncheck: working dir writable, or storage persisted\nnet\ncheck: a non-loopback interface is up, or onLine\nnative\ncheck: null","Reference: one call and one stream per place\nsquadron_process doc/benchmark.md, a 4-vCPU VM. Not measured here; devicelab measures devices.\nCall: isolate 31 µs, Web Worker (dart2js) 120 µs, process 247 µs, process from the page 401 µs.\n64 KiB stream: isolate 3643 MiB/s, Web Worker 631 MiB/s, process link about 110 MiB/s.","Places","Strategy","Rust","Lifecycle","Shell","Plugins"]}}
{"check":"tap-strategy","result":{"url":"https://mui.kernelsu.org/index.html","socket":"webview_devtools_remote_9677","value":"tapped Strategy at 53,536 size 53x80 role tab tappable"}}
{"check":"strategy","result":{"url":"https://mui.kernelsu.org/index.html","socket":"webview_devtools_remote_9677","value":["Back\nBack","Objective: list the device's partitions. Strategies in preference order: on the device as root, then from a host over USB. The first one the place's facts allow runs; nothing reads kIsWeb or Platform.","Place","inline (the caller)","worker (isolate or Web Worker)","root process (the app CLI, serve mode)","Facts from inline (the caller)\nSwitch a fact off to see the fallback. You can only take facts away.\nroot\ncheck: effective uid 0\nblock_devices\ncheck: a kernel-listed block device opens for reading\nusb.native\ncheck: /dev/bus/usb lists\nusb.web\ncheck: navigator.usb exists\nprocess.spawn\ncheck: a shell runs\nfs.persistent\ncheck: working dir writable, or storage persisted\nnet\ncheck: a non-loopback interface is up, or onLine\nnative\ncheck: null","root","block_devices","usb.native","process.spawn","Places","Strategy","Rust","Lifecycle","Shell","Plugins"]}}
{"check":"tap-strategy-root","result":{"url":"https://mui.kernelsu.org/index.html","socket":"webview_devtools_remote_9677","value":"tapped root process at 24,358 size 272x48 role checkbox tappable"}}
{"check":"strategy-root","result":{"url":"https://mui.kernelsu.org/index.html","socket":"webview_devtools_remote_9677","value":["Back\nBack","Objective: list the device's partitions. Strategies in preference order: on the device as root, then from a host over USB. The first one the place's facts allow runs; nothing reads kIsWeb or Platform.","Place","inline (the caller)","worker (isolate or Web Worker)","root process (the app CLI, serve mode)","Facts from root process (the app CLI, serve mode)\nSwitch a fact off to see the fallback. You can only take facts away.\nroot\ncheck: effective uid 0\nblock_devices\ncheck: a kernel-listed block device opens for reading\nusb.native\ncheck: /dev/bus/usb lists\nusb.web\ncheck: navigator.usb exists\nprocess.spawn\ncheck: a shell runs\nfs.persistent\ncheck: working dir writable, or storage persisted\nnet\ncheck: a non-loopback interface is up, or onLine\nnative\ncheck: null","root","block_devices","usb.native","process.spawn","Places","Strategy","Rust","Lifecycle","Shell","Plugins"]}}
{"check":"strategy-root-scroll-1","result":{"url":"https://mui.kernelsu.org/index.html","socket":"webview_devtools_remote_9677","value":["Back\nBack","Place","inline (the caller)","worker (isolate or Web Worker)","root process (the app CLI, serve mode)","Facts from root process (the app CLI, serve mode)\nSwitch a fact off to see the fallback. You can only take facts away.\nroot\ncheck: effective uid 0\nblock_devices\ncheck: a kernel-listed block device opens for reading\nusb.native\ncheck: /dev/bus/usb lists\nusb.web\ncheck: navigator.usb exists\nprocess.spawn\ncheck: a shell runs\nfs.persistent\ncheck: working dir writable, or storage persisted\nnet\ncheck: a non-loopback interface is up, or onLine\nnative\ncheck: null","root","block_devices","usb.native","process.spawn","Chosen: on device (/proc/partitions as root)\non_device chosen","on device (/proc/partitions as root)\nneeds root + block_devices: has them","from host (fastboot getvar all)\nneeds usb.native + process.spawn: has them","Places","Strategy","Rust","Lifecycle","Shell","Plugins"]}}
{"check":"strategy-root-scroll-2","result":{"url":"https://mui.kernelsu.org/index.html","socket":"webview_devtools_remote_9677","value":["Back\nBack","Facts from root process (the app CLI, serve mode)\nSwitch a fact off to see the fallback. You can only take facts away.\nroot\ncheck: effective uid 0\nblock_devices\ncheck: a kernel-listed block device opens for reading\nusb.native\ncheck: /dev/bus/usb lists\nusb.web\ncheck: navigator.usb exists\nprocess.spawn\ncheck: a shell runs\nfs.persistent\ncheck: working dir writable, or storage persisted\nnet\ncheck: a non-loopback interface is up, or onLine\nnative\ncheck: null","root","block_devices","usb.native","process.spawn","Chosen: on device (/proc/partitions as root)\non_device chosen","on device (/proc/partitions as root)\nneeds root + block_devices: has them","from host (fastboot getvar all)\nneeds usb.native + process.spawn: has them","Run on_device in process","Log\nEvery run: objective, strategy, place and the facts it saw.\nNothing has run yet.","Places","Strategy","Rust","Lifecycle","Shell","Plugins"]}}
{"check":"tap-rust","result":{"url":"https://mui.kernelsu.org/index.html","socket":"webview_devtools_remote_9677","value":"tapped Rust at 107,536 size 53x80 role tab tappable"}}
{"check":"rust","result":{"url":"https://mui.kernelsu.org/index.html","socket":"webview_devtools_remote_9677","value":["Back\nBack","The demo crate (rust/) counts the primes below 1000000 with the same loop as page 1's Dart. The service loads it in its own place through flutter_rust_bridge, so each place runs its own build.","Run in every place","inline (the caller)","Run here","worker (isolate or Web Worker)","Run here","root process (the app CLI, serve mode)","Run here","Places","Strategy","Rust","Lifecycle","Shell","Plugins"]}}
{"check":"tap-rust-run","result":{"url":"https://mui.kernelsu.org/index.html","socket":"webview_devtools_remote_9677","value":"tapped Run in every place at 16,196 size 288x48 role button tappable"}}
{"check":"rust-ran","result":{"url":"https://mui.kernelsu.org/index.html","socket":"webview_devtools_remote_9677","value":["Back\nBack","The demo crate (rust/) counts the primes below 1000000 with the same loop as page 1's Dart. The service loads it in its own place through flutter_rust_bridge, so each place runs its own build.","Run in every place","inline (the caller)\nBuilt for: wasm32-unknown (single-threaded)\nLoad: 0 ms (the place loads it once, when it first checks its facts)\nRust 156 ms, Dart 1057 ms (same count: 78498)","Run here","worker (isolate or Web Worker)\nBuilt for: wasm32-unknown (single-threaded)\nLoad: 164 ms (the place loads it once, when it first checks its facts)\nRust 335 ms, Dart 273 ms (same count: 78498)","Run here","root process (the app CLI, serve mode)\nBuilt for: x86_64-android\nLoad: 0 ms (the place loads it once, when it first checks its facts)\nRust 192 ms, Dart 163 ms (same count: 78498)","Places","Strategy","Rust","Lifecycle","Shell","Plugins"]}}
{"check":"tap-lifecycle","result":{"url":"https://mui.kernelsu.org/index.html","socket":"webview_devtools_remote_9677","value":"tapped Lifecycle at 160,536 size 53x80 role tab tappable"}}
{"check":"tap-root-process","result":{"url":"https://mui.kernelsu.org/index.html","socket":"webview_devtools_remote_9677","value":"tapped root process at 24,390 size 272x48 role checkbox tappable"}}
{"check":"tap-start","result":{"url":"https://mui.kernelsu.org/index.html","socket":"webview_devtools_remote_9677","value":"tapped Start at 24,462 size 97x48 role button tappable"}}
{"check":"lifecycle-running","result":{"url":"https://mui.kernelsu.org/index.html","socket":"webview_devtools_remote_9677","value":["Back\nBack","Start a five-minute task, then switch away (Home, another app or tab) and come back: hidden keeps going. Close the app instead and reopen it: closed stops, and this page says where the task was when it ended.","Task\ntick every 500 ms, stamped with the place's own clock\nrunning in process: tick 17/600, longest gap 510 ms, app resumed 3","inline (the caller)","worker (isolate or Web Worker)","root process (the app CLI, serve mode)","Stop","Lifecycle\n11:58:08  started in process","Facts from root process (the app CLI, serve mode)\nroot\ncheck: effective uid 0\nblock_devices\ncheck: a kernel-listed block device opens for reading\nusb.native\ncheck: /dev/bus/usb lists\nusb.web\ncheck: navigator.usb exists\nprocess.spawn\ncheck: a shell runs\nfs.persistent\ncheck: working dir writable, or storage persisted\nnet\ncheck: a non-loopback interface is up, or onLine\nnative\ncheck: null","Places","Strategy","Rust","Lifecycle","Shell","Plugins"]}}
{"check":"lifecycle-after-home","result":{"url":"https://mui.kernelsu.org/index.html","socket":"webview_devtools_remote_9677","value":["Back\nBack","Start a five-minute task, then switch away (Home, another app or tab) and come back: hidden keeps going. Close the app instead and reopen it: closed stops, and this page says where the task was when it ended.","Task\ntick every 500 ms, stamped with the place's own clock\nrunning in process: tick 42/600, longest gap 549 ms, app resumed 7","inline (the caller)","worker (isolate or Web Worker)","root process (the app CLI, serve mode)","Stop","Lifecycle\n11:58:24  away 7.1 s: the place produced 14 ticks (on schedule: 14); longest gap 523 ms\n11:58:24  inactive -> resumed\n11:58:24  hidden -> inactive\n11:58:17  inactive -> hidden\n11:58:17  resumed -> inactive\n11:58:08  started in process","Places","Strategy","Rust","Lifecycle","Shell","Plugins"]}}
{"check":"root-process","result":"root             0 u:r:ksu:s0                      9958 dartaotruntime\nroot             0 u:r:ksu:s0                      9979 dartaotruntime"}
/home/runner/work/devicelab/devicelab/out/sockprobe: 1 file pushed, 0 skipped. 68.2 MB/s (3501149 bytes in 0.049s)
{"check":"block-devices","result":"dm-0\ndm-1\ndm-11\ndm-13\ndm-14\ndm-16\ndm-17\ndm-18\ntotal 0\ndrwxr-xr-x 2 root root u:object_r:block_device:s0                140 2026-10-01 11:47 by-name\nbrw------- 1 root root u:object_r:dm_device:s0              254,   0 2026-10-01 11:47 dm-0\nbrw------- 1 root root u:object_r:dm_device:s0              254,   1 2026-10-01 11:47 dm-1\nbrw------- 1 root root u:object_r:dm_device:s0              254,  11 2026-10-01 11:47 dm-11\nbrw------- 1 root root u:object_r:dm_device:s0              254,  13 2026-10-01 11:47 dm-13\nbrw------- 1 root root u:object_r:dm_device:s0              254,  14 2026-10-01 11:47 dm-14\nbrw------- 1 root root u:object_r:dm_device:s0              254,  16 2026-10-01 11:47 dm-16\nbrw------- 1 root root u:object_r:dm_device:s0              254,  17 2026-10-01 11:47 dm-17\nbrw------- 1 root root u:object_r:dm_device:s0              254,  18 2026-10-01 11:47 dm-18\nbrw------- 1 root root u:object_r:dm_device:s0              254,  19 2026-10-01 11:47 dm-19\nbrw------- 1 root root u:object_r:dm_device:s0              254,   2 2026-10-01 11:47 dm-2\n-- su:\n0000000  \\0\n-- ksu:\n{\"error\":\"write /proc/thread-self/attr/current: operation not permitted\",\"op\":\"setcon\"}\n-- avc:"}
{"check":"back-1","result":{"url":"https://mui.kernelsu.org/index.html","socket":"webview_devtools_remote_9677","value":["Squadron","Process","native","net","Say hello","Count to 5","SHA-256","Demo pages\nOne page per thing the stack promises.","Places","Strategy","Rust","Lifecycle","Shell","Plugins"]}}
{"check":"back-1-top","result":"topResumedActivity=ActivityRecord{9f895b2 u0 me.weishu.kernelsu/.ui.webui.WebUIActivity t17}"}
{"check":"back-2-top","result":"topResumedActivity=ActivityRecord{6250c7c u0 com.google.android.apps.nexuslauncher/.NexusLauncherActivity t9}"}
{"check":"mount","result":"mount: mounting overlay on /product/app failed: Invalid argument\noverlay failed: 255\nmagic mount ok\ntotal 3736\ndrwxr-xr-x  2 root root u:object_r:system_file:s0     4096 2026-10-01 11:50 .\ndrwxr-xr-x 30 root root u:object_r:system_file:s0      600 2026-10-01 11:50 ..\n-rw-r--r--  1 root root u:object_r:system_file:s0  3809993 2026-10-01 11:50 WebuiTermuxApi.apk\nCalendarGooglePrebuilt\nCamera2\nChrome\nChrome-Stub\nDrive\n/dev/block/dm-3 /product ext4 ro,seclabel,relatime 0 0\ntmpfs /dev/app_plane_app tmpfs rw,seclabel,relatime,mode=755 0 0\ntmpfs /product/app tmpfs rw,seclabel,relatime,mode=755 0 0\n/dev/block/dm-3 /product/app/CalendarGooglePrebuilt ext4 ro,seclabel,relatime 0 0\n/dev/block/dm-3 /product/app/Camera2 ext4 ro,seclabel,relatime 0 0\n/dev/block/dm-3 /product/app/Chrome ext4 ro,seclabel,relatime 0 0\n/dev/block/dm-3 /product/app/Chrome-Stub ext4 ro,seclabel,relatime 0 0\n/dev/block/dm-3 /product/app/Drive ext4 ro,seclabel,relatime 0 0\n28"}
{"check":"package","result":"package:/product/app/WebuiTermuxApi/WebuiTermuxApi.apk\n    flags=0x0\n    flags=0x0\n    codePath=/product/app/WebuiTermuxApi\n    versionName=0.53.0-webui.1\n    flags=[ SYSTEM HAS_CODE ALLOW_CLEAR_USER_DATA ALLOW_BACKUP ]\n    privateFlags=[ PRIVATE_FLAG_ACTIVITIES_RESIZE_MODE_RESIZEABLE_VIA_SDK_VERSION PRIVATE_FLAG_REQUEST_LEGACY_EXTERNAL_STORAGE PRODUCT PRIVATE_FLAG_ALLOW_NATIVE_HEAP_POINTER_TAGGING ]\n        android.permission.READ_SMS: granted=false, flags=[ USER_SENSITIVE_WHEN_GRANTED|USER_SENSITIVE_WHEN_DENIED|RESTRICTION_UPGRADE_EXEMPT]\n        android.permission.POST_NOTIFICATIONS: granted=false, flags=[ USER_SENSITIVE_WHEN_GRANTED|USER_SENSITIVE_WHEN_DENIED]"}
/home/runner/work/devicelab/devicelab/out/sockprobe: 1 file pushed, 0 skipped. 161.9 MB/s (3501149 bytes in 0.021s)
Broadcasting: Intent { flg=0x1400020 cmp=com.webui.termux.api/com.termux.api.TermuxApiReceiver (has extras) }
Broadcast completed: result=0
Broadcasting: Intent { flg=0x1400020 cmp=com.webui.termux.api/com.termux.api.TermuxApiReceiver (has extras) }
Broadcast completed: result=0
{"check":"broadcast","result":"Broadcasting: Intent { flg=0x1400020 cmp=com.webui.termux.api/com.termux.api.TermuxApiReceiver (has extras) }\nBroadcast completed: result=0\nBroadcasting: Intent { flg=0x1400020 cmp=com.webui.termux.api/com.termux.api.TermuxApiReceiver (has extras) }\nBroadcast completed: result=0"}
{"check":"app-process","result":"u0_a210      10210 u:r:untrusted_app_27:s0:c210,c256,c512,c768 com.webui.termux.api"}
{"check":"listener-module","result":"{\"context\":\"u:r:su:s0\",\"event\":\"start\",\"names\":[\"wx_ksu_out\",\"wx_ksu_in\"],\"uid\":0}\n{\"data\":\"{\\n  \\\"present\\\": true,\\n  \\\"technology\\\": \\\"Li-ion\\\",\\n  \\\"health\\\": \\\"GOOD\\\",\\n  \\\"plugged\\\": \\\"PLUGGED_AC\\\",\\n  \\\"status\\\": \\\"CHARGING\\\",\\n  \\\"temperature\\\": 25.0,\\n  \\\"voltage\\\": 5000,\\n  \\\"current\\\": 900000,\\n  \\\"current_average\\\": 900000,\\n  \\\"percentage\\\": 100,\\n  \\\"level\\\": 100,\\n  \\\"scale\\\": 100,\\n  \\\"charge_counter\\\": 10000,\\n  \\\"cycle\\\": 10\\n}\\n\",\"event\":\"connect\",\"name\":\"wx_ksu_out\",\"peerContext\":\"u:r:untrusted_app_27:s0:c210,c256,c512,c768\",\"peerPid\":10307,\"peerUid\":10210,\"t\":1790855919935}"}
{"check":"listener-su","result":"{\"context\":\"u:r:su:s0\",\"event\":\"start\",\"names\":[\"wx_su_out\",\"wx_su_in\"],\"uid\":0}\n{\"data\":\"{\\n  \\\"present\\\": true,\\n  \\\"technology\\\": \\\"Li-ion\\\",\\n  \\\"health\\\": \\\"GOOD\\\",\\n  \\\"plugged\\\": \\\"PLUGGED_AC\\\",\\n  \\\"status\\\": \\\"CHARGING\\\",\\n  \\\"temperature\\\": 25.0,\\n  \\\"voltage\\\": 5000,\\n  \\\"current\\\": 900000,\\n  \\\"current_average\\\": 900000,\\n  \\\"percentage\\\": 100,\\n  \\\"level\\\": 100,\\n  \\\"scale\\\": 100,\\n  \\\"charge_counter\\\": 10000,\\n  \\\"cycle\\\": 10\\n}\\n\",\"event\":\"connect\",\"name\":\"wx_su_out\",\"peerContext\":\"u:r:untrusted_app_27:s0:c210,c256,c512,c768\",\"peerPid\":10307,\"peerUid\":10210,\"t\":1790855928033}"}
{"check":"avc","result":"10-01 11:58:39.771  5825  7340 I ActivityManager: Broadcasting: Intent { flg=0x1400020 cmp=com.webui.termux.api/com.termux.api.TermuxApiReceiver (has extras) }\n10-01 11:58:39.773  5825  7340 I ActivityManager: Enqueued broadcast Intent { flg=0x1400020 cmp=com.webui.termux.api/com.termux.api.TermuxApiReceiver (has extras) }: 0\n10-01 11:58:39.805  5825  5864 I ActivityManager: Start proc 10307:com.webui.termux.api/u0a210 for broadcast {com.webui.termux.api/com.termux.api.TermuxApiReceiver}\n10-01 11:58:39.826 10307 10307 I ebui.termux.api: Using CollectorTypeCMC GC.\n10-01 11:58:39.828 10307 10307 W ebui.termux.api: Unexpected CPU variant for x86: x86_64.\n10-01 11:58:39.828 10307 10307 W ebui.termux.api: Known variants: atom, sandybridge, silvermont, goldmont, goldmont-plus, goldmont-without-sha-xsaves, tremont, kabylake, default\n10-01 11:58:39.833 10307 10307 E ebui.termux.api: Not starting debugger since process cannot load the jdwp agent.\n10-01 11:58:39.866 10307 10307 W ziparchive: Unable to open '/product/app/WebuiTermuxApi/WebuiTermuxApi.dm': No such file or directory\n10-01 11:58:39.866 10307 10307 W ziparchive: Unable to open '/product/app/WebuiTermuxApi/WebuiTermuxApi.dm': No such file or directory\n10-01 11:58:39.891 10307 10307 D nativeloader: Configuring product-clns-7 for unbundled product apk /product/app/WebuiTermuxApi/WebuiTermuxApi.apk. target_sdk_version=28, uses_libraries=, library_path=/product/app/WebuiTermuxApi/lib/x86_64:/product/lib64:/system/product/lib64, permitted_path=/data:/mnt/expand:/data/user/0/com.webui.termux.api:/product/lib64:/system/product/lib64\n10-01 11:58:39.912 10307 10307 I TermuxAPIApplication: AppInit\n10-01 11:58:39.923  5825  6163 I AppsFilter: interaction: PackageSetting{5a57834 com.android.microdroid.empty_payload/10200} -> PackageSetting{331db53 com.webui.termux.api/10210} BLOCKED\n10-01 11:58:39.928  5825  6009 I AppWidgetServiceImpl: Updating package stopped masked state for uid 10210 package com.webui.termux.api isStopped false\n10-01 11:58:44.977 10307 10329 D ProfileInstaller: Installing profile for com.webui.termux.api\n10-01 11:58:48.029  5825  6163 I ActivityManager: Broadcasting: Intent { flg=0x1400020 cmp=com.webui.termux.api/com.termux.api.TermuxApiReceiver (has extras) }\n10-01 11:58:48.030  5825  6163 I ActivityManager: Enqueued broadcast Intent { flg=0x1400020 cmp=com.webui.termux.api/com.termux.api.TermuxApiReceiver (has extras) }: 0"}
SELinux: Loaded file context from:
		/system/etc/selinux/plat_file_contexts
		/system_ext/etc/selinux/system_ext_file_contexts
		/vendor/etc/selinux/vendor_file_contexts
{"check":"restorecon","result":"u:object_r:app_data_file:s0:c210,c256,c512,c768 /data/data/com.webui.termux.api\nu:object_r:app_data_file:s0                     /data/data/com.webui.termux.api/files/devicelab/probe.txt"}
{"check":"app-read","result":"u:object_r:app_data_file:s0:c210,c256,c512,c768 chcon.txt\nu:object_r:app_data_file:s0                     probe.txt\n{\"error\":\"write /proc/thread-self/attr/current: operation not permitted\",\"op\":\"setcon\"}"}
Failed to write while dumping service activity: Broken pipe
{"check":"share-text","result":"topResumedActivity=ActivityRecord{6250c7c u0 com.google.android.apps.nexuslauncher/.NexusLauncherActivity t9}\n{\"context\":\"u:r:su:s0\",\"event\":\"start\",\"names\":[\"sh_text_out\",\"sh_text_in\"],\"uid\":0}\n{\"data\":\"\",\"event\":\"connect\",\"name\":\"sh_text_out\",\"peerContext\":\"u:r:untrusted_app_27:s0:c210,c256,c512,c768\",\"peerPid\":10307,\"peerUid\":10210,\"t\":1790855937683}\n{\"data\":\"\",\"event\":\"connect\",\"name\":\"sh_text_in\",\"peerContext\":\"u:r:untrusted_app_27:s0:c210,c256,c512,c768\",\"peerPid\":10307,\"peerUid\":10210,\"t\":1790855937683}\n10-01 11:58:57.688  5825  6163 E ActivityTaskManager: Background activity launch blocked! [callingPackage: com.webui.termux.api; callingPackageTargetSdk: 28; callingUid: 10210; callingPid: 10307; appSwitchState: 2; callingUidHasAnyVisibleWindow: false; callingUidProcState: RECEIVER; isCallingUidPersistentSystemProcess: false; forcedBalByPiSender: BSP.NONE; intent: Intent { act=android.intent.action.CHOOSER flg=0x10000000 cmp=com.android.intentresolver/.ChooserActivityLauncher (has extras) }; callerApp: ProcessRecord{ffc2bf 10307:com.webui.termux.api/u0a210}; inVisibleTask: false; balAllowedByPiCreator: BSP.ALLOW_BAL; balAllowedByPiCreatorWithHardening: BSP.ALLOW_BAL; resultIfPiCreatorAllowsBal: BAL_BLOCK; hasRealCaller: true; isCallForResult: false; isPendingIntent: false; autoOptInReason: notPendingIntent; realCallingPackage: com.webui.termux.api; realCallingPackageTargetSdk: 28; realCallingUid: 10210; realCallingPid: 10307; realCallingUidHasAnyVisibleWindow: false; realCallingUidProcState: RECEIVER; isRealCallingUidPersistentSystemProcess: false; originatingPendingIntent: null; realCallerApp: ProcessRecord{ffc2bf 10307:com.webui.termux.api/u0a210}; realInVisibleTask: false; balAllowedByPiSender: BSP.ALLOW_BAL; resultIfPiSenderAllowsBal: BAL_BLOCK; balImproveRealCallerVisibilityCheck: true; balRequireOptInByPendingIntentCreator: true; balRequireOptInSameUid: false; balRespectAppSwitchStateWhenCheckBoundByForegroundUid: true; balDontBringExistingBackgroundTaskStackToFg: true]\n10-01 11:58:57.696  5825  6163 I ActivityTaskManager: START u0 {act=android.intent.action.CHOOSER flg=0x10000000 cmp=com.android.intentresolver/.ChooserActivityLauncher (has extras)} with LAUNCH_MULTIPLE from uid 10210 (BAL_BLOCK) result code=102\n10-01 11:59:05.001  7067  7471 W libc    : Access denied finding property \"persist.adb.tls_server.enable\"\n10-01 11:59:05.001  7067  7471 W libc    : Access denied finding property \"service.adb.tls.port\"\n10-01 11:59:04.996  7067  7067 W binder:7067_5: type=1400 audit(0.0:344): avc:  denied  { read } for  name=\"u:object_r:system_adbd_prop:s0\" dev=\"tmpfs\" ino=318 scontext=u:r:gmscore_app:s0:c512,c768 tcontext=u:object_r:system_adbd_prop:s0 tclass=file permissive=0 app=com.google.android.gms\n10-01 11:59:04.996  7067  7067 W binder:7067_5: type=1400 audit(0.0:345): avc:  denied  { read } for  name=\"u:object_r:adbd_prop:s0\" dev=\"tmpfs\" ino=63 scontext=u:r:gmscore_app:s0:c512,c768 tcontext=u:object_r:adbd_prop:s0 tclass=file permissive=0 app=com.google.android.gms\n10-01 11:59:07.712  5825  5922 D ActivityManager: freezing 10307 com.webui.termux.api"}
Failed to write while dumping service activity: Broken pipe
{"check":"share-file","result":"topResumedActivity=ActivityRecord{6250c7c u0 com.google.android.apps.nexuslauncher/.NexusLauncherActivity t9}\n{\"context\":\"u:r:su:s0\",\"event\":\"start\",\"names\":[\"sh_file_out\",\"sh_file_in\"],\"uid\":0}\n{\"data\":\"\",\"event\":\"connect\",\"name\":\"sh_file_out\",\"peerContext\":\"u:r:untrusted_app_27:s0:c210,c256,c512,c768\",\"peerPid\":10307,\"peerUid\":10210,\"t\":1790855953408}\n10-01 11:59:13.392  5825  5863 D ActivityManager: sync unfroze 10307 com.webui.termux.api for 3\n10-01 11:59:13.415  5825  6048 E ActivityTaskManager: Background activity launch blocked! [callingPackage: com.webui.termux.api; callingPackageTargetSdk: 28; callingUid: 10210; callingPid: 10307; appSwitchState: 2; callingUidHasAnyVisibleWindow: false; callingUidProcState: RECEIVER; isCallingUidPersistentSystemProcess: false; forcedBalByPiSender: BSP.NONE; intent: Intent { act=android.intent.action.CHOOSER flg=0x10000000 cmp=com.android.intentresolver/.ChooserActivityLauncher (has extras) }; callerApp: ProcessRecord{ffc2bf 10307:com.webui.termux.api/u0a210}; inVisibleTask: false; balAllowedByPiCreator: BSP.ALLOW_BAL; balAllowedByPiCreatorWithHardening: BSP.ALLOW_BAL; resultIfPiCreatorAllowsBal: BAL_BLOCK; hasRealCaller: true; isCallForResult: false; isPendingIntent: false; autoOptInReason: notPendingIntent; realCallingPackage: com.webui.termux.api; realCallingPackageTargetSdk: 28; realCallingUid: 10210; realCallingPid: 10307; realCallingUidHasAnyVisibleWindow: false; realCallingUidProcState: RECEIVER; isRealCallingUidPersistentSystemProcess: false; originatingPendingIntent: null; realCallerApp: ProcessRecord{ffc2bf 10307:com.webui.termux.api/u0a210}; realInVisibleTask: false; balAllowedByPiSender: BSP.ALLOW_BAL; resultIfPiSenderAllowsBal: BAL_BLOCK; balImproveRealCallerVisibilityCheck: true; balRequireOptInByPendingIntentCreator: true; balRequireOptInSameUid: false; balRespectAppSwitchStateWhenCheckBoundByForegroundUid: true; balDontBringExistingBackgroundTaskStackToFg: true]\n10-01 11:59:13.424  5825  6048 I ActivityTaskManager: START u0 {act=android.intent.action.CHOOSER flg=0x10000000 cmp=com.android.intentresolver/.ChooserActivityLauncher (has extras)} with LAUNCH_MULTIPLE from uid 10210 (BAL_BLOCK) result code=102\n10-01 11:59:23.439  5825  5922 D ActivityManager: freezing 10307 com.webui.termux.api"}
Failed to write while dumping service activity: Broken pipe
{"check":"share-text-saw","result":"topResumedActivity=ActivityRecord{959b055 u0 com.android.intentresolver/.ChooserActivityLauncher t18}\n{\"context\":\"u:r:su:s0\",\"event\":\"start\",\"names\":[\"sh_text-saw_out\",\"sh_text-saw_in\"],\"uid\":0}\n{\"data\":\"\",\"event\":\"connect\",\"name\":\"sh_text-saw_out\",\"peerContext\":\"u:r:untrusted_app_27:s0:c210,c256,c512,c768\",\"peerPid\":10307,\"peerUid\":10210,\"t\":1790855969152}\n{\"data\":\"\",\"event\":\"connect\",\"name\":\"sh_text-saw_in\",\"peerContext\":\"u:r:untrusted_app_27:s0:c210,c256,c512,c768\",\"peerPid\":10307,\"peerUid\":10210,\"t\":1790855969152}\n10-01 11:59:29.652  5745  5754 D PermissionCache: checking android.permission.INTERNAL_SYSTEM_WINDOW for uid=10106 => denied (1799 us)\n10-01 11:59:30.407  5825  8233 D PermissionCache: checking android.permission.ACCESS_SURFACE_FLINGER for uid=10106 => denied (1730 us)\n10-01 11:59:30.407  5825  8233 D PermissionCache: checking android.permission.ROTATE_SURFACE_FLINGER for uid=10106 => denied (27 us)\n10-01 11:59:30.407  5825  8233 D PermissionCache: checking android.permission.INTERNAL_SYSTEM_WINDOW for uid=10106 => denied (81 us)\n10-01 11:59:30.413 10517 10517 D ChooserActivity: onListRebuilt(listAdapter.userHandle=UserHandle{0}, rebuildComplete=true)\n10-01 11:59:30.436 10517 10517 D ChooserActivity: app target loading time 884 ms\n10-01 11:59:30.506  5825  5845 I ActivityTaskManager: Displayed com.android.intentresolver/.ChooserActivityLauncher for user 0: +1s258ms\n10-01 11:59:30.510  5825  5845 V WindowManager: Sent Transition (#30) createdAt=10-01 11:59:29.163 via request=TransitionRequestInfo { type = OPEN, triggerTask = TaskInfo{userId=0 taskId=18 displayId=0 isRunning=true baseIntent=Intent { act=android.intent.action.CHOOSER flg=0x10800000 cmp=com.android.intentresolver/.ChooserActivityLauncher } baseActivity=ComponentInfo{com.android.intentresolver/com.android.intentresolver.ChooserActivity} topActivity=ComponentInfo{com.android.intentresolver/com.android.intentresolver.ChooserActivity} origActivity=ComponentInfo{com.android.intentresolver/com.android.intentresolver.ChooserActivityLauncher} realActivity=ComponentInfo{com.android.intentresolver/com.android.intentresolver.ChooserActivity} numActivities=1 lastActiveTime=700037 supportsMultiWindow=true resizeMode=1 isResizeable=true minWidth=-1 minHeight=-1 defaultMinSize=220 token=WCT{RemoteToken{d36d7cc Task{5a82a6a #18 type=standard A=10106:com.android.intentresolver}}} topActivityType=1 pictureInPictureParams=null shouldDockBigOverlays=false launchIntoPipHostTaskId=-1 lastParentTaskIdBeforePip=-1 displayCutoutSafeInsets=null topActivityInfo=ActivityInfo{9e23a15 com.android.intentresolver.ChooserActivityLauncher} launchCookies=[] positionInParent=Point(0, 0) parentTaskId=-1 isFocused=false isVisible=false isVisibleRequested=false isSleeping=false locusId=null displayAreaFeatureId=1 isTopActivityTransparent=true appCompatTaskInfo=AppCompatTaskInfo { topActivityInSizeCompat=false topActivityEligibleForLetterboxEducation= falseisLetterboxEducationEnabled= true isLetterboxDoubleTapEnabled= false topActivityEligibleForUserAspectRatioButton= false topActivityBoundsLetterboxed= false isFromLetterboxDoubleTap= false topActivityLetterboxVerticalPosition= -1 topActivityLetterboxHorizontalPosition= -1 topActivityLetterboxWidth=320 topActivityLetterboxHeight=640 isUserFullscreenOverrideEnabled=false isSystemFullscreenOverrideEnabled=false cameraCompatTaskInfo=CameraCompatTaskInfo { cameraCompatControlState=hidden freeformCameraCompatMode=inactive}}}, pipTask = null, remoteTransition = null, displayChange = null, flags = 0, debugId = 30 }\n10-01 11:59:30.527 10517 10517 D ChooserActivity: onShortcutsLoaded for user: UserHandle{0}\n10-01 11:59:30.528 10517 10517 D ChooserActivity: stat to first shortcut time: 950 ms\n10-01 11:59:31.079 10517 10517 D ChooserActivity: onAppTargetsLoaded(listAdapter.userHandle=UserHandle{0})\n10-01 11:59:39.264  5825  5922 D ActivityManager: freezing 10307 com.webui.termux.api"}
Failed to write while dumping service activity: Broken pipe
{"check":"share-file-saw","result":"topResumedActivity=ActivityRecord{13769a9 u0 com.android.intentresolver/.ChooserActivityLauncher t19}\n{\"context\":\"u:r:su:s0\",\"event\":\"start\",\"names\":[\"sh_file-saw_out\",\"sh_file-saw_in\"],\"uid\":0}\n{\"data\":\"\",\"event\":\"connect\",\"name\":\"sh_file-saw_out\",\"peerContext\":\"u:r:untrusted_app_27:s0:c210,c256,c512,c768\",\"peerPid\":10307,\"peerUid\":10210,\"t\":1790855984862}\n10-01 11:59:45.146 10517 10517 D ChooserActivity: getDisplayResolveInfoCount() == 0\n10-01 11:59:45.147 10517 10517 I ResolverListAdapter: Add DisplayResolveInfo component: ComponentInfo{com.google.android.apps.docs/com.google.android.apps.docs.common.shareitem.UploadMenuActivity}, intent component: ComponentInfo{com.google.android.apps.docs/com.google.android.apps.docs.common.shareitem.UploadMenuActivity}\n10-01 11:59:45.147 10517 10517 I ResolverListAdapter: Add DisplayResolveInfo component: ComponentInfo{com.google.android.apps.messaging/com.google.android.apps.messaging.ui.conversationlist.ShareIntentActivity}, intent component: ComponentInfo{com.google.android.apps.messaging/com.google.android.apps.messaging.ui.conversationlist.ShareIntentActivity}\n10-01 11:59:45.157  5825  6163 D CoreBackPreview: Window{f610f19 u0 com.android.intentresolver/com.android.intentresolver.ChooserActivityLauncher}: Setting back callback OnBackInvokedCallbackInfo{mCallback=android.window.IOnBackInvokedCallback$Stub$Proxy@59251bf, mPriority=0, mIsAnimationCallback=false}\n10-01 11:59:46.032 10517 10517 D ChooserActivity: onListRebuilt(listAdapter.userHandle=UserHandle{0}, rebuildComplete=true)\n10-01 11:59:46.034 10517 10517 D ChooserActivity: app target loading time 1046 ms\n10-01 11:59:46.088  5825  5845 I ActivityTaskManager: Displayed com.android.intentresolver/.ChooserActivityLauncher for user 0: +1s173ms\n10-01 11:59:46.088  5825  5845 V WindowManager: Sent Transition (#32) createdAt=10-01 11:59:44.868 via request=TransitionRequestInfo { type = OPEN, triggerTask = TaskInfo{userId=0 taskId=19 displayId=0 isRunning=true baseIntent=Intent { act=android.intent.action.CHOOSER flg=0x10800000 cmp=com.android.intentresolver/.ChooserActivityLauncher } baseActivity=ComponentInfo{com.android.intentresolver/com.android.intentresolver.ChooserActivity} topActivity=ComponentInfo{com.android.intentresolver/com.android.intentresolver.ChooserActivity} origActivity=ComponentInfo{com.android.intentresolver/com.android.intentresolver.ChooserActivityLauncher} realActivity=ComponentInfo{com.android.intentresolver/com.android.intentresolver.ChooserActivity} numActivities=1 lastActiveTime=715741 supportsMultiWindow=true resizeMode=1 isResizeable=true minWidth=-1 minHeight=-1 defaultMinSize=220 token=WCT{RemoteToken{810588d Task{87fab2e #19 type=standard A=10106:com.android.intentresolver}}} topActivityType=1 pictureInPictureParams=null shouldDockBigOverlays=false launchIntoPipHostTaskId=-1 lastParentTaskIdBeforePip=-1 displayCutoutSafeInsets=null topActivityInfo=ActivityInfo{3feda42 com.android.intentresolver.ChooserActivityLauncher} launchCookies=[] positionInParent=Point(0, 0) parentTaskId=-1 isFocused=false isVisible=false isVisibleRequested=false isSleeping=false locusId=null displayAreaFeatureId=1 isTopActivityTransparent=true appCompatTaskInfo=AppCompatTaskInfo { topActivityInSizeCompat=false topActivityEligibleForLetterboxEducation= falseisLetterboxEducationEnabled= true isLetterboxDoubleTapEnabled= false topActivityEligibleForUserAspectRatioButton= false topActivityBoundsLetterboxed= false isFromLetterboxDoubleTap= false topActivityLetterboxVerticalPosition= -1 topActivityLetterboxHorizontalPosition= -1 topActivityLetterboxWidth=320 topActivityLetterboxHeight=640 isUserFullscreenOverrideEnabled=false isSystemFullscreenOverrideEnabled=false cameraCompatTaskInfo=CameraCompatTaskInfo { cameraCompatControlState=hidden freeformCameraCompatMode=inactive}}}, pipTask = null, remoteTransition = null, displayChange = null, flags = 0, debugId = 32 }\n10-01 11:59:46.149 10517 10517 D ChooserActivity: onShortcutsLoaded for user: UserHandle{0}\n10-01 11:59:46.149 10517 10517 D ChooserActivity: stat to first shortcut time: 1016 ms\n10-01 11:59:46.185 10517 10517 D ChooserActivity: onAppTargetsLoaded(listAdapter.userHandle=UserHandle{0})\n10-01 11:59:55.155  5825  5922 D ActivityManager: freezing 10307 com.webui.termux.api"}
app uid: 10210
