10-02 03:08:04.232    90   111 I AERA UI : AERA Recovery Project native engine active; hardware Back and edge swipe use navigation history
10-02 03:08:05.028   175   175 I getprop : type=1400 audit(0.0:351): avc:  denied  { open } for  path="/dev/__properties__/u:object_r:device_config_edgetpu_native_prop:s0" dev="tmpfs" ino=114 scontext=u:r:recovery:s0 tcontext=u:object_r:device_config_edgetpu_native_prop:s0 tclass=file permissive=1
10-02 03:08:05.028   175   175 I getprop : type=1400 audit(0.0:352): avc:  denied  { getattr } for  path="/dev/__properties__/u:object_r:device_config_edgetpu_native_prop:s0" dev="tmpfs" ino=114 scontext=u:r:recovery:s0 tcontext=u:object_r:device_config_edgetpu_native_prop:s0 tclass=file permissive=1
10-02 03:08:05.028   175   175 I getprop : type=1400 audit(0.0:353): avc:  denied  { map } for  path="/dev/__properties__/u:object_r:device_config_edgetpu_native_prop:s0" dev="tmpfs" ino=114 scontext=u:r:recovery:s0 tcontext=u:object_r:device_config_edgetpu_native_prop:s0 tclass=file permissive=1
10-02 03:08:59.187    90   111 D AERA UI : touch released at 619,1277
10-02 03:09:02.790    90   111 D AERA UI : touch released at 609,1285
10-02 03:09:06.398    90   111 D AERA UI : touch released at 679,1277
10-02 03:09:10.025    90   111 D AERA UI : touch released at 673,1285
10-02 03:09:16.758    90   111 D AERA UI : touch released at 620,1278
10-02 03:18:40.911    90   111 D AERA UI : touch released at 360,263
10-02 03:18:50.622    90   111 D AERA UI : touch released at 360,460
10-02 03:19:00.335    90   111 D AERA UI : touch released at 360,657
10-02 03:19:10.045    90   111 D AERA UI : touch released at 360,854
10-02 03:21:34.072    90   111 D AERA UI : touch released at 360,1000
10-02 03:21:35.276    90   111 D AERA UI : touch released at 350,1012
10-02 03:21:39.004    90   111 D AERA UI : touch released at 360,1040
10-02 03:21:48.591  1524  1530 I AERA UI : AERA Recovery Project native engine active; hardware Back and edge swipe use navigation history
10-02 03:23:33.361  1524  1530 D AERA UI : touch released at 354,1007
10-02 03:23:36.761  1524  1530 D AERA UI : touch released at 354,1007
10-02 03:23:40.202  1524  1530 D AERA UI : touch released at 354,1007
10-02 03:23:47.925  1524  1530 D AERA UI : touch released at 378,660
10-02 03:23:55.496  1524  1530 D AERA UI : touch released at 378,660
10-02 03:24:03.067  1524  1530 D AERA UI : touch released at 378,660
10-02 03:24:39.780  1524  1530 D AERA UI : touch released at 360,1000
10-02 03:24:40.989  1524  1530 D AERA UI : touch released at 352,1010
10-02 03:25:01.606  1524  1530 I AERA UI : left-edge Back gesture accepted
10-02 03:25:01.607  1524  1530 D AERA UI : touch released at 228,706
10-02 03:25:46.126  1524  1530 D AERA UI : touch released at 360,1000
10-02 03:25:47.293  1524  1530 D AERA UI : touch released at 352,1010
10-02 03:26:07.830  1524  1530 I AERA UI : left-edge Back gesture accepted
10-02 03:26:07.831  1524  1530 D AERA UI : touch released at 228,706
