* daemon not running; starting now at tcp:5037
* daemon started successfully
adb: no devices/emulators found
{"check":"mount","result":""}
adb: no devices/emulators found
{"check":"package","result":""}
adb: no devices/emulators found
adb: error: failed to get feature set: no devices/emulators found
adb: no devices/emulators found
- waiting for device -
yes: standard output: Broken pipe
Auto-selecting single ABI x86_64
Do you wish to create a custom hardware profile? [no] lab.avd
lab.ini
emulator Android emulator version 37.1.11.0 (build_id 15917651) (CL:N/A)
cmd: Can't find service: activity
cmd: Can't find service: activity
{"check":"broadcast","result":"cmd: Can't find service: activity\ncmd: Can't find service: activity"}
{"check":"app-process","result":""}
{"check":"listener-module","result":"cat: /data/local/tmp/sockprobe-module.log: No such file or directory"}
{"check":"listener-su","result":"cat: /data/local/tmp/sockprobe-su.log: No such file or directory"}
dmesg: klogctl: Permission denied
{"check":"avc","result":""}
mkdir: '/data/data/com.webui.termux.api': Permission denied
/system/bin/sh: can't create /data/data/com.webui.termux.api/files/devicelab/probe.txt: No such file or directory
chown: /data/data/com.webui.termux.api/files/devicelab: No such file or directory
SELinux: Loaded file context from:
		/system/etc/selinux/plat_file_contexts
		/system_ext/etc/selinux/system_ext_file_contexts
		/vendor/etc/selinux/vendor_file_contexts
SELinux: Could not get canonical path for /data/data/com.webui.termux.api/files/devicelab restorecon: No such file or directory.
restorecon: restorecon failed: /data/data/com.webui.termux.api/files/devicelab: No such file or directory
ls: /data/data/com.webui.termux.api: No such file or directory
ls: /data/data/com.webui.termux.api/files/devicelab/probe.txt: No such file or directory
{"check":"restorecon","result":""}
app uid: 
