yes: standard output: Broken pipe
Auto-selecting single ABI x86_64
Do you wish to create a custom hardware profile? [no] lab.avd
lab.ini
emulator Android emulator version 37.1.11.0 (build_id 15917651) (CL:N/A)
* daemon not running; starting now at tcp:5037
* daemon started successfully
booted in 60s: google/sdk_gphone64_x86_64/emu64xa:15/AE3A.240806.043/12960925:userdebug/dev-keys
kernel 6.6.50-android15-8-g8adecb593e9b-ab12525588 -> kmi android15-6.6; tiann/KernelSU v3.3.0
total 16428
drwx------  2 runner runner     4096 Oct  1 07:40 .
drwxrwxrwt 16 root   root       4096 Oct  1 07:40 ..
-rw-r--r--  1 runner runner 10777987 Oct  1 07:40 KernelSU_v3.3.0_32601-release.apk
-rw-r--r--  1 runner runner  5713312 Oct  1 07:40 ksud-x86_64-linux-android
-rw-r--r--  1 runner runner   318824 Oct  1 07:40 lkm-x86_64-android15-6.6_kernelsu.ko
== manager installed (me.weishu.kernelsu)
/tmp/tmp.eiQ1V6Oeh1/lkm-x86_64-android15-6.6_kernelsu.ko: 1 file pushed, 0 skipped. 7.1 MB/s (318824 bytes in 0.043s)
/tmp/tmp.eiQ1V6Oeh1/ksud-x86_64-linux-android: 1 file pushed, 0 skipped. 69.7 MB/s (5713312 bytes in 0.078s)
== ksud: ksud 3.3.0 (uapi: 2)
== ksud late-load: rc=0
== ksud insmod /data/adb/kernelsu.ko: Error: load module failed: /data/adb/kernelsu.ko

Caused by:
    0: init_module failed without vermagic mismatch
    1: File exists (os error 17)
rc=1
kernelsu              159744  0 
== lsmod: kernelsu              159744  1 
/home/runner/work/devicelab/devicelab/modules/probe/./: 2 files pushed, 0 skipped. 0.0 MB/s (1474 bytes in 0.054s)
== modules: [
  {
    "remove": "false",
    "action": "false",
    "author": "p0g-stack",
    "mount": "false",
    "update": "false",
    "version": "1",
    "web": "true",
    "description": "Observation module for devicelab. Its WebUI page is driven over DevTools.",
    "id": "devicelab_probe",
    "name": "devicelab probe",
    "versionCode": "1",
    "enabled": "true"
  }
]
SELinux: Loaded file context from:
		/system/etc/selinux/plat_file_contexts
		/system_ext/etc/selinux/system_ext_file_contexts
		/vendor/etc/selinux/vendor_file_contexts
== home text: text="LKM" text="Working [Jailbreak mode]" text="Version: 32601-2" text="Manager version" text="v3.3.0 (32601-2)" text="Kernel version" text="6.6.50-android15-8-g8adecb593e9b-ab12525588" text="Device model" text="Google sdk_gphone64_x86_64" text="Fingerprint" text="google/sdk_gphone64_x86_64/emu64xa:15/AE3A.240806.043/12960925:userdebug/dev-keys" text="Enforcing" text="KernelSU" text="Home" text="Superuser" text="1" text="Module" text="Settings" 
== manager activities: me.weishu.kernelsu/.magica.BootCompletedReceiver me.weishu.kernelsu/.ui.MainActivity me.weishu.kernelsu/androidx.core.content.FileProvider me.weishu.kernelsu/androidx.profileinstaller.ProfileInstallReceiver me.weishu.kernelsu/androidx.startup.InitializationProvider 
inputs/modules/flutter_webui_counter-0.1.2.zip: 1 file pushed, 0 skipped. 28.6 MB/s (21434043 bytes in 0.714s)
== install flutter_webui_counter-0.1.2.zip
  inflating: webroot/fonts/notocoloremoji/v32/Yq6P-KqIXTD0t4D9z1ESnKM3-HpFabsE4tq3luCC7p-aXxcn.3.woff2
  inflating: webroot/fonts/notocoloremoji/v32/Yq6P-KqIXTD0t4D9z1ESnKM3-HpFabsE4tq3luCC7p-aXxcn.8.woff2
  inflating: webroot/fonts/notocoloremoji/v32/Yq6P-KqIXTD0t4D9z1ESnKM3-HpFabsE4tq3luCC7p-aXxcn.2.woff2
   creating: webroot/fonts/notosansmath/
   creating: webroot/fonts/notosansmath/v15/
  inflating: webroot/fonts/notosansmath/v15/7Aump_cpkSecTWaHRlH2hyV5UHkD-V048PW0.woff2
   creating: webroot/fonts/roboto/
   creating: webroot/fonts/roboto/v32/
  inflating: webroot/fonts/roboto/v32/KFOmCnqEu92Fr1Me4GZLCzYlKw.woff2
  inflating: webroot/.last_build_id
  inflating: webroot/config.json
  inflating: webroot/flutter_webui.js
  inflating: customize.sh
- Done
- Module installed successfully!
inputs/modules/counter-v1.0.0.zip: 1 file pushed, 0 skipped. 114.7 MB/s (6582359 bytes in 0.055s)
== install counter-v1.0.0.zip
  inflating: webroot/canvaskit/chromium/canvaskit.wasm
  inflating: webroot/config.json
  inflating: webroot/favicon.png
  inflating: webroot/flutter.js
  inflating: webroot/flutter_bootstrap.js
  inflating: webroot/icons/Icon-192.png
  inflating: webroot/icons/Icon-512.png
  inflating: webroot/icons/Icon-maskable-192.png
  inflating: webroot/icons/Icon-maskable-512.png
  inflating: webroot/index.html
  inflating: webroot/main.dart.js
  inflating: webroot/manifest.json
  inflating: webroot/version.json
- Done
- Module installed successfully!
/home/runner/work/devicelab/devicelab/app_plane.zip: 1 file pushed, 0 skipped. 132.9 MB/s (4513611 bytes in 0.032s)
== install app_plane.zip
*********************
Archive:  /data/local/tmp/m.zip
- Extracting module files
Archive:  /data/local/tmp/m.zip
  inflating: module.prop
   creating: system/
   creating: system/product/
   creating: system/product/app/
   creating: system/product/app/WebuiTermuxApi/
  inflating: system/product/app/WebuiTermuxApi/WebuiTermuxApi.apk
  inflating: service.sh
  inflating: sockprobe
- Handle partition /product
- Done
- Module installed successfully!
== soft-reboot: 
== after soft-reboot (63s): [
  {
    "update": "false",
    "action": "false",
    "remove": "false",
    "author": "p0g-stack",
    "enabled": "true",
    "versionCode": "1",
    "description": "Observation module for devicelab. Its WebUI page is driven over DevTools.",
    "version": "1",
    "name": "devicelab probe",
    "id": "devicelab_probe",
    "web": "true",
    "mount": "false"
  },
  {
    "web": "true",
    "enabled": "true",
    "action": "false",
    "mount": "false",
    "name": "flutter-webui Counter",
    "author": "p0g-stack",
    "remove": "false",
    "versionCode": "3",
    "id": "flutter_webui_counter",
    "update": "false",
    "description": "Stock Flutter counter app on flutter-webui (devicelab bring-up build).",
    "version": "0.1.2"
  },
  {
    "web": "true",
    "mount": "false",
    "remove": "false",
    "action": "false",
    "author": "Yuv",
    "update": "false",
    "versionCode": "1",
    "version": "v1.0.0",
    "description": "A new Flutter project.",
    "enabled": "true",
    "id": "counter",
    "name": "Counter"
  },
  {
    "version": "1",
    "mount": "true",
    "author": "p0g-stack",
    "name": "devicelab app plane",
    "action": "false",
    "enabled": "true",
    "update": "false",
    "remove": "false",
    "description": "webui-termux-api as a system app, plus a root socket listener",
    "versionCode": "1",
    "web": "false",
    "id": "devicelab_app_plane"
  }
]
total 48
drwxrwxrwx 6 root root 4096 2026-10-01 07:41 .
drwx------ 5 root root 4096 2026-10-01 07:41 ..
drwxr-xr-x 3 root root 4096 2026-10-01 07:41 counter
drwxr-xr-x 4 root root 4096 2026-10-01 07:41 devicelab_app_plane
drwxr-xr-x 3 root root 4096 2026-10-01 07:40 devicelab_probe
drwxr-xr-x 4 root root 4096 2026-10-01 07:41 flutter_webui_counter
/home/runner/work/devicelab/devicelab/out/labserver: 1 file pushed, 0 skipped. 91.2 MB/s (7843260 bytes in 0.082s)
Starting: Intent { cmp=me.weishu.kernelsu/.ui.webui.WebUIActivity (has extras) }
Status: ok
Activity: me.weishu.kernelsu/.ui.webui.WebUIActivity








Segmentation fault 
intent path: no page; manager log:
ui: dismissed ANR dialog
ui: tapped 'Module' at 200,584
ui: tapped 160,152
ui: tapped 'Clean' at 209,64
ui: tapped 'Clean' at 209,64
[0,0][320,640] devicelab probe | search | Clean | Cancel | devicelab probe | Version: 1 | Author: p0g-stack | Observation module for de
[12,40][235,88] devicelab probe | search | Clean
[185,40][233,88] Clean
[251,40][304,88] Cancel
[12,98][308,267] devicelab probe | Version: 1 | Author: p0g-stack | Observation module for devicelab. Its WebUI page is driven over DevTo
[243,116][292,164] 
[28,210][110,258] Open | Open
[186,210][292,258] Uninstall
[0,552][80,616] Home
[80,552][160,616] Superuser
[240,552][320,616] Settings
ui: tapped 'Open' at 69,234

https://mui.kernelsu.org/index.html
    * Hist  #1: ActivityRecord{900c349 u0 me.weishu.kernelsu/.ui.webui.WebUIActivity t12}
      packageName=me.weishu.kernelsu processName=me.weishu.kernelsu
      launchedFromUid=10209 launchedFromPackage=me.weishu.kernelsu launchedFromFeature=null userId=0
      app=ProcessRecord{8f7575e 7140:me.weishu.kernelsu/u0a209}
      Intent { dat=ksu://webui?id=devicelab_probe&token=cf5a515ecc957443d5084fb8e33daef74f2ac95d67c4f3ebd91dbf5fcd8bcbaf flg=0x80000 cmp=me.weishu.kernelsu/.ui.webui.WebUIActivity }
opened: ui
{"check":"targets","result":[{"socket": "webview_devtools_remote_7140", "type": "page", "url": "https://mui.kernelsu.org/index.html", "title": "devicelab probe"}]}
{"check":"globals","result":{"url":"https://mui.kernelsu.org/index.html","socket":"webview_devtools_remote_7140","value":{"ua":"Mozilla/5.0 (Linux; Android 15; sdk_gphone64_x86_64 Build/AE3A.240806.043; wv) AppleWebKit/537.36 (KHTML, like Gecko) Version/4.0 Chrome/124.0.6367.219 Mobile Safari/537.36","origin":"https://mui.kernelsu.org","href":"https://mui.kernelsu.org/index.html","globals":["ksu"],"ksu":["enableEdgeToEdge","exec","exit","fullScreen","getPackagesInfo","listPackages","moduleInfo","spawn","toast","enableEdgeToEdge","exec","exit","fullScreen","getPackagesInfo","listPackages","moduleInfo","spawn","toast"]}}}
{"check":"ksu-exec","result":{"url":"https://mui.kernelsu.org/index.html","socket":"webview_devtools_remote_7140","value":{"code":0,"out":"uid=0(root) gid=0(root) groups=0(root) context=u:r:ksu:s0\nu:r:ksu:s0\u0000","err":""}}}
{"check":"ws-loopback","result":{"url":"https://mui.kernelsu.org/index.html","socket":"webview_devtools_remote_7140","value":{"got":["{\"origin\":\"https://mui.kernelsu.org\",\"peerUid\":10209,\"remote\":\"127.0.0.1:48990\",\"serverUid\":0,\"t\":1790840707159,\"uidSource\":\"/proc/net/tcp\"}","hi"],"ms":140}}}
{"check":"fetch-loopback","result":{"url":"https://mui.kernelsu.org/index.html","socket":"webview_devtools_remote_7140","value":{"origin":"https://mui.kernelsu.org","peerUid":10209,"remote":"127.0.0.1:48996","serverUid":0,"t":1790840707600,"uidSource":"/proc/net/tcp"}}}
{"check":"webview-uid","result":["webview_zygote 1053 webview_zygote", "u0_a209      10209 me.weishu.kernelsu", "u0_a151      10151 com.google.android.webview:webview_service", "u0_i9000     99000 com.google.android.webview:sandboxed_process0:org.chromium.content.app.SandboxedProcessService0:0"]}
{"check":"while-home-heartbeat","result":{"url":"https://mui.kernelsu.org/index.html","socket":"webview_devtools_remote_7140","value":{"now":14428,"vis":"hidden"}}}
{"check":"lifecycle","result":{"url":"https://mui.kernelsu.org/index.html","socket":"webview_devtools_remote_7140","value":{"events":[{"type":"pageshow","t":1439,"vis":"visible"},{"type":"visibilitychange","t":7988,"vis":"hidden"},{"type":"visibilitychange","t":16838,"vis":"visible"}],"gaps":[{"from":8774,"ms":1004,"vis":"hidden"},{"from":11774,"ms":1002,"vis":"hidden"},{"from":14774,"ms":1010,"vis":"hidden"}],"slow":{"heldMs":3001,"sentAt":1790840711275,"resolvedAt":1790840711281,"vis":"hidden"}}}}
Starting: Intent { cmp=me.weishu.kernelsu/.ui.webui.WebUIActivity (has extras) }
Status: ok
Activity: me.weishu.kernelsu/.ui.webui.WebUIActivity








Status: ok
https://mui.kernelsu.org/index.html
token found in manager data: 0000000000000000000000000000000000000000000000000000000000000000
opened: intent-token
{"check":"targets","result":[{"type": "page", "url": "https://mui.kernelsu.org/index.html", "title": "Flutter Demo"}]}
{"check":"page","result":{"url":"https://mui.kernelsu.org/index.html","socket":"webview_devtools_remote_8834","value":{"href":"https://mui.kernelsu.org/index.html","title":"Flutter Demo","ready":"complete","flutter":true,"glass":true,"nav":{"dcl":839,"load":2794},"paint":{"first-paint":1960,"first-contentful-paint":5493},"glassAt":"present","firstFrame":null,"insets":"24px","vv":[320,640,1]}}}
{"check":"console-errors","result":["--------- beginning of main", "10-01 07:45:45.568  8975  8985 W chromium: [WARNING:runtime_features.cc(694)] SharedStorage for M118+ cannot be enabled in this configuration. Use --enable-features=SharedStorageAPI,SharedStorageAPIM118 in addition.", "10-01 07:45:45.865  8975  8985 I chromium: [INFO:viewport_data.cc(133)] E2E_Used ViewportFitCover", "10-01 07:45:46.303  8834  8834 I chromium: [INFO:CONSOLE(3)] \"Injecting <script> tag. Using callback.\", source: https://mui.kernelsu.org/flutter_bootstrap.js (3)"]}
{"check":"first-frame-warm","result":{"url":"https://mui.kernelsu.org/index.html","socket":"webview_devtools_remote_8834","value":{"firstFrameMs":1309,"now":15059,"flutter":true}}}
{"check":"root-start","result":{"url":"https://mui.kernelsu.org/index.html","socket":"webview_devtools_remote_8834","value":{"code":0,"out":"","err":"","ms":206}}}
{"check":"session","result":{"url":"https://mui.kernelsu.org/index.html","socket":"webview_devtools_remote_8834","value":{"status":200,"ms":62,"protocol":1,"version":"0.1.0","port":45641,"pid":9135,"tokenLen":43}}}
{"check":"ws-hello","result":{"url":"https://mui.kernelsu.org/index.html","socket":"webview_devtools_remote_8834","value":{"first":"{\"op\":\"hello\",\"protocol\":1,\"version\":\"0.1.0\",\"pid\":9135,\"boot\":\"721d2709-24ef-42c0-8b46-56451037c056\",\"uid\":0,\"moduleDir\":\"/data/adb/modules/flutter_webui_counter\"}"}}}
{"check":"channel-process","result":"USER           UID LABEL                            PID NAME                       \nroot             0 u:r:ksu:s0                      9135 ld-linux-x86-64.so.2\nexe=/data/adb/modules/flutter_webui_counter/flutter_webui/x86_64/ld-linux-x86-64.so.2\n/data/adb/modules/flutter_webui_counter/flutter_webui/x86_64/ld-linux-x86-64.so.2 --library-path /data/adb/modules/flutter_webui_counter/flutter_webui/x86_64 /data/adb/modules/flutter_webui_counter/flutter_webui/x86_64/dartaotruntime /data/adb/modules/flutter_webui_counter/flutter_webui/x86_64/flutter_webui_root.aot serve --module-dir /data/adb/modules/flutter_webui_counter \narm64-v8a\nroot\nx86_64\n/data/adb/modules/flutter_webui_counter/flutter_webui/arm64-v8a:\ndartaotruntime\nflutter_webui_root.aot\nld-linux-aarch64.so.1\nlibc.so.6\nlibdl.so.2\nlibm.so.6\nlibpthread.so.0\n\n/data/adb/modules/flutter_webui_counter/flutter_webui/x86_64:\ndartaotruntime\nflutter_webui_root.aot\nld-linux-x86-64.so.2\nlibc.so.6\nlibdl.so.2\nlibm.so.6\nlibpthread.so.0"}
{"check":"root-log","result":"2026-10-01T07:47:46.012619 listening on 127.0.0.1:45641"}
{"check":"session-mode","result":"total 44\ndrwx--x--x 3 root root 4096 2026-10-01 07:47 .\ndrwxr-xr-x 7 root root 4096 2026-10-01 07:47 ..\n-rw------- 1 root root    0 2026-10-01 07:47 lock\ndrwx------ 2 root root 4096 2026-10-01 07:47 proc\n-rw------- 1 root root   56 2026-10-01 07:47 root.log\n-rw-r--r-- 1 root root  196 2026-10-01 07:47 session.json"}
{"check":"home-resume","result":{"url":"https://mui.kernelsu.org/index.html","socket":"webview_devtools_remote_8834","value":{"events":[["visibilitychange","hidden",16803],["visibilitychange","visible",23948]],"ticks":20,"vis":"visible","hasFocus":false}}}
{"check":"back-at-root","result":"topResumedActivity=ActivityRecord{7db602a u0 com.google.android.apps.nexuslauncher/.NexusLauncherActivity t10}"}
Starting: Intent { cmp=me.weishu.kernelsu/.ui.webui.WebUIActivity (has extras) }
Status: ok
Activity: me.weishu.kernelsu/.ui.webui.WebUIActivity








Segmentation fault 
Status: ok
https://mui.kernelsu.org/index.html
token found in manager data: cf5a515ecc957443d5084fb8e33daef74f2ac95d67c4f3ebd91dbf5fcd8bcbaf
opened: intent-token
{"check":"targets","result":[{"type": null, "url": null, "title": null}, {"type": "page", "url": "https://mui.kernelsu.org/index.html", "title": "Flutter Demo"}]}
{"check":"page","result":{"url":"https://mui.kernelsu.org/index.html","socket":"webview_devtools_remote_9243","value":{"href":"https://mui.kernelsu.org/index.html","title":"Flutter Demo","ready":"complete","flutter":true,"glass":true,"nav":{"dcl":682,"load":1374},"paint":{"first-paint":3415,"first-contentful-paint":3415},"glassAt":"present","firstFrame":null,"insets":null,"vv":[320,592,1]}}}
{"check":"console-errors","result":["--------- beginning of main", "10-01 07:48:13.740  9243  9347 I chromium: [1001/074813.738776:INFO:variations_seed_loader.cc(66)] Failed to open file for reading.: No such file or directory (2)", "10-01 07:48:14.341  9351  9361 W chromium: [WARNING:runtime_features.cc(694)] SharedStorage for M118+ cannot be enabled in this configuration. Use --enable-features=SharedStorageAPI,SharedStorageAPIM118 in addition.", "10-01 07:48:15.064  9243  9243 I chromium: [INFO:CONSOLE(1)] \"Injecting <script> tag. Using callback.\", source: https://mui.kernelsu.org/flutter_bootstrap.js (1)"]}
{"check":"first-frame-warm","result":{"url":"https://mui.kernelsu.org/index.html","socket":"webview_devtools_remote_9243","value":{"firstFrameMs":740,"now":15057,"flutter":true}}}
