yes: standard output: Broken pipe
Auto-selecting single ABI x86_64
Do you wish to create a custom hardware profile? [no] lab.avd
lab.ini
emulator Android emulator version 37.1.11.0 (build_id 15917651) (CL:N/A)
* daemon not running; starting now at tcp:5037
* daemon started successfully
booted in 60s: google/sdk_gphone64_x86_64/emu64xa:15/AE3A.240806.043/12960925:userdebug/dev-keys
kernel 6.6.50-android15-8-g8adecb593e9b-ab12525588 -> kmi android15-6.6; tiann/KernelSU v3.3.0
total 16428
drwx------  2 runner runner     4096 Oct  1 13:22 .
drwxrwxrwt 16 root   root       4096 Oct  1 13:22 ..
-rw-r--r--  1 runner runner 10777987 Oct  1 13:22 KernelSU_v3.3.0_32601-release.apk
-rw-r--r--  1 runner runner  5713312 Oct  1 13:22 ksud-x86_64-linux-android
-rw-r--r--  1 runner runner   318824 Oct  1 13:22 lkm-x86_64-android15-6.6_kernelsu.ko
== manager installed (me.weishu.kernelsu, KernelSU_v3.3.0_32601-release.apk)
/tmp/tmp.VtWNUaZEzY/lkm-x86_64-android15-6.6_kernelsu.ko: 1 file pushed, 0 skipped. 3.2 MB/s (318824 bytes in 0.095s)
/tmp/tmp.VtWNUaZEzY/ksud-x86_64-linux-android: 1 file pushed, 0 skipped. 93.1 MB/s (5713312 bytes in 0.059s)
== ksud: ksud 3.3.0 (uapi: 2)
== ksud late-load: rc=0
== ksud insmod /data/adb/kernelsu.ko: Loaded kernel module: /data/adb/kernelsu.ko
rc=0
kernelsu              159744  0 
== lsmod: kernelsu              159744  0 
KernelSU_v3.3.0_32601-release.apk
ksud-aarch64-apple-darwin
ksud-aarch64-linux-android
ksud-aarch64-unknown-linux-musl
ksud-x86_64-apple-darwin
ksud-x86_64-linux-android
ksud-x86_64-pc-windows-gnu.exe
ksud-x86_64-unknown-linux-musl
ksuinit-aarch64
ksuinit-x86_64
lkm-aarch64-android12-5.10_kernelsu.ko
lkm-aarch64-android13-5.10_kernelsu.ko
lkm-aarch64-android13-5.15_kernelsu.ko
lkm-aarch64-android14-5.15_kernelsu.ko
lkm-aarch64-android14-6.1_kernelsu.ko
lkm-aarch64-android15-6.6_kernelsu.ko
lkm-aarch64-android16-6.12_kernelsu.ko
lkm-aarch64-android17-6.18_kernelsu.ko
lkm-x86_64-android12-5.10_kernelsu.ko
lkm-x86_64-android13-5.10_kernelsu.ko
lkm-x86_64-android13-5.15_kernelsu.ko
lkm-x86_64-android14-5.15_kernelsu.ko
lkm-x86_64-android14-6.1_kernelsu.ko
lkm-x86_64-android15-6.6_kernelsu.ko
lkm-x86_64-android16-6.12_kernelsu.ko
lkm-x86_64-android17-6.18_kernelsu.ko
== no metamodule asset in tiann/KernelSU v3.3.0
/home/runner/work/devicelab/devicelab/modules/probe/./: 2 files pushed, 0 skipped. 0.0 MB/s (1474 bytes in 0.049s)
== modules: [
  {
    "web": "true",
    "action": "false",
    "remove": "false",
    "mount": "false",
    "name": "devicelab probe",
    "version": "1",
    "versionCode": "1",
    "description": "Observation module for devicelab. Its WebUI page is driven over DevTools.",
    "id": "devicelab_probe",
    "enabled": "true",
    "author": "p0g-stack",
    "update": "false"
  }
]
SELinux: Loaded file context from:
		/system/etc/selinux/plat_file_contexts
		/system_ext/etc/selinux/system_ext_file_contexts
		/vendor/etc/selinux/vendor_file_contexts
ERROR: null root node returned by UiTestAutomationBridge.
cat: /data/local/tmp/ui.xml: No such file or directory
== home text: 
== manager activities: me.weishu.kernelsu/.magica.BootCompletedReceiver me.weishu.kernelsu/.ui.MainActivity me.weishu.kernelsu/androidx.core.content.FileProvider me.weishu.kernelsu/androidx.profileinstaller.ProfileInstallReceiver me.weishu.kernelsu/androidx.startup.InitializationProvider 
inputs/modules/flutter_webui_counter-0.1.5.zip: 1 file pushed, 0 skipped. 166.3 MB/s (21434766 bytes in 0.123s)
== install flutter_webui_counter-0.1.5.zip
  inflating: webroot/fonts/notocoloremoji/v32/Yq6P-KqIXTD0t4D9z1ESnKM3-HpFabsE4tq3luCC7p-aXxcn.3.woff2
  inflating: webroot/fonts/notocoloremoji/v32/Yq6P-KqIXTD0t4D9z1ESnKM3-HpFabsE4tq3luCC7p-aXxcn.8.woff2
  inflating: webroot/fonts/notocoloremoji/v32/Yq6P-KqIXTD0t4D9z1ESnKM3-HpFabsE4tq3luCC7p-aXxcn.2.woff2
   creating: webroot/fonts/notosansmath/
   creating: webroot/fonts/notosansmath/v15/
  inflating: webroot/fonts/notosansmath/v15/7Aump_cpkSecTWaHRlH2hyV5UHkD-V048PW0.woff2
   creating: webroot/fonts/roboto/
   creating: webroot/fonts/roboto/v32/
  inflating: webroot/fonts/roboto/v32/KFOmCnqEu92Fr1Me4GZLCzYlKw.woff2
  inflating: webroot/.last_build_id
  inflating: webroot/config.json
  inflating: webroot/flutter_webui.js
  inflating: customize.sh
- Done
- Module installed successfully!
inputs/modules/counter-v1.0.0.zip: 1 file pushed, 0 skipped. 199.7 MB/s (6582359 bytes in 0.031s)
== install counter-v1.0.0.zip
  inflating: webroot/canvaskit/chromium/canvaskit.wasm
  inflating: webroot/config.json
  inflating: webroot/favicon.png
  inflating: webroot/flutter.js
  inflating: webroot/flutter_bootstrap.js
  inflating: webroot/icons/Icon-192.png
  inflating: webroot/icons/Icon-512.png
  inflating: webroot/icons/Icon-maskable-192.png
  inflating: webroot/icons/Icon-maskable-512.png
  inflating: webroot/index.html
  inflating: webroot/main.dart.js
  inflating: webroot/manifest.json
  inflating: webroot/version.json
- Done
- Module installed successfully!
inputs/modules/demo-v0.1.0.zip: 1 file pushed, 0 skipped. 290.7 MB/s (24313872 bytes in 0.080s)
== install demo-v0.1.0.zip
  inflating: webroot/icons/Icon-512.png
  inflating: webroot/icons/Icon-maskable-192.png
  inflating: webroot/icons/Icon-maskable-512.png
  inflating: webroot/index.html
  inflating: webroot/main.dart.js
  inflating: webroot/manifest.json
  inflating: webroot/pkg/.gitignore
  inflating: webroot/pkg/demo_native.js
  inflating: webroot/pkg/demo_native_bg.wasm
  inflating: webroot/pkg/package.json
  inflating: webroot/version.json
  inflating: webroot/workers/demo_service.web.g.dart.js
  inflating: webroot/workers/hello_service.web.g.dart.js
- Done
- Module installed successfully!
/home/runner/work/devicelab/devicelab/app_plane.zip: 1 file pushed, 0 skipped. 352.4 MB/s (4528281 bytes in 0.012s)
== install app_plane.zip
Archive:  /data/local/tmp/m.zip
- Extracting module files
Archive:  /data/local/tmp/m.zip
  inflating: post-fs-data.sh
  inflating: module.prop
   creating: system/
   creating: system/product/
   creating: system/product/app/
   creating: system/product/app/WebuiTermuxApi/
  inflating: system/product/app/WebuiTermuxApi/WebuiTermuxApi.apk
  inflating: service.sh
  inflating: sockprobe
- Handle partition /product
- Done
- Module installed successfully!
== soft-reboot: 
== after soft-reboot (72s): [
  {
    "update": "false",
    "id": "devicelab_probe",
    "version": "1",
    "description": "Observation module for devicelab. Its WebUI page is driven over DevTools.",
    "remove": "false",
    "author": "p0g-stack",
    "enabled": "true",
    "web": "true",
    "action": "false",
    "mount": "false",
    "name": "devicelab probe",
    "versionCode": "1"
  },
  {
    "remove": "false",
    "id": "flutter_webui_counter",
    "enabled": "true",
    "mount": "false",
    "action": "false",
    "author": "p0g-stack",
    "versionCode": "6",
    "update": "false",
    "web": "true",
    "name": "flutter-webui Counter",
    "version": "0.1.5",
    "description": "Stock Flutter counter app on flutter-webui (devicelab bring-up build)."
  },
  {
    "versionCode": "1",
    "enabled": "true",
    "remove": "false",
    "version": "v1.0.0",
    "web": "true",
    "name": "Counter",
    "mount": "false",
    "description": "A new Flutter project.",
    "action": "false",
    "id": "counter",
    "update": "false",
    "author": "Yuv"
  },
  {
    "update": "false",
    "versionCode": "1",
    "id": "demo",
    "description": "The demo GUI. Flutter on top of the core.",
    "version": "v0.1.0",
    "remove": "false",
    "author": "",
    "enabled": "true",
    "name": "Demo",
    "action": "false",
    "web": "true",
    "mount": "false"
  },
  {
    "mount": "true",
    "versionCode": "1",
    "remove": "false",
    "web": "false",
    "name": "devicelab app plane",
    "author"
total 56
drwxrwxrwx 7 root root 4096 2026-10-01 13:25 .
drwx------ 5 root root 4096 2026-10-01 13:25 ..
drwxr-xr-x 3 root root 4096 2026-10-01 13:25 counter
drwxr-xr-x 5 root root 4096 2026-10-01 13:25 demo
drwxr-xr-x 4 root root 4096 2026-10-01 13:25 devicelab_app_plane
drwxr-xr-x 3 root root 4096 2026-10-01 13:23 devicelab_probe
drwxr-xr-x 4 root root 4096 2026-10-01 13:25 flutter_webui_counter
/home/runner/work/devicelab/devicelab/out/labserver: 1 file pushed, 0 skipped. 20.8 MB/s (7843260 bytes in 0.360s)
Starting: Intent { cmp=me.weishu.kernelsu/.ui.webui.WebUIActivity (has extras) }
Status: ok
Activity: me.weishu.kernelsu/.ui.webui.WebUIActivity








Status: ok








Segmentation fault 
intent path: no page; manager log:
10-01 13:26:57.777  8174  8181 W weishu.kernelsu: ApkAssets: Deleting an ApkAssets object '<empty> and /system_ext/priv-app/ThemePicker/ThemePicker.apk' with 1 weak references
10-01 13:26:57.777  8174  8181 W weishu.kernelsu: ApkAssets: Deleting an ApkAssets object '<empty> and /system_ext/priv-app/WallpaperPickerGoogleRelease/WallpaperPickerGoogleRelease.apk' with 1 weak references
10-01 13:26:57.778  8174  8181 W weishu.kernelsu: ApkAssets: Deleting an ApkAssets object '<empty> and /product/priv-app/OdadPrebuilt/OdadPrebuilt.apk' with 1 weak references
10-01 13:26:57.778  8174  8181 W weishu.kernelsu: ApkAssets: Deleting an ApkAssets object '<empty> and /system/priv-app/TeleService/TeleService.apk' with 1 weak references
10-01 13:26:57.778  8174  8181 W weishu.kernelsu: ApkAssets: Deleting an ApkAssets object '/vendor/overlay/TeleService__sdk_gphone64_x86_64__auto_generated_rro_vendor.apk' with 1 weak references
10-01 13:26:57.778  8174  8181 W weishu.kernelsu: ApkAssets: Deleting an ApkAssets object '/product/overlay/TeleService__sdk_gphone64_x86_64__auto_generated_rro_product.apk' with 1 weak references
10-01 13:26:57.781  8174  8181 W weishu.kernelsu: ApkAssets: Deleting an ApkAssets object '<empty> and /system/priv-app/Shell/Shell.apk' with 1 weak references
10-01 13:26:57.781  8174  8181 W weishu.kernelsu: ApkAssets: Deleting an ApkAssets object '<empty> and /system/priv-app/BlockedNumberProvider/BlockedNumberProvider.apk' with 1 weak references
10-01 13:26:57.781  8174  8181 W weishu.kernelsu: ApkAssets: Deleting an ApkAssets object '<empty> and /system/priv-app/UserDictionaryProvider/UserDictionaryProvider.apk' with 1 weak references
10-01 13:26:57.781  8174  8181 W weishu.kernelsu: ApkAssets: Deleting an ApkAssets object '<empty> and /system_ext/app/EmergencyInfoGoogleNoUi/EmergencyInfoGoogleNoUi.apk' with 1 weak references
10-01 13:26:57.781  8174  8181 W weishu.kernelsu: ApkAssets: Deleting an ApkAssets object '<empty> and /system/priv-app/FusedLocation/FusedLocation.apk' with 1 weak references
10-01 13:26:57.781  8174  8181 W weishu.kernelsu: ApkAssets: Deleting an ApkAssets object '<empty> and /system_ext/priv-app/SystemUIGoogle/SystemUIGoogle.apk' with 1 weak references
10-01 13:26:57.782  8174  8181 W weishu.kernelsu: ApkAssets: Deleting an ApkAssets object '/vendor/overlay/SystemUIGoogle__sdk_gphone64_x86_64__auto_generated_rro_vendor.apk' with 1 weak references
10-01 13:26:57.782  8174  8181 W weishu.kernelsu: ApkAssets: Deleting an ApkAssets object '/product/overlay/SystemUIGoogle__sdk_gphone64_x86_64__auto_generated_rro_product.apk' with 1 weak references
10-01 13:26:57.788  8174  8181 W weishu.kernelsu: ApkAssets: Deleting an ApkAssets object '<empty> and /product/app/YouTubeMusicPrebuilt/YouTubeMusicPrebuilt.apk' with 1 weak references
10-01 13:26:57.788  8174  8181 W weishu.kernelsu: ApkAssets: Deleting an ApkAssets object '<empty> and /system/app/BluetoothMidiService/BluetoothMidiService.apk' with 1 weak references
10-01 13:26:57.788  8174  8181 W weishu.kernelsu: ApkAssets: Deleting an ApkAssets object '<empty> and /product/app/WebuiTermuxApi/WebuiTermuxApi.apk' with 1 weak references
10-01 13:26:57.789  8174  8181 W weishu.kernelsu: ApkAssets: Deleting an ApkAssets object '<empty> and /system/app/Traceur/Traceur.apk' with 1 weak references
10-01 13:26:57.789  8174  8181 W weishu.kernelsu: ApkAssets: Deleting an ApkAssets object '<empty> and /apex/com.android.cellbroadcast/priv-app/GoogleCellBroadcastApp@350820300/GoogleCellBroadcastApp.apk' with 1 weak references
10-01 13:26:57.790  8174  8181 W weishu.kernelsu: ApkAssets: Deleting an ApkAssets object '<empty> and /system/priv-app/ContactsProvider/ContactsProvider.apk' with 1 weak references
10-01 13:26:57.790  8174  8181 W weishu.kernelsu: ApkAssets: Deleting an ApkAssets object '/product/overlay/ContactsProvider__sdk_gphone64_x86_64__auto_generated_rro_product.apk' with 1 weak references
10-01 13:26:57.790  8174  8181 W weishu.kernelsu: ApkAssets: Deleting an ApkAssets object '<empty> and /product/app/LatinIMEGooglePrebuilt/LatinIMEGooglePrebuilt.apk' with 1 weak references
10-01 13:26:57.790  8174  8181 W weishu.kernelsu: ApkAssets: Deleting an ApkAssets object '<empty> and /product/priv-app/GoogleRestorePrebuilt-v526684/GoogleRestorePrebuilt-v526684.apk' with 1 weak references
10-01 13:26:57.813  8174  8174 W WindowOnBackDispatcher: sendCancelIfRunning: isInProgress=false callback=android.view.ViewRootImpl$$ExternalSyntheticLambda11@be9350e
10-01 13:26:57.844  8174  8174 I Choreographer: Skipped 47 frames!  The application may be doing too much work on its main thread.
ui: dismissed ANR dialog
ui: tapped 'Module' at 200,584
ui: tapped 160,152
ui: tapped 'Clean' at 209,64
ui: tapped 'Clean' at 209,64
ui: tapped 'Clean' at 209,64
[0,0][320,640] search | Cancel
[12,40][235,88] search
[251,40][304,88] Cancel
[0,552][80,616] Home
[80,552][160,616] Superuser
[240,552][320,616] Settings
ui: no node with 'Open'












[0,0][320,640] search | Cancel
[12,40][235,88] search
[251,40][304,88] Cancel
[0,552][80,616] Home
[80,552][160,616] Superuser
[240,552][320,616] Settings
opened: none
{"check":"targets","result":[]}
{"check":"globals","result":{"error":"no page target","sockets":[],"targets":[]}}
{"check":"ksu-exec","result":{"error":"no page target","sockets":[],"targets":[]}}
{"check":"ws-loopback","result":{"error":"no page target","sockets":[],"targets":[]}}
{"check":"fetch-loopback","result":{"error":"no page target","sockets":[],"targets":[]}}
{"check":"webview-uid","result":["webview_zygote 1053 webview_zygote", "u0_a209      10209 me.weishu.kernelsu"]}
{"check":"while-home-heartbeat","result":{"error":"no page target","sockets":[],"targets":[]}}
{"check":"lifecycle","result":{"error":"no page target","sockets":[],"targets":[]}}
{"check":"dev-url","result":{"error":"no page target","sockets":[],"targets":[]}}
Starting: Intent { cmp=me.weishu.kernelsu/.ui.webui.WebUIActivity (has extras) }
Status: ok
Activity: me.weishu.kernelsu/.ui.webui.WebUIActivity








Status: ok








Segmentation fault 
intent path: no page; manager log:
10-01 13:29:30.869  9409  9415 W weishu.kernelsu: ApkAssets: Deleting an ApkAssets object '/product/overlay/SettingsGoogle__sdk_gphone64_x86_64__auto_generated_rro_product.apk' with 1 weak references
10-01 13:29:30.869  9409  9415 W weishu.kernelsu: ApkAssets: Deleting an ApkAssets object '<empty> and /product/priv-app/SettingsIntelligenceGooglePrebuilt/SettingsIntelligenceGooglePrebuilt.apk' with 1 weak references
10-01 13:29:30.869  9409  9415 W weishu.kernelsu: ApkAssets: Deleting an ApkAssets object '<empty> and /system_ext/priv-app/ThemePicker/ThemePicker.apk' with 1 weak references
10-01 13:29:30.869  9409  9415 W weishu.kernelsu: ApkAssets: Deleting an ApkAssets object '<empty> and /system_ext/priv-app/WallpaperPickerGoogleRelease/WallpaperPickerGoogleRelease.apk' with 1 weak references
10-01 13:29:30.869  9409  9415 W weishu.kernelsu: ApkAssets: Deleting an ApkAssets object '<empty> and /product/priv-app/OdadPrebuilt/OdadPrebuilt.apk' with 1 weak references
10-01 13:29:30.870  9409  9415 W weishu.kernelsu: ApkAssets: Deleting an ApkAssets object '<empty> and /system/priv-app/TeleService/TeleService.apk' with 1 weak references
10-01 13:29:30.870  9409  9415 W weishu.kernelsu: ApkAssets: Deleting an ApkAssets object '/vendor/overlay/TeleService__sdk_gphone64_x86_64__auto_generated_rro_vendor.apk' with 1 weak references
10-01 13:29:30.870  9409  9415 W weishu.kernelsu: ApkAssets: Deleting an ApkAssets object '/product/overlay/TeleService__sdk_gphone64_x86_64__auto_generated_rro_product.apk' with 1 weak references
10-01 13:29:30.870  9409  9415 W weishu.kernelsu: ApkAssets: Deleting an ApkAssets object '<empty> and /system/priv-app/Shell/Shell.apk' with 1 weak references
10-01 13:29:30.870  9409  9415 W weishu.kernelsu: ApkAssets: Deleting an ApkAssets object '<empty> and /system/priv-app/BlockedNumberProvider/BlockedNumberProvider.apk' with 1 weak references
10-01 13:29:30.870  9409  9415 W weishu.kernelsu: ApkAssets: Deleting an ApkAssets object '<empty> and /system/priv-app/UserDictionaryProvider/UserDictionaryProvider.apk' with 1 weak references
10-01 13:29:30.870  9409  9415 W weishu.kernelsu: ApkAssets: Deleting an ApkAssets object '<empty> and /system_ext/app/EmergencyInfoGoogleNoUi/EmergencyInfoGoogleNoUi.apk' with 1 weak references
10-01 13:29:30.870  9409  9415 W weishu.kernelsu: ApkAssets: Deleting an ApkAssets object '<empty> and /system/priv-app/FusedLocation/FusedLocation.apk' with 1 weak references
10-01 13:29:30.870  9409  9415 W weishu.kernelsu: ApkAssets: Deleting an ApkAssets object '<empty> and /system_ext/priv-app/SystemUIGoogle/SystemUIGoogle.apk' with 1 weak references
10-01 13:29:30.871  9409  9415 W weishu.kernelsu: ApkAssets: Deleting an ApkAssets object '/vendor/overlay/SystemUIGoogle__sdk_gphone64_x86_64__auto_generated_rro_vendor.apk' with 1 weak references
10-01 13:29:30.871  9409  9415 W weishu.kernelsu: ApkAssets: Deleting an ApkAssets object '/product/overlay/SystemUIGoogle__sdk_gphone64_x86_64__auto_generated_rro_product.apk' with 1 weak references
10-01 13:29:30.871  9409  9415 W weishu.kernelsu: ApkAssets: Deleting an ApkAssets object '<empty> and /product/app/YouTubeMusicPrebuilt/YouTubeMusicPrebuilt.apk' with 1 weak references
10-01 13:29:30.871  9409  9415 W weishu.kernelsu: ApkAssets: Deleting an ApkAssets object '<empty> and /system/app/BluetoothMidiService/BluetoothMidiService.apk' with 1 weak references
10-01 13:29:30.871  9409  9415 W weishu.kernelsu: ApkAssets: Deleting an ApkAssets object '<empty> and /product/app/WebuiTermuxApi/WebuiTermuxApi.apk' with 1 weak references
10-01 13:29:30.871  9409  9415 W weishu.kernelsu: ApkAssets: Deleting an ApkAssets object '<empty> and /system/app/Traceur/Traceur.apk' with 1 weak references
10-01 13:29:30.872  9409  9415 W weishu.kernelsu: ApkAssets: Deleting an ApkAssets object '<empty> and /apex/com.android.cellbroadcast/priv-app/GoogleCellBroadcastApp@350820300/GoogleCellBroadcastApp.apk' with 1 weak references
10-01 13:29:30.872  9409  9415 W weishu.kernelsu: ApkAssets: Deleting an ApkAssets object '<empty> and /system/priv-app/ContactsProvider/ContactsProvider.apk' with 1 weak references
10-01 13:29:30.872  9409  9415 W weishu.kernelsu: ApkAssets: Deleting an ApkAssets object '/product/overlay/ContactsProvider__sdk_gphone64_x86_64__auto_generated_rro_product.apk' with 1 weak references
10-01 13:29:30.872  9409  9415 W weishu.kernelsu: ApkAssets: Deleting an ApkAssets object '<empty> and /product/app/LatinIMEGooglePrebuilt/LatinIMEGooglePrebuilt.apk' with 1 weak references
10-01 13:29:30.872  9409  9415 W weishu.kernelsu: ApkAssets: Deleting an ApkAssets object '<empty> and /product/priv-app/GoogleRestorePrebuilt-v526684/GoogleRestorePrebuilt-v526684.apk' with 1 weak references
ui: tapped 'Module' at 200,584
ui: tapped 160,152
[0,0][320,640] flutter-webui Counter | search | Clean | Cancel | flutter-webui Counter | Version: 0.1.5 | Author: p0g-stack | Stock Flu
[12,40][235,88] flutter-webui Counter | search | Clean
[185,40][233,88] Clean
[251,40][304,88] Cancel
[12,98][308,267] flutter-webui Counter | Version: 0.1.5 | Author: p0g-stack | Stock Flutter counter app on flutter-webui (devicelab bring
[243,116][292,164] 
[28,210][110,258] Open | Open
[186,210][292,258] Uninstall
[0,552][80,616] Home
[80,552][160,616] Superuser
[240,552][320,616] Settings
ui: tapped 'Open' at 69,234

https://mui.kernelsu.org/index.html
    * Hist  #1: ActivityRecord{7dbb4c2 u0 me.weishu.kernelsu/.ui.webui.WebUIActivity t15}
      packageName=me.weishu.kernelsu processName=me.weishu.kernelsu
      launchedFromUid=10209 launchedFromPackage=me.weishu.kernelsu launchedFromFeature=null userId=0
      app=ProcessRecord{61d9e52 9409:me.weishu.kernelsu/u0a209}
      Intent { dat=ksu://webui?id=flutter_webui_counter&token=4af3aa102caddab9731dfa12428a9170c8122d37f5c99212b01593e431d0828f flg=0x80000 cmp=me.weishu.kernelsu/.ui.webui.WebUIActivity }
opened: ui
{"check":"targets","result":[{"type": "page", "url": "https://mui.kernelsu.org/index.html", "title": "Flutter Demo"}]}
{"check":"page","result":{"url":"https://mui.kernelsu.org/index.html","socket":"webview_devtools_remote_9409","value":{"href":"https://mui.kernelsu.org/index.html","title":"Flutter Demo","ready":"complete","flutter":true,"glass":true,"nav":{"dcl":836,"load":3129},"paint":{"first-paint":2349,"first-contentful-paint":6217},"glassAt":"present","firstFrame":null,"insets":"24px","vv":[320,640,1]}}}
{"check":"java-exceptions","result":["--", "10-01 13:30:02.596  6788  6788 E InputConnectionWrapper: java.util.concurrent.TimeoutException: Waited 100 milliseconds (plus 6 milliseconds, 141217 nanoseconds delay) for pxi@dc2bfc3[status=PENDING, info=[task=[running=[RUNNING ON ICWrapper-1], fch@62b4040]]]", "10-01 13:30:02.596  6788  6788 E InputConnectionWrapper: \tat pug.get(PG:52)", "10-01 13:30:02.596  6788  6788 E InputConnectionWrapper: \tat kbd.g(PG:9)", "10-01 13:30:02.596  6788  6788 E InputConnectionWrapper: \tat kbd.f(PG:20)", "10-01 13:30:02.596  6788  6788 E InputConnectionWrapper: \tat kbd.t(PG:27)", "10-01 13:30:02.596  6788  6788 E InputConnectionWrapper: \tat kef.e(PG:15)", "10-01 13:30:02.596  6788  6788 E InputConnectionWrapper: \tat kfm.A(PG:21)", "10-01 13:30:02.596  6788  6788 E InputConnectionWrapper: \tat joy.A(PG:3)", "10-01 13:30:02.596  6788  6788 E InputConnectionWrapper: \tat jhz.g(PG:17)", "10-01 13:30:02.596  6788  6788 E InputConnectionWrapper: \tat jov.a(PG:3)", "10-01 13:30:02.596  6788  6788 E InputConnectionWrapper: \tat joy.af(PG:15)", "10-01 13:30:02.596  6788  6788 E InputConnectionWrapper: \tat joy.I(PG:49)", "10-01 13:30:02.596  6788  6788 E InputConnectionWrapper: \tat jos.k(PG:30)", "--", "10-01 13:30:04.008  9775  9806 W cr_AWNetworkFetcherTask: IOException during downloadToFile.", "10-01 13:30:04.008  9775  9806 W cr_AWNetworkFetcherTask: java.io.IOException: Cleartext HTTP traffic to edgedl.me.gvt1.com not permitted", "10-01 13:30:04.008  9775  9806 W cr_AWNetworkFetcherTask: \tat com.android.okhttp.HttpHandler$CleartextURLFilter.checkURLPermitted(HttpHandler.java:127)", "10-01 13:30:04.008  9775  9806 W cr_AWNetworkFetcherTask: \tat com.android.okhttp.internal.huc.HttpURLConnectionImpl.execute(HttpURLConnectionImpl.java:462)", "10-01 13:30:04.008  9775  9806 W cr_AWNetworkFetcherTask: \tat com.android.okhttp.internal.huc.HttpURLConnectionImpl.getResponse(HttpURLConnectionImpl.java:411)", "10-01 13:30:04.008  9775  9806 W cr_AWNetworkFetcherTask: \tat com.android.okhttp.internal.huc.HttpURLConnectionImpl.getResponseCode(HttpURLConnectionImpl.java:542)", "10-01 13:30:04.018  5977  9833 I resolv  : GetAddrInfoHandler::run: {101 101 101 983141 10152 0}", "10-01 13:30:04.027  5977  9835 I resolv  : res_nmkquery: (QUERY, IN, A)", "10-01 13:30:04.031  5977  9835 I resolv  : resolv_cache_lookup: FOUND IN CACHE entry=0x7ae9729ca6d0", "10-01 13:30:04.032  5977  9835 I resolv  : doQuery: rcode=0, ancount=1, return value=52", "10-01 13:30:04.032  5977  9834 I resolv  : res_nmkquery: (QUERY, IN, AAAA)", "10-01 13:30:04.032  5977  9834 I resolv  : resolv_cache_lookup: FOUND IN CACHE entry=0x7aeab29d3390", "10-01 13:30:04.032  5977  9834 I resolv  : doQuery: rcode=0, ancount=1, return value=64", "--", "10-01 13:30:05.432  9409  9727 E SuFilePathHandler: java.io.FileNotFoundException: No such file or directory: /data/adb/modules/flutter_webui_counter/webroot/favicon.ico", "10-01 13:30:05.432  9409  9727 E SuFilePathHandler: \tat zb3.a(r8-map-id-9f7f45feba6f2c95784574c49c444982ed6e6c85bfa15582daceb837f5e42ea2:151)", "10-01 13:30:05.432  9409  9727 E SuFilePathHandler: \tat fk3.e(r8-map-id-9f7f45feba6f2c95784574c49c444982ed6e6c85bfa15582daceb837f5e42ea2:308)", "10-01 13:30:05.432  9409  9727 E SuFilePathHandler: \tat ja4.a(r8-map-id-9f7f45feba6f2c95784574c49c444982ed6e6c85bfa15582daceb837f5e42ea2:99)", "10-01 13:30:05.432  9409  9727 E SuFilePathHandler: \tat o11.shouldInterceptRequest(r8-map-id-9f7f45feba6f2c95784574c49c444982ed6e6c85bfa15582daceb837f5e42ea2:247)", "10-01 13:30:05.412  9409  9409 W ThreadPoolForeg: type=1400 audit(0.0:129): avc:  denied  { getattr } for  path=\"/data/adb\" dev=\"dm-46\" ino=335873 scontext=u:r:untrusted_app:s0:c209,c256,c512,c768 tcontext=u:object_r:adb_data_file:s0 tclass=dir permissive=0 app=me.weishu.kernelsu", "10-01 13:30:05.607     0     0 W audit   : audit_lost=24 audit_rate_limit=5 audit_backlog_limit=64", "10-01 13:30:05.615     0     0 E audit   : rate limit exceeded", "10-01 13:30:05.444  9409  9409 W ThreadPoolForeg: type=1400 audit(0.0:130): avc:  denied  { getattr } for  path=\"/data/adb\" dev=\"dm-46\" ino=335873 scontext=u:r:untrusted_app:s0:c209,c256,c512,c768 tcontext=u:object_r:adb_data_file:s0 tclass=dir permissive=0 app=me.weishu.kernelsu", "10-01 13:30:05.634  9409  9413 I weishu.kernelsu: Background concurrent mark compact GC freed 6016KB AllocSpace bytes, 69(1632KB) LOS objects, 49% free, 10MB/21MB, paused 379us,9.244ms total 166.817ms", "10-01 13:30:05.639  9409  9415 W weishu.kernelsu: ApkAssets: Deleting an ApkAssets object '<empty> and /data/app/~~6Xy8tRc6wk768HY0QlOG2g==/com.google.android.webview-FRphzzuMMR1csuZk6ZFBxg==/WebViewGoogle.apk' with 2 weak references"]}
{"check":"console-errors","result":["--------- beginning of main", "10-01 13:30:01.756  9409  9720 I chromium: [1001/133001.749567:INFO:variations_seed_loader.cc(66)] Failed to open file for reading.: No such file or directory (2)", "10-01 13:30:01.756  9409  9720 I chromium: [1001/133001.756257:INFO:variations_seed_loader.cc(66)] Failed to open file for reading.: No such file or directory (2)", "10-01 13:30:02.341  9728  9770 W chromium: [WARNING:runtime_features.cc(694)] SharedStorage for M118+ cannot be enabled in this configuration. Use --enable-features=SharedStorageAPI,SharedStorageAPIM118 in addition.", "10-01 13:30:02.342  9728  9770 W chromium: [WARNING:runtime_features.cc(730)] AttributionReportingCrossAppWeb cannot be enabled in this configuration. Use --enable-features=ConversionMeasurement,AttributionReportingCrossAppWeb in addition.", "10-01 13:30:02.833  9728  9770 I chromium: [INFO:viewport_data.cc(133)] E2E_Used ViewportFitCover", "10-01 13:30:03.200  9409  9409 I chromium: [INFO:CONSOLE(3)] \"Injecting <script> tag. Using callback.\", source: https://mui.kernelsu.org/flutter_bootstrap.js (3)"]}
{"check":"first-frame-warm","result":{"url":"https://mui.kernelsu.org/index.html","socket":"webview_devtools_remote_9409","value":{"firstFrameMs":734,"now":15047,"flutter":true,"resizes":[],"paint":{"first-paint":1621,"first-contentful-paint":1621},"calls":[[107,"at-preload","ksu:undefined webui:undefined"],[132,"ksu-defined"],[133,"wrap-failed","exec"],[133,"wrap-failed","spawn"],[133,"wrap-failed","moduleInfo"],[133,"wrap-failed","fullScreen"],[133,"wrap-failed","enableEdgeToEdge"],[134,"wrap-failed","toast"],[134,"wrap-failed","exit"]],"resources":[["/internal/insets.css",87,119,"link",0],["/flutter_webui.css",87,180,"link",0],["/flutter_webui.js",91,155,"script",0],["/flutter_bootstrap.js",92,198,"script",0],["/canvaskit/chromium/canvaskit.wasm",249,385,"fetch",0],["/canvaskit/chromium/canvaskit.js",249,282,"other",0],["/main.dart.js",251,318,"script",0],["/assets/FontManifest.json",591,615,"fetch",0],["/favicon.ico",598,611,"other",0],["/assets/fonts/MaterialIcons-Regular.otf",616,646,"fetch",0],["/assets/packages/cupertino_icons/assets/CupertinoIcons.ttf",617,646,"fetch",0],["/assets/fonts/fallback/Roboto-Regular.ttf",617,650,"fetch",0]],"marks":[["flutter_webui:register",653],["flutter_webui:registered",658],["flutter_webui:first-frame",734]],"measures":[],"fonts":[]}}}
{"check":"root-start","result":{"url":"https://mui.kernelsu.org/index.html","socket":"webview_devtools_remote_9409","value":{"code":0,"out":"","err":"","ms":184}}}
{"check":"session","result":{"url":"https://mui.kernelsu.org/index.html","socket":"webview_devtools_remote_9409","value":{"status":200,"ms":83,"protocol":1,"version":"0.1.0","port":45479,"pid":9898,"tokenLen":43}}}
{"check":"ws-hello","result":{"url":"https://mui.kernelsu.org/index.html","socket":"webview_devtools_remote_9409","value":{"first":"{\"op\":\"hello\",\"protocol\":1,\"version\":\"0.1.0\",\"pid\":9898,\"boot\":\"8a4d56e4-694e-47c4-85a2-e0f14cb41736\",\"uid\":0,\"moduleDir\":\"/data/adb/modules/flutter_webui_counter\"}"}}}
{"check":"channel-process","result":"USER           UID LABEL                            PID NAME                       \nroot             0 u:r:ksu:s0                      9898 ld-linux-x86-64.so.2\nexe=/data/adb/modules/flutter_webui_counter/flutter_webui/x86_64/ld-linux-x86-64.so.2\n/data/adb/modules/flutter_webui_counter/flutter_webui/x86_64/ld-linux-x86-64.so.2 --library-path /data/adb/modules/flutter_webui_counter/flutter_webui/x86_64 /data/adb/modules/flutter_webui_counter/flutter_webui/x86_64/dartaotruntime /data/adb/modules/flutter_webui_counter/flutter_webui/x86_64/flutter_webui_root.aot serve --module-dir /data/adb/modules/flutter_webui_counter \narm64-v8a\nroot\nx86_64\n/data/adb/modules/flutter_webui_counter/flutter_webui/arm64-v8a:\ndartaotruntime\nflutter_webui_root.aot\nld-linux-aarch64.so.1\nlibc.so.6\nlibdl.so.2\nlibm.so.6\nlibpthread.so.0\n\n/data/adb/modules/flutter_webui_counter/flutter_webui/x86_64:\ndartaotruntime\nflutter_webui_root.aot\nld-linux-x86-64.so.2\nlibc.so.6\nlibdl.so.2\nlibm.so.6\nlibpthread.so.0"}
{"check":"root-log","result":"2026-10-01T13:30:36.598454 listening on 127.0.0.1:45479"}
{"check":"session-mode","result":"total 44\ndrwx--x--x 3 root root 4096 2026-10-01 13:30 .\ndrwxr-xr-x 7 root root 4096 2026-10-01 13:30 ..\n-rw------- 1 root root    0 2026-10-01 13:30 lock\ndrwx------ 2 root root 4096 2026-10-01 13:30 proc\n-rw------- 1 root root   56 2026-10-01 13:30 root.log\n-rw-r--r-- 1 root root  196 2026-10-01 13:30 session.json"}
{"check":"home-resume","result":{"url":"https://mui.kernelsu.org/index.html","socket":"webview_devtools_remote_9409","value":{"events":[["visibilitychange","hidden",16721],["visibilitychange","visible",23874]],"ticks":20,"vis":"visible","hasFocus":false}}}
{"check":"before-back","result":{"url":"https://mui.kernelsu.org/index.html","socket":"webview_devtools_remote_9409","value":{"historyLength":2,"historyState":"{\"flutter\":true}","href":"https://mui.kernelsu.org/index.html","typeofWebui":"undefined","typeofWebuiExit":"undefined","typeofKsuExit":"function","webuiKeys":null,"wrapped":"no webui.exit"}}}
{"check":"back-events","result":{"error":"no page target","sockets":["webview_devtools_remote_9409"],"targets":[]}}
{"check":"back-console","result":["10-01 13:30:49.180  9409  9409 E chromium: [ERROR:aw_browser_terminator.cc(154)] Renderer process (9728) crash detected (code -1).", "10-01 13:30:49.183  6059  7607 I ActivityManager: Killing 9728:com.google.android.webview:sandboxed_process0:org.chromium.content.app.SandboxedProcessService0:0/u0a209i0 (adj 0): isolated not needed"]}
{"check":"back-at-root","result":"topResumedActivity=ActivityRecord{85f7742 u0 me.weishu.kernelsu/.ui.MainActivity t15}"}
Starting: Intent { cmp=me.weishu.kernelsu/.ui.webui.WebUIActivity (has extras) }
Status: ok
Activity: me.weishu.kernelsu/.ui.webui.WebUIActivity








Status: ok








Segmentation fault 
Status: ok
https://mui.kernelsu.org/index.html
token found in manager data: 4af3aa102caddab9731dfa12428a9170c8122d37f5c99212b01593e431d0828f
opened: intent-token
{"check":"targets","result":[{"type": "page", "url": "https://mui.kernelsu.org/index.html", "title": "Flutter Demo"}]}
{"check":"page","result":{"url":"https://mui.kernelsu.org/index.html","socket":"webview_devtools_remote_10042","value":{"href":"https://mui.kernelsu.org/index.html","title":"Flutter Demo","ready":"complete","flutter":true,"glass":true,"nav":{"dcl":656,"load":1586},"paint":{"first-paint":3139,"first-contentful-paint":3139},"glassAt":"present","firstFrame":null,"insets":null,"vv":[320,592,1]}}}
{"check":"java-exceptions","result":["10-01 13:31:18.002  6544  7181 W .gms.persistent: Large reply transaction of 1056768 bytes, interface descriptor , code 1", "10-01 13:31:18.004  6915  7381 I BugleRcsEngine: handleMessage processing message:[NOTIFY_UPTIME_IGNORE_STATE_CHANGED] with [non-null]:RcsEngineImpl reference [CONTEXT log_prefix=\"RcsEngineImpl[DUAL_REG]:[a34d808e-d8a5]>Handler\" thread_id=64 ]", "10-01 13:31:18.005  6915  7139 I BugleRcsEngine: Connected state: [1], networkType: [WIFI] [CONTEXT thread_id=57 ]", "10-01 13:31:18.166  6295  6295 I wpa_supplicant: wlan0: CTRL-EVENT-BEACON-LOSS ", "10-01 13:31:19.269  6059  6222 D InetDiagMessage: Destroyed 0 sockets, proto=IPPROTO_TCP, family=AF_INET, states=14", "10-01 13:31:19.270  6059  6222 D InetDiagMessage: Destroyed 0 sockets, proto=IPPROTO_TCP, family=AF_INET6, states=14", "10-01 13:31:19.270  6059  6222 D InetDiagMessage: Destroyed live tcp sockets for uids={10152} in 3ms", "10-01 13:31:19.271  6059  6222 D InetDiagMessage: Destroyed 0 sockets, proto=IPPROTO_TCP, family=AF_INET, states=14", "10-01 13:31:19.271  6059  6222 D InetDiagMessage: Destroyed 0 sockets, proto=IPPROTO_TCP, family=AF_INET6, states=14", "10-01 13:31:19.271  6059  6222 D InetDiagMessage: Destroyed live tcp sockets for uids={20152} in 1ms", "10-01 13:31:20.975  7017  7017 W JobService: onNetworkChanged() not implemented in androidx.work.impl.background.systemjob.SystemJobService. Must override in a subclass.", "10-01 13:31:20.979  6915  7381 I BugleRcsEngine: handleMessage processing message:[NOTIFY_UPTIME_IGNORE_STATE_CHANGED] with [non-null]:RcsEngineImpl reference [CONTEXT log_prefix=\"RcsEngineImpl[DUAL_REG]:[a34d808e-d8a5]>Handler\" thread_id=64 ]", "--", "10-01 13:31:20.985  6544  7181 I ChimeraSrvcProxy: NullBinder for android.net.action.RECOMMEND_NETWORKS triggering remote TransactionTooLargeException due to Service without Chimera impl", "10-01 13:31:20.985  6544  7181 W .gms.persistent: Large reply transaction of 1056768 bytes, interface descriptor , code 1", "10-01 13:31:21.610 10270 10270 W BpBinder: Linking to death on android.gui.ISurfaceComposer but there are no threads (yet?) listening to incoming transactions. See ProcessState::startThreadPool and ProcessState::setThreadPoolMaxThreadCount. Generally you should setup the binder threadpool before other initialization steps.", "10-01 13:31:21.611 10270 10270 W ProcessState: Extra binder thread started, but 0 threads requested. Do not use *startThreadPool when zero threads are requested.", "10-01 13:31:21.622   162   162 I hwservicemanager: getTransport: Cannot find entry android.hardware.graphics.mapper@4.0::IMapper/default in either framework or device VINTF manifest.", "10-01 13:31:21.622 10270 10271 I Gralloc4: mapper 4.x is not supported", "10-01 13:31:21.775     0     0 I servicemanager: Caller(pid=10270,uid=0,sid=u:r:su:s0) Could not find android.hardware.graphics.allocator.IAllocator/default in the VINTF manifest. No alternative instances declared in VINTF.", "10-01 13:31:23.003  7017  7639 I BugleRcsEngine: ConfiguredState: event Timeout [null] [CONTEXT log_prefix=\"(PEv2-SM41028933-DefaultCallSmsData-1-210)\" thread_id=65 ]", "10-01 13:31:23.612  6059  6097 D OomAdjuster: Not killing cached processes", "10-01 13:31:23.941  6392  7189 D ApfFilter: (wlan0): Adding RA fe80::2 -> ff02::1 1800s fec0::/64 86400s/14400s ", "10-01 13:31:24.235  6059  6164 D ActivityManager: freezing 9724 com.google.android.webview:webview_service", "10-01 13:31:24.238  6059  6222 D InetDiagMessage: Destroyed 0 sockets, proto=IPPROTO_TCP, family=AF_INET, states=14", "10-01 13:31:24.239  6059  6222 D InetDiagMessage: Destroyed 0 sockets, proto=IPPROTO_TCP, family=AF_INET6, states=14", "--", "10-01 13:31:27.004  6544  8494 I ChimeraSrvcProxy: NullBinder for android.net.action.RECOMMEND_NETWORKS triggering remote TransactionTooLargeException due to Service without Chimera impl", "10-01 13:31:27.005  6544  8494 W .gms.persistent: Large reply transaction of 1056768 bytes, interface descriptor , code 1", "10-01 13:31:27.073  6059  6140 W AppOps  : Noting op not finished: uid 10144 pkg com.google.android.gms code 113 startTime of in progress event=1790861255260", "10-01 13:31:27.083  6059  6289 W AppOps  : Noting op not finished: uid 10144 pkg com.google.android.gms code 79 startTime of in progress event=1790861255260", "10-01 13:31:27.087  6059  9389 W AppOps  : Noting op not finished: uid 10144 pkg com.google.android.gms code 113 startTime of in progress event=1790861255260", "10-01 13:31:27.094  6544  7110 I ActivityScheduler: nextTriggerTime: 828175, in 235300ms, detectorType: 39, FULL_TYPE alarmWindowMillis: 30000", "10-01 13:31:28.131  7033  7033 D BoundBrokerSvc: onUnbind: Intent { act=com.google.android.gms.checkin.START pkg=com.google.android.gms }", "10-01 13:31:29.431  6059  6140 D OomAdjuster: Not killing cached processes", "10-01 13:31:29.431  7033  7033 D BoundBrokerSvc: onUnbind: Intent { act=com.google.android.gms.safetynet.service.START pkg=com.google.android.gms }", "10-01 13:31:29.457  5977  6011 I netd    : tetherGetStats() -> {[]} <1.64ms>", "10-01 13:31:30.519  6059  6164 D ActivityManager: freezing 7433 com.google.android.gms.unstable", "10-01 13:31:30.776 10277 10277 W BpBinder: Linking to death on android.gui.ISurfaceComposer but there are no threads (yet?) listening to incoming transactions. See ProcessState::startThreadPool and ProcessState::setThreadPoolMaxThreadCount. Generally you should setup the binder threadpool before other initialization steps.", "10-01 13:31:30.776 10277 10277 W ProcessState: Extra binder thread started, but 0 threads requested. Do not use *startThreadPool when zero threads are requested."]}
{"check":"console-errors","result":["--------- beginning of main", "10-01 13:31:13.729 10042 10176 E chromium: [1001/133113.728898:ERROR:variations_seed_loader.cc(37)] Seed missing signature.", "10-01 13:31:13.729 10042 10176 I chromium: [1001/133113.729533:INFO:variations_seed_loader.cc(66)] Failed to open file for reading.: No such file or directory (2)", "10-01 13:31:14.074 10180 10208 W chromium: [WARNING:runtime_features.cc(694)] SharedStorage for M118+ cannot be enabled in this configuration. Use --enable-features=SharedStorageAPI,SharedStorageAPIM118 in addition.", "10-01 13:31:14.075 10180 10208 W chromium: [WARNING:runtime_features.cc(730)] AttributionReportingCrossAppWeb cannot be enabled in this configuration. Use --enable-features=ConversionMeasurement,AttributionReportingCrossAppWeb in addition.", "10-01 13:31:14.778 10042 10042 I chromium: [INFO:CONSOLE(1)] \"Injecting <script> tag. Using callback.\", source: https://mui.kernelsu.org/flutter_bootstrap.js (1)"]}
{"check":"first-frame-warm","result":{"url":"https://mui.kernelsu.org/index.html","socket":"webview_devtools_remote_10042","value":{"firstFrameMs":642,"now":15046,"flutter":true,"resizes":[],"paint":{"first-paint":1362,"first-contentful-paint":1362},"calls":[[94,"at-preload","ksu:undefined webui:undefined"],[111,"ksu-defined"],[129,"wrap-failed","exec"],[133,"wrap-failed","spawn"],[133,"wrap-failed","moduleInfo"],[133,"wrap-failed","fullScreen"],[136,"wrap-failed","enableEdgeToEdge"],[136,"wrap-failed","toast"],[137,"wrap-failed","exit"]],"resources":[["/flutter_bootstrap.js",81,150,"script",0],["/canvaskit/chromium/canvaskit.wasm",199,314,"fetch",0],["/canvaskit/chromium/canvaskit.js",200,233,"other",0],["/main.dart.js",201,312,"script",0],["/assets/FontManifest.json",515,537,"fetch",0],["/favicon.png",521,542,"other",0],["/assets/fonts/MaterialIcons-Regular.otf",538,559,"fetch",0],["/assets/packages/cupertino_icons/assets/CupertinoIcons.ttf",539,569,"fetch",0],["/assets/fonts/fallback/Roboto-Regular.ttf",540,567,"fetch",0],["/favicon.png",1361,1419,"other",0]],"marks":[],"measures":[],"fonts":[]}}}
Starting: Intent { cmp=me.weishu.kernelsu/.ui.webui.WebUIActivity (has extras) }
Status: ok
Activity: me.weishu.kernelsu/.ui.webui.WebUIActivity








Status: ok








Status: ok
https://mui.kernelsu.org/index.html
token found in manager data: 0000000000000000000000000000000000000000000000000000000000000000
opened: intent-token
{"check":"targets","result":[{"type": "page", "url": "https://mui.kernelsu.org/index.html", "title": "Demo"}]}
{"check":"page","result":{"url":"https://mui.kernelsu.org/index.html","socket":"webview_devtools_remote_10335","value":{"href":"https://mui.kernelsu.org/index.html","title":"Demo","ready":"complete","flutter":true,"glass":true,"nav":{"dcl":914,"load":2861},"paint":{"first-paint":2161,"first-contentful-paint":5955},"glassAt":"present","firstFrame":null,"insets":"24px","vv":[320,640,1]}}}
{"check":"java-exceptions","result":["10-01 13:31:58.325  6814 10337 E OneSearchSuggestProvider: \tat java.util.concurrent.ThreadPoolExecutor$Worker.run(ThreadPoolExecutor.java:644)", "10-01 13:31:58.325  6814 10337 E OneSearchSuggestProvider: \tat java.lang.Thread.run(Thread.java:1012)", "10-01 13:31:58.327  6814  6814 D SearchTargetUtil: query= size=0", "10-01 13:31:58.328  6301  6445 V WindowManagerShell: onTransitionReady(transaction=26023206848374)", "10-01 13:31:58.328  6301  6347 V WindowManagerShell: onTransitionReady (#32) android.os.BinderProxy@594a19d: {id=32 t=CLOSE f=0x0 trk=0 r=[0@Point(0, 0)] c=[{WCT{android.window.IWindowContainerToken$Stub$Proxy@c88a93f} m=TO_FRONT f=SHOW_WALLPAPER leash=Surface(name=Task=1)/@0x664d1e3 sb=Rect(0, 0 - 320, 640) eb=Rect(0, 0 - 320, 640) d=0 taskParent=-1},{WCT{android.window.IWindowContainerToken$Stub$Proxy@f7b720c} m=CLOSE f=NONE leash=Surface(name=Task=20)/@0x972b7e0 sb=Rect(0, 0 - 320, 640) eb=Rect(0, 0 - 320, 640) d=0 taskParent=-1},{null m=TO_FRONT f=IS_WALLPAPER leash=Surface(name=WallpaperWindowToken{ed466ee token=android.os.Binder@6bebc69})/@0x11eba99 sb=Rect(0, 0 - 320, 640) eb=Rect(0, 0 - 320, 640) d=0}]}", "10-01 13:31:58.328  6301  6347 V WindowManagerShell: Playing animation for (#32) android.os.BinderProxy@594a19d@0", "--", "10-01 13:32:21.215  6544  7645 I ChimeraSrvcProxy: NullBinder for android.net.action.RECOMMEND_NETWORKS triggering remote TransactionTooLargeException due to Service without Chimera impl", "10-01 13:32:21.215  6544  7645 W .gms.persistent: Large reply transaction of 1056768 bytes, interface descriptor , code 1", "10-01 13:32:21.444 10335 10335 W ThreadPoolForeg: type=1400 audit(0.0:264): avc:  denied  { getattr } for  path=\"/data/adb\" dev=\"dm-46\" ino=335873 scontext=u:r:untrusted_app:s0:c209,c256,c512,c768 tcontext=u:object_r:adb_data_file:s0 tclass=dir permissive=0 app=me.weishu.kernelsu", "10-01 13:32:21.444 10335 10335 W ThreadPoolForeg: type=1400 audit(0.0:265): avc:  denied  { getattr } for  path=\"/data/adb\" dev=\"dm-46\" ino=335873 scontext=u:r:untrusted_app:s0:c209,c256,c512,c768 tcontext=u:object_r:adb_data_file:s0 tclass=dir permissive=0 app=me.weishu.kernelsu", "10-01 13:32:21.532 10335 10335 W ThreadPoolForeg: type=1400 audit(0.0:266): avc:  denied  { getattr } for  path=\"/data/adb\" dev=\"dm-46\" ino=335873 scontext=u:r:untrusted_app:s0:c209,c256,c512,c768 tcontext=u:object_r:adb_data_file:s0 tclass=dir permissive=0 app=me.weishu.kernelsu", "10-01 13:32:21.699     0     0 W audit   : audit_lost=102 audit_rate_limit=5 audit_backlog_limit=64", "10-01 13:32:21.701     0     0 E audit   : rate limit exceeded", "10-01 13:32:21.532 10335 10335 W ThreadPoolForeg: type=1400 audit(0.0:267): avc:  denied  { getattr } for  path=\"/data/adb\" dev=\"dm-46\" ino=335873 scontext=u:r:untrusted_app:s0:c209,c256,c512,c768 tcontext=u:object_r:adb_data_file:s0 tclass=dir permissive=0 app=me.weishu.kernelsu", "10-01 13:32:21.532 10335 10335 W ThreadPoolForeg: type=1400 audit(0.0:268): avc:  denied  { getattr } for  path=\"/data/adb\" dev=\"dm-46\" ino=335873 scontext=u:r:untrusted_app:s0:c209,c256,c512,c768 tcontext=u:object_r:adb_data_file:s0 tclass=dir permissive=0 app=me.weishu.kernelsu", "10-01 13:32:21.572 10335 10491 E SuFilePathHandler: Error opening the requested path: favicon.ico", "10-01 13:32:21.572 10335 10491 E SuFilePathHandler: java.io.FileNotFoundException: No such file or directory: /data/adb/modules/demo/webroot/favicon.ico", "10-01 13:32:21.572 10335 10491 E SuFilePathHandler: \tat zb3.a(r8-map-id-9f7f45feba6f2c95784574c49c444982ed6e6c85bfa15582daceb837f5e42ea2:151)", "10-01 13:32:21.572 10335 10491 E SuFilePathHandler: \tat fk3.e(r8-map-id-9f7f45feba6f2c95784574c49c444982ed6e6c85bfa15582daceb837f5e42ea2:308)", "10-01 13:32:21.572 10335 10491 E SuFilePathHandler: \tat ja4.a(r8-map-id-9f7f45feba6f2c95784574c49c444982ed6e6c85bfa15582daceb837f5e42ea2:99)", "10-01 13:32:21.572 10335 10491 E SuFilePathHandler: \tat o11.shouldInterceptRequest(r8-map-id-9f7f45feba6f2c95784574c49c444982ed6e6c85bfa15582daceb837f5e42ea2:247)", "10-01 13:32:21.985 10335 10362 D EGL_emulation: app_time_stats: avg=13.41ms min=3.05ms max=193.63ms count=46", "10-01 13:32:22.180  6295  6295 I wpa_supplicant: wlan0: CTRL-EVENT-BEACON-LOSS ", "10-01 13:32:22.249 10553 10553 W BpBinder: Linking to death on android.gui.ISurfaceComposer but there are no threads (yet?) listening to incoming transactions. See ProcessState::startThreadPool and ProcessState::setThreadPoolMaxThreadCount. Generally you should setup the binder threadpool before other initialization steps.", "10-01 13:32:22.250 10553 10553 W ProcessState: Extra binder thread started, but 0 threads requested. Do not use *startThreadPool when zero threads are requested.", "10-01 13:32:22.416     0     0 I servicemanager: Caller(pid=10553,uid=0,sid=u:r:su:s0) Could not find android.hardware.graphics.allocator.IAllocator/default in the VINTF manifest. No alternative instances declared in VINTF.", "10-01 13:32:22.266   162   162 I hwservicemanager: getTransport: Cannot find entry android.hardware.graphics.mapper@4.0::IMapper/default in either framework or device VINTF manifest.", "--", "10-01 13:32:24.233  6544  7645 I ChimeraSrvcProxy: NullBinder for android.net.action.RECOMMEND_NETWORKS triggering remote TransactionTooLargeException due to Service without Chimera impl", "10-01 13:32:24.234  6544  7645 W .gms.persistent: Large reply transaction of 1056768 bytes, interface descriptor , code 1", "10-01 13:32:24.636 10335 10335 W ThreadPoolForeg: type=1400 audit(0.0:272): avc:  denied  { getattr } for  path=\"/data/adb\" dev=\"dm-46\" ino=335873 scontext=u:r:untrusted_app:s0:c209,c256,c512,c768 tcontext=u:object_r:adb_data_file:s0 tclass=dir permissive=0 app=me.weishu.kernelsu", "10-01 13:32:24.640 10335 10335 W ThreadPoolForeg: type=1400 audit(0.0:273): avc:  denied  { getattr } for  path=\"/data/adb\" dev=\"dm-46\" ino=335873 scontext=u:r:untrusted_app:s0:c209,c256,c512,c768 tcontext=u:object_r:adb_data_file:s0 tclass=dir permissive=0 app=me.weishu.kernelsu", "10-01 13:32:24.764 10335 10335 W ThreadPoolForeg: type=1400 audit(0.0:274): avc:  denied  { getattr } for  path=\"/data/adb\" dev=\"dm-46\" ino=335873 scontext=u:r:untrusted_app:s0:c209,c256,c512,c768 tcontext=u:object_r:adb_data_file:s0 tclass=dir permissive=0 app=me.weishu.kernelsu", "10-01 13:32:24.764 10335 10335 W ThreadPoolForeg: type=1400 audit(0.0:275): avc:  denied  { getattr } for  path=\"/data/adb\" dev=\"dm-46\" ino=335873 scontext=u:r:untrusted_app:s0:c209,c256,c512,c768 tcontext=u:object_r:adb_data_file:s0 tclass=dir permissive=0 app=me.weishu.kernelsu", "10-01 13:32:25.246 10335 10362 D EGL_emulation: app_time_stats: avg=52.13ms min=4.17ms max=296.44ms count=11", "10-01 13:32:26.173  6059  6096 D OomAdjuster: Not killing cached processes", "10-01 13:32:26.590 10559 10559 W BpBinder: Linking to death on android.gui.ISurfaceComposer but there are no threads (yet?) listening to incoming transactions. See ProcessState::startThreadPool and ProcessState::setThreadPoolMaxThreadCount. Generally you should setup the binder threadpool before other initialization steps.", "10-01 13:32:26.590 10559 10559 W ProcessState: Extra binder thread started, but 0 threads requested. Do not use *startThreadPool when zero threads are requested.", "10-01 13:32:26.601   162   162 I hwservicemanager: getTransport: Cannot find entry android.hardware.graphics.mapper@4.0::IMapper/default in either framework or device VINTF manifest."]}
{"check":"console-errors","result":["--------- beginning of main", "10-01 13:32:18.362 10335 10477 E chromium: [1001/133218.360099:ERROR:variations_seed_loader.cc(37)] Seed missing signature.", "10-01 13:32:18.363 10335 10477 I chromium: [1001/133218.362953:INFO:variations_seed_loader.cc(66)] Failed to open file for reading.: No such file or directory (2)", "10-01 13:32:18.761 10484 10508 W chromium: [WARNING:runtime_features.cc(694)] SharedStorage for M118+ cannot be enabled in this configuration. Use --enable-features=SharedStorageAPI,SharedStorageAPIM118 in addition.", "10-01 13:32:18.761 10484 10508 W chromium: [WARNING:runtime_features.cc(730)] AttributionReportingCrossAppWeb cannot be enabled in this configuration. Use --enable-features=ConversionMeasurement,AttributionReportingCrossAppWeb in addition.", "10-01 13:32:19.154 10484 10508 I chromium: [INFO:viewport_data.cc(133)] E2E_Used ViewportFitCover", "10-01 13:32:19.576 10335 10335 I chromium: [INFO:CONSOLE(3)] \"Injecting <script> tag. Using callback.\", source: https://mui.kernelsu.org/flutter_bootstrap.js (3)", "10-01 13:32:24.743 10335 10335 I chromium: [INFO:CONSOLE(28022)] \"Warning: Buffers cannot be shared due to missing cross-origin headers. Please refer to https://fzyzcjy.github.io/flutter_rust_bridge/manual/miscellaneous/web-cross-origin for details.\", source: https://mui.kernelsu.org/main.dart.js (28022)", "10-01 13:32:24.770 10335 10335 I chromium: [INFO:CONSOLE(734)] \"using deprecated parameters for the initialization function; pass a single object instead\", source: https://mui.kernelsu.org/pkg/demo_native.js (734)"]}
{"check":"first-frame-warm","result":{"url":"https://mui.kernelsu.org/index.html","socket":"webview_devtools_remote_10335","value":{"firstFrameMs":1146,"now":15020,"flutter":true,"resizes":[],"paint":{"first-paint":716,"first-contentful-paint":2813},"calls":[[118,"at-preload","ksu:undefined webui:undefined"],[154,"ksu-defined"],[160,"wrap-failed","exec"],[160,"wrap-failed","spawn"],[161,"wrap-failed","moduleInfo"],[161,"wrap-failed","fullScreen"],[161,"wrap-failed","enableEdgeToEdge"],[161,"wrap-failed","toast"],[164,"wrap-failed","exit"]],"resources":[["/internal/insets.css",95,149,"link",0],["/flutter_webui.css",102,173,"link",0],["/flutter_webui.js",103,169,"script",0],["/flutter_bootstrap.js",103,197,"script",0],["/canvaskit/chromium/canvaskit.wasm",258,384,"fetch",0],["/canvaskit/chromium/canvaskit.js",259,290,"other",0],["/main.dart.js",260,375,"script",0],["/assets/FontManifest.json",676,711,"fetch",0],["/favicon.ico",686,713,"other",0],["/assets/fonts/MaterialIcons-Regular.otf",712,752,"fetch",0],["/assets/fonts/fallback/Roboto-Regular.ttf",712,752,"fetch",0],["/pkg/demo_native.js",2800,2931,"script",0],["/pkg/demo_native_bg.wasm",2936,2968,"fetch",0]],"marks":[["flutter_webui:register",770],["flutter_webui:registered",783],["flutter_webui:first-frame",1146]],"measures":[],"fonts":[]}}}
{"url":"https://mui.kernelsu.org/index.html","socket":"webview_devtools_remote_10335","value":"semantics on"}
{"check":"home","result":{"url":"https://mui.kernelsu.org/index.html","socket":"webview_devtools_remote_10335","value":["Squadron","Process","native","net","Say hello","Count to 5","SHA-256","Demo pages\nOne page per thing the stack promises.","Places","Strategy","Rust","Lifecycle","Shell","Plugins"]}}
{"check":"tap-places","result":{"url":"https://mui.kernelsu.org/index.html","socket":"webview_devtools_remote_10335","value":"tapped Places at 16,572 size 288x56 role button tappable"}}
{"check":"places","result":{"url":"https://mui.kernelsu.org/index.html","socket":"webview_devtools_remote_10335","value":["Back\nBack","One service, DemoService, opened in every place this build knows. Each place probes its own facts from inside; the page never guesses from the platform it was built for.","200k","1M","3M","Count primes in every place","Restart places","inline (the caller)\nkind: inline\nstart 423 ms, first facts() round trip 34 ms\nroot\ncheck: effective uid 0\nblock_devices\ncheck: a kernel-listed block device opens for reading\nusb.native\ncheck: /dev/bus/usb lists\nusb.web\ncheck: navigator.usb exists\nprocess.spawn\ncheck: a shell runs\nfs.persistent\ncheck: working dir writable, or storage persisted\nnet\ncheck: a non-loopback interface is up, or onLine\nnative\ncheck: null","worker (isolate or Web Worker)\nkind: web_worker\nstart 1030 ms, first facts() round trip 46 ms\nroot\ncheck: effective uid 0\nblock_devices\ncheck: a kernel-listed block device opens for reading\nusb.native\ncheck: /dev/bus/usb lists\nusb.web\ncheck: navigator.usb exists\nprocess.spawn\ncheck: a shell runs\nfs.persistent\ncheck: working dir writable, or storage persisted\nnet\ncheck: a non-loopback interface is up, or onLine\nnative\ncheck: null","Places","Strategy","Rust","Lifecycle","Shell","Plugins"]}}
{"check":"places-scroll-1","result":{"url":"https://mui.kernelsu.org/index.html","socket":"webview_devtools_remote_10335","value":["Back\nBack","One service, DemoService, opened in every place this build knows. Each place probes its own facts from inside; the page never guesses from the platform it was built for.","200k","1M","3M","Count primes in every place","Restart places","inline (the caller)\nkind: inline\nstart 423 ms, first facts() round trip 34 ms\nroot\ncheck: effective uid 0\nblock_devices\ncheck: a kernel-listed block device opens for reading\nusb.native\ncheck: /dev/bus/usb lists\nusb.web\ncheck: navigator.usb exists\nprocess.spawn\ncheck: a shell runs\nfs.persistent\ncheck: working dir writable, or storage persisted\nnet\ncheck: a non-loopback interface is up, or onLine\nnative\ncheck: null","worker (isolate or Web Worker)\nkind: web_worker\nstart 1030 ms, first facts() round trip 46 ms\nroot\ncheck: effective uid 0\nblock_devices\ncheck: a kernel-listed block device opens for reading\nusb.native\ncheck: /dev/bus/usb lists\nusb.web\ncheck: navigator.usb exists\nprocess.spawn\ncheck: a shell runs\nfs.persistent\ncheck: working dir writable, or storage persisted\nnet\ncheck: a non-loopback interface is up, or onLine\nnative\ncheck: null","Places","Strategy","Rust","Lifecycle","Shell","Plugins"]}}
{"check":"places-scroll-2","result":{"url":"https://mui.kernelsu.org/index.html","socket":"webview_devtools_remote_10335","value":["Back\nBack","inline (the caller)\nkind: inline\nstart 423 ms, first facts() round trip 34 ms\nroot\ncheck: effective uid 0\nblock_devices\ncheck: a kernel-listed block device opens for reading\nusb.native\ncheck: /dev/bus/usb lists\nusb.web\ncheck: navigator.usb exists\nprocess.spawn\ncheck: a shell runs\nfs.persistent\ncheck: working dir writable, or storage persisted\nnet\ncheck: a non-loopback interface is up, or onLine\nnative\ncheck: null","worker (isolate or Web Worker)\nkind: web_worker\nstart 1030 ms, first facts() round trip 46 ms\nroot\ncheck: effective uid 0\nblock_devices\ncheck: a kernel-listed block device opens for reading\nusb.native\ncheck: /dev/bus/usb lists\nusb.web\ncheck: navigator.usb exists\nprocess.spawn\ncheck: a shell runs\nfs.persistent\ncheck: working dir writable, or storage persisted\nnet\ncheck: a non-loopback interface is up, or onLine\nnative\ncheck: null","root process (the app CLI, serve mode)\nkind: process\nstart 554 ms, first facts() round trip 0 ms\nroot\ncheck: effective uid 0\nblock_devices\ncheck: a kernel-listed block device opens for reading\nusb.native\ncheck: /dev/bus/usb lists\nusb.web\ncheck: navigator.usb exists\nprocess.spawn\ncheck: a shell runs\nfs.persistent\ncheck: working dir writable, or storage persisted\nnet\ncheck: a non-loopback interface is up, or onLine\nnative\ncheck: null","Places","Strategy","Rust","Lifecycle","Shell","Plugins"]}}
{"check":"places-scroll-3","result":{"url":"https://mui.kernelsu.org/index.html","socket":"webview_devtools_remote_10335","value":["Back\nBack","worker (isolate or Web Worker)\nkind: web_worker\nstart 1030 ms, first facts() round trip 46 ms\nroot\ncheck: effective uid 0\nblock_devices\ncheck: a kernel-listed block device opens for reading\nusb.native\ncheck: /dev/bus/usb lists\nusb.web\ncheck: navigator.usb exists\nprocess.spawn\ncheck: a shell runs\nfs.persistent\ncheck: working dir writable, or storage persisted\nnet\ncheck: a non-loopback interface is up, or onLine\nnative\ncheck: null","root process (the app CLI, serve mode)\nkind: process\nstart 554 ms, first facts() round trip 0 ms\nroot\ncheck: effective uid 0\nblock_devices\ncheck: a kernel-listed block device opens for reading\nusb.native\ncheck: /dev/bus/usb lists\nusb.web\ncheck: navigator.usb exists\nprocess.spawn\ncheck: a shell runs\nfs.persistent\ncheck: working dir writable, or storage persisted\nnet\ncheck: a non-loopback interface is up, or onLine\nnative\ncheck: null","Reference: one call and one stream per place\nsquadron_process doc/benchmark.md, a 4-vCPU VM. Not measured here; devicelab measures devices.\nCall: isolate 31 µs, Web Worker (dart2js) 120 µs, process 247 µs, process from the page 401 µs.\n64 KiB stream: isolate 3643 MiB/s, Web Worker 631 MiB/s, process link about 110 MiB/s.","Places","Strategy","Rust","Lifecycle","Shell","Plugins"]}}
{"check":"tap-strategy","result":{"url":"https://mui.kernelsu.org/index.html","socket":"webview_devtools_remote_10335","value":"tapped Strategy at 53,536 size 53x80 role tab tappable"}}
{"check":"strategy","result":{"url":"https://mui.kernelsu.org/index.html","socket":"webview_devtools_remote_10335","value":["Back\nBack","Objective: list the device's partitions. Strategies in preference order: on the device as root, then from a host over USB. The first one the place's facts allow runs; nothing reads kIsWeb or Platform.","Place","inline (the caller)","worker (isolate or Web Worker)","root process (the app CLI, serve mode)","Facts from inline (the caller)\nSwitch a fact off to see the fallback. You can only take facts away.\nroot\ncheck: effective uid 0\nblock_devices\ncheck: a kernel-listed block device opens for reading\nusb.native\ncheck: /dev/bus/usb lists\nusb.web\ncheck: navigator.usb exists\nprocess.spawn\ncheck: a shell runs\nfs.persistent\ncheck: working dir writable, or storage persisted\nnet\ncheck: a non-loopback interface is up, or onLine\nnative\ncheck: null","root","block_devices","usb.native","process.spawn","Places","Strategy","Rust","Lifecycle","Shell","Plugins"]}}
{"check":"tap-strategy-root","result":{"url":"https://mui.kernelsu.org/index.html","socket":"webview_devtools_remote_10335","value":"tapped root process at 24,358 size 272x48 role checkbox tappable"}}
{"check":"strategy-root","result":{"url":"https://mui.kernelsu.org/index.html","socket":"webview_devtools_remote_10335","value":["Back\nBack","Objective: list the device's partitions. Strategies in preference order: on the device as root, then from a host over USB. The first one the place's facts allow runs; nothing reads kIsWeb or Platform.","Place","inline (the caller)","worker (isolate or Web Worker)","root process (the app CLI, serve mode)","Facts from root process (the app CLI, serve mode)\nSwitch a fact off to see the fallback. You can only take facts away.\nroot\ncheck: effective uid 0\nblock_devices\ncheck: a kernel-listed block device opens for reading\nusb.native\ncheck: /dev/bus/usb lists\nusb.web\ncheck: navigator.usb exists\nprocess.spawn\ncheck: a shell runs\nfs.persistent\ncheck: working dir writable, or storage persisted\nnet\ncheck: a non-loopback interface is up, or onLine\nnative\ncheck: null","root","block_devices","usb.native","process.spawn","Places","Strategy","Rust","Lifecycle","Shell","Plugins"]}}
{"check":"strategy-root-scroll-1","result":{"url":"https://mui.kernelsu.org/index.html","socket":"webview_devtools_remote_10335","value":["Back\nBack","Place","inline (the caller)","worker (isolate or Web Worker)","root process (the app CLI, serve mode)","Facts from root process (the app CLI, serve mode)\nSwitch a fact off to see the fallback. You can only take facts away.\nroot\ncheck: effective uid 0\nblock_devices\ncheck: a kernel-listed block device opens for reading\nusb.native\ncheck: /dev/bus/usb lists\nusb.web\ncheck: navigator.usb exists\nprocess.spawn\ncheck: a shell runs\nfs.persistent\ncheck: working dir writable, or storage persisted\nnet\ncheck: a non-loopback interface is up, or onLine\nnative\ncheck: null","root","block_devices","usb.native","process.spawn","Chosen: on device (/proc/partitions as root)\non_device chosen","on device (/proc/partitions as root)\nneeds root + block_devices: has them","from host (fastboot getvar all)\nneeds usb.native + process.spawn: has them","Places","Strategy","Rust","Lifecycle","Shell","Plugins"]}}
{"check":"strategy-root-scroll-2","result":{"url":"https://mui.kernelsu.org/index.html","socket":"webview_devtools_remote_10335","value":["Back\nBack","Facts from root process (the app CLI, serve mode)\nSwitch a fact off to see the fallback. You can only take facts away.\nroot\ncheck: effective uid 0\nblock_devices\ncheck: a kernel-listed block device opens for reading\nusb.native\ncheck: /dev/bus/usb lists\nusb.web\ncheck: navigator.usb exists\nprocess.spawn\ncheck: a shell runs\nfs.persistent\ncheck: working dir writable, or storage persisted\nnet\ncheck: a non-loopback interface is up, or onLine\nnative\ncheck: null","root","block_devices","usb.native","process.spawn","Chosen: on device (/proc/partitions as root)\non_device chosen","on device (/proc/partitions as root)\nneeds root + block_devices: has them","from host (fastboot getvar all)\nneeds usb.native + process.spawn: has them","Run on_device in process","Log\nEvery run: objective, strategy, place and the facts it saw.\nNothing has run yet.","Places","Strategy","Rust","Lifecycle","Shell","Plugins"]}}
{"check":"tap-rust","result":{"url":"https://mui.kernelsu.org/index.html","socket":"webview_devtools_remote_10335","value":"tapped Rust at 107,536 size 53x80 role tab tappable"}}
{"check":"rust","result":{"url":"https://mui.kernelsu.org/index.html","socket":"webview_devtools_remote_10335","value":["Back\nBack","The demo crate (rust/) counts the primes below 1000000 with the same loop as page 1's Dart. The service loads it in its own place through flutter_rust_bridge, so each place runs its own build.","Run in every place","inline (the caller)","Run here","worker (isolate or Web Worker)","Run here","root process (the app CLI, serve mode)","Run here","Places","Strategy","Rust","Lifecycle","Shell","Plugins"]}}
{"check":"tap-rust-run","result":{"url":"https://mui.kernelsu.org/index.html","socket":"webview_devtools_remote_10335","value":"tapped Run in every place at 16,196 size 288x48 role button tappable"}}
{"check":"rust-ran","result":{"url":"https://mui.kernelsu.org/index.html","socket":"webview_devtools_remote_10335","value":["Back\nBack","The demo crate (rust/) counts the primes below 1000000 with the same loop as page 1's Dart. The service loads it in its own place through flutter_rust_bridge, so each place runs its own build.","Run in every place","inline (the caller)\nBuilt for: wasm32-unknown (single-threaded)\nLoad: 0 ms (the place loads it once, when it first checks its facts)\nRust 150 ms, Dart 1345 ms (same count: 78498)","Run here","worker (isolate or Web Worker)\nBuilt for: wasm32-unknown (single-threaded)\nLoad: 167 ms (the place loads it once, when it first checks its facts)\nRust 325 ms, Dart 244 ms (same count: 78498)","Run here","root process (the app CLI, serve mode)\nBuilt for: x86_64-android\nLoad: 1 ms (the place loads it once, when it first checks its facts)\nRust 175 ms, Dart 145 ms (same count: 78498)","Places","Strategy","Rust","Lifecycle","Shell","Plugins"]}}
{"check":"tap-lifecycle","result":{"url":"https://mui.kernelsu.org/index.html","socket":"webview_devtools_remote_10335","value":"tapped Lifecycle at 160,536 size 53x80 role tab tappable"}}
{"check":"tap-root-process","result":{"url":"https://mui.kernelsu.org/index.html","socket":"webview_devtools_remote_10335","value":"tapped root process at 24,390 size 272x48 role checkbox tappable"}}
{"check":"tap-start","result":{"url":"https://mui.kernelsu.org/index.html","socket":"webview_devtools_remote_10335","value":"tapped Start at 24,462 size 97x48 role button tappable"}}
{"check":"lifecycle-running","result":{"url":"https://mui.kernelsu.org/index.html","socket":"webview_devtools_remote_10335","value":["Back\nBack","Start a five-minute task, then switch away (Home, another app or tab) and come back: hidden keeps going. Close the app instead and reopen it: closed stops, and this page says where the task was when it ended.","Task\ntick every 500 ms, stamped with the place's own clock\nrunning in process: tick 17/600, longest gap 505 ms, app resumed 3","inline (the caller)","worker (isolate or Web Worker)","root process (the app CLI, serve mode)","Stop","Lifecycle\n13:34:33  started in process","Facts from root process (the app CLI, serve mode)\nroot\ncheck: effective uid 0\nblock_devices\ncheck: a kernel-listed block device opens for reading\nusb.native\ncheck: /dev/bus/usb lists\nusb.web\ncheck: navigator.usb exists\nprocess.spawn\ncheck: a shell runs\nfs.persistent\ncheck: working dir writable, or storage persisted\nnet\ncheck: a non-loopback interface is up, or onLine\nnative\ncheck: null","Places","Strategy","Rust","Lifecycle","Shell","Plugins"]}}
{"check":"lifecycle-after-home","result":{"url":"https://mui.kernelsu.org/index.html","socket":"webview_devtools_remote_10335","value":["Back\nBack","Start a five-minute task, then switch away (Home, another app or tab) and come back: hidden keeps going. Close the app instead and reopen it: closed stops, and this page says where the task was when it ended.","Task\ntick every 500 ms, stamped with the place's own clock\nrunning in process: tick 42/600, longest gap 513 ms, app resumed 7","inline (the caller)","worker (isolate or Web Worker)","root process (the app CLI, serve mode)","Stop","Lifecycle\n13:34:49  away 7.1 s: the place produced 14 ticks (on schedule: 14); longest gap 513 ms\n13:34:49  inactive -> resumed\n13:34:49  hidden -> inactive\n13:34:42  inactive -> hidden\n13:34:42  resumed -> inactive\n13:34:33  started in process","Places","Strategy","Rust","Lifecycle","Shell","Plugins"]}}
{"check":"root-process","result":"root             0 u:r:ksu:s0                     10629 dartaotruntime\nroot             0 u:r:ksu:s0                     10650 dartaotruntime"}
/home/runner/work/devicelab/devicelab/out/sockprobe: 1 file pushed, 0 skipped. 52.9 MB/s (3501149 bytes in 0.063s)
{"check":"block-devices","result":"dm-0\ndm-1\ndm-11\ndm-13\ndm-14\ndm-16\ndm-17\ndm-18\ntotal 0\ndrwxr-xr-x 2 root root u:object_r:block_device:s0                140 2026-10-01 13:21 by-name\nbrw------- 1 root root u:object_r:dm_device:s0              254,   0 2026-10-01 13:21 dm-0\nbrw------- 1 root root u:object_r:dm_device:s0              254,   1 2026-10-01 13:21 dm-1\nbrw------- 1 root root u:object_r:dm_device:s0              254,  11 2026-10-01 13:21 dm-11\nbrw------- 1 root root u:object_r:dm_device:s0              254,  13 2026-10-01 13:21 dm-13\nbrw------- 1 root root u:object_r:dm_device:s0              254,  14 2026-10-01 13:21 dm-14\nbrw------- 1 root root u:object_r:dm_device:s0              254,  16 2026-10-01 13:21 dm-16\nbrw------- 1 root root u:object_r:dm_device:s0              254,  17 2026-10-01 13:21 dm-17\nbrw------- 1 root root u:object_r:dm_device:s0              254,  18 2026-10-01 13:21 dm-18\nbrw------- 1 root root u:object_r:dm_device:s0              254,  19 2026-10-01 13:21 dm-19\nbrw------- 1 root root u:object_r:dm_device:s0              254,   2 2026-10-01 13:21 dm-2\n-- su:\n0000000  \\0\n-- ksu:\n{\"error\":\"write /proc/thread-self/attr/current: operation not permitted\",\"op\":\"setcon\"}\n-- avc:"}
{"check":"back-1","result":{"url":"https://mui.kernelsu.org/index.html","socket":"webview_devtools_remote_10335","value":["Squadron","Process","native","net","Say hello","Count to 5","SHA-256","Demo pages\nOne page per thing the stack promises.","Places","Strategy","Rust","Lifecycle","Shell","Plugins"]}}
{"check":"back-1-top","result":"topResumedActivity=ActivityRecord{bc3dec8 u0 me.weishu.kernelsu/.ui.webui.WebUIActivity t21}"}
{"check":"back-2-top","result":"topResumedActivity=ActivityRecord{d681a2f u0 com.google.android.apps.nexuslauncher/.NexusLauncherActivity t9}"}
{"check":"back-3-top","result":"topResumedActivity=ActivityRecord{d681a2f u0 com.google.android.apps.nexuslauncher/.NexusLauncherActivity t9}"}
{"check":"mount","result":"mount: mounting overlay on /product/app failed: Invalid argument\noverlay failed: 255\nmagic mount ok\ntotal 3736\ndrwxr-xr-x  2 root root u:object_r:system_file:s0     4096 2026-10-01 13:25 .\ndrwxr-xr-x 30 root root u:object_r:system_file:s0      600 2026-10-01 13:25 ..\n-rw-r--r--  1 root root u:object_r:system_file:s0  3809993 2026-10-01 13:25 WebuiTermuxApi.apk\nCalendarGooglePrebuilt\nCamera2\nChrome\nChrome-Stub\nDrive\n/dev/block/dm-3 /product ext4 ro,seclabel,relatime 0 0\ntmpfs /dev/app_plane_app tmpfs rw,seclabel,relatime,mode=755 0 0\ntmpfs /product/app tmpfs rw,seclabel,relatime,mode=755 0 0\n/dev/block/dm-3 /product/app/CalendarGooglePrebuilt ext4 ro,seclabel,relatime 0 0\n/dev/block/dm-3 /product/app/Camera2 ext4 ro,seclabel,relatime 0 0\n/dev/block/dm-3 /product/app/Chrome ext4 ro,seclabel,relatime 0 0\n/dev/block/dm-3 /product/app/Chrome-Stub ext4 ro,seclabel,relatime 0 0\n/dev/block/dm-3 /product/app/Drive ext4 ro,seclabel,relatime 0 0\n28"}
{"check":"package","result":"package:/product/app/WebuiTermuxApi/WebuiTermuxApi.apk\n    flags=0x0\n    flags=0x0\n    codePath=/product/app/WebuiTermuxApi\n    versionName=0.53.0-webui.1\n    flags=[ SYSTEM HAS_CODE ALLOW_CLEAR_USER_DATA ALLOW_BACKUP ]\n    privateFlags=[ PRIVATE_FLAG_ACTIVITIES_RESIZE_MODE_RESIZEABLE_VIA_SDK_VERSION PRIVATE_FLAG_REQUEST_LEGACY_EXTERNAL_STORAGE PRODUCT PRIVATE_FLAG_ALLOW_NATIVE_HEAP_POINTER_TAGGING ]\n        android.permission.READ_SMS: granted=false, flags=[ USER_SENSITIVE_WHEN_GRANTED|USER_SENSITIVE_WHEN_DENIED|RESTRICTION_UPGRADE_EXEMPT]\n        android.permission.POST_NOTIFICATIONS: granted=false, flags=[ USER_SENSITIVE_WHEN_GRANTED|USER_SENSITIVE_WHEN_DENIED]"}
/home/runner/work/devicelab/devicelab/out/sockprobe: 1 file pushed, 0 skipped. 174.6 MB/s (3501149 bytes in 0.019s)
Broadcasting: Intent { flg=0x1400020 cmp=com.webui.termux.api/com.termux.api.TermuxApiReceiver (has extras) }
Broadcast completed: result=0
Broadcasting: Intent { flg=0x1400020 cmp=com.webui.termux.api/com.termux.api.TermuxApiReceiver (has extras) }
Broadcast completed: result=0
{"check":"broadcast","result":"Broadcasting: Intent { flg=0x1400020 cmp=com.webui.termux.api/com.termux.api.TermuxApiReceiver (has extras) }\nBroadcast completed: result=0\nBroadcasting: Intent { flg=0x1400020 cmp=com.webui.termux.api/com.termux.api.TermuxApiReceiver (has extras) }\nBroadcast completed: result=0"}
{"check":"app-process","result":"u0_a210      10210 u:r:untrusted_app_27:s0:c210,c256,c512,c768 com.webui.termux.api"}
{"check":"listener-module","result":"{\"context\":\"u:r:su:s0\",\"event\":\"start\",\"names\":[\"wx_ksu_out\",\"wx_ksu_in\"],\"uid\":0}\n{\"data\":\"{\\n  \\\"present\\\": true,\\n  \\\"technology\\\": \\\"Li-ion\\\",\\n  \\\"health\\\": \\\"GOOD\\\",\\n  \\\"plugged\\\": \\\"PLUGGED_AC\\\",\\n  \\\"status\\\": \\\"CHARGING\\\",\\n  \\\"temperature\\\": 25.0,\\n  \\\"voltage\\\": 5000,\\n  \\\"current\\\": 900000,\\n  \\\"current_average\\\": 900000,\\n  \\\"percentage\\\": 100,\\n  \\\"level\\\": 100,\\n  \\\"scale\\\": 100,\\n  \\\"charge_counter\\\": 10000,\\n  \\\"cycle\\\": 10\\n}\\n\",\"event\":\"connect\",\"name\":\"wx_ksu_out\",\"peerContext\":\"u:r:untrusted_app_27:s0:c210,c256,c512,c768\",\"peerPid\":10999,\"peerUid\":10210,\"t\":1790861708196}"}
{"check":"listener-su","result":"{\"context\":\"u:r:su:s0\",\"event\":\"start\",\"names\":[\"wx_su_out\",\"wx_su_in\"],\"uid\":0}\n{\"data\":\"{\\n  \\\"present\\\": true,\\n  \\\"technology\\\": \\\"Li-ion\\\",\\n  \\\"health\\\": \\\"GOOD\\\",\\n  \\\"plugged\\\": \\\"PLUGGED_AC\\\",\\n  \\\"status\\\": \\\"CHARGING\\\",\\n  \\\"temperature\\\": 25.0,\\n  \\\"voltage\\\": 5000,\\n  \\\"current\\\": 900000,\\n  \\\"current_average\\\": 900000,\\n  \\\"percentage\\\": 100,\\n  \\\"level\\\": 100,\\n  \\\"scale\\\": 100,\\n  \\\"charge_counter\\\": 10000,\\n  \\\"cycle\\\": 10\\n}\\n\",\"event\":\"connect\",\"name\":\"wx_su_out\",\"peerContext\":\"u:r:untrusted_app_27:s0:c210,c256,c512,c768\",\"peerPid\":10999,\"peerUid\":10210,\"t\":1790861716291}"}
{"check":"avc","result":"10-01 13:35:08.031  6059  6816 I ActivityManager: Broadcasting: Intent { flg=0x1400020 cmp=com.webui.termux.api/com.termux.api.TermuxApiReceiver (has extras) }\n10-01 13:35:08.033  6059  6816 I ActivityManager: Enqueued broadcast Intent { flg=0x1400020 cmp=com.webui.termux.api/com.termux.api.TermuxApiReceiver (has extras) }: 0\n10-01 13:35:08.060  6059  6098 I ActivityManager: Start proc 10999:com.webui.termux.api/u0a210 for broadcast {com.webui.termux.api/com.termux.api.TermuxApiReceiver}\n10-01 13:35:08.085 10999 10999 I ebui.termux.api: Using CollectorTypeCMC GC.\n10-01 13:35:08.087 10999 10999 W ebui.termux.api: Unexpected CPU variant for x86: x86_64.\n10-01 13:35:08.087 10999 10999 W ebui.termux.api: Known variants: atom, sandybridge, silvermont, goldmont, goldmont-plus, goldmont-without-sha-xsaves, tremont, kabylake, default\n10-01 13:35:08.092 10999 10999 E ebui.termux.api: Not starting debugger since process cannot load the jdwp agent.\n10-01 13:35:08.121 10999 10999 W ziparchive: Unable to open '/product/app/WebuiTermuxApi/WebuiTermuxApi.dm': No such file or directory\n10-01 13:35:08.121 10999 10999 W ziparchive: Unable to open '/product/app/WebuiTermuxApi/WebuiTermuxApi.dm': No such file or directory\n10-01 13:35:08.147 10999 10999 D nativeloader: Configuring product-clns-7 for unbundled product apk /product/app/WebuiTermuxApi/WebuiTermuxApi.apk. target_sdk_version=28, uses_libraries=, library_path=/product/app/WebuiTermuxApi/lib/x86_64:/product/lib64:/system/product/lib64, permitted_path=/data:/mnt/expand:/data/user/0/com.webui.termux.api:/product/lib64:/system/product/lib64\n10-01 13:35:08.170 10999 10999 I TermuxAPIApplication: AppInit\n10-01 13:35:08.182  6059  7240 I AppsFilter: interaction: PackageSetting{2dc3837 com.android.microdroid.empty_payload/10186} -> PackageSetting{94a01b8 com.webui.termux.api/10210} BLOCKED\n10-01 13:35:08.190  6059  6247 I AppWidgetServiceImpl: Updating package stopped masked state for uid 10210 package com.webui.termux.api isStopped false\n10-01 13:35:13.378 10999 11016 D ProfileInstaller: Installing profile for com.webui.termux.api\n10-01 13:35:16.287  6059  6816 I ActivityManager: Broadcasting: Intent { flg=0x1400020 cmp=com.webui.termux.api/com.termux.api.TermuxApiReceiver (has extras) }\n10-01 13:35:16.288  6059  6816 I ActivityManager: Enqueued broadcast Intent { flg=0x1400020 cmp=com.webui.termux.api/com.termux.api.TermuxApiReceiver (has extras) }: 0"}
SELinux: Loaded file context from:
		/system/etc/selinux/plat_file_contexts
		/system_ext/etc/selinux/system_ext_file_contexts
		/vendor/etc/selinux/vendor_file_contexts
{"check":"restorecon","result":"u:object_r:app_data_file:s0:c210,c256,c512,c768 /data/data/com.webui.termux.api\nu:object_r:app_data_file:s0                     /data/data/com.webui.termux.api/files/devicelab/probe.txt"}
{"check":"app-read","result":"u:object_r:app_data_file:s0:c210,c256,c512,c768 chcon.txt\nu:object_r:app_data_file:s0                     probe.txt\n{\"error\":\"write /proc/thread-self/attr/current: operation not permitted\",\"op\":\"setcon\"}"}
Failed to write while dumping service activity: Broken pipe
{"check":"share-text","result":"topResumedActivity=ActivityRecord{d681a2f u0 com.google.android.apps.nexuslauncher/.NexusLauncherActivity t9}\n{\"context\":\"u:r:su:s0\",\"event\":\"start\",\"names\":[\"sh_text_out\",\"sh_text_in\"],\"uid\":0}\n{\"data\":\"\",\"event\":\"connect\",\"name\":\"sh_text_in\",\"peerContext\":\"u:r:untrusted_app_27:s0:c210,c256,c512,c768\",\"peerPid\":10999,\"peerUid\":10210,\"t\":1790861725981}\n{\"data\":\"\",\"event\":\"connect\",\"name\":\"sh_text_out\",\"peerContext\":\"u:r:untrusted_app_27:s0:c210,c256,c512,c768\",\"peerPid\":10999,\"peerUid\":10210,\"t\":1790861725982}\n10-01 13:35:25.985  6059  6816 E ActivityTaskManager: Background activity launch blocked! [callingPackage: com.webui.termux.api; callingPackageTargetSdk: 28; callingUid: 10210; callingPid: 10999; appSwitchState: 2; callingUidHasAnyVisibleWindow: false; callingUidProcState: RECEIVER; isCallingUidPersistentSystemProcess: false; forcedBalByPiSender: BSP.NONE; intent: Intent { act=android.intent.action.CHOOSER flg=0x10000000 cmp=com.android.intentresolver/.ChooserActivityLauncher (has extras) }; callerApp: ProcessRecord{ec864e9 10999:com.webui.termux.api/u0a210}; inVisibleTask: false; balAllowedByPiCreator: BSP.ALLOW_BAL; balAllowedByPiCreatorWithHardening: BSP.ALLOW_BAL; resultIfPiCreatorAllowsBal: BAL_BLOCK; hasRealCaller: true; isCallForResult: false; isPendingIntent: false; autoOptInReason: notPendingIntent; realCallingPackage: com.webui.termux.api; realCallingPackageTargetSdk: 28; realCallingUid: 10210; realCallingPid: 10999; realCallingUidHasAnyVisibleWindow: false; realCallingUidProcState: RECEIVER; isRealCallingUidPersistentSystemProcess: false; originatingPendingIntent: null; realCallerApp: ProcessRecord{ec864e9 10999:com.webui.termux.api/u0a210}; realInVisibleTask: false; balAllowedByPiSender: BSP.ALLOW_BAL; resultIfPiSenderAllowsBal: BAL_BLOCK; balImproveRealCallerVisibilityCheck: true; balRequireOptInByPendingIntentCreator: true; balRequireOptInSameUid: false; balRespectAppSwitchStateWhenCheckBoundByForegroundUid: true; balDontBringExistingBackgroundTaskStackToFg: true]\n10-01 13:35:25.993  6059  6816 I ActivityTaskManager: START u0 {act=android.intent.action.CHOOSER flg=0x10000000 cmp=com.android.intentresolver/.ChooserActivityLauncher (has extras)} with LAUNCH_MULTIPLE from uid 10210 (BAL_BLOCK) result code=102\n10-01 13:35:36.013  6059  6164 D ActivityManager: freezing 10999 com.webui.termux.api"}
Failed to write while dumping service activity: Broken pipe
{"check":"share-file","result":"topResumedActivity=ActivityRecord{d681a2f u0 com.google.android.apps.nexuslauncher/.NexusLauncherActivity t9}\n{\"context\":\"u:r:su:s0\",\"event\":\"start\",\"names\":[\"sh_file_out\",\"sh_file_in\"],\"uid\":0}\n{\"data\":\"\",\"event\":\"connect\",\"name\":\"sh_file_out\",\"peerContext\":\"u:r:untrusted_app_27:s0:c210,c256,c512,c768\",\"peerPid\":10999,\"peerUid\":10210,\"t\":1790861741615}\n10-01 13:35:41.605  6059  6097 D ActivityManager: sync unfroze 10999 com.webui.termux.api for 3\n10-01 13:35:41.623  6059  6140 E ActivityTaskManager: Background activity launch blocked! [callingPackage: com.webui.termux.api; callingPackageTargetSdk: 28; callingUid: 10210; callingPid: 10999; appSwitchState: 2; callingUidHasAnyVisibleWindow: false; callingUidProcState: RECEIVER; isCallingUidPersistentSystemProcess: false; forcedBalByPiSender: BSP.NONE; intent: Intent { act=android.intent.action.CHOOSER flg=0x10000000 cmp=com.android.intentresolver/.ChooserActivityLauncher (has extras) }; callerApp: ProcessRecord{ec864e9 10999:com.webui.termux.api/u0a210}; inVisibleTask: false; balAllowedByPiCreator: BSP.ALLOW_BAL; balAllowedByPiCreatorWithHardening: BSP.ALLOW_BAL; resultIfPiCreatorAllowsBal: BAL_BLOCK; hasRealCaller: true; isCallForResult: false; isPendingIntent: false; autoOptInReason: notPendingIntent; realCallingPackage: com.webui.termux.api; realCallingPackageTargetSdk: 28; realCallingUid: 10210; realCallingPid: 10999; realCallingUidHasAnyVisibleWindow: false; realCallingUidProcState: RECEIVER; isRealCallingUidPersistentSystemProcess: false; originatingPendingIntent: null; realCallerApp: ProcessRecord{ec864e9 10999:com.webui.termux.api/u0a210}; realInVisibleTask: false; balAllowedByPiSender: BSP.ALLOW_BAL; resultIfPiSenderAllowsBal: BAL_BLOCK; balImproveRealCallerVisibilityCheck: true; balRequireOptInByPendingIntentCreator: true; balRequireOptInSameUid: false; balRespectAppSwitchStateWhenCheckBoundByForegroundUid: true; balDontBringExistingBackgroundTaskStackToFg: true]\n10-01 13:35:41.632  6059  6140 I ActivityTaskManager: START u0 {act=android.intent.action.CHOOSER flg=0x10000000 cmp=com.android.intentresolver/.ChooserActivityLauncher (has extras)} with LAUNCH_MULTIPLE from uid 10210 (BAL_BLOCK) result code=102\n10-01 13:35:51.683  6059  6164 D ActivityManager: freezing 10999 com.webui.termux.api\n10-01 13:35:52.555  7433  7562 W libc    : Access denied finding property \"persist.adb.tls_server.enable\"\n10-01 13:35:52.556  7433  7562 W libc    : Access denied finding property \"service.adb.tls.port\"\n10-01 13:35:52.552  7433  7433 W binder:7433_2: type=1400 audit(0.0:328): avc:  denied  { read } for  name=\"u:object_r:system_adbd_prop:s0\" dev=\"tmpfs\" ino=318 scontext=u:r:gmscore_app:s0:c512,c768 tcontext=u:object_r:system_adbd_prop:s0 tclass=file permissive=0 app=com.google.android.gms\n10-01 13:35:52.552  7433  7433 W binder:7433_2: type=1400 audit(0.0:329): avc:  denied  { read } for  name=\"u:object_r:adbd_prop:s0\" dev=\"tmpfs\" ino=63 scontext=u:r:gmscore_app:s0:c512,c768 tcontext=u:object_r:adbd_prop:s0 tclass=file permissive=0 app=com.google.android.gms"}
Failed to write while dumping service activity: Broken pipe
{"check":"share-text-saw","result":"topResumedActivity=ActivityRecord{f0d0b8f u0 com.android.intentresolver/.ChooserActivityLauncher t22}\n{\"context\":\"u:r:su:s0\",\"event\":\"start\",\"names\":[\"sh_text-saw_out\",\"sh_text-saw_in\"],\"uid\":0}\n{\"data\":\"\",\"event\":\"connect\",\"name\":\"sh_text-saw_out\",\"peerContext\":\"u:r:untrusted_app_27:s0:c210,c256,c512,c768\",\"peerPid\":10999,\"peerUid\":10210,\"t\":1790861757394}\n{\"data\":\"\",\"event\":\"connect\",\"name\":\"sh_text-saw_in\",\"peerContext\":\"u:r:untrusted_app_27:s0:c210,c256,c512,c768\",\"peerPid\":10999,\"peerUid\":10210,\"t\":1790861757394}\n10-01 13:35:57.879  5983  6176 D PermissionCache: checking android.permission.INTERNAL_SYSTEM_WINDOW for uid=10106 => denied (152 us)\n10-01 13:35:58.794  6059 10026 D PermissionCache: checking android.permission.ACCESS_SURFACE_FLINGER for uid=10106 => denied (348 us)\n10-01 13:35:58.794  6059 10026 D PermissionCache: checking android.permission.ROTATE_SURFACE_FLINGER for uid=10106 => denied (36 us)\n10-01 13:35:58.794  6059 10026 D PermissionCache: checking android.permission.INTERNAL_SYSTEM_WINDOW for uid=10106 => denied (24 us)\n10-01 13:35:58.795 11212 11212 D ChooserActivity: onListRebuilt(listAdapter.userHandle=UserHandle{0}, rebuildComplete=true)\n10-01 13:35:58.801 11212 11212 D ChooserActivity: app target loading time 1043 ms\n10-01 13:35:58.856  6059  6081 I ActivityTaskManager: Displayed com.android.intentresolver/.ChooserActivityLauncher for user 0: +1s405ms\n10-01 13:35:58.858  6059  6081 V WindowManager: Sent Transition (#39) createdAt=10-01 13:35:57.406 via request=TransitionRequestInfo { type = OPEN, triggerTask = TaskInfo{userId=0 taskId=22 displayId=0 isRunning=true baseIntent=Intent { act=android.intent.action.CHOOSER flg=0x10800000 cmp=com.android.intentresolver/.ChooserActivityLauncher } baseActivity=ComponentInfo{com.android.intentresolver/com.android.intentresolver.ChooserActivity} topActivity=ComponentInfo{com.android.intentresolver/com.android.intentresolver.ChooserActivity} origActivity=ComponentInfo{com.android.intentresolver/com.android.intentresolver.ChooserActivityLauncher} realActivity=ComponentInfo{com.android.intentresolver/com.android.intentresolver.ChooserActivity} numActivities=1 lastActiveTime=863200 supportsMultiWindow=true resizeMode=1 isResizeable=true minWidth=-1 minHeight=-1 defaultMinSize=220 token=WCT{RemoteToken{94f5e29 Task{1adae1c #22 type=standard A=10106:com.android.intentresolver}}} topActivityType=1 pictureInPictureParams=null shouldDockBigOverlays=false launchIntoPipHostTaskId=-1 lastParentTaskIdBeforePip=-1 displayCutoutSafeInsets=null topActivityInfo=ActivityInfo{231c5ae com.android.intentresolver.ChooserActivityLauncher} launchCookies=[] positionInParent=Point(0, 0) parentTaskId=-1 isFocused=false isVisible=false isVisibleRequested=false isSleeping=false locusId=null displayAreaFeatureId=1 isTopActivityTransparent=true appCompatTaskInfo=AppCompatTaskInfo { topActivityInSizeCompat=false topActivityEligibleForLetterboxEducation= falseisLetterboxEducationEnabled= true isLetterboxDoubleTapEnabled= false topActivityEligibleForUserAspectRatioButton= false topActivityBoundsLetterboxed= false isFromLetterboxDoubleTap= false topActivityLetterboxVerticalPosition= -1 topActivityLetterboxHorizontalPosition= -1 topActivityLetterboxWidth=320 topActivityLetterboxHeight=640 isUserFullscreenOverrideEnabled=false isSystemFullscreenOverrideEnabled=false cameraCompatTaskInfo=CameraCompatTaskInfo { cameraCompatControlState=hidden freeformCameraCompatMode=inactive}}}, pipTask = null, remoteTransition = null, displayChange = null, flags = 0, debugId = 39 }\n10-01 13:35:58.883 11212 11212 D ChooserActivity: onShortcutsLoaded for user: UserHandle{0}\n10-01 13:35:58.884 11212 11212 D ChooserActivity: stat to first shortcut time: 1102 ms\n10-01 13:35:59.312 11212 11212 D ChooserActivity: onAppTargetsLoaded(listAdapter.userHandle=UserHandle{0})\n10-01 13:36:07.497  6059  6164 D ActivityManager: freezing 10999 com.webui.termux.api"}
Failed to write while dumping service activity: Broken pipe
{"check":"share-file-saw","result":"topResumedActivity=ActivityRecord{1997f46 u0 com.android.intentresolver/.ChooserActivityLauncher t23}\n{\"context\":\"u:r:su:s0\",\"event\":\"start\",\"names\":[\"sh_file-saw_out\",\"sh_file-saw_in\"],\"uid\":0}\n{\"data\":\"\",\"event\":\"connect\",\"name\":\"sh_file-saw_out\",\"peerContext\":\"u:r:untrusted_app_27:s0:c210,c256,c512,c768\",\"peerPid\":10999,\"peerUid\":10210,\"t\":1790861773044}\n10-01 13:36:13.250 11212 11212 D ChooserActivity: getDisplayResolveInfoCount() == 0\n10-01 13:36:13.251 11212 11212 I ResolverListAdapter: Add DisplayResolveInfo component: ComponentInfo{com.google.android.apps.docs/com.google.android.apps.docs.common.shareitem.UploadMenuActivity}, intent component: ComponentInfo{com.google.android.apps.docs/com.google.android.apps.docs.common.shareitem.UploadMenuActivity}\n10-01 13:36:13.251 11212 11212 I ResolverListAdapter: Add DisplayResolveInfo component: ComponentInfo{com.google.android.apps.messaging/com.google.android.apps.messaging.ui.conversationlist.ShareIntentActivity}, intent component: ComponentInfo{com.google.android.apps.messaging/com.google.android.apps.messaging.ui.conversationlist.ShareIntentActivity}\n10-01 13:36:13.265  6059  9389 D CoreBackPreview: Window{56645f6 u0 com.android.intentresolver/com.android.intentresolver.ChooserActivityLauncher}: Setting back callback OnBackInvokedCallbackInfo{mCallback=android.window.IOnBackInvokedCallback$Stub$Proxy@290c464, mPriority=0, mIsAnimationCallback=false}\n10-01 13:36:14.185 11212 11212 D ChooserActivity: onListRebuilt(listAdapter.userHandle=UserHandle{0}, rebuildComplete=true)\n10-01 13:36:14.186 11212 11212 D ChooserActivity: app target loading time 1071 ms\n10-01 13:36:14.202  6059  6081 I ActivityTaskManager: Displayed com.android.intentresolver/.ChooserActivityLauncher for user 0: +1s143ms\n10-01 13:36:14.202  6059  6081 V WindowManager: Sent Transition (#41) createdAt=10-01 13:36:13.048 via request=TransitionRequestInfo { type = OPEN, triggerTask = TaskInfo{userId=0 taskId=23 displayId=0 isRunning=true baseIntent=Intent { act=android.intent.action.CHOOSER flg=0x10800000 cmp=com.android.intentresolver/.ChooserActivityLauncher } baseActivity=ComponentInfo{com.android.intentresolver/com.android.intentresolver.ChooserActivity} topActivity=ComponentInfo{com.android.intentresolver/com.android.intentresolver.ChooserActivity} origActivity=ComponentInfo{com.android.intentresolver/com.android.intentresolver.ChooserActivityLauncher} realActivity=ComponentInfo{com.android.intentresolver/com.android.intentresolver.ChooserActivity} numActivities=1 lastActiveTime=878835 supportsMultiWindow=true resizeMode=1 isResizeable=true minWidth=-1 minHeight=-1 defaultMinSize=220 token=WCT{RemoteToken{32e3bfc Task{946b507 #23 type=standard A=10106:com.android.intentresolver}}} topActivityType=1 pictureInPictureParams=null shouldDockBigOverlays=false launchIntoPipHostTaskId=-1 lastParentTaskIdBeforePip=-1 displayCutoutSafeInsets=null topActivityInfo=ActivityInfo{1de8285 com.android.intentresolver.ChooserActivityLauncher} launchCookies=[] positionInParent=Point(0, 0) parentTaskId=-1 isFocused=false isVisible=false isVisibleRequested=false isSleeping=false locusId=null displayAreaFeatureId=1 isTopActivityTransparent=true appCompatTaskInfo=AppCompatTaskInfo { topActivityInSizeCompat=false topActivityEligibleForLetterboxEducation= falseisLetterboxEducationEnabled= true isLetterboxDoubleTapEnabled= false topActivityEligibleForUserAspectRatioButton= false topActivityBoundsLetterboxed= false isFromLetterboxDoubleTap= false topActivityLetterboxVerticalPosition= -1 topActivityLetterboxHorizontalPosition= -1 topActivityLetterboxWidth=320 topActivityLetterboxHeight=640 isUserFullscreenOverrideEnabled=false isSystemFullscreenOverrideEnabled=false cameraCompatTaskInfo=CameraCompatTaskInfo { cameraCompatControlState=hidden freeformCameraCompatMode=inactive}}}, pipTask = null, remoteTransition = null, displayChange = null, flags = 0, debugId = 41 }\n10-01 13:36:14.237 11212 11212 D ChooserActivity: onAppTargetsLoaded(listAdapter.userHandle=UserHandle{0})\n10-01 13:36:14.237 11212 11212 D ChooserActivity: onShortcutsLoaded for user: UserHandle{0}\n10-01 13:36:14.238 11212 11212 D ChooserActivity: stat to first shortcut time: 1000 ms\n10-01 13:36:23.183  6059  6164 D ActivityManager: freezing 10999 com.webui.termux.api"}
app uid: 10210
