yes: standard output: Broken pipe
Auto-selecting single ABI x86_64
Do you wish to create a custom hardware profile? [no] lab.avd
lab.ini
emulator Android emulator version 37.1.11.0 (build_id 15917651) (CL:N/A)
* daemon not running; starting now at tcp:5037
* daemon started successfully
booted in 54s: google/sdk_gphone64_x86_64/emu64xa:15/AE3A.240806.043/12960925:userdebug/dev-keys
kernel 6.6.50-android15-8-g8adecb593e9b-ab12525588 -> kmi android15-6.6; tiann/KernelSU v3.3.0
total 16428
drwx------  2 runner runner     4096 Oct  1 07:07 .
drwxrwxrwt 16 root   root       4096 Oct  1 07:07 ..
-rw-r--r--  1 runner runner 10777987 Oct  1 07:07 KernelSU_v3.3.0_32601-release.apk
-rw-r--r--  1 runner runner  5713312 Oct  1 07:07 ksud-x86_64-linux-android
-rw-r--r--  1 runner runner   318824 Oct  1 07:07 lkm-x86_64-android15-6.6_kernelsu.ko
== manager installed (me.weishu.kernelsu)
/tmp/tmp.XK443PoIII/lkm-x86_64-android15-6.6_kernelsu.ko: 1 file pushed, 0 skipped. 9.5 MB/s (318824 bytes in 0.032s)
/tmp/tmp.XK443PoIII/ksud-x86_64-linux-android: 1 file pushed, 0 skipped. 57.7 MB/s (5713312 bytes in 0.094s)
== ksud: ksud 3.3.0 (uapi: 2)
== ksud late-load: rc=0
== ksud insmod /data/adb/kernelsu.ko: Error: load module failed: /data/adb/kernelsu.ko

Caused by:
    0: init_module failed without vermagic mismatch
    1: File exists (os error 17)
rc=1
kernelsu              159744  0 
== lsmod: kernelsu              159744  1 
/home/runner/work/devicelab/devicelab/modules/probe/./: 2 files pushed, 0 skipped. 0.0 MB/s (1474 bytes in 0.051s)
== modules: [
  {
    "action": "false",
    "web": "true",
    "description": "Observation module for devicelab. Its WebUI page is driven over DevTools.",
    "mount": "false",
    "update": "false",
    "enabled": "true",
    "author": "p0g-stack",
    "remove": "false",
    "versionCode": "1",
    "version": "1",
    "id": "devicelab_probe",
    "name": "devicelab probe"
  }
]
SELinux: Loaded file context from:
		/system/etc/selinux/plat_file_contexts
		/system_ext/etc/selinux/system_ext_file_contexts
		/vendor/etc/selinux/vendor_file_contexts
== home text: text="LKM" text="Working [Jailbreak mode]" text="Version: 32601-2" text="Manager version" text="v3.3.0 (32601-2)" text="Kernel version" text="6.6.50-android15-8-g8adecb593e9b-ab12525588" text="Device model" text="Google sdk_gphone64_x86_64" text="Fingerprint" text="google/sdk_gphone64_x86_64/emu64xa:15/AE3A.240806.043/12960925:userdebug/dev-keys" text="Enforcing" text="KernelSU" text="Home" text="Superuser" text="1" text="Module" text="Settings" 
== manager activities: me.weishu.kernelsu/.magica.BootCompletedReceiver me.weishu.kernelsu/.ui.MainActivity me.weishu.kernelsu/androidx.core.content.FileProvider me.weishu.kernelsu/androidx.profileinstaller.ProfileInstallReceiver me.weishu.kernelsu/androidx.startup.InitializationProvider 
WebUI-X-v438-release-official.apk
WebUI-X-v438-release-spoofed.apk
== downloaded MMRLApp/WebUI-X-Portable v438 WebUI-X-v438-release-official.apk
Success
== installed com.dergoogler.mmrl.wx uid=10210     versionName=v438-release
== activities: com.dergoogler.mmrl.wx/.ui.activity.CrashHandlerActivity com.dergoogler.mmrl.wx/.ui.activity.MainActivity com.dergoogler.mmrl.wx/.ui.activity.modconf.ModConfActivity com.dergoogler.mmrl.wx/.ui.activity.webui.KsuWebUIActivity com.dergoogler.mmrl.wx/.ui.activity.webui.WebUIActivity com.dergoogler.mmrl.wx/.util.NonRootService com.dergoogler.mmrl.wx/androidx.core.content.FileProvider com.dergoogler.mmrl.wx/androidx.profileinstaller.ProfileInstallReceiver com.dergoogler.mmrl.wx/androidx.startup.InitializationProvider com.dergoogler.mmrl.wx/androidx.work.impl.background.systemalarm.ConstraintProxy com.dergoogler.mmrl.wx/androidx.work.impl.background.systemalarm.ConstraintProxyUpdateReceiver com.dergoogler.mmrl.wx/androidx.work.impl.background.systemalarm.RescheduleReceiver com.dergoogler.mmrl.wx/androidx.work.impl.diagnostics.DiagnosticsReceiver 
ui: tapped 'Superuser' at 120,584
ui: tapped 160,152
ui: tapped 160,218
[0,0][320,640] WebUI X | search | Clean | Cancel | WebUI X | WebUI X | com.dergoogler.mmrl.wx | UMOUNT
[12,40][235,88] WebUI X | search | Clean
[185,40][233,88] Clean
[251,40][304,88] Cancel
[12,98][308,162] WebUI X | WebUI X | com.dergoogler.mmrl.wx | UMOUNT
[0,552][80,616] Home
[160,552][240,616] 1 | Module
[240,552][320,616] Settings
ui: no switch
== root grant: no; su as app uid 10210: su: failed to exec -c: Permission denied
ui: tapped 'KernelSU' at 160,236
[40,136][280,192] Magisk
[40,280][280,360] KernelSU Next
[40,376][280,432] APatch
[40,448][280,528] SukiSU Ultra
[40,544][280,552] 
[40,552][280,600] 
ui: no node with 'Next'
ui: no node with 'Continue'
ui: no node with 'Grant'
ui: no node with 'Allow'
ui: no node with 'Get started'
ui: no node with 'Done'
ui: no node with 'OK'
ui: no node with 'Finish'
[40,112][280,168] Magisk
[40,256][280,336] KernelSU Next
[40,352][280,408] APatch
[40,424][280,504] SukiSU Ultra
[40,520][280,552] Non-Root
[40,552][280,600] 
ui: no node with 'Next'
ui: no node with 'Continue'
ui: no node with 'Grant'
ui: no node with 'Allow'
ui: no node with 'Get started'
ui: no node with 'Done'
ui: no node with 'OK'
ui: no node with 'Finish'
[40,112][280,168] Magisk
[40,256][280,336] KernelSU Next
[40,352][280,408] APatch
[40,424][280,504] SukiSU Ultra
[40,520][280,552] Non-Root
[40,552][280,600] 
ui: no node with 'Next'
ui: no node with 'Continue'
ui: no node with 'Grant'
ui: no node with 'Allow'
ui: no node with 'Get started'
ui: no node with 'Done'
ui: no node with 'OK'
ui: no node with 'Finish'
== WebUI X platform after onboarding: 
== devtools sockets: @webview_devtools_remote_1642 
inputs/modules/flutter_webui_counter-0.1.0.zip: 1 file pushed, 0 skipped. 317.2 MB/s (18352725 bytes in 0.055s)
== install flutter_webui_counter-0.1.0.zip
  inflating: webroot/assets/NOTICES
  inflating: webroot/assets/AssetManifest.bin
  inflating: webroot/assets/FontManifest.json
  inflating: webroot/assets/AssetManifest.bin.json
  inflating: webroot/assets/packages/cupertino_icons/assets/CupertinoIcons.ttf
  inflating: webroot/assets/fonts/MaterialIcons-Regular.otf
  inflating: webroot/assets/fonts/fallback/Roboto-Regular.ttf
  inflating: webroot/assets/shaders/stretch_effect.frag
  inflating: webroot/assets/shaders/ink_sparkle.frag
  inflating: webroot/icons/Icon-512.png
  inflating: webroot/icons/Icon-maskable-512.png
  inflating: webroot/icons/Icon-maskable-192.png
  inflating: webroot/icons/Icon-192.png
- Done
- Module installed successfully!
inputs/modules/counter-v1.0.0.zip: 1 file pushed, 0 skipped. 359.8 MB/s (6582359 bytes in 0.017s)
== install counter-v1.0.0.zip
  inflating: webroot/canvaskit/chromium/canvaskit.wasm
  inflating: webroot/config.json
  inflating: webroot/favicon.png
  inflating: webroot/flutter.js
  inflating: webroot/flutter_bootstrap.js
  inflating: webroot/icons/Icon-192.png
  inflating: webroot/icons/Icon-512.png
  inflating: webroot/icons/Icon-maskable-192.png
  inflating: webroot/icons/Icon-maskable-512.png
  inflating: webroot/index.html
  inflating: webroot/main.dart.js
  inflating: webroot/manifest.json
  inflating: webroot/version.json
- Done
- Module installed successfully!
== soft-reboot: 
== after soft-reboot (62s): [
  {
    "remove": "false",
    "enabled": "true",
    "name": "devicelab probe",
    "version": "1",
    "author": "p0g-stack",
    "mount": "false",
    "action": "false",
    "versionCode": "1",
    "id": "devicelab_probe",
    "web": "true",
    "update": "false",
    "description": "Observation module for devicelab. Its WebUI page is driven over DevTools."
  },
  {
    "author": "p0g-stack",
    "web": "true",
    "id": "flutter_webui_counter",
    "version": "0.1.0",
    "name": "flutter-webui Counter",
    "enabled": "true",
    "action": "false",
    "versionCode": "1",
    "remove": "false",
    "mount": "false",
    "description": "Stock Flutter counter app on flutter-webui (devicelab bring-up build).",
    "update": "false"
  },
  {
    "name": "Counter",
    "versionCode": "1",
    "enabled": "true",
    "remove": "false",
    "action": "false",
    "web": "true",
    "description": "A new Flutter project.",
    "mount": "false",
    "author": "Yuv",
    "id": "counter",
    "version": "v1.0.0",
    "update": "false"
  }
]
total 40
drwxrwxrwx 5 root root 4096 2026-10-01 07:12 .
drwx------ 5 root root 4096 2026-10-01 07:12 ..
drwxr-xr-x 3 root root 4096 2026-10-01 07:12 counter
drwxr-xr-x 3 root root 4096 2026-10-01 07:07 devicelab_probe
drwxr-xr-x 4 root root 4096 2026-10-01 07:12 flutter_webui_counter
/home/runner/work/devicelab/devicelab/out/labserver: 1 file pushed, 0 skipped. 47.6 MB/s (7843260 bytes in 0.157s)
Starting: Intent { cmp=com.dergoogler.mmrl.wx/.ui.activity.webui.WebUIActivity (has extras) }
Status: ok
Activity: com.dergoogler.mmrl.wx/.ui.activity.webui.WebUIActivity
https://mui.kernelsu.org/index.html
opened: intent
{"check":"targets","result":[{"socket": "webview_devtools_remote_8924", "type": "page", "url": "https://mui.kernelsu.org/index.html", "title": "Webpage not available"}]}
{"check":"globals","result":{"url":"https://mui.kernelsu.org/index.html","socket":"webview_devtools_remote_8924","value":{"ua":"WebUI X/438 (Linux; Android 15; sdk_gphone64_x86_64; NonRoot/0)","origin":"null","href":"chrome-error://chromewebdata/","globals":["$DeFile","$DeFileInputStream","$DeFileOutputStream","$devicelab_probe","$intent","$packageManager","$userManager","ksu","webui"],"ksu":["exec","execBool","fullScreen","mmrl","moduleInfo","spawn","toast","exec","execBool","fullScreen","mmrl","moduleInfo","spawn","toast"]}}}
{"check":"ksu-exec","result":{"url":"https://mui.kernelsu.org/index.html","socket":"webview_devtools_remote_8924","value":{"code":0,"out":"uid=10210(u0_a210) gid=10210(u0_a210) groups=10210(u0_a210),3003(inet),9997(everybody),20210(u0_a210_cache),50210(all_a210) context=u:r:untrusted_app:s0:c210,c256,c512,c768\nu:r:untrusted_app:s0:c210,c256,c512,c768\u0000","err":""}}}
{"check":"ws-loopback","result":{"url":"https://mui.kernelsu.org/index.html","socket":"webview_devtools_remote_8924","value":{"error":"ws error"}}}
{"check":"fetch-loopback","result":{"url":"https://mui.kernelsu.org/index.html","socket":"webview_devtools_remote_8924","value":{"error":"TypeError: Failed to fetch"}}}
{"check":"webview-uid","result":["webview_zygote 1053 webview_zygote", "u0_a210      10210 com.dergoogler.mmrl.wx", "u0_a151      10151 com.google.android.webview:webview_service", "u0_i9000     99000 com.google.android.webview:sandboxed_process0:org.chromium.content.app.SandboxedProcessService0:0"]}
{"check":"while-home-heartbeat","result":{"url":"https://mui.kernelsu.org/index.html","socket":"webview_devtools_remote_8924","exception":"TypeError: Cannot read properties of undefined (reading 'last')\n    at <anonymous>:1:22"}}
{"check":"lifecycle","result":{"url":"https://mui.kernelsu.org/index.html","socket":"webview_devtools_remote_8924","exception":"TypeError: Cannot read properties of undefined (reading 'events')\n    at <anonymous>:1:24"}}
cat: /data/local/tmp/labserver.log: No such file or directory
Starting: Intent { cmp=com.dergoogler.mmrl.wx/.ui.activity.webui.WebUIActivity (has extras) }
Status: ok
Activity: com.dergoogler.mmrl.wx/.ui.activity.webui.WebUIActivity
https://mui.kernelsu.org/index.html
opened: intent
{"check":"targets","result":[{"type": "page", "url": "https://mui.kernelsu.org/index.html", "title": "Webpage not available"}]}
{"check":"page","result":{"url":"https://mui.kernelsu.org/index.html","socket":"webview_devtools_remote_9700","value":{"href":"chrome-error://chromewebdata/","title":"Webpage not available","ready":"complete","flutter":false,"glass":false,"nav":{"dcl":351,"load":353},"firstFrame":null,"insets":null,"vv":[320,640,1]}}}
{"check":"console-errors","result":["--------- beginning of main", "10-01 07:14:12.737  9774  9789 W chromium: [WARNING:runtime_features.cc(694)] SharedStorage for M118+ cannot be enabled in this configuration. Use --enable-features=SharedStorageAPI,SharedStorageAPIM118 in addition."]}
{"check":"first-frame","result":{"url":"https://mui.kernelsu.org/index.html","socket":"webview_devtools_remote_9700","value":{"firstFrameMs":null,"now":15054,"flutter":false}}}
Starting: Intent { cmp=com.dergoogler.mmrl.wx/.ui.activity.webui.WebUIActivity (has extras) }
Status: ok
Activity: com.dergoogler.mmrl.wx/.ui.activity.webui.WebUIActivity

https://mui.kernelsu.org/index.html
opened: intent
{"check":"targets","result":[{"type": "page", "url": "https://mui.kernelsu.org/index.html", "title": "Webpage not available"}]}
{"check":"page","result":{"url":"https://mui.kernelsu.org/index.html","socket":"webview_devtools_remote_9960","value":{"href":"chrome-error://chromewebdata/","title":"Webpage not available","ready":"complete","flutter":false,"glass":false,"nav":{"dcl":326,"load":338},"firstFrame":null,"insets":null,"vv":[320,640,1]}}}
{"check":"console-errors","result":["--------- beginning of main", "10-01 07:14:50.962  9960 10011 I chromium: [1001/071450.961965:INFO:variations_seed_loader.cc(66)] Failed to open file for reading.: No such file or directory (2)", "10-01 07:14:51.698 10015 10046 W chromium: [WARNING:runtime_features.cc(694)] SharedStorage for M118+ cannot be enabled in this configuration. Use --enable-features=SharedStorageAPI,SharedStorageAPIM118 in addition."]}
{"check":"first-frame","result":{"url":"https://mui.kernelsu.org/index.html","socket":"webview_devtools_remote_9960","value":{"firstFrameMs":null,"now":15057,"flutter":false}}}
