[    0.000000] Linux version 5.10.161 (builder@buildhost) (x86_64-openwrt-linux-musl-gcc (OpenWrt GCC 11.2.0 r20028-43d71ad93e) 11.2.0, GNU ld (GNU Binutils) 2.37) #0 SMP Tue Jan 3 00:24:21 2023
[    0.000000] Command line: panic=-1 earlycon=uart8250,io,0x3f8 "root=/dev/vda1" wan_broadcast=192.168.94.3 wan_gateway=192.168.94.1 wan_ipaddr=192.168.94.2 bridged_wifi_tap=false webrtc_device_id=cvd_1-1-1
[    0.000000] [Firmware Bug]: TSC doesn't count with P0 frequency!
[    0.000000] x86/fpu: Supporting XSAVE feature 0x001: 'x87 floating point registers'
[    0.000000] x86/fpu: Supporting XSAVE feature 0x002: 'SSE registers'
[    0.000000] x86/fpu: Supporting XSAVE feature 0x004: 'AVX registers'
[    0.000000] x86/fpu: xstate_offset[2]:  576, xstate_sizes[2]:  256
[    0.000000] x86/fpu: Enabled xstate features 0x7, context size is 832 bytes, using 'compacted' format.
[    0.000000] BIOS-provided physical RAM map:
[    0.000000] BIOS-e820: [mem 0x0000000000000000-0x000000000009ffff] usable
[    0.000000] BIOS-e820: [mem 0x00000000000a0000-0x00000000000fffff] reserved
[    0.000000] BIOS-e820: [mem 0x0000000000100000-0x000000000fffffff] usable
[    0.000000] BIOS-e820: [mem 0x00000000f4000000-0x00000000f7ffffff] reserved
[    0.000000] BIOS-e820: [mem 0x00000000feffc000-0x00000000feffffff] reserved
[    0.000000] BIOS-e820: [mem 0x0000000100000000-0x0000000107ffffff] reserved
[    0.000000] earlycon: uart8250 at I/O port 0x3f8 (options '')
[    0.000000] printk: bootconsole [uart8250] enabled
[    0.000000] NX (Execute Disable) protection: active
[    0.000000] extended physical RAM map:
[    0.000000] reserve setup_data: [mem 0x0000000000000000-0x00000000000207ff] usable
[    0.000000] reserve setup_data: [mem 0x0000000000020800-0x000000000002090f] usable
[    0.000000] reserve setup_data: [mem 0x0000000000020910-0x000000000009ffff] usable
[    0.000000] reserve setup_data: [mem 0x00000000000a0000-0x00000000000fffff] reserved
[    0.000000] reserve setup_data: [mem 0x0000000000100000-0x000000000fffffff] usable
[    0.000000] reserve setup_data: [mem 0x00000000f4000000-0x00000000f7ffffff] reserved
[    0.000000] reserve setup_data: [mem 0x00000000feffc000-0x00000000feffffff] reserved
[    0.000000] reserve setup_data: [mem 0x0000000100000000-0x0000000107ffffff] reserved
[    0.000000] SMBIOS 3.2.0 present.
[    0.000000] DMI: ChromiumOS crosvm, BIOS 0 
[    0.000000] Hypervisor detected: KVM
[    0.000000] kvm-clock: Using msrs 4b564d01 and 4b564d00
[    0.000000] kvm-clock: cpu 0, msr 26c3001, primary cpu clock
[    0.000001] kvm-clock: using sched offset of 994972514 cycles
[    0.002315] clocksource: kvm-clock: mask: 0xffffffffffffffff max_cycles: 0x1cd42e4dffb, max_idle_ns: 881590591483 ns
[    0.008837] tsc: Detected 2445.428 MHz processor
[    0.011682] last_pfn = 0x10000 max_arch_pfn = 0x400000000
[    0.014278] x86/PAT: Configuration [0-7]: WB  WC  UC- UC  WB  WP  UC- WT  
[    0.017122] found SMP MP-table at [mem 0x0009fff0-0x0009ffff]
[    0.019730] Using GB pages for direct mapping
[    0.021819] ACPI: Early table checksum verification disabled
[    0.024090] ACPI: RSDP 0x00000000000E0000 000024 (v02 CROSVM)
[    0.026374] ACPI: XSDT 0x00000000000E0600 00003C (v01 CROSVM CROSVMDT 00000001 CROS 00000000)
[    0.029773] ACPI: FACP 0x00000000000E03C0 000114 (v06 CROSVM CROSVMDT 00000001 CROS 00000000)
[    0.033195] ACPI: DSDT 0x00000000000E0080 00030C (v06 CROSVM CROSVMDT 00000001 CROS 00000000)
[    0.036575] ACPI: FACS 0x00000000000E0040 000040
[    0.038427] ACPI: APIC 0x00000000000E0500 000068 (v05 CROSVM CROSVMDT 00000001 CROS 00000000)
[    0.041801] ACPI: MCFG 0x00000000000E0580 00003C (v01 CROSVM CROSVMDT 00000001 CROS 00000000)
[    0.045204] ACPI: Reserving FACP table memory at [mem 0xe03c0-0xe04d3]
[    0.047776] ACPI: Reserving DSDT table memory at [mem 0xe0080-0xe038b]
[    0.050341] ACPI: Reserving FACS table memory at [mem 0xe0040-0xe007f]
[    0.053045] ACPI: Reserving APIC table memory at [mem 0xe0500-0xe0567]
[    0.055673] ACPI: Reserving MCFG table memory at [mem 0xe0580-0xe05bb]
[    0.058594] Zone ranges:
[    0.059595]   DMA      [mem 0x0000000000001000-0x0000000000ffffff]
[    0.062073]   DMA32    [mem 0x0000000001000000-0x000000000fffffff]
[    0.064541]   Normal   empty
[    0.065667] Movable zone start for each node
[    0.067408] Early memory node ranges
[    0.068800]   node   0: [mem 0x0000000000001000-0x000000000009ffff]
[    0.071288]   node   0: [mem 0x0000000000100000-0x000000000fffffff]
[    0.073756] Initmem setup node 0 [mem 0x0000000000001000-0x000000000fffffff]
[    0.076649] On node 0, zone DMA: 1 pages in unavailable ranges
[    0.077878] On node 0, zone DMA: 96 pages in unavailable ranges
[    0.105556] IOAPIC[0]: apic_id 0, version 17, address 0xfec00000, GSI 0-23
[    0.108303] ACPI: INT_SRC_OVR (bus 0 bus_irq 9 global_irq 9 low level)
[    0.110853] ACPI: INT_SRC_OVR (bus 0 bus_irq 10 global_irq 10 low level)
[    0.113347] ACPI: INT_SRC_OVR (bus 0 bus_irq 11 global_irq 11 low level)
[    0.115805] ACPI: INT_SRC_OVR (bus 0 bus_irq 12 global_irq 12 low level)
[    0.118634] Using ACPI (MADT) for SMP configuration information
[    0.121074] TSC deadline timer available
[    0.122717] smpboot: Allowing 1 CPUs, 0 hotplug CPUs
[    0.124736] kvm-guest: KVM setup pv remote TLB flush
[    0.126788] kvm-guest: setup PV sched yield
[    0.128508] [mem 0x10000000-0xf3ffffff] available for PCI devices
[    0.130965] Booting paravirtualized kernel on KVM
[    0.132858] clocksource: refined-jiffies: mask: 0xffffffff max_cycles: 0xffffffff, max_idle_ns: 19112604462750000 ns
[    0.137148] setup_percpu: NR_CPUS:512 nr_cpumask_bits:512 nr_cpu_ids:1 nr_node_ids:1
[    0.150878] percpu: Embedded 48 pages/cpu s157016 r8192 d31400 u2097152
[    0.153634] kvm-guest: KVM setup async PF for cpu 0
[    0.155609] kvm-guest: stealtime: cpu 0, msr f81c540
[    0.157664] kvm-guest: PV spinlocks disabled, single CPU
[    0.159770] Built 1 zonelists, mobility grouping on.  Total pages: 64391
[    0.162465] Kernel command line: panic=-1 earlycon=uart8250,io,0x3f8 "root=/dev/vda1" wan_broadcast=192.168.94.3 wan_gateway=192.168.94.1 wan_ipaddr=192.168.94.2 bridged_wifi_tap=false webrtc_device_id=cvd_1-1-1
[    0.171531] Dentry cache hash table entries: 32768 (order: 6, 262144 bytes, linear)
[    0.174946] Inode-cache hash table entries: 16384 (order: 5, 131072 bytes, linear)
[    0.178013] mem auto-init: stack:off, heap alloc:off, heap free:off
[    0.181867] Memory: 232088K/261756K available (14338K kernel code, 1127K rwdata, 2080K rodata, 1460K init, 1396K bss, 29412K reserved, 0K cma-reserved)
[    0.187007] SLUB: HWalign=64, Order=0-3, MinObjects=0, CPUs=1, Nodes=1
[    0.189646] rcu: Hierarchical RCU implementation.
[    0.191403] rcu: 	RCU restricting CPUs from NR_CPUS=512 to nr_cpu_ids=1.
[    0.193833] 	Tracing variant of Tasks RCU enabled.
[    0.195608] rcu: RCU calculated value of scheduler-enlistment delay is 10 jiffies.
[    0.198382] rcu: Adjusting geometry for rcu_fanout_leaf=16, nr_cpu_ids=1
[    0.200937] NR_IRQS: 33024, nr_irqs: 256, preallocated irqs: 16
[    0.203852] Console: colour dummy device 80x25
[    0.205525] printk: console [tty0] enabled
[    0.207118] printk: bootconsole [uart8250] disabled
Please press Enter to activate this console.
[    0.000000] Linux version 5.10.161 (builder@buildhost) (x86_64-openwrt-linux-musl-gcc (OpenWrt GCC 11.2.0 r20028-43d71ad93e) 11.2.0, GNU ld (GNU Binutils) 2.37) #0 SMP Tue Jan 3 00:24:21 2023
[    0.000000] Command line: panic=-1 earlycon=uart8250,io,0x3f8 "root=/dev/vda1" wan_broadcast=192.168.94.3 wan_gateway=192.168.94.1 wan_ipaddr=192.168.94.2 bridged_wifi_tap=false webrtc_device_id=cvd_1-1-1
[    0.000000] [Firmware Bug]: TSC doesn't count with P0 frequency!
[    0.000000] x86/fpu: Supporting XSAVE feature 0x001: 'x87 floating point registers'
[    0.000000] x86/fpu: Supporting XSAVE feature 0x002: 'SSE registers'
[    0.000000] x86/fpu: Supporting XSAVE feature 0x004: 'AVX registers'
[    0.000000] x86/fpu: xstate_offset[2]:  576, xstate_sizes[2]:  256
[    0.000000] x86/fpu: Enabled xstate features 0x7, context size is 832 bytes, using 'compacted' format.
[    0.000000] BIOS-provided physical RAM map:
[    0.000000] BIOS-e820: [mem 0x0000000000000000-0x000000000009ffff] usable
[    0.000000] BIOS-e820: [mem 0x00000000000a0000-0x00000000000fffff] reserved
[    0.000000] BIOS-e820: [mem 0x0000000000100000-0x000000000fffffff] usable
[    0.000000] BIOS-e820: [mem 0x00000000f4000000-0x00000000f7ffffff] reserved
[    0.000000] BIOS-e820: [mem 0x00000000feffc000-0x00000000feffffff] reserved
[    0.000000] BIOS-e820: [mem 0x0000000100000000-0x0000000107ffffff] reserved
[    0.000000] earlycon: uart8250 at I/O port 0x3f8 (options '')
[    0.000000] printk: bootconsole [uart8250] enabled
[    0.000000] NX (Execute Disable) protection: active
[    0.000000] extended physical RAM map:
[    0.000000] reserve setup_data: [mem 0x0000000000000000-0x00000000000207ff] usable
[    0.000000] reserve setup_data: [mem 0x0000000000020800-0x000000000002090f] usable
[    0.000000] reserve setup_data: [mem 0x0000000000020910-0x000000000009ffff] usable
[    0.000000] reserve setup_data: [mem 0x00000000000a0000-0x00000000000fffff] reserved
[    0.000000] reserve setup_data: [mem 0x0000000000100000-0x000000000fffffff] usable
[    0.000000] reserve setup_data: [mem 0x00000000f4000000-0x00000000f7ffffff] reserved
[    0.000000] reserve setup_data: [mem 0x00000000feffc000-0x00000000feffffff] reserved
[    0.000000] reserve setup_data: [mem 0x0000000100000000-0x0000000107ffffff] reserved
[    0.000000] SMBIOS 3.2.0 present.
[    0.000000] DMI: ChromiumOS crosvm, BIOS 0 
[    0.000000] Hypervisor detected: KVM
[    0.000000] kvm-clock: Using msrs 4b564d01 and 4b564d00
[    0.000000] kvm-clock: cpu 0, msr 26c3001, primary cpu clock
[    0.000001] kvm-clock: using sched offset of 1388091530 cycles
[    0.002074] clocksource: kvm-clock: mask: 0xffffffffffffffff max_cycles: 0x1cd42e4dffb, max_idle_ns: 881590591483 ns
[    0.008210] tsc: Detected 2445.428 MHz processor
[    0.014309] last_pfn = 0x10000 max_arch_pfn = 0x400000000
[    0.018722] x86/PAT: Configuration [0-7]: WB  WC  UC- UC  WB  WP  UC- WT  
[    0.023042] found SMP MP-table at [mem 0x0009fff0-0x0009ffff]
[    0.029829] Using GB pages for direct mapping
[    0.034458] ACPI: Early table checksum verification disabled
[    0.036252] ACPI: RSDP 0x00000000000E0000 000024 (v02 CROSVM)
[    0.041799] ACPI: XSDT 0x00000000000E0600 00003C (v01 CROSVM CROSVMDT 00000001 CROS 00000000)
[    0.049481] ACPI: FACP 0x00000000000E03C0 000114 (v06 CROSVM CROSVMDT 00000001 CROS 00000000)
[    0.055429] ACPI: DSDT 0x00000000000E0080 00030C (v06 CROSVM CROSVMDT 00000001 CROS 00000000)
[    0.060351] ACPI: FACS 0x00000000000E0040 000040
[    0.064852] ACPI: APIC 0x00000000000E0500 000068 (v05 CROSVM CROSVMDT 00000001 CROS 00000000)
[    0.073162] ACPI: MCFG 0x00000000000E0580 00003C (v01 CROSVM CROSVMDT 00000001 CROS 00000000)
[    0.078499] ACPI: Reserving FACP table memory at [mem 0xe03c0-0xe04d3]
[    0.084795] ACPI: Reserving DSDT table memory at [mem 0xe0080-0xe038b]
[    0.089254] ACPI: Reserving FACS table memory at [mem 0xe0040-0xe007f]
[    0.093583] ACPI: Reserving APIC table memory at [mem 0xe0500-0xe0567]
[    0.097913] ACPI: Reserving MCFG table memory at [mem 0xe0580-0xe05bb]
[    0.103811] Zone ranges:
[    0.105755]   DMA      [mem 0x0000000000001000-0x0000000000ffffff]
[    0.108892]   DMA32    [mem 0x0000000001000000-0x000000000fffffff]
[    0.115191]   Normal   empty
[    0.117181] Movable zone start for each node
[    0.120151] Early memory node ranges
[    0.122903]   node   0: [mem 0x0000000000001000-0x000000000009ffff]
[    0.127916]   node   0: [mem 0x0000000000100000-0x000000000fffffff]
[    0.132024] Initmem setup node 0 [mem 0x0000000000001000-0x000000000fffffff]
[    0.135985] On node 0, zone DMA: 1 pages in unavailable ranges
[    0.138702] On node 0, zone DMA: 96 pages in unavailable ranges
[    0.193817] IOAPIC[0]: apic_id 0, version 17, address 0xfec00000, GSI 0-23
[    0.196699] ACPI: INT_SRC_OVR (bus 0 bus_irq 9 global_irq 9 low level)
[    0.199047] ACPI: INT_SRC_OVR (bus 0 bus_irq 10 global_irq 10 low level)
[    0.201656] ACPI: INT_SRC_OVR (bus 0 bus_irq 11 global_irq 11 low level)
[    0.204146] ACPI: INT_SRC_OVR (bus 0 bus_irq 12 global_irq 12 low level)
[    0.207365] Using ACPI (MADT) for SMP configuration information
[    0.209601] TSC deadline timer available
[    0.211097] smpboot: Allowing 1 CPUs, 0 hotplug CPUs
[    0.213180] kvm-guest: KVM setup pv remote TLB flush
[    0.215320] kvm-guest: setup PV sched yield
[    0.217096] [mem 0x10000000-0xf3ffffff] available for PCI devices
[    0.219492] Booting paravirtualized kernel on KVM
[    0.221322] clocksource: refined-jiffies: mask: 0xffffffff max_cycles: 0xffffffff, max_idle_ns: 19112604462750000 ns
[    0.225572] setup_percpu: NR_CPUS:512 nr_cpumask_bits:512 nr_cpu_ids:1 nr_node_ids:1
[    0.239671] percpu: Embedded 48 pages/cpu s157016 r8192 d31400 u2097152
[    0.242527] kvm-guest: KVM setup async PF for cpu 0
[    0.244481] kvm-guest: stealtime: cpu 0, msr f81c540
[    0.246320] kvm-guest: PV spinlocks disabled, single CPU
[    0.248453] Built 1 zonelists, mobility grouping on.  Total pages: 64391
[    0.251174] Kernel command line: panic=-1 earlycon=uart8250,io,0x3f8 "root=/dev/vda1" wan_broadcast=192.168.94.3 wan_gateway=192.168.94.1 wan_ipaddr=192.168.94.2 bridged_wifi_tap=false webrtc_device_id=cvd_1-1-1
[    0.260237] Dentry cache hash table entries: 32768 (order: 6, 262144 bytes, linear)
[    0.264051] Inode-cache hash table entries: 16384 (order: 5, 131072 bytes, linear)
[    0.267285] mem auto-init: stack:off, heap alloc:off, heap free:off
[    0.276368] Memory: 232088K/261756K available (14338K kernel code, 1127K rwdata, 2080K rodata, 1460K init, 1396K bss, 29412K reserved, 0K cma-reserved)
[    0.289144] SLUB: HWalign=64, Order=0-3, MinObjects=0, CPUs=1, Nodes=1
[    0.295316] rcu: Hierarchical RCU implementation.
[    0.298983] rcu: 	RCU restricting CPUs from NR_CPUS=512 to nr_cpu_ids=1.
[    0.304286] 	Tracing variant of Tasks RCU enabled.
[    0.308400] rcu: RCU calculated value of scheduler-enlistment delay is 10 jiffies.
[    0.313952] rcu: Adjusting geometry for rcu_fanout_leaf=16, nr_cpu_ids=1
[    0.320507] NR_IRQS: 33024, nr_irqs: 256, preallocated irqs: 16
[    0.327614] Console: colour dummy device 80x25
[    0.337353] printk: console [tty0] enabled
[    0.338890] printk: bootconsole [uart8250] disabled
Please press Enter to activate this console.
