10-02 21:06:10.323    90   112 I AERA UI : AERA Recovery Project native engine active; hardware Back and edge swipe use navigation history
10-02 21:07:05.364    90   112 D AERA UI : touch released at 619,1277
10-02 21:07:09.078    90   112 D AERA UI : touch released at 609,1285
10-02 21:07:12.706    90   112 D AERA UI : touch released at 679,1277
10-02 21:07:16.304    90   112 D AERA UI : touch released at 673,1285
10-02 21:07:23.074    90   112 D AERA UI : touch released at 620,1278
10-02 21:17:13.753    90   112 D AERA UI : touch released at 360,263
10-02 21:17:23.476    90   112 D AERA UI : touch released at 360,460
10-02 21:17:33.169    90   112 D AERA UI : touch released at 360,657
10-02 21:17:42.668    90   112 D AERA UI : touch released at 360,854
10-02 21:20:10.559    90   112 D AERA UI : touch released at 360,1000
10-02 21:20:11.762    90   112 D AERA UI : touch released at 350,1012
10-02 21:20:15.414    90   112 D AERA UI : touch released at 360,1040
10-02 21:20:24.629    90   112 D AERA UI : touch released at 360,790
10-02 21:22:16.537    90   112 D AERA UI : touch released at 360,1040
10-02 21:22:24.524    90   112 D AERA UI : touch released at 360,790
10-02 21:23:05.256    90   112 D AERA UI : touch released at 361,791
10-02 21:23:43.199    90   112 D AERA UI : touch released at 354,1007
10-02 21:23:46.651    90   112 D AERA UI : touch released at 354,1007
10-02 21:23:50.109    90   112 D AERA UI : touch released at 354,1007
10-02 21:23:57.866    90   112 D AERA UI : touch released at 378,660
10-02 21:24:05.364    90   112 D AERA UI : touch released at 378,660
10-02 21:24:12.984    90   112 D AERA UI : touch released at 378,660
10-02 21:24:51.733    90   112 D AERA UI : touch released at 360,1000
10-02 21:24:52.927    90   112 D AERA UI : touch released at 352,1010
10-02 21:25:13.639    90   112 I AERA UI : left-edge Back gesture accepted
10-02 21:25:13.639    90   112 D AERA UI : touch released at 228,706
10-02 21:25:25.033  3465  3471 I AERA UI : AERA Recovery Project native engine active; hardware Back and edge swipe use navigation history
10-02 21:26:00.480  3465  3471 D AERA UI : touch released at 360,1000
10-02 21:26:01.650  3465  3471 D AERA UI : touch released at 352,1010
10-02 21:26:22.260  3465  3471 I AERA UI : left-edge Back gesture accepted
10-02 21:26:22.260  3465  3471 D AERA UI : touch released at 228,706
10-02 21:26:33.524  3978  3984 I AERA UI : AERA Recovery Project native engine active; hardware Back and edge swipe use navigation history
