yes: standard output: Broken pipe
Auto-selecting single ABI x86_64
Do you wish to create a custom hardware profile? [no] lab.avd
lab.ini
emulator Android emulator version 37.2.12.0 (build_id 16428233) (CL:N/A)
* daemon not running; starting now at tcp:5037
* daemon started successfully
booted in 29s: google/sdk_gphone64_x86_64/emu64xa:15/AE3A.240806.043/12960925:userdebug/dev-keys
kernel 6.6.50-android15-8-g8adecb593e9b-ab12525588 -> kmi android15-6.6; tiann/KernelSU v3.3.0
total 16428
drwx------  2 runner runner     4096 Oct  5 06:35 .
drwxrwxrwt 16 root   root       4096 Oct  5 06:35 ..
-rw-r--r--  1 runner runner 10777987 Oct  5 06:35 KernelSU_v3.3.0_32601-release.apk
-rw-r--r--  1 runner runner  5713312 Oct  5 06:35 ksud-x86_64-linux-android
-rw-r--r--  1 runner runner   318824 Oct  5 06:35 lkm-x86_64-android15-6.6_kernelsu.ko
== manager installed (me.weishu.kernelsu, KernelSU_v3.3.0_32601-release.apk)
/tmp/tmp.D7NAtEOoma/lkm-x86_64-android15-6.6_kernelsu.ko: 1 file pushed, 0 skipped. 5.7 MB/s (318824 bytes in 0.053s)
/tmp/tmp.D7NAtEOoma/ksud-x86_64-linux-android: 1 file pushed, 0 skipped. 173.0 MB/s (5713312 bytes in 0.032s)
== ksud: ksud 3.3.0 (uapi: 2)
== ksud late-load: rc=0
== ksud insmod /data/adb/kernelsu.ko: Error: load module failed: /data/adb/kernelsu.ko

Caused by:
    0: init_module failed without vermagic mismatch
    1: File exists (os error 17)
rc=1
kernelsu              159744  0 
== lsmod: kernelsu              159744  0 
KernelSU_v3.3.0_32601-release.apk
ksud-aarch64-apple-darwin
ksud-aarch64-linux-android
ksud-aarch64-unknown-linux-musl
ksud-x86_64-apple-darwin
ksud-x86_64-linux-android
ksud-x86_64-pc-windows-gnu.exe
ksud-x86_64-unknown-linux-musl
ksuinit-aarch64
ksuinit-x86_64
lkm-aarch64-android12-5.10_kernelsu.ko
lkm-aarch64-android13-5.10_kernelsu.ko
lkm-aarch64-android13-5.15_kernelsu.ko
lkm-aarch64-android14-5.15_kernelsu.ko
lkm-aarch64-android14-6.1_kernelsu.ko
lkm-aarch64-android15-6.6_kernelsu.ko
lkm-aarch64-android16-6.12_kernelsu.ko
lkm-aarch64-android17-6.18_kernelsu.ko
lkm-x86_64-android12-5.10_kernelsu.ko
lkm-x86_64-android13-5.10_kernelsu.ko
lkm-x86_64-android13-5.15_kernelsu.ko
lkm-x86_64-android14-5.15_kernelsu.ko
lkm-x86_64-android14-6.1_kernelsu.ko
lkm-x86_64-android15-6.6_kernelsu.ko
lkm-x86_64-android16-6.12_kernelsu.ko
lkm-x86_64-android17-6.18_kernelsu.ko
== no metamodule asset in tiann/KernelSU v3.3.0
/home/runner/work/devicelab/devicelab/modules/probe/./: 2 files pushed, 0 skipped. 0.0 MB/s (1474 bytes in 0.046s)
== modules: [
  {
    "id": "devicelab_probe",
    "web": "true",
    "name": "devicelab probe",
    "remove": "false",
    "enabled": "true",
    "versionCode": "1",
    "author": "p0g-stack",
    "mount": "false",
    "action": "false",
    "update": "false",
    "description": "Observation module for devicelab. Its WebUI page is driven over DevTools.",
    "version": "1"
  }
]
SELinux: Loaded file context from:
		/system/etc/selinux/plat_file_contexts
		/system_ext/etc/selinux/system_ext_file_contexts
		/vendor/etc/selinux/vendor_file_contexts
== home text: text="LKM" text="Working [Jailbreak mode]" text="Version: 32601-2" text="Manager version" text="v3.3.0 (32601-2)" text="Kernel version" text="6.6.50-android15-8-g8adecb593e9b-ab12525588" text="Device model" text="Google sdk_gphone64_x86_64" text="Fingerprint" text="google/sdk_gphone64_x86_64/emu64xa:15/AE3A.240806.043/12960925:userdebug/dev-keys" text="Enforcing" text="KernelSU" text="Home" text="Superuser" text="1" text="Module" text="Settings" 
== manager activities: me.weishu.kernelsu/.magica.BootCompletedReceiver me.weishu.kernelsu/.ui.MainActivity me.weishu.kernelsu/androidx.core.content.FileProvider me.weishu.kernelsu/androidx.profileinstaller.ProfileInstallReceiver me.weishu.kernelsu/androidx.startup.InitializationProvider 
== supplied APK WebUI-X-v608-release-official.apk sha256 ae88a8cad10b7d7d2146e9b02726fe588595691ae1d9e95206e0c293deb2afb2 (pinned)
Success
== installed com.dergoogler.mmrl.wx uid=10210     versionName=v608-release
== activities: com.dergoogler.mmrl.wx/.provider.WXDocumentsProvider com.dergoogler.mmrl.wx/.ui.activity.FileExplorerActivity com.dergoogler.mmrl.wx/.ui.activity.MainActivity com.dergoogler.mmrl.wx/.ui.activity.webui.WebUIActivity com.dergoogler.mmrl.wx/.ui.webui.WebUIActivity com.dergoogler.mmrl.wx/.util.NonRootService com.dergoogler.mmrl.wx/androidx.core.content.FileProvider com.dergoogler.mmrl.wx/androidx.profileinstaller.ProfileInstallReceiver com.dergoogler.mmrl.wx/androidx.startup.InitializationProvider com.dergoogler.mmrl.wx/androidx.work.impl.background.systemalarm.ConstraintProxy com.dergoogler.mmrl.wx/androidx.work.impl.background.systemalarm.ConstraintProxyUpdateReceiver com.dergoogler.mmrl.wx/androidx.work.impl.background.systemalarm.RescheduleReceiver com.dergoogler.mmrl.wx/androidx.work.impl.diagnostics.DiagnosticsReceiver 
ui: tapped 'Superuser' at 120,584
ui: no node with 'com.dergoogler.mmrl.wx'
ui: tapped 160,152
ui: tapped 'com.dergoogler.mmrl.wx' at 160,130
[12,230][308,290] Superuser
[243,236][292,284] 
[12,302][308,358] App Profile | Default
[12,26][60,74] 
[260,26][308,74] Settings
ui: tapped switch 1 ('', was checked=false)
== ksud feature list: Available Features: ================================================================================ [ENABLED (1)] su_compat (ID=0)     SU Compatibility Mode - allows authorized apps to gain root via traditional 'su' command  [ENABLED (1)] kernel_umount (ID=1)     Kernel Umount - controls whether kernel automatically unmounts modules when not needed  [DISABLED] sulog (ID=2)     SU Log - streams kernel sulog events to userspace and persists them to disk  [DISABLED] adb_root (ID=3)     ADB Root - Enable adbd root  [DISABLED] selinux_hide (ID=4)     SELinux Hide - sanitize /sys/fs/selinux access results for app UIDs  [DISABLED] webview_zygote_umount (ID=5)     WebView Zygote Umount - unmount modules from WebView zygote and its isolated children  
== su_compat: Feature: su_compat (0) Description: SU Compatibility Mode - allows authorized apps to gain root via traditional 'su' command Value: 1 Status: enabled 
== root grant: ui; su as app uid 10210: su: failed to exec /system/bin/su: No such file or directory
ui: tapped 'KernelSU' at 160,265
[40,165][280,221] Magisk
[40,309][280,389] KernelSU Next
[40,405][280,461] APatch
[40,477][280,557] SukiSU Ultra
[40,573][280,629] Non-Root
[40,644][280,692] Continue with KernelSU
ui: tapped 'Continue with KernelSU' at 160,668
[0,88][320,164] devicelab_probe | 5 October 2026
[0,32][48,80] Back
[38,46][86,94] Root
[86,46][132,94] data
[132,46][180,94] adb
[187,46][238,94] modules
[272,32][320,80] Refresh
[248,804][304,860] File actions
ui: no node with 'Continue with KernelSU'
ui: no node with 'Next'
ui: no node with 'Continue'
ui: no node with 'Grant'
ui: no node with 'Allow'
ui: no node with 'Get started'
ui: no node with 'Done'
ui: no node with 'OK'
ui: no node with 'Finish'
[0,88][320,164] devicelab_probe | 5 October 2026
[0,32][48,80] Back
[38,46][86,94] Root
[86,46][132,94] data
[132,46][180,94] adb
[187,46][238,94] modules
[272,32][320,80] Refresh
[248,804][304,860] File actions
ui: no node with 'Continue with KernelSU'
ui: no node with 'Next'
ui: no node with 'Continue'
ui: no node with 'Grant'
ui: no node with 'Allow'
ui: no node with 'Get started'
ui: no node with 'Done'
ui: no node with 'OK'
ui: no node with 'Finish'
[0,88][320,164] devicelab_probe | 5 October 2026
[0,32][48,80] Back
[38,46][86,94] Root
[86,46][132,94] data
[132,46][180,94] adb
[187,46][238,94] modules
[272,32][320,80] Refresh
[248,804][304,860] File actions
== WebUI X platform after onboarding: preferences.pb 
== devtools sockets: 
== metamodule releases backslashxx/mountify: 204 Latest 204 2026-08-25T05:14:18Z;203  203 2026-06-25T15:03:16Z;202  202 2026-06-23T03:45:32Z;
== metamodule candidate backslashxx/mountify mountify.zip: id=mountify version=v2.0.4 versionCode=204 metamodule=true 
== metamodule repo (given): backslashxx/mountify
== metamodule zip: mountify.zip sha256 dde361c444f6990b759890720487785402a391a61cf6530f960deb98e5ef864d
== metamodule module.prop: id=mountify name=mountify version=v2.0.4 versionCode=204 author=xx, KOWX712 metamodule=true description=Globally mounted modules via OverlayFS. updateJson=https://raw.githubusercontent.com/backslashxx/mountify/master/update.json 
/tmp/tmp.FLQs7dlhnB/rel/mountify.zip: 1 file pushed, 0 skipped. 345.5 MB/s (554873 bytes in 0.002s)
== install mountify.zip
[H[J[|]
[H[J[\]
[H[J[+] mountify
[+] SysReq test
[+] CONFIG_OVERLAY_FS
[+] overlay found in /proc/filesystems
[+] CONFIG_TMPFS_XATTR
[+] tmpfs extended attribute test passed
[!] using fresh config.sh
[+] moving modules.txt
[+] moving whiteouts.txt
[+] mountify will be installed in metamodule mode!
- Done
- Creating metamodule symlink
- Module installed successfully!
== soft-reboot: 
== after soft-reboot (43s): [
  {
    "version": "1",
    "description": "Observation module for devicelab. Its WebUI page is driven over DevTools.",
    "mount": "false",
    "web": "true",
    "versionCode": "1",
    "enabled": "true",
    "name": "devicelab probe",
    "author": "p0g-stack",
    "action": "false",
    "id": "devicelab_probe",
    "update": "false",
    "remove": "false"
  },
  {
    "updateJson": "https://raw.githubusercontent.com/backslashxx/mountify/master/update.json",
    "id": "mountify",
    "version": "v2.0.4",
    "author": "xx, KOWX712",
    "update": "false",
    "remove": "false",
    "action": "true",
    "mount": "false",
    "description": "mode: auto 🤖 | fstype: tmpfs 🦾 | no modules mounted",
    "enabled": "true",
    "web": "true",
    "name": "mountify",
    "versionCode": "204",
    "metamodule": "true"
  }
]
total 32
drwxrwxrwx 4 root root 4096 2026-10-05 06:40 .
drwx------ 6 root root 4096 2026-10-05 06:40 ..
drwxr-xr-x 3 root root 4096 2026-10-05 06:36 devicelab_probe
drwxr-xr-x 5 root root 4096 2026-10-05 06:40 mountify
== metamodule active: lrwxrwxrwx 1 root root 26 2026-10-05 06:40 /data/adb/metamodule -> /data/adb/modules/mountify id=mountify name=mountify version=v2.0.4 versionCode=204 author=xx, KOWX712 metamodule=true description=mode: auto 🤖 | fstype: tmpfs 🦾 | no modules mounted updateJson=https://raw.githubusercontent.com/backslashxx/mountify/master/update.json 
inputs/modules/flutter_webui_counter-0.1.5.zip: 1 file pushed, 0 skipped. 524.9 MB/s (21434766 bytes in 0.039s)
== install flutter_webui_counter-0.1.5.zip
  inflating: webroot/fonts/notocoloremoji/v32/Yq6P-KqIXTD0t4D9z1ESnKM3-HpFabsE4tq3luCC7p-aXxcn.3.woff2
  inflating: webroot/fonts/notocoloremoji/v32/Yq6P-KqIXTD0t4D9z1ESnKM3-HpFabsE4tq3luCC7p-aXxcn.8.woff2
  inflating: webroot/fonts/notocoloremoji/v32/Yq6P-KqIXTD0t4D9z1ESnKM3-HpFabsE4tq3luCC7p-aXxcn.2.woff2
   creating: webroot/fonts/notosansmath/
   creating: webroot/fonts/notosansmath/v15/
  inflating: webroot/fonts/notosansmath/v15/7Aump_cpkSecTWaHRlH2hyV5UHkD-V048PW0.woff2
   creating: webroot/fonts/roboto/
   creating: webroot/fonts/roboto/v32/
  inflating: webroot/fonts/roboto/v32/KFOmCnqEu92Fr1Me4GZLCzYlKw.woff2
  inflating: webroot/.last_build_id
  inflating: webroot/config.json
  inflating: webroot/flutter_webui.js
  inflating: customize.sh
- Done
- Module installed successfully!
inputs/modules/counter-v1.0.0.zip: 1 file pushed, 0 skipped. 515.1 MB/s (6582359 bytes in 0.012s)
== install counter-v1.0.0.zip
  inflating: webroot/canvaskit/chromium/canvaskit.wasm
  inflating: webroot/config.json
  inflating: webroot/favicon.png
  inflating: webroot/flutter.js
  inflating: webroot/flutter_bootstrap.js
  inflating: webroot/icons/Icon-192.png
  inflating: webroot/icons/Icon-512.png
  inflating: webroot/icons/Icon-maskable-192.png
  inflating: webroot/icons/Icon-maskable-512.png
  inflating: webroot/index.html
  inflating: webroot/main.dart.js
  inflating: webroot/manifest.json
  inflating: webroot/version.json
- Done
- Module installed successfully!
inputs/modules/demo.zip: 1 file pushed, 0 skipped. 437.3 MB/s (19826855 bytes in 0.043s)
== install demo.zip
  inflating: webroot/pkg/.gitignore
  inflating: webroot/pkg/demo_native.js
  inflating: webroot/pkg/demo_native_bg.wasm
  inflating: webroot/pkg/package.json
  inflating: webroot/version.json
  inflating: webroot/workers/demo_service.web.g.dart.js
  inflating: webroot/workers/hello_service.web.g.dart.js
  inflating: webui_app_plane/app-install.sh
  inflating: webui_app_plane/app.apk
  inflating: webui_app_plane/arm64-v8a/webui_termux_api.aot
  inflating: webui_app_plane/termux-api
  inflating: webui_app_plane/x86_64/webui_termux_api.aot
  Installed com.webui.api.demo 1011
- Done
- Module installed successfully!
/home/runner/work/devicelab/devicelab/envdump.zip: 1 file pushed, 0 skipped. 8.3 MB/s (1766 bytes in 0.000s)
== install envdump.zip
 devicelab envdump 
 by p0g-stack 
*******************
*********************
 Powered by KernelSU 
*********************
Archive:  /data/local/tmp/m.zip
  inflating: customize.sh
- Extracting module files
Archive:  /data/local/tmp/m.zip
  inflating: module.prop
  inflating: customize.sh
- devicelab envdump: written /data/local/tmp/customize-env.txt
- Done
- Module installed successfully!
== soft-reboot: 
== after soft-reboot (43s): [
  {
    "remove": "false",
    "version": "1",
    "enabled": "true",
    "web": "true",
    "versionCode": "1",
    "update": "false",
    "author": "p0g-stack",
    "description": "Observation module for devicelab. Its WebUI page is driven over DevTools.",
    "name": "devicelab probe",
    "id": "devicelab_probe",
    "mount": "false",
    "action": "false"
  },
  {
    "metamodule": "true",
    "update": "false",
    "remove": "false",
    "versionCode": "204",
    "enabled": "true",
    "action": "true",
    "version": "v2.0.4",
    "web": "true",
    "author": "xx, KOWX712",
    "id": "mountify",
    "name": "mountify",
    "description": "mode: auto 🤖 | fstype: tmpfs 🦾 | no modules mounted",
    "updateJson": "https://raw.githubusercontent.com/backslashxx/mountify/master/update.json",
    "mount": "false"
  },
  {
    "name": "flutter-webui Counter",
    "mount": "false",
    "enabled": "true",
    "update": "false",
    "version": "0.1.5",
    "author": "p0g-stack",
    "remove": "false",
    "id": "flutter_webui_counter",
    "description": "Stock Flutter counter app on flutter-webui (devicelab bring-up build).",
    "web": "true",
    "action": "false",
    "versionCode": "6"
  },
  {
    "enabled": "true",
    "name": "Counter",
    "version": "v1.0.0",
    "versionCode": "1",
    "author": "Yuv",
    "description": "A new Flutter project.",
    "id": "counter",
    "update": "false",
    "web": "true",
    "remove": "false",
    "action": "false",
    "mou
total 64
drwxrwxrwx 8 root root 4096 2026-10-05 06:41 .
drwx------ 6 root root 4096 2026-10-05 06:40 ..
drwxr-xr-x 3 root root 4096 2026-10-05 06:41 counter
drwxr-xr-x 6 root root 4096 2026-10-05 06:41 demo
drwxr-xr-x 2 root root 4096 2026-10-05 06:41 devicelab_envdump
drwxr-xr-x 3 root root 4096 2026-10-05 06:36 devicelab_probe
drwxr-xr-x 4 root root 4096 2026-10-05 06:41 flutter_webui_counter
drwxr-xr-x 5 root root 4096 2026-10-05 06:40 mountify
{"check":"back-open","result":"opened: intent-module-id"}
{"check":"back-places","result":{"url":"https://mui.kernelsu.org/","socket":"webview_devtools_remote_12995","value":"tapped Places at 16,572 size 288x56 role button tappable"}}
{"check":"back-before-uptime","result":"432.07"}
{"check":"back-before-rootlog","result":"2026-10-05T06:42:09.661040 cgroup before: 4:memory:/apps 3:cpuset:/top-app 2:cpu:/top-app 1:blkio:/ 0::/\n2026-10-05T06:42:09.661144 cgroup after: 4:memory:/apps 3:cpuset:/top-app 2:cpu:/top-app 1:blkio:/ 0::/\n2026-10-05T06:42:09.750449 listening on 127.0.0.1:38739"}
{"check":"back-before-proclog","result":"total 8\n-rw------- 1 root root 215 2026-10-05 06:42 1791182530429346-0.log\n== /data/adb/modules/demo/flutter_webui/run/proc/1791182530429346-0.log\n2026-10-05T06:42:10.489613 INFO cli.serve: serving hello, demo\n{\"squadron_process\":1,\"host\":\"127.0.0.1\",\"port\":38553,\"token\":\"syMhCz6VpsLCmlNngFmAwvU0rnTNUUVxaYR5cKLYtC0\",\"pid\":13229,\"launch_id\":\"9b01ba4996530f83\"}"}
{"check":"back-before-sockets","result":"port 38739\n0100007F:9753 00000000:0000 st=0A ino=84706 pid=13170 /data/adb/modules/demo/flutter_webui/x86_64/dartaotruntime /\n0100007F:A25E 0100007F:9753 st=01 ino=83872 pid=12995 com.dergoogler.mmrl.process.webui                           \n0100007F:9753 0100007F:A25E st=01 ino=83877 pid=13170 /data/adb/modules/demo/flutter_webui/x86_64/dartaotruntime /"}
{"check":"back-before-procs","result":"11071 10718       03:04 u:r:webview_zygote:s0          webview_zygote\n13022 13012       02:19 u:r:ksu:s0                     com.dergoogler.mmrl.wx:root:0\n13062 10718       02:18 u:r:untrusted_app:s0:c152,c256,c512,c768 com.google.android.webview:webview_service\n13078 11071       02:18 u:r:isolated_app:s0:c512,c768  com.google.android.webview:sandboxed_process0:org.chromium.content.app.SandboxedProcessService0:0\n13170     1       02:08 u:r:ksu:s0                     dartaotruntime /data/adb/modules/demo/flutter_webui/x86_64/flutter_webui_root.aot serve --module-dir /data/adb/modules/demo --module-id demo --ru\n13195 10718       02:08 u:r:untrusted_app_27:s0:c211,c256,c512,c768 com.webui.api.demo\n13228     1       02:07 u:r:ksu:s0                     sh -c trap : TERM INT HUP USR1 USR2; exec 0</dev/null; \"$@\" >>\"$FLUTTER_WEBUI_LOG\" 2>&1; c=$?; (umask 077 && echo $c >\"$FLUTTER_WEBUI_EXIT.tmp\");\n13229 13228       02:07 u:r:ksu:s0                     dartaotruntime /data/adb/modules/demo/bin/x86_64/demo.aot serve --session-file /data/adb/modules/demo/run/demo.place.json --launch-id 9b01ba49965"}
{"check":"back-before-activity","result":"topResumedActivity=ActivityRecord{ca277b2 u0 com.dergoogler.mmrl.wx/.ui.webui.WebUIActivity t14}\n    * Hist  #0: ActivityRecord{ca277b2 u0 com.dergoogler.mmrl.wx/.ui.webui.WebUIActivity t14}\n    Resumed: ActivityRecord{ca277b2 u0 com.dergoogler.mmrl.wx/.ui.webui.WebUIActivity t14}\n  ResumedActivity: ActivityRecord{ca277b2 u0 com.dergoogler.mmrl.wx/.ui.webui.WebUIActivity t14}\n  deepestLastOrientationSource=ActivityRecord{ca277b2 u0 com.dergoogler.mmrl.wx/.ui.webui.WebUIActivity t14}\n  mFocusedApp=ActivityRecord{ca277b2 u0 com.dergoogler.mmrl.wx/.ui.webui.WebUIActivity t14}\n        * ActivityRecord{ca277b2 u0 com.dergoogler.mmrl.wx/.ui.webui.WebUIActivity t14}\n    mSystemBarColorApps={ActivityRecord{ca277b2 u0 com.dergoogler.mmrl.wx/.ui.webui.WebUIActivity t14}}\n    lastActivityTime=-2m17s799ms    startUpTime=-2m18s302ms    startElapsedTime=-2m18s302ms\n    curProcState=3 mRepProcState=3 setProcState=3 lastStateTime=-2m18s203ms\n    lastActivityTime=-2m19s199ms    startUpTime=-2m19s310ms    startElapsedTime=-2m19s310ms\n    curProcState=2 mRepProcState=2 setProcState=2 lastStateTime=-2m19s266ms"}
{"check":"back-before-devtools","result":"[\n {\n  \"socket\": \"webview_devtools_remote_12995\",\n  \"port\": 9300,\n  \"description\": \"{\\\"attached\\\":true,\\\"empty\\\":false,\\\"height\\\":640,\\\"never_attached\\\":false,\\\"screenX\\\":0,\\\"screenY\\\":0,\\\"visible\\\":true,\\\"width\\\":320}\",\n  \"devtoolsFrontendUrl\": \"https://chrome-devtools-frontend.appspot.com/serve_internal_file/@7741f71cbce3b7dfe3eb5890976d2596364b0733/inspector.html?ws=127.0.0.1:9300/devtools/page/5929852A83831614FD3B8ABD6BA8A1CA\",\n  \"id\": \"5929852A83831614FD3B8ABD6BA8A1CA\",\n  \"title\": \"Demo\",\n  \"type\": \"page\",\n  \"url\": \"https://mui.kernelsu.org/\",\n  \"webSocketDebuggerUrl\": \"ws://127.0.0.1:9300/devtools/page/5929852A83831614FD3B8ABD6BA8A1CA\"\n }\n]"}
{"check":"back-before-cgroup","result":"== pid 13170: /data/adb/modules/demo/flutter_webui/x86_64/dartaotruntime /data/adb/m\n4:memory:/apps\n3:cpuset:/top-app\n2:cpu:/top-app\n1:blkio:/\n0::/\nState:\tS (sleeping)\n/system/bin/sh: can't open /sys/fs/cgroup//cgroup.events: No such file or directory\ncgroup.freeze cat: /sys/fs/cgroup//cgroup.freeze: No such file or directory cgroup.events: \n== pid 13229: /data/adb/modules/demo/bin/x86_64/dartaotruntime /data/adb/modules/dem\n4:memory:/apps\n3:cpuset:/top-app\n2:cpu:/top-app\n1:blkio:/\n0::/\nState:\tS (sleeping)\n/system/bin/sh: can't open /sys/fs/cgroup//cgroup.events: No such file or directory\ncgroup.freeze cat: /sys/fs/cgroup//cgroup.freeze: No such file or directory cgroup.events:"}
{"check":"back-before-rootport","result":"root process port 38553\n0100007F:9699 00000000:0000 st=0A pid=13229 /data/adb/modules/demo/bin/x86_64/dartaotruntime /\n0100007F:E210 0100007F:9699 st=01 pid=12995 com.dergoogler.mmrl.process.webui                 \n0100007F:E214 0100007F:9699 st=01 pid=12995 com.dergoogler.mmrl.process.webui                 \n0100007F:9699 0100007F:E210 st=01 pid=13229 /data/adb/modules/demo/bin/x86_64/dartaotruntime /\n0100007F:9699 0100007F:E214 st=01 pid=13229 /data/adb/modules/demo/bin/x86_64/dartaotruntime /\n0100007F:E1F8 0100007F:9699 st=01 pid=12995 com.dergoogler.mmrl.process.webui                 \n0100007F:9699 0100007F:E1F8 st=01 pid=13229 /data/adb/modules/demo/bin/x86_64/dartaotruntime /\n0100007F:E202 0100007F:9699 st=01 pid=12995 com.dergoogler.mmrl.process.webui                 \n0100007F:9699 0100007F:E202 st=01 pid=13229 /data/adb/modules/demo/bin/x86_64/dartaotruntime /"}
{"check":"back-before-service","result":"* ServiceRecord{c2183c2 u0 com.webui.api.demo/com.termux.api.RootHelperService c:com.android.shell}\n    isForeground=true foregroundId=32363 types=0x40000000 foregroundNoti=Notification(channel=root_helper shortcut=null contentView=null vibrate=null sound=null defaults=0 flags=ONGOING_EVENT|FOREGROUND_SERVICE color=0x00000000 vis=PRIVATE)\n2"}
{"check":"back-closed","result":"after 1 Back:       topResumedActivity=ActivityRecord{ae6ce6c u0 com.google.android.apps.nexuslauncher/.NexusLauncherActivity t13}"}
{"check":"back-t0-uptime","result":"903.27"}
{"check":"back-t0-rootlog","result":"2026-10-05T06:42:09.661040 cgroup before: 4:memory:/apps 3:cpuset:/top-app 2:cpu:/top-app 1:blkio:/ 0::/\n2026-10-05T06:42:09.661144 cgroup after: 4:memory:/apps 3:cpuset:/top-app 2:cpu:/top-app 1:blkio:/ 0::/\n2026-10-05T06:42:09.750449 listening on 127.0.0.1:38739"}
{"check":"back-t0-proclog","result":"total 8\n-rw------- 1 root root 215 2026-10-05 06:42 1791182530429346-0.log\n== /data/adb/modules/demo/flutter_webui/run/proc/1791182530429346-0.log\n2026-10-05T06:42:10.489613 INFO cli.serve: serving hello, demo\n{\"squadron_process\":1,\"host\":\"127.0.0.1\",\"port\":38553,\"token\":\"syMhCz6VpsLCmlNngFmAwvU0rnTNUUVxaYR5cKLYtC0\",\"pid\":13229,\"launch_id\":\"9b01ba4996530f83\"}"}
{"check":"back-t0-sockets","result":"port 38739\n0100007F:9753 00000000:0000 st=0A ino=84706 pid="}
{"check":"back-t0-procs","result":"11071 10718       09:43 u:r:webview_zygote:s0          webview_zygote\n13062 10718       08:57 u:r:untrusted_app:s0:c152,c256,c512,c768 com.google.android.webview:webview_service\n13195 10718       08:47 u:r:untrusted_app_27:s0:c211,c256,c512,c768 com.webui.api.demo"}
{"check":"back-t0-activity","result":""}
{"check":"back-t0-devtools","result":"[]"}
{"check":"back-t0-cgroup","result":""}
{"check":"back-t0-rootport","result":"root process port"}
{"check":"back-t0-service","result":"0"}
{"check":"back-t60-uptime","result":"1002.67"}
{"check":"back-t60-rootlog","result":"2026-10-05T06:42:09.661040 cgroup before: 4:memory:/apps 3:cpuset:/top-app 2:cpu:/top-app 1:blkio:/ 0::/\n2026-10-05T06:42:09.661144 cgroup after: 4:memory:/apps 3:cpuset:/top-app 2:cpu:/top-app 1:blkio:/ 0::/\n2026-10-05T06:42:09.750449 listening on 127.0.0.1:38739\n2026-10-05T06:50:39.810010 shutting down\n2026-10-05T06:50:39.842621 am stopservice --user 0 -n com.webui.api.demo/com.termux.api.RootHelperService: exit 255 Stopping service: Intent { cmp=com.webui.api.demo/com.termux.api.RootHelperService }\nService stopped"}
{"check":"back-t60-proclog","result":"total 16\n-rw------- 1 root root   2 2026-10-05 06:50 1791182530429346-0.exit\n-rw------- 1 root root 215 2026-10-05 06:42 1791182530429346-0.log\n== /data/adb/modules/demo/flutter_webui/run/proc/1791182530429346-0.log\n2026-10-05T06:42:10.489613 INFO cli.serve: serving hello, demo\n{\"squadron_process\":1,\"host\":\"127.0.0.1\",\"port\":38553,\"token\":\"syMhCz6VpsLCmlNngFmAwvU0rnTNUUVxaYR5cKLYtC0\",\"pid\":13229,\"launch_id\":\"9b01ba4996530f83\"}"}
{"check":"back-t60-sockets","result":"port 38739"}
{"check":"back-t60-procs","result":"11071 10718       10:38 u:r:webview_zygote:s0          webview_zygote\n13062 10718       09:52 u:r:untrusted_app:s0:c152,c256,c512,c768 com.google.android.webview:webview_service\n13195 10718       09:42 u:r:untrusted_app_27:s0:c211,c256,c512,c768 com.webui.api.demo"}
{"check":"back-t60-activity","result":""}
{"check":"back-t60-devtools","result":"[]"}
{"check":"back-t60-cgroup","result":""}
{"check":"back-t60-rootport","result":"root process port"}
{"check":"back-t60-service","result":"0"}
{"check":"back-t120-uptime","result":"1058.07"}
{"check":"back-t120-rootlog","result":"2026-10-05T06:42:09.661040 cgroup before: 4:memory:/apps 3:cpuset:/top-app 2:cpu:/top-app 1:blkio:/ 0::/\n2026-10-05T06:42:09.661144 cgroup after: 4:memory:/apps 3:cpuset:/top-app 2:cpu:/top-app 1:blkio:/ 0::/\n2026-10-05T06:42:09.750449 listening on 127.0.0.1:38739\n2026-10-05T06:50:39.810010 shutting down\n2026-10-05T06:50:39.842621 am stopservice --user 0 -n com.webui.api.demo/com.termux.api.RootHelperService: exit 255 Stopping service: Intent { cmp=com.webui.api.demo/com.termux.api.RootHelperService }\nService stopped"}
{"check":"back-t120-proclog","result":"total 16\n-rw------- 1 root root   2 2026-10-05 06:50 1791182530429346-0.exit\n-rw------- 1 root root 215 2026-10-05 06:42 1791182530429346-0.log\n== /data/adb/modules/demo/flutter_webui/run/proc/1791182530429346-0.log\n2026-10-05T06:42:10.489613 INFO cli.serve: serving hello, demo\n{\"squadron_process\":1,\"host\":\"127.0.0.1\",\"port\":38553,\"token\":\"syMhCz6VpsLCmlNngFmAwvU0rnTNUUVxaYR5cKLYtC0\",\"pid\":13229,\"launch_id\":\"9b01ba4996530f83\"}"}
{"check":"back-t120-sockets","result":"port 38739"}
{"check":"back-t120-procs","result":"11071 10718       11:34 u:r:webview_zygote:s0          webview_zygote\n13062 10718       10:48 u:r:untrusted_app:s0:c152,c256,c512,c768 com.google.android.webview:webview_service\n13195 10718       10:38 u:r:untrusted_app_27:s0:c211,c256,c512,c768 com.webui.api.demo"}
{"check":"back-t120-activity","result":""}
{"check":"back-t120-devtools","result":"[]"}
{"check":"back-t120-cgroup","result":""}
{"check":"back-t120-rootport","result":"root process port"}
{"check":"back-t120-service","result":"0"}
{"check":"back-t240-uptime","result":"1173.46"}
{"check":"back-t240-rootlog","result":"2026-10-05T06:42:09.661040 cgroup before: 4:memory:/apps 3:cpuset:/top-app 2:cpu:/top-app 1:blkio:/ 0::/\n2026-10-05T06:42:09.661144 cgroup after: 4:memory:/apps 3:cpuset:/top-app 2:cpu:/top-app 1:blkio:/ 0::/\n2026-10-05T06:42:09.750449 listening on 127.0.0.1:38739\n2026-10-05T06:50:39.810010 shutting down\n2026-10-05T06:50:39.842621 am stopservice --user 0 -n com.webui.api.demo/com.termux.api.RootHelperService: exit 255 Stopping service: Intent { cmp=com.webui.api.demo/com.termux.api.RootHelperService }\nService stopped"}
{"check":"back-t240-proclog","result":"total 16\n-rw------- 1 root root   2 2026-10-05 06:50 1791182530429346-0.exit\n-rw------- 1 root root 215 2026-10-05 06:42 1791182530429346-0.log\n== /data/adb/modules/demo/flutter_webui/run/proc/1791182530429346-0.log\n2026-10-05T06:42:10.489613 INFO cli.serve: serving hello, demo\n{\"squadron_process\":1,\"host\":\"127.0.0.1\",\"port\":38553,\"token\":\"syMhCz6VpsLCmlNngFmAwvU0rnTNUUVxaYR5cKLYtC0\",\"pid\":13229,\"launch_id\":\"9b01ba4996530f83\"}"}
{"check":"back-t240-sockets","result":"port 38739"}
{"check":"back-t240-procs","result":"11071 10718       13:29 u:r:webview_zygote:s0          webview_zygote\n13062 10718       12:43 u:r:untrusted_app:s0:c152,c256,c512,c768 com.google.android.webview:webview_service\n13195 10718       12:33 u:r:untrusted_app_27:s0:c211,c256,c512,c768 com.webui.api.demo"}
{"check":"back-t240-activity","result":""}
{"check":"back-t240-devtools","result":"[]"}
{"check":"back-t240-cgroup","result":""}
{"check":"back-t240-rootport","result":"root process port"}
{"check":"back-t240-service","result":"0"}
{"check":"exit-open","result":"opened: intent-module-id"}
{"check":"exit-places","result":{"url":"https://mui.kernelsu.org/","socket":"webview_devtools_remote_19502","value":"tapped Places at 16,572 size 288x56 role button tappable"}}
{"check":"exit-before-uptime","result":"1196.84"}
{"check":"exit-before-rootlog","result":"2026-10-05T06:54:54.380168 cgroup before: 4:memory:/apps 3:cpuset:/top-app 2:cpu:/top-app 1:blkio:/ 0::/\n2026-10-05T06:54:54.380247 cgroup after: 4:memory:/apps 3:cpuset:/top-app 2:cpu:/top-app 1:blkio:/ 0::/\n2026-10-05T06:54:54.413252 listening on 127.0.0.1:36689"}
{"check":"exit-before-proclog","result":"total 24\n-rw------- 1 root root 215 2026-10-05 06:54 1791183295197429-0.log\n-rw------- 1 root root   2 2026-10-05 06:50 1791182530429346-0.exit\n-rw------- 1 root root 215 2026-10-05 06:42 1791182530429346-0.log\n== /data/adb/modules/demo/flutter_webui/run/proc/1791183295197429-0.log\n2026-10-05T06:54:55.278699 INFO cli.serve: serving hello, demo\n{\"squadron_process\":1,\"host\":\"127.0.0.1\",\"port\":35905,\"token\":\"4XuM6YHDc8pcltjITQCZ-sGI6lCmVq7yyWMNVppLYws\",\"pid\":19696,\"launch_id\":\"710e0356538abf15\"}"}
{"check":"exit-before-sockets","result":"port 36689\n0100007F:8F51 00000000:0000 st=0A ino=1754495 pid=19641 /data/adb/modules/demo/flutter_webui/x86_64/dartaotruntime /\n0100007F:8F51 0100007F:B264 st=01 ino=1757192 pid=19641 /data/adb/modules/demo/flutter_webui/x86_64/dartaotruntime /\n0100007F:B264 0100007F:8F51 st=01 ino=1757186 pid=19502 com.dergoogler.mmrl.process.webui"}
{"check":"exit-before-procs","result":"11071 10718       15:24 u:r:webview_zygote:s0          webview_zygote\n13062 10718       14:38 u:r:untrusted_app:s0:c152,c256,c512,c768 com.google.android.webview:webview_service\n13195 10718       14:28 u:r:untrusted_app_27:s0:c211,c256,c512,c768 com.webui.api.demo\n19526 19519       01:54 u:r:ksu:s0                     com.dergoogler.mmrl.wx:root:0\n19555 11071       01:54 u:r:isolated_app:s0:c512,c768  com.google.android.webview:sandboxed_process0:org.chromium.content.app.SandboxedProcessService0:0\n19641     1       01:44 u:r:ksu:s0                     dartaotruntime /data/adb/modules/demo/flutter_webui/x86_64/flutter_webui_root.aot serve --module-dir /data/adb/modules/demo --module-id demo --ru\n19695     1       01:43 u:r:ksu:s0                     sh -c trap : TERM INT HUP USR1 USR2; exec 0</dev/null; \"$@\" >>\"$FLUTTER_WEBUI_LOG\" 2>&1; c=$?; (umask 077 && echo $c >\"$FLUTTER_WEBUI_EXIT.tmp\");\n19696 19695       01:43 u:r:ksu:s0                     dartaotruntime /data/adb/modules/demo/bin/x86_64/demo.aot serve --session-file /data/adb/modules/demo/run/demo.place.json --launch-id 710e0356538"}
{"check":"exit-before-activity","result":"topResumedActivity=ActivityRecord{a45d96d u0 com.dergoogler.mmrl.wx/.ui.webui.WebUIActivity t15}\n    * Hist  #0: ActivityRecord{a45d96d u0 com.dergoogler.mmrl.wx/.ui.webui.WebUIActivity t15}\n    Resumed: ActivityRecord{a45d96d u0 com.dergoogler.mmrl.wx/.ui.webui.WebUIActivity t15}\n  ResumedActivity: ActivityRecord{a45d96d u0 com.dergoogler.mmrl.wx/.ui.webui.WebUIActivity t15}\n  deepestLastOrientationSource=ActivityRecord{a45d96d u0 com.dergoogler.mmrl.wx/.ui.webui.WebUIActivity t15}\n  mFocusedApp=ActivityRecord{a45d96d u0 com.dergoogler.mmrl.wx/.ui.webui.WebUIActivity t15}\n        * ActivityRecord{a45d96d u0 com.dergoogler.mmrl.wx/.ui.webui.WebUIActivity t15}\n    mSystemBarColorApps={ActivityRecord{a45d96d u0 com.dergoogler.mmrl.wx/.ui.webui.WebUIActivity t15}}\n    lastActivityTime=-1m53s222ms    startUpTime=-1m53s702ms    startElapsedTime=-1m53s702ms\n    curProcState=3 mRepProcState=3 setProcState=3 lastStateTime=-1m53s663ms\n    lastActivityTime=-1m54s506ms    startUpTime=-1m54s602ms    startElapsedTime=-1m54s602ms\n    curProcState=2 mRepProcState=2 setProcState=2 lastStateTime=-1m54s575ms"}
{"check":"exit-before-devtools","result":"[\n {\n  \"socket\": \"webview_devtools_remote_19502\",\n  \"port\": 9300,\n  \"description\": \"{\\\"attached\\\":true,\\\"empty\\\":false,\\\"height\\\":640,\\\"never_attached\\\":false,\\\"screenX\\\":0,\\\"screenY\\\":0,\\\"visible\\\":true,\\\"width\\\":320}\",\n  \"devtoolsFrontendUrl\": \"https://chrome-devtools-frontend.appspot.com/serve_internal_file/@7741f71cbce3b7dfe3eb5890976d2596364b0733/inspector.html?ws=127.0.0.1:9300/devtools/page/12D76A24A179D44A5BC24762C68F4517\",\n  \"id\": \"12D76A24A179D44A5BC24762C68F4517\",\n  \"title\": \"Demo\",\n  \"type\": \"page\",\n  \"url\": \"https://mui.kernelsu.org/\",\n  \"webSocketDebuggerUrl\": \"ws://127.0.0.1:9300/devtools/page/12D76A24A179D44A5BC24762C68F4517\"\n }\n]"}
{"check":"exit-before-cgroup","result":"== pid 19641: /data/adb/modules/demo/flutter_webui/x86_64/dartaotruntime /data/adb/m\n4:memory:/apps\n3:cpuset:/top-app\n2:cpu:/top-app\n1:blkio:/\n0::/\nState:\tS (sleeping)\n/system/bin/sh: can't open /sys/fs/cgroup//cgroup.events: No such file or directory\ncgroup.freeze cat: /sys/fs/cgroup//cgroup.freeze: No such file or directory cgroup.events: \n== pid 19696: /data/adb/modules/demo/bin/x86_64/dartaotruntime /data/adb/modules/dem\n4:memory:/apps\n3:cpuset:/top-app\n2:cpu:/top-app\n1:blkio:/\n0::/\nState:\tS (sleeping)\n/system/bin/sh: can't open /sys/fs/cgroup//cgroup.events: No such file or directory\ncgroup.freeze cat: /sys/fs/cgroup//cgroup.freeze: No such file or directory cgroup.events:"}
{"check":"exit-before-rootport","result":"root process port 35905\n0100007F:8C41 00000000:0000 st=0A pid=19696 /data/adb/modules/demo/bin/x86_64/dartaotruntime /\n0100007F:CCCE 0100007F:8C41 st=01 pid=19502 com.dergoogler.mmrl.process.webui                 \n0100007F:8C41 0100007F:CCAC st=01 pid=19696 /data/adb/modules/demo/bin/x86_64/dartaotruntime /\n0100007F:8C41 0100007F:CCBE st=01 pid=19696 /data/adb/modules/demo/bin/x86_64/dartaotruntime /\n0100007F:8C41 0100007F:CCB8 st=01 pid=19696 /data/adb/modules/demo/bin/x86_64/dartaotruntime /\n0100007F:8C41 0100007F:CCCE st=01 pid=19696 /data/adb/modules/demo/bin/x86_64/dartaotruntime /\n0100007F:CCBE 0100007F:8C41 st=01 pid=19502 com.dergoogler.mmrl.process.webui                 \n0100007F:CCB8 0100007F:8C41 st=01 pid=19502 com.dergoogler.mmrl.process.webui                 \n0100007F:CCAC 0100007F:8C41 st=01 pid=19502 com.dergoogler.mmrl.process.webui"}
{"check":"exit-before-service","result":"* ServiceRecord{184ddd0 u0 com.webui.api.demo/com.termux.api.RootHelperService c:com.android.shell}\n    isForeground=true foregroundId=32363 types=0x40000000 foregroundNoti=Notification(channel=root_helper shortcut=null contentView=null vibrate=null sound=null defaults=0 flags=ONGOING_EVENT|FOREGROUND_SERVICE color=0x00000000 vis=PRIVATE)\n2"}
{"check":"exit-exit-api","result":{"url":"https://mui.kernelsu.org/","socket":"webview_devtools_remote_19502","value":"{\"ksu\":\"object\",\"exit\":\"undefined\",\"webui\":\"object\",\"webuiExit\":\"function\"}"}}
{"check":"exit-exit-call","result":{"url":"https://mui.kernelsu.org/","socket":"webview_devtools_remote_19502","value":"called"}}
{"check":"exit-closed","result":"      topResumedActivity=ActivityRecord{ae6ce6c u0 com.google.android.apps.nexuslauncher/.NexusLauncherActivity t13}"}
{"check":"exit-t0-uptime","result":"1563.58"}
{"check":"exit-t0-rootlog","result":"2026-10-05T06:54:54.380168 cgroup before: 4:memory:/apps 3:cpuset:/top-app 2:cpu:/top-app 1:blkio:/ 0::/\n2026-10-05T06:54:54.380247 cgroup after: 4:memory:/apps 3:cpuset:/top-app 2:cpu:/top-app 1:blkio:/ 0::/\n2026-10-05T06:54:54.413252 listening on 127.0.0.1:36689"}
{"check":"exit-t0-proclog","result":"total 24\n-rw------- 1 root root 215 2026-10-05 06:54 1791183295197429-0.log\n-rw------- 1 root root   2 2026-10-05 06:50 1791182530429346-0.exit\n-rw------- 1 root root 215 2026-10-05 06:42 1791182530429346-0.log\n== /data/adb/modules/demo/flutter_webui/run/proc/1791183295197429-0.log\n2026-10-05T06:54:55.278699 INFO cli.serve: serving hello, demo\n{\"squadron_process\":1,\"host\":\"127.0.0.1\",\"port\":35905,\"token\":\"4XuM6YHDc8pcltjITQCZ-sGI6lCmVq7yyWMNVppLYws\",\"pid\":19696,\"launch_id\":\"710e0356538abf15\"}"}
{"check":"exit-t0-sockets","result":"port 36689\n0100007F:8F51 00000000:0000 st=0A ino=1754495 pid="}
{"check":"exit-t0-procs","result":"11071 10718       20:33 u:r:webview_zygote:s0          webview_zygote\n13062 10718       19:47 u:r:untrusted_app:s0:c152,c256,c512,c768 com.google.android.webview:webview_service\n13195 10718       19:37 u:r:untrusted_app_27:s0:c211,c256,c512,c768 com.webui.api.demo"}
{"check":"exit-t0-activity","result":""}
{"check":"exit-t0-devtools","result":"[]"}
{"check":"exit-t0-cgroup","result":""}
{"check":"exit-t0-rootport","result":"root process port"}
{"check":"exit-t0-service","result":"0"}
{"check":"exit-t60-uptime","result":"1652.78"}
{"check":"exit-t60-rootlog","result":"2026-10-05T06:54:54.380168 cgroup before: 4:memory:/apps 3:cpuset:/top-app 2:cpu:/top-app 1:blkio:/ 0::/\n2026-10-05T06:54:54.380247 cgroup after: 4:memory:/apps 3:cpuset:/top-app 2:cpu:/top-app 1:blkio:/ 0::/\n2026-10-05T06:54:54.413252 listening on 127.0.0.1:36689\n2026-10-05T07:01:39.844239 shutting down\n2026-10-05T07:01:39.871013 am stopservice --user 0 -n com.webui.api.demo/com.termux.api.RootHelperService: exit 255 Stopping service: Intent { cmp=com.webui.api.demo/com.termux.api.RootHelperService }\nService stopped"}
{"check":"exit-t60-proclog","result":"total 32\n-rw------- 1 root root   2 2026-10-05 07:01 1791183295197429-0.exit\n-rw------- 1 root root 215 2026-10-05 06:54 1791183295197429-0.log\n-rw------- 1 root root   2 2026-10-05 06:50 1791182530429346-0.exit\n-rw------- 1 root root 215 2026-10-05 06:42 1791182530429346-0.log\n== /data/adb/modules/demo/flutter_webui/run/proc/1791183295197429-0.log\n2026-10-05T06:54:55.278699 INFO cli.serve: serving hello, demo\n{\"squadron_process\":1,\"host\":\"127.0.0.1\",\"port\":35905,\"token\":\"4XuM6YHDc8pcltjITQCZ-sGI6lCmVq7yyWMNVppLYws\",\"pid\":19696,\"launch_id\":\"710e0356538abf15\"}"}
{"check":"exit-t60-sockets","result":"port 36689"}
{"check":"exit-t60-procs","result":"11071 10718       21:28 u:r:webview_zygote:s0          webview_zygote\n13062 10718       20:42 u:r:untrusted_app:s0:c152,c256,c512,c768 com.google.android.webview:webview_service\n13195 10718       20:32 u:r:untrusted_app_27:s0:c211,c256,c512,c768 com.webui.api.demo"}
{"check":"exit-t60-activity","result":""}
{"check":"exit-t60-devtools","result":"[]"}
{"check":"exit-t60-cgroup","result":""}
{"check":"exit-t60-rootport","result":"root process port"}
{"check":"exit-t60-service","result":"0"}
{"check":"exit-t120-uptime","result":"1708.16"}
{"check":"exit-t120-rootlog","result":"2026-10-05T06:54:54.380168 cgroup before: 4:memory:/apps 3:cpuset:/top-app 2:cpu:/top-app 1:blkio:/ 0::/\n2026-10-05T06:54:54.380247 cgroup after: 4:memory:/apps 3:cpuset:/top-app 2:cpu:/top-app 1:blkio:/ 0::/\n2026-10-05T06:54:54.413252 listening on 127.0.0.1:36689\n2026-10-05T07:01:39.844239 shutting down\n2026-10-05T07:01:39.871013 am stopservice --user 0 -n com.webui.api.demo/com.termux.api.RootHelperService: exit 255 Stopping service: Intent { cmp=com.webui.api.demo/com.termux.api.RootHelperService }\nService stopped"}
{"check":"exit-t120-proclog","result":"total 32\n-rw------- 1 root root   2 2026-10-05 07:01 1791183295197429-0.exit\n-rw------- 1 root root 215 2026-10-05 06:54 1791183295197429-0.log\n-rw------- 1 root root   2 2026-10-05 06:50 1791182530429346-0.exit\n-rw------- 1 root root 215 2026-10-05 06:42 1791182530429346-0.log\n== /data/adb/modules/demo/flutter_webui/run/proc/1791183295197429-0.log\n2026-10-05T06:54:55.278699 INFO cli.serve: serving hello, demo\n{\"squadron_process\":1,\"host\":\"127.0.0.1\",\"port\":35905,\"token\":\"4XuM6YHDc8pcltjITQCZ-sGI6lCmVq7yyWMNVppLYws\",\"pid\":19696,\"launch_id\":\"710e0356538abf15\"}"}
{"check":"exit-t120-sockets","result":"port 36689"}
{"check":"exit-t120-procs","result":"11071 10718       22:24 u:r:webview_zygote:s0          webview_zygote\n13062 10718       21:38 u:r:untrusted_app:s0:c152,c256,c512,c768 com.google.android.webview:webview_service\n13195 10718       21:28 u:r:untrusted_app_27:s0:c211,c256,c512,c768 com.webui.api.demo"}
{"check":"exit-t120-activity","result":""}
{"check":"exit-t120-devtools","result":"[]"}
{"check":"exit-t120-cgroup","result":""}
{"check":"exit-t120-rootport","result":"root process port"}
{"check":"exit-t120-service","result":"0"}
{"check":"exit-t240-uptime","result":"1823.55"}
{"check":"exit-t240-rootlog","result":"2026-10-05T06:54:54.380168 cgroup before: 4:memory:/apps 3:cpuset:/top-app 2:cpu:/top-app 1:blkio:/ 0::/\n2026-10-05T06:54:54.380247 cgroup after: 4:memory:/apps 3:cpuset:/top-app 2:cpu:/top-app 1:blkio:/ 0::/\n2026-10-05T06:54:54.413252 listening on 127.0.0.1:36689\n2026-10-05T07:01:39.844239 shutting down\n2026-10-05T07:01:39.871013 am stopservice --user 0 -n com.webui.api.demo/com.termux.api.RootHelperService: exit 255 Stopping service: Intent { cmp=com.webui.api.demo/com.termux.api.RootHelperService }\nService stopped"}
{"check":"exit-t240-proclog","result":"total 32\n-rw------- 1 root root   2 2026-10-05 07:01 1791183295197429-0.exit\n-rw------- 1 root root 215 2026-10-05 06:54 1791183295197429-0.log\n-rw------- 1 root root   2 2026-10-05 06:50 1791182530429346-0.exit\n-rw------- 1 root root 215 2026-10-05 06:42 1791182530429346-0.log\n== /data/adb/modules/demo/flutter_webui/run/proc/1791183295197429-0.log\n2026-10-05T06:54:55.278699 INFO cli.serve: serving hello, demo\n{\"squadron_process\":1,\"host\":\"127.0.0.1\",\"port\":35905,\"token\":\"4XuM6YHDc8pcltjITQCZ-sGI6lCmVq7yyWMNVppLYws\",\"pid\":19696,\"launch_id\":\"710e0356538abf15\"}"}
{"check":"exit-t240-sockets","result":"port 36689"}
{"check":"exit-t240-procs","result":"11071 10718       24:19 u:r:webview_zygote:s0          webview_zygote\n13062 10718       23:33 u:r:untrusted_app:s0:c152,c256,c512,c768 com.google.android.webview:webview_service\n13195 10718       23:23 u:r:untrusted_app_27:s0:c211,c256,c512,c768 com.webui.api.demo"}
{"check":"exit-t240-activity","result":""}
{"check":"exit-t240-devtools","result":"[]"}
{"check":"exit-t240-cgroup","result":""}
{"check":"exit-t240-rootport","result":"root process port"}
{"check":"exit-t240-service","result":"0"}
