yes: standard output: Broken pipe
Auto-selecting single ABI x86_64
Do you wish to create a custom hardware profile? [no] lab.avd
lab.ini
emulator Android emulator version 37.2.12.0 (build_id 16428233) (CL:N/A)
* daemon not running; starting now at tcp:5037
* daemon started successfully
booted in 23s: google/sdk_gphone64_x86_64/emu64xa:15/AE3A.240806.043/12960925:userdebug/dev-keys
kernel 6.6.50-android15-8-g8adecb593e9b-ab12525588 -> kmi android15-6.6; tiann/KernelSU v3.3.0
total 16428
drwx------  2 runner runner     4096 Oct  3 04:10 .
drwxrwxrwt 16 root   root       4096 Oct  3 04:10 ..
-rw-r--r--  1 runner runner 10777987 Oct  3 04:10 KernelSU_v3.3.0_32601-release.apk
-rw-r--r--  1 runner runner  5713312 Oct  3 04:10 ksud-x86_64-linux-android
-rw-r--r--  1 runner runner   318824 Oct  3 04:10 lkm-x86_64-android15-6.6_kernelsu.ko
== manager installed (me.weishu.kernelsu, KernelSU_v3.3.0_32601-release.apk)
/tmp/tmp.SppNRUAIm7/lkm-x86_64-android15-6.6_kernelsu.ko: 1 file pushed, 0 skipped. 5.6 MB/s (318824 bytes in 0.054s)
/tmp/tmp.SppNRUAIm7/ksud-x86_64-linux-android: 1 file pushed, 0 skipped. 175.7 MB/s (5713312 bytes in 0.031s)
== ksud: ksud 3.3.0 (uapi: 2)
== ksud late-load: rc=0
== ksud insmod /data/adb/kernelsu.ko: Error: load module failed: /data/adb/kernelsu.ko

Caused by:
    0: init_module failed without vermagic mismatch
    1: File exists (os error 17)
rc=1
kernelsu              159744  0 
== lsmod: kernelsu              159744  1 
KernelSU_v3.3.0_32601-release.apk
ksud-aarch64-apple-darwin
ksud-aarch64-linux-android
ksud-aarch64-unknown-linux-musl
ksud-x86_64-apple-darwin
ksud-x86_64-linux-android
ksud-x86_64-pc-windows-gnu.exe
ksud-x86_64-unknown-linux-musl
ksuinit-aarch64
ksuinit-x86_64
lkm-aarch64-android12-5.10_kernelsu.ko
lkm-aarch64-android13-5.10_kernelsu.ko
lkm-aarch64-android13-5.15_kernelsu.ko
lkm-aarch64-android14-5.15_kernelsu.ko
lkm-aarch64-android14-6.1_kernelsu.ko
lkm-aarch64-android15-6.6_kernelsu.ko
lkm-aarch64-android16-6.12_kernelsu.ko
lkm-aarch64-android17-6.18_kernelsu.ko
lkm-x86_64-android12-5.10_kernelsu.ko
lkm-x86_64-android13-5.10_kernelsu.ko
lkm-x86_64-android13-5.15_kernelsu.ko
lkm-x86_64-android14-5.15_kernelsu.ko
lkm-x86_64-android14-6.1_kernelsu.ko
lkm-x86_64-android15-6.6_kernelsu.ko
lkm-x86_64-android16-6.12_kernelsu.ko
lkm-x86_64-android17-6.18_kernelsu.ko
== no metamodule asset in tiann/KernelSU v3.3.0
/home/runner/work/devicelab/devicelab/modules/probe/./: 2 files pushed, 0 skipped. 0.0 MB/s (1474 bytes in 0.043s)
== modules: [
  {
    "id": "devicelab_probe",
    "version": "1",
    "description": "Observation module for devicelab. Its WebUI page is driven over DevTools.",
    "web": "true",
    "versionCode": "1",
    "action": "false",
    "update": "false",
    "enabled": "true",
    "remove": "false",
    "name": "devicelab probe",
    "author": "p0g-stack",
    "mount": "false"
  }
]
SELinux: Loaded file context from:
		/system/etc/selinux/plat_file_contexts
		/system_ext/etc/selinux/system_ext_file_contexts
		/vendor/etc/selinux/vendor_file_contexts
== home text: text="LKM" text="Working [Jailbreak mode]" text="Version: 32601-2" text="Manager version" text="v3.3.0 (32601-2)" text="Kernel version" text="6.6.50-android15-8-g8adecb593e9b-ab12525588" text="Device model" text="Google sdk_gphone64_x86_64" text="Fingerprint" text="google/sdk_gphone64_x86_64/emu64xa:15/AE3A.240806.043/12960925:userdebug/dev-keys" text="Enforcing" text="KernelSU" text="Home" text="Superuser" text="1" text="Module" text="Settings" 
== manager activities: me.weishu.kernelsu/.magica.BootCompletedReceiver me.weishu.kernelsu/.ui.MainActivity me.weishu.kernelsu/androidx.core.content.FileProvider me.weishu.kernelsu/androidx.profileinstaller.ProfileInstallReceiver me.weishu.kernelsu/androidx.startup.InitializationProvider 
== metamodule releases backslashxx/mountify: 204 Latest 204 2026-08-25T05:14:18Z;203  203 2026-06-25T15:03:16Z;202  202 2026-06-23T03:45:32Z;
== metamodule candidate backslashxx/mountify mountify.zip: id=mountify version=v2.0.4 versionCode=204 metamodule=true 
== metamodule repo (given): backslashxx/mountify
== metamodule zip: mountify.zip sha256 dde361c444f6990b759890720487785402a391a61cf6530f960deb98e5ef864d
== metamodule module.prop: id=mountify name=mountify version=v2.0.4 versionCode=204 author=xx, KOWX712 metamodule=true description=Globally mounted modules via OverlayFS. updateJson=https://raw.githubusercontent.com/backslashxx/mountify/master/update.json 
/tmp/tmp.XBA57qGvxz/rel/mountify.zip: 1 file pushed, 0 skipped. 538.6 MB/s (554873 bytes in 0.001s)
== install mountify.zip
[H[J[|]
[H[J[\]
[H[J[+] mountify
[+] SysReq test
[+] CONFIG_OVERLAY_FS
[+] overlay found in /proc/filesystems
[+] CONFIG_TMPFS_XATTR
[+] tmpfs extended attribute test passed
[!] using fresh config.sh
[+] moving modules.txt
[+] moving whiteouts.txt
[+] mountify will be installed in metamodule mode!
- Done
- Creating metamodule symlink
- Module installed successfully!
== soft-reboot: 
== after soft-reboot (34s): [
  {
    "enabled": "true",
    "web": "true",
    "mount": "false",
    "update": "false",
    "action": "false",
    "version": "1",
    "author": "p0g-stack",
    "name": "devicelab probe",
    "id": "devicelab_probe",
    "versionCode": "1",
    "remove": "false",
    "description": "Observation module for devicelab. Its WebUI page is driven over DevTools."
  },
  {
    "update": "false",
    "description": "mode: auto 🤖 | fstype: tmpfs 🦾 | no modules mounted",
    "name": "mountify",
    "updateJson": "https://raw.githubusercontent.com/backslashxx/mountify/master/update.json",
    "remove": "false",
    "author": "xx, KOWX712",
    "web": "true",
    "metamodule": "true",
    "action": "true",
    "version": "v2.0.4",
    "id": "mountify",
    "versionCode": "204",
    "mount": "false",
    "enabled": "true"
  }
]
total 32
drwxrwxrwx 4 root root 4096 2026-10-03 04:11 .
drwx------ 6 root root 4096 2026-10-03 04:11 ..
drwxr-xr-x 3 root root 4096 2026-10-03 04:10 devicelab_probe
drwxr-xr-x 5 root root 4096 2026-10-03 04:11 mountify
== metamodule active: lrwxrwxrwx 1 root root 26 2026-10-03 04:11 /data/adb/metamodule -> /data/adb/modules/mountify id=mountify name=mountify version=v2.0.4 versionCode=204 author=xx, KOWX712 metamodule=true description=mode: auto 🤖 | fstype: tmpfs 🦾 | no modules mounted updateJson=https://raw.githubusercontent.com/backslashxx/mountify/master/update.json 
inputs/modules/flutter_webui_counter-0.1.5.zip: 1 file pushed, 0 skipped. 340.0 MB/s (21434766 bytes in 0.060s)
== install flutter_webui_counter-0.1.5.zip
  inflating: webroot/fonts/notocoloremoji/v32/Yq6P-KqIXTD0t4D9z1ESnKM3-HpFabsE4tq3luCC7p-aXxcn.3.woff2
  inflating: webroot/fonts/notocoloremoji/v32/Yq6P-KqIXTD0t4D9z1ESnKM3-HpFabsE4tq3luCC7p-aXxcn.8.woff2
  inflating: webroot/fonts/notocoloremoji/v32/Yq6P-KqIXTD0t4D9z1ESnKM3-HpFabsE4tq3luCC7p-aXxcn.2.woff2
   creating: webroot/fonts/notosansmath/
   creating: webroot/fonts/notosansmath/v15/
  inflating: webroot/fonts/notosansmath/v15/7Aump_cpkSecTWaHRlH2hyV5UHkD-V048PW0.woff2
   creating: webroot/fonts/roboto/
   creating: webroot/fonts/roboto/v32/
  inflating: webroot/fonts/roboto/v32/KFOmCnqEu92Fr1Me4GZLCzYlKw.woff2
  inflating: webroot/.last_build_id
  inflating: webroot/config.json
  inflating: webroot/flutter_webui.js
  inflating: customize.sh
- Done
- Module installed successfully!
inputs/modules/counter-v1.0.0.zip: 1 file pushed, 0 skipped. 383.6 MB/s (6582359 bytes in 0.016s)
== install counter-v1.0.0.zip
  inflating: webroot/canvaskit/chromium/canvaskit.wasm
  inflating: webroot/config.json
  inflating: webroot/favicon.png
  inflating: webroot/flutter.js
  inflating: webroot/flutter_bootstrap.js
  inflating: webroot/icons/Icon-192.png
  inflating: webroot/icons/Icon-512.png
  inflating: webroot/icons/Icon-maskable-192.png
  inflating: webroot/icons/Icon-maskable-512.png
  inflating: webroot/index.html
  inflating: webroot/main.dart.js
  inflating: webroot/manifest.json
  inflating: webroot/version.json
- Done
- Module installed successfully!
adb: error: cannot stat 'inputs/modules/demo.zip': No such file or directory
== install demo.zip
  inflating: webroot/canvaskit/chromium/canvaskit.wasm
  inflating: webroot/config.json
  inflating: webroot/favicon.png
  inflating: webroot/flutter.js
  inflating: webroot/flutter_bootstrap.js
  inflating: webroot/icons/Icon-192.png
  inflating: webroot/icons/Icon-512.png
  inflating: webroot/icons/Icon-maskable-192.png
  inflating: webroot/icons/Icon-maskable-512.png
  inflating: webroot/index.html
  inflating: webroot/main.dart.js
  inflating: webroot/manifest.json
  inflating: webroot/version.json
- Done
- Module installed successfully!
/home/runner/work/devicelab/devicelab/envdump.zip: 1 file pushed, 0 skipped. 28.8 MB/s (1766 bytes in 0.000s)
== install envdump.zip
 devicelab envdump 
 by p0g-stack 
*******************
*********************
 Powered by KernelSU 
*********************
Archive:  /data/local/tmp/m.zip
  inflating: customize.sh
- Extracting module files
Archive:  /data/local/tmp/m.zip
  inflating: module.prop
  inflating: customize.sh
- devicelab envdump: written /data/local/tmp/customize-env.txt
- Done
- Module installed successfully!
== soft-reboot: 
== after soft-reboot (34s): [
  {
    "remove": "false",
    "action": "false",
    "author": "p0g-stack",
    "name": "devicelab probe",
    "enabled": "true",
    "update": "false",
    "web": "true",
    "id": "devicelab_probe",
    "description": "Observation module for devicelab. Its WebUI page is driven over DevTools.",
    "versionCode": "1",
    "mount": "false",
    "version": "1"
  },
  {
    "description": "mode: auto 🤖 | fstype: tmpfs 🦾 | no modules mounted",
    "metamodule": "true",
    "update": "false",
    "version": "v2.0.4",
    "versionCode": "204",
    "remove": "false",
    "action": "true",
    "enabled": "true",
    "mount": "false",
    "web": "true",
    "name": "mountify",
    "id": "mountify",
    "author": "xx, KOWX712",
    "updateJson": "https://raw.githubusercontent.com/backslashxx/mountify/master/update.json"
  },
  {
    "id": "flutter_webui_counter",
    "update": "false",
    "author": "p0g-stack",
    "name": "flutter-webui Counter",
    "description": "Stock Flutter counter app on flutter-webui (devicelab bring-up build).",
    "enabled": "true",
    "web": "true",
    "remove": "false",
    "action": "false",
    "mount": "false",
    "versionCode": "6",
    "version": "0.1.5"
  },
  {
    "id": "counter",
    "update": "false",
    "remove": "false",
    "web": "true",
    "action": "false",
    "versionCode": "1",
    "mount": "false",
    "name": "Counter",
    "description": "A new Flutter project.",
    "author": "Yuv",
    "version": "v1.0.0",
    "enab
total 56
drwxrwxrwx 7 root root 4096 2026-10-03 04:12 .
drwx------ 6 root root 4096 2026-10-03 04:11 ..
drwxr-xr-x 3 root root 4096 2026-10-03 04:12 counter
drwxr-xr-x 2 root root 4096 2026-10-03 04:12 devicelab_envdump
drwxr-xr-x 3 root root 4096 2026-10-03 04:10 devicelab_probe
drwxr-xr-x 4 root root 4096 2026-10-03 04:12 flutter_webui_counter
drwxr-xr-x 5 root root 4096 2026-10-03 04:11 mountify
{"check":"back1-open","result":"opened: none"}
{"check":"back1-places","result":{"error":"no page target","sockets":[],"targets":[]}}
{"check":"back1-before-uptime","result":"243.93"}
{"check":"back1-before-rootlog","result":"tail: /data/adb/modules/demo/flutter_webui/run/root.log: No such file or directory"}
{"check":"back1-before-proclog","result":"ls: /data/adb/modules/demo/flutter_webui/run/proc: No such file or directory\n== \ntail: : No such file or directory"}
{"check":"back1-before-sockets","result":"port \n00000000000000000000000000000000:15B3 00000000000000000000000000000000:0000 st=0A ino=17516 pid=2026 /apex/com.android.adbd/bin/adbd --root_seclabel=u:r:su:s0"}
{"check":"back1-before-procs","result":"8738  8384       02:19 u:r:webview_zygote:s0          webview_zygote\n10661  8384       01:44 u:r:untrusted_app:s0:c209,c256,c512,c768 me.weishu.kernelsu"}
{"check":"back1-before-activity","result":"topResumedActivity=ActivityRecord{f41e872 u0 me.weishu.kernelsu/.ui.MainActivity t13}\n    * Hist  #0: ActivityRecord{f41e872 u0 me.weishu.kernelsu/.ui.MainActivity t13}\n    Resumed: ActivityRecord{f41e872 u0 me.weishu.kernelsu/.ui.MainActivity t13}\n  ResumedActivity: ActivityRecord{f41e872 u0 me.weishu.kernelsu/.ui.MainActivity t13}\n  deepestLastOrientationSource=ActivityRecord{f41e872 u0 me.weishu.kernelsu/.ui.MainActivity t13}\n  mFocusedApp=ActivityRecord{f41e872 u0 me.weishu.kernelsu/.ui.MainActivity t13}\n        * ActivityRecord{f41e872 u0 me.weishu.kernelsu/.ui.MainActivity t13}\n    mSystemBarColorApps={ActivityRecord{f41e872 u0 me.weishu.kernelsu/.ui.MainActivity t13}}\n    lastActivityTime=-1m25s530ms    startUpTime=-1m43s963ms    startElapsedTime=-1m43s963ms\n    curProcState=2 mRepProcState=2 setProcState=2 lastStateTime=-1m25s534ms"}
{"check":"back1-before-devtools","result":"[]"}
{"check":"back1-before-cgroup","result":"== pid 10661: me.weishu.kernelsu                                                    \n4:memory:/\n3:cpuset:/top-app\n2:cpu:/top-app\n1:blkio:/\n0::/uid_10209/pid_10661\nState:\tS (sleeping)\ncgroup.freeze 0 cgroup.events: populated 1 frozen 0"}
{"check":"back1-before-rootport","result":"root process port"}
{"check":"back1-before-service","result":"0"}
{"check":"back1-closed","result":"after 1 Back:     topResumedActivity=ActivityRecord{f41e872 u0 me.weishu.kernelsu/.ui.MainActivity t13}"}
{"check":"back1-t0-uptime","result":"257.40"}
{"check":"back1-t0-rootlog","result":"tail: /data/adb/modules/demo/flutter_webui/run/root.log: No such file or directory"}
{"check":"back1-t0-proclog","result":"ls: /data/adb/modules/demo/flutter_webui/run/proc: No such file or directory\n== \ntail: : No such file or directory"}
{"check":"back1-t0-sockets","result":"port \n00000000000000000000000000000000:15B3 00000000000000000000000000000000:0000 st=0A ino=17516 pid=2026 /apex/com.android.adbd/bin/adbd --root_seclabel=u:r:su:s0"}
{"check":"back1-t0-procs","result":"8738  8384       02:32 u:r:webview_zygote:s0          webview_zygote\n10661  8384       01:57 u:r:untrusted_app:s0:c209,c256,c512,c768 me.weishu.kernelsu"}
{"check":"back1-t0-activity","result":"topResumedActivity=ActivityRecord{f41e872 u0 me.weishu.kernelsu/.ui.MainActivity t13}\n    * Hist  #0: ActivityRecord{f41e872 u0 me.weishu.kernelsu/.ui.MainActivity t13}\n    Resumed: ActivityRecord{f41e872 u0 me.weishu.kernelsu/.ui.MainActivity t13}\n  ResumedActivity: ActivityRecord{f41e872 u0 me.weishu.kernelsu/.ui.MainActivity t13}\n  deepestLastOrientationSource=ActivityRecord{f41e872 u0 me.weishu.kernelsu/.ui.MainActivity t13}\n  mFocusedApp=ActivityRecord{f41e872 u0 me.weishu.kernelsu/.ui.MainActivity t13}\n        * ActivityRecord{f41e872 u0 me.weishu.kernelsu/.ui.MainActivity t13}\n    mSystemBarColorApps={ActivityRecord{f41e872 u0 me.weishu.kernelsu/.ui.MainActivity t13}}\n    lastActivityTime=-1m38s935ms    startUpTime=-1m57s368ms    startElapsedTime=-1m57s368ms\n    curProcState=2 mRepProcState=2 setProcState=2 lastStateTime=-1m38s939ms"}
{"check":"back1-t0-devtools","result":"[]"}
{"check":"back1-t0-cgroup","result":"== pid 10661: me.weishu.kernelsu                                                    \n4:memory:/\n3:cpuset:/top-app\n2:cpu:/top-app\n1:blkio:/\n0::/uid_10209/pid_10661\nState:\tS (sleeping)\ncgroup.freeze 0 cgroup.events: populated 1 frozen 0"}
{"check":"back1-t0-rootport","result":"root process port"}
{"check":"back1-t0-service","result":"0"}
{"check":"back1-t60-uptime","result":"323.14"}
{"check":"back1-t60-rootlog","result":"tail: /data/adb/modules/demo/flutter_webui/run/root.log: No such file or directory"}
{"check":"back1-t60-proclog","result":"ls: /data/adb/modules/demo/flutter_webui/run/proc: No such file or directory\n== \ntail: : No such file or directory"}
{"check":"back1-t60-sockets","result":"port \n00000000000000000000000000000000:15B3 00000000000000000000000000000000:0000 st=0A ino=17516 pid=2026 /apex/com.android.adbd/bin/adbd --root_seclabel=u:r:su:s0"}
{"check":"back1-t60-procs","result":"8738  8384       03:38 u:r:webview_zygote:s0          webview_zygote\n10661  8384       03:03 u:r:untrusted_app:s0:c209,c256,c512,c768 me.weishu.kernelsu"}
{"check":"back1-t60-activity","result":"topResumedActivity=ActivityRecord{f41e872 u0 me.weishu.kernelsu/.ui.MainActivity t13}\n    * Hist  #0: ActivityRecord{f41e872 u0 me.weishu.kernelsu/.ui.MainActivity t13}\n    Resumed: ActivityRecord{f41e872 u0 me.weishu.kernelsu/.ui.MainActivity t13}\n  ResumedActivity: ActivityRecord{f41e872 u0 me.weishu.kernelsu/.ui.MainActivity t13}\n  deepestLastOrientationSource=ActivityRecord{f41e872 u0 me.weishu.kernelsu/.ui.MainActivity t13}\n  mFocusedApp=ActivityRecord{f41e872 u0 me.weishu.kernelsu/.ui.MainActivity t13}\n        * ActivityRecord{f41e872 u0 me.weishu.kernelsu/.ui.MainActivity t13}\n    mSystemBarColorApps={ActivityRecord{f41e872 u0 me.weishu.kernelsu/.ui.MainActivity t13}}\n    lastActivityTime=-2m44s428ms    startUpTime=-3m2s861ms    startElapsedTime=-3m2s861ms\n    curProcState=2 mRepProcState=2 setProcState=2 lastStateTime=-2m44s432ms"}
{"check":"back1-t60-devtools","result":"[]"}
{"check":"back1-t60-cgroup","result":"== pid 10661: me.weishu.kernelsu                                                    \n4:memory:/\n3:cpuset:/top-app\n2:cpu:/top-app\n1:blkio:/\n0::/uid_10209/pid_10661\nState:\tS (sleeping)\ncgroup.freeze 0 cgroup.events: populated 1 frozen 0"}
{"check":"back1-t60-rootport","result":"root process port"}
{"check":"back1-t60-service","result":"0"}
{"check":"back1-t120-uptime","result":"388.66"}
{"check":"back1-t120-rootlog","result":"tail: /data/adb/modules/demo/flutter_webui/run/root.log: No such file or directory"}
{"check":"back1-t120-proclog","result":"ls: /data/adb/modules/demo/flutter_webui/run/proc: No such file or directory\n== \ntail: : No such file or directory"}
{"check":"back1-t120-sockets","result":"port \n00000000000000000000000000000000:15B3 00000000000000000000000000000000:0000 st=0A ino=17516 pid=2026 /apex/com.android.adbd/bin/adbd --root_seclabel=u:r:su:s0"}
{"check":"back1-t120-procs","result":"8738  8384       04:43 u:r:webview_zygote:s0          webview_zygote\n10661  8384       04:08 u:r:untrusted_app:s0:c209,c256,c512,c768 me.weishu.kernelsu"}
{"check":"back1-t120-activity","result":"topResumedActivity=ActivityRecord{f41e872 u0 me.weishu.kernelsu/.ui.MainActivity t13}\n    * Hist  #0: ActivityRecord{f41e872 u0 me.weishu.kernelsu/.ui.MainActivity t13}\n    Resumed: ActivityRecord{f41e872 u0 me.weishu.kernelsu/.ui.MainActivity t13}\n  ResumedActivity: ActivityRecord{f41e872 u0 me.weishu.kernelsu/.ui.MainActivity t13}\n  deepestLastOrientationSource=ActivityRecord{f41e872 u0 me.weishu.kernelsu/.ui.MainActivity t13}\n  mFocusedApp=ActivityRecord{f41e872 u0 me.weishu.kernelsu/.ui.MainActivity t13}\n        * ActivityRecord{f41e872 u0 me.weishu.kernelsu/.ui.MainActivity t13}\n    mSystemBarColorApps={ActivityRecord{f41e872 u0 me.weishu.kernelsu/.ui.MainActivity t13}}\n    lastActivityTime=-3m49s964ms    startUpTime=-4m8s397ms    startElapsedTime=-4m8s397ms\n    curProcState=2 mRepProcState=2 setProcState=2 lastStateTime=-3m49s968ms"}
{"check":"back1-t120-devtools","result":"[]"}
{"check":"back1-t120-cgroup","result":"== pid 10661: me.weishu.kernelsu                                                    \n4:memory:/\n3:cpuset:/top-app\n2:cpu:/top-app\n1:blkio:/\n0::/uid_10209/pid_10661\nState:\tS (sleeping)\ncgroup.freeze 0 cgroup.events: populated 1 frozen 0"}
{"check":"back1-t120-rootport","result":"root process port"}
{"check":"back1-t120-service","result":"0"}
{"check":"back1-t240-uptime","result":"514.15"}
{"check":"back1-t240-rootlog","result":"tail: /data/adb/modules/demo/flutter_webui/run/root.log: No such file or directory"}
{"check":"back1-t240-proclog","result":"ls: /data/adb/modules/demo/flutter_webui/run/proc: No such file or directory\n== \ntail: : No such file or directory"}
{"check":"back1-t240-sockets","result":"port \n00000000000000000000000000000000:15B3 00000000000000000000000000000000:0000 st=0A ino=17516 pid=2026 /apex/com.android.adbd/bin/adbd --root_seclabel=u:r:su:s0"}
{"check":"back1-t240-procs","result":"8738  8384       06:48 u:r:webview_zygote:s0          webview_zygote\n10661  8384       06:13 u:r:untrusted_app:s0:c209,c256,c512,c768 me.weishu.kernelsu"}
{"check":"back1-t240-activity","result":"topResumedActivity=ActivityRecord{f41e872 u0 me.weishu.kernelsu/.ui.MainActivity t13}\n    * Hist  #0: ActivityRecord{f41e872 u0 me.weishu.kernelsu/.ui.MainActivity t13}\n    Resumed: ActivityRecord{f41e872 u0 me.weishu.kernelsu/.ui.MainActivity t13}\n  ResumedActivity: ActivityRecord{f41e872 u0 me.weishu.kernelsu/.ui.MainActivity t13}\n  deepestLastOrientationSource=ActivityRecord{f41e872 u0 me.weishu.kernelsu/.ui.MainActivity t13}\n  mFocusedApp=ActivityRecord{f41e872 u0 me.weishu.kernelsu/.ui.MainActivity t13}\n        * ActivityRecord{f41e872 u0 me.weishu.kernelsu/.ui.MainActivity t13}\n    mSystemBarColorApps={ActivityRecord{f41e872 u0 me.weishu.kernelsu/.ui.MainActivity t13}}\n    lastActivityTime=-5m54s872ms    startUpTime=-6m13s305ms    startElapsedTime=-6m13s305ms\n    curProcState=2 mRepProcState=2 setProcState=2 lastStateTime=-5m54s876ms"}
{"check":"back1-t240-devtools","result":"[]"}
{"check":"back1-t240-cgroup","result":"== pid 10661: me.weishu.kernelsu                                                    \n4:memory:/\n3:cpuset:/top-app\n2:cpu:/top-app\n1:blkio:/\n0::/uid_10209/pid_10661\nState:\tS (sleeping)\ncgroup.freeze 0 cgroup.events: populated 1 frozen 0"}
{"check":"back1-t240-rootport","result":"root process port"}
{"check":"back1-t240-service","result":"0"}
{"check":"sleep1-open","result":"opened: none"}
{"check":"sleep1-places","result":{"error":"no page target","sockets":[],"targets":[]}}
{"check":"sleep1-before-uptime","result":"616.73"}
{"check":"sleep1-before-rootlog","result":"tail: /data/adb/modules/demo/flutter_webui/run/root.log: No such file or directory"}
{"check":"sleep1-before-proclog","result":"ls: /data/adb/modules/demo/flutter_webui/run/proc: No such file or directory\n== \ntail: : No such file or directory"}
{"check":"sleep1-before-sockets","result":"port \n00000000000000000000000000000000:15B3 00000000000000000000000000000000:0000 st=0A ino=17516 pid=2026 /apex/com.android.adbd/bin/adbd --root_seclabel=u:r:su:s0"}
{"check":"sleep1-before-procs","result":"8738  8384       08:30 u:r:webview_zygote:s0          webview_zygote\n21225  8384       01:41 u:r:untrusted_app:s0:c209,c256,c512,c768 me.weishu.kernelsu"}
{"check":"sleep1-before-activity","result":"topResumedActivity=ActivityRecord{8217e u0 me.weishu.kernelsu/.ui.MainActivity t16}\n    * Hist  #0: ActivityRecord{8217e u0 me.weishu.kernelsu/.ui.MainActivity t16}\n    Resumed: ActivityRecord{8217e u0 me.weishu.kernelsu/.ui.MainActivity t16}\n  ResumedActivity: ActivityRecord{8217e u0 me.weishu.kernelsu/.ui.MainActivity t16}\n  deepestLastOrientationSource=ActivityRecord{8217e u0 me.weishu.kernelsu/.ui.MainActivity t16}\n  mFocusedApp=ActivityRecord{8217e u0 me.weishu.kernelsu/.ui.MainActivity t16}\n        * ActivityRecord{8217e u0 me.weishu.kernelsu/.ui.MainActivity t16}\n    mSystemBarColorApps={ActivityRecord{8217e u0 me.weishu.kernelsu/.ui.MainActivity t16}}\n    lastActivityTime=-1m23s510ms    startUpTime=-1m41s541ms    startElapsedTime=-1m41s541ms\n    curProcState=2 mRepProcState=2 setProcState=2 lastStateTime=-1m23s514ms"}
{"check":"sleep1-before-devtools","result":"[]"}
{"check":"sleep1-before-cgroup","result":"== pid 21225: me.weishu.kernelsu                                                    \n4:memory:/\n3:cpuset:/top-app\n2:cpu:/top-app\n1:blkio:/\n0::/uid_10209/pid_21225\nState:\tS (sleeping)\ncgroup.freeze 0 cgroup.events: populated 1 frozen 0"}
{"check":"sleep1-before-rootport","result":"root process port"}
{"check":"sleep1-before-service","result":"0"}
{"check":"sleep1-closed","result":"after 1 Back:     topResumedActivity=ActivityRecord{8217e u0 me.weishu.kernelsu/.ui.MainActivity t16}"}
{"check":"sleep1-screen","result":"off"}
{"check":"sleep1-t0-uptime","result":"628.82"}
{"check":"sleep1-t0-rootlog","result":"tail: /data/adb/modules/demo/flutter_webui/run/root.log: No such file or directory"}
{"check":"sleep1-t0-proclog","result":"ls: /data/adb/modules/demo/flutter_webui/run/proc: No such file or directory\n== \ntail: : No such file or directory"}
{"check":"sleep1-t0-sockets","result":"port \n00000000000000000000000000000000:15B3 00000000000000000000000000000000:0000 st=0A ino=17516 pid=2026 /apex/com.android.adbd/bin/adbd --root_seclabel=u:r:su:s0"}
{"check":"sleep1-t0-procs","result":"8738  8384       08:42 u:r:webview_zygote:s0          webview_zygote\n21225  8384       01:53 u:r:untrusted_app:s0:c209,c256,c512,c768 me.weishu.kernelsu"}
{"check":"sleep1-t0-activity","result":"mLastPausedActivity: ActivityRecord{8217e u0 me.weishu.kernelsu/.ui.MainActivity t16}\n    * Hist  #0: ActivityRecord{8217e u0 me.weishu.kernelsu/.ui.MainActivity t16}\n    Resumed: ActivityRecord{8217e u0 me.weishu.kernelsu/.ui.MainActivity t16}\n  ResumedActivity: ActivityRecord{8217e u0 me.weishu.kernelsu/.ui.MainActivity t16}\n  mFocusedApp=ActivityRecord{8217e u0 me.weishu.kernelsu/.ui.MainActivity t16}\n        * ActivityRecord{8217e u0 me.weishu.kernelsu/.ui.MainActivity t16}\n    lastActivityTime=-1m35s573ms    startUpTime=-1m53s604ms    startElapsedTime=-1m53s604ms\n    curProcState=12 mRepProcState=12 setProcState=12 lastStateTime=-1m35s577ms"}
{"check":"sleep1-t0-devtools","result":"[]"}
{"check":"sleep1-t0-cgroup","result":"== pid 21225: me.weishu.kernelsu                                                    \n4:memory:/\n3:cpuset:/background\n2:cpu:/background\n1:blkio:/background\n0::/uid_10209/pid_21225\nState:\tS (sleeping)\ncgroup.freeze 0 cgroup.events: populated 1 frozen 0"}
{"check":"sleep1-t0-rootport","result":"root process port"}
{"check":"sleep1-t0-service","result":"0"}
{"check":"sleep1-t60-uptime","result":"693.08"}
{"check":"sleep1-t60-rootlog","result":"tail: /data/adb/modules/demo/flutter_webui/run/root.log: No such file or directory"}
{"check":"sleep1-t60-proclog","result":"ls: /data/adb/modules/demo/flutter_webui/run/proc: No such file or directory\n== \ntail: : No such file or directory"}
{"check":"sleep1-t60-sockets","result":"port \n00000000000000000000000000000000:15B3 00000000000000000000000000000000:0000 st=0A ino=17516 pid=2026 /apex/com.android.adbd/bin/adbd --root_seclabel=u:r:su:s0"}
{"check":"sleep1-t60-procs","result":"8738  8384       09:47 u:r:webview_zygote:s0          webview_zygote\n21225  8384       02:58 u:r:untrusted_app:s0:c209,c256,c512,c768 me.weishu.kernelsu"}
{"check":"sleep1-t60-activity","result":"mLastPausedActivity: ActivityRecord{8217e u0 me.weishu.kernelsu/.ui.MainActivity t16}\n    * Hist  #0: ActivityRecord{8217e u0 me.weishu.kernelsu/.ui.MainActivity t16}\n    Resumed: ActivityRecord{8217e u0 me.weishu.kernelsu/.ui.MainActivity t16}\n  ResumedActivity: ActivityRecord{8217e u0 me.weishu.kernelsu/.ui.MainActivity t16}\n  mFocusedApp=ActivityRecord{8217e u0 me.weishu.kernelsu/.ui.MainActivity t16}\n        * ActivityRecord{8217e u0 me.weishu.kernelsu/.ui.MainActivity t16}\n    lastActivityTime=-2m39s770ms    startUpTime=-2m57s801ms    startElapsedTime=-2m57s801ms\n    curProcState=12 mRepProcState=12 setProcState=12 lastStateTime=-2m39s774ms"}
{"check":"sleep1-t60-devtools","result":"[]"}
{"check":"sleep1-t60-cgroup","result":"== pid 21225: me.weishu.kernelsu                                                    \n4:memory:/\n3:cpuset:/background\n2:cpu:/background\n1:blkio:/background\n0::/uid_10209/pid_21225\nState:\tS (sleeping)\ncgroup.freeze 0 cgroup.events: populated 1 frozen 0"}
{"check":"sleep1-t60-rootport","result":"root process port"}
{"check":"sleep1-t60-service","result":"0"}
{"check":"sleep1-t120-uptime","result":"757.29"}
{"check":"sleep1-t120-rootlog","result":"tail: /data/adb/modules/demo/flutter_webui/run/root.log: No such file or directory"}
{"check":"sleep1-t120-proclog","result":"ls: /data/adb/modules/demo/flutter_webui/run/proc: No such file or directory\n== \ntail: : No such file or directory"}
{"check":"sleep1-t120-sockets","result":"port \n00000000000000000000000000000000:15B3 00000000000000000000000000000000:0000 st=0A ino=17516 pid=2026 /apex/com.android.adbd/bin/adbd --root_seclabel=u:r:su:s0"}
{"check":"sleep1-t120-procs","result":"8738  8384       10:46 u:r:webview_zygote:s0          webview_zygote\n21225  8384       03:57 u:r:untrusted_app:s0:c209,c256,c512,c768 me.weishu.kernelsu"}
{"check":"sleep1-t120-activity","result":"mLastPausedActivity: ActivityRecord{8217e u0 me.weishu.kernelsu/.ui.MainActivity t16}\n    * Hist  #0: ActivityRecord{8217e u0 me.weishu.kernelsu/.ui.MainActivity t16}\n    Resumed: ActivityRecord{8217e u0 me.weishu.kernelsu/.ui.MainActivity t16}\n  ResumedActivity: ActivityRecord{8217e u0 me.weishu.kernelsu/.ui.MainActivity t16}\n  mFocusedApp=ActivityRecord{8217e u0 me.weishu.kernelsu/.ui.MainActivity t16}\n        * ActivityRecord{8217e u0 me.weishu.kernelsu/.ui.MainActivity t16}\n    lastActivityTime=-3m39s428ms    startUpTime=-3m57s459ms    startElapsedTime=-3m57s459ms\n    curProcState=12 mRepProcState=12 setProcState=12 lastStateTime=-3m39s432ms"}
{"check":"sleep1-t120-devtools","result":"[]"}
{"check":"sleep1-t120-cgroup","result":"== pid 21225: me.weishu.kernelsu                                                    \n4:memory:/\n3:cpuset:/background\n2:cpu:/background\n1:blkio:/background\n0::/uid_10209/pid_21225\nState:\tS (sleeping)\ncgroup.freeze 0 cgroup.events: populated 1 frozen 0"}
{"check":"sleep1-t120-rootport","result":"root process port"}
{"check":"sleep1-t120-service","result":"0"}
{"check":"sleep1-t240-uptime","result":"876.93"}
{"check":"sleep1-t240-rootlog","result":"tail: /data/adb/modules/demo/flutter_webui/run/root.log: No such file or directory"}
{"check":"sleep1-t240-proclog","result":"ls: /data/adb/modules/demo/flutter_webui/run/proc: No such file or directory\n== \ntail: : No such file or directory"}
{"check":"sleep1-t240-sockets","result":"port \n00000000000000000000000000000000:15B3 00000000000000000000000000000000:0000 st=0A ino=17516 pid=2026 /apex/com.android.adbd/bin/adbd --root_seclabel=u:r:su:s0"}
{"check":"sleep1-t240-procs","result":"8738  8384       12:46 u:r:webview_zygote:s0          webview_zygote\n21225  8384       05:57 u:r:untrusted_app:s0:c209,c256,c512,c768 me.weishu.kernelsu"}
{"check":"sleep1-t240-activity","result":"mLastPausedActivity: ActivityRecord{8217e u0 me.weishu.kernelsu/.ui.MainActivity t16}\n    * Hist  #0: ActivityRecord{8217e u0 me.weishu.kernelsu/.ui.MainActivity t16}\n    Resumed: ActivityRecord{8217e u0 me.weishu.kernelsu/.ui.MainActivity t16}\n  ResumedActivity: ActivityRecord{8217e u0 me.weishu.kernelsu/.ui.MainActivity t16}\n  mFocusedApp=ActivityRecord{8217e u0 me.weishu.kernelsu/.ui.MainActivity t16}\n        * ActivityRecord{8217e u0 me.weishu.kernelsu/.ui.MainActivity t16}\n    lastActivityTime=-5m39s173ms    startUpTime=-5m57s204ms    startElapsedTime=-5m57s204ms\n    curProcState=12 mRepProcState=12 setProcState=12 lastStateTime=-5m39s177ms"}
{"check":"sleep1-t240-devtools","result":"[]"}
{"check":"sleep1-t240-cgroup","result":"== pid 21225: me.weishu.kernelsu                                                    \n4:memory:/\n3:cpuset:/background\n2:cpu:/background\n1:blkio:/background\n0::/uid_10209/pid_21225\nState:\tS (sleeping)\ncgroup.freeze 0 cgroup.events: populated 1 frozen 0"}
{"check":"sleep1-t240-rootport","result":"root process port"}
{"check":"sleep1-t240-service","result":"0"}
{"check":"back2-open","result":"opened: none"}
{"check":"back2-places","result":{"error":"no page target","sockets":[],"targets":[]}}
{"check":"back2-before-uptime","result":"977.48"}
{"check":"back2-before-rootlog","result":"tail: /data/adb/modules/demo/flutter_webui/run/root.log: No such file or directory"}
{"check":"back2-before-proclog","result":"ls: /data/adb/modules/demo/flutter_webui/run/proc: No such file or directory\n== \ntail: : No such file or directory"}
{"check":"back2-before-sockets","result":"port \n00000000000000000000000000000000:15B3 00000000000000000000000000000000:0000 st=0A ino=17516 pid=2026 /apex/com.android.adbd/bin/adbd --root_seclabel=u:r:su:s0"}
{"check":"back2-before-procs","result":"8738  8384       14:27 u:r:webview_zygote:s0          webview_zygote\n29124  8384       01:38 u:r:untrusted_app:s0:c209,c256,c512,c768 me.weishu.kernelsu"}
{"check":"back2-before-activity","result":"topResumedActivity=ActivityRecord{ab87a49 u0 me.weishu.kernelsu/.ui.MainActivity t19}\n    * Hist  #0: ActivityRecord{ab87a49 u0 me.weishu.kernelsu/.ui.MainActivity t19}\n    Resumed: ActivityRecord{ab87a49 u0 me.weishu.kernelsu/.ui.MainActivity t19}\n  ResumedActivity: ActivityRecord{ab87a49 u0 me.weishu.kernelsu/.ui.MainActivity t19}\n  deepestLastOrientationSource=ActivityRecord{ab87a49 u0 me.weishu.kernelsu/.ui.MainActivity t19}\n  mFocusedApp=ActivityRecord{ab87a49 u0 me.weishu.kernelsu/.ui.MainActivity t19}\n        * ActivityRecord{ab87a49 u0 me.weishu.kernelsu/.ui.MainActivity t19}\n    mSystemBarColorApps={ActivityRecord{ab87a49 u0 me.weishu.kernelsu/.ui.MainActivity t19}}\n    lastActivityTime=-1m19s273ms    startUpTime=-1m37s276ms    startElapsedTime=-1m37s276ms\n    curProcState=2 mRepProcState=2 setProcState=2 lastStateTime=-1m19s274ms"}
{"check":"back2-before-devtools","result":"[]"}
{"check":"back2-before-cgroup","result":"== pid 29124: me.weishu.kernelsu                                                    \n4:memory:/\n3:cpuset:/top-app\n2:cpu:/top-app\n1:blkio:/\n0::/uid_10209/pid_29124\nState:\tS (sleeping)\ncgroup.freeze 0 cgroup.events: populated 1 frozen 0"}
{"check":"back2-before-rootport","result":"root process port"}
{"check":"back2-before-service","result":"0"}
{"check":"back2-closed","result":"after 1 Back:     topResumedActivity=ActivityRecord{ab87a49 u0 me.weishu.kernelsu/.ui.MainActivity t19}"}
{"check":"back2-t0-uptime","result":"985.11"}
{"check":"back2-t0-rootlog","result":"tail: /data/adb/modules/demo/flutter_webui/run/root.log: No such file or directory"}
{"check":"back2-t0-proclog","result":"ls: /data/adb/modules/demo/flutter_webui/run/proc: No such file or directory\n== \ntail: : No such file or directory"}
{"check":"back2-t0-sockets","result":"port \n00000000000000000000000000000000:15B3 00000000000000000000000000000000:0000 st=0A ino=17516 pid=2026 /apex/com.android.adbd/bin/adbd --root_seclabel=u:r:su:s0"}
{"check":"back2-t0-procs","result":"8738  8384       14:35 u:r:webview_zygote:s0          webview_zygote\n29124  8384       01:46 u:r:untrusted_app:s0:c209,c256,c512,c768 me.weishu.kernelsu"}
{"check":"back2-t0-activity","result":"topResumedActivity=ActivityRecord{ab87a49 u0 me.weishu.kernelsu/.ui.MainActivity t19}\n    * Hist  #0: ActivityRecord{ab87a49 u0 me.weishu.kernelsu/.ui.MainActivity t19}\n    Resumed: ActivityRecord{ab87a49 u0 me.weishu.kernelsu/.ui.MainActivity t19}\n  ResumedActivity: ActivityRecord{ab87a49 u0 me.weishu.kernelsu/.ui.MainActivity t19}\n  deepestLastOrientationSource=ActivityRecord{ab87a49 u0 me.weishu.kernelsu/.ui.MainActivity t19}\n  mFocusedApp=ActivityRecord{ab87a49 u0 me.weishu.kernelsu/.ui.MainActivity t19}\n        * ActivityRecord{ab87a49 u0 me.weishu.kernelsu/.ui.MainActivity t19}\n    mSystemBarColorApps={ActivityRecord{ab87a49 u0 me.weishu.kernelsu/.ui.MainActivity t19}}\n    lastActivityTime=-1m27s152ms    startUpTime=-1m45s155ms    startElapsedTime=-1m45s155ms\n    curProcState=2 mRepProcState=2 setProcState=2 lastStateTime=-1m27s153ms"}
{"check":"back2-t0-devtools","result":"[]"}
{"check":"back2-t0-cgroup","result":"== pid 29124: me.weishu.kernelsu                                                    \n4:memory:/\n3:cpuset:/top-app\n2:cpu:/top-app\n1:blkio:/\n0::/uid_10209/pid_29124\nState:\tS (sleeping)\ncgroup.freeze 0 cgroup.events: populated 1 frozen 0"}
{"check":"back2-t0-rootport","result":"root process port"}
{"check":"back2-t0-service","result":"0"}
{"check":"back2-t60-uptime","result":"1045.29"}
{"check":"back2-t60-rootlog","result":"tail: /data/adb/modules/demo/flutter_webui/run/root.log: No such file or directory"}
{"check":"back2-t60-proclog","result":"ls: /data/adb/modules/demo/flutter_webui/run/proc: No such file or directory\n== \ntail: : No such file or directory"}
{"check":"back2-t60-sockets","result":"port \n00000000000000000000000000000000:15B3 00000000000000000000000000000000:0000 st=0A ino=17516 pid=2026 /apex/com.android.adbd/bin/adbd --root_seclabel=u:r:su:s0"}
{"check":"back2-t60-procs","result":"8738  8384       15:34 u:r:webview_zygote:s0          webview_zygote\n29124  8384       02:45 u:r:untrusted_app:s0:c209,c256,c512,c768 me.weishu.kernelsu"}
{"check":"back2-t60-activity","result":"topResumedActivity=ActivityRecord{ab87a49 u0 me.weishu.kernelsu/.ui.MainActivity t19}\n    * Hist  #0: ActivityRecord{ab87a49 u0 me.weishu.kernelsu/.ui.MainActivity t19}\n    Resumed: ActivityRecord{ab87a49 u0 me.weishu.kernelsu/.ui.MainActivity t19}\n  ResumedActivity: ActivityRecord{ab87a49 u0 me.weishu.kernelsu/.ui.MainActivity t19}\n  deepestLastOrientationSource=ActivityRecord{ab87a49 u0 me.weishu.kernelsu/.ui.MainActivity t19}\n  mFocusedApp=ActivityRecord{ab87a49 u0 me.weishu.kernelsu/.ui.MainActivity t19}\n        * ActivityRecord{ab87a49 u0 me.weishu.kernelsu/.ui.MainActivity t19}\n    mSystemBarColorApps={ActivityRecord{ab87a49 u0 me.weishu.kernelsu/.ui.MainActivity t19}}\n    lastActivityTime=-2m27s60ms    startUpTime=-2m45s63ms    startElapsedTime=-2m45s63ms\n    curProcState=2 mRepProcState=2 setProcState=2 lastStateTime=-2m27s61ms"}
{"check":"back2-t60-devtools","result":"[]"}
{"check":"back2-t60-cgroup","result":"== pid 29124: me.weishu.kernelsu                                                    \n4:memory:/\n3:cpuset:/top-app\n2:cpu:/top-app\n1:blkio:/\n0::/uid_10209/pid_29124\nState:\tS (sleeping)\ncgroup.freeze 0 cgroup.events: populated 1 frozen 0"}
{"check":"back2-t60-rootport","result":"root process port"}
{"check":"back2-t60-service","result":"0"}
{"check":"back2-t120-uptime","result":"1105.21"}
{"check":"back2-t120-rootlog","result":"tail: /data/adb/modules/demo/flutter_webui/run/root.log: No such file or directory"}
{"check":"back2-t120-proclog","result":"ls: /data/adb/modules/demo/flutter_webui/run/proc: No such file or directory\n== \ntail: : No such file or directory"}
{"check":"back2-t120-sockets","result":"port \n00000000000000000000000000000000:15B3 00000000000000000000000000000000:0000 st=0A ino=17516 pid=2026 /apex/com.android.adbd/bin/adbd --root_seclabel=u:r:su:s0"}
{"check":"back2-t120-procs","result":"8738  8384       16:34 u:r:webview_zygote:s0          webview_zygote\n29124  8384       03:45 u:r:untrusted_app:s0:c209,c256,c512,c768 me.weishu.kernelsu"}
{"check":"back2-t120-activity","result":"topResumedActivity=ActivityRecord{ab87a49 u0 me.weishu.kernelsu/.ui.MainActivity t19}\n    * Hist  #0: ActivityRecord{ab87a49 u0 me.weishu.kernelsu/.ui.MainActivity t19}\n    Resumed: ActivityRecord{ab87a49 u0 me.weishu.kernelsu/.ui.MainActivity t19}\n  ResumedActivity: ActivityRecord{ab87a49 u0 me.weishu.kernelsu/.ui.MainActivity t19}\n  deepestLastOrientationSource=ActivityRecord{ab87a49 u0 me.weishu.kernelsu/.ui.MainActivity t19}\n  mFocusedApp=ActivityRecord{ab87a49 u0 me.weishu.kernelsu/.ui.MainActivity t19}\n        * ActivityRecord{ab87a49 u0 me.weishu.kernelsu/.ui.MainActivity t19}\n    mSystemBarColorApps={ActivityRecord{ab87a49 u0 me.weishu.kernelsu/.ui.MainActivity t19}}\n    lastActivityTime=-3m26s951ms    startUpTime=-3m44s954ms    startElapsedTime=-3m44s954ms\n    curProcState=2 mRepProcState=2 setProcState=2 lastStateTime=-3m26s952ms"}
{"check":"back2-t120-devtools","result":"[]"}
{"check":"back2-t120-cgroup","result":"== pid 29124: me.weishu.kernelsu                                                    \n4:memory:/\n3:cpuset:/top-app\n2:cpu:/top-app\n1:blkio:/\n0::/uid_10209/pid_29124\nState:\tS (sleeping)\ncgroup.freeze 0 cgroup.events: populated 1 frozen 0"}
{"check":"back2-t120-rootport","result":"root process port"}
{"check":"back2-t120-service","result":"0"}
{"check":"back2-t240-uptime","result":"1225.09"}
{"check":"back2-t240-rootlog","result":"tail: /data/adb/modules/demo/flutter_webui/run/root.log: No such file or directory"}
{"check":"back2-t240-proclog","result":"ls: /data/adb/modules/demo/flutter_webui/run/proc: No such file or directory\n== \ntail: : No such file or directory"}
{"check":"back2-t240-sockets","result":"port \n00000000000000000000000000000000:15B3 00000000000000000000000000000000:0000 st=0A ino=17516 pid=2026 /apex/com.android.adbd/bin/adbd --root_seclabel=u:r:su:s0"}
{"check":"back2-t240-procs","result":"8738  8384       18:34 u:r:webview_zygote:s0          webview_zygote\n29124  8384       05:45 u:r:untrusted_app:s0:c209,c256,c512,c768 me.weishu.kernelsu"}
{"check":"back2-t240-activity","result":"topResumedActivity=ActivityRecord{ab87a49 u0 me.weishu.kernelsu/.ui.MainActivity t19}\n    * Hist  #0: ActivityRecord{ab87a49 u0 me.weishu.kernelsu/.ui.MainActivity t19}\n    Resumed: ActivityRecord{ab87a49 u0 me.weishu.kernelsu/.ui.MainActivity t19}\n  ResumedActivity: ActivityRecord{ab87a49 u0 me.weishu.kernelsu/.ui.MainActivity t19}\n  deepestLastOrientationSource=ActivityRecord{ab87a49 u0 me.weishu.kernelsu/.ui.MainActivity t19}\n  mFocusedApp=ActivityRecord{ab87a49 u0 me.weishu.kernelsu/.ui.MainActivity t19}\n        * ActivityRecord{ab87a49 u0 me.weishu.kernelsu/.ui.MainActivity t19}\n    mSystemBarColorApps={ActivityRecord{ab87a49 u0 me.weishu.kernelsu/.ui.MainActivity t19}}\n    lastActivityTime=-5m26s810ms    startUpTime=-5m44s813ms    startElapsedTime=-5m44s813ms\n    curProcState=2 mRepProcState=2 setProcState=2 lastStateTime=-5m26s811ms"}
{"check":"back2-t240-devtools","result":"[]"}
{"check":"back2-t240-cgroup","result":"== pid 29124: me.weishu.kernelsu                                                    \n4:memory:/\n3:cpuset:/top-app\n2:cpu:/top-app\n1:blkio:/\n0::/uid_10209/pid_29124\nState:\tS (sleeping)\ncgroup.freeze 0 cgroup.events: populated 1 frozen 0"}
{"check":"back2-t240-rootport","result":"root process port"}
{"check":"back2-t240-service","result":"0"}
{"check":"sleep2-open","result":"opened: none"}
{"check":"sleep2-places","result":{"error":"no page target","sockets":[],"targets":[]}}
{"check":"sleep2-before-uptime","result":"1378.04"}
{"check":"sleep2-before-rootlog","result":"tail: /data/adb/modules/demo/flutter_webui/run/root.log: No such file or directory"}
{"check":"sleep2-before-proclog","result":"ls: /data/adb/modules/demo/flutter_webui/run/proc: No such file or directory\n== \ntail: : No such file or directory"}
{"check":"sleep2-before-sockets","result":"port \n00000000000000000000000000000000:15B3 00000000000000000000000000000000:0000 st=0A ino=17516 pid=2026 /apex/com.android.adbd/bin/adbd --root_seclabel=u:r:su:s0"}
{"check":"sleep2-before-procs","result":"2055  8384       02:32 u:r:untrusted_app:s0:c209,c256,c512,c768 me.weishu.kernelsu\n 8738  8384       21:07 u:r:webview_zygote:s0          webview_zygote"}
{"check":"sleep2-before-activity","result":"topResumedActivity=ActivityRecord{15daf8a u0 me.weishu.kernelsu/.ui.MainActivity t27}\n    * Hist  #0: ActivityRecord{15daf8a u0 me.weishu.kernelsu/.ui.MainActivity t27}\n    Resumed: ActivityRecord{15daf8a u0 me.weishu.kernelsu/.ui.MainActivity t27}\n  ResumedActivity: ActivityRecord{15daf8a u0 me.weishu.kernelsu/.ui.MainActivity t27}\n  deepestLastOrientationSource=ActivityRecord{15daf8a u0 me.weishu.kernelsu/.ui.MainActivity t27}\n  mFocusedApp=ActivityRecord{15daf8a u0 me.weishu.kernelsu/.ui.MainActivity t27}\n        * ActivityRecord{15daf8a u0 me.weishu.kernelsu/.ui.MainActivity t27}\n    mSystemBarColorApps={ActivityRecord{15daf8a u0 me.weishu.kernelsu/.ui.MainActivity t27}}\n    lastActivityTime=-1m18s856ms    startUpTime=-2m32s116ms    startElapsedTime=-2m32s116ms\n    curProcState=2 mRepProcState=2 setProcState=2 lastStateTime=-1m18s858ms"}
{"check":"sleep2-before-devtools","result":"[]"}
{"check":"sleep2-before-cgroup","result":"== pid 2055: me.weishu.kernelsu                                                    \n4:memory:/\n3:cpuset:/top-app\n2:cpu:/top-app\n1:blkio:/\n0::/uid_10209/pid_2055\nState:\tS (sleeping)\ncgroup.freeze 0 cgroup.events: populated 1 frozen 0"}
{"check":"sleep2-before-rootport","result":"root process port"}
{"check":"sleep2-before-service","result":"0"}
{"check":"sleep2-closed","result":"after 1 Back:     topResumedActivity=ActivityRecord{15daf8a u0 me.weishu.kernelsu/.ui.MainActivity t27}"}
{"check":"sleep2-screen","result":"off"}
{"check":"sleep2-t0-uptime","result":"1385.26"}
{"check":"sleep2-t0-rootlog","result":"tail: /data/adb/modules/demo/flutter_webui/run/root.log: No such file or directory"}
{"check":"sleep2-t0-proclog","result":"ls: /data/adb/modules/demo/flutter_webui/run/proc: No such file or directory\n== \ntail: : No such file or directory"}
{"check":"sleep2-t0-sockets","result":"port \n00000000000000000000000000000000:15B3 00000000000000000000000000000000:0000 st=0A ino=17516 pid=2026 /apex/com.android.adbd/bin/adbd --root_seclabel=u:r:su:s0"}
{"check":"sleep2-t0-procs","result":"2055  8384       02:39 u:r:untrusted_app:s0:c209,c256,c512,c768 me.weishu.kernelsu\n 8738  8384       21:14 u:r:webview_zygote:s0          webview_zygote"}
{"check":"sleep2-t0-activity","result":"mLastPausedActivity: ActivityRecord{15daf8a u0 me.weishu.kernelsu/.ui.MainActivity t27}\n    * Hist  #0: ActivityRecord{15daf8a u0 me.weishu.kernelsu/.ui.MainActivity t27}\n    Resumed: ActivityRecord{15daf8a u0 me.weishu.kernelsu/.ui.MainActivity t27}\n  ResumedActivity: ActivityRecord{15daf8a u0 me.weishu.kernelsu/.ui.MainActivity t27}\n  mFocusedApp=ActivityRecord{15daf8a u0 me.weishu.kernelsu/.ui.MainActivity t27}\n        * ActivityRecord{15daf8a u0 me.weishu.kernelsu/.ui.MainActivity t27}\n    lastActivityTime=-1m26s214ms    startUpTime=-2m39s474ms    startElapsedTime=-2m39s474ms\n    curProcState=12 mRepProcState=12 setProcState=12 lastStateTime=-1m26s216ms"}
{"check":"sleep2-t0-devtools","result":"[]"}
{"check":"sleep2-t0-cgroup","result":"== pid 2055: me.weishu.kernelsu                                                    \n4:memory:/\n3:cpuset:/background\n2:cpu:/background\n1:blkio:/background\n0::/uid_10209/pid_2055\nState:\tS (sleeping)\ncgroup.freeze 0 cgroup.events: populated 1 frozen 0"}
{"check":"sleep2-t0-rootport","result":"root process port"}
{"check":"sleep2-t0-service","result":"0"}
{"check":"sleep2-t60-uptime","result":"1444.85"}
{"check":"sleep2-t60-rootlog","result":"tail: /data/adb/modules/demo/flutter_webui/run/root.log: No such file or directory"}
{"check":"sleep2-t60-proclog","result":"ls: /data/adb/modules/demo/flutter_webui/run/proc: No such file or directory\n== \ntail: : No such file or directory"}
{"check":"sleep2-t60-sockets","result":"port \n00000000000000000000000000000000:15B3 00000000000000000000000000000000:0000 st=0A ino=17516 pid=2026 /apex/com.android.adbd/bin/adbd --root_seclabel=u:r:su:s0"}
{"check":"sleep2-t60-procs","result":"2055  8384       03:39 u:r:untrusted_app:s0:c209,c256,c512,c768 me.weishu.kernelsu\n 8738  8384       22:14 u:r:webview_zygote:s0          webview_zygote"}
{"check":"sleep2-t60-activity","result":"mLastPausedActivity: ActivityRecord{15daf8a u0 me.weishu.kernelsu/.ui.MainActivity t27}\n    * Hist  #0: ActivityRecord{15daf8a u0 me.weishu.kernelsu/.ui.MainActivity t27}\n    Resumed: ActivityRecord{15daf8a u0 me.weishu.kernelsu/.ui.MainActivity t27}\n  ResumedActivity: ActivityRecord{15daf8a u0 me.weishu.kernelsu/.ui.MainActivity t27}\n  mFocusedApp=ActivityRecord{15daf8a u0 me.weishu.kernelsu/.ui.MainActivity t27}\n        * ActivityRecord{15daf8a u0 me.weishu.kernelsu/.ui.MainActivity t27}\n    lastActivityTime=-2m25s686ms    startUpTime=-3m38s946ms    startElapsedTime=-3m38s946ms\n    curProcState=12 mRepProcState=12 setProcState=12 lastStateTime=-2m25s688ms"}
{"check":"sleep2-t60-devtools","result":"[]"}
{"check":"sleep2-t60-cgroup","result":"== pid 2055: me.weishu.kernelsu                                                    \n4:memory:/\n3:cpuset:/background\n2:cpu:/background\n1:blkio:/background\n0::/uid_10209/pid_2055\nState:\tS (sleeping)\ncgroup.freeze 0 cgroup.events: populated 1 frozen 0"}
{"check":"sleep2-t60-rootport","result":"root process port"}
{"check":"sleep2-t60-service","result":"0"}
{"check":"sleep2-t120-uptime","result":"1504.32"}
{"check":"sleep2-t120-rootlog","result":"tail: /data/adb/modules/demo/flutter_webui/run/root.log: No such file or directory"}
{"check":"sleep2-t120-proclog","result":"ls: /data/adb/modules/demo/flutter_webui/run/proc: No such file or directory\n== \ntail: : No such file or directory"}
{"check":"sleep2-t120-sockets","result":"port \n00000000000000000000000000000000:15B3 00000000000000000000000000000000:0000 st=0A ino=17516 pid=2026 /apex/com.android.adbd/bin/adbd --root_seclabel=u:r:su:s0"}
{"check":"sleep2-t120-procs","result":"2055  8384       04:38 u:r:untrusted_app:s0:c209,c256,c512,c768 me.weishu.kernelsu\n 8738  8384       23:13 u:r:webview_zygote:s0          webview_zygote"}
{"check":"sleep2-t120-activity","result":"mLastPausedActivity: ActivityRecord{15daf8a u0 me.weishu.kernelsu/.ui.MainActivity t27}\n    * Hist  #0: ActivityRecord{15daf8a u0 me.weishu.kernelsu/.ui.MainActivity t27}\n    Resumed: ActivityRecord{15daf8a u0 me.weishu.kernelsu/.ui.MainActivity t27}\n  ResumedActivity: ActivityRecord{15daf8a u0 me.weishu.kernelsu/.ui.MainActivity t27}\n  mFocusedApp=ActivityRecord{15daf8a u0 me.weishu.kernelsu/.ui.MainActivity t27}\n        * ActivityRecord{15daf8a u0 me.weishu.kernelsu/.ui.MainActivity t27}\n    lastActivityTime=-3m25s73ms    startUpTime=-4m38s333ms    startElapsedTime=-4m38s333ms\n    curProcState=12 mRepProcState=12 setProcState=12 lastStateTime=-3m25s75ms"}
{"check":"sleep2-t120-devtools","result":"[]"}
{"check":"sleep2-t120-cgroup","result":"== pid 2055: me.weishu.kernelsu                                                    \n4:memory:/\n3:cpuset:/background\n2:cpu:/background\n1:blkio:/background\n0::/uid_10209/pid_2055\nState:\tS (sleeping)\ncgroup.freeze 0 cgroup.events: populated 1 frozen 0"}
{"check":"sleep2-t120-rootport","result":"root process port"}
{"check":"sleep2-t120-service","result":"0"}
{"check":"sleep2-t240-uptime","result":"1623.71"}
{"check":"sleep2-t240-rootlog","result":"tail: /data/adb/modules/demo/flutter_webui/run/root.log: No such file or directory"}
{"check":"sleep2-t240-proclog","result":"ls: /data/adb/modules/demo/flutter_webui/run/proc: No such file or directory\n== \ntail: : No such file or directory"}
{"check":"sleep2-t240-sockets","result":"port \n00000000000000000000000000000000:15B3 00000000000000000000000000000000:0000 st=0A ino=17516 pid=2026 /apex/com.android.adbd/bin/adbd --root_seclabel=u:r:su:s0"}
{"check":"sleep2-t240-procs","result":"2055  8384       06:38 u:r:untrusted_app:s0:c209,c256,c512,c768 me.weishu.kernelsu\n 8738  8384       25:13 u:r:webview_zygote:s0          webview_zygote"}
{"check":"sleep2-t240-activity","result":"mLastPausedActivity: ActivityRecord{15daf8a u0 me.weishu.kernelsu/.ui.MainActivity t27}\n    * Hist  #0: ActivityRecord{15daf8a u0 me.weishu.kernelsu/.ui.MainActivity t27}\n    Resumed: ActivityRecord{15daf8a u0 me.weishu.kernelsu/.ui.MainActivity t27}\n  ResumedActivity: ActivityRecord{15daf8a u0 me.weishu.kernelsu/.ui.MainActivity t27}\n  mFocusedApp=ActivityRecord{15daf8a u0 me.weishu.kernelsu/.ui.MainActivity t27}\n        * ActivityRecord{15daf8a u0 me.weishu.kernelsu/.ui.MainActivity t27}\n    lastActivityTime=-5m24s668ms    startUpTime=-6m37s928ms    startElapsedTime=-6m37s928ms\n    curProcState=12 mRepProcState=12 setProcState=12 lastStateTime=-5m24s670ms"}
{"check":"sleep2-t240-devtools","result":"[]"}
{"check":"sleep2-t240-cgroup","result":"== pid 2055: me.weishu.kernelsu                                                    \n4:memory:/\n3:cpuset:/background\n2:cpu:/background\n1:blkio:/background\n0::/uid_10209/pid_2055\nState:\tS (sleeping)\ncgroup.freeze 0 cgroup.events: populated 1 frozen 0"}
{"check":"sleep2-t240-rootport","result":"root process port"}
{"check":"sleep2-t240-service","result":"0"}
{"check":"exit-open","result":"opened: none"}
{"check":"exit-places","result":{"error":"no page target","sockets":[],"targets":[]}}
{"check":"exit-before-uptime","result":"1724.24"}
{"check":"exit-before-rootlog","result":"tail: /data/adb/modules/demo/flutter_webui/run/root.log: No such file or directory"}
{"check":"exit-before-proclog","result":"ls: /data/adb/modules/demo/flutter_webui/run/proc: No such file or directory\n== \ntail: : No such file or directory"}
{"check":"exit-before-sockets","result":"port \n00000000000000000000000000000000:15B3 00000000000000000000000000000000:0000 st=0A ino=17516 pid=2026 /apex/com.android.adbd/bin/adbd --root_seclabel=u:r:su:s0"}
{"check":"exit-before-procs","result":"6983  8384       01:37 u:r:untrusted_app:s0:c209,c256,c512,c768 me.weishu.kernelsu\n 8738  8384       26:53 u:r:webview_zygote:s0          webview_zygote"}
{"check":"exit-before-activity","result":"topResumedActivity=ActivityRecord{263cfde u0 me.weishu.kernelsu/.ui.MainActivity t30}\n    * Hist  #0: ActivityRecord{263cfde u0 me.weishu.kernelsu/.ui.MainActivity t30}\n    Resumed: ActivityRecord{263cfde u0 me.weishu.kernelsu/.ui.MainActivity t30}\n  ResumedActivity: ActivityRecord{263cfde u0 me.weishu.kernelsu/.ui.MainActivity t30}\n  deepestLastOrientationSource=ActivityRecord{263cfde u0 me.weishu.kernelsu/.ui.MainActivity t30}\n  mFocusedApp=ActivityRecord{263cfde u0 me.weishu.kernelsu/.ui.MainActivity t30}\n        * ActivityRecord{263cfde u0 me.weishu.kernelsu/.ui.MainActivity t30}\n    mSystemBarColorApps={ActivityRecord{263cfde u0 me.weishu.kernelsu/.ui.MainActivity t30}}\n    lastActivityTime=-1m18s827ms    startUpTime=-1m36s923ms    startElapsedTime=-1m36s923ms\n    curProcState=2 mRepProcState=2 setProcState=2 lastStateTime=-1m18s829ms"}
{"check":"exit-before-devtools","result":"[]"}
{"check":"exit-before-cgroup","result":"== pid 6983: me.weishu.kernelsu                                                    \n4:memory:/\n3:cpuset:/top-app\n2:cpu:/top-app\n1:blkio:/\n0::/uid_10209/pid_6983\nState:\tS (sleeping)\ncgroup.freeze 0 cgroup.events: populated 1 frozen 0"}
{"check":"exit-before-rootport","result":"root process port"}
{"check":"exit-before-service","result":"0"}
{"check":"exit-exit-api","result":{"error":"no page target","sockets":[],"targets":[]}}
{"check":"exit-exit-call","result":{"error":"no page target","sockets":[],"targets":[]}}
{"check":"exit-closed","result":"    topResumedActivity=ActivityRecord{263cfde u0 me.weishu.kernelsu/.ui.MainActivity t30}"}
{"check":"exit-t0-uptime","result":"1731.92"}
{"check":"exit-t0-rootlog","result":"tail: /data/adb/modules/demo/flutter_webui/run/root.log: No such file or directory"}
{"check":"exit-t0-proclog","result":"ls: /data/adb/modules/demo/flutter_webui/run/proc: No such file or directory\n== \ntail: : No such file or directory"}
{"check":"exit-t0-sockets","result":"port \n00000000000000000000000000000000:15B3 00000000000000000000000000000000:0000 st=0A ino=17516 pid=2026 /apex/com.android.adbd/bin/adbd --root_seclabel=u:r:su:s0"}
{"check":"exit-t0-procs","result":"6983  8384       01:45 u:r:untrusted_app:s0:c209,c256,c512,c768 me.weishu.kernelsu\n 8738  8384       27:01 u:r:webview_zygote:s0          webview_zygote"}
{"check":"exit-t0-activity","result":"topResumedActivity=ActivityRecord{263cfde u0 me.weishu.kernelsu/.ui.MainActivity t30}\n    * Hist  #0: ActivityRecord{263cfde u0 me.weishu.kernelsu/.ui.MainActivity t30}\n    Resumed: ActivityRecord{263cfde u0 me.weishu.kernelsu/.ui.MainActivity t30}\n  ResumedActivity: ActivityRecord{263cfde u0 me.weishu.kernelsu/.ui.MainActivity t30}\n  deepestLastOrientationSource=ActivityRecord{263cfde u0 me.weishu.kernelsu/.ui.MainActivity t30}\n  mFocusedApp=ActivityRecord{263cfde u0 me.weishu.kernelsu/.ui.MainActivity t30}\n        * ActivityRecord{263cfde u0 me.weishu.kernelsu/.ui.MainActivity t30}\n    mSystemBarColorApps={ActivityRecord{263cfde u0 me.weishu.kernelsu/.ui.MainActivity t30}}\n    lastActivityTime=-1m26s469ms    startUpTime=-1m44s565ms    startElapsedTime=-1m44s565ms\n    curProcState=2 mRepProcState=2 setProcState=2 lastStateTime=-1m26s471ms"}
{"check":"exit-t0-devtools","result":"[]"}
{"check":"exit-t0-cgroup","result":"== pid 6983: me.weishu.kernelsu                                                    \n4:memory:/\n3:cpuset:/top-app\n2:cpu:/top-app\n1:blkio:/\n0::/uid_10209/pid_6983\nState:\tS (sleeping)\ncgroup.freeze 0 cgroup.events: populated 1 frozen 0"}
{"check":"exit-t0-rootport","result":"root process port"}
{"check":"exit-t0-service","result":"0"}
{"check":"exit-t60-uptime","result":"1791.33"}
{"check":"exit-t60-rootlog","result":"tail: /data/adb/modules/demo/flutter_webui/run/root.log: No such file or directory"}
{"check":"exit-t60-proclog","result":"ls: /data/adb/modules/demo/flutter_webui/run/proc: No such file or directory\n== \ntail: : No such file or directory"}
{"check":"exit-t60-sockets","result":"port \n00000000000000000000000000000000:15B3 00000000000000000000000000000000:0000 st=0A ino=17516 pid=2026 /apex/com.android.adbd/bin/adbd --root_seclabel=u:r:su:s0"}
{"check":"exit-t60-procs","result":"6983  8384       02:44 u:r:untrusted_app:s0:c209,c256,c512,c768 me.weishu.kernelsu\n 8738  8384       28:00 u:r:webview_zygote:s0          webview_zygote"}
{"check":"exit-t60-activity","result":"topResumedActivity=ActivityRecord{263cfde u0 me.weishu.kernelsu/.ui.MainActivity t30}\n    * Hist  #0: ActivityRecord{263cfde u0 me.weishu.kernelsu/.ui.MainActivity t30}\n    Resumed: ActivityRecord{263cfde u0 me.weishu.kernelsu/.ui.MainActivity t30}\n  ResumedActivity: ActivityRecord{263cfde u0 me.weishu.kernelsu/.ui.MainActivity t30}\n  deepestLastOrientationSource=ActivityRecord{263cfde u0 me.weishu.kernelsu/.ui.MainActivity t30}\n  mFocusedApp=ActivityRecord{263cfde u0 me.weishu.kernelsu/.ui.MainActivity t30}\n        * ActivityRecord{263cfde u0 me.weishu.kernelsu/.ui.MainActivity t30}\n    mSystemBarColorApps={ActivityRecord{263cfde u0 me.weishu.kernelsu/.ui.MainActivity t30}}\n    lastActivityTime=-2m25s952ms    startUpTime=-2m44s48ms    startElapsedTime=-2m44s48ms\n    curProcState=2 mRepProcState=2 setProcState=2 lastStateTime=-2m25s954ms"}
{"check":"exit-t60-devtools","result":"[]"}
{"check":"exit-t60-cgroup","result":"== pid 6983: me.weishu.kernelsu                                                    \n4:memory:/\n3:cpuset:/top-app\n2:cpu:/top-app\n1:blkio:/\n0::/uid_10209/pid_6983\nState:\tS (sleeping)\ncgroup.freeze 0 cgroup.events: populated 1 frozen 0"}
{"check":"exit-t60-rootport","result":"root process port"}
{"check":"exit-t60-service","result":"0"}
{"check":"exit-t120-uptime","result":"1850.82"}
{"check":"exit-t120-rootlog","result":"tail: /data/adb/modules/demo/flutter_webui/run/root.log: No such file or directory"}
{"check":"exit-t120-proclog","result":"ls: /data/adb/modules/demo/flutter_webui/run/proc: No such file or directory\n== \ntail: : No such file or directory"}
{"check":"exit-t120-sockets","result":"port \n00000000000000000000000000000000:15B3 00000000000000000000000000000000:0000 st=0A ino=17516 pid=2026 /apex/com.android.adbd/bin/adbd --root_seclabel=u:r:su:s0"}
{"check":"exit-t120-procs","result":"6983  8384       03:44 u:r:untrusted_app:s0:c209,c256,c512,c768 me.weishu.kernelsu\n 8738  8384       29:00 u:r:webview_zygote:s0          webview_zygote"}
{"check":"exit-t120-activity","result":"topResumedActivity=ActivityRecord{263cfde u0 me.weishu.kernelsu/.ui.MainActivity t30}\n    * Hist  #0: ActivityRecord{263cfde u0 me.weishu.kernelsu/.ui.MainActivity t30}\n    Resumed: ActivityRecord{263cfde u0 me.weishu.kernelsu/.ui.MainActivity t30}\n  ResumedActivity: ActivityRecord{263cfde u0 me.weishu.kernelsu/.ui.MainActivity t30}\n  deepestLastOrientationSource=ActivityRecord{263cfde u0 me.weishu.kernelsu/.ui.MainActivity t30}\n  mFocusedApp=ActivityRecord{263cfde u0 me.weishu.kernelsu/.ui.MainActivity t30}\n        * ActivityRecord{263cfde u0 me.weishu.kernelsu/.ui.MainActivity t30}\n    mSystemBarColorApps={ActivityRecord{263cfde u0 me.weishu.kernelsu/.ui.MainActivity t30}}\n    lastActivityTime=-3m25s441ms    startUpTime=-3m43s537ms    startElapsedTime=-3m43s537ms\n    curProcState=2 mRepProcState=2 setProcState=2 lastStateTime=-3m25s443ms"}
{"check":"exit-t120-devtools","result":"[]"}
{"check":"exit-t120-cgroup","result":"== pid 6983: me.weishu.kernelsu                                                    \n4:memory:/\n3:cpuset:/top-app\n2:cpu:/top-app\n1:blkio:/\n0::/uid_10209/pid_6983\nState:\tS (sleeping)\ncgroup.freeze 0 cgroup.events: populated 1 frozen 0"}
{"check":"exit-t120-rootport","result":"root process port"}
{"check":"exit-t120-service","result":"0"}
{"check":"exit-t240-uptime","result":"1970.30"}
{"check":"exit-t240-rootlog","result":"tail: /data/adb/modules/demo/flutter_webui/run/root.log: No such file or directory"}
{"check":"exit-t240-proclog","result":"ls: /data/adb/modules/demo/flutter_webui/run/proc: No such file or directory\n== \ntail: : No such file or directory"}
{"check":"exit-t240-sockets","result":"port \n00000000000000000000000000000000:15B3 00000000000000000000000000000000:0000 st=0A ino=17516 pid=2026 /apex/com.android.adbd/bin/adbd --root_seclabel=u:r:su:s0"}
{"check":"exit-t240-procs","result":"6983  8384       05:43 u:r:untrusted_app:s0:c209,c256,c512,c768 me.weishu.kernelsu\n 8738  8384       30:59 u:r:webview_zygote:s0          webview_zygote"}
{"check":"exit-t240-activity","result":"topResumedActivity=ActivityRecord{263cfde u0 me.weishu.kernelsu/.ui.MainActivity t30}\n    * Hist  #0: ActivityRecord{263cfde u0 me.weishu.kernelsu/.ui.MainActivity t30}\n    Resumed: ActivityRecord{263cfde u0 me.weishu.kernelsu/.ui.MainActivity t30}\n  ResumedActivity: ActivityRecord{263cfde u0 me.weishu.kernelsu/.ui.MainActivity t30}\n  deepestLastOrientationSource=ActivityRecord{263cfde u0 me.weishu.kernelsu/.ui.MainActivity t30}\n  mFocusedApp=ActivityRecord{263cfde u0 me.weishu.kernelsu/.ui.MainActivity t30}\n        * ActivityRecord{263cfde u0 me.weishu.kernelsu/.ui.MainActivity t30}\n    mSystemBarColorApps={ActivityRecord{263cfde u0 me.weishu.kernelsu/.ui.MainActivity t30}}\n    lastActivityTime=-5m24s992ms    startUpTime=-5m43s88ms    startElapsedTime=-5m43s88ms\n    curProcState=2 mRepProcState=2 setProcState=2 lastStateTime=-5m24s994ms"}
{"check":"exit-t240-devtools","result":"[]"}
{"check":"exit-t240-cgroup","result":"== pid 6983: me.weishu.kernelsu                                                    \n4:memory:/\n3:cpuset:/top-app\n2:cpu:/top-app\n1:blkio:/\n0::/uid_10209/pid_6983\nState:\tS (sleeping)\ncgroup.freeze 0 cgroup.events: populated 1 frozen 0"}
{"check":"exit-t240-rootport","result":"root process port"}
{"check":"exit-t240-service","result":"0"}
{"check":"ui-open","result":"opened: none"}
{"check":"ui-places","result":{"error":"no page target","sockets":[],"targets":[]}}
{"check":"ui-before-uptime","result":"2050.11"}
{"check":"ui-before-rootlog","result":"tail: /data/adb/modules/demo/flutter_webui/run/root.log: No such file or directory"}
{"check":"ui-before-proclog","result":"ls: /data/adb/modules/demo/flutter_webui/run/proc: No such file or directory\n== \ntail: : No such file or directory"}
{"check":"ui-before-sockets","result":"port \n00000000000000000000000000000000:15B3 00000000000000000000000000000000:0000 st=0A ino=17516 pid=2026 /apex/com.android.adbd/bin/adbd --root_seclabel=u:r:su:s0"}
{"check":"ui-before-procs","result":"8738  8384       32:20 u:r:webview_zygote:s0          webview_zygote\n12960  8384       01:20 u:r:untrusted_app:s0:c209,c256,c512,c768 me.weishu.kernelsu"}
{"check":"ui-before-activity","result":"topResumedActivity=ActivityRecord{438f47c u0 me.weishu.kernelsu/.ui.MainActivity t31}\n    * Hist  #0: ActivityRecord{438f47c u0 me.weishu.kernelsu/.ui.MainActivity t31}\n    Resumed: ActivityRecord{438f47c u0 me.weishu.kernelsu/.ui.MainActivity t31}\n  ResumedActivity: ActivityRecord{438f47c u0 me.weishu.kernelsu/.ui.MainActivity t31}\n  deepestLastOrientationSource=ActivityRecord{438f47c u0 me.weishu.kernelsu/.ui.MainActivity t31}\n  mFocusedApp=ActivityRecord{438f47c u0 me.weishu.kernelsu/.ui.MainActivity t31}\n        * ActivityRecord{438f47c u0 me.weishu.kernelsu/.ui.MainActivity t31}\n    mSystemBarColorApps={ActivityRecord{438f47c u0 me.weishu.kernelsu/.ui.MainActivity t31}}\n    lastActivityTime=-1m19s477ms    startUpTime=-1m19s585ms    startElapsedTime=-1m19s585ms\n    curProcState=2 mRepProcState=2 setProcState=2 lastStateTime=-1m19s541ms"}
{"check":"ui-before-devtools","result":"[]"}
{"check":"ui-before-cgroup","result":"== pid 12960: me.weishu.kernelsu                                                    \n4:memory:/\n3:cpuset:/top-app\n2:cpu:/top-app\n1:blkio:/\n0::/uid_10209/pid_12960\nState:\tS (sleeping)\ncgroup.freeze 0 cgroup.events: populated 1 frozen 0"}
{"check":"ui-before-rootport","result":"root process port"}
{"check":"ui-before-service","result":"0"}
{"check":"ui-closed","result":"after 1 Back:     topResumedActivity=ActivityRecord{438f47c u0 me.weishu.kernelsu/.ui.MainActivity t31}"}
{"check":"ui-t0-uptime","result":"2058.01"}
{"check":"ui-t0-rootlog","result":"tail: /data/adb/modules/demo/flutter_webui/run/root.log: No such file or directory"}
{"check":"ui-t0-proclog","result":"ls: /data/adb/modules/demo/flutter_webui/run/proc: No such file or directory\n== \ntail: : No such file or directory"}
{"check":"ui-t0-sockets","result":"port \n00000000000000000000000000000000:15B3 00000000000000000000000000000000:0000 st=0A ino=17516 pid=2026 /apex/com.android.adbd/bin/adbd --root_seclabel=u:r:su:s0"}
{"check":"ui-t0-procs","result":"8738  8384       32:27 u:r:webview_zygote:s0          webview_zygote\n12960  8384       01:27 u:r:untrusted_app:s0:c209,c256,c512,c768 me.weishu.kernelsu"}
{"check":"ui-t0-activity","result":"topResumedActivity=ActivityRecord{438f47c u0 me.weishu.kernelsu/.ui.MainActivity t31}\n    * Hist  #0: ActivityRecord{438f47c u0 me.weishu.kernelsu/.ui.MainActivity t31}\n    Resumed: ActivityRecord{438f47c u0 me.weishu.kernelsu/.ui.MainActivity t31}\n  ResumedActivity: ActivityRecord{438f47c u0 me.weishu.kernelsu/.ui.MainActivity t31}\n  deepestLastOrientationSource=ActivityRecord{438f47c u0 me.weishu.kernelsu/.ui.MainActivity t31}\n  mFocusedApp=ActivityRecord{438f47c u0 me.weishu.kernelsu/.ui.MainActivity t31}\n        * ActivityRecord{438f47c u0 me.weishu.kernelsu/.ui.MainActivity t31}\n    mSystemBarColorApps={ActivityRecord{438f47c u0 me.weishu.kernelsu/.ui.MainActivity t31}}\n    lastActivityTime=-1m27s313ms    startUpTime=-1m27s421ms    startElapsedTime=-1m27s421ms\n    curProcState=2 mRepProcState=2 setProcState=2 lastStateTime=-1m27s377ms"}
{"check":"ui-t0-devtools","result":"[]"}
{"check":"ui-t0-cgroup","result":"== pid 12960: me.weishu.kernelsu                                                    \n4:memory:/\n3:cpuset:/top-app\n2:cpu:/top-app\n1:blkio:/\n0::/uid_10209/pid_12960\nState:\tS (sleeping)\ncgroup.freeze 0 cgroup.events: populated 1 frozen 0"}
{"check":"ui-t0-rootport","result":"root process port"}
{"check":"ui-t0-service","result":"0"}
{"check":"ui-t60-uptime","result":"2118.19"}
{"check":"ui-t60-rootlog","result":"tail: /data/adb/modules/demo/flutter_webui/run/root.log: No such file or directory"}
{"check":"ui-t60-proclog","result":"ls: /data/adb/modules/demo/flutter_webui/run/proc: No such file or directory\n== \ntail: : No such file or directory"}
{"check":"ui-t60-sockets","result":"port \n00000000000000000000000000000000:15B3 00000000000000000000000000000000:0000 st=0A ino=17516 pid=2026 /apex/com.android.adbd/bin/adbd --root_seclabel=u:r:su:s0"}
{"check":"ui-t60-procs","result":"8738  8384       33:28 u:r:webview_zygote:s0          webview_zygote\n12960  8384       02:28 u:r:untrusted_app:s0:c209,c256,c512,c768 me.weishu.kernelsu"}
{"check":"ui-t60-activity","result":"topResumedActivity=ActivityRecord{438f47c u0 me.weishu.kernelsu/.ui.MainActivity t31}\n    * Hist  #0: ActivityRecord{438f47c u0 me.weishu.kernelsu/.ui.MainActivity t31}\n    Resumed: ActivityRecord{438f47c u0 me.weishu.kernelsu/.ui.MainActivity t31}\n  ResumedActivity: ActivityRecord{438f47c u0 me.weishu.kernelsu/.ui.MainActivity t31}\n  deepestLastOrientationSource=ActivityRecord{438f47c u0 me.weishu.kernelsu/.ui.MainActivity t31}\n  mFocusedApp=ActivityRecord{438f47c u0 me.weishu.kernelsu/.ui.MainActivity t31}\n        * ActivityRecord{438f47c u0 me.weishu.kernelsu/.ui.MainActivity t31}\n    mSystemBarColorApps={ActivityRecord{438f47c u0 me.weishu.kernelsu/.ui.MainActivity t31}}\n    lastActivityTime=-2m27s477ms    startUpTime=-2m27s585ms    startElapsedTime=-2m27s585ms\n    curProcState=2 mRepProcState=2 setProcState=2 lastStateTime=-2m27s541ms"}
{"check":"ui-t60-devtools","result":"[]"}
{"check":"ui-t60-cgroup","result":"== pid 12960: me.weishu.kernelsu                                                    \n4:memory:/\n3:cpuset:/top-app\n2:cpu:/top-app\n1:blkio:/\n0::/uid_10209/pid_12960\nState:\tS (sleeping)\ncgroup.freeze 0 cgroup.events: populated 1 frozen 0"}
{"check":"ui-t60-rootport","result":"root process port"}
{"check":"ui-t60-service","result":"0"}
{"check":"ui-t120-uptime","result":"2178.34"}
{"check":"ui-t120-rootlog","result":"tail: /data/adb/modules/demo/flutter_webui/run/root.log: No such file or directory"}
{"check":"ui-t120-proclog","result":"ls: /data/adb/modules/demo/flutter_webui/run/proc: No such file or directory\n== \ntail: : No such file or directory"}
{"check":"ui-t120-sockets","result":"port \n00000000000000000000000000000000:15B3 00000000000000000000000000000000:0000 st=0A ino=17516 pid=2026 /apex/com.android.adbd/bin/adbd --root_seclabel=u:r:su:s0"}
{"check":"ui-t120-procs","result":"8738  8384       34:28 u:r:webview_zygote:s0          webview_zygote\n12960  8384       03:28 u:r:untrusted_app:s0:c209,c256,c512,c768 me.weishu.kernelsu"}
{"check":"ui-t120-activity","result":"topResumedActivity=ActivityRecord{438f47c u0 me.weishu.kernelsu/.ui.MainActivity t31}\n    * Hist  #0: ActivityRecord{438f47c u0 me.weishu.kernelsu/.ui.MainActivity t31}\n    Resumed: ActivityRecord{438f47c u0 me.weishu.kernelsu/.ui.MainActivity t31}\n  ResumedActivity: ActivityRecord{438f47c u0 me.weishu.kernelsu/.ui.MainActivity t31}\n  deepestLastOrientationSource=ActivityRecord{438f47c u0 me.weishu.kernelsu/.ui.MainActivity t31}\n  mFocusedApp=ActivityRecord{438f47c u0 me.weishu.kernelsu/.ui.MainActivity t31}\n        * ActivityRecord{438f47c u0 me.weishu.kernelsu/.ui.MainActivity t31}\n    mSystemBarColorApps={ActivityRecord{438f47c u0 me.weishu.kernelsu/.ui.MainActivity t31}}\n    lastActivityTime=-3m27s686ms    startUpTime=-3m27s794ms    startElapsedTime=-3m27s794ms\n    curProcState=2 mRepProcState=2 setProcState=2 lastStateTime=-3m27s750ms"}
{"check":"ui-t120-devtools","result":"[]"}
{"check":"ui-t120-cgroup","result":"== pid 12960: me.weishu.kernelsu                                                    \n4:memory:/\n3:cpuset:/top-app\n2:cpu:/top-app\n1:blkio:/\n0::/uid_10209/pid_12960\nState:\tS (sleeping)\ncgroup.freeze 0 cgroup.events: populated 1 frozen 0"}
{"check":"ui-t120-rootport","result":"root process port"}
{"check":"ui-t120-service","result":"0"}
{"check":"ui-t240-uptime","result":"2298.55"}
{"check":"ui-t240-rootlog","result":"tail: /data/adb/modules/demo/flutter_webui/run/root.log: No such file or directory"}
{"check":"ui-t240-proclog","result":"ls: /data/adb/modules/demo/flutter_webui/run/proc: No such file or directory\n== \ntail: : No such file or directory"}
{"check":"ui-t240-sockets","result":"port \n00000000000000000000000000000000:15B3 00000000000000000000000000000000:0000 st=0A ino=17516 pid=2026 /apex/com.android.adbd/bin/adbd --root_seclabel=u:r:su:s0"}
{"check":"ui-t240-procs","result":"8738  8384       36:28 u:r:webview_zygote:s0          webview_zygote\n12960  8384       05:28 u:r:untrusted_app:s0:c209,c256,c512,c768 me.weishu.kernelsu"}
{"check":"ui-t240-activity","result":"topResumedActivity=ActivityRecord{438f47c u0 me.weishu.kernelsu/.ui.MainActivity t31}\n    * Hist  #0: ActivityRecord{438f47c u0 me.weishu.kernelsu/.ui.MainActivity t31}\n    Resumed: ActivityRecord{438f47c u0 me.weishu.kernelsu/.ui.MainActivity t31}\n  ResumedActivity: ActivityRecord{438f47c u0 me.weishu.kernelsu/.ui.MainActivity t31}\n  deepestLastOrientationSource=ActivityRecord{438f47c u0 me.weishu.kernelsu/.ui.MainActivity t31}\n  mFocusedApp=ActivityRecord{438f47c u0 me.weishu.kernelsu/.ui.MainActivity t31}\n        * ActivityRecord{438f47c u0 me.weishu.kernelsu/.ui.MainActivity t31}\n    mSystemBarColorApps={ActivityRecord{438f47c u0 me.weishu.kernelsu/.ui.MainActivity t31}}\n    lastActivityTime=-5m28s229ms    startUpTime=-5m28s337ms    startElapsedTime=-5m28s337ms\n    curProcState=2 mRepProcState=2 setProcState=2 lastStateTime=-5m28s293ms"}
{"check":"ui-t240-devtools","result":"[]"}
{"check":"ui-t240-cgroup","result":"== pid 12960: me.weishu.kernelsu                                                    \n4:memory:/\n3:cpuset:/top-app\n2:cpu:/top-app\n1:blkio:/\n0::/uid_10209/pid_12960\nState:\tS (sleeping)\ncgroup.freeze 0 cgroup.events: populated 1 frozen 0"}
{"check":"ui-t240-rootport","result":"root process port"}
{"check":"ui-t240-service","result":"0"}
