yes: standard output: Broken pipe
Auto-selecting single ABI x86_64
Do you wish to create a custom hardware profile? [no] lab.avd
lab.ini
emulator Android emulator version 37.2.12.0 (build_id 16428233) (CL:N/A)
* daemon not running; starting now at tcp:5037
* daemon started successfully
booted in 29s: google/sdk_gphone64_x86_64/emu64xa:15/AE3A.240806.043/12960925:userdebug/dev-keys
kernel 6.6.50-android15-8-g8adecb593e9b-ab12525588 -> kmi android15-6.6; tiann/KernelSU v3.3.0
total 16428
drwx------  2 runner runner     4096 Oct  2 01:38 .
drwxrwxrwt 16 root   root       4096 Oct  2 01:37 ..
-rw-r--r--  1 runner runner 10777987 Oct  2 01:38 KernelSU_v3.3.0_32601-release.apk
-rw-r--r--  1 runner runner  5713312 Oct  2 01:38 ksud-x86_64-linux-android
-rw-r--r--  1 runner runner   318824 Oct  2 01:38 lkm-x86_64-android15-6.6_kernelsu.ko
== manager installed (me.weishu.kernelsu, KernelSU_v3.3.0_32601-release.apk)
/tmp/tmp.SyrwNK9wcZ/lkm-x86_64-android15-6.6_kernelsu.ko: 1 file pushed, 0 skipped. 2.8 MB/s (318824 bytes in 0.108s)
/tmp/tmp.SyrwNK9wcZ/ksud-x86_64-linux-android: 1 file pushed, 0 skipped. 142.6 MB/s (5713312 bytes in 0.038s)
== ksud: ksud 3.3.0 (uapi: 2)
== ksud late-load: rc=0
== ksud insmod /data/adb/kernelsu.ko: Error: load module failed: /data/adb/kernelsu.ko

Caused by:
    0: init_module failed without vermagic mismatch
    1: File exists (os error 17)
rc=1
kernelsu              159744  0 
== lsmod: kernelsu              159744  1 
KernelSU_v3.3.0_32601-release.apk
ksud-aarch64-apple-darwin
ksud-aarch64-linux-android
ksud-aarch64-unknown-linux-musl
ksud-x86_64-apple-darwin
ksud-x86_64-linux-android
ksud-x86_64-pc-windows-gnu.exe
ksud-x86_64-unknown-linux-musl
ksuinit-aarch64
ksuinit-x86_64
lkm-aarch64-android12-5.10_kernelsu.ko
lkm-aarch64-android13-5.10_kernelsu.ko
lkm-aarch64-android13-5.15_kernelsu.ko
lkm-aarch64-android14-5.15_kernelsu.ko
lkm-aarch64-android14-6.1_kernelsu.ko
lkm-aarch64-android15-6.6_kernelsu.ko
lkm-aarch64-android16-6.12_kernelsu.ko
lkm-aarch64-android17-6.18_kernelsu.ko
lkm-x86_64-android12-5.10_kernelsu.ko
lkm-x86_64-android13-5.10_kernelsu.ko
lkm-x86_64-android13-5.15_kernelsu.ko
lkm-x86_64-android14-5.15_kernelsu.ko
lkm-x86_64-android14-6.1_kernelsu.ko
lkm-x86_64-android15-6.6_kernelsu.ko
lkm-x86_64-android16-6.12_kernelsu.ko
lkm-x86_64-android17-6.18_kernelsu.ko
== no metamodule asset in tiann/KernelSU v3.3.0
/home/runner/work/devicelab/devicelab/modules/probe/./: 2 files pushed, 0 skipped. 0.0 MB/s (1474 bytes in 0.046s)
== modules: [
  {
    "mount": "false",
    "id": "devicelab_probe",
    "versionCode": "1",
    "remove": "false",
    "web": "true",
    "action": "false",
    "description": "Observation module for devicelab. Its WebUI page is driven over DevTools.",
    "name": "devicelab probe",
    "update": "false",
    "author": "p0g-stack",
    "enabled": "true",
    "version": "1"
  }
]
SELinux: Loaded file context from:
		/system/etc/selinux/plat_file_contexts
		/system_ext/etc/selinux/system_ext_file_contexts
		/vendor/etc/selinux/vendor_file_contexts
== home text: text="LKM" text="Working [Jailbreak mode]" text="Version: 32601-2" text="Manager version" text="v3.3.0 (32601-2)" text="Kernel version" text="6.6.50-android15-8-g8adecb593e9b-ab12525588" text="Device model" text="Google sdk_gphone64_x86_64" text="Fingerprint" text="google/sdk_gphone64_x86_64/emu64xa:15/AE3A.240806.043/12960925:userdebug/dev-keys" text="Enforcing" text="KernelSU" text="Home" text="Superuser" text="1" text="Module" text="Settings" 
== manager activities: me.weishu.kernelsu/.magica.BootCompletedReceiver me.weishu.kernelsu/.ui.MainActivity me.weishu.kernelsu/androidx.core.content.FileProvider me.weishu.kernelsu/androidx.profileinstaller.ProfileInstallReceiver me.weishu.kernelsu/androidx.startup.InitializationProvider 
WebUI-X-v438-release-official.apk
WebUI-X-v438-release-spoofed.apk
== downloaded MMRLApp/WebUI-X-Portable v438 WebUI-X-v438-release-official.apk
Success
== installed com.dergoogler.mmrl.wx uid=10210     versionName=v438-release
== activities: com.dergoogler.mmrl.wx/.ui.activity.CrashHandlerActivity com.dergoogler.mmrl.wx/.ui.activity.MainActivity com.dergoogler.mmrl.wx/.ui.activity.modconf.ModConfActivity com.dergoogler.mmrl.wx/.ui.activity.webui.KsuWebUIActivity com.dergoogler.mmrl.wx/.ui.activity.webui.WebUIActivity com.dergoogler.mmrl.wx/.util.NonRootService com.dergoogler.mmrl.wx/androidx.core.content.FileProvider com.dergoogler.mmrl.wx/androidx.profileinstaller.ProfileInstallReceiver com.dergoogler.mmrl.wx/androidx.startup.InitializationProvider com.dergoogler.mmrl.wx/androidx.work.impl.background.systemalarm.ConstraintProxy com.dergoogler.mmrl.wx/androidx.work.impl.background.systemalarm.ConstraintProxyUpdateReceiver com.dergoogler.mmrl.wx/androidx.work.impl.background.systemalarm.RescheduleReceiver com.dergoogler.mmrl.wx/androidx.work.impl.diagnostics.DiagnosticsReceiver 
ui: tapped 'Superuser' at 120,584
ui: no node with 'com.dergoogler.mmrl.wx'
ui: tapped 160,152
ui: tapped 'com.dergoogler.mmrl.wx' at 160,130
[12,230][308,290] Superuser
[243,236][292,284] 
[12,302][308,358] App Profile | Default
[12,26][60,74] 
[260,26][308,74] Settings
ui: tapped switch 1 ('', was checked=false)
== ksud feature list: Available Features: ================================================================================ [ENABLED (1)] su_compat (ID=0)     SU Compatibility Mode - allows authorized apps to gain root via traditional 'su' command  [ENABLED (1)] kernel_umount (ID=1)     Kernel Umount - controls whether kernel automatically unmounts modules when not needed  [DISABLED] sulog (ID=2)     SU Log - streams kernel sulog events to userspace and persists them to disk  [DISABLED] adb_root (ID=3)     ADB Root - Enable adbd root  [DISABLED] selinux_hide (ID=4)     SELinux Hide - sanitize /sys/fs/selinux access results for app UIDs  [DISABLED] webview_zygote_umount (ID=5)     WebView Zygote Umount - unmount modules from WebView zygote and its isolated children  
== su_compat: Feature: su_compat (0) Description: SU Compatibility Mode - allows authorized apps to gain root via traditional 'su' command Value: 1 Status: enabled 
== root grant: ui; su as app uid 10210: su: failed to exec /system/bin/su: No such file or directory
ui: tapped 'KernelSU' at 160,265
[40,165][280,221] Magisk
[40,309][280,389] KernelSU Next
[40,405][280,461] APatch
[40,477][280,557] SukiSU Ultra
[40,573][280,629] Non-Root
[40,644][280,692] Continue with KernelSU
ui: tapped 'Continue with KernelSU' at 160,668
[16,104][304,330] devicelab probe | 1 (1) by p0g-stack | Updated on 2 October 2026 | Observation module for devicelab. Its WebUI page is d
[32,274][90,322] 
[153,274][288,322] Add Shortcut
[220,32][268,80] 
[268,32][316,80] 
[164,796][320,876] Settings
ui: no node with 'Continue with KernelSU'
ui: no node with 'Next'
ui: no node with 'Continue'
ui: no node with 'Grant'
ui: no node with 'Allow'
ui: no node with 'Get started'
ui: no node with 'Done'
ui: no node with 'OK'
ui: no node with 'Finish'
[16,104][304,330] devicelab probe | 1 (1) by p0g-stack | Updated on 2 October 2026 | Observation module for devicelab. Its WebUI page is d
[32,274][90,322] 
[153,274][288,322] Add Shortcut
[220,32][268,80] 
[268,32][316,80] 
[164,796][320,876] Settings
ui: no node with 'Continue with KernelSU'
ui: no node with 'Next'
ui: no node with 'Continue'
ui: no node with 'Grant'
ui: no node with 'Allow'
ui: no node with 'Get started'
ui: no node with 'Done'
ui: no node with 'OK'
ui: no node with 'Finish'
[16,104][304,330] devicelab probe | 1 (1) by p0g-stack | Updated on 2 October 2026 | Observation module for devicelab. Its WebUI page is d
[32,274][90,322] 
[153,274][288,322] Add Shortcut
[220,32][268,80] 
[268,32][316,80] 
[164,796][320,876] Settings
== WebUI X platform after onboarding: preferences.pb 
== devtools sockets: 
inputs/modules/flutter_webui_counter-0.1.5.zip: 1 file pushed, 0 skipped. 453.0 MB/s (21434766 bytes in 0.045s)
== install flutter_webui_counter-0.1.5.zip
  inflating: webroot/fonts/notocoloremoji/v32/Yq6P-KqIXTD0t4D9z1ESnKM3-HpFabsE4tq3luCC7p-aXxcn.3.woff2
  inflating: webroot/fonts/notocoloremoji/v32/Yq6P-KqIXTD0t4D9z1ESnKM3-HpFabsE4tq3luCC7p-aXxcn.8.woff2
  inflating: webroot/fonts/notocoloremoji/v32/Yq6P-KqIXTD0t4D9z1ESnKM3-HpFabsE4tq3luCC7p-aXxcn.2.woff2
   creating: webroot/fonts/notosansmath/
   creating: webroot/fonts/notosansmath/v15/
  inflating: webroot/fonts/notosansmath/v15/7Aump_cpkSecTWaHRlH2hyV5UHkD-V048PW0.woff2
   creating: webroot/fonts/roboto/
   creating: webroot/fonts/roboto/v32/
  inflating: webroot/fonts/roboto/v32/KFOmCnqEu92Fr1Me4GZLCzYlKw.woff2
  inflating: webroot/.last_build_id
  inflating: webroot/config.json
  inflating: webroot/flutter_webui.js
  inflating: customize.sh
- Done
- Module installed successfully!
inputs/modules/counter-v1.0.0.zip: 1 file pushed, 0 skipped. 512.4 MB/s (6582359 bytes in 0.012s)
== install counter-v1.0.0.zip
  inflating: webroot/canvaskit/chromium/canvaskit.wasm
  inflating: webroot/config.json
  inflating: webroot/favicon.png
  inflating: webroot/flutter.js
  inflating: webroot/flutter_bootstrap.js
  inflating: webroot/icons/Icon-192.png
  inflating: webroot/icons/Icon-512.png
  inflating: webroot/icons/Icon-maskable-192.png
  inflating: webroot/icons/Icon-maskable-512.png
  inflating: webroot/index.html
  inflating: webroot/main.dart.js
  inflating: webroot/manifest.json
  inflating: webroot/version.json
- Done
- Module installed successfully!
inputs/modules/demo.zip: 1 file pushed, 0 skipped. 416.6 MB/s (28109334 bytes in 0.064s)
== install demo.zip
  inflating: webroot/manifest.json
  inflating: webroot/pkg/.gitignore
  inflating: webroot/pkg/demo_native.js
  inflating: webroot/pkg/demo_native_bg.wasm
  inflating: webroot/pkg/package.json
  inflating: webroot/version.json
  inflating: webroot/workers/demo_service.web.g.dart.js
  inflating: webroot/workers/hello_service.web.g.dart.js
  inflating: webui_app_plane/arm64-v8a/webui_termux_api.aot
  inflating: webui_app_plane/termux-api
  inflating: webui_app_plane/x86_64/webui_termux_api.aot
! No metamodule installed: this module's app needs one to be mounted (KernelSU 3.x)
- Handle partition /product
- Done
- Module installed successfully!
/home/runner/work/devicelab/devicelab/envdump.zip: 1 file pushed, 0 skipped. 24.2 MB/s (1766 bytes in 0.000s)
== install envdump.zip
 devicelab envdump 
 by p0g-stack 
*******************
*********************
 Powered by KernelSU 
*********************
Archive:  /data/local/tmp/m.zip
  inflating: customize.sh
- Extracting module files
Archive:  /data/local/tmp/m.zip
  inflating: module.prop
  inflating: customize.sh
- devicelab envdump: written /data/local/tmp/customize-env.txt
- Done
- Module installed successfully!
== soft-reboot: 
== after soft-reboot (40s): [
  {
    "mount": "false",
    "enabled": "true",
    "update": "false",
    "versionCode": "1",
    "id": "devicelab_probe",
    "version": "1",
    "name": "devicelab probe",
    "author": "p0g-stack",
    "remove": "false",
    "web": "true",
    "action": "false",
    "description": "Observation module for devicelab. Its WebUI page is driven over DevTools."
  },
  {
    "description": "Stock Flutter counter app on flutter-webui (devicelab bring-up build).",
    "update": "false",
    "author": "p0g-stack",
    "enabled": "true",
    "remove": "false",
    "web": "true",
    "id": "flutter_webui_counter",
    "version": "0.1.5",
    "action": "false",
    "name": "flutter-webui Counter",
    "mount": "false",
    "versionCode": "6"
  },
  {
    "mount": "false",
    "enabled": "true",
    "action": "false",
    "update": "false",
    "id": "counter",
    "name": "Counter",
    "author": "Yuv",
    "web": "true",
    "remove": "false",
    "version": "v1.0.0",
    "versionCode": "1",
    "description": "A new Flutter project."
  },
  {
    "action": "false",
    "web": "true",
    "description": "The demo GUI. Flutter on top of the core.",
    "name": "Demo",
    "version": "v0.1.38",
    "versionCode": "38",
    "remove": "false",
    "author": "",
    "updateJson": "https://github.com/p0g-stack/demo/releases/latest/download/update.json",
    "enabled": "true",
    "id": "demo",
    "update": "false",
    "mount": "true"
  },
  {
    "name": "devicelab envdump",
    "auth
total 56
drwxrwxrwx 7 root root 4096 2026-10-02 01:42 .
drwx------ 6 root root 4096 2026-10-02 01:42 ..
drwxr-xr-x 3 root root 4096 2026-10-02 01:42 counter
drwxr-xr-x 8 root root 4096 2026-10-02 01:42 demo
drwxr-xr-x 2 root root 4096 2026-10-02 01:42 devicelab_envdump
drwxr-xr-x 3 root root 4096 2026-10-02 01:38 devicelab_probe
drwxr-xr-x 4 root root 4096 2026-10-02 01:42 flutter_webui_counter
/home/runner/work/devicelab/devicelab/out/labserver: 1 file pushed, 0 skipped. 215.1 MB/s (7843260 bytes in 0.035s)
Starting: Intent { cmp=com.dergoogler.mmrl.wx/.ui.activity.webui.WebUIActivity (has extras) }
Status: ok
Activity: com.dergoogler.mmrl.wx/.ui.activity.webui.WebUIActivity
https://mui.kernelsu.org/index.html
opened: intent
{"check":"targets","result":[{"socket": "webview_devtools_remote_9491", "type": "page", "url": "https://mui.kernelsu.org/index.html", "title": "devicelab probe"}]}
{"check":"globals","result":{"url":"https://mui.kernelsu.org/index.html","socket":"webview_devtools_remote_9491","value":{"ua":"WebUI X/438 (Linux; Android 15; sdk_gphone64_x86_64; KernelSU/32601)","origin":"https://mui.kernelsu.org","href":"https://mui.kernelsu.org/index.html","globals":["$DeFile","$DeFileInputStream","$DeFileOutputStream","$devicelab_probe","$intent","$packageManager","$userManager","ksu","webui"],"ksu":["exec","execBool","fullScreen","mmrl","moduleInfo","spawn","toast","exec","execBool","fullScreen","mmrl","moduleInfo","spawn","toast"]}}}
{"check":"ksu-exec","result":{"url":"https://mui.kernelsu.org/index.html","socket":"webview_devtools_remote_9491","value":{"code":0,"out":"uid=0(root) gid=0(root) groups=0(root) context=u:r:ksu:s0\nu:r:ksu:s0\u0000","err":""}}}
{"check":"ws-loopback","result":{"url":"https://mui.kernelsu.org/index.html","socket":"webview_devtools_remote_9491","value":{"got":["{\"origin\":\"https://mui.kernelsu.org\",\"peerUid\":10210,\"remote\":\"127.0.0.1:56092\",\"serverUid\":0,\"t\":1790905390487,\"uidSource\":\"/proc/net/tcp\"}","hi"],"ms":63}}}
{"check":"fetch-loopback","result":{"url":"https://mui.kernelsu.org/index.html","socket":"webview_devtools_remote_9491","value":{"origin":"https://mui.kernelsu.org","peerUid":10210,"remote":"127.0.0.1:56094","serverUid":0,"t":1790905390640,"uidSource":"/proc/net/tcp"}}}
{"check":"webview-uid","result":["webview_zygote 1053 webview_zygote", "u0_a210      10210 com.dergoogler.mmrl.wx", "root             0 com.dergoogler.mmrl.wx:root:0", "root             0 com.dergoogler.mmrl.wx:root:0", "u0_a151      10151 com.google.android.webview:webview_service", "u0_i9000     99000 com.google.android.webview:sandboxed_process0:org.chromium.content.app.SandboxedProcessService0:0"]}
{"check":"while-home-heartbeat","result":{"url":"https://mui.kernelsu.org/index.html","socket":"webview_devtools_remote_9491","value":{"now":12012,"vis":"hidden"}}}
{"check":"lifecycle","result":{"url":"https://mui.kernelsu.org/index.html","socket":"webview_devtools_remote_9491","value":{"events":[{"type":"pageshow","t":189,"vis":"visible"},{"type":"visibilitychange","t":5883,"vis":"hidden"},{"type":"visibilitychange","t":14185,"vis":"visible"}],"gaps":[{"from":5688,"ms":8497,"vis":"visible"}],"slow":{"heldMs":3002,"sentAt":1790905393872,"resolvedAt":1790905393880,"vis":"hidden"}}}}
{"check":"dev-url","result":{"error":"no page target","sockets":["webview_devtools_remote_9491"],"targets":[{"socket":"webview_devtools_remote_9491","port":9300,"description":"{\"attached\":true,\"empty\":false,\"height\":640,\"never_attached\":false,\"screenX\":0,\"screenY\":0,\"visible\":false,\"width\":320}","devtoolsFrontendUrl":"https://chrome-devtools-frontend.appspot.com/serve_internal_file/@7741f71cbce3b7dfe3eb5890976d2596364b0733/inspector.html?ws=127.0.0.1:9300/devtools/page/99150A1EA08C431D81B6BFA5E9A5ED74","id":"99150A1EA08C431D81B6BFA5E9A5ED74","title":"devicelab probe","type":"page","url":"https://mui.kernelsu.org/index.html","webSocketDebuggerUrl":"ws://127.0.0.1:9300/devtools/page/99150A1EA08C431D81B6BFA5E9A5ED74"}]}}
Starting: Intent { cmp=com.dergoogler.mmrl.wx/.ui.activity.webui.WebUIActivity (has extras) }
Status: ok
Activity: com.dergoogler.mmrl.wx/.ui.activity.webui.WebUIActivity
https://mui.kernelsu.org/index.html
opened: intent
{"check":"targets","result":[{"type": "page", "url": "https://mui.kernelsu.org/index.html", "title": "Flutter Demo"}]}
{"check":"page","result":{"url":"https://mui.kernelsu.org/index.html","socket":"webview_devtools_remote_9969","value":{"href":"https://mui.kernelsu.org/index.html","title":"Flutter Demo","ready":"complete","flutter":true,"glass":true,"nav":{"dcl":112,"load":586},"paint":{"first-paint":1094,"first-contentful-paint":2056},"glassAt":"present","firstFrame":null,"insets":"24px","vv":[320,640,1]}}}
{"check":"java-exceptions","result":["10-02 01:43:37.654  8985  9307 E dqod    : \tat dkqj.b(PG:13)", "10-02 01:43:37.654  8985  9307 E dqod    : \tat dqra.run(PG:30)", "10-02 01:43:37.654  8985  9307 E dqod    : \tat dqqd.execute(PG:1)", "10-02 01:43:37.654  8985  9307 E dqod    : \tat dqod.o(PG:1)", "10-02 01:43:37.654  8985  9307 E dqod    : \tat dqod.b(PG:41)", "10-02 01:43:37.654  8985  9307 E dqod    : \tat dqrh.s(PG:9)", "10-02 01:43:37.654  8985  9307 E dqod    : \tat dksz.l(PG:5)", "10-02 01:43:37.654  8985  9307 E dqod    : \tat cyat.a(PG:138)", "10-02 01:43:37.654  8985  9307 E dqod    : \tat bilp.a(PG:29)", "10-02 01:43:37.654  8985  9307 E dqod    : \tat cwzc.r(PG:24)", "10-02 01:43:37.654  8985  9307 E dqod    : \tat cwws.a(PG:5)", "--", "10-02 01:43:37.654  8985  9307 E dqod    : RuntimeException while executing runnable dqra{dkqj@a1f4e81} with executor MoreExecutors.directExecutor()", "10-02 01:43:37.654  8985  9307 E dqod    : java.lang.NullPointerException: Attempt to read from field 'java.lang.String cwru.b' on a null object reference in method 'void cyar.b(java.lang.Object)'", "10-02 01:43:37.654  8985  9307 E dqod    : \tat cyar.b(PG:11)", "10-02 01:43:37.654  8985  9307 E dqod    : \tat dkqj.b(PG:13)", "10-02 01:43:37.654  8985  9307 E dqod    : \tat dqra.run(PG:30)", "10-02 01:43:37.654  8985  9307 E dqod    : \tat dqqd.execute(PG:1)", "10-02 01:43:37.654  8985  9307 E dqod    : \tat dqod.o(PG:1)", "10-02 01:43:37.654  8985  9307 E dqod    : \tat dqod.b(PG:41)", "10-02 01:43:37.654  8985  9307 E dqod    : \tat dqrh.s(PG:9)", "10-02 01:43:37.654  8985  9307 E dqod    : \tat dksz.l(PG:5)", "10-02 01:43:37.654  8985  9307 E dqod    : \tat cyat.a(PG:138)", "10-02 01:43:37.654  8985  9307 E dqod    : \tat bilp.a(PG:29)", "10-02 01:43:37.654  8985  9307 E dqod    : \tat cwzc.r(PG:24)", "10-02 01:43:37.654  8985  9307 E dqod    : \tat cwws.a(PG:5)", "--", "10-02 01:43:38.523  7560  7579 I ChimeraSrvcProxy: NullBinder for android.net.action.RECOMMEND_NETWORKS triggering remote TransactionTooLargeException due to Service without Chimera impl", "10-02 01:43:38.523  7560  7579 W .gms.persistent: Large reply transaction of 1056768 bytes, interface descriptor , code 1", "10-02 01:43:38.523  9313  9375 I BugleRcsEngine: handleMessage processing message:[NOTIFY_UPTIME_IGNORE_STATE_CHANGED] with [non-null]:RcsEngineImpl reference [CONTEXT log_prefix=\"RcsEngineImpl[DUAL_REG]:[7dca5faa-f184]>Handler\" thread_id=61 ]", "10-02 01:43:38.524  9313  9371 I BugleRcsEngine: Connected state: [1], networkType: [WIFI] [CONTEXT thread_id=58 ]", "10-02 01:43:38.734  7560  7560 D BoundBrokerSvc: onUnbind: Intent { act=com.google.android.gms.scheduler.ACTION_PROXY_SCHEDULE dat=chimera-action:/... cmp=com.google.android.gms/.chimera.PersistentDirectBootAwareApiService }", "10-02 01:43:40.022  7115  7129 D OomAdjuster: Not killing cached processes", "10-02 01:43:40.022  7560  7560 D BoundBrokerSvc: onUnbind: Intent { act=com.google.android.gms.clearcut.service.START dat=chimera-action:/... cmp=com.google.android.gms/.chimera.PersistentDirectBootAwareApiService }", "10-02 01:43:40.046  7115  7204 D ActivityManager: freezing 8824 com.google.android.settings.intelligence", "10-02 01:43:40.047  7115  7204 D ActivityManager: freezing 7471 com.android.settings", "10-02 01:43:40.048  7115  7261 D InetDiagMessage: Destroyed 0 sockets, proto=IPPROTO_TCP, family=AF_INET, states=14", "10-02 01:43:40.049  7115  7261 D InetDiagMessage: Destroyed 0 sockets, proto=IPPROTO_TCP, family=AF_INET6, states=14", "10-02 01:43:40.049  7115  7261 D InetDiagMessage: Destroyed live tcp sockets for uids={10140} in 1ms", "10-02 01:43:40.744  7115  7204 D ActivityManager: freezing 9594 com.google.android.webview:webview_service"]}
{"check":"console-errors","result":["--------- beginning of main", "10-02 01:43:30.648 10061 10084 W chromium: [WARNING:runtime_features.cc(694)] SharedStorage for M118+ cannot be enabled in this configuration. Use --enable-features=SharedStorageAPI,SharedStorageAPIM118 in addition.", "10-02 01:43:30.848 10061 10084 I chromium: [INFO:viewport_data.cc(133)] E2E_Used ViewportFitCover", "10-02 01:43:30.906  9969  9969 I chromium: [INFO:CONSOLE(53)] \"Injecting <script> tag. Using callback.\", source:  (53)", "10-02 01:43:34.411  8932  9853 W chromium: [WARNING:ev_root_ca_metadata.cc(119)] Not implemented", "10-02 01:43:34.632  8932  8932 W chromium: [WARNING:controller_impl.cc(1191)] Background download complete, client: 6, completion type: 0, file size:5154", "10-02 01:43:34.775  8932  8932 W chromium: [WARNING:controller_impl.cc(1191)] Background download complete, client: 6, completion type: 0, file size:45147", "10-02 01:43:34.931 10138 10148 I chromium: [INFO:child_process_service.cc(70)] ChildProcessService: Exiting child process.", "10-02 01:43:35.070  8932  8932 W chromium: [WARNING:controller_impl.cc(1191)] Background download complete, client: 6, completion type: 0, file size:609005", "10-02 01:43:35.151  8932  8932 W chromium: [WARNING:controller_impl.cc(1191)] Background download complete, client: 6, completion type: 0, file size:2200227", "10-02 01:43:35.187  8932  8932 W chromium: [WARNING:controller_impl.cc(1191)] Background download complete, client: 6, completion type: 0, file size:214315", "10-02 01:43:35.199 10155 10166 I chromium: [INFO:child_process_service.cc(70)] ChildProcessService: Exiting child process.", "10-02 01:43:35.286 10173 10192 I chromium: [INFO:child_process_service.cc(70)] ChildProcessService: Exiting child process.", "10-02 01:43:35.287 10183 10201 I chromium: [INFO:child_process_service.cc(70)] ChildProcessService: Exiting child process."]}
{"check":"first-frame-warm","result":{"url":"https://mui.kernelsu.org/index.html","socket":"webview_devtools_remote_9969","value":{"firstFrameMs":385,"now":15046,"flutter":true,"resizes":[],"paint":{"first-paint":863,"first-contentful-paint":863},"calls":[[36,"at-preload","ksu:undefined webui:undefined"],[41,"ksu-defined"],[46,"wrap-failed","exec"],[48,"wrap-failed","spawn"],[51,"wrap-failed","moduleInfo"],[52,"wrap-failed","fullScreen"],[52,"wrap-failed","toast"]],"resources":[["/internal/insets.css",32,53,"link",0],["/flutter_webui.css",32,56,"link",0],["/flutter_webui.js",32,58,"script",0],["/flutter_bootstrap.js",33,57,"script",0],["/internal/assets/ext/require.js",33,53,"script",0],["/canvaskit/chromium/canvaskit.wasm",103,153,"fetch",0],["/canvaskit/chromium/canvaskit.js",104,120,"other",0],["/main.dart.js",104,134,"script",0],["/assets/FontManifest.json",315,328,"fetch",0],["/assets/fonts/MaterialIcons-Regular.otf",329,339,"fetch",0],["/assets/packages/cupertino_icons/assets/CupertinoIcons.ttf",330,337,"fetch",0],["/assets/fonts/fallback/Roboto-Regular.ttf",330,338,"fetch",0],["/favicon.ico",331,334,"other",0]],"marks":[["flutter_webui:register",341],["flutter_webui:registered",343],["flutter_webui:first-frame",385]],"measures":[],"fonts":[]}}}
{"check":"root-start","result":{"url":"https://mui.kernelsu.org/index.html","socket":"webview_devtools_remote_9969","value":{"code":0,"out":"","err":"","ms":80}}}
{"check":"session","result":{"url":"https://mui.kernelsu.org/index.html","socket":"webview_devtools_remote_9969","value":{"status":200,"ms":13,"protocol":1,"version":"0.1.0","port":35327,"pid":10275,"tokenLen":43}}}
{"check":"ws-hello","result":{"url":"https://mui.kernelsu.org/index.html","socket":"webview_devtools_remote_9969","value":{"first":"{\"op\":\"hello\",\"protocol\":1,\"version\":\"0.1.0\",\"pid\":10275,\"boot\":\"402fea8d-3346-4145-8a81-64666f961633\",\"uid\":0,\"moduleDir\":\"/data/adb/modules/flutter_webui_counter\"}"}}}
{"check":"channel-process","result":"USER           UID LABEL                            PID NAME                       \nroot             0 u:r:ksu:s0                     10275 ld-linux-x86-64.so.2\nexe=/data/adb/modules/flutter_webui_counter/flutter_webui/x86_64/ld-linux-x86-64.so.2\n/data/adb/modules/flutter_webui_counter/flutter_webui/x86_64/ld-linux-x86-64.so.2 --library-path /data/adb/modules/flutter_webui_counter/flutter_webui/x86_64 /data/adb/modules/flutter_webui_counter/flutter_webui/x86_64/dartaotruntime /data/adb/modules/flutter_webui_counter/flutter_webui/x86_64/flutter_webui_root.aot serve --module-dir /data/adb/modules/flutter_webui_counter \narm64-v8a\nroot\nx86_64\n/data/adb/modules/flutter_webui_counter/flutter_webui/arm64-v8a:\ndartaotruntime\nflutter_webui_root.aot\nld-linux-aarch64.so.1\nlibc.so.6\nlibdl.so.2\nlibm.so.6\nlibpthread.so.0\n\n/data/adb/modules/flutter_webui_counter/flutter_webui/x86_64:\ndartaotruntime\nflutter_webui_root.aot\nld-linux-x86-64.so.2\nlibc.so.6\nlibdl.so.2\nlibm.so.6\nlibpthread.so.0"}
{"check":"root-log","result":"2026-10-02T01:44:02.583338 listening on 127.0.0.1:35327"}
{"check":"session-mode","result":"total 44\ndrwx--x--x 3 root root 4096 2026-10-02 01:44 .\ndrwxr-xr-x 7 root root 4096 2026-10-02 01:44 ..\n-rw------- 1 root root    0 2026-10-02 01:44 lock\ndrwx------ 2 root root 4096 2026-10-02 01:44 proc\n-rw------- 1 root root   56 2026-10-02 01:44 root.log\n-rw-r--r-- 1 root root  197 2026-10-02 01:44 session.json"}
{"check":"home-resume","result":{"url":"https://mui.kernelsu.org/index.html","socket":"webview_devtools_remote_9969","value":{"events":[["visibilitychange","hidden",15929],["visibilitychange","visible",23040]],"ticks":13,"vis":"visible","hasFocus":false}}}
{"check":"before-back","result":{"url":"https://mui.kernelsu.org/index.html","socket":"webview_devtools_remote_9969","value":{"historyLength":1,"historyState":"{\"flutter\":true}","href":"https://mui.kernelsu.org/index.html","typeofWebui":"object","typeofWebuiExit":"function","typeofKsuExit":"undefined","webuiKeys":["exit","getAdditionalConfig","getApplication","getCurrentApplication","getCurrentRootManager","isDebug","openFile","setRefreshing","setRefreshingEnabled","startActivity"],"wrapped":"not writable"}}}
{"check":"back-events","result":{"error":"no page target","sockets":[],"targets":[]}}
{"check":"back-console","result":["10-02 01:44:13.629  7115  9098 I ActivityManager: Killing 10061:com.google.android.webview:sandboxed_process0:org.chromium.content.app.SandboxedProcessService0:0/u0a210i1 (adj 0): isolated not needed"]}
{"check":"back-at-root","result":"topResumedActivity=ActivityRecord{bc52936 u0 com.google.android.apps.nexuslauncher/.NexusLauncherActivity t13}"}
Starting: Intent { cmp=com.dergoogler.mmrl.wx/.ui.activity.webui.WebUIActivity (has extras) }
Status: ok
Activity: com.dergoogler.mmrl.wx/.ui.activity.webui.WebUIActivity
https://mui.kernelsu.org/index.html
opened: intent
{"check":"targets","result":[{"type": "page", "url": "https://mui.kernelsu.org/index.html", "title": "Flutter Demo"}]}
{"check":"page","result":{"url":"https://mui.kernelsu.org/index.html","socket":"webview_devtools_remote_10420","value":{"href":"https://mui.kernelsu.org/index.html","title":"Flutter Demo","ready":"complete","flutter":true,"glass":true,"nav":{"dcl":99,"load":403},"paint":{"first-paint":1160,"first-contentful-paint":1160},"glassAt":"present","firstFrame":null,"insets":"24px","vv":[320,640,1]}}}
{"check":"java-exceptions","result":["10-02 01:44:18.214 10420 10420 E JavaScriptInterfaceImplementation.createNewWX(...): java.lang.NoSuchMethodException: com.dergoogler.mmrl.hybridwebui.interfaces.prebuilt.FileChooserInterface.<init> [class com.dergoogler.mmrl.webui.interfaces.WXOptions]", "10-02 01:44:18.214 10420 10420 E JavaScriptInterfaceImplementation.createNewWX(...): \tat java.lang.Class.getConstructor0(Class.java:3395)", "10-02 01:44:18.214 10420 10420 E JavaScriptInterfaceImplementation.createNewWX(...): \tat java.lang.Class.getDeclaredConstructor(Class.java:3077)", "10-02 01:44:18.214 10420 10420 E JavaScriptInterfaceImplementation.createNewWX(...): \tat com.dergoogler.mmrl.ext.JavaScriptInterfaceExtKt.createNewWX(JavaScriptInterfaceExt.kt:16)", "10-02 01:44:18.214 10420 10420 E JavaScriptInterfaceImplementation.createNewWX(...): \tat com.dergoogler.mmrl.webui.view.WebUIView.addJavascriptInterface(WebUIView.kt:267)", "10-02 01:44:18.214 10420 10420 E JavaScriptInterfaceImplementation.createNewWX(...): \tat com.dergoogler.mmrl.wx.ui.activity.webui.WebUIActivity.init$lambda$4$lambda$3$lambda$2(WebUIActivity.kt:219)", "10-02 01:44:18.214 10420 10420 E JavaScriptInterfaceImplementation.createNewWX(...): \tat com.dergoogler.mmrl.wx.ui.activity.webui.WebUIActivity.$r8$lambda$_nZAC8A9f41jkM28VFfiLo2SZbA(Unknown Source:0)", "10-02 01:44:18.214 10420 10420 E JavaScriptInterfaceImplementation.createNewWX(...): \tat com.dergoogler.mmrl.wx.ui.activity.webui.WebUIActivity$$ExternalSyntheticLambda2.invoke(D8$$SyntheticClass:0)", "10-02 01:44:18.214 10420 10420 E JavaScriptInterfaceImplementation.createNewWX(...): \tat com.dergoogler.mmrl.hybridwebui.HybridWebUI.setupDependencies(HybridWebUI.kt:106)", "10-02 01:44:18.214 10420 10420 E JavaScriptInterfaceImplementation.createNewWX(...): \tat com.dergoogler.mmrl.hybridwebui.HybridWebUI.onAttachedToWindow(HybridWebUI.kt:77)", "10-02 01:44:18.214 10420 10420 E JavaScriptInterfaceImplementation.createNewWX(...): \tat android.view.View.dispatchAttachedToWindow(View.java:22860)", "10-02 01:44:18.214 10420 10420 E JavaScriptInterfaceImplementation.createNewWX(...): \tat android.view.ViewGroup.dispatchAttachedToWindow(ViewGroup.java:3492)", "10-02 01:44:18.214 10420 10420 E JavaScriptInterfaceImplementation.createNewWX(...): \tat android.view.ViewGroup.dispatchAttachedToWindow(ViewGroup.java:3499)", "10-02 01:44:18.214 10420 10420 E JavaScriptInterfaceImplementation.createNewWX(...): \tat android.view.ViewGroup.dispatchAttachedToWindow(ViewGroup.java:3499)", "10-02 01:44:18.214 10420 10420 E JavaScriptInterfaceImplementation.createNewWX(...): \tat android.view.ViewGroup.dispatchAttachedToWindow(ViewGroup.java:3499)", "10-02 01:44:18.214 10420 10420 E JavaScriptInterfaceImplementation.createNewWX(...): \tat android.view.ViewGroup.dispatchAttachedToWindow(ViewGroup.java:3499)", "10-02 01:44:18.214 10420 10420 E JavaScriptInterfaceImplementation.createNewWX(...): \tat android.view.ViewGroup.dispatchAttachedToWindow(ViewGroup.java:3499)", "--", "10-02 01:44:18.265  7560 10557 W FontLog : java.lang.IllegalStateException: Cannot perform this operation because the connection pool has been closed.", "10-02 01:44:18.265  7560 10557 W FontLog : \tat android.database.sqlite.SQLiteConnectionPool.throwIfClosedLocked(SQLiteConnectionPool.java:1103)", "10-02 01:44:18.265  7560 10557 W FontLog : \tat android.database.sqlite.SQLiteConnectionPool.waitForConnection(SQLiteConnectionPool.java:794)", "10-02 01:44:18.265  7560 10557 W FontLog : \tat android.database.sqlite.SQLiteConnectionPool.acquireConnection(SQLiteConnectionPool.java:399)", "10-02 01:44:18.265  7560 10557 W FontLog : \tat android.database.sqlite.SQLiteSession.acquireConnection(SQLiteSession.java:920)", "10-02 01:44:18.265  7560 10557 W FontLog : \tat android.database.sqlite.SQLiteSession.executeForChangedRowCount(SQLiteSession.java:778)", "10-02 01:44:18.265  7560 10557 W FontLog : \tat android.database.sqlite.SQLiteStatement.executeUpdateDelete(SQLiteStatement.java:67)", "10-02 01:44:18.265  7560 10557 W FontLog : \tat android.database.sqlite.SQLiteDatabase.executeSql(SQLiteDatabase.java:2207)", "10-02 01:44:18.265  7560 10557 W FontLog : \tat android.database.sqlite.SQLiteDatabase.execSQL(SQLiteDatabase.java:2183)", "10-02 01:44:18.265  7560 10557 W FontLog : \tat bbkg.run(:com.google.android.gms@242335041@24.23.35 (190800-646585959):57)", "10-02 01:44:18.265  7560 10557 W FontLog : \tat angs.c(:com.google.android.gms@242335041@24.23.35 (190800-646585959):50)", "10-02 01:44:18.265  7560 10557 W FontLog : \tat angs.run(:com.google.android.gms@242335041@24.23.35 (190800-646585959):76)", "10-02 01:44:18.265  7560 10557 W FontLog : \tat java.util.concurrent.ThreadPoolExecutor.runWorker(ThreadPoolExecutor.java:1145)"]}
{"check":"console-errors","result":["--------- beginning of main", "10-02 01:44:17.946 10420 10493 I chromium: [1002/014417.946326:INFO:variations_seed_loader.cc(66)] Failed to open file for reading.: No such file or directory (2)", "10-02 01:44:18.037 10420 10510 E chromium: [ERROR:simple_file_enumerator.cc(21)] opendir /data/user/0/com.dergoogler.mmrl.wx/cache/WebView/Default/HTTP Cache/Code Cache/js: No such file or directory (2)", "10-02 01:44:18.037 10420 10510 E chromium: [ERROR:simple_index_file.cc(614)] Could not reconstruct index from disk", "10-02 01:44:18.037 10420 10510 E chromium: [ERROR:simple_file_enumerator.cc(21)] opendir /data/user/0/com.dergoogler.mmrl.wx/cache/WebView/Default/HTTP Cache/Code Cache/wasm: No such file or directory (2)", "10-02 01:44:18.037 10420 10510 E chromium: [ERROR:simple_index_file.cc(614)] Could not reconstruct index from disk", "10-02 01:44:18.179 10498 10535 W chromium: [WARNING:runtime_features.cc(694)] SharedStorage for M118+ cannot be enabled in this configuration. Use --enable-features=SharedStorageAPI,SharedStorageAPIM118 in addition.", "10-02 01:44:18.399 10420 10420 I chromium: [INFO:CONSOLE(53)] \"Injecting <script> tag. Using callback.\", source:  (53)"]}
{"check":"first-frame-warm","result":{"url":"https://mui.kernelsu.org/index.html","socket":"webview_devtools_remote_10420","value":{"firstFrameMs":373,"now":15052,"flutter":true,"resizes":[],"paint":{"first-paint":767,"first-contentful-paint":767},"calls":[[26,"at-preload","ksu:undefined webui:undefined"],[31,"ksu-defined"],[37,"wrap-failed","exec"],[39,"wrap-failed","spawn"],[39,"wrap-failed","moduleInfo"],[40,"wrap-failed","fullScreen"],[43,"wrap-failed","toast"]],"resources":[["/flutter_bootstrap.js",23,47,"script",0],["/internal/assets/ext/require.js",24,46,"script",0],["/canvaskit/chromium/canvaskit.wasm",84,127,"fetch",0],["/canvaskit/chromium/canvaskit.js",84,100,"other",0],["/main.dart.js",85,111,"script",0],["/assets/FontManifest.json",305,317,"fetch",0],["/assets/fonts/MaterialIcons-Regular.otf",319,327,"fetch",0],["/assets/packages/cupertino_icons/assets/CupertinoIcons.ttf",320,326,"fetch",0],["/assets/fonts/fallback/Roboto-Regular.ttf",320,328,"fetch",0],["/favicon.png",321,327,"other",0],["/favicon.png",766,775,"other",0]],"marks":[],"measures":[],"fonts":[]}}}
Starting: Intent { cmp=com.dergoogler.mmrl.wx/.ui.activity.webui.WebUIActivity (has extras) }
Status: ok
Activity: com.dergoogler.mmrl.wx/.ui.activity.webui.WebUIActivity
https://mui.kernelsu.org/index.html
opened: intent
{"check":"targets","result":[{"type": "page", "url": "https://mui.kernelsu.org/index.html", "title": "Demo"}]}
{"check":"page","result":{"url":"https://mui.kernelsu.org/index.html","socket":"webview_devtools_remote_10628","value":{"href":"https://mui.kernelsu.org/index.html","title":"Demo","ready":"complete","flutter":true,"glass":true,"nav":{"dcl":216,"load":613},"paint":{"first-paint":1188,"first-contentful-paint":1949},"glassAt":"present","firstFrame":null,"insets":"24px","vv":[320,640,1]}}}
{"check":"java-exceptions","result":["10-02 01:45:06.561  7560 10766 W TapAndPay: \tat dhwn.<init>(:com.google.android.gms@242335041@24.23.35 (190800-646585959):15)", "10-02 01:45:06.561  7560 10766 W TapAndPay: \tat com.google.android.gms.tapandpay.hce.task.TapAndPayAidRegistrationTaskOperation.a(:com.google.android.gms@242335041@24.23.35 (190800-646585959):50)", "10-02 01:45:06.561  7560 10766 W TapAndPay: \tat com.google.android.gms.tapandpay.gcmtask.TapAndPayGcmTaskChimeraService.a(:com.google.android.gms@242335041@24.23.35 (190800-646585959):32)", "10-02 01:45:06.561  7560 10766 W TapAndPay: \tat bpjj.call(:com.google.android.gms@242335041@24.23.35 (190800-646585959):32)", "10-02 01:45:06.561  7560 10766 W TapAndPay: \tat java.util.concurrent.FutureTask.run(FutureTask.java:264)", "10-02 01:45:06.561  7560 10766 W TapAndPay: \tat angs.c(:com.google.android.gms@242335041@24.23.35 (190800-646585959):50)", "10-02 01:45:06.561  7560 10766 W TapAndPay: \tat angs.run(:com.google.android.gms@242335041@24.23.35 (190800-646585959):76)", "10-02 01:45:06.561  7560 10766 W TapAndPay: \tat java.util.concurrent.ThreadPoolExecutor.runWorker(ThreadPoolExecutor.java:1145)", "10-02 01:45:06.561  7560 10766 W TapAndPay: \tat java.util.concurrent.ThreadPoolExecutor$Worker.run(ThreadPoolExecutor.java:644)", "10-02 01:45:06.561  7560 10766 W TapAndPay: \tat anmg.run(:com.google.android.gms@242335041@24.23.35 (190800-646585959):8)", "10-02 01:45:06.561  7560 10766 W TapAndPay: \tat java.lang.Thread.run(Thread.java:1012)", "--", "10-02 01:45:06.768  7560  9405 W GLSUser : [AppCertManager] Exception while requesting key: ", "10-02 01:45:06.768  7560  9405 W GLSUser : java.util.concurrent.ExecutionException: bpcw: Parse Proto Exception with response code 400", "10-02 01:45:06.768  7560  9405 W GLSUser : \tat etvr.s(:com.google.android.gms@242335041@24.23.35 (190800-646585959):21)", "10-02 01:45:06.768  7560  9405 W GLSUser : \tat etvr.get(:com.google.android.gms@242335041@24.23.35 (190800-646585959):10)", "10-02 01:45:06.768  7560  9405 W GLSUser : \tat yfw.b(:com.google.android.gms@242335041@24.23.35 (190800-646585959):477)", "10-02 01:45:06.768  7560  9405 W GLSUser : \tat yfu.b(:com.google.android.gms@242335041@24.23.35 (190800-646585959):31)", "10-02 01:45:06.768  7560  9405 W GLSUser : \tat yfp.a(:com.google.android.gms@242335041@24.23.35 (190800-646585959):1)", "10-02 01:45:06.768  7560  9405 W GLSUser : \tat yfs.a(:com.google.android.gms@242335041@24.23.35 (190800-646585959):58)", "10-02 01:45:06.768  7560  9405 W GLSUser : \tat uou.call(:com.google.android.gms@242335041@24.23.35 (190800-646585959):56)", "10-02 01:45:06.768  7560  9405 W GLSUser : \tat java.util.concurrent.FutureTask.run(FutureTask.java:264)", "10-02 01:45:06.768  7560  9405 W GLSUser : \tat angs.c(:com.google.android.gms@242335041@24.23.35 (190800-646585959):50)", "10-02 01:45:06.768  7560  9405 W GLSUser : \tat angs.run(:com.google.android.gms@242335041@24.23.35 (190800-646585959):76)", "10-02 01:45:06.768  7560  9405 W GLSUser : \tat java.util.concurrent.ThreadPoolExecutor.runWorker(ThreadPoolExecutor.java:1145)", "10-02 01:45:06.768  7560  9405 W GLSUser : \tat java.util.concurrent.ThreadPoolExecutor$Worker.run(ThreadPoolExecutor.java:644)", "--", "10-02 01:45:06.768  7560  9405 W GLSUser : Caused by: bpcw: Parse Proto Exception with response code 400", "10-02 01:45:06.768  7560  9405 W GLSUser : \tat bpdw.b(:com.google.android.gms@242335041@24.23.35 (190800-646585959):80)", "10-02 01:45:06.768  7560  9405 W GLSUser : \tat bpgb.e(:com.google.android.gms@242335041@24.23.35 (190800-646585959):17)", "10-02 01:45:06.768  7560  9405 W GLSUser : \tat bpgp.onSucceeded(:com.google.android.gms@242335041@24.23.35 (190800-646585959):7)", "10-02 01:45:06.768  7560  9405 W GLSUser : \tat m.mw.onSucceeded(:com.google.android.gms.dynamite_cronetdynamite@242335041@24.23.35 (190800-0):3)", "10-02 01:45:06.768  7560  9405 W GLSUser : \tat m.lt.run(:com.google.android.gms.dynamite_cronetdynamite@242335041@24.23.35 (190800-0):25)", "10-02 01:45:06.768  7560  9405 W GLSUser : \t... 6 more", "10-02 01:45:06.768  7560  9405 W GLSUser : Caused by: fkhe: Protocol message contained an invalid tag (zero).", "10-02 01:45:06.768  7560  9405 W GLSUser : \tat fkea.k(:com.google.android.gms@242335041@24.23.35 (190800-646585959):39)", "10-02 01:45:06.768  7560  9405 W GLSUser : \tat fkid.c(:com.google.android.gms@242335041@24.23.35 (190800-646585959):309)", "10-02 01:45:06.768  7560  9405 W GLSUser : \tat fkid.i(:com.google.android.gms@242335041@24.23.35 (190800-646585959):8)", "10-02 01:45:06.768  7560  9405 W GLSUser : \tat fkgi.fe(:com.google.android.gms@242335041@24.23.35 (190800-646585959):25)", "10-02 01:45:06.768  7560  9405 W GLSUser : \tat fkgc.g(:com.google.android.gms@242335041@24.23.35 (190800-646585959):3)"]}
{"check":"console-errors","result":["--------- beginning of main", "10-02 01:44:50.981 10628 10708 I chromium: [1002/014450.981439:INFO:variations_seed_loader.cc(66)] Failed to open file for reading.: No such file or directory (2)", "10-02 01:44:51.211 10712 10748 W chromium: [WARNING:runtime_features.cc(694)] SharedStorage for M118+ cannot be enabled in this configuration. Use --enable-features=SharedStorageAPI,SharedStorageAPIM118 in addition.", "10-02 01:44:51.380 10712 10748 I chromium: [INFO:viewport_data.cc(133)] E2E_Used ViewportFitCover", "10-02 01:44:51.522 10628 10628 I chromium: [INFO:CONSOLE(53)] \"Injecting <script> tag. Using callback.\", source:  (53)"]}
{"check":"first-frame-warm","result":{"url":"https://mui.kernelsu.org/index.html","socket":"webview_devtools_remote_10628","value":{"firstFrameMs":546,"now":15052,"flutter":true,"resizes":[],"paint":{"first-paint":1056,"first-contentful-paint":1056},"calls":[[42,"at-preload","ksu:undefined webui:undefined"],[51,"ksu-defined"],[63,"wrap-failed","exec"],[64,"wrap-failed","spawn"],[70,"wrap-failed","moduleInfo"],[70,"wrap-failed","fullScreen"],[70,"wrap-failed","toast"]],"resources":[["/internal/insets.css",29,71,"link",0],["/internal/colors.css",29,72,"link",0],["/flutter_webui.css",29,73,"link",0],["/flutter_webui.js",30,74,"script",0],["/flutter_bootstrap.js",30,77,"script",0],["/internal/assets/ext/require.js",30,74,"script",0],["/canvaskit/chromium/canvaskit.wasm",120,159,"fetch",0],["/canvaskit/chromium/canvaskit.js",120,133,"other",0],["/main.dart.js",120,151,"script",0],["/assets/FontManifest.json",412,422,"fetch",0],["/favicon.ico",416,422,"other",0],["/assets/fonts/MaterialIcons-Regular.otf",424,434,"fetch",0],["/assets/fonts/fallback/Roboto-Regular.ttf",424,435,"fetch",0],["/internal/colors.css",447,1047,"fetch",0],["/pkg/demo_native.js",1048,1137,"fetch",0]],"marks":[["flutter_webui:register",439],["flutter_webui:registered",440],["flutter_webui:register",442],["flutter_webui:registered",442],["flutter_webui:first-frame",546]],"measures":[],"fonts":[]}}}
{"url":"https://mui.kernelsu.org/index.html","socket":"webview_devtools_remote_10628","value":"semantics on"}
{"check":"home","result":{"url":"https://mui.kernelsu.org/index.html","socket":"webview_devtools_remote_10628","value":["Squadron","Process","native","net","Say hello","Count to 5","SHA-256","Demo pages\nOne page per thing the stack promises.","Places","Strategy","Rust","Lifecycle","Shell","Plugins"]}}
{"check":"colors-css","result":{"url":"https://mui.kernelsu.org/index.html","socket":"webview_devtools_remote_10628","value":{"status":200,"type":"text/css","body":":root {\n\t/* App Base Colors */\n\t--background: #faf8ffff;\n\t--error: #b3261eff;\n\t--errorContainer: #f9dedcff;\n\t--inverseOnSurface: #e3e2e9ff;\n\t--inversePrimary: #b2c5ffff;\n\t--inverseSurface: #121318ff;\n\t--onBackground: #1a1b21ff;\n\t--onError: #ffffffff;\n\t--onErrorContainer: #410e0bff;\n\t--onPrimary: #ffffffff;\n\t--onPrimaryContainer: #001849ff;\n\t--onSecondary: #ffffffff;\n\t--onSecondaryContainer: #151b2cff;\n\t--onSurface: #1a1b21ff;\n\t--onSurfaceVariant: #45464fff;\n\t--onTertiary: #ffffffff;\n\t--onTertiaryContainer: #2b122bff;\n\t--outline: #757780ff;\n\t--outlineVariant: #c5c6d0ff;\n\t--primary: #495d92ff;\n\t--primaryContainer: #dae2ffff;\n\t--scrim: #000000ff;\n\t--secondary: #585e71ff;\n\t--secondaryContainer: #dde2f9ff;\n\t--surface: #faf8ffff;\n\t--tonalSurface: #f1f0f9ff;\n\t--surfaceBright: #faf8ffff;\n\t--surfaceContainer: #eeedf4ff;\n\t--surfaceContainerHigh: #e8e7efff;\n\t--surfaceContainerHighest: #e3e2e9ff;\n\t--surfaceContainerLow: #f4f3faff;\n\t--surfaceContainerLowest: #ffffffff;\n\t--surfaceDim: #dad9e0ff;\n\t--surfaceTint: #495d92ff;\n\t--surfaceVariant: #e1e2ecff;\n\t--tertiary: #735471ff;\n\t--tertiaryContainer: #fed6f9ff;\n\t/* Filled Tonal Button Colors */\n\t--filledTonalButtonContainerColor: #dde2f9ff;\n\t--filledTonalButtonContentColor: #151b2cff;\n\t--filledTonalButtonDisabledContainerColor: #1a1b211f;\n\t--filledTonalButtonDisabledContentColor: #1a1b2161;\n\t/* Filled Card Colors */\n\t--filledCardContainerColor: #e3e2e9ff;\n\t--filledCardContentColor: #1a1b21ff;\n\t--filledCardDisabledContainerColor: #e2e2eaff;\n\t--"}}}
{"check":"wasm-at-home","result":{"url":"https://mui.kernelsu.org/index.html","socket":"webview_devtools_remote_10628","value":{"wasm":[{"name":"chromium/canvaskit.wasm","start":120,"dur":40}],"marks":[{"name":"flutter_webui:register","t":439},{"name":"flutter_webui:registered","t":440},{"name":"flutter_webui:register","t":442},{"name":"flutter_webui:registered","t":442},{"name":"flutter_webui:first-frame","t":546}],"measures":[],"now":18604}}}
{"check":"tap-places","result":{"url":"https://mui.kernelsu.org/index.html","socket":"webview_devtools_remote_10628","value":"tapped Places at 16,572 size 288x56 role button tappable"}}
{"check":"places","result":{"url":"https://mui.kernelsu.org/index.html","socket":"webview_devtools_remote_10628","value":["Back\nBack","One service, DemoService, opened in every place this build knows. Each place probes its own facts from inside; the page never guesses from the platform it was built for.","200k","1M","3M","Count primes in every place","Restart places","inline (the caller)\nkind: inline\nstart 252 ms, first facts() round trip 133 ms\nroot\ncheck: effective uid 0\nblock_devices\ncheck: a kernel-listed block device opens for reading\nusb.native\ncheck: /dev/bus/usb lists\nusb.web\ncheck: navigator.usb exists\nprocess.spawn\ncheck: a shell runs\nfs.persistent\ncheck: working dir writable, or storage persisted\nnet\ncheck: a non-loopback interface is up, or onLine\nnative\ncheck: null","worker (isolate or Web Worker)\nkind: web_worker\nstart 307 ms, first facts() round trip 63 ms\nroot\ncheck: effective uid 0\nblock_devices\ncheck: a kernel-listed block device opens for reading\nusb.native\ncheck: /dev/bus/usb lists\nusb.web\ncheck: navigator.usb exists\nprocess.spawn\ncheck: a shell runs\nfs.persistent\ncheck: working dir writable, or storage persisted\nnet\ncheck: a non-loopback interface is up, or onLine\nnative\ncheck: null","Places","Strategy","Rust","Lifecycle","Shell","Plugins"]}}
{"check":"places-scroll-1","result":{"url":"https://mui.kernelsu.org/index.html","socket":"webview_devtools_remote_10628","value":["Back\nBack","200k","1M","3M","Count primes in every place","Restart places","inline (the caller)\nkind: inline\nstart 252 ms, first facts() round trip 133 ms\nroot\ncheck: effective uid 0\nblock_devices\ncheck: a kernel-listed block device opens for reading\nusb.native\ncheck: /dev/bus/usb lists\nusb.web\ncheck: navigator.usb exists\nprocess.spawn\ncheck: a shell runs\nfs.persistent\ncheck: working dir writable, or storage persisted\nnet\ncheck: a non-loopback interface is up, or onLine\nnative\ncheck: null","worker (isolate or Web Worker)\nkind: web_worker\nstart 307 ms, first facts() round trip 63 ms\nroot\ncheck: effective uid 0\nblock_devices\ncheck: a kernel-listed block device opens for reading\nusb.native\ncheck: /dev/bus/usb lists\nusb.web\ncheck: navigator.usb exists\nprocess.spawn\ncheck: a shell runs\nfs.persistent\ncheck: working dir writable, or storage persisted\nnet\ncheck: a non-loopback interface is up, or onLine\nnative\ncheck: null","Places","Strategy","Rust","Lifecycle","Shell","Plugins"]}}
{"check":"places-scroll-2","result":{"url":"https://mui.kernelsu.org/index.html","socket":"webview_devtools_remote_10628","value":["Back\nBack","inline (the caller)\nkind: inline\nstart 252 ms, first facts() round trip 133 ms\nroot\ncheck: effective uid 0\nblock_devices\ncheck: a kernel-listed block device opens for reading\nusb.native\ncheck: /dev/bus/usb lists\nusb.web\ncheck: navigator.usb exists\nprocess.spawn\ncheck: a shell runs\nfs.persistent\ncheck: working dir writable, or storage persisted\nnet\ncheck: a non-loopback interface is up, or onLine\nnative\ncheck: null","worker (isolate or Web Worker)\nkind: web_worker\nstart 307 ms, first facts() round trip 63 ms\nroot\ncheck: effective uid 0\nblock_devices\ncheck: a kernel-listed block device opens for reading\nusb.native\ncheck: /dev/bus/usb lists\nusb.web\ncheck: navigator.usb exists\nprocess.spawn\ncheck: a shell runs\nfs.persistent\ncheck: working dir writable, or storage persisted\nnet\ncheck: a non-loopback interface is up, or onLine\nnative\ncheck: null","root process (the app CLI, serve mode)\nkind: process\nstart 269 ms, first facts() round trip 0 ms\nroot\ncheck: effective uid 0\nblock_devices\ncheck: a kernel-listed block device opens for reading\nusb.native\ncheck: /dev/bus/usb lists\nusb.web\ncheck: navigator.usb exists\nprocess.spawn\ncheck: a shell runs\nfs.persistent\ncheck: working dir writable, or storage persisted\nnet\ncheck: a non-loopback interface is up, or onLine\nnative\ncheck: null","Places","Strategy","Rust","Lifecycle","Shell","Plugins"]}}
{"check":"places-scroll-3","result":{"url":"https://mui.kernelsu.org/index.html","socket":"webview_devtools_remote_10628","value":["Back\nBack","worker (isolate or Web Worker)\nkind: web_worker\nstart 307 ms, first facts() round trip 63 ms\nroot\ncheck: effective uid 0\nblock_devices\ncheck: a kernel-listed block device opens for reading\nusb.native\ncheck: /dev/bus/usb lists\nusb.web\ncheck: navigator.usb exists\nprocess.spawn\ncheck: a shell runs\nfs.persistent\ncheck: working dir writable, or storage persisted\nnet\ncheck: a non-loopback interface is up, or onLine\nnative\ncheck: null","root process (the app CLI, serve mode)\nkind: process\nstart 269 ms, first facts() round trip 0 ms\nroot\ncheck: effective uid 0\nblock_devices\ncheck: a kernel-listed block device opens for reading\nusb.native\ncheck: /dev/bus/usb lists\nusb.web\ncheck: navigator.usb exists\nprocess.spawn\ncheck: a shell runs\nfs.persistent\ncheck: working dir writable, or storage persisted\nnet\ncheck: a non-loopback interface is up, or onLine\nnative\ncheck: null","Reference: one call and one stream per place\nsquadron_process doc/benchmark.md, a 4-vCPU VM. Not measured here; devicelab measures devices.\nCall: isolate 31 µs, Web Worker (dart2js) 120 µs, process 247 µs, process from the page 401 µs.\n64 KiB stream: isolate 3643 MiB/s, Web Worker 631 MiB/s, process link about 110 MiB/s.","Places","Strategy","Rust","Lifecycle","Shell","Plugins"]}}
{"check":"tap-strategy","result":{"url":"https://mui.kernelsu.org/index.html","socket":"webview_devtools_remote_10628","value":"tapped Strategy at 53,536 size 53x80 role tab tappable"}}
{"check":"strategy","result":{"url":"https://mui.kernelsu.org/index.html","socket":"webview_devtools_remote_10628","value":["Back\nBack","Objective: list the device's partitions. Strategies in preference order: on the device as root, then from a host over USB. The first one the place's facts allow runs; nothing reads kIsWeb or Platform.","Place","inline (the caller)","worker (isolate or Web Worker)","root process (the app CLI, serve mode)","Facts from inline (the caller)\nSwitch a fact off to see the fallback. You can only take facts away.\nroot\ncheck: effective uid 0\nblock_devices\ncheck: a kernel-listed block device opens for reading\nusb.native\ncheck: /dev/bus/usb lists\nusb.web\ncheck: navigator.usb exists\nprocess.spawn\ncheck: a shell runs\nfs.persistent\ncheck: working dir writable, or storage persisted\nnet\ncheck: a non-loopback interface is up, or onLine\nnative\ncheck: null","root","block_devices","usb.native","process.spawn","Places","Strategy","Rust","Lifecycle","Shell","Plugins"]}}
{"check":"tap-strategy-root","result":{"url":"https://mui.kernelsu.org/index.html","socket":"webview_devtools_remote_10628","value":"tapped root process at 24,358 size 272x48 role checkbox tappable"}}
{"check":"strategy-root","result":{"url":"https://mui.kernelsu.org/index.html","socket":"webview_devtools_remote_10628","value":["Back\nBack","Objective: list the device's partitions. Strategies in preference order: on the device as root, then from a host over USB. The first one the place's facts allow runs; nothing reads kIsWeb or Platform.","Place","inline (the caller)","worker (isolate or Web Worker)","root process (the app CLI, serve mode)","Facts from root process (the app CLI, serve mode)\nSwitch a fact off to see the fallback. You can only take facts away.\nroot\ncheck: effective uid 0\nblock_devices\ncheck: a kernel-listed block device opens for reading\nusb.native\ncheck: /dev/bus/usb lists\nusb.web\ncheck: navigator.usb exists\nprocess.spawn\ncheck: a shell runs\nfs.persistent\ncheck: working dir writable, or storage persisted\nnet\ncheck: a non-loopback interface is up, or onLine\nnative\ncheck: null","root","block_devices","usb.native","process.spawn","Places","Strategy","Rust","Lifecycle","Shell","Plugins"]}}
{"check":"strategy-root-scroll-1","result":{"url":"https://mui.kernelsu.org/index.html","socket":"webview_devtools_remote_10628","value":["Back\nBack","Objective: list the device's partitions. Strategies in preference order: on the device as root, then from a host over USB. The first one the place's facts allow runs; nothing reads kIsWeb or Platform.","Place","inline (the caller)","worker (isolate or Web Worker)","root process (the app CLI, serve mode)","Facts from root process (the app CLI, serve mode)\nSwitch a fact off to see the fallback. You can only take facts away.\nroot\ncheck: effective uid 0\nblock_devices\ncheck: a kernel-listed block device opens for reading\nusb.native\ncheck: /dev/bus/usb lists\nusb.web\ncheck: navigator.usb exists\nprocess.spawn\ncheck: a shell runs\nfs.persistent\ncheck: working dir writable, or storage persisted\nnet\ncheck: a non-loopback interface is up, or onLine\nnative\ncheck: null","root","block_devices","usb.native","process.spawn","Chosen: on device (/proc/partitions as root)\non_device chosen","on device (/proc/partitions as root)\nneeds root + block_devices: has them","Places","Strategy","Rust","Lifecycle","Shell","Plugins"]}}
{"check":"strategy-root-scroll-2","result":{"url":"https://mui.kernelsu.org/index.html","socket":"webview_devtools_remote_10628","value":["Back\nBack","Facts from root process (the app CLI, serve mode)\nSwitch a fact off to see the fallback. You can only take facts away.\nroot\ncheck: effective uid 0\nblock_devices\ncheck: a kernel-listed block device opens for reading\nusb.native\ncheck: /dev/bus/usb lists\nusb.web\ncheck: navigator.usb exists\nprocess.spawn\ncheck: a shell runs\nfs.persistent\ncheck: working dir writable, or storage persisted\nnet\ncheck: a non-loopback interface is up, or onLine\nnative\ncheck: null","usb.native","process.spawn","Chosen: on device (/proc/partitions as root)\non_device chosen","on device (/proc/partitions as root)\nneeds root + block_devices: has them","from host (fastboot getvar all)\nneeds usb.native + process.spawn: has them","Run on_device in process","Log\nEvery run: objective, strategy, place and the facts it saw.\nNothing has run yet.","Places","Strategy","Rust","Lifecycle","Shell","Plugins"]}}
{"check":"tap-rust","result":{"url":"https://mui.kernelsu.org/index.html","socket":"webview_devtools_remote_10628","value":"tapped Rust at 107,536 size 53x80 role tab tappable"}}
{"check":"rust","result":{"url":"https://mui.kernelsu.org/index.html","socket":"webview_devtools_remote_10628","value":["Back\nBack","The demo crate (rust/) counts the primes below 1000000 with the same loop as page 1's Dart. The service loads it in its own place through flutter_rust_bridge, so each place runs its own build.","Run in every place","inline (the caller)","Run here","worker (isolate or Web Worker)","Run here","root process (the app CLI, serve mode)","Run here","Places","Strategy","Rust","Lifecycle","Shell","Plugins"]}}
{"check":"tap-rust-run","result":{"url":"https://mui.kernelsu.org/index.html","socket":"webview_devtools_remote_10628","value":"tapped Run in every place at 16,196 size 288x48 role button tappable"}}
{"check":"rust-ran","result":{"url":"https://mui.kernelsu.org/index.html","socket":"webview_devtools_remote_10628","value":["Back\nBack","The demo crate (rust/) counts the primes below 1000000 with the same loop as page 1's Dart. The service loads it in its own place through flutter_rust_bridge, so each place runs its own build.","Run in every place","inline (the caller)\nBuilt for: wasm32-unknown (single-threaded)\nLoad: 105 ms (once per place, on its first Rust call; on the web that fetches and instantiates the wasm)\nRust 152 ms, Dart 1231 ms (same count: 78498)","Run here","worker (isolate or Web Worker)\nBuilt for: wasm32-unknown (single-threaded)\nLoad: 40 ms (once per place, on its first Rust call; on the web that fetches and instantiates the wasm)\nRust 192 ms, Dart 267 ms (same count: 78498)","Run here","root process (the app CLI, serve mode)\nBuilt for: x86_64-android\nLoad: 0 ms (once per place, on its first Rust call; on the web that fetches and instantiates the wasm)\nRust 137 ms, Dart 149 ms (same count: 78498)","Places","Strategy","Rust","Lifecycle","Shell","Plugins"]}}
{"check":"wasm-after-rust","result":{"url":"https://mui.kernelsu.org/index.html","socket":"webview_devtools_remote_10628","value":{"wasm":[{"name":"chromium/canvaskit.wasm","start":120,"dur":40},{"name":"pkg/demo_native_bg.wasm","start":81659,"dur":55}],"marks":[{"name":"flutter_webui:register","t":439},{"name":"flutter_webui:registered","t":440},{"name":"flutter_webui:register","t":442},{"name":"flutter_webui:registered","t":442},{"name":"flutter_webui:first-frame","t":546}],"measures":[],"now":102727}}}
{"check":"tap-rust-run-2","result":{"url":"https://mui.kernelsu.org/index.html","socket":"webview_devtools_remote_10628","value":"tapped Run in every place at 16,196 size 288x48 role button tappable"}}
{"check":"rust-ran-2","result":{"url":"https://mui.kernelsu.org/index.html","socket":"webview_devtools_remote_10628","value":["Back\nBack","The demo crate (rust/) counts the primes below 1000000 with the same loop as page 1's Dart. The service loads it in its own place through flutter_rust_bridge, so each place runs its own build.","Run in every place","inline (the caller)\nBuilt for: wasm32-unknown (single-threaded)\nLoad: 0 ms (once per place, on its first Rust call; on the web that fetches and instantiates the wasm)\nRust 133 ms, Dart 1246 ms (same count: 78498)","Run here","worker (isolate or Web Worker)\nBuilt for: wasm32-unknown (single-threaded)\nLoad: 1 ms (once per place, on its first Rust call; on the web that fetches and instantiates the wasm)\nRust 146 ms, Dart 248 ms (same count: 78498)","Run here","root process (the app CLI, serve mode)\nBuilt for: x86_64-android\nLoad: 0 ms (once per place, on its first Rust call; on the web that fetches and instantiates the wasm)\nRust 137 ms, Dart 149 ms (same count: 78498)","Places","Strategy","Rust","Lifecycle","Shell","Plugins"]}}
{"check":"tap-lifecycle","result":{"url":"https://mui.kernelsu.org/index.html","socket":"webview_devtools_remote_10628","value":"tapped Lifecycle at 160,536 size 53x80 role tab tappable"}}
{"check":"tap-root-process","result":{"url":"https://mui.kernelsu.org/index.html","socket":"webview_devtools_remote_10628","value":"tapped root process at 24,390 size 272x48 role checkbox tappable"}}
{"check":"tap-start","result":{"url":"https://mui.kernelsu.org/index.html","socket":"webview_devtools_remote_10628","value":"tapped Start at 24,462 size 97x48 role button tappable"}}
{"check":"lifecycle-running","result":{"url":"https://mui.kernelsu.org/index.html","socket":"webview_devtools_remote_10628","value":["Back\nBack","Start a five-minute task, then switch away (Home, another app or tab) and come back: hidden keeps going. Close the app instead and reopen it: closed stops, and this page says where the task was when it ended.","Task\ntick every 500 ms, stamped with the place's own clock\nrunning in process: tick 17/600, longest gap 503 ms, app resumed 3","inline (the caller)","worker (isolate or Web Worker)","root process (the app CLI, serve mode)","Stop","Lifecycle\n01:47:18  started in process","Facts from root process (the app CLI, serve mode)\nroot\ncheck: effective uid 0\nblock_devices\ncheck: a kernel-listed block device opens for reading\nusb.native\ncheck: /dev/bus/usb lists\nusb.web\ncheck: navigator.usb exists\nprocess.spawn\ncheck: a shell runs\nfs.persistent\ncheck: working dir writable, or storage persisted\nnet\ncheck: a non-loopback interface is up, or onLine\nnative\ncheck: null","Places","Strategy","Rust","Lifecycle","Shell","Plugins"]}}
{"check":"lifecycle-after-home","result":{"url":"https://mui.kernelsu.org/index.html","socket":"webview_devtools_remote_10628","value":["Back\nBack","Start a five-minute task, then switch away (Home, another app or tab) and come back: hidden keeps going. Close the app instead and reopen it: closed stops, and this page says where the task was when it ended.","Task\ntick every 500 ms, stamped with the place's own clock\nrunning in process: tick 41/600, longest gap 503 ms, app resumed 7","inline (the caller)","worker (isolate or Web Worker)","root process (the app CLI, serve mode)","Stop","Lifecycle\n01:47:34  away 7.1 s: the place produced 15 ticks (on schedule: 14); longest gap 503 ms\n01:47:34  inactive -> resumed\n01:47:34  hidden -> inactive\n01:47:27  inactive -> hidden\n01:47:27  resumed -> inactive\n01:47:18  started in process","Places","Strategy","Rust","Lifecycle","Shell","Plugins"]}}
{"check":"root-process","result":"root             0 u:r:ksu:s0                     10878 dartaotruntime\nroot             0 u:r:ksu:s0                     10907 dartaotruntime"}
/home/runner/work/devicelab/devicelab/out/sockprobe: 1 file pushed, 0 skipped. 182.5 MB/s (3501149 bytes in 0.018s)
{"check":"block-devices","result":"dm-0\ndm-1\ndm-11\ndm-13\ndm-14\ndm-16\ndm-17\ndm-18\ntotal 0\ndrwxr-xr-x 2 root root u:object_r:block_device:s0                140 2026-10-02 01:37 by-name\nbrw------- 1 root root u:object_r:dm_device:s0              254,   0 2026-10-02 01:37 dm-0\nbrw------- 1 root root u:object_r:dm_device:s0              254,   1 2026-10-02 01:37 dm-1\nbrw------- 1 root root u:object_r:dm_device:s0              254,  11 2026-10-02 01:37 dm-11\nbrw------- 1 root root u:object_r:dm_device:s0              254,  13 2026-10-02 01:37 dm-13\nbrw------- 1 root root u:object_r:dm_device:s0              254,  14 2026-10-02 01:37 dm-14\nbrw------- 1 root root u:object_r:dm_device:s0              254,  16 2026-10-02 01:37 dm-16\nbrw------- 1 root root u:object_r:dm_device:s0              254,  17 2026-10-02 01:37 dm-17\nbrw------- 1 root root u:object_r:dm_device:s0              254,  18 2026-10-02 01:37 dm-18\nbrw------- 1 root root u:object_r:dm_device:s0              254,  19 2026-10-02 01:37 dm-19\nbrw------- 1 root root u:object_r:dm_device:s0              254,   2 2026-10-02 01:37 dm-2\n-- su:\n0000000  \\0\n-- ksu:\n{\"error\":\"write /proc/thread-self/attr/current: operation not permitted\",\"op\":\"setcon\"}\n-- avc:"}
{"check":"back-1","result":{"url":"https://mui.kernelsu.org/index.html","socket":"webview_devtools_remote_10628","value":["Squadron","Process","native","net","Say hello","Count to 5","SHA-256","Demo pages\nOne page per thing the stack promises.","Places","Strategy","Rust","Lifecycle","Shell","Plugins"]}}
{"check":"back-1-top","result":"topResumedActivity=ActivityRecord{a47d026 u0 com.dergoogler.mmrl.wx/.ui.activity.webui.WebUIActivity t18}"}
{"check":"back-2-top","result":"topResumedActivity=ActivityRecord{bc52936 u0 com.google.android.apps.nexuslauncher/.NexusLauncherActivity t13}"}
{"check":"back-3-top","result":"topResumedActivity=ActivityRecord{bc52936 u0 com.google.android.apps.nexuslauncher/.NexusLauncherActivity t13}"}
{"check":"sys-dark","night":"yes","color_mode":"","opened":"opened: intent","result":{"url":"https://mui.kernelsu.org/index.html","socket":"webview_devtools_remote_11268","value":{"dark":true,"primary":"#b2c5ffff","background":"#121318ff","cssBytes":1545}}}
{"check":"sys-light","night":"no","color_mode":"","opened":"opened: intent","result":{"url":"https://mui.kernelsu.org/index.html","socket":"webview_devtools_remote_11480","value":{"dark":false,"primary":"#495d92ff","background":"#faf8ffff","cssBytes":1545}}}
/home/runner/work/devicelab/devicelab/out/sockprobe: 1 file pushed, 0 skipped. 215.0 MB/s (3501149 bytes in 0.016s)
{"check":"ksud-version","result":"ksud 3.3.0 (uapi: 2)\nmanage module configuration\n\nUsage: ksud module config [OPTIONS] <COMMAND>"}
{"check":"root-script","result":"-rwxr-xr-x 1 root root 1921 2026-10-02 01:42 /data/adb/modules/demo/flutter_webui/root\n#!/system/bin/sh\n# flutter-webui root channel launcher. Lives at <moddir>/flutter_webui/root.\n# Usage: sh root start    find or start the channel; prints its session as one\n#                         JSON line (port, token), or exits non-zero\n#        sh root serve    run the channel (started detached by `start`)\n# Needs `ksud module config` (KernelSU or KernelSU Next v3.0.0+).\n# SPDX-License-Identifier: LGPL-3.0-or-later WITH LGPL-3.0-linking-exception\n\ndir=${0%/*}\ncase \"$dir\" in /*) ;; *) dir=$(cd \"$dir\" && pwd) ;; esac\nmoddir=${dir%/*}\nid=${moddir##*/}\nrun=$dir/run\n\ncase \"$(uname -m)\" in\n  aarch64 | arm64) abi=arm64-v8a ;;\n  x86_64) abi=x86_64 ;;\n  *) echo \"flutter_webui: unsupported CPU $(uname -m)\" >&2; exit 1 ;;\nesac\n\n# Root shells can start with an empty environment, and the Dart VM needs a\n# writable TMPDIR: the module's temporary directory, which `start` empties on\n# the first start of each boot.\nexport TMPDIR=\"${FLUTTER_WEBUI_DATA:-/data/adb/$id}/tmp\"\n(umask 077 && mkdir -p \"$TMPDIR\" \"$run\")\n\nchannel() {\n  rt=$dir/$abi\n  # A linux (glibc) runtime ships its loader and libraries next to it; an\n  # Android-built runtime runs directly."}
{"check":"layout-before","result":"total 48\ndrwxr-xr-x 5 root root 4096 2026-10-02 01:45 .\ndrwxr-xr-x 9 root root 4096 2026-10-02 01:45 ..\ndrwxr-xr-x 2 root root 4096 2026-10-02 01:42 arm64-v8a\n-rwxr-xr-x 1 root root 1921 2026-10-02 01:42 root\ndrwx------ 3 root root 4096 2026-10-02 01:45 run\ndrwxr-xr-x 2 root root 4096 2026-10-02 01:42 x86_64\n-- run:\n700 root:root /data/adb/modules/demo/flutter_webui/run\n/data/adb/modules/demo/flutter_webui/run:\ntotal 44\ndrwx------ 3 root root 4096 2026-10-02 01:45 .\ndrwxr-xr-x 5 root root 4096 2026-10-02 01:45 ..\n-rw------- 1 root root    6 2026-10-02 01:45 lock\ndrwx------ 2 root root 4096 2026-10-02 01:47 proc\n-rw------- 1 root root   97 2026-10-02 01:48 root.log\n-rw------- 1 root root    0 2026-10-02 01:45 start.lock\n\n/data/adb/modules/demo/flutter_webui/run/proc:\ntotal 40\ndrwx------ 2 root root 4096 2026-10-02 01:47 .\ndrwx------ 3 root root 4096 2026-10-02 01:45 ..\n-rw-r--r-- 1 root root   36 2026-10-02 01:45 .boot\n-rw------- 1 root root    2 2026-10-02 01:47 1790905528099464-0.exit\n-rw------- 1 root root  215 2026-10-02 01:45 1790905528099464-0.log\n-- webroot/.run:\nls: /data/adb/modules/demo/webroot/.run: No such file or directory"}
{"check":"config-before","result":"webui.session=Error: Key 'webui.session' not found\nwebui.boot=402fea8d-3346-4145-8a81-64666f961633\n-- list:\nwebui.boot=402fea8d-3346-4145-8a81-64666f961633\nwebui.installed=1"}
{"check":"config-after-boot","result":"webui.session=Error: Key 'webui.session' not found\nwebui.boot=Error: Key 'webui.boot' not found\n-- list:\nwebui.installed=1"}
{"check":"tmp-after-boot","result":"total 24\ndrwx------ 2 root root 4096 2026-10-02 01:48 .\ndrwx------ 3 root root 4096 2026-10-02 01:45 ..\n-rw-rw-rw- 1 root root    4 2026-10-02 01:48 lab-marker"}
{"check":"start-1","result":"{\"error\":\"write /proc/thread-self/attr/current: operation not permitted\",\"op\":\"setcon\"}"}
{"check":"tmp-after-start-1","result":"total 24\ndrwx------ 2 root root 4096 2026-10-02 01:48 .\ndrwx------ 3 root root 4096 2026-10-02 01:45 ..\n-rw-rw-rw- 1 root root    4 2026-10-02 01:48 lab-marker"}
{"check":"config-after-start-1","result":"webui.session=Error: Key 'webui.session' not found\nwebui.boot=Error: Key 'webui.boot' not found\n-- list:\nwebui.installed=1"}
{"check":"layout-after-start-1","result":"total 48\ndrwxr-xr-x 5 root root 4096 2026-10-02 01:45 .\ndrwxr-xr-x 9 root root 4096 2026-10-02 01:45 ..\ndrwxr-xr-x 2 root root 4096 2026-10-02 01:42 arm64-v8a\n-rwxr-xr-x 1 root root 1921 2026-10-02 01:42 root\ndrwx------ 3 root root 4096 2026-10-02 01:45 run\ndrwxr-xr-x 2 root root 4096 2026-10-02 01:42 x86_64\n-- run:\n700 root:root /data/adb/modules/demo/flutter_webui/run\n/data/adb/modules/demo/flutter_webui/run:\ntotal 44\ndrwx------ 3 root root 4096 2026-10-02 01:45 .\ndrwxr-xr-x 5 root root 4096 2026-10-02 01:45 ..\n-rw------- 1 root root    6 2026-10-02 01:45 lock\ndrwx------ 2 root root 4096 2026-10-02 01:47 proc\n-rw------- 1 root root   97 2026-10-02 01:48 root.log\n-rw------- 1 root root    0 2026-10-02 01:45 start.lock\n\n/data/adb/modules/demo/flutter_webui/run/proc:\ntotal 40\ndrwx------ 2 root root 4096 2026-10-02 01:47 .\ndrwx------ 3 root root 4096 2026-10-02 01:45 ..\n-rw-r--r-- 1 root root   36 2026-10-02 01:45 .boot\n-rw------- 1 root root    2 2026-10-02 01:47 1790905528099464-0.exit\n-rw------- 1 root root  215 2026-10-02 01:45 1790905528099464-0.log\n-- webroot/.run:\nls: /data/adb/modules/demo/webroot/.run: No such file or directory"}
{"check":"start-2","result":"{\"error\":\"write /proc/thread-self/attr/current: operation not permitted\",\"op\":\"setcon\"}"}
{"check":"same-pid","result":{"first":"","second":"","same":false}}
{"check":"delete-session","result":"Error: Key 'webui.session' not found in config\nexit=1"}
{"check":"start-3","result":"{\"error\":\"write /proc/thread-self/attr/current: operation not permitted\",\"op\":\"setcon\"}"}
{"check":"replaced","result":{"old":"","new":"","new_pid":false,"old_alive":"no"}}
{"check":"procs","result":""}
{"check":"root-log","result":"2026-10-02T01:45:27.581064 listening on 127.0.0.1:42429\n2026-10-02T01:48:13.700097 shutting down"}
{"check":"config-end","result":"webui.session=Error: Key 'webui.session' not found\nwebui.boot=Error: Key 'webui.boot' not found\n-- list:\nwebui.installed=1"}
{"check":"open","result":"opened: intent"}
{"check":"page-uid","result":["Say hello"]}
{"check":"start-after-page","result":"{\"error\":\"write /proc/thread-self/attr/current: operation not permitted\",\"op\":\"setcon\"}"}
{"check":"layout-end","result":"total 48\ndrwxr-xr-x 5 root root 4096 2026-10-02 01:45 .\ndrwxr-xr-x 9 root root 4096 2026-10-02 01:45 ..\ndrwxr-xr-x 2 root root 4096 2026-10-02 01:42 arm64-v8a\n-rwxr-xr-x 1 root root 1921 2026-10-02 01:42 root\ndrwx------ 3 root root 4096 2026-10-02 01:45 run\ndrwxr-xr-x 2 root root 4096 2026-10-02 01:42 x86_64\n-- run:\n700 root:root /data/adb/modules/demo/flutter_webui/run\n/data/adb/modules/demo/flutter_webui/run:\ntotal 44\ndrwx------ 3 root root 4096 2026-10-02 01:45 .\ndrwxr-xr-x 5 root root 4096 2026-10-02 01:45 ..\n-rw------- 1 root root    6 2026-10-02 01:45 lock\ndrwx------ 2 root root 4096 2026-10-02 01:47 proc\n-rw------- 1 root root   97 2026-10-02 01:48 root.log\n-rw------- 1 root root    0 2026-10-02 01:45 start.lock\n\n/data/adb/modules/demo/flutter_webui/run/proc:\ntotal 40\ndrwx------ 2 root root 4096 2026-10-02 01:47 .\ndrwx------ 3 root root 4096 2026-10-02 01:45 ..\n-rw-r--r-- 1 root root   36 2026-10-02 01:45 .boot\n-rw------- 1 root root    2 2026-10-02 01:47 1790905528099464-0.exit\n-rw------- 1 root root  215 2026-10-02 01:45 1790905528099464-0.log\n-- webroot/.run:\nls: /data/adb/modules/demo/webroot/.run: No such file or directory"}
{"check":"app","result":"ls: /product/app/WebuiApi_demo/: No such file or directory"}
{"check":"mounts","result":"ls: /data/adb/metamodule: No such file or directory\nCalendarGooglePrebuilt Camera2 Chrome Chrome-Stub Drive GoogleContacts GoogleTTS LatinIMEGooglePrebuilt LicenseChecker Maps MarkupGoogle_v2 ModuleMetadataGoogle NexusWallpapersStubPrebuilt2018 Photos PixelThemesStub PrebuiltDeskClockGoogle PrebuiltGmail PrebuiltGoogleAdservicesTvp PrebuiltGoogleTelemetryTvp SoundPickerPrebuilt TrichromeLibrary TrichromeLibrary-Stub WebViewGoogle WebViewGoogle-Stub YouTube YouTubeMusicPrebuilt talkback"}
{"check":"app-label","result":"No activities found"}
{"check":"module-config","result":"manage module configuration\n\nUsage: ksud module config [OPTIONS] <COMMAND>\n\nCommands:\n  get     Get a config value\n  set     Set a config value\n  list    List all config entries\n  delete  Delete a config entry\n  clear   Clear all config entries\n  help    Print this message or the help of the given subcommand(s)\n\n-- files:\ntotal 24\ndrwxr-xr-x 2 root root 4096 2026-10-02 01:48 .\ndrwxr-xr-x 3 root root 4096 2026-10-02 01:42 ..\n-rw-r--r-- 1 root root   36 2026-10-02 01:42 persist.config\n== /data/adb/ksu/module_configs/demo/persist.config\nMUSK\u0001\u0000\u0000\u0000\u0001\u0000\u0000\u0000\u000f\u0000\u0000\u0000webui.installed\u0001\u0000\u0000\u00001\n-- ksud get:\n1\nwebui.installed=1"}
{"check":"module-dirs","result":"/data/adb/demo:\ntotal 24\ndrwx------ 3 root root 4096 2026-10-02 01:45 .\ndrwx------ 7 root root 4096 2026-10-02 01:45 ..\ndrwx------ 2 root root 4096 2026-10-02 01:48 tmp\n\n/data/adb/demo/tmp:\ntotal 24\ndrwx------ 2 root root 4096 2026-10-02 01:48 .\ndrwx------ 3 root root 4096 2026-10-02 01:45 ..\n-rw-rw-rw- 1 root root    4 2026-10-02 01:48 lab-marker"}
{"check":"open","result":"opened: intent"}
{"check":"tap-places","result":{"url":"https://mui.kernelsu.org/index.html","socket":"webview_devtools_remote_14382","value":"tapped Places at 16,572 size 288x56 role button tappable"}}
{"check":"tap-plugins","result":{"url":"https://mui.kernelsu.org/index.html","socket":"webview_devtools_remote_14382","value":"tapped Plugins at 267,536 size 53x80 role tab tappable"}}
{"check":"plugins","result":The app calls share_plus, permission_handler, the clipboard and file_selector as on any platform. Running in a WebUI host, so their *_webui packages answer.
share_plus
On WebUI: share_plus_webui: Android's share sheet, opened by the module's own app
Share text
permission_handler
On WebUI: permission_handler_webui: Android's own permission dialog, for the module's own app
Camera: denied}
{"check":"tap-share","result":{"url":"https://mui.kernelsu.org/index.html","socket":"webview_devtools_remote_14382","value":"tapped Share text at 24,278 size 112x48 role button tappable"}}
{"check":"share-top","result":"com.google.android.gm/.welcome.WelcomeTourActivity"}
{"check":"app-process","result":""}
{"check":"share-log","result":"10-02 01:49:54.110 14382 14382 I chromium: [INFO:CONSOLE(53)] \"2026-10-02T01:49:54.097 INFO ui.plugins: share: unavailable\", source:  (53)\n10-02 01:49:54.904 11761 11956 D ShortcutService: Package com.google.android.gm has 1 manifest shortcut(s), and 1 share target(s)\n10-02 01:49:55.198 11761 11956 D ShortcutService: Package com.google.android.gm has 1 manifest shortcut(s), and 1 share target(s)\n10-02 01:49:56.218 11761 11956 D ShortcutService: Package com.google.android.gm has 1 manifest shortcut(s), and 1 share target(s)\n10-02 01:50:02.274 14919 14919 W app_process: ClassLoaderContext shared library size mismatch. Expected=2, found=0 (PCL[]{PCL[/system/framework/android.test.base.jar*724373495]#PCL[/system/framework/android.test.mock.jar*1452759902]} | PCL[])"}
{"check":"share-result","result":null}
Failure [package not found]
Error: package not found
{"check":"cam-deny-1-tap","result":{"error":"no reply after 60000 ms"}}
{"check":"cam-deny-1-top","result":"com.google.android.gm/.welcome.WelcomeTourActivity"}
{"check":"cam-deny-1-dialog","result":"Close app\nWait"}
{"check":"cam-deny-1-press","result":"ui: dismissed ANR dialog\nui: no node with 'Don'"}
{"check":"cam-deny-1-status","result":null}
{"check":"cam-deny-1-perm","result":""}
{"check":"cam-deny-2-tap","result":{"error":"no reply after 60000 ms"}}
{"check":"cam-deny-2-top","result":"com.google.android.gm/.welcome.WelcomeTourActivity"}
{"check":"cam-deny-2-dialog","result":"SKIP\nNext"}
{"check":"cam-deny-2-press","result":"ui: no node with 'Don'"}
{"check":"cam-deny-2-status","result":null}
{"check":"cam-deny-2-perm","result":""}
{"check":"cam-after-deny-tap","result":{"error":"no reply after 60000 ms"}}
{"check":"cam-after-deny-top","result":"com.google.android.gm/.welcome.WelcomeTourActivity"}
{"check":"cam-after-deny-dialog","result":"SKIP\nNext"}
{"check":"cam-after-deny-status","result":null}
{"check":"cam-after-deny-perm","result":""}
Failure [package not found]
Error: package not found
{"check":"cam-grant-tap","result":{"url":"https://mui.kernelsu.org/index.html","socket":"webview_devtools_remote_14382","value":"tapped Request camera at 24,490 size 150x46 role button tappable"}}
{"check":"cam-grant-top","result":"com.dergoogler.mmrl.wx/.ui.activity.webui.WebUIActivity"}
{"check":"cam-grant-dialog","result":""}
{"check":"cam-grant-press","result":"ui: no node with 'While using the app'"}
{"check":"cam-grant-status","result":permission_handler
On WebUI: permission_handler_webui: Android's own permission dialog, for the module's own app
Camera: denied}
{"check":"cam-grant-perm","result":""}
{"check":"clip-listen","result":{"url":"https://mui.kernelsu.org/index.html","socket":"webview_devtools_remote_14382","value":"listening"}}
{"check":"clip-paste-tap","result":{"url":"https://mui.kernelsu.org/index.html","socket":"webview_devtools_remote_14382","value":"tapped Paste at 139,80 size 84x42 role button"}}
{"check":"clip-paste-top","result":"com.dergoogler.mmrl.wx/.ui.activity.webui.WebUIActivity"}
{"check":"clip-pasted","result":Clipboard (flutter/services)
On WebUI: clipboard_webui: Android's clipboard, through the module's own app
Paste}
{"check":"clip-blips","result":{"url":"https://mui.kernelsu.org/index.html","socket":"webview_devtools_remote_14382","value":"[]"}}
{"check":"clip-process","result":""}
{"check":"clip-copy-tap","result":{"url":"https://mui.kernelsu.org/index.html","socket":"webview_devtools_remote_14382","value":"tapped Copy text at 24,80 size 107x42 role button"}}
{"check":"clip-copied","result":Clipboard (flutter/services)
On WebUI: clipboard_webui: Android's clipboard, through the module's own app
Copy text}
{"check":"clip-ext-paste","result":"text=\"\" text=\"\" text=\"\" text=\"\" text=\"\""}
{"check":"pick-tap","result":{"url":"https://mui.kernelsu.org/index.html","socket":"webview_devtools_remote_14382","value":"tapped Pick a file at 24,222 size 109x48 role button"}}
{"check":"pick-top","result":"com.dergoogler.mmrl.wx/.ui.activity.webui.WebUIActivity"}
{"check":"picked","result":file_selector
On WebUI: file_selector_webui: the WebView's file chooser
Pick a file}
{"check":"pick-files","result":"ls: /data/adb/demo/tmp/open-*/: No such file or directory\ntotal 16\ndrwx------ 2 root root u:object_r:adb_data_file:s0  4096 2026-10-02 01:49 .\ndrwx------ 3 root root u:object_r:adb_data_file:s0  4096 2026-10-02 01:45 .."}
{"check":"app-settings","result":"Back Back\nRequest camera\nCopy text\nPaste\nPick a file\nPlaces\nStrategy\nRust\nLifecycle\nShell\nPlugins"}
{"check":"uninstall","result":""}
{"check":"after-uninstall","result":"ls: /data/adb/modules/demo: No such file or directory\nls: /data/adb/demo: No such file or directory\nls: /data/adb/ksu/module_configs/demo: No such file or directory\nls: /product/app/WebuiApi_demo: No such file or directory"}
