yes: standard output: Broken pipe
Auto-selecting single ABI x86_64
Do you wish to create a custom hardware profile? [no] lab.avd
lab.ini
emulator Android emulator version 37.2.12.0 (build_id 16428233) (CL:N/A)
* daemon not running; starting now at tcp:5037
* daemon started successfully
booted in 22s: google/sdk_gphone64_x86_64/emu64xa:15/AE3A.240806.043/12960925:userdebug/dev-keys
kernel 6.6.50-android15-8-g8adecb593e9b-ab12525588 -> kmi android15-6.6; tiann/KernelSU v3.3.0
total 16428
drwx------  2 runner runner     4096 Oct  2 03:16 .
drwxrwxrwt 16 root   root       4096 Oct  2 03:16 ..
-rw-r--r--  1 runner runner 10777987 Oct  2 03:16 KernelSU_v3.3.0_32601-release.apk
-rw-r--r--  1 runner runner  5713312 Oct  2 03:16 ksud-x86_64-linux-android
-rw-r--r--  1 runner runner   318824 Oct  2 03:16 lkm-x86_64-android15-6.6_kernelsu.ko
== manager installed (me.weishu.kernelsu, KernelSU_v3.3.0_32601-release.apk)
/tmp/tmp.h08mULT5ll/lkm-x86_64-android15-6.6_kernelsu.ko: 1 file pushed, 0 skipped. 4.8 MB/s (318824 bytes in 0.063s)
/tmp/tmp.h08mULT5ll/ksud-x86_64-linux-android: 1 file pushed, 0 skipped. 139.0 MB/s (5713312 bytes in 0.039s)
== ksud: ksud 3.3.0 (uapi: 2)
== ksud late-load: rc=0
== ksud insmod /data/adb/kernelsu.ko: Error: load module failed: /data/adb/kernelsu.ko

Caused by:
    0: init_module failed without vermagic mismatch
    1: File exists (os error 17)
rc=1
kernelsu              159744  0 
== lsmod: kernelsu              159744  1 
KernelSU_v3.3.0_32601-release.apk
ksud-aarch64-apple-darwin
ksud-aarch64-linux-android
ksud-aarch64-unknown-linux-musl
ksud-x86_64-apple-darwin
ksud-x86_64-linux-android
ksud-x86_64-pc-windows-gnu.exe
ksud-x86_64-unknown-linux-musl
ksuinit-aarch64
ksuinit-x86_64
lkm-aarch64-android12-5.10_kernelsu.ko
lkm-aarch64-android13-5.10_kernelsu.ko
lkm-aarch64-android13-5.15_kernelsu.ko
lkm-aarch64-android14-5.15_kernelsu.ko
lkm-aarch64-android14-6.1_kernelsu.ko
lkm-aarch64-android15-6.6_kernelsu.ko
lkm-aarch64-android16-6.12_kernelsu.ko
lkm-aarch64-android17-6.18_kernelsu.ko
lkm-x86_64-android12-5.10_kernelsu.ko
lkm-x86_64-android13-5.10_kernelsu.ko
lkm-x86_64-android13-5.15_kernelsu.ko
lkm-x86_64-android14-5.15_kernelsu.ko
lkm-x86_64-android14-6.1_kernelsu.ko
lkm-x86_64-android15-6.6_kernelsu.ko
lkm-x86_64-android16-6.12_kernelsu.ko
lkm-x86_64-android17-6.18_kernelsu.ko
== no metamodule asset in tiann/KernelSU v3.3.0
/home/runner/work/devicelab/devicelab/modules/probe/./: 2 files pushed, 0 skipped. 0.1 MB/s (1474 bytes in 0.025s)
== modules: [
  {
    "description": "Observation module for devicelab. Its WebUI page is driven over DevTools.",
    "id": "devicelab_probe",
    "remove": "false",
    "name": "devicelab probe",
    "version": "1",
    "web": "true",
    "versionCode": "1",
    "enabled": "true",
    "action": "false",
    "author": "p0g-stack",
    "update": "false",
    "mount": "false"
  }
]
SELinux: Loaded file context from:
		/system/etc/selinux/plat_file_contexts
		/system_ext/etc/selinux/system_ext_file_contexts
		/vendor/etc/selinux/vendor_file_contexts
== home text: text="LKM" text="Working [Jailbreak mode]" text="Version: 32601-2" text="Manager version" text="v3.3.0 (32601-2)" text="Kernel version" text="6.6.50-android15-8-g8adecb593e9b-ab12525588" text="Device model" text="Google sdk_gphone64_x86_64" text="Fingerprint" text="google/sdk_gphone64_x86_64/emu64xa:15/AE3A.240806.043/12960925:userdebug/dev-keys" text="Enforcing" text="KernelSU" text="Home" text="Superuser" text="1" text="Module" text="Settings" 
== manager activities: me.weishu.kernelsu/.magica.BootCompletedReceiver me.weishu.kernelsu/.ui.MainActivity me.weishu.kernelsu/androidx.core.content.FileProvider me.weishu.kernelsu/androidx.profileinstaller.ProfileInstallReceiver me.weishu.kernelsu/androidx.startup.InitializationProvider 
== metamodule releases backslashxx/mountify: 204 Latest 204 2026-08-25T05:14:18Z;203  203 2026-06-25T15:03:16Z;202  202 2026-06-23T03:45:32Z;
== metamodule candidate backslashxx/mountify mountify.zip: id=mountify version=v2.0.4 versionCode=204 metamodule=true 
== metamodule repo (given): backslashxx/mountify
== metamodule zip: mountify.zip sha256 dde361c444f6990b759890720487785402a391a61cf6530f960deb98e5ef864d
== metamodule module.prop: id=mountify name=mountify version=v2.0.4 versionCode=204 author=xx, KOWX712 metamodule=true description=Globally mounted modules via OverlayFS. updateJson=https://raw.githubusercontent.com/backslashxx/mountify/master/update.json 
/tmp/tmp.O3T78p26z5/rel/mountify.zip: 1 file pushed, 0 skipped. 256.7 MB/s (554873 bytes in 0.002s)
== install mountify.zip
[H[J[|]
[H[J[\]
[H[J[+] mountify
[+] SysReq test
[+] CONFIG_OVERLAY_FS
[+] overlay found in /proc/filesystems
[+] CONFIG_TMPFS_XATTR
[+] tmpfs extended attribute test passed
[!] using fresh config.sh
[+] moving modules.txt
[+] moving whiteouts.txt
[+] mountify will be installed in metamodule mode!
- Done
- Creating metamodule symlink
- Module installed successfully!
== soft-reboot: 
== after soft-reboot (37s): [
  {
    "author": "p0g-stack",
    "description": "Observation module for devicelab. Its WebUI page is driven over DevTools.",
    "versionCode": "1",
    "web": "true",
    "id": "devicelab_probe",
    "action": "false",
    "mount": "false",
    "update": "false",
    "name": "devicelab probe",
    "version": "1",
    "remove": "false",
    "enabled": "true"
  },
  {
    "name": "mountify",
    "id": "mountify",
    "updateJson": "https://raw.githubusercontent.com/backslashxx/mountify/master/update.json",
    "update": "false",
    "remove": "false",
    "web": "true",
    "mount": "false",
    "description": "mode: auto 🤖 | fstype: tmpfs 🦾 | no modules mounted",
    "version": "v2.0.4",
    "enabled": "true",
    "action": "true",
    "metamodule": "true",
    "author": "xx, KOWX712",
    "versionCode": "204"
  }
]
total 32
drwxrwxrwx 4 root root 4096 2026-10-02 03:17 .
drwx------ 6 root root 4096 2026-10-02 03:17 ..
drwxr-xr-x 3 root root 4096 2026-10-02 03:16 devicelab_probe
drwxr-xr-x 5 root root 4096 2026-10-02 03:17 mountify
== metamodule active: lrwxrwxrwx 1 root root 26 2026-10-02 03:17 /data/adb/metamodule -> /data/adb/modules/mountify id=mountify name=mountify version=v2.0.4 versionCode=204 author=xx, KOWX712 metamodule=true description=mode: auto 🤖 | fstype: tmpfs 🦾 | no modules mounted updateJson=https://raw.githubusercontent.com/backslashxx/mountify/master/update.json 
inputs/modules/flutter_webui_counter-0.1.5.zip: 1 file pushed, 0 skipped. 308.6 MB/s (21434766 bytes in 0.066s)
== install flutter_webui_counter-0.1.5.zip
  inflating: webroot/fonts/notocoloremoji/v32/Yq6P-KqIXTD0t4D9z1ESnKM3-HpFabsE4tq3luCC7p-aXxcn.3.woff2
  inflating: webroot/fonts/notocoloremoji/v32/Yq6P-KqIXTD0t4D9z1ESnKM3-HpFabsE4tq3luCC7p-aXxcn.8.woff2
  inflating: webroot/fonts/notocoloremoji/v32/Yq6P-KqIXTD0t4D9z1ESnKM3-HpFabsE4tq3luCC7p-aXxcn.2.woff2
   creating: webroot/fonts/notosansmath/
   creating: webroot/fonts/notosansmath/v15/
  inflating: webroot/fonts/notosansmath/v15/7Aump_cpkSecTWaHRlH2hyV5UHkD-V048PW0.woff2
   creating: webroot/fonts/roboto/
   creating: webroot/fonts/roboto/v32/
  inflating: webroot/fonts/roboto/v32/KFOmCnqEu92Fr1Me4GZLCzYlKw.woff2
  inflating: webroot/.last_build_id
  inflating: webroot/config.json
  inflating: webroot/flutter_webui.js
  inflating: customize.sh
- Done
- Module installed successfully!
inputs/modules/counter-v1.0.0.zip: 1 file pushed, 0 skipped. 612.0 MB/s (6582359 bytes in 0.010s)
== install counter-v1.0.0.zip
  inflating: webroot/canvaskit/chromium/canvaskit.wasm
  inflating: webroot/config.json
  inflating: webroot/favicon.png
  inflating: webroot/flutter.js
  inflating: webroot/flutter_bootstrap.js
  inflating: webroot/icons/Icon-192.png
  inflating: webroot/icons/Icon-512.png
  inflating: webroot/icons/Icon-maskable-192.png
  inflating: webroot/icons/Icon-maskable-512.png
  inflating: webroot/index.html
  inflating: webroot/main.dart.js
  inflating: webroot/manifest.json
  inflating: webroot/version.json
- Done
- Module installed successfully!
inputs/modules/demo.zip: 1 file pushed, 0 skipped. 646.0 MB/s (28109334 bytes in 0.041s)
== install demo.zip
  inflating: webroot/main.dart.js
  inflating: webroot/manifest.json
  inflating: webroot/pkg/.gitignore
  inflating: webroot/pkg/demo_native.js
  inflating: webroot/pkg/demo_native_bg.wasm
  inflating: webroot/pkg/package.json
  inflating: webroot/version.json
  inflating: webroot/workers/demo_service.web.g.dart.js
  inflating: webroot/workers/hello_service.web.g.dart.js
  inflating: webui_app_plane/arm64-v8a/webui_termux_api.aot
  inflating: webui_app_plane/termux-api
  inflating: webui_app_plane/x86_64/webui_termux_api.aot
- Done
- Handle partition /product
- Module installed successfully!
/home/runner/work/devicelab/devicelab/envdump.zip: 1 file pushed, 0 skipped. 29.0 MB/s (1766 bytes in 0.000s)
== install envdump.zip
 devicelab envdump 
 by p0g-stack 
*******************
*********************
 Powered by KernelSU 
*********************
Archive:  /data/local/tmp/m.zip
  inflating: customize.sh
- Extracting module files
Archive:  /data/local/tmp/m.zip
  inflating: module.prop
  inflating: customize.sh
- devicelab envdump: written /data/local/tmp/customize-env.txt
- Done
- Module installed successfully!
== soft-reboot: 
== after soft-reboot (37s): [
  {
    "id": "devicelab_probe",
    "author": "p0g-stack",
    "update": "false",
    "action": "false",
    "web": "true",
    "mount": "false",
    "name": "devicelab probe",
    "version": "1",
    "versionCode": "1",
    "description": "Observation module for devicelab. Its WebUI page is driven over DevTools.",
    "enabled": "true",
    "remove": "false"
  },
  {
    "metamodule": "true",
    "version": "v2.0.4",
    "id": "mountify",
    "enabled": "true",
    "remove": "false",
    "name": "mountify",
    "mount": "false",
    "update": "false",
    "description": "mode: auto 🤖 | fstype: tmpfs 🦾 | modules: demo  ",
    "updateJson": "https://raw.githubusercontent.com/backslashxx/mountify/master/update.json",
    "author": "xx, KOWX712",
    "web": "true",
    "action": "true",
    "versionCode": "204"
  },
  {
    "mount": "false",
    "description": "Stock Flutter counter app on flutter-webui (devicelab bring-up build).",
    "id": "flutter_webui_counter",
    "name": "flutter-webui Counter",
    "action": "false",
    "author": "p0g-stack",
    "versionCode": "6",
    "update": "false",
    "enabled": "true",
    "remove": "false",
    "web": "true",
    "version": "0.1.5"
  },
  {
    "version": "v1.0.0",
    "versionCode": "1",
    "web": "true",
    "mount": "false",
    "description": "A new Flutter project.",
    "update": "false",
    "enabled": "true",
    "author": "Yuv",
    "action": "false",
    "name": "Counter",
    "id": "counter",
    "remove"
total 64
drwxrwxrwx 8 root root 4096 2026-10-02 03:18 .
drwx------ 6 root root 4096 2026-10-02 03:17 ..
drwxr-xr-x 3 root root 4096 2026-10-02 03:18 counter
drwxr-xr-x 7 root root 4096 2026-10-02 03:18 demo
drwxr-xr-x 2 root root 4096 2026-10-02 03:18 devicelab_envdump
drwxr-xr-x 3 root root 4096 2026-10-02 03:16 devicelab_probe
drwxr-xr-x 4 root root 4096 2026-10-02 03:18 flutter_webui_counter
drwxr-xr-x 5 root root 4096 2026-10-02 03:18 mountify
/home/runner/work/devicelab/devicelab/out/labserver: 1 file pushed, 0 skipped. 293.2 MB/s (7843260 bytes in 0.026s)
Starting: Intent { cmp=me.weishu.kernelsu/.ui.webui.WebUIActivity (has extras) }
Status: ok
Activity: me.weishu.kernelsu/.ui.webui.WebUIActivity








Status: ok








Status: ok
https://mui.kernelsu.org/index.html
token found in manager data: 0000000000000000000000000000000000000000000000000000000000000000
opened: intent-token
{"check":"targets","result":[{"socket": "webview_devtools_remote_11346", "type": "page", "url": "https://mui.kernelsu.org/index.html", "title": "devicelab probe"}]}
{"check":"globals","result":{"url":"https://mui.kernelsu.org/index.html","socket":"webview_devtools_remote_11346","value":{"ua":"Mozilla/5.0 (Linux; Android 15; sdk_gphone64_x86_64 Build/AE3A.240806.043; wv) AppleWebKit/537.36 (KHTML, like Gecko) Version/4.0 Chrome/124.0.6367.219 Mobile Safari/537.36","origin":"https://mui.kernelsu.org","href":"https://mui.kernelsu.org/index.html","globals":["ksu"],"ksu":["enableEdgeToEdge","exec","exit","fullScreen","getPackagesInfo","listPackages","moduleInfo","spawn","toast","enableEdgeToEdge","exec","exit","fullScreen","getPackagesInfo","listPackages","moduleInfo","spawn","toast"]}}}
{"check":"ksu-exec","result":{"url":"https://mui.kernelsu.org/index.html","socket":"webview_devtools_remote_11346","value":{"code":0,"out":"uid=0(root) gid=0(root) groups=0(root) context=u:r:ksu:s0\nu:r:ksu:s0\u0000","err":""}}}
{"check":"ws-loopback","result":{"url":"https://mui.kernelsu.org/index.html","socket":"webview_devtools_remote_11346","value":{"got":["{\"origin\":\"https://mui.kernelsu.org\",\"peerUid\":10209,\"remote\":\"127.0.0.1:52200\",\"serverUid\":0,\"t\":1790911171908,\"uidSource\":\"/proc/net/tcp\"}","hi"],"ms":15}}}
{"check":"fetch-loopback","result":{"url":"https://mui.kernelsu.org/index.html","socket":"webview_devtools_remote_11346","value":{"origin":"https://mui.kernelsu.org","peerUid":10209,"remote":"127.0.0.1:52204","serverUid":0,"t":1790911172013,"uidSource":"/proc/net/tcp"}}}
{"check":"webview-uid","result":["webview_zygote 1053 webview_zygote", "u0_a209      10209 me.weishu.kernelsu", "u0_a152      10152 com.google.android.webview:webview_service", "u0_i9000     99000 com.google.android.webview:sandboxed_process0:org.chromium.content.app.SandboxedProcessService0:0"]}
{"check":"while-home-heartbeat","result":{"url":"https://mui.kernelsu.org/index.html","socket":"webview_devtools_remote_11346","value":{"now":9766,"vis":"hidden"}}}
{"check":"lifecycle","result":{"url":"https://mui.kernelsu.org/index.html","socket":"webview_devtools_remote_11346","value":{"events":[{"type":"pageshow","t":84,"vis":"visible"},{"type":"visibilitychange","t":3637,"vis":"hidden"},{"type":"visibilitychange","t":11911,"vis":"visible"}],"gaps":[{"from":3860,"ms":1002,"vis":"hidden"},{"from":5860,"ms":1000,"vis":"hidden"},{"from":9860,"ms":1001,"vis":"hidden"}],"slow":{"heldMs":3000,"sentAt":1790911175145,"resolvedAt":1790911175146,"vis":"hidden"}}}}
{"check":"dev-url","result":{"url":"http://127.0.0.1:8090/index.html","socket":"webview_devtools_remote_11346","value":{"href":"http://127.0.0.1:8090/index.html","ksu":"object","webui":"undefined","globals":["ksu"],"exec":{"code":0,"out":"uid=0(root) gid=0(root) groups=0(root) context=u:r:ksu:s0","err":""}}}}
Starting: Intent { cmp=me.weishu.kernelsu/.ui.webui.WebUIActivity (has extras) }
Status: ok
Activity: me.weishu.kernelsu/.ui.webui.WebUIActivity








Status: ok








Segmentation fault 
intent path: no page; manager log:
10-02 03:19:50.254 11724 11724 D ApplicationLoaders: Returning zygote-cached class loader: /system_ext/framework/androidx.window.extensions.jar
10-02 03:19:50.254 11724 11724 D ApplicationLoaders: Returning zygote-cached class loader: /system_ext/framework/androidx.window.sidecar.jar
10-02 03:19:50.268 11724 11724 V GraphicsEnvironment: Currently set values for:
10-02 03:19:50.268 11724 11724 V GraphicsEnvironment:   angle_gl_driver_selection_pkgs=[]
10-02 03:19:50.268 11724 11724 V GraphicsEnvironment:   angle_gl_driver_selection_values=[]
10-02 03:19:50.268 11724 11724 V GraphicsEnvironment: Global.Settings values are invalid: number of packages: 0, number of values: 0
10-02 03:19:50.268 11724 11724 V GraphicsEnvironment: Neither updatable production driver nor prerelease driver is supported.
10-02 03:19:50.273 11724 11724 W weishu.kernelsu: Unsupported class loader
10-02 03:19:50.300 11724 11724 W weishu.kernelsu: Unsupported class loader
10-02 03:19:50.300 11724 11724 W weishu.kernelsu: Unsupported class loader
10-02 03:19:50.437 11724 11724 W HWUI    : Unknown dataspace 0
10-02 03:19:50.483 11724 11749 I EGL_emulation: Opening libGLESv1_CM_emulation.so
10-02 03:19:50.484 11724 11749 I EGL_emulation: Opening libGLESv2_emulation.so
10-02 03:19:50.498 11724 11749 W HWUI    : Failed to initialize 101010-2 format, error = EGL_SUCCESS
10-02 03:19:50.520 11724 11749 I Gralloc4: mapper 4.x is not supported
10-02 03:19:51.100 11724 11741 I SuperUserRepository: load cost: 152
10-02 03:19:51.103 11724 11744 W SuperUserRepository: KsuService disconnected
10-02 03:19:51.311 11724 11724 D VRI[WebUIActivity]: visibilityChanged oldVisibility=true newVisibility=false
10-02 03:19:51.331 11724 11724 W WindowOnBackDispatcher: sendCancelIfRunning: isInProgress=false callback=android.view.ViewRootImpl$$ExternalSyntheticLambda11@cc09279
10-02 03:19:56.124 11724 11790 D ProfileInstaller: Skipping profile installation for me.weishu.kernelsu
10-02 03:19:59.153 11724 11749 I EGL_emulation: Opening libGLESv1_CM_emulation.so
10-02 03:19:59.160 11724 11749 I EGL_emulation: Opening libGLESv2_emulation.so
10-02 03:19:59.169 11724 11749 W HWUI    : Failed to initialize 101010-2 format, error = EGL_SUCCESS
10-02 03:19:59.776 11724 11724 D VRI[WebUIActivity]: visibilityChanged oldVisibility=true newVisibility=false
10-02 03:19:59.798 11724 11724 W WindowOnBackDispatcher: sendCancelIfRunning: isInProgress=false callback=android.view.ViewRootImpl$$ExternalSyntheticLambda11@505b542
ui: tapped 'Module' at 200,584
ui: tapped 160,152
[0,0][320,640] flutter-webui Counter | search | Clean | Cancel | flutter-webui Counter | Version: 0.1.5 | Author: p0g-stack | Stock Flu
[12,40][235,88] flutter-webui Counter | search | Clean
[185,40][233,88] Clean
[251,40][304,88] Cancel
[12,98][308,267] flutter-webui Counter | Version: 0.1.5 | Author: p0g-stack | Stock Flutter counter app on flutter-webui (devicelab bring
[243,116][292,164] 
[28,210][110,258] Open | Open
[186,210][292,258] Uninstall
[0,552][80,616] Home
[80,552][160,616] Superuser
[240,552][320,616] Settings
ui: tapped 'Open' at 69,234
https://mui.kernelsu.org/index.html
    * Hist  #1: ActivityRecord{ba5ba84 u0 me.weishu.kernelsu/.ui.webui.WebUIActivity t16}
      packageName=me.weishu.kernelsu processName=me.weishu.kernelsu
      launchedFromUid=10209 launchedFromPackage=me.weishu.kernelsu launchedFromFeature=null userId=0
      app=ProcessRecord{51f61ee 11724:me.weishu.kernelsu/u0a209}
      Intent { dat=ksu://webui?id=flutter_webui_counter&token=5d4f0cbf54c6bb6292fc2c62f1d081b63c64c48c779b98bf1e71b55126f5f595 flg=0x80000 cmp=me.weishu.kernelsu/.ui.webui.WebUIActivity }
opened: ui
{"check":"targets","result":[{"type": "page", "url": "https://mui.kernelsu.org/index.html", "title": "Flutter Demo"}]}
{"check":"page","result":{"url":"https://mui.kernelsu.org/index.html","socket":"webview_devtools_remote_11724","value":{"href":"https://mui.kernelsu.org/index.html","title":"Flutter Demo","ready":"complete","flutter":true,"glass":true,"nav":{"dcl":225,"load":519},"paint":{"first-paint":1236,"first-contentful-paint":1236},"glassAt":"present","firstFrame":null,"insets":"24px","vv":[320,640,1]}}}
{"check":"java-exceptions","result":["10-02 03:20:38.496  9583 10499 W .gms.persistent: Large reply transaction of 1056768 bytes, interface descriptor , code 1", "10-02 03:20:38.496  9860 10029 I BugleRcsEngine: Connected state: [1], networkType: [WIFI] [CONTEXT thread_id=57 ]", "10-02 03:20:38.497  9860 10563 I BugleRcsEngine: handleMessage processing message:[NOTIFY_UPTIME_IGNORE_STATE_CHANGED] with [non-null]:RcsEngineImpl reference [CONTEXT log_prefix=\"RcsEngineImpl[DUAL_REG]:[1668370a-474d]>Handler\" thread_id=66 ]", "10-02 03:20:38.996  9088  9122 W IPCThreadState: Sending oneway calls to frozen process.", "10-02 03:20:39.345  9088  9240 D InetDiagMessage: Destroyed 0 sockets, proto=IPPROTO_TCP, family=AF_INET, states=14", "10-02 03:20:39.345  9088  9240 D InetDiagMessage: Destroyed 0 sockets, proto=IPPROTO_TCP, family=AF_INET6, states=14", "10-02 03:20:39.345  9088  9240 D InetDiagMessage: Destroyed live tcp sockets for uids={10152} in 1ms", "10-02 03:20:39.346  9088  9240 D InetDiagMessage: Destroyed 0 sockets, proto=IPPROTO_TCP, family=AF_INET, states=14", "10-02 03:20:39.346  9088  9240 D InetDiagMessage: Destroyed 0 sockets, proto=IPPROTO_TCP, family=AF_INET6, states=14", "10-02 03:20:39.346  9088  9240 D InetDiagMessage: Destroyed live tcp sockets for uids={20152} in 0ms", "10-02 03:20:40.084  9088  9122 W IPCThreadState: Sending oneway calls to frozen process.", "10-02 03:20:40.084  9088  9122 W IPCThreadState: Sending oneway calls to frozen process.", "--", "10-02 03:20:41.500  9583 10499 I ChimeraSrvcProxy: NullBinder for android.net.action.RECOMMEND_NETWORKS triggering remote TransactionTooLargeException due to Service without Chimera impl", "10-02 03:20:41.501  9583 10499 W .gms.persistent: Large reply transaction of 1056768 bytes, interface descriptor , code 1", "10-02 03:20:41.501  9860 10563 I BugleRcsEngine: handleMessage processing message:[NOTIFY_UPTIME_IGNORE_STATE_CHANGED] with [non-null]:RcsEngineImpl reference [CONTEXT log_prefix=\"RcsEngineImpl[DUAL_REG]:[1668370a-474d]>Handler\" thread_id=66 ]", "10-02 03:20:41.502  9860 10029 I BugleRcsEngine: Connected state: [1], networkType: [WIFI] [CONTEXT thread_id=57 ]", "10-02 03:20:41.504   168   168 I hwservicemanager: getTransport: Cannot find entry android.hardware.graphics.mapper@4.0::IMapper/default in either framework or device VINTF manifest.", "10-02 03:20:41.504 12195 12196 I Gralloc4: mapper 4.x is not supported", "10-02 03:20:41.653     0     0 I servicemanager: Caller(pid=12195,uid=0,sid=u:r:su:s0) Could not find android.hardware.graphics.allocator.IAllocator/default in the VINTF manifest. No alternative instances declared in VINTF.", "10-02 03:20:42.077  9088  9122 W IPCThreadState: Sending oneway calls to frozen process.", "10-02 03:20:42.077  9088  9122 W IPCThreadState: Sending oneway calls to frozen process.", "10-02 03:20:42.327  9088  9240 D InetDiagMessage: Destroyed 0 sockets, proto=IPPROTO_TCP, family=AF_INET, states=14", "10-02 03:20:42.328  9088  9240 D InetDiagMessage: Destroyed 0 sockets, proto=IPPROTO_TCP, family=AF_INET6, states=14", "10-02 03:20:42.328  9088  9240 D InetDiagMessage: Destroyed live tcp sockets for uids={10202} in 1ms", "10-02 03:20:42.328  9088  9240 D InetDiagMessage: Destroyed 0 sockets, proto=IPPROTO_TCP, family=AF_INET, states=14", "--", "10-02 03:20:44.502  9583 10469 I ChimeraSrvcProxy: NullBinder for android.net.action.RECOMMEND_NETWORKS triggering remote TransactionTooLargeException due to Service without Chimera impl", "10-02 03:20:44.502  9583 10469 W .gms.persistent: Large reply transaction of 1056768 bytes, interface descriptor , code 1", "10-02 03:20:44.594 10037 10037 I BugleDataModel: ActionExecutorImpl: Starting ActionService", "10-02 03:20:44.596 10037 10037 I BugleDataModel: ActionExecutorImpl: ACTION_EXECUTE_QUEUED_CountryCodeDetectorAction", "10-02 03:20:44.596 10037 10133 I BugleDataModel: ExecuteActionRunnable: running action CountryCodeDetectorAction", "10-02 03:20:44.597 10037 10133 I BugleDataModel: ActionExecutorImpl: ACTION_BACKGROUND_QUEUED_CountryCodeDetectorAction", "10-02 03:20:44.597 10037 10037 I BugleDataModel: ActionExecutorImpl: ACTION_EXECUTE_QUEUED_SelfParticipantsRefreshAction", "10-02 03:20:44.597 10037 10133 I BugleDataModel: ExecuteActionRunnable: running action SelfParticipantsRefreshAction", "10-02 03:20:44.597 10037 10133 I BugleDataModel: ActionExecutorImpl: ACTION_BACKGROUND_QUEUED_SelfParticipantsRefreshAction", "10-02 03:20:44.598 10037 10135 I Bugle   : CountryCodeDetector: updateSmsNetworkCountry from default subscription network country. detected country: us", "10-02 03:20:44.598 10037 10135 I BugleDataModel: ActionExecutorImpl: ACTION_RESPONSE_QUEUED_CountryCodeDetectorAction", "10-02 03:20:44.599 10037 10135 I BugleDataModel: ParticipantFullRefresh: Start participant refresh. refreshMode: SELF_ONLY", "10-02 03:20:44.600 10037 10135 I BugleDataModel: SubscriptionsTracker#refreshSelfParticipantList([1])"]}
{"check":"console-errors","result":["--------- beginning of main", "10-02 03:20:34.290 12107 12136 W chromium: [WARNING:runtime_features.cc(694)] SharedStorage for M118+ cannot be enabled in this configuration. Use --enable-features=SharedStorageAPI,SharedStorageAPIM118 in addition.", "10-02 03:20:34.349 12107 12136 I chromium: [INFO:viewport_data.cc(133)] E2E_Used ViewportFitCover", "10-02 03:20:34.537 11724 11724 I chromium: [INFO:CONSOLE(3)] \"Injecting <script> tag. Using callback.\", source: https://mui.kernelsu.org/flutter_bootstrap.js (3)"]}
{"check":"first-frame-warm","result":{"url":"https://mui.kernelsu.org/index.html","socket":"webview_devtools_remote_11724","value":{"firstFrameMs":305,"now":15050,"flutter":true,"resizes":[],"paint":{"first-paint":611,"first-contentful-paint":611},"calls":[[14,"at-preload","ksu:undefined webui:undefined"],[18,"ksu-defined"],[18,"wrap-failed","exec"],[19,"wrap-failed","spawn"],[19,"wrap-failed","moduleInfo"],[19,"wrap-failed","fullScreen"],[20,"wrap-failed","enableEdgeToEdge"],[20,"wrap-failed","toast"],[20,"wrap-failed","exit"]],"resources":[["/internal/insets.css",16,20,"link",0],["/flutter_webui.css",16,32,"link",0],["/flutter_webui.js",17,37,"script",0],["/flutter_bootstrap.js",17,45,"script",0],["/canvaskit/chromium/canvaskit.wasm",74,113,"fetch",0],["/canvaskit/chromium/canvaskit.js",75,91,"other",0],["/main.dart.js",75,104,"script",0],["/assets/FontManifest.json",239,252,"fetch",0],["/favicon.ico",253,257,"other",0],["/assets/fonts/MaterialIcons-Regular.otf",254,265,"fetch",0],["/assets/packages/cupertino_icons/assets/CupertinoIcons.ttf",254,265,"fetch",0],["/assets/fonts/fallback/Roboto-Regular.ttf",255,266,"fetch",0]],"marks":[["flutter_webui:register",268],["flutter_webui:registered",269],["flutter_webui:first-frame",305]],"measures":[],"fonts":[]}}}
{"check":"root-start","result":{"url":"https://mui.kernelsu.org/index.html","socket":"webview_devtools_remote_11724","value":{"code":0,"out":"","err":"","ms":68}}}
{"check":"session","result":{"url":"https://mui.kernelsu.org/index.html","socket":"webview_devtools_remote_11724","value":{"status":200,"ms":15,"protocol":1,"version":"0.1.0","port":43713,"pid":12241,"tokenLen":43}}}
{"check":"ws-hello","result":{"url":"https://mui.kernelsu.org/index.html","socket":"webview_devtools_remote_11724","value":{"first":"{\"op\":\"hello\",\"protocol\":1,\"version\":\"0.1.0\",\"pid\":12241,\"boot\":\"b6e43224-4d52-4064-8802-2b04ae40efd9\",\"uid\":0,\"moduleDir\":\"/data/adb/modules/flutter_webui_counter\"}"}}}
{"check":"channel-process","result":"USER           UID LABEL                            PID NAME                       \nroot             0 u:r:ksu:s0                     12241 ld-linux-x86-64.so.2\nexe=/data/adb/modules/flutter_webui_counter/flutter_webui/x86_64/ld-linux-x86-64.so.2\n/data/adb/modules/flutter_webui_counter/flutter_webui/x86_64/ld-linux-x86-64.so.2 --library-path /data/adb/modules/flutter_webui_counter/flutter_webui/x86_64 /data/adb/modules/flutter_webui_counter/flutter_webui/x86_64/dartaotruntime /data/adb/modules/flutter_webui_counter/flutter_webui/x86_64/flutter_webui_root.aot serve --module-dir /data/adb/modules/flutter_webui_counter \narm64-v8a\nroot\nx86_64\n/data/adb/modules/flutter_webui_counter/flutter_webui/arm64-v8a:\ndartaotruntime\nflutter_webui_root.aot\nld-linux-aarch64.so.1\nlibc.so.6\nlibdl.so.2\nlibm.so.6\nlibpthread.so.0\n\n/data/adb/modules/flutter_webui_counter/flutter_webui/x86_64:\ndartaotruntime\nflutter_webui_root.aot\nld-linux-x86-64.so.2\nlibc.so.6\nlibdl.so.2\nlibm.so.6\nlibpthread.so.0"}
{"check":"root-log","result":"2026-10-02T03:21:06.347971 listening on 127.0.0.1:43713"}
{"check":"session-mode","result":"total 44\ndrwx--x--x 3 root root 4096 2026-10-02 03:21 .\ndrwxr-xr-x 7 root root 4096 2026-10-02 03:21 ..\n-rw------- 1 root root    0 2026-10-02 03:21 lock\ndrwx------ 2 root root 4096 2026-10-02 03:21 proc\n-rw------- 1 root root   56 2026-10-02 03:21 root.log\n-rw-r--r-- 1 root root  197 2026-10-02 03:21 session.json"}
{"check":"home-resume","result":{"url":"https://mui.kernelsu.org/index.html","socket":"webview_devtools_remote_11724","value":{"events":[["visibilitychange","hidden",15780],["visibilitychange","visible",22851]],"ticks":20,"vis":"visible","hasFocus":false}}}
{"check":"before-back","result":{"url":"https://mui.kernelsu.org/index.html","socket":"webview_devtools_remote_11724","value":{"historyLength":2,"historyState":"{\"flutter\":true}","href":"https://mui.kernelsu.org/index.html","typeofWebui":"undefined","typeofWebuiExit":"undefined","typeofKsuExit":"function","webuiKeys":null,"wrapped":"no webui.exit"}}}
{"check":"back-events","result":{"error":"no page target","sockets":["webview_devtools_remote_11724"],"targets":[]}}
{"check":"back-console","result":["10-02 03:21:17.765 11724 11724 E chromium: [ERROR:aw_browser_terminator.cc(154)] Renderer process (12107) crash detected (code -1).", "10-02 03:21:17.769  9088  9402 I ActivityManager: Killing 12107:com.google.android.webview:sandboxed_process0:org.chromium.content.app.SandboxedProcessService0:0/u0a209i1 (adj 0): isolated not needed"]}
{"check":"back-at-root","result":"topResumedActivity=ActivityRecord{dc3b169 u0 me.weishu.kernelsu/.ui.MainActivity t16}"}
Starting: Intent { cmp=me.weishu.kernelsu/.ui.webui.WebUIActivity (has extras) }
Status: ok
Activity: me.weishu.kernelsu/.ui.webui.WebUIActivity








Status: ok








Segmentation fault 
Status: ok
https://mui.kernelsu.org/index.html
token found in manager data: 5d4f0cbf54c6bb6292fc2c62f1d081b63c64c48c779b98bf1e71b55126f5f595
opened: intent-token
{"check":"targets","result":[{"type": "page", "url": "https://mui.kernelsu.org/index.html", "title": "Flutter Demo"}]}
{"check":"page","result":{"url":"https://mui.kernelsu.org/index.html","socket":"webview_devtools_remote_12381","value":{"href":"https://mui.kernelsu.org/index.html","title":"Flutter Demo","ready":"complete","flutter":true,"glass":true,"nav":{"dcl":76,"load":511},"paint":{"first-paint":1459,"first-contentful-paint":1459},"glassAt":"present","firstFrame":null,"insets":null,"vv":[320,592,1]}}}
{"check":"java-exceptions","result":["10-02 03:21:30.104  9761 10232 D OneSearchSuggestProvider: \tat android.app.appsearch.SearchSessionUtil$1.$r8$lambda$CEk3q8sDAQVhU3rQwVueB8FAj_M(go/retraceme 64eee9e9f568ff45978879ad2ff83146f2618ee8a88278736fbdf5fae931976e:1)", "10-02 03:21:30.104  9761 10232 D OneSearchSuggestProvider: \tat android.app.appsearch.SearchSessionUtil$1$$ExternalSyntheticLambda0.run(go/retraceme 64eee9e9f568ff45978879ad2ff83146f2618ee8a88278736fbdf5fae931976e:22)", "10-02 03:21:30.104  9761 10232 D OneSearchSuggestProvider: \tat android.os.Handler.handleCallback(Handler.java:959)", "10-02 03:21:30.104  9761 10232 D OneSearchSuggestProvider: \tat android.os.Handler.dispatchMessage(Handler.java:100)", "10-02 03:21:30.104  9761 10232 D OneSearchSuggestProvider: \tat android.os.Looper.loopOnce(Looper.java:232)", "10-02 03:21:30.104  9761 10232 D OneSearchSuggestProvider: \tat android.os.Looper.loop(Looper.java:317)", "10-02 03:21:30.104  9761 10232 D OneSearchSuggestProvider: \tat android.os.HandlerThread.run(HandlerThread.java:85)", "10-02 03:21:30.104  9761 10232 D OneSearchSuggestProvider: Caused by: java.util.NoSuchElementException: No value present", "10-02 03:21:30.104  9761 10232 D OneSearchSuggestProvider: \tat java.util.Optional.get(Optional.java:143)", "10-02 03:21:30.104  9761 10232 D OneSearchSuggestProvider: \tat com.google.android.apps.nexuslauncher.allapps.E0.onResult(go/retraceme 31f9979659277bb965985aff1272c33e3c3c9e755b77166d20a2465454178f2c:28)", "10-02 03:21:30.104  9761 10232 D OneSearchSuggestProvider: \t... 8 more", "10-02 03:21:30.105  9761 10232 D OneSearchSuggestProvider: Established or reuse existing binder channel authority=com.google.android.googlequicksearchbox", "10-02 03:21:30.105  9761 12370 E OneSearchSuggestProvider: Unable to get suggestions from AGA", "10-02 03:21:30.105  9761 12370 E OneSearchSuggestProvider: io.grpc.StatusRuntimeException: UNIMPLEMENTED: bindService(Intent { act=grpc.io.action.BIND cmp=com.google.android.googlequicksearchbox/com.google.android.apps.search.googleapp.search.suggest.plugins.onesearch.server.OneSearchSuggestService }) returned false", "10-02 03:21:30.105  9761 12370 E OneSearchSuggestProvider: \tat k3.e.a(go/retraceme 31f9979659277bb965985aff1272c33e3c3c9e755b77166d20a2465454178f2c:77)", "10-02 03:21:30.105  9761 12370 E OneSearchSuggestProvider: \tat i3.l.b(go/retraceme 31f9979659277bb965985aff1272c33e3c3c9e755b77166d20a2465454178f2c:43)", "10-02 03:21:30.105  9761 12370 E OneSearchSuggestProvider: \tat i3.l.a(go/retraceme 31f9979659277bb965985aff1272c33e3c3c9e755b77166d20a2465454178f2c:27)", "10-02 03:21:30.105  9761 12370 E OneSearchSuggestProvider: \tat i3.z.run(go/retraceme 31f9979659277bb965985aff1272c33e3c3c9e755b77166d20a2465454178f2c:7)", "10-02 03:21:30.105  9761 12370 E OneSearchSuggestProvider: \tat i3.m2.run(go/retraceme 31f9979659277bb965985aff1272c33e3c3c9e755b77166d20a2465454178f2c:19)", "10-02 03:21:30.105  9761 12370 E OneSearchSuggestProvider: \tat java.util.concurrent.ThreadPoolExecutor.runWorker(ThreadPoolExecutor.java:1145)", "10-02 03:21:30.105  9761 12370 E OneSearchSuggestProvider: \tat java.util.concurrent.ThreadPoolExecutor$Worker.run(ThreadPoolExecutor.java:644)", "10-02 03:21:30.105  9761 12370 E OneSearchSuggestProvider: \tat java.lang.Thread.run(Thread.java:1012)", "10-02 03:21:30.106  9761  9761 D SearchTargetUtil: query= size=0", "10-02 03:21:30.113  9314  9355 V WindowManagerShell: Playing animation for (#26) android.os.BinderProxy@ecaf863@0", "10-02 03:21:30.113  9314  9355 V WindowManagerShell:  try handler com.android.wm.shell.transition.DefaultMixedHandler@b69f01a", "10-02 03:21:30.113  9314  9355 V WindowManagerShell:  try handler com.android.wm.shell.keyguard.KeyguardTransitionHandler@15f574b", "--", "10-02 03:21:39.221  9583 11973 W FontLog : java.lang.IllegalStateException: Cannot perform this operation because the connection pool has been closed.", "10-02 03:21:39.221  9583 11973 W FontLog : \tat android.database.sqlite.SQLiteConnectionPool.throwIfClosedLocked(SQLiteConnectionPool.java:1103)", "10-02 03:21:39.221  9583 11973 W FontLog : \tat android.database.sqlite.SQLiteConnectionPool.waitForConnection(SQLiteConnectionPool.java:716)", "10-02 03:21:39.221  9583 11973 W FontLog : \tat android.database.sqlite.SQLiteConnectionPool.acquireConnection(SQLiteConnectionPool.java:399)", "10-02 03:21:39.221  9583 11973 W FontLog : \tat android.database.sqlite.SQLiteSession.acquireConnection(SQLiteSession.java:920)", "10-02 03:21:39.221  9583 11973 W FontLog : \tat android.database.sqlite.SQLiteSession.executeForChangedRowCount(SQLiteSession.java:778)", "10-02 03:21:39.221  9583 11973 W FontLog : \tat android.database.sqlite.SQLiteStatement.executeUpdateDelete(SQLiteStatement.java:67)", "10-02 03:21:39.221  9583 11973 W FontLog : \tat android.database.sqlite.SQLiteDatabase.executeSql(SQLiteDatabase.java:2207)", "10-02 03:21:39.221  9583 11973 W FontLog : \tat android.database.sqlite.SQLiteDatabase.execSQL(SQLiteDatabase.java:2183)", "10-02 03:21:39.221  9583 11973 W FontLog : \tat bbkg.run(:com.google.android.gms@242335041@24.23.35 (190800-646585959):57)", "10-02 03:21:39.221  9583 11973 W FontLog : \tat angs.c(:com.google.android.gms@242335041@24.23.35 (190800-646585959):50)", "10-02 03:21:39.221  9583 11973 W FontLog : \tat angs.run(:com.google.android.gms@242335041@24.23.35 (190800-646585959):76)", "10-02 03:21:39.221  9583 11973 W FontLog : \tat java.util.concurrent.ThreadPoolExecutor.runWorker(ThreadPoolExecutor.java:1145)"]}
{"check":"console-errors","result":["--------- beginning of main", "10-02 03:21:39.029 12381 12508 I chromium: [1002/032139.028901:INFO:variations_seed_loader.cc(66)] Failed to open file for reading.: No such file or directory (2)", "10-02 03:21:39.162 12512 12541 W chromium: [WARNING:runtime_features.cc(694)] SharedStorage for M118+ cannot be enabled in this configuration. Use --enable-features=SharedStorageAPI,SharedStorageAPIM118 in addition.", "10-02 03:21:39.393 12381 12381 I chromium: [INFO:CONSOLE(1)] \"Injecting <script> tag. Using callback.\", source: https://mui.kernelsu.org/flutter_bootstrap.js (1)"]}
{"check":"first-frame-warm","result":{"url":"https://mui.kernelsu.org/index.html","socket":"webview_devtools_remote_12381","value":{"firstFrameMs":280,"now":15047,"flutter":true,"resizes":[],"paint":{"first-paint":603,"first-contentful-paint":603},"calls":[[17,"at-preload","ksu:undefined webui:undefined"],[20,"ksu-defined"],[23,"wrap-failed","exec"],[24,"wrap-failed","spawn"],[25,"wrap-failed","moduleInfo"],[25,"wrap-failed","fullScreen"],[25,"wrap-failed","enableEdgeToEdge"],[26,"wrap-failed","toast"],[26,"wrap-failed","exit"]],"resources":[["/flutter_bootstrap.js",15,31,"script",0],["/canvaskit/chromium/canvaskit.wasm",62,99,"fetch",0],["/canvaskit/chromium/canvaskit.js",63,83,"other",0],["/main.dart.js",63,92,"script",0],["/assets/FontManifest.json",224,233,"fetch",0],["/favicon.png",231,244,"other",0],["/assets/fonts/MaterialIcons-Regular.otf",234,244,"fetch",0],["/assets/packages/cupertino_icons/assets/CupertinoIcons.ttf",234,244,"fetch",0],["/assets/fonts/fallback/Roboto-Regular.ttf",235,245,"fetch",0],["/favicon.png",600,615,"other",0]],"marks":[],"measures":[],"fonts":[]}}}
Starting: Intent { cmp=me.weishu.kernelsu/.ui.webui.WebUIActivity (has extras) }
Status: ok
Activity: me.weishu.kernelsu/.ui.webui.WebUIActivity








Status: ok








Segmentation fault 
Status: ok
https://mui.kernelsu.org/index.html
token found in manager data: 5d4f0cbf54c6bb6292fc2c62f1d081b63c64c48c779b98bf1e71b55126f5f595
opened: intent-token
{"check":"targets","result":[{"type": "page", "url": "https://mui.kernelsu.org/index.html", "title": "Demo"}]}
{"check":"page","result":{"url":"https://mui.kernelsu.org/index.html","socket":"webview_devtools_remote_12688","value":{"href":"https://mui.kernelsu.org/index.html","title":"Demo","ready":"complete","flutter":true,"glass":true,"nav":{"dcl":126,"load":607},"paint":{"first-paint":1104,"first-contentful-paint":2111},"glassAt":"present","firstFrame":null,"insets":"24px","vv":[320,640,1]}}}
{"check":"java-exceptions","result":["10-02 03:22:29.908 12688 12688 W ThreadPoolForeg: type=1400 audit(0.0:304): avc:  denied  { getattr } for  path=\"/data/adb\" dev=\"dm-46\" ino=319489 scontext=u:r:untrusted_app:s0:c209,c256,c512,c768 tcontext=u:object_r:adb_data_file:s0 tclass=dir permissive=0 app=me.weishu.kernelsu", "10-02 03:22:29.912 12688 12688 W ThreadPoolForeg: type=1400 audit(0.0:305): avc:  denied  { getattr } for  path=\"/data/adb\" dev=\"dm-46\" ino=319489 scontext=u:r:untrusted_app:s0:c209,c256,c512,c768 tcontext=u:object_r:adb_data_file:s0 tclass=dir permissive=0 app=me.weishu.kernelsu", "10-02 03:22:29.912 12688 12688 W ThreadPoolForeg: type=1400 audit(0.0:306): avc:  denied  { getattr } for  path=\"/data/adb\" dev=\"dm-46\" ino=319489 scontext=u:r:untrusted_app:s0:c209,c256,c512,c768 tcontext=u:object_r:adb_data_file:s0 tclass=dir permissive=0 app=me.weishu.kernelsu", "10-02 03:22:30.455 12688 12714 D EGL_emulation: app_time_stats: avg=81.90ms min=0.98ms max=782.59ms count=18", "10-02 03:22:30.617     0     0 W audit   : audit_lost=133 audit_rate_limit=5 audit_backlog_limit=64", "10-02 03:22:30.629     0     0 E audit   : rate limit exceeded", "--", "10-02 03:22:38.657  9583 10492 I ChimeraSrvcProxy: NullBinder for android.net.action.RECOMMEND_NETWORKS triggering remote TransactionTooLargeException due to Service without Chimera impl", "10-02 03:22:38.657  9583 10492 W .gms.persistent: Large reply transaction of 1056768 bytes, interface descriptor , code 1", "10-02 03:22:39.411  9088  9182 D ActivityManager: freezing 11478 com.google.android.webview:webview_service", "10-02 03:22:39.412  9088  9240 D InetDiagMessage: Destroyed 0 sockets, proto=IPPROTO_TCP, family=AF_INET, states=14", "10-02 03:22:39.412  9088  9240 D InetDiagMessage: Destroyed 0 sockets, proto=IPPROTO_TCP, family=AF_INET6, states=14", "10-02 03:22:39.412  9088  9240 D InetDiagMessage: Destroyed live tcp sockets for uids={10152} in 1ms", "10-02 03:22:41.656 10037 10037 W JobService: onNetworkChanged() not implemented in androidx.work.impl.background.systemjob.SystemJobService. Must override in a subclass.", "10-02 03:22:41.657  9088  9240 W IPCThreadState: Sending oneway calls to frozen process.", "10-02 03:22:41.657  9088  9240 W IPCThreadState: Sending oneway calls to frozen process.", "10-02 03:22:41.658  9583 10471 I ChimeraSrvcProxy: NullBinder for android.net.action.RECOMMEND_NETWORKS triggering remote TransactionTooLargeException due to Service without Chimera impl", "10-02 03:22:41.658  9583 10471 W .gms.persistent: Large reply transaction of 1056768 bytes, interface descriptor , code 1", "10-02 03:22:41.658  9860 10029 I BugleRcsEngine: Connected state: [1], networkType: [WIFI] [CONTEXT thread_id=57 ]", "10-02 03:22:41.658  9860 10563 I BugleRcsEngine: handleMessage processing message:[NOTIFY_UPTIME_IGNORE_STATE_CHANGED] with [non-null]:RcsEngineImpl reference [CONTEXT log_prefix=\"RcsEngineImpl[DUAL_REG]:[1668370a-474d]>Handler\" thread_id=66 ]", "10-02 03:22:42.999  9012 12896 I resolv  : GetAddrInfoHandler::run: {101 786533 101 983141 10143 0}", "10-02 03:22:43.000  9012 12897 I resolv  : res_nmkquery: (QUERY, IN, AAAA)", "10-02 03:22:43.000  9012 12898 I resolv  : res_nmkquery: (QUERY, IN, A)", "10-02 03:22:43.029  9012 12897 I resolv  : res_nsend: used send_dg 269 terrno: 0", "10-02 03:22:43.029  9012 12898 I resolv  : res_nsend: used send_dg 173 terrno: 0", "10-02 03:22:43.029  9012 12897 I resolv  : doQuery: rcode=0, ancount=8, return value=269", "10-02 03:22:43.029  9012 12898 I resolv  : doQuery: rcode=0, ancount=8, return value=173", "10-02 03:22:44.182  9088  9102 D OomAdjuster: Not killing cached processes", "10-02 03:22:44.413  9991  9991 D BoundBrokerSvc: onUnbind: Intent { act=com.google.android.gms.safetynet.service.START pkg=com.google.android.gms }", "--", "10-02 03:22:44.660  9583  9952 I ChimeraSrvcProxy: NullBinder for android.net.action.RECOMMEND_NETWORKS triggering remote TransactionTooLargeException due to Service without Chimera impl", "10-02 03:22:44.660  9860 10029 I BugleRcsEngine: Connected state: [1], networkType: [WIFI] [CONTEXT thread_id=57 ]", "10-02 03:22:44.661  9860 10563 I BugleRcsEngine: handleMessage processing message:[NOTIFY_UPTIME_IGNORE_STATE_CHANGED] with [non-null]:RcsEngineImpl reference [CONTEXT log_prefix=\"RcsEngineImpl[DUAL_REG]:[1668370a-474d]>Handler\" thread_id=66 ]", "10-02 03:22:44.661  9583  9952 W .gms.persistent: Large reply transaction of 1056768 bytes, interface descriptor , code 1", "10-02 03:22:45.971 12901 12901 W BpBinder: Linking to death on android.gui.ISurfaceComposer but there are no threads (yet?) listening to incoming transactions. See ProcessState::startThreadPool and ProcessState::setThreadPoolMaxThreadCount. Generally you should setup the binder threadpool before other initialization steps.", "10-02 03:22:45.972 12901 12901 W ProcessState: Extra binder thread started, but 0 threads requested. Do not use *startThreadPool when zero threads are requested.", "10-02 03:22:45.978   168   168 I hwservicemanager: getTransport: Cannot find entry android.hardware.graphics.mapper@4.0::IMapper/default in either framework or device VINTF manifest.", "10-02 03:22:45.978 12901 12902 I Gralloc4: mapper 4.x is not supported", "10-02 03:22:46.129     0     0 I servicemanager: Caller(pid=12901,uid=0,sid=u:r:su:s0) Could not find android.hardware.graphics.allocator.IAllocator/default in the VINTF manifest. No alternative instances declared in VINTF.", "10-02 03:22:46.379     0     0 I logd    : logdr: UID=0 GID=0 PID=12907 n tail=0 logMask=99 pid=0 start=0ns deadline=0ns"]}
{"check":"console-errors","result":["--------- beginning of main", "10-02 03:22:29.156 12688 12815 I chromium: [1002/032229.155883:INFO:variations_seed_loader.cc(66)] Failed to open file for reading.: No such file or directory (2)", "10-02 03:22:29.331 12819 12848 W chromium: [WARNING:runtime_features.cc(694)] SharedStorage for M118+ cannot be enabled in this configuration. Use --enable-features=SharedStorageAPI,SharedStorageAPIM118 in addition.", "10-02 03:22:29.387 12819 12848 I chromium: [INFO:viewport_data.cc(133)] E2E_Used ViewportFitCover", "10-02 03:22:29.578 12688 12688 I chromium: [INFO:CONSOLE(3)] \"Injecting <script> tag. Using callback.\", source: https://mui.kernelsu.org/flutter_bootstrap.js (3)"]}
{"check":"first-frame-warm","result":{"url":"https://mui.kernelsu.org/index.html","socket":"webview_devtools_remote_12688","value":{"firstFrameMs":432,"now":15054,"flutter":true,"resizes":[],"paint":{"first-paint":901,"first-contentful-paint":901},"calls":[[19,"at-preload","ksu:undefined webui:undefined"],[21,"ksu-defined"],[23,"wrap-failed","exec"],[31,"wrap-failed","spawn"],[35,"wrap-failed","moduleInfo"],[36,"wrap-failed","fullScreen"],[36,"wrap-failed","enableEdgeToEdge"],[36,"wrap-failed","toast"],[36,"wrap-failed","exit"]],"resources":[["/internal/insets.css",15,37,"link",0],["/internal/colors.css",15,37,"link",0],["/flutter_webui.css",15,37,"link",0],["/flutter_webui.js",16,55,"script",0],["/flutter_bootstrap.js",16,53,"script",0],["/canvaskit/chromium/canvaskit.wasm",88,126,"fetch",0],["/canvaskit/chromium/canvaskit.js",88,102,"other",0],["/main.dart.js",89,137,"script",0],["/assets/FontManifest.json",317,330,"fetch",0],["/favicon.ico",331,334,"other",0],["/assets/fonts/MaterialIcons-Regular.otf",332,340,"fetch",0],["/assets/fonts/fallback/Roboto-Regular.ttf",332,341,"fetch",0],["/internal/colors.css",350,433,"fetch",0],["/pkg/demo_native.js",895,907,"fetch",0]],"marks":[["flutter_webui:register",344],["flutter_webui:registered",344],["flutter_webui:register",346],["flutter_webui:registered",346],["flutter_webui:first-frame",432]],"measures":[],"fonts":[]}}}
{"url":"https://mui.kernelsu.org/index.html","socket":"webview_devtools_remote_12688","value":"semantics on"}
{"check":"home","result":{"url":"https://mui.kernelsu.org/index.html","socket":"webview_devtools_remote_12688","value":["Squadron","Process","native","net","Say hello","Count to 5","SHA-256","Demo pages\nOne page per thing the stack promises.","Places","Strategy","Rust","Lifecycle","Shell","Plugins"]}}
{"check":"colors-css","result":{"url":"https://mui.kernelsu.org/index.html","socket":"webview_devtools_remote_12688","value":{"status":200,"type":"text/css","body":""}}}
{"check":"wasm-at-home","result":{"url":"https://mui.kernelsu.org/index.html","socket":"webview_devtools_remote_12688","value":{"wasm":[{"name":"chromium/canvaskit.wasm","start":88,"dur":38}],"marks":[{"name":"flutter_webui:register","t":344},{"name":"flutter_webui:registered","t":344},{"name":"flutter_webui:register","t":346},{"name":"flutter_webui:registered","t":346},{"name":"flutter_webui:first-frame","t":432}],"measures":[],"now":18433}}}
{"check":"tap-places","result":{"url":"https://mui.kernelsu.org/index.html","socket":"webview_devtools_remote_12688","value":"tapped Places at 16,572 size 288x56 role button tappable"}}
{"check":"places","result":{"url":"https://mui.kernelsu.org/index.html","socket":"webview_devtools_remote_12688","value":["Back\nBack","One service, DemoService, opened in every place this build knows. Each place probes its own facts from inside; the page never guesses from the platform it was built for.","200k","1M","3M","Count primes in every place","Restart places","inline (the caller)\nkind: inline\nstart 328 ms, first facts() round trip 117 ms\nroot\ncheck: effective uid 0\nblock_devices\ncheck: a kernel-listed block device opens for reading\nusb.native\ncheck: /dev/bus/usb lists\nusb.web\ncheck: navigator.usb exists\nprocess.spawn\ncheck: a shell runs\nfs.persistent\ncheck: working dir writable, or storage persisted\nnet\ncheck: a non-loopback interface is up, or onLine\nnative\ncheck: null","worker (isolate or Web Worker)\nkind: web_worker\nstart 270 ms, first facts() round trip 35 ms\nroot\ncheck: effective uid 0\nblock_devices\ncheck: a kernel-listed block device opens for reading\nusb.native\ncheck: /dev/bus/usb lists\nusb.web\ncheck: navigator.usb exists\nprocess.spawn\ncheck: a shell runs\nfs.persistent\ncheck: working dir writable, or storage persisted\nnet\ncheck: a non-loopback interface is up, or onLine\nnative\ncheck: null","Places","Strategy","Rust","Lifecycle","Shell","Plugins"]}}
{"check":"places-scroll-1","result":{"url":"https://mui.kernelsu.org/index.html","socket":"webview_devtools_remote_12688","value":["Back\nBack","200k","1M","3M","Count primes in every place","Restart places","inline (the caller)\nkind: inline\nstart 328 ms, first facts() round trip 117 ms\nroot\ncheck: effective uid 0\nblock_devices\ncheck: a kernel-listed block device opens for reading\nusb.native\ncheck: /dev/bus/usb lists\nusb.web\ncheck: navigator.usb exists\nprocess.spawn\ncheck: a shell runs\nfs.persistent\ncheck: working dir writable, or storage persisted\nnet\ncheck: a non-loopback interface is up, or onLine\nnative\ncheck: null","worker (isolate or Web Worker)\nkind: web_worker\nstart 270 ms, first facts() round trip 35 ms\nroot\ncheck: effective uid 0\nblock_devices\ncheck: a kernel-listed block device opens for reading\nusb.native\ncheck: /dev/bus/usb lists\nusb.web\ncheck: navigator.usb exists\nprocess.spawn\ncheck: a shell runs\nfs.persistent\ncheck: working dir writable, or storage persisted\nnet\ncheck: a non-loopback interface is up, or onLine\nnative\ncheck: null","Places","Strategy","Rust","Lifecycle","Shell","Plugins"]}}
{"check":"places-scroll-2","result":{"url":"https://mui.kernelsu.org/index.html","socket":"webview_devtools_remote_12688","value":["Back\nBack","inline (the caller)\nkind: inline\nstart 328 ms, first facts() round trip 117 ms\nroot\ncheck: effective uid 0\nblock_devices\ncheck: a kernel-listed block device opens for reading\nusb.native\ncheck: /dev/bus/usb lists\nusb.web\ncheck: navigator.usb exists\nprocess.spawn\ncheck: a shell runs\nfs.persistent\ncheck: working dir writable, or storage persisted\nnet\ncheck: a non-loopback interface is up, or onLine\nnative\ncheck: null","worker (isolate or Web Worker)\nkind: web_worker\nstart 270 ms, first facts() round trip 35 ms\nroot\ncheck: effective uid 0\nblock_devices\ncheck: a kernel-listed block device opens for reading\nusb.native\ncheck: /dev/bus/usb lists\nusb.web\ncheck: navigator.usb exists\nprocess.spawn\ncheck: a shell runs\nfs.persistent\ncheck: working dir writable, or storage persisted\nnet\ncheck: a non-loopback interface is up, or onLine\nnative\ncheck: null","root process (the app CLI, serve mode)\nkind: process\nstart 255 ms, first facts() round trip 0 ms\nroot\ncheck: effective uid 0\nblock_devices\ncheck: a kernel-listed block device opens for reading\nusb.native\ncheck: /dev/bus/usb lists\nusb.web\ncheck: navigator.usb exists\nprocess.spawn\ncheck: a shell runs\nfs.persistent\ncheck: working dir writable, or storage persisted\nnet\ncheck: a non-loopback interface is up, or onLine\nnative\ncheck: null","Places","Strategy","Rust","Lifecycle","Shell","Plugins"]}}
{"check":"places-scroll-3","result":{"url":"https://mui.kernelsu.org/index.html","socket":"webview_devtools_remote_12688","value":["Back\nBack","worker (isolate or Web Worker)\nkind: web_worker\nstart 270 ms, first facts() round trip 35 ms\nroot\ncheck: effective uid 0\nblock_devices\ncheck: a kernel-listed block device opens for reading\nusb.native\ncheck: /dev/bus/usb lists\nusb.web\ncheck: navigator.usb exists\nprocess.spawn\ncheck: a shell runs\nfs.persistent\ncheck: working dir writable, or storage persisted\nnet\ncheck: a non-loopback interface is up, or onLine\nnative\ncheck: null","root process (the app CLI, serve mode)\nkind: process\nstart 255 ms, first facts() round trip 0 ms\nroot\ncheck: effective uid 0\nblock_devices\ncheck: a kernel-listed block device opens for reading\nusb.native\ncheck: /dev/bus/usb lists\nusb.web\ncheck: navigator.usb exists\nprocess.spawn\ncheck: a shell runs\nfs.persistent\ncheck: working dir writable, or storage persisted\nnet\ncheck: a non-loopback interface is up, or onLine\nnative\ncheck: null","Reference: one call and one stream per place\nsquadron_process doc/benchmark.md, a 4-vCPU VM. Not measured here; devicelab measures devices.\nCall: isolate 31 µs, Web Worker (dart2js) 120 µs, process 247 µs, process from the page 401 µs.\n64 KiB stream: isolate 3643 MiB/s, Web Worker 631 MiB/s, process link about 110 MiB/s.","Places","Strategy","Rust","Lifecycle","Shell","Plugins"]}}
{"check":"tap-strategy","result":{"url":"https://mui.kernelsu.org/index.html","socket":"webview_devtools_remote_12688","value":"tapped Strategy at 53,536 size 53x80 role tab tappable"}}
{"check":"strategy","result":{"url":"https://mui.kernelsu.org/index.html","socket":"webview_devtools_remote_12688","value":["Back\nBack","Objective: list the device's partitions. Strategies in preference order: on the device as root, then from a host over USB. The first one the place's facts allow runs; nothing reads kIsWeb or Platform.","Place","inline (the caller)","worker (isolate or Web Worker)","root process (the app CLI, serve mode)","Facts from inline (the caller)\nSwitch a fact off to see the fallback. You can only take facts away.\nroot\ncheck: effective uid 0\nblock_devices\ncheck: a kernel-listed block device opens for reading\nusb.native\ncheck: /dev/bus/usb lists\nusb.web\ncheck: navigator.usb exists\nprocess.spawn\ncheck: a shell runs\nfs.persistent\ncheck: working dir writable, or storage persisted\nnet\ncheck: a non-loopback interface is up, or onLine\nnative\ncheck: null","root","block_devices","usb.native","process.spawn","Places","Strategy","Rust","Lifecycle","Shell","Plugins"]}}
{"check":"tap-strategy-root","result":{"url":"https://mui.kernelsu.org/index.html","socket":"webview_devtools_remote_12688","value":"tapped root process at 24,358 size 272x48 role checkbox tappable"}}
{"check":"strategy-root","result":{"url":"https://mui.kernelsu.org/index.html","socket":"webview_devtools_remote_12688","value":["Back\nBack","Objective: list the device's partitions. Strategies in preference order: on the device as root, then from a host over USB. The first one the place's facts allow runs; nothing reads kIsWeb or Platform.","Place","inline (the caller)","worker (isolate or Web Worker)","root process (the app CLI, serve mode)","Facts from root process (the app CLI, serve mode)\nSwitch a fact off to see the fallback. You can only take facts away.\nroot\ncheck: effective uid 0\nblock_devices\ncheck: a kernel-listed block device opens for reading\nusb.native\ncheck: /dev/bus/usb lists\nusb.web\ncheck: navigator.usb exists\nprocess.spawn\ncheck: a shell runs\nfs.persistent\ncheck: working dir writable, or storage persisted\nnet\ncheck: a non-loopback interface is up, or onLine\nnative\ncheck: null","root","block_devices","usb.native","process.spawn","Places","Strategy","Rust","Lifecycle","Shell","Plugins"]}}
{"check":"strategy-root-scroll-1","result":{"url":"https://mui.kernelsu.org/index.html","socket":"webview_devtools_remote_12688","value":["Back\nBack","Objective: list the device's partitions. Strategies in preference order: on the device as root, then from a host over USB. The first one the place's facts allow runs; nothing reads kIsWeb or Platform.","Place","inline (the caller)","worker (isolate or Web Worker)","root process (the app CLI, serve mode)","Facts from root process (the app CLI, serve mode)\nSwitch a fact off to see the fallback. You can only take facts away.\nroot\ncheck: effective uid 0\nblock_devices\ncheck: a kernel-listed block device opens for reading\nusb.native\ncheck: /dev/bus/usb lists\nusb.web\ncheck: navigator.usb exists\nprocess.spawn\ncheck: a shell runs\nfs.persistent\ncheck: working dir writable, or storage persisted\nnet\ncheck: a non-loopback interface is up, or onLine\nnative\ncheck: null","root","block_devices","usb.native","process.spawn","Chosen: on device (/proc/partitions as root)\non_device chosen","on device (/proc/partitions as root)\nneeds root + block_devices: has them","Places","Strategy","Rust","Lifecycle","Shell","Plugins"]}}
{"check":"strategy-root-scroll-2","result":{"url":"https://mui.kernelsu.org/index.html","socket":"webview_devtools_remote_12688","value":["Back\nBack","Facts from root process (the app CLI, serve mode)\nSwitch a fact off to see the fallback. You can only take facts away.\nroot\ncheck: effective uid 0\nblock_devices\ncheck: a kernel-listed block device opens for reading\nusb.native\ncheck: /dev/bus/usb lists\nusb.web\ncheck: navigator.usb exists\nprocess.spawn\ncheck: a shell runs\nfs.persistent\ncheck: working dir writable, or storage persisted\nnet\ncheck: a non-loopback interface is up, or onLine\nnative\ncheck: null","root","block_devices","usb.native","process.spawn","Chosen: on device (/proc/partitions as root)\non_device chosen","on device (/proc/partitions as root)\nneeds root + block_devices: has them","from host (fastboot getvar all)\nneeds usb.native + process.spawn: has them","Run on_device in process","Log\nEvery run: objective, strategy, place and the facts it saw.\nNothing has run yet.","Places","Strategy","Rust","Lifecycle","Shell","Plugins"]}}
{"check":"tap-rust","result":{"url":"https://mui.kernelsu.org/index.html","socket":"webview_devtools_remote_12688","value":"tapped Rust at 107,536 size 53x80 role tab tappable"}}
{"check":"rust","result":{"url":"https://mui.kernelsu.org/index.html","socket":"webview_devtools_remote_12688","value":["Back\nBack","The demo crate (rust/) counts the primes below 1000000 with the same loop as page 1's Dart. The service loads it in its own place through flutter_rust_bridge, so each place runs its own build.","Run in every place","inline (the caller)","Run here","worker (isolate or Web Worker)","Run here","root process (the app CLI, serve mode)","Run here","Places","Strategy","Rust","Lifecycle","Shell","Plugins"]}}
{"check":"tap-rust-run","result":{"url":"https://mui.kernelsu.org/index.html","socket":"webview_devtools_remote_12688","value":"tapped Run in every place at 16,196 size 288x48 role button tappable"}}
{"check":"rust-ran","result":{"url":"https://mui.kernelsu.org/index.html","socket":"webview_devtools_remote_12688","value":["Back\nBack","The demo crate (rust/) counts the primes below 1000000 with the same loop as page 1's Dart. The service loads it in its own place through flutter_rust_bridge, so each place runs its own build.","Run in every place","inline (the caller)\nBuilt for: wasm32-unknown (single-threaded)\nLoad: 71 ms (once per place, on its first Rust call; on the web that fetches and instantiates the wasm)\nRust 128 ms, Dart 807 ms (same count: 78498)","Run here","worker (isolate or Web Worker)\nBuilt for: wasm32-unknown (single-threaded)\nLoad: 58 ms (once per place, on its first Rust call; on the web that fetches and instantiates the wasm)\nRust 148 ms, Dart 227 ms (same count: 78498)","Run here","root process (the app CLI, serve mode)\nBuilt for: x86_64-android\nLoad: 0 ms (once per place, on its first Rust call; on the web that fetches and instantiates the wasm)\nRust 118 ms, Dart 130 ms (same count: 78498)","Places","Strategy","Rust","Lifecycle","Shell","Plugins"]}}
{"check":"wasm-after-rust","result":{"url":"https://mui.kernelsu.org/index.html","socket":"webview_devtools_remote_12688","value":{"wasm":[{"name":"chromium/canvaskit.wasm","start":88,"dur":38},{"name":"pkg/demo_native_bg.wasm","start":80744,"dur":17}],"marks":[{"name":"flutter_webui:register","t":344},{"name":"flutter_webui:registered","t":344},{"name":"flutter_webui:register","t":346},{"name":"flutter_webui:registered","t":346},{"name":"flutter_webui:first-frame","t":432}],"measures":[],"now":101692}}}
{"check":"tap-rust-run-2","result":{"url":"https://mui.kernelsu.org/index.html","socket":"webview_devtools_remote_12688","value":"tapped Run in every place at 16,196 size 288x48 role button tappable"}}
{"check":"rust-ran-2","result":{"url":"https://mui.kernelsu.org/index.html","socket":"webview_devtools_remote_12688","value":["Back\nBack","The demo crate (rust/) counts the primes below 1000000 with the same loop as page 1's Dart. The service loads it in its own place through flutter_rust_bridge, so each place runs its own build.","Run in every place","inline (the caller)\nBuilt for: wasm32-unknown (single-threaded)\nLoad: 0 ms (once per place, on its first Rust call; on the web that fetches and instantiates the wasm)\nRust 121 ms, Dart 812 ms (same count: 78498)","Run here","worker (isolate or Web Worker)\nBuilt for: wasm32-unknown (single-threaded)\nLoad: 0 ms (once per place, on its first Rust call; on the web that fetches and instantiates the wasm)\nRust 121 ms, Dart 195 ms (same count: 78498)","Run here","root process (the app CLI, serve mode)\nBuilt for: x86_64-android\nLoad: 0 ms (once per place, on its first Rust call; on the web that fetches and instantiates the wasm)\nRust 117 ms, Dart 136 ms (same count: 78498)","Places","Strategy","Rust","Lifecycle","Shell","Plugins"]}}
{"check":"tap-lifecycle","result":{"url":"https://mui.kernelsu.org/index.html","socket":"webview_devtools_remote_12688","value":"tapped Lifecycle at 160,536 size 53x80 role tab tappable"}}
{"check":"tap-root-process","result":{"url":"https://mui.kernelsu.org/index.html","socket":"webview_devtools_remote_12688","value":"tapped root process at 24,390 size 272x48 role checkbox tappable"}}
{"check":"tap-start","result":{"url":"https://mui.kernelsu.org/index.html","socket":"webview_devtools_remote_12688","value":"tapped Start at 24,462 size 97x48 role button tappable"}}
{"check":"lifecycle-running","result":{"url":"https://mui.kernelsu.org/index.html","socket":"webview_devtools_remote_12688","value":["Back\nBack","Start a five-minute task, then switch away (Home, another app or tab) and come back: hidden keeps going. Close the app instead and reopen it: closed stops, and this page says where the task was when it ended.","Task\ntick every 500 ms, stamped with the place's own clock\nrunning in process: tick 17/600, longest gap 502 ms, app resumed 3","inline (the caller)","worker (isolate or Web Worker)","root process (the app CLI, serve mode)","Stop","Lifecycle\n03:24:55  started in process","Facts from root process (the app CLI, serve mode)\nroot\ncheck: effective uid 0\nblock_devices\ncheck: a kernel-listed block device opens for reading\nusb.native\ncheck: /dev/bus/usb lists\nusb.web\ncheck: navigator.usb exists\nprocess.spawn\ncheck: a shell runs\nfs.persistent\ncheck: working dir writable, or storage persisted\nnet\ncheck: a non-loopback interface is up, or onLine\nnative\ncheck: null","Places","Strategy","Rust","Lifecycle","Shell","Plugins"]}}
{"check":"lifecycle-after-home","result":{"url":"https://mui.kernelsu.org/index.html","socket":"webview_devtools_remote_12688","value":["Back\nBack","Start a five-minute task, then switch away (Home, another app or tab) and come back: hidden keeps going. Close the app instead and reopen it: closed stops, and this page says where the task was when it ended.","Task\ntick every 500 ms, stamped with the place's own clock\nrunning in process: tick 41/600, longest gap 508 ms, app resumed 7","inline (the caller)","worker (isolate or Web Worker)","root process (the app CLI, serve mode)","Stop","Lifecycle\n03:25:11  away 7.1 s: the place produced 14 ticks (on schedule: 14); longest gap 508 ms\n03:25:11  inactive -> resumed\n03:25:11  hidden -> inactive\n03:25:04  inactive -> hidden\n03:25:04  resumed -> inactive\n03:24:55  started in process","Places","Strategy","Rust","Lifecycle","Shell","Plugins"]}}
{"check":"root-process","result":"root             0 u:r:ksu:s0                     13013 dartaotruntime\nroot             0 u:r:ksu:s0                     13057 dartaotruntime\nu0_a210      10210 u:r:untrusted_app_27:s0:c210,c256,c512,c768 13077 com.webui.api.demo"}
/home/runner/work/devicelab/devicelab/out/sockprobe: 1 file pushed, 0 skipped. 293.3 MB/s (3501149 bytes in 0.011s)
{"check":"block-devices","result":"dm-0\ndm-1\ndm-11\ndm-13\ndm-14\ndm-16\ndm-17\ndm-18\ntotal 0\ndrwxr-xr-x 2 root root u:object_r:block_device:s0                140 2026-10-02 03:16 by-name\nbrw------- 1 root root u:object_r:dm_device:s0              254,   0 2026-10-02 03:16 dm-0\nbrw------- 1 root root u:object_r:dm_device:s0              254,   1 2026-10-02 03:16 dm-1\nbrw------- 1 root root u:object_r:dm_device:s0              254,  11 2026-10-02 03:16 dm-11\nbrw------- 1 root root u:object_r:dm_device:s0              254,  13 2026-10-02 03:16 dm-13\nbrw------- 1 root root u:object_r:dm_device:s0              254,  14 2026-10-02 03:16 dm-14\nbrw------- 1 root root u:object_r:dm_device:s0              254,  16 2026-10-02 03:16 dm-16\nbrw------- 1 root root u:object_r:dm_device:s0              254,  17 2026-10-02 03:16 dm-17\nbrw------- 1 root root u:object_r:dm_device:s0              254,  18 2026-10-02 03:16 dm-18\nbrw------- 1 root root u:object_r:dm_device:s0              254,  19 2026-10-02 03:16 dm-19\nbrw------- 1 root root u:object_r:dm_device:s0              254,   2 2026-10-02 03:16 dm-2\n-- su:\n0000000  \\0\n-- ksu:\n{\"error\":\"write /proc/thread-self/attr/current: operation not permitted\",\"op\":\"setcon\"}\n-- avc:"}
{"check":"back-1","result":{"url":"https://mui.kernelsu.org/index.html","socket":"webview_devtools_remote_12688","value":["Squadron","Process","native","net","Say hello","Count to 5","SHA-256","Demo pages\nOne page per thing the stack promises.","Places","Strategy","Rust","Lifecycle","Shell","Plugins"]}}
{"check":"back-1-top","result":"topResumedActivity=ActivityRecord{ef00f84 u0 me.weishu.kernelsu/.ui.webui.WebUIActivity t22}"}
{"check":"back-2-top","result":"topResumedActivity=ActivityRecord{6bb0b66 u0 com.google.android.apps.nexuslauncher/.NexusLauncherActivity t10}"}
{"check":"back-3-top","result":"topResumedActivity=ActivityRecord{6bb0b66 u0 com.google.android.apps.nexuslauncher/.NexusLauncherActivity t10}"}
{"check":"monet-dark-sys-light","night":"no","color_mode":"5","opened":"opened: intent-token","result":{"url":"https://mui.kernelsu.org/index.html","socket":"webview_devtools_remote_13419","value":{"dark":false,"primary":"#277af7","background":"#242424","cssBytes":1427}}}
{"check":"monet-light-sys-dark","night":"yes","color_mode":"4","opened":"opened: intent-token","result":{"url":"https://mui.kernelsu.org/index.html","socket":"webview_devtools_remote_13670","value":{"dark":true,"primary":"#3482ff","background":"#ffffff","cssBytes":1425}}}
{"check":"monet-system-sys-dark","night":"yes","color_mode":"3","opened":"opened: intent-token","result":{"url":"https://mui.kernelsu.org/index.html","socket":"webview_devtools_remote_13914","value":{"dark":true,"primary":"#277af7","background":"#242424","cssBytes":1427}}}
{"check":"dark-sys-light","night":"no","color_mode":"2","opened":"opened: intent-token","result":{"url":"https://mui.kernelsu.org/index.html","socket":"webview_devtools_remote_14175","value":{"dark":false,"primary":null,"background":null,"cssBytes":0}}}
{"check":"system-sys-dark","night":"yes","color_mode":"0","opened":"opened: intent-token","result":{"url":"https://mui.kernelsu.org/index.html","socket":"webview_devtools_remote_14442","value":{"dark":true,"primary":null,"background":null,"cssBytes":0}}}
/home/runner/work/devicelab/devicelab/out/sockprobe: 1 file pushed, 0 skipped. 229.3 MB/s (3501149 bytes in 0.015s)
{"check":"ksud-version","result":"ksud 3.3.0 (uapi: 2)\nmanage module configuration\n\nUsage: ksud module config [OPTIONS] <COMMAND>"}
{"check":"root-script","result":"-rwxr-xr-x 1 root root 1921 2026-10-02 03:18 /data/adb/modules/demo/flutter_webui/root\n#!/system/bin/sh\n# flutter-webui root channel launcher. Lives at <moddir>/flutter_webui/root.\n# Usage: sh root start    find or start the channel; prints its session as one\n#                         JSON line (port, token), or exits non-zero\n#        sh root serve    run the channel (started detached by `start`)\n# Needs `ksud module config` (KernelSU or KernelSU Next v3.0.0+).\n# SPDX-License-Identifier: LGPL-3.0-or-later WITH LGPL-3.0-linking-exception\n\ndir=${0%/*}\ncase \"$dir\" in /*) ;; *) dir=$(cd \"$dir\" && pwd) ;; esac\nmoddir=${dir%/*}\nid=${moddir##*/}\nrun=$dir/run\n\ncase \"$(uname -m)\" in\n  aarch64 | arm64) abi=arm64-v8a ;;\n  x86_64) abi=x86_64 ;;\n  *) echo \"flutter_webui: unsupported CPU $(uname -m)\" >&2; exit 1 ;;\nesac\n\n# Root shells can start with an empty environment, and the Dart VM needs a\n# writable TMPDIR: the module's temporary directory, which `start` empties on\n# the first start of each boot.\nexport TMPDIR=\"${FLUTTER_WEBUI_DATA:-/data/adb/$id}/tmp\"\n(umask 077 && mkdir -p \"$TMPDIR\" \"$run\")\n\nchannel() {\n  rt=$dir/$abi\n  # A linux (glibc) runtime ships its loader and libraries next to it; an\n  # Android-built runtime runs directly."}
{"check":"layout-before","result":"total 48\ndrwxr-xr-x 5 root root 4096 2026-10-02 03:23 .\ndrwxr-xr-x 8 root root 4096 2026-10-02 03:23 ..\ndrwxr-xr-x 2 root root 4096 2026-10-02 03:18 arm64-v8a\n-rwxr-xr-x 1 root root 1921 2026-10-02 03:18 root\ndrwx------ 3 root root 4096 2026-10-02 03:23 run\ndrwxr-xr-x 2 root root 4096 2026-10-02 03:18 x86_64\n-- run:\n700 root:root /data/adb/modules/demo/flutter_webui/run\n/data/adb/modules/demo/flutter_webui/run:\ntotal 44\ndrwx------ 3 root root 4096 2026-10-02 03:23 .\ndrwxr-xr-x 5 root root 4096 2026-10-02 03:23 ..\n-rw------- 1 root root    6 2026-10-02 03:23 lock\ndrwx------ 2 root root 4096 2026-10-02 03:23 proc\n-rw------- 1 root root   56 2026-10-02 03:23 root.log\n-rw------- 1 root root    0 2026-10-02 03:23 start.lock\n\n/data/adb/modules/demo/flutter_webui/run/proc:\ntotal 32\ndrwx------ 2 root root 4096 2026-10-02 03:23 .\ndrwx------ 3 root root 4096 2026-10-02 03:23 ..\n-rw------- 1 root root   36 2026-10-02 03:23 .boot\n-rw------- 1 root root  215 2026-10-02 03:23 1790911386418190-0.log\n-- webroot/.run:\nls: /data/adb/modules/demo/webroot/.run: No such file or directory"}
{"check":"config-before","result":"webui.session={\"protocol\":1,\"version\":\"0.2.0\",\"port\":36853,\"token\":\"m9EaQQb5JWSTocp7Pjfpf63Q6tVSmPzIsBhA-2Sf5cs\",\"pid\":13013,\"boot\":\"b6e43224-4d52-4064-8802-2b04ae40efd9\",\"started\":\"2026-10-02T03:23:05.755260Z\"}\nwebui.boot=b6e43224-4d52-4064-8802-2b04ae40efd9\n-- list:\nwebui.boot=b6e43224-4d52-4064-8802-2b04ae40efd9\nwebui.installed=1\nwebui.session={\"protocol\":1,\"version\":\"0.2.0\",\"port\":36853,\"token\":\"m9EaQQb5JWSTocp7Pjfpf63Q6tVSmPzIsBhA-2Sf5cs\",\"pid\":13013,\"boot\":\"b6e43224-4d52-4064-8802-2b04ae40efd9\",\"started\":\"2026-10-02T03:23:05.755260Z\"}"}
{"check":"config-after-boot","result":"webui.session=Error: Key 'webui.session' not found\nwebui.boot=Error: Key 'webui.boot' not found\n-- list:\nwebui.installed=1"}
{"check":"tmp-after-boot","result":"total 24\ndrwx------ 2 root root 4096 2026-10-02 03:28 .\ndrwx------ 3 root root 4096 2026-10-02 03:23 ..\n-rw-rw-rw- 1 root root    4 2026-10-02 03:28 lab-marker"}
{"check":"start-1","result":"# via adb root (0 u:r:su:s0)\n{\"protocol\":1,\"version\":\"0.2.0\",\"port\":36985,\"token\":\"A4BpLuXPNSkOPdA9MxnGfwt1DX43VyDbsduzjJrs1uA\",\"pid\":17154,\"boot\":\"b6e43224-4d52-4064-8802-2b04ae40efd9\",\"started\":\"2026-10-02T03:29:01.279637Z\"}\nexit=0"}
{"check":"tmp-after-start-1","result":"total 16\ndrwx------ 2 root root 4096 2026-10-02 03:29 .\ndrwx------ 3 root root 4096 2026-10-02 03:23 .."}
{"check":"config-after-start-1","result":"webui.session={\"protocol\":1,\"version\":\"0.2.0\",\"port\":36985,\"token\":\"A4BpLuXPNSkOPdA9MxnGfwt1DX43VyDbsduzjJrs1uA\",\"pid\":17154,\"boot\":\"b6e43224-4d52-4064-8802-2b04ae40efd9\",\"started\":\"2026-10-02T03:29:01.279637Z\"}\nwebui.boot=b6e43224-4d52-4064-8802-2b04ae40efd9\n-- list:\nwebui.boot=b6e43224-4d52-4064-8802-2b04ae40efd9\nwebui.installed=1\nwebui.session={\"protocol\":1,\"version\":\"0.2.0\",\"port\":36985,\"token\":\"A4BpLuXPNSkOPdA9MxnGfwt1DX43VyDbsduzjJrs1uA\",\"pid\":17154,\"boot\":\"b6e43224-4d52-4064-8802-2b04ae40efd9\",\"started\":\"2026-10-02T03:29:01.279637Z\"}"}
{"check":"layout-after-start-1","result":"total 48\ndrwxr-xr-x 5 root root 4096 2026-10-02 03:23 .\ndrwxr-xr-x 8 root root 4096 2026-10-02 03:23 ..\ndrwxr-xr-x 2 root root 4096 2026-10-02 03:18 arm64-v8a\n-rwxr-xr-x 1 root root 1921 2026-10-02 03:18 root\ndrwx------ 3 root root 4096 2026-10-02 03:23 run\ndrwxr-xr-x 2 root root 4096 2026-10-02 03:18 x86_64\n-- run:\n700 root:root /data/adb/modules/demo/flutter_webui/run\n/data/adb/modules/demo/flutter_webui/run:\ntotal 44\ndrwx------ 3 root root 4096 2026-10-02 03:23 .\ndrwxr-xr-x 5 root root 4096 2026-10-02 03:23 ..\n-rw------- 1 root root    6 2026-10-02 03:29 lock\ndrwx------ 2 root root 4096 2026-10-02 03:23 proc\n-rw------- 1 root root   56 2026-10-02 03:29 root.log\n-rw------- 1 root root    0 2026-10-02 03:23 start.lock\n\n/data/adb/modules/demo/flutter_webui/run/proc:\ntotal 32\ndrwx------ 2 root root 4096 2026-10-02 03:23 .\ndrwx------ 3 root root 4096 2026-10-02 03:23 ..\n-rw------- 1 root root   36 2026-10-02 03:23 .boot\n-rw------- 1 root root  215 2026-10-02 03:23 1790911386418190-0.log\n-- webroot/.run:\nls: /data/adb/modules/demo/webroot/.run: No such file or directory"}
{"check":"start-2","result":"# via adb root (0 u:r:su:s0)\n{\"protocol\":1,\"version\":\"0.2.0\",\"port\":36985,\"token\":\"A4BpLuXPNSkOPdA9MxnGfwt1DX43VyDbsduzjJrs1uA\",\"pid\":17154,\"boot\":\"b6e43224-4d52-4064-8802-2b04ae40efd9\",\"started\":\"2026-10-02T03:29:01.279637Z\"}\nexit=0"}
{"check":"same-pid","result":{"first":"17154","second":"17154","same":true}}
{"check":"delete-session","result":"exit=0"}
{"check":"start-3","result":"# via adb root (0 u:r:su:s0)\n{\"protocol\":1,\"version\":\"0.2.0\",\"port\":41833,\"token\":\"5e7m_Zwv7mjdkGmjc87tL4ohvHdgprank9UH2_bEm-s\",\"pid\":17252,\"boot\":\"b6e43224-4d52-4064-8802-2b04ae40efd9\",\"started\":\"2026-10-02T03:29:01.677878Z\"}\nexit=0"}
{"check":"replaced","result":{"old":"17154","new":"17252","new_pid":true,"old_alive":"no"}}
{"check":"procs","result":"root         17252     1 u:r:su:s0                      dartaotruntime              dartaotruntime /data/adb/modules/demo/flutter_webui/x86_64/flutter_webui_root.aot serve --module-dir /data/adb/modules/demo --module-id demo --run-dir /data/adb/modules/demo/flutter_webui/run --temp-dir /data/adb/demo/tmp --announce"}
{"check":"root-log","result":"2026-10-02T03:29:01.682249 listening on 127.0.0.1:41833"}
{"check":"config-end","result":"webui.session={\"protocol\":1,\"version\":\"0.2.0\",\"port\":41833,\"token\":\"5e7m_Zwv7mjdkGmjc87tL4ohvHdgprank9UH2_bEm-s\",\"pid\":17252,\"boot\":\"b6e43224-4d52-4064-8802-2b04ae40efd9\",\"started\":\"2026-10-02T03:29:01.677878Z\"}\nwebui.boot=b6e43224-4d52-4064-8802-2b04ae40efd9\n-- list:\nwebui.installed=1\nwebui.boot=b6e43224-4d52-4064-8802-2b04ae40efd9\nwebui.session={\"protocol\":1,\"version\":\"0.2.0\",\"port\":41833,\"token\":\"5e7m_Zwv7mjdkGmjc87tL4ohvHdgprank9UH2_bEm-s\",\"pid\":17252,\"boot\":\"b6e43224-4d52-4064-8802-2b04ae40efd9\",\"started\":\"2026-10-02T03:29:01.677878Z\"}"}
{"check":"open","result":"opened: intent-token"}
{"check":"page-uid","result":["Say hello"]}
{"check":"hello-tap","result":{"url":"https://mui.kernelsu.org/index.html","socket":"webview_devtools_remote_17305","value":"tapped Say hello at 32,364 size 105x48 role button tappable"}}
{"check":"hello","result":["Say hello"]}
{"check":"page-session","result":""}
{"check":"page-hello","result":{"url":"https://mui.kernelsu.org/index.html","socket":"webview_devtools_remote_17305","value":"error"}}
{"check":"channel-process","result":""}
{"check":"start-after-page","result":"# via adb root (0 u:r:su:s0)\n{\"protocol\":1,\"version\":\"0.2.0\",\"port\":40383,\"token\":\"USfDrZpAonD9AyeWN61rvIk3GfD9FbMUxb1JwGRlxUE\",\"pid\":17641,\"boot\":\"b6e43224-4d52-4064-8802-2b04ae40efd9\",\"started\":\"2026-10-02T03:30:13.065819Z\"}\nexit=0"}
{"check":"layout-end","result":"total 48\ndrwxr-xr-x 5 root root 4096 2026-10-02 03:23 .\ndrwxr-xr-x 8 root root 4096 2026-10-02 03:23 ..\ndrwxr-xr-x 2 root root 4096 2026-10-02 03:18 arm64-v8a\n-rwxr-xr-x 1 root root 1921 2026-10-02 03:18 root\ndrwx------ 3 root root 4096 2026-10-02 03:23 run\ndrwxr-xr-x 2 root root 4096 2026-10-02 03:18 x86_64\n-- run:\n700 root:root /data/adb/modules/demo/flutter_webui/run\n/data/adb/modules/demo/flutter_webui/run:\ntotal 44\ndrwx------ 3 root root 4096 2026-10-02 03:23 .\ndrwxr-xr-x 5 root root 4096 2026-10-02 03:23 ..\n-rw------- 1 root root    6 2026-10-02 03:30 lock\ndrwx------ 2 root root 4096 2026-10-02 03:23 proc\n-rw------- 1 root root   56 2026-10-02 03:30 root.log\n-rw------- 1 root root    0 2026-10-02 03:23 start.lock\n\n/data/adb/modules/demo/flutter_webui/run/proc:\ntotal 32\ndrwx------ 2 root root 4096 2026-10-02 03:23 .\ndrwx------ 3 root root 4096 2026-10-02 03:23 ..\n-rw------- 1 root root   36 2026-10-02 03:23 .boot\n-rw------- 1 root root  215 2026-10-02 03:23 1790911386418190-0.log\n-- webroot/.run:\nls: /data/adb/modules/demo/webroot/.run: No such file or directory"}
{"check":"app","result":"package:/product/app/WebuiApi_demo/WebuiApi_demo.apk\ntotal 3708\ndrwxr-xr-x 1 root root u:object_r:system_file:s0       60 2026-10-02 03:18 .\ndrwxr-xr-x 1 root root u:object_r:system_file:s0       60 2026-10-02 03:18 ..\n-rw-r--r-- 1 root root u:object_r:system_file:s0  3792939 2026-10-02 03:18 WebuiApi_demo.apk\n    codePath=/product/app/WebuiApi_demo\n    versionName=0.53.0-webui.6\n    privateFlags=[ PRIVATE_FLAG_ACTIVITIES_RESIZE_MODE_RESIZEABLE_VIA_SDK_VERSION PRIVATE_FLAG_REQUEST_LEGACY_EXTERNAL_STORAGE PRODUCT PRIVATE_FLAG_ALLOW_NATIVE_HEAP_POINTER_TAGGING ]\n    signatures=PackageSignatures{b7c49e4 version:2, signatures:[33fe4edd], past signatures:[]}\n    pkgFlags=[ SYSTEM HAS_CODE ALLOW_CLEAR_USER_DATA ALLOW_BACKUP ]\n    requested permissions:\n    requested permissions:\n      android.permission.WRITE_SETTINGS\n      android.permission.POST_NOTIFICATIONS\n      android.permission.ACCESS_FINE_LOCATION\n      android.permission.MANAGE_EXTERNAL_STORAGE\n      android.permission.SYSTEM_ALERT_WINDOW\n      android.permission.NFC\n      android.permission.BODY_SENSORS\n      android.permission.READ_MEDIA_VISUAL_USER_SELECTED\n      android.permission.RECEIVE_BOOT_COMPLETED\n      android.permission.REQUEST_IGNORE_BATTERY_OPTIMIZATIONS\n      android.permission.INTERNET\n      android.permission.TRANSMIT_IR"}
{"check":"mounts","result":"lrwxrwxrwx 1 root root 26 2026-10-02 03:17 /data/adb/metamodule -> /data/adb/modules/mountify\noverlay /product/app overlay ro,seclabel,relatime,lowerdir=/mnt/vendor/mountify/product/app:/product/app,redirect_dir=on 0 0\noverlay /product/app overlay ro,seclabel,relatime,lowerdir=/mnt/vendor/mountify/product/app:/product/app,redirect_dir=on 0 0\nCalendarGooglePrebuilt Camera2 Chrome Chrome-Stub Drive GoogleContacts GoogleTTS LatinIMEGooglePrebuilt LicenseChecker Maps MarkupGoogle_v2 ModuleMetadataGoogle NexusWallpapersStubPrebuilt2018 Photos PixelThemesStub PrebuiltDeskClockGoogle PrebuiltGmail PrebuiltGoogleAdservicesTvp PrebuiltGoogleTelemetryTvp SoundPickerPrebuilt TrichromeLibrary TrichromeLibrary-Stub WebViewGoogle WebViewGoogle-Stub WebuiApi_demo YouTube YouTubeMusicPrebuilt talkback"}
{"check":"app-label","result":"2 activities found:\n  Activity #0:\n    priority=0 preferredOrder=0 match=0x108000 specificIndex=-1 isDefault=true\n    com.webui.api.demo/com.termux.api.apis.NfcAPI$NfcActivity\n  Activity #1:"}
{"check":"module-config","result":"manage module configuration\n\nUsage: ksud module config [OPTIONS] <COMMAND>\n\nCommands:\n  get     Get a config value\n  set     Set a config value\n  list    List all config entries\n  delete  Delete a config entry\n  clear   Clear all config entries\n  help    Print this message or the help of the given subcommand(s)\n\n-- files:\ntotal 32\ndrwxr-xr-x 2 root root 4096 2026-10-02 03:30 .\ndrwxr-xr-x 3 root root 4096 2026-10-02 03:18 ..\n-rw-r--r-- 1 root root   36 2026-10-02 03:18 persist.config\n-rw-rw-rw- 1 root root  284 2026-10-02 03:30 tmp.config\n== /data/adb/ksu/module_configs/demo/persist.config\nMUSK\u0001\u0000\u0000\u0000\u0001\u0000\u0000\u0000\u000f\u0000\u0000\u0000webui.installed\u0001\u0000\u0000\u00001\n== /data/adb/ksu/module_configs/demo/tmp.config\nMUSK\u0001\u0000\u0000\u0000\u0002\u0000\u0000\u0000\u0000\u0000\u0000webui.session\udcc5\u0000\u0000\u0000{\"protocol\":1,\"version\":\"0.2.0\",\"port\":40383,\"token\":\"USfDrZpAonD9AyeWN61rvIk3GfD9FbMUxb1JwGRlxUE\",\"pid\":17641,\"boot\":\"b6e43224-4d52-4064-8802-2b04ae40efd9\",\"started\":\"2026-10-02T03:30:13.065819Z\"}\n\u0000\u0000\u0000webui.boot$\u0000\u0000\u0000b6e43224-4d52-4064-8802-2b04ae40efd9\n-- ksud get:\n1\nwebui.session={\"protocol\":1,\"version\":\"0.2.0\",\"port\":40383,\"token\":\"USfDrZpAonD9AyeWN61rvIk3GfD9FbMUxb1JwGRlxUE\",\"pid\":17641,\"boot\":\"b6e43224-4d52-4064-8802-2b04ae40efd9\",\"started\":\"2026-10-02T03:30:13.065819Z\"}\nwebui.boot=b6e43224-4d52-4064-8802-2b04ae40efd9\nwebui.installed=1"}
{"check":"module-dirs","result":"/data/adb/demo:\ntotal 24\ndrwx------ 3 root root 4096 2026-10-02 03:23 .\ndrwx------ 7 root root 4096 2026-10-02 03:23 ..\ndrwx------ 2 root root 4096 2026-10-02 03:29 tmp\n\n/data/adb/demo/tmp:\ntotal 16\ndrwx------ 2 root root 4096 2026-10-02 03:29 .\ndrwx------ 3 root root 4096 2026-10-02 03:23 .."}
{"check":"open","result":"opened: intent-token"}
{"check":"tap-places","result":{"url":"https://mui.kernelsu.org/index.html","socket":"webview_devtools_remote_17742","value":"tapped Places at 16,572 size 288x56 role button tappable"}}
{"check":"tap-plugins","result":{"url":"https://mui.kernelsu.org/index.html","socket":"webview_devtools_remote_17742","value":"tapped Plugins at 267,536 size 53x80 role tab tappable"}}
{"check":"plugins","result":The app calls share_plus, permission_handler, the clipboard and file_selector as on any platform. Running in a WebUI host, so their *_webui packages answer.
share_plus
On WebUI: share_plus_webui: Android's share sheet, opened by the module's own app
Share text
permission_handler
On WebUI: permission_handler_webui: Android's own permission dialog, for the module's own app
Camera: denied}
{"check":"tap-share","result":{"url":"https://mui.kernelsu.org/index.html","socket":"webview_devtools_remote_17742","value":"tapped Share text at 24,278 size 112x48 role button tappable"}}
{"check":"share-top","result":"com.android.intentresolver/.ChooserActivityLauncher"}
{"check":"app-process","result":"u0_a210      10210 u:r:untrusted_app_27:s0:c210,c256,c512,c768 18024 com.webui.api.demo"}
{"check":"share-log","result":"10-02 03:31:05.305 18122 18122 I ResolverListAdapter: Add DisplayResolveInfo component: ComponentInfo{com.google.android.apps.docs/com.google.android.apps.docs.common.shareitem.UploadMenuActivity}, intent component: ComponentInfo{com.google.android.apps.docs/com.google.android.apps.docs.common.shareitem.UploadMenuActivity}\n10-02 03:31:05.305 18122 18122 I ResolverListAdapter: Add DisplayResolveInfo component: ComponentInfo{com.google.android.apps.messaging/com.google.android.apps.messaging.ui.conversationlist.ShareIntentActivity}, intent component: ComponentInfo{com.google.android.apps.messaging/com.google.android.apps.messaging.ui.conversationlist.ShareIntentActivity}\n10-02 03:31:05.310 14961 14990 D CoreBackPreview: Window{de8eb1b u0 com.android.intentresolver/com.android.intentresolver.ChooserActivityLauncher}: Setting back callback OnBackInvokedCallbackInfo{mCallback=android.window.IOnBackInvokedCallback$Stub$Proxy@2e8c291, mPriority=0, mIsAnimationCallback=false}\n10-02 03:31:05.694 18122 18122 D ChooserActivity: onListRebuilt(listAdapter.userHandle=UserHandle{0}, rebuildComplete=true)\n10-02 03:31:05.696 18122 18122 D ChooserActivity: app target loading time 408 ms\n10-02 03:31:05.699 14961 14980 I ActivityTaskManager: Displayed com.android.intentresolver/.ChooserActivityLauncher for user 0: +507ms\n10-02 03:31:05.699 14961 14980 V WindowManager: Sent Transition (#16) createdAt=10-02 03:31:05.192 via request=TransitionRequestInfo { type = OPEN, triggerTask = TaskInfo{userId=0 taskId=45 displayId=0 isRunning=true baseIntent=Intent { act=android.intent.action.CHOOSER flg=0x10800000 cmp=com.android.intentresolver/.ChooserActivityLauncher } baseActivity=ComponentInfo{com.android.intentresolver/com.android.intentresolver.ChooserActivity} topActivity=ComponentInfo{com.android.intentresolver/com.android.intentresolver.ChooserActivity} origActivity=ComponentInfo{com.android.intentresolver/com.android.intentresolver.ChooserActivityLauncher} realActivity=ComponentInfo{com.android.intentresolver/com.android.intentresolver.ChooserActivity} numActivities=1 lastActiveTime=888789 supportsMultiWindow=true resizeMode=1 isResizeable=true minWidth=-1 minHeight=-1 defaultMinSize=220 token=WCT{RemoteToken{4c832c9 Task{316a30e #45 type=standard A=10106:com.android.intentresolver}}} topActivityType=1 pictureInPictureParams=null shouldDockBigOverlays=false launchIntoPipHostTaskId=-1 lastParentTaskIdBeforePip=-1 displayCutoutSafeInsets=null topActivityInfo=ActivityInfo{92d0dce com.android.intentresolver.ChooserActivityLauncher} launchCookies=[] positionInParent=Point(0, 0) parentTaskId=-1 isFocused=false isVisible=false isVisibleRequested=false isSleeping=false locusId=null displayAreaFeatureId=1 isTopActivityTransparent=true appCompatTaskInfo=AppCompatTaskInfo { topActivityInSizeCompat=false topActivityEligibleForLetterboxEducation= falseisLetterboxEducationEnabled= true isLetterboxDoubleTapEnabled= false topActivityEligibleForUserAspectRatioButton= false topActivityBoundsLetterboxed= false isFromLetterboxDoubleTap= false topActivityLetterboxVerticalPosition= -1 topActivityLetterboxHorizontalPosition= -1 topActivityLetterboxWidth=320 topActivityLetterboxHeight=640 isUserFullscreenOverrideEnabled=false isSystemFullscreenOverrideEnabled=false cameraCompatTaskInfo=CameraCompatTaskInfo { cameraCompatControlState=hidden freeformCameraCompatMode=inactive}}}, pipTask = null, remoteTransition = null, displayChange = null, flags = 0, debugId = 16 }\n10-02 03:31:05.708 18122 18122 D ChooserActivity: onShortcutsLoaded for user: UserHandle{0}\n10-02 03:31:05.709 18122 18122 D ChooserActivity: stat to first shortcut time: 409 ms\n10-02 03:31:05.709 18122 18122 D ChooserActivity: onAppTargetsLoaded(listAdapter.userHandle=UserHandle{0})\n10-02 03:31:13.338 18171 18171 W app_process: ClassLoaderContext shared library size mismatch. Expected=2, found=0 (PCL[]{PCL[/system/framework/android.test.base.jar*724373495]#PCL[/system/framework/android.test.mock.jar*1452759902]} | PCL[])\n10-02 03:31:14.361 18171 18171 I AccessibilityNodeInfoDumper: Skipping invisible child: android.view.accessibility.AccessibilityNodeInfo@ce61; boundsInParent: Rect(0, 0 - 0, 0); boundsInScreen: Rect(160, 366 - 160, 366); boundsInWindow: Rect(160, 366 - 160, 366); packageName: com.android.intentresolver; className: androidx.recyclerview.widget.RecyclerView; text: null; error: null; maxTextLength: -1; stateDescription: null; contentDescription: null; tooltipText: null; containerTitle: null; viewIdResName: android:id/chooser_action_row; uniqueId: null; checkable: false; checked: false; focusable: true; focused: false; selected: false; clickable: false; longClickable: false; contextClickable: false; enabled: true; password: false; scrollable: false; granularScrollingSupported: false; importantForAccessibility: true; visible: false; actions: [AccessibilityAction: ACTION_FOCUS - null, AccessibilityAction: ACTION_SELECT - null, AccessibilityAction: ACTION_CLEAR_SELECTION - null, AccessibilityAction: ACTION_ACCESSIBILITY_FOCUS - null, AccessibilityAction: ACTION_SHOW_ON_SCREEN - null]; isTextSelectable: false"}
{"check":"share-result","result":share_plus
On WebUI: share_plus_webui: Android's share sheet, opened by the module's own app
Share result: unavailable}
{"check":"cam-deny-1-tap","result":{"url":"https://mui.kernelsu.org/index.html","socket":"webview_devtools_remote_17742","value":"tapped Request camera at 24,490 size 150x46 role button tappable"}}
{"check":"cam-deny-1-top","result":"com.google.android.permissioncontroller/com.android.permissioncontroller.permission.ui.GrantPermissionsActivity"}
{"check":"cam-deny-1-dialog","result":"Allow Demo to take pictures and record video? | While using the app | Only this time | Don\u2019t allow\nAllow Demo to take pictures and record video? | While using the app | Only this time | Don\u2019t allow\nWhile using the app\nOnly this time\nDon\u2019t allow"}
{"check":"cam-deny-1-press","result":"ui: tapped 'Don' at 160,453"}
{"check":"cam-deny-1-status","result":permission_handler
On WebUI: permission_handler_webui: Android's own permission dialog, for the module's own app
Camera: denied}
{"check":"cam-deny-1-perm","result":"android.permission.CAMERA\n      android.permission.SET_WALLPAPER\n--\n        android.permission.CAMERA: granted=false, flags=[ USER_SET|USER_SENSITIVE_WHEN_GRANTED|USER_SENSITIVE_WHEN_DENIED]"}
{"check":"cam-deny-2-tap","result":{"url":"https://mui.kernelsu.org/index.html","socket":"webview_devtools_remote_17742","value":"tapped Request camera at 24,490 size 150x46 role button tappable"}}
{"check":"cam-deny-2-top","result":"com.google.android.permissioncontroller/com.android.permissioncontroller.permission.ui.GrantPermissionsActivity"}
{"check":"cam-deny-2-dialog","result":"Allow Demo to take pictures and record video? | While using the app | Only this time | Don\u2019t allow\nAllow Demo to take pictures and record video? | While using the app | Only this time | Don\u2019t allow\nWhile using the app\nOnly this time\nDon\u2019t allow"}
{"check":"cam-deny-2-press","result":"ui: tapped 'Don' at 160,453"}
{"check":"cam-deny-2-status","result":permission_handler
On WebUI: permission_handler_webui: Android's own permission dialog, for the module's own app
Camera: permanentlyDenied}
{"check":"cam-deny-2-perm","result":"android.permission.CAMERA\n      android.permission.SET_WALLPAPER\n--\n        android.permission.CAMERA: granted=false, flags=[ USER_SET|USER_FIXED|USER_SENSITIVE_WHEN_GRANTED|USER_SENSITIVE_WHEN_DENIED]"}
{"check":"cam-after-deny-tap","result":{"url":"https://mui.kernelsu.org/index.html","socket":"webview_devtools_remote_17742","value":"tapped Request camera at 24,490 size 150x46 role button tappable"}}
{"check":"cam-after-deny-top","result":"me.weishu.kernelsu/.ui.webui.WebUIActivity"}
{"check":"cam-after-deny-dialog","result":"Back Back\nShare text\nRequest camera\nCopy text\nPaste\nPlaces\nStrategy\nRust\nLifecycle\nShell\nPlugins"}
{"check":"cam-after-deny-status","result":permission_handler
On WebUI: permission_handler_webui: Android's own permission dialog, for the module's own app
Camera: permanentlyDenied}
{"check":"cam-after-deny-perm","result":"android.permission.CAMERA\n      android.permission.SET_WALLPAPER\n--\n        android.permission.CAMERA: granted=false, flags=[ USER_SET|USER_FIXED|USER_SENSITIVE_WHEN_GRANTED|USER_SENSITIVE_WHEN_DENIED]"}
{"check":"cam-grant-tap","result":{"url":"https://mui.kernelsu.org/index.html","socket":"webview_devtools_remote_17742","value":"tapped Request camera at 24,490 size 150x46 role button tappable"}}
{"check":"cam-grant-top","result":"com.google.android.permissioncontroller/com.android.permissioncontroller.permission.ui.GrantPermissionsActivity"}
{"check":"cam-grant-dialog","result":"Allow Demo to take pictures and record video? | While using the app | Only this time | Don\u2019t allow\nAllow Demo to take pictures and record video? | While using the app | Only this time | Don\u2019t allow\nWhile using the app\nOnly this time\nDon\u2019t allow"}
{"check":"cam-grant-press","result":"ui: tapped 'While using the app' at 160,333"}
{"check":"cam-grant-status","result":permission_handler
On WebUI: permission_handler_webui: Android's own permission dialog, for the module's own app
Camera: granted}
{"check":"cam-grant-perm","result":"android.permission.CAMERA\n      android.permission.SET_WALLPAPER\n--\n        android.permission.CAMERA: granted=true, flags=[ USER_SET|USER_SENSITIVE_WHEN_GRANTED|USER_SENSITIVE_WHEN_DENIED]"}
{"check":"clip-listen","result":{"url":"https://mui.kernelsu.org/index.html","socket":"webview_devtools_remote_17742","value":"listening"}}
{"check":"clip-paste-tap","result":{"url":"https://mui.kernelsu.org/index.html","socket":"webview_devtools_remote_17742","value":"tapped Paste at 139,80 size 84x42 role button tappable"}}
{"check":"clip-paste-top","result":"me.weishu.kernelsu/.ui.webui.WebUIActivity"}
{"check":"clip-pasted","result":Clipboard (flutter/services)
On WebUI: clipboard_webui: Android's clipboard, through the module's own app
Pasted: lab-clip-10168
Paste}
{"check":"clip-blips","result":{"url":"https://mui.kernelsu.org/index.html","socket":"webview_devtools_remote_17742","value":"[[147448,\"visibility hidden\"],[147767,\"visibility visible\"]]"}}
{"check":"clip-process","result":"u0_a210      u:r:untrusted_app_27:s0:c210,c256,c512,c768 com.webui.api.demo"}
{"check":"clip-copy-tap","result":{"url":"https://mui.kernelsu.org/index.html","socket":"webview_devtools_remote_17742","value":"tapped Copy text at 24,80 size 107x42 role button tappable"}}
{"check":"clip-copied","result":Clipboard (flutter/services)
On WebUI: clipboard_webui: Android's clipboard, through the module's own app
Copy: copied
Pasted: lab-clip-10168
Copy text}
{"check":"clip-ext-paste","result":"text=\"\" text=\"\" text=\"\" text=\"\" text=\"\""}
{"check":"pick-tap","result":{"url":"https://mui.kernelsu.org/index.html","socket":"webview_devtools_remote_17742","value":"tapped Pick a file at 24,222 size 109x48 role button tappable"}}
{"check":"pick-top","result":"com.google.android.documentsui/com.android.documentsui.picker.PickActivity"}
{"check":"picked","result":file_selector
On WebUI: file_selector_webui: the WebView's file chooser
Picked: /data/adb/demo/tmp/open-hmtpmgfboo-0/lab-pick.txt
Pick a file}
{"check":"pick-files","result":"/data/adb/demo/tmp:\ntotal 24\ndrwx------ 3 root root u:object_r:adb_data_file:s0  4096 2026-10-02 03:33 .\ndrwx------ 3 root root u:object_r:adb_data_file:s0  4096 2026-10-02 03:23 ..\ndrwx------ 2 root root u:object_r:adb_data_file:s0  4096 2026-10-02 03:33 open-hmtpmgfboo-0\n\n/data/adb/demo/tmp/open-hmtpmgfboo-0:\ntotal 24\ndrwx------ 2 root root u:object_r:adb_data_file:s0  4096 2026-10-02 03:33 .\ndrwx------ 3 root root u:object_r:adb_data_file:s0  4096 2026-10-02 03:33 ..\n-rw------- 1 root root u:object_r:adb_data_file:s0     9 2026-10-02 03:33 lab-pick.txt"}
{"check":"app-settings","result":"Archive\nDisable\nForce stop\nNotifications | Off\nPermissions | Camera\nStorage & cache | 115 kB used in internal storage\nNavigate up\nOpen"}
{"check":"uninstall","result":""}
{"check":"after-uninstall","result":"ls: /data/adb/modules/demo: No such file or directory\nls: /data/adb/demo: No such file or directory\nls: /data/adb/ksu/module_configs/demo: No such file or directory\n/product/app/WebuiApi_demo\npackage:/product/app/WebuiApi_demo/WebuiApi_demo.apk\npackage:com.webui.api.demo"}
