  pool 1.5.2 (1.5.3 available)
  process 5.0.5 (5.0.6 available)
  pub_semver 2.2.0 (2.2.1 available)
  pubspec_parse 1.5.0 (1.6.0 available)
  record_use 0.6.0 (1.1.1 available)
  source_maps 0.10.13 (0.10.14 available)
  stack_trace 1.12.1 (1.12.2 available)
  test 1.31.1 (1.32.0 available)
  test_api 0.7.12 (0.7.14 available)
  test_core 0.6.18 (0.6.20 available)
  unified_analytics 8.0.15 (8.0.18 available)
  uuid 4.5.3 (4.6.0 available)
  vm_service 15.2.0 (15.3.0 available)
  webdriver 3.1.0 (3.2.0 available)
  xml 6.6.1 (7.1.0 available)
  yaml 3.1.3 (3.1.4 available)
No dependencies would change in `/home/runner/work/_temp/flutter_p0g`.
43 packages have newer versions incompatible with dependency constraints.
Try `dart pub outdated` for more information.
Built build/aera/picker-probe-1.0.0.aerap (33.0 MB, 41 members).
