I:Cannot find file /sys/class/timed_output/vibrator/enable
I:AERA UI exited with result 3.
I:Mount: Unable to find partition for path '/cache'
Rebooting...
I:Can't probe device /dev/block/vda9
I:Unable to mount '/data'
I:Actual block device: '/dev/block/vda9', current file system: 'ext4'
I:Can't probe device /dev/block/vda9
I:Unable to mount '/data'
I:Actual block device: '/dev/block/vda9', current file system: 'ext4'
I:Can't probe device /dev/block/vda9
I:Unable to mount '/data'
I:Actual block device: '/dev/block/vda9', current file system: 'ext4'
I:Mount: Unable to find partition for path '/persist'
I:Can't probe device /dev/block/vda9
I:Failed to mount '/data' (Invalid argument)
I:Actual block device: '/dev/block/vda9', current file system: 'ext4'
I:Can't probe device /dev/block/vda9
I:Unable to mount '/data'
I:Actual block device: '/dev/block/vda9', current file system: 'ext4'
I:InfoManager saving '/data/recovery/AERA/.aera'
I:Saved settings file values to '/data/recovery/AERA/.aera'
I:Can't probe device /dev/block/vda9
I:Unable to mount '/data'
I:Actual block device: '/dev/block/vda9', current file system: 'ext4'
I:Can't probe device /dev/block/vda9
I:Unable to mount '/data'
I:Actual block device: '/dev/block/vda9', current file system: 'ext4'
I:Can't probe device /dev/block/vda9
I:Unable to mount '/data'
I:Actual block device: '/dev/block/vda9', current file system: 'ext4'
I:Is_Mounted: Unable to find partition for path '/system_root'
Unable to find partition for path '/system_root'
I:Can't probe device /dev/block/vda9
I:Unable to mount '/data'
I:Actual block device: '/dev/block/vda9', current file system: 'ext4'
I:Can't probe device /dev/block/vda9
I:Unable to mount '/data'
I:Actual block device: '/dev/block/vda9', current file system: 'ext4'
I:Process ended with no errors.
