yes: standard output: Broken pipe
Auto-selecting single ABI x86_64
Do you wish to create a custom hardware profile? [no] lab.avd
lab.ini
emulator Android emulator version 37.2.12.0 (build_id 16428233) (CL:N/A)
* daemon not running; starting now at tcp:5037
* daemon started successfully
booted in 20s: google/sdk_gphone64_x86_64/emu64xa:15/AE3A.240806.043/12960925:userdebug/dev-keys
kernel 6.6.50-android15-8-g8adecb593e9b-ab12525588 -> kmi android15-6.6; tiann/KernelSU v3.3.0
total 16428
drwx------  2 runner runner     4096 Oct  5 08:08 .
drwxrwxrwt 16 root   root       4096 Oct  5 08:08 ..
-rw-r--r--  1 runner runner 10777987 Oct  5 08:08 KernelSU_v3.3.0_32601-release.apk
-rw-r--r--  1 runner runner  5713312 Oct  5 08:08 ksud-x86_64-linux-android
-rw-r--r--  1 runner runner   318824 Oct  5 08:08 lkm-x86_64-android15-6.6_kernelsu.ko
== manager installed (me.weishu.kernelsu, KernelSU_v3.3.0_32601-release.apk)
/tmp/tmp.9FiHhIrYBG/lkm-x86_64-android15-6.6_kernelsu.ko: 1 file pushed, 0 skipped. 13.7 MB/s (318824 bytes in 0.022s)
/tmp/tmp.9FiHhIrYBG/ksud-x86_64-linux-android: 1 file pushed, 0 skipped. 266.9 MB/s (5713312 bytes in 0.020s)
== ksud: ksud 3.3.0 (uapi: 2)
== ksud late-load: rc=0
== ksud insmod /data/adb/kernelsu.ko: Error: load module failed: /data/adb/kernelsu.ko

Caused by:
    0: init_module failed without vermagic mismatch
    1: File exists (os error 17)
rc=1
kernelsu              159744  0 
== lsmod: kernelsu              159744  1 
KernelSU_v3.3.0_32601-release.apk
ksud-aarch64-apple-darwin
ksud-aarch64-linux-android
ksud-aarch64-unknown-linux-musl
ksud-x86_64-apple-darwin
ksud-x86_64-linux-android
ksud-x86_64-pc-windows-gnu.exe
ksud-x86_64-unknown-linux-musl
ksuinit-aarch64
ksuinit-x86_64
lkm-aarch64-android12-5.10_kernelsu.ko
lkm-aarch64-android13-5.10_kernelsu.ko
lkm-aarch64-android13-5.15_kernelsu.ko
lkm-aarch64-android14-5.15_kernelsu.ko
lkm-aarch64-android14-6.1_kernelsu.ko
lkm-aarch64-android15-6.6_kernelsu.ko
lkm-aarch64-android16-6.12_kernelsu.ko
lkm-aarch64-android17-6.18_kernelsu.ko
lkm-x86_64-android12-5.10_kernelsu.ko
lkm-x86_64-android13-5.10_kernelsu.ko
lkm-x86_64-android13-5.15_kernelsu.ko
lkm-x86_64-android14-5.15_kernelsu.ko
lkm-x86_64-android14-6.1_kernelsu.ko
lkm-x86_64-android15-6.6_kernelsu.ko
lkm-x86_64-android16-6.12_kernelsu.ko
lkm-x86_64-android17-6.18_kernelsu.ko
== no metamodule asset in tiann/KernelSU v3.3.0
/home/runner/work/devicelab/devicelab/modules/probe/./: 2 files pushed, 0 skipped. 0.0 MB/s (1474 bytes in 0.048s)
== modules: [
  {
    "version": "1",
    "remove": "false",
    "action": "false",
    "id": "devicelab_probe",
    "description": "Observation module for devicelab. Its WebUI page is driven over DevTools.",
    "mount": "false",
    "versionCode": "1",
    "author": "p0g-stack",
    "web": "true",
    "update": "false",
    "enabled": "true",
    "name": "devicelab probe"
  }
]
SELinux: Loaded file context from:
		/system/etc/selinux/plat_file_contexts
		/system_ext/etc/selinux/system_ext_file_contexts
		/vendor/etc/selinux/vendor_file_contexts
== home text: text="LKM" text="Working [Jailbreak mode]" text="Version: 32601-2" text="Manager version" text="v3.3.0 (32601-2)" text="Kernel version" text="6.6.50-android15-8-g8adecb593e9b-ab12525588" text="Device model" text="Google sdk_gphone64_x86_64" text="Fingerprint" text="google/sdk_gphone64_x86_64/emu64xa:15/AE3A.240806.043/12960925:userdebug/dev-keys" text="Enforcing" text="KernelSU" text="Home" text="Superuser" text="1" text="Module" text="Settings" 
== manager activities: me.weishu.kernelsu/.magica.BootCompletedReceiver me.weishu.kernelsu/.ui.MainActivity me.weishu.kernelsu/androidx.core.content.FileProvider me.weishu.kernelsu/androidx.profileinstaller.ProfileInstallReceiver me.weishu.kernelsu/androidx.startup.InitializationProvider 
WebUI-X-v438-release-official.apk
WebUI-X-v438-release-spoofed.apk
== downloaded MMRLApp/WebUI-X-Portable v438 WebUI-X-v438-release-official.apk sha256 7d44dcad3ae8039c63920c547116d262c282d5f43dbcf09fcf0babfce29bd1ca
Success
== installed com.dergoogler.mmrl.wx uid=10210     versionName=v438-release
== activities: com.dergoogler.mmrl.wx/.ui.activity.CrashHandlerActivity com.dergoogler.mmrl.wx/.ui.activity.MainActivity com.dergoogler.mmrl.wx/.ui.activity.modconf.ModConfActivity com.dergoogler.mmrl.wx/.ui.activity.webui.KsuWebUIActivity com.dergoogler.mmrl.wx/.ui.activity.webui.WebUIActivity com.dergoogler.mmrl.wx/.util.NonRootService com.dergoogler.mmrl.wx/androidx.core.content.FileProvider com.dergoogler.mmrl.wx/androidx.profileinstaller.ProfileInstallReceiver com.dergoogler.mmrl.wx/androidx.startup.InitializationProvider com.dergoogler.mmrl.wx/androidx.work.impl.background.systemalarm.ConstraintProxy com.dergoogler.mmrl.wx/androidx.work.impl.background.systemalarm.ConstraintProxyUpdateReceiver com.dergoogler.mmrl.wx/androidx.work.impl.background.systemalarm.RescheduleReceiver com.dergoogler.mmrl.wx/androidx.work.impl.diagnostics.DiagnosticsReceiver 
ui: tapped 'Superuser' at 120,584
ui: no node with 'com.dergoogler.mmrl.wx'
ui: tapped 160,152
ui: tapped 'com.dergoogler.mmrl.wx' at 160,130
[12,230][308,290] Superuser
[243,236][292,284] 
[12,302][308,358] App Profile | Default
[12,26][60,74] 
[260,26][308,74] Settings
ui: tapped switch 1 ('', was checked=false)
== ksud feature list: Available Features: ================================================================================ [ENABLED (1)] su_compat (ID=0)     SU Compatibility Mode - allows authorized apps to gain root via traditional 'su' command  [ENABLED (1)] kernel_umount (ID=1)     Kernel Umount - controls whether kernel automatically unmounts modules when not needed  [DISABLED] sulog (ID=2)     SU Log - streams kernel sulog events to userspace and persists them to disk  [DISABLED] adb_root (ID=3)     ADB Root - Enable adbd root  [DISABLED] selinux_hide (ID=4)     SELinux Hide - sanitize /sys/fs/selinux access results for app UIDs  [DISABLED] webview_zygote_umount (ID=5)     WebView Zygote Umount - unmount modules from WebView zygote and its isolated children  
== su_compat: Feature: su_compat (0) Description: SU Compatibility Mode - allows authorized apps to gain root via traditional 'su' command Value: 1 Status: enabled 
== root grant: ui; su as app uid 10210: su: failed to exec /system/bin/su: No such file or directory
ui: tapped 'KernelSU' at 160,265
[40,165][280,221] Magisk
[40,309][280,389] KernelSU Next
[40,405][280,461] APatch
[40,477][280,557] SukiSU Ultra
[40,573][280,629] Non-Root
[40,644][280,692] Continue with KernelSU
ui: tapped 'Continue with KernelSU' at 160,668
[16,104][304,330] devicelab probe | 1 (1) by p0g-stack | Updated on 5 October 2026 | Observation module for devicelab. Its WebUI page is d
[32,274][90,322] 
[153,274][288,322] Add Shortcut
[220,32][268,80] 
[268,32][316,80] 
[164,796][320,876] Settings
ui: no node with 'Continue with KernelSU'
ui: no node with 'Next'
ui: no node with 'Continue'
ui: no node with 'Grant'
ui: no node with 'Allow'
ui: no node with 'Get started'
ui: no node with 'Done'
ui: no node with 'OK'
ui: no node with 'Finish'
[16,104][304,330] devicelab probe | 1 (1) by p0g-stack | Updated on 5 October 2026 | Observation module for devicelab. Its WebUI page is d
[32,274][90,322] 
[153,274][288,322] Add Shortcut
[220,32][268,80] 
[268,32][316,80] 
[164,796][320,876] Settings
ui: no node with 'Continue with KernelSU'
ui: no node with 'Next'
ui: no node with 'Continue'
ui: no node with 'Grant'
ui: no node with 'Allow'
ui: no node with 'Get started'
ui: no node with 'Done'
ui: no node with 'OK'
ui: no node with 'Finish'
[16,104][304,330] devicelab probe | 1 (1) by p0g-stack | Updated on 5 October 2026 | Observation module for devicelab. Its WebUI page is d
[32,274][90,322] 
[153,274][288,322] Add Shortcut
[220,32][268,80] 
[268,32][316,80] 
[164,796][320,876] Settings
== WebUI X platform after onboarding: preferences.pb 
== devtools sockets: 
== metamodule releases backslashxx/mountify: 204 Latest 204 2026-08-25T05:14:18Z;203  203 2026-06-25T15:03:16Z;202  202 2026-06-23T03:45:32Z;
== metamodule candidate backslashxx/mountify mountify.zip: id=mountify version=v2.0.4 versionCode=204 metamodule=true 
== metamodule repo (given): backslashxx/mountify
== metamodule zip: mountify.zip sha256 dde361c444f6990b759890720487785402a391a61cf6530f960deb98e5ef864d
== metamodule module.prop: id=mountify name=mountify version=v2.0.4 versionCode=204 author=xx, KOWX712 metamodule=true description=Globally mounted modules via OverlayFS. updateJson=https://raw.githubusercontent.com/backslashxx/mountify/master/update.json 
/tmp/tmp.06WCEg0uRP/rel/mountify.zip: 1 file pushed, 0 skipped. 639.8 MB/s (554873 bytes in 0.001s)
== install mountify.zip
[H[J[|]
[H[J[\]
[H[J[+] mountify
[+] SysReq test
[+] CONFIG_OVERLAY_FS
[+] overlay found in /proc/filesystems
[+] CONFIG_TMPFS_XATTR
[+] tmpfs extended attribute test passed
[!] using fresh config.sh
[+] moving modules.txt
[+] moving whiteouts.txt
[+] mountify will be installed in metamodule mode!
- Done
- Creating metamodule symlink
- Module installed successfully!
== soft-reboot: 
== after soft-reboot (34s): [
  {
    "description": "Observation module for devicelab. Its WebUI page is driven over DevTools.",
    "id": "devicelab_probe",
    "version": "1",
    "update": "false",
    "action": "false",
    "name": "devicelab probe",
    "versionCode": "1",
    "remove": "false",
    "author": "p0g-stack",
    "web": "true",
    "enabled": "true",
    "mount": "false"
  },
  {
    "versionCode": "204",
    "version": "v2.0.4",
    "id": "mountify",
    "author": "xx, KOWX712",
    "updateJson": "https://raw.githubusercontent.com/backslashxx/mountify/master/update.json",
    "enabled": "true",
    "update": "false",
    "remove": "false",
    "mount": "false",
    "action": "true",
    "web": "true",
    "description": "mode: auto 🤖 | fstype: tmpfs 🦾 | no modules mounted",
    "name": "mountify",
    "metamodule": "true"
  }
]
total 32
drwxrwxrwx 4 root root 4096 2026-10-05 08:12 .
drwx------ 7 root root 4096 2026-10-05 08:12 ..
drwxr-xr-x 3 root root 4096 2026-10-05 08:08 devicelab_probe
drwxr-xr-x 5 root root 4096 2026-10-05 08:12 mountify
== metamodule active: lrwxrwxrwx 1 root root 26 2026-10-05 08:12 /data/adb/metamodule -> /data/adb/modules/mountify id=mountify name=mountify version=v2.0.4 versionCode=204 author=xx, KOWX712 metamodule=true description=mode: auto 🤖 | fstype: tmpfs 🦾 | no modules mounted updateJson=https://raw.githubusercontent.com/backslashxx/mountify/master/update.json 
inputs/modules/demo.zip: 1 file pushed, 0 skipped. 827.0 MB/s (16754756 bytes in 0.019s)
== install demo.zip
  inflating: webroot/icons/Icon-512.png
  inflating: webroot/icons/Icon-maskable-192.png
  inflating: webroot/icons/Icon-maskable-512.png
  inflating: webroot/index.html
  inflating: webroot/main.dart.js
  inflating: webroot/manifest.json
  inflating: webroot/version.json
  inflating: webui_app_plane/app-install.sh
  inflating: webui_app_plane/app.apk
  inflating: webui_app_plane/arm64-v8a/webui_termux_api.aot
  inflating: webui_app_plane/termux-api
  inflating: webui_app_plane/x86_64/webui_termux_api.aot
  Installed com.webui.api.extras_lab 1011
- Done
- Module installed successfully!
/home/runner/work/devicelab/devicelab/envdump.zip: 1 file pushed, 0 skipped. 32.6 MB/s (1766 bytes in 0.000s)
== install envdump.zip
 devicelab envdump 
 by p0g-stack 
*******************
*********************
 Powered by KernelSU 
*********************
Archive:  /data/local/tmp/m.zip
  inflating: customize.sh
- Extracting module files
Archive:  /data/local/tmp/m.zip
  inflating: module.prop
  inflating: customize.sh
- devicelab envdump: written /data/local/tmp/customize-env.txt
- Done
- Module installed successfully!
== soft-reboot: 
== after soft-reboot (34s): [
  {
    "id": "devicelab_probe",
    "web": "true",
    "description": "Observation module for devicelab. Its WebUI page is driven over DevTools.",
    "name": "devicelab probe",
    "enabled": "true",
    "remove": "false",
    "versionCode": "1",
    "author": "p0g-stack",
    "mount": "false",
    "update": "false",
    "version": "1",
    "action": "false"
  },
  {
    "update": "false",
    "web": "true",
    "author": "xx, KOWX712",
    "metamodule": "true",
    "action": "true",
    "mount": "false",
    "remove": "false",
    "name": "mountify",
    "id": "mountify",
    "versionCode": "204",
    "description": "mode: auto 🤖 | fstype: tmpfs 🦾 | no modules mounted",
    "version": "v2.0.4",
    "updateJson": "https://raw.githubusercontent.com/backslashxx/mountify/master/update.json",
    "enabled": "true"
  },
  {
    "action": "false",
    "name": "Extras Lab",
    "version": "v1.0.0",
    "author": "",
    "enabled": "true",
    "web": "true",
    "mount": "false",
    "versionCode": "1",
    "webuiIcon": "icons/Icon-maskable-512.png",
    "remove": "false",
    "description": "A new Flutter project.",
    "update": "false",
    "id": "extras_lab"
  },
  {
    "author": "p0g-stack",
    "web": "false",
    "version": "1",
    "action": "false",
    "id": "devicelab_envdump",
    "update": "false",
    "enabled": "true",
    "name": "devicelab envdump",
    "mount": "false",
    "versionCode": "1",
    "remove": "false",
    "description": "Records the customi
total 48
drwxrwxrwx 6 root root 4096 2026-10-05 08:13 .
drwx------ 7 root root 4096 2026-10-05 08:12 ..
drwxr-xr-x 2 root root 4096 2026-10-05 08:13 devicelab_envdump
drwxr-xr-x 3 root root 4096 2026-10-05 08:08 devicelab_probe
drwxr-xr-x 5 root root 4096 2026-10-05 08:13 extras_lab
drwxr-xr-x 5 root root 4096 2026-10-05 08:12 mountify
tr: write error: Broken pipe
{"check":"env","result":"touch=/dev/input/event2 max=32767x32767 screen=320x640\n2\n EdgeBackGestureHandler:\n mIsEnabled=false\n mIsAttached=false\n mIsBackGestureAllowed=true"}
{"check":"1-open","result":"opened: intent"}
{"check":"1-start","result":{"logcat":"extras-lab: start host=webuix shortcut=false exists=null packages=false userPackages=-\nextras-lab: home","page":{"url":"https://mui.kernelsu.org/index.html","socket":"webview_devtools_remote_12140","value":[]}}}
{"check":"1-ui","result":{"url":"https://mui.kernelsu.org/index.html","socket":"webview_devtools_remote_12140","value":["push depth 1","create shortcut (supported=false, exists=null)","package info for android and - (supported=false)","connect root channel"]}}
{"check":"1-push","result":{"logcat":"extras-lab: push\nextras-lab: push","page":{"url":"https://mui.kernelsu.org/index.html","socket":"webview_devtools_remote_12140","value":["extras-lab: push","extras-lab: push"]}}}
{"check":"4-log-d2","result":{"logcat":"","page":{"error":"no page target","sockets":[],"targets":[]}}}
{"check":"4-log-d1","result":{"logcat":"","page":{"error":"no page target","sockets":[],"targets":[]}}}
{"check":"4-top","result":"topResumedActivity=ActivityRecord{727381d u0 com.google.android.apps.nexuslauncher/.NexusLauncherActivity t6}"}
{"check":"7-open","result":"opened: intent"}
{"check":"7-tap","result":{"url":"https://mui.kernelsu.org/index.html","socket":"webview_devtools_remote_12428","value":"tapped create shortcut at 16,160 size 288x48 role button tappable"}}
{"check":"7-log","result":{"logcat":"extras-lab: shortcut unsupported: This host cannot pin a shortcut from the page; KernelSU managers offer it in their module menu.","page":{"url":"https://mui.kernelsu.org/index.html","socket":"webview_devtools_remote_12428","value":["extras-lab: shortcut unsupported: This host cannot pin a shortcut from the page; KernelSU managers offer it in their module menu."]}}}
{"check":"7-dialog","result":"[0,0][320,640]"}
{"check":"7-accept","result":"ui: no node with 'Add'"}
{"check":"7-pinned","result":""}
{"check":"7-home-tap","result":"ui: no node with 'Extras Lab'"}
{"check":"7-from-shortcut-top","result":"topResumedActivity=ActivityRecord{727381d u0 com.google.android.apps.nexuslauncher/.NexusLauncherActivity t6}"}
{"check":"7-from-shortcut","result":""}
{"check":"7-start","result":{"logcat":"","page":{"error":"no page target","sockets":[],"targets":[]}}}
{"check":"7-ui","result":{"error":"no page target","sockets":[],"targets":[]}}
{"check":"7-tap-2","result":{"error":"no page target","sockets":[],"targets":[]}}
{"check":"7-log-2","result":{"logcat":"","page":{"error":"no page target","sockets":[],"targets":[]}}}
{"check":"8-open","result":"opened: intent"}
{"check":"8-tap","result":{"url":"https://mui.kernelsu.org/index.html","socket":"webview_devtools_remote_12904","value":"tapped package info for android at 16,208 size 288x48 role button tappable"}}
{"check":"8-log","result":{"logcat":"extras-lab: packages unsupported: This host has no package list for the page.","page":{"url":"https://mui.kernelsu.org/index.html","socket":"webview_devtools_remote_12904","value":["extras-lab: packages unsupported: This host has no package list for the page."]}}}
{"check":"8-ui","result":{"url":"https://mui.kernelsu.org/index.html","socket":"webview_devtools_remote_12904","value":["push depth 1","create shortcut (supported=false, exists=null)","package info for android and - (supported=false)","connect root channel"]}}
{"check":"8-icon-dom","result":{"url":"https://mui.kernelsu.org/index.html","socket":"webview_devtools_remote_12904","value":[]}}
{"check":"end-top","result":"topResumedActivity=ActivityRecord{c6c77db u0 com.dergoogler.mmrl.wx/.ui.activity.webui.WebUIActivity t18}"}
