yes: standard output: Broken pipe
Auto-selecting single ABI x86_64
Do you wish to create a custom hardware profile? [no] lab.avd
lab.ini
emulator Android emulator version 37.1.11.0 (build_id 15917651) (CL:N/A)
* daemon not running; starting now at tcp:5037
* daemon started successfully
booted in 57s: google/sdk_gphone64_x86_64/emu64xa:15/AE3A.240806.043/12960925:userdebug/dev-keys
kernel 6.6.50-android15-8-g8adecb593e9b-ab12525588 -> kmi android15-6.6; tiann/KernelSU v3.3.0
total 16428
drwx------  2 runner runner     4096 Oct  1 08:53 .
drwxrwxrwt 16 root   root       4096 Oct  1 08:53 ..
-rw-r--r--  1 runner runner 10777987 Oct  1 08:53 KernelSU_v3.3.0_32601-release.apk
-rw-r--r--  1 runner runner  5713312 Oct  1 08:53 ksud-x86_64-linux-android
-rw-r--r--  1 runner runner   318824 Oct  1 08:53 lkm-x86_64-android15-6.6_kernelsu.ko
== manager installed (me.weishu.kernelsu)
/tmp/tmp.OBFO6KPWb1/lkm-x86_64-android15-6.6_kernelsu.ko: 1 file pushed, 0 skipped. 4.1 MB/s (318824 bytes in 0.075s)
/tmp/tmp.OBFO6KPWb1/ksud-x86_64-linux-android: 1 file pushed, 0 skipped. 54.2 MB/s (5713312 bytes in 0.100s)
== ksud: ksud 3.3.0 (uapi: 2)
== ksud late-load: rc=0
== ksud insmod /data/adb/kernelsu.ko: Error: load module failed: /data/adb/kernelsu.ko

Caused by:
    0: init_module failed without vermagic mismatch
    1: File exists (os error 17)
rc=1
kernelsu              159744  0 
== lsmod: kernelsu              159744  1 
KernelSU_v3.3.0_32601-release.apk
ksud-aarch64-apple-darwin
ksud-aarch64-linux-android
ksud-aarch64-unknown-linux-musl
ksud-x86_64-apple-darwin
ksud-x86_64-linux-android
ksud-x86_64-pc-windows-gnu.exe
ksud-x86_64-unknown-linux-musl
ksuinit-aarch64
ksuinit-x86_64
lkm-aarch64-android12-5.10_kernelsu.ko
lkm-aarch64-android13-5.10_kernelsu.ko
lkm-aarch64-android13-5.15_kernelsu.ko
lkm-aarch64-android14-5.15_kernelsu.ko
lkm-aarch64-android14-6.1_kernelsu.ko
lkm-aarch64-android15-6.6_kernelsu.ko
lkm-aarch64-android16-6.12_kernelsu.ko
lkm-aarch64-android17-6.18_kernelsu.ko
lkm-x86_64-android12-5.10_kernelsu.ko
lkm-x86_64-android13-5.10_kernelsu.ko
lkm-x86_64-android13-5.15_kernelsu.ko
lkm-x86_64-android14-5.15_kernelsu.ko
lkm-x86_64-android14-6.1_kernelsu.ko
lkm-x86_64-android15-6.6_kernelsu.ko
lkm-x86_64-android16-6.12_kernelsu.ko
lkm-x86_64-android17-6.18_kernelsu.ko
== no metamodule asset in tiann/KernelSU v3.3.0
/home/runner/work/devicelab/devicelab/modules/probe/./: 2 files pushed, 0 skipped. 0.0 MB/s (1474 bytes in 0.050s)
== modules: [
  {
    "enabled": "true",
    "update": "false",
    "remove": "false",
    "action": "false",
    "web": "true",
    "description": "Observation module for devicelab. Its WebUI page is driven over DevTools.",
    "mount": "false",
    "versionCode": "1",
    "author": "p0g-stack",
    "name": "devicelab probe",
    "id": "devicelab_probe",
    "version": "1"
  }
]
SELinux: Loaded file context from:
		/system/etc/selinux/plat_file_contexts
		/system_ext/etc/selinux/system_ext_file_contexts
		/vendor/etc/selinux/vendor_file_contexts
ERROR: null root node returned by UiTestAutomationBridge.
cat: /data/local/tmp/ui.xml: No such file or directory
== home text: 
== manager activities: me.weishu.kernelsu/.magica.BootCompletedReceiver me.weishu.kernelsu/.ui.MainActivity me.weishu.kernelsu/androidx.core.content.FileProvider me.weishu.kernelsu/androidx.profileinstaller.ProfileInstallReceiver me.weishu.kernelsu/androidx.startup.InitializationProvider 
inputs/modules/flutter_webui_counter-0.1.4.zip: 1 file pushed, 0 skipped. 117.8 MB/s (21434743 bytes in 0.174s)
== install flutter_webui_counter-0.1.4.zip
  inflating: webroot/fonts/notocoloremoji/v32/Yq6P-KqIXTD0t4D9z1ESnKM3-HpFabsE4tq3luCC7p-aXxcn.3.woff2
  inflating: webroot/fonts/notocoloremoji/v32/Yq6P-KqIXTD0t4D9z1ESnKM3-HpFabsE4tq3luCC7p-aXxcn.8.woff2
  inflating: webroot/fonts/notocoloremoji/v32/Yq6P-KqIXTD0t4D9z1ESnKM3-HpFabsE4tq3luCC7p-aXxcn.2.woff2
   creating: webroot/fonts/notosansmath/
   creating: webroot/fonts/notosansmath/v15/
  inflating: webroot/fonts/notosansmath/v15/7Aump_cpkSecTWaHRlH2hyV5UHkD-V048PW0.woff2
   creating: webroot/fonts/roboto/
   creating: webroot/fonts/roboto/v32/
  inflating: webroot/fonts/roboto/v32/KFOmCnqEu92Fr1Me4GZLCzYlKw.woff2
  inflating: webroot/.last_build_id
  inflating: webroot/config.json
  inflating: webroot/flutter_webui.js
  inflating: customize.sh
- Done
- Module installed successfully!
inputs/modules/counter-v1.0.0.zip: 1 file pushed, 0 skipped. 144.4 MB/s (6582359 bytes in 0.043s)
== install counter-v1.0.0.zip
  inflating: webroot/canvaskit/chromium/canvaskit.wasm
  inflating: webroot/config.json
  inflating: webroot/favicon.png
  inflating: webroot/flutter.js
  inflating: webroot/flutter_bootstrap.js
  inflating: webroot/icons/Icon-192.png
  inflating: webroot/icons/Icon-512.png
  inflating: webroot/icons/Icon-maskable-192.png
  inflating: webroot/icons/Icon-maskable-512.png
  inflating: webroot/index.html
  inflating: webroot/main.dart.js
  inflating: webroot/manifest.json
  inflating: webroot/version.json
- Done
- Module installed successfully!
inputs/modules/demo-v0.1.0.zip: 1 file pushed, 0 skipped. 101.0 MB/s (24297061 bytes in 0.229s)
== install demo-v0.1.0.zip
  inflating: webroot/icons/Icon-512.png
  inflating: webroot/icons/Icon-maskable-192.png
  inflating: webroot/icons/Icon-maskable-512.png
  inflating: webroot/index.html
  inflating: webroot/main.dart.js
  inflating: webroot/manifest.json
  inflating: webroot/pkg/.gitignore
  inflating: webroot/pkg/demo_native.js
  inflating: webroot/pkg/demo_native_bg.wasm
  inflating: webroot/pkg/package.json
  inflating: webroot/version.json
  inflating: webroot/workers/demo_service.web.g.dart.js
  inflating: webroot/workers/hello_service.web.g.dart.js
- Done
- Module installed successfully!
/home/runner/work/devicelab/devicelab/app_plane.zip: 1 file pushed, 0 skipped. 229.4 MB/s (4514224 bytes in 0.019s)
== install app_plane.zip
Archive:  /data/local/tmp/m.zip
- Extracting module files
Archive:  /data/local/tmp/m.zip
  inflating: post-fs-data.sh
  inflating: module.prop
   creating: system/
   creating: system/product/
   creating: system/product/app/
   creating: system/product/app/WebuiTermuxApi/
  inflating: system/product/app/WebuiTermuxApi/WebuiTermuxApi.apk
  inflating: service.sh
  inflating: sockprobe
- Handle partition /product
- Done
- Module installed successfully!
== soft-reboot: 
no boot_completed after soft-reboot
== after soft-reboot (326s): [
  {
    "remove": "false",
    "id": "devicelab_probe",
    "versionCode": "1",
    "mount": "false",
    "enabled": "true",
    "action": "false",
    "description": "Observation module for devicelab. Its WebUI page is driven over DevTools.",
    "author": "p0g-stack",
    "web": "true",
    "name": "devicelab probe",
    "version": "1",
    "update": "false"
  },
  {
    "mount": "false",
    "remove": "false",
    "action": "false",
    "id": "flutter_webui_counter",
    "enabled": "true",
    "name": "flutter-webui Counter",
    "description": "Stock Flutter counter app on flutter-webui (devicelab bring-up build).",
    "web": "true",
    "version": "0.1.4",
    "update": "false",
    "author": "p0g-stack",
    "versionCode": "5"
  },
  {
    "name": "Counter",
    "enabled": "true",
    "id": "counter",
    "versionCode": "1",
    "update": "false",
    "mount": "false",
    "version": "v1.0.0",
    "web": "true",
    "author": "Yuv",
    "action": "false",
    "description": "A new Flutter project.",
    "remove": "false"
  },
  {
    "author": "",
    "remove": "false",
    "web": "true",
    "enabled": "true",
    "mount": "false",
    "version": "v0.1.0",
    "id": "demo",
    "name": "Demo",
    "description": "The demo GUI. Flutter on top of the core.",
    "update": "false",
    "action": "false",
    "versionCode": "1"
  },
  {
    "action": "false",
    "id": "devicelab_app_plane",
    "enabled": "true",
    "author": "p0g-stack",
    "mount": "true",
    "rem
total 56
drwxrwxrwx 7 root root 4096 2026-10-01 08:54 .
drwx------ 5 root root 4096 2026-10-01 08:54 ..
drwxr-xr-x 3 root root 4096 2026-10-01 08:54 counter
drwxr-xr-x 5 root root 4096 2026-10-01 08:54 demo
drwxr-xr-x 4 root root 4096 2026-10-01 08:54 devicelab_app_plane
drwxr-xr-x 3 root root 4096 2026-10-01 08:53 devicelab_probe
drwxr-xr-x 4 root root 4096 2026-10-01 08:54 flutter_webui_counter
/home/runner/work/devicelab/devicelab/out/labserver: 1 file pushed, 0 skipped. 132.2 MB/s (7843260 bytes in 0.057s)
cmd: Failure calling service activity: Broken pipe (32)
cmd: Failure calling service package: Broken pipe (32)
















































intent path: no page; manager log:
10-01 09:01:44.524     0     0 I apexd   : Found "/apex/com.android.appsearch@350820300" backed by file /data/apex/decompressed/com.android.appsearch@350820300.decompressed.apex
10-01 09:01:44.532     0     0 I apexd   : Found "/apex/com.android.ipsec@350820300" backed by file /data/apex/decompressed/com.android.ipsec@350820300.decompressed.apex
10-01 09:01:44.541     0     0 I apexd   : Found "/apex/com.android.adbd@350820300" backed by file /data/apex/decompressed/com.android.adbd@350820300.decompressed.apex
10-01 09:01:44.545     0     0 I apexd   : Found "/apex/com.android.media.swcodec@350820300" backed by file /data/apex/decompressed/com.android.media.swcodec@350820300.decompressed.apex
10-01 09:01:44.553     0     0 I apexd   : Found "/apex/com.android.adservices@350820260" backed by file /data/apex/decompressed/com.android.adservices@350820260.decompressed.apex
10-01 09:01:44.559     0     0 I apexd   : Found "/apex/com.android.uwb@350820300" backed by file /data/apex/decompressed/com.android.uwb@350820300.decompressed.apex
10-01 09:01:44.563     0     0 I apexd   : Found "/apex/com.android.extservices@350820303" backed by file /data/apex/decompressed/com.android.extservices@350820303.decompressed.apex
10-01 09:01:44.569     0     0 I apexd   : Found "/apex/com.android.mediaprovider@350820300" backed by file /data/apex/decompressed/com.android.mediaprovider@350820300.decompressed.apex
10-01 09:01:44.573     0     0 I apexd   : Found "/apex/com.android.os.statsd@350820260" backed by file /data/apex/decompressed/com.android.os.statsd@350820260.decompressed.apex
10-01 09:01:44.577     0     0 I apexd   : Found "/apex/com.android.rkpd@350820300" backed by file /data/apex/decompressed/com.android.rkpd@350820300.decompressed.apex
10-01 09:01:44.584     0     0 I apexd   : Found "/apex/com.android.media@350820300" backed by file /data/apex/decompressed/com.android.media@350820300.decompressed.apex
10-01 09:01:44.588     0     0 I apexd   : Found "/apex/com.android.conscrypt@350820300" backed by file /data/apex/decompressed/com.android.conscrypt@350820300.decompressed.apex
10-01 09:01:44.594     0     0 I apexd   : Found "/apex/com.android.sdkext@350820300" backed by file /data/apex/decompressed/com.android.sdkext@350820300.decompressed.apex
10-01 09:01:44.599     0     0 I apexd   : Found "/apex/com.android.wifi@350820300" backed by file /data/apex/decompressed/com.android.wifi@350820300.decompressed.apex
10-01 09:01:44.604     0     0 I apexd   : Found "/apex/com.android.configinfrastructure@350820300" backed by file /data/apex/decompressed/com.android.configinfrastructure@350820300.decompressed.apex
10-01 09:01:44.608     0     0 I apexd   : Found "/apex/com.android.resolv@350820300" backed by file /data/apex/decompressed/com.android.resolv@350820300.decompressed.apex
10-01 09:01:44.614     0     0 I apexd   : Found "/apex/com.android.cellbroadcast@350820300" backed by file /data/apex/decompressed/com.android.cellbroadcast@350820300.decompressed.apex
10-01 09:01:44.617     0     0 I apexd   : Found "/apex/com.android.neuralnetworks@350820300" backed by file /data/apex/decompressed/com.android.neuralnetworks@350820300.decompressed.apex
10-01 09:01:44.624     0     0 I apexd   : Found "/apex/com.android.scheduling@350820300" backed by file /data/apex/decompressed/com.android.scheduling@350820300.decompressed.apex
10-01 09:01:44.631     0     0 I apexd   : Found "/apex/com.android.ondevicepersonalization@350820260" backed by file /data/apex/decompressed/com.android.ondevicepersonalization@350820260.decompressed.apex
10-01 09:01:44.636     0     0 I apexd   : Found "/apex/com.android.tethering@350820300" backed by file /data/apex/decompressed/com.android.tethering@350820300.decompressed.apex
10-01 09:01:44.641     0     0 I apexd   : 40 packages restored.
10-01 09:01:44.643     0     0 I apexd   : Scanning /data/apex/active for data ApexFiles
10-01 09:01:44.646     0     0 I AidlLazyServiceRegistrar: Registering service apexservice
10-01 09:01:44.651     0     0 I servicemanager: Notifying apexservice they do (previously: don't) have clients when service is guaranteed to be in use
Traceback (most recent call last):
  File "/home/runner/work/devicelab/devicelab/managers/ui.py", line 98, in <module>
    sys.exit(main())
             ^^^^^^
  File "/home/runner/work/devicelab/devicelab/managers/ui.py", line 58, in main
    root = dump(sys.argv[2] if cmd == "dump" and len(sys.argv) > 2 else None)
           ^^^^^^^^^^^^^^^^^^^^^^^^^^^^^^^^^^^^^^^^^^^^^^^^^^^^^^^^^^^^^^^^^^
  File "/home/runner/work/devicelab/devicelab/managers/ui.py", line 32, in dump
    return ET.fromstring(x.encode())
           ^^^^^^^^^^^^^^^^^^^^^^^^^
  File "/usr/lib/python3.12/xml/etree/ElementTree.py", line 1336, in XML
    return parser.close()
           ^^^^^^^^^^^^^^
xml.etree.ElementTree.ParseError: no element found: line 1, column 0
Traceback (most recent call last):
  File "/home/runner/work/devicelab/devicelab/managers/ui.py", line 98, in <module>
    sys.exit(main())
             ^^^^^^
  File "/home/runner/work/devicelab/devicelab/managers/ui.py", line 58, in main
    root = dump(sys.argv[2] if cmd == "dump" and len(sys.argv) > 2 else None)
           ^^^^^^^^^^^^^^^^^^^^^^^^^^^^^^^^^^^^^^^^^^^^^^^^^^^^^^^^^^^^^^^^^^
  File "/home/runner/work/devicelab/devicelab/managers/ui.py", line 32, in dump
    return ET.fromstring(x.encode())
           ^^^^^^^^^^^^^^^^^^^^^^^^^
  File "/usr/lib/python3.12/xml/etree/ElementTree.py", line 1336, in XML
    return parser.close()
           ^^^^^^^^^^^^^^
xml.etree.ElementTree.ParseError: no element found: line 1, column 0
ui: tapped 160,152
Traceback (most recent call last):
  File "/home/runner/work/devicelab/devicelab/managers/ui.py", line 98, in <module>
    sys.exit(main())
             ^^^^^^
  File "/home/runner/work/devicelab/devicelab/managers/ui.py", line 58, in main
    root = dump(sys.argv[2] if cmd == "dump" and len(sys.argv) > 2 else None)
           ^^^^^^^^^^^^^^^^^^^^^^^^^^^^^^^^^^^^^^^^^^^^^^^^^^^^^^^^^^^^^^^^^^
  File "/home/runner/work/devicelab/devicelab/managers/ui.py", line 32, in dump
    return ET.fromstring(x.encode())
           ^^^^^^^^^^^^^^^^^^^^^^^^^
  File "/usr/lib/python3.12/xml/etree/ElementTree.py", line 1336, in XML
    return parser.close()
           ^^^^^^^^^^^^^^
xml.etree.ElementTree.ParseError: no element found: line 1, column 0
Traceback (most recent call last):
  File "/home/runner/work/devicelab/devicelab/managers/ui.py", line 98, in <module>
    sys.exit(main())
             ^^^^^^
  File "/home/runner/work/devicelab/devicelab/managers/ui.py", line 58, in main
    root = dump(sys.argv[2] if cmd == "dump" and len(sys.argv) > 2 else None)
           ^^^^^^^^^^^^^^^^^^^^^^^^^^^^^^^^^^^^^^^^^^^^^^^^^^^^^^^^^^^^^^^^^^
  File "/home/runner/work/devicelab/devicelab/managers/ui.py", line 32, in dump
    return ET.fromstring(x.encode())
           ^^^^^^^^^^^^^^^^^^^^^^^^^
  File "/usr/lib/python3.12/xml/etree/ElementTree.py", line 1336, in XML
    return parser.close()
           ^^^^^^^^^^^^^^
xml.etree.ElementTree.ParseError: no element found: line 1, column 0
Traceback (most recent call last):
  File "/home/runner/work/devicelab/devicelab/managers/ui.py", line 98, in <module>
    sys.exit(main())
             ^^^^^^
  File "/home/runner/work/devicelab/devicelab/managers/ui.py", line 58, in main
    root = dump(sys.argv[2] if cmd == "dump" and len(sys.argv) > 2 else None)
           ^^^^^^^^^^^^^^^^^^^^^^^^^^^^^^^^^^^^^^^^^^^^^^^^^^^^^^^^^^^^^^^^^^
  File "/home/runner/work/devicelab/devicelab/managers/ui.py", line 32, in dump
    return ET.fromstring(x.encode())
           ^^^^^^^^^^^^^^^^^^^^^^^^^
  File "/usr/lib/python3.12/xml/etree/ElementTree.py", line 1336, in XML
    return parser.close()
           ^^^^^^^^^^^^^^
xml.etree.ElementTree.ParseError: no element found: line 1, column 0
Traceback (most recent call last):
  File "/home/runner/work/devicelab/devicelab/managers/ui.py", line 98, in <module>
    sys.exit(main())
             ^^^^^^
  File "/home/runner/work/devicelab/devicelab/managers/ui.py", line 58, in main
    root = dump(sys.argv[2] if cmd == "dump" and len(sys.argv) > 2 else None)
           ^^^^^^^^^^^^^^^^^^^^^^^^^^^^^^^^^^^^^^^^^^^^^^^^^^^^^^^^^^^^^^^^^^
  File "/home/runner/work/devicelab/devicelab/managers/ui.py", line 32, in dump
    return ET.fromstring(x.encode())
           ^^^^^^^^^^^^^^^^^^^^^^^^^
  File "/usr/lib/python3.12/xml/etree/ElementTree.py", line 1336, in XML
    return parser.close()
           ^^^^^^^^^^^^^^
xml.etree.ElementTree.ParseError: no element found: line 1, column 0
Traceback (most recent call last):
  File "/home/runner/work/devicelab/devicelab/managers/ui.py", line 98, in <module>
    sys.exit(main())
             ^^^^^^
  File "/home/runner/work/devicelab/devicelab/managers/ui.py", line 58, in main
    root = dump(sys.argv[2] if cmd == "dump" and len(sys.argv) > 2 else None)
           ^^^^^^^^^^^^^^^^^^^^^^^^^^^^^^^^^^^^^^^^^^^^^^^^^^^^^^^^^^^^^^^^^^
  File "/home/runner/work/devicelab/devicelab/managers/ui.py", line 32, in dump
    return ET.fromstring(x.encode())
           ^^^^^^^^^^^^^^^^^^^^^^^^^
  File "/usr/lib/python3.12/xml/etree/ElementTree.py", line 1336, in XML
    return parser.close()
           ^^^^^^^^^^^^^^
xml.etree.ElementTree.ParseError: no element found: line 1, column 0
Traceback (most recent call last):
  File "/home/runner/work/devicelab/devicelab/managers/ui.py", line 98, in <module>
    sys.exit(main())
             ^^^^^^
  File "/home/runner/work/devicelab/devicelab/managers/ui.py", line 58, in main
    root = dump(sys.argv[2] if cmd == "dump" and len(sys.argv) > 2 else None)
           ^^^^^^^^^^^^^^^^^^^^^^^^^^^^^^^^^^^^^^^^^^^^^^^^^^^^^^^^^^^^^^^^^^
  File "/home/runner/work/devicelab/devicelab/managers/ui.py", line 32, in dump
    return ET.fromstring(x.encode())
           ^^^^^^^^^^^^^^^^^^^^^^^^^
  File "/usr/lib/python3.12/xml/etree/ElementTree.py", line 1336, in XML
    return parser.close()
           ^^^^^^^^^^^^^^
xml.etree.ElementTree.ParseError: no element found: line 1, column 0
Traceback (most recent call last):
  File "/home/runner/work/devicelab/devicelab/managers/ui.py", line 98, in <module>
    sys.exit(main())
             ^^^^^^
  File "/home/runner/work/devicelab/devicelab/managers/ui.py", line 58, in main
    root = dump(sys.argv[2] if cmd == "dump" and len(sys.argv) > 2 else None)
           ^^^^^^^^^^^^^^^^^^^^^^^^^^^^^^^^^^^^^^^^^^^^^^^^^^^^^^^^^^^^^^^^^^
  File "/home/runner/work/devicelab/devicelab/managers/ui.py", line 32, in dump
    return ET.fromstring(x.encode())
           ^^^^^^^^^^^^^^^^^^^^^^^^^
  File "/usr/lib/python3.12/xml/etree/ElementTree.py", line 1336, in XML
    return parser.close()
           ^^^^^^^^^^^^^^
xml.etree.ElementTree.ParseError: no element found: line 1, column 0
Traceback (most recent call last):
  File "/home/runner/work/devicelab/devicelab/managers/ui.py", line 98, in <module>
    sys.exit(main())
             ^^^^^^
  File "/home/runner/work/devicelab/devicelab/managers/ui.py", line 58, in main
    root = dump(sys.argv[2] if cmd == "dump" and len(sys.argv) > 2 else None)
           ^^^^^^^^^^^^^^^^^^^^^^^^^^^^^^^^^^^^^^^^^^^^^^^^^^^^^^^^^^^^^^^^^^
  File "/home/runner/work/devicelab/devicelab/managers/ui.py", line 32, in dump
    return ET.fromstring(x.encode())
           ^^^^^^^^^^^^^^^^^^^^^^^^^
  File "/usr/lib/python3.12/xml/etree/ElementTree.py", line 1336, in XML
    return parser.close()
           ^^^^^^^^^^^^^^
xml.etree.ElementTree.ParseError: no element found: line 1, column 0












Traceback (most recent call last):
  File "/home/runner/work/devicelab/devicelab/managers/ui.py", line 98, in <module>
    sys.exit(main())
             ^^^^^^
  File "/home/runner/work/devicelab/devicelab/managers/ui.py", line 58, in main
    root = dump(sys.argv[2] if cmd == "dump" and len(sys.argv) > 2 else None)
           ^^^^^^^^^^^^^^^^^^^^^^^^^^^^^^^^^^^^^^^^^^^^^^^^^^^^^^^^^^^^^^^^^^
  File "/home/runner/work/devicelab/devicelab/managers/ui.py", line 32, in dump
    return ET.fromstring(x.encode())
           ^^^^^^^^^^^^^^^^^^^^^^^^^
  File "/usr/lib/python3.12/xml/etree/ElementTree.py", line 1336, in XML
    return parser.close()
           ^^^^^^^^^^^^^^
xml.etree.ElementTree.ParseError: no element found: line 1, column 0
opened: none
{"check":"targets","result":[]}
{"check":"globals","result":{"error":"no page target","sockets":[],"targets":[]}}
{"check":"ksu-exec","result":{"error":"no page target","sockets":[],"targets":[]}}
{"check":"ws-loopback","result":{"error":"no page target","sockets":[],"targets":[]}}
{"check":"fetch-loopback","result":{"error":"no page target","sockets":[],"targets":[]}}
{"check":"webview-uid","result":[]}
{"check":"while-home-heartbeat","result":{"error":"no page target","sockets":[],"targets":[]}}
cmd: Can't find service: input
{"check":"lifecycle","result":{"error":"no page target","sockets":[],"targets":[]}}
{"check":"dev-url","result":{"error":"no page target","sockets":[],"targets":[]}}
Starting: Intent { cmp=me.weishu.kernelsu/.ui.webui.WebUIActivity (has extras) }
	at com.android.server.wm.ActivityStarter$DefaultFactory.obtain(ActivityStarter.java:351)
	at com.android.server.wm.ActivityStartController.obtainStarter(ActivityStartController.java:131)
	at com.android.server.wm.ActivityTaskManagerService.startActivityAndWait(ActivityTaskManagerService.java:1569)
	at com.android.server.am.ActivityManagerService.startActivityAndWait(ActivityManagerService.java:3348)
	at com.android.server.am.ActivityManagerShellCommand.runStartActivity(ActivityManagerShellCommand.java:795)
	at com.android.server.am.ActivityManagerShellCommand.onCommand(ActivityManagerShellCommand.java:246)
	at com.android.server.am.ActivityManagerService.onShellCommand(ActivityManagerService.java:10471)
	at android.app.IActivityManager$Stub.onTransact(IActivityManager.java:5675)
	at com.android.server.am.ActivityManagerService.onTransact(ActivityManagerService.java:2812)








Segmentation fault 
intent path: no page; manager log:
10-01 09:03:23.739  1279  1279 D PackageManager: No files in app dir /apex/com.android.resolv/priv-app
10-01 09:03:23.739  1279  1279 D PackageManager: No files in app dir /apex/com.android.resolv/app
10-01 09:03:23.739  1279  1279 D PackageManager: No files in app dir /apex/com.android.hardware.authsecret/priv-app
10-01 09:03:23.739  1279  1279 D PackageManager: No files in app dir /apex/com.android.hardware.authsecret/app
10-01 09:03:23.739  1279  1279 D PackageManager: No files in app dir /apex/com.android.i18n/priv-app
10-01 09:03:23.739  1279  1279 D PackageManager: No files in app dir /apex/com.android.i18n/app
10-01 09:03:23.740  1279  1279 I ApexManager: Registering com.android.cts.priv.ctsshim as apk-in-apex of com.android.apex.cts.shim
10-01 09:03:23.744  1279  1279 I ApexManager: Registering com.android.cts.ctsshim as apk-in-apex of com.android.apex.cts.shim
10-01 09:03:23.935     0     0 I logd    : logdr: UID=0 GID=0 PID=1359 n tail=0 logMask=99 pid=0 start=0ns deadline=0ns
10-01 09:03:23.748  1279  1279 D PackageManager: No files in app dir /apex/com.android.sdkext/priv-app
10-01 09:03:23.749  1279  1279 D PackageManager: No files in app dir /apex/com.android.sdkext/app
10-01 09:03:23.749  1279  1279 D PackageManager: No files in app dir /apex/com.android.art/priv-app
10-01 09:03:23.749  1279  1279 D PackageManager: No files in app dir /apex/com.android.art/app
10-01 09:03:23.751  1279  1279 I ApexManager: Registering com.google.android.wifi.resources as apk-in-apex of com.android.wifi
10-01 09:03:23.758  1279  1279 I ApexManager: Registering com.google.android.wifi.dialog as apk-in-apex of com.android.wifi
10-01 09:03:23.759  1279  1279 I ApexManager: Registering com.google.android.hotspot2.osulogin as apk-in-apex of com.android.wifi
10-01 09:03:23.763  1279  1279 I ApexManager: Registering com.google.android.adservices.api as apk-in-apex of com.android.adservices
10-01 09:03:23.766  1279  1279 I ApexManager: Registering com.google.android.sdksandbox as apk-in-apex of com.android.adservices
10-01 09:03:23.767  1279  1279 D PackageManager: No files in app dir /apex/com.android.conscrypt/priv-app
10-01 09:03:23.767  1279  1279 D PackageManager: No files in app dir /apex/com.android.conscrypt/app
10-01 09:03:23.769  1279  1279 W OverlayConfig: partition_order.xml does not exist.
10-01 09:03:23.796  1279  1279 I PackageManager: Finished scanning system apps. Time: 759 ms, packageCount: 258 , timePerPackage: 2 , cached: 258
10-01 09:03:23.826  1279  1279 I PackageManager: Finished scanning non-system apps. Time: 30 ms, packageCount: 4 , timePerPackage: 7 , cached: 4
10-01 09:03:23.829  1279  1279 W PackageManager: There should probably be a verifier, but, none were found
10-01 09:03:23.850  1279  1279 I PackageManager: Time to scan packages: 0.812 seconds
Traceback (most recent call last):
  File "/home/runner/work/devicelab/devicelab/managers/ui.py", line 98, in <module>
    sys.exit(main())
             ^^^^^^
  File "/home/runner/work/devicelab/devicelab/managers/ui.py", line 58, in main
    root = dump(sys.argv[2] if cmd == "dump" and len(sys.argv) > 2 else None)
           ^^^^^^^^^^^^^^^^^^^^^^^^^^^^^^^^^^^^^^^^^^^^^^^^^^^^^^^^^^^^^^^^^^
  File "/home/runner/work/devicelab/devicelab/managers/ui.py", line 32, in dump
    return ET.fromstring(x.encode())
           ^^^^^^^^^^^^^^^^^^^^^^^^^
  File "/usr/lib/python3.12/xml/etree/ElementTree.py", line 1336, in XML
    return parser.close()
           ^^^^^^^^^^^^^^
xml.etree.ElementTree.ParseError: no element found: line 1, column 0
Traceback (most recent call last):
  File "/home/runner/work/devicelab/devicelab/managers/ui.py", line 98, in <module>
    sys.exit(main())
             ^^^^^^
  File "/home/runner/work/devicelab/devicelab/managers/ui.py", line 58, in main
    root = dump(sys.argv[2] if cmd == "dump" and len(sys.argv) > 2 else None)
           ^^^^^^^^^^^^^^^^^^^^^^^^^^^^^^^^^^^^^^^^^^^^^^^^^^^^^^^^^^^^^^^^^^
  File "/home/runner/work/devicelab/devicelab/managers/ui.py", line 32, in dump
    return ET.fromstring(x.encode())
           ^^^^^^^^^^^^^^^^^^^^^^^^^
  File "/usr/lib/python3.12/xml/etree/ElementTree.py", line 1336, in XML
    return parser.close()
           ^^^^^^^^^^^^^^
xml.etree.ElementTree.ParseError: no element found: line 1, column 0
Traceback (most recent call last):
  File "/home/runner/work/devicelab/devicelab/managers/ui.py", line 98, in <module>
    sys.exit(main())
             ^^^^^^
  File "/home/runner/work/devicelab/devicelab/managers/ui.py", line 52, in main
    w, h = size(); x, y = int(sys.argv[2]) * w // 320, int(sys.argv[3]) * h // 640
           ^^^^^^
  File "/home/runner/work/devicelab/devicelab/managers/ui.py", line 46, in size
    m = re.search(r"(\d+)x(\d+)", adb("shell", "wm", "size").splitlines()[-1])
                                  ~~~~~~~~~~~~~~~~~~~~~~~~~~~~~~~~~~~~~~~^^^^
IndexError: list index out of range
Traceback (most recent call last):
  File "/home/runner/work/devicelab/devicelab/managers/ui.py", line 98, in <module>
    sys.exit(main())
             ^^^^^^
  File "/home/runner/work/devicelab/devicelab/managers/ui.py", line 58, in main
    root = dump(sys.argv[2] if cmd == "dump" and len(sys.argv) > 2 else None)
           ^^^^^^^^^^^^^^^^^^^^^^^^^^^^^^^^^^^^^^^^^^^^^^^^^^^^^^^^^^^^^^^^^^
  File "/home/runner/work/devicelab/devicelab/managers/ui.py", line 32, in dump
    return ET.fromstring(x.encode())
           ^^^^^^^^^^^^^^^^^^^^^^^^^
  File "/usr/lib/python3.12/xml/etree/ElementTree.py", line 1336, in XML
    return parser.close()
           ^^^^^^^^^^^^^^
xml.etree.ElementTree.ParseError: no element found: line 1, column 0
Traceback (most recent call last):
  File "/home/runner/work/devicelab/devicelab/managers/ui.py", line 98, in <module>
    sys.exit(main())
             ^^^^^^
  File "/home/runner/work/devicelab/devicelab/managers/ui.py", line 58, in main
    root = dump(sys.argv[2] if cmd == "dump" and len(sys.argv) > 2 else None)
           ^^^^^^^^^^^^^^^^^^^^^^^^^^^^^^^^^^^^^^^^^^^^^^^^^^^^^^^^^^^^^^^^^^
  File "/home/runner/work/devicelab/devicelab/managers/ui.py", line 32, in dump
    return ET.fromstring(x.encode())
           ^^^^^^^^^^^^^^^^^^^^^^^^^
  File "/usr/lib/python3.12/xml/etree/ElementTree.py", line 1336, in XML
    return parser.close()
           ^^^^^^^^^^^^^^
xml.etree.ElementTree.ParseError: no element found: line 1, column 0
Traceback (most recent call last):
  File "/home/runner/work/devicelab/devicelab/managers/ui.py", line 98, in <module>
    sys.exit(main())
             ^^^^^^
  File "/home/runner/work/devicelab/devicelab/managers/ui.py", line 58, in main
    root = dump(sys.argv[2] if cmd == "dump" and len(sys.argv) > 2 else None)
           ^^^^^^^^^^^^^^^^^^^^^^^^^^^^^^^^^^^^^^^^^^^^^^^^^^^^^^^^^^^^^^^^^^
  File "/home/runner/work/devicelab/devicelab/managers/ui.py", line 32, in dump
    return ET.fromstring(x.encode())
           ^^^^^^^^^^^^^^^^^^^^^^^^^
  File "/usr/lib/python3.12/xml/etree/ElementTree.py", line 1336, in XML
    return parser.close()
           ^^^^^^^^^^^^^^
xml.etree.ElementTree.ParseError: no element found: line 1, column 0
Traceback (most recent call last):
  File "/home/runner/work/devicelab/devicelab/managers/ui.py", line 98, in <module>
    sys.exit(main())
             ^^^^^^
  File "/home/runner/work/devicelab/devicelab/managers/ui.py", line 58, in main
    root = dump(sys.argv[2] if cmd == "dump" and len(sys.argv) > 2 else None)
           ^^^^^^^^^^^^^^^^^^^^^^^^^^^^^^^^^^^^^^^^^^^^^^^^^^^^^^^^^^^^^^^^^^
  File "/home/runner/work/devicelab/devicelab/managers/ui.py", line 32, in dump
    return ET.fromstring(x.encode())
           ^^^^^^^^^^^^^^^^^^^^^^^^^
  File "/usr/lib/python3.12/xml/etree/ElementTree.py", line 1336, in XML
    return parser.close()
           ^^^^^^^^^^^^^^
xml.etree.ElementTree.ParseError: no element found: line 1, column 0
Traceback (most recent call last):
  File "/home/runner/work/devicelab/devicelab/managers/ui.py", line 98, in <module>
    sys.exit(main())
             ^^^^^^
  File "/home/runner/work/devicelab/devicelab/managers/ui.py", line 58, in main
    root = dump(sys.argv[2] if cmd == "dump" and len(sys.argv) > 2 else None)
           ^^^^^^^^^^^^^^^^^^^^^^^^^^^^^^^^^^^^^^^^^^^^^^^^^^^^^^^^^^^^^^^^^^
  File "/home/runner/work/devicelab/devicelab/managers/ui.py", line 32, in dump
    return ET.fromstring(x.encode())
           ^^^^^^^^^^^^^^^^^^^^^^^^^
  File "/usr/lib/python3.12/xml/etree/ElementTree.py", line 1336, in XML
    return parser.close()
           ^^^^^^^^^^^^^^
xml.etree.ElementTree.ParseError: no element found: line 1, column 0
Traceback (most recent call last):
  File "/home/runner/work/devicelab/devicelab/managers/ui.py", line 98, in <module>
    sys.exit(main())
             ^^^^^^
  File "/home/runner/work/devicelab/devicelab/managers/ui.py", line 58, in main
    root = dump(sys.argv[2] if cmd == "dump" and len(sys.argv) > 2 else None)
           ^^^^^^^^^^^^^^^^^^^^^^^^^^^^^^^^^^^^^^^^^^^^^^^^^^^^^^^^^^^^^^^^^^
  File "/home/runner/work/devicelab/devicelab/managers/ui.py", line 32, in dump
    return ET.fromstring(x.encode())
           ^^^^^^^^^^^^^^^^^^^^^^^^^
  File "/usr/lib/python3.12/xml/etree/ElementTree.py", line 1336, in XML
    return parser.close()
           ^^^^^^^^^^^^^^
xml.etree.ElementTree.ParseError: no element found: line 1, column 0
Traceback (most recent call last):
  File "/home/runner/work/devicelab/devicelab/managers/ui.py", line 98, in <module>
    sys.exit(main())
             ^^^^^^
  File "/home/runner/work/devicelab/devicelab/managers/ui.py", line 58, in main
    root = dump(sys.argv[2] if cmd == "dump" and len(sys.argv) > 2 else None)
           ^^^^^^^^^^^^^^^^^^^^^^^^^^^^^^^^^^^^^^^^^^^^^^^^^^^^^^^^^^^^^^^^^^
  File "/home/runner/work/devicelab/devicelab/managers/ui.py", line 32, in dump
    return ET.fromstring(x.encode())
           ^^^^^^^^^^^^^^^^^^^^^^^^^
  File "/usr/lib/python3.12/xml/etree/ElementTree.py", line 1336, in XML
    return parser.close()
           ^^^^^^^^^^^^^^
xml.etree.ElementTree.ParseError: no element found: line 1, column 0
Traceback (most recent call last):
  File "/home/runner/work/devicelab/devicelab/managers/ui.py", line 98, in <module>
    sys.exit(main())
             ^^^^^^
  File "/home/runner/work/devicelab/devicelab/managers/ui.py", line 58, in main
    root = dump(sys.argv[2] if cmd == "dump" and len(sys.argv) > 2 else None)
           ^^^^^^^^^^^^^^^^^^^^^^^^^^^^^^^^^^^^^^^^^^^^^^^^^^^^^^^^^^^^^^^^^^
  File "/home/runner/work/devicelab/devicelab/managers/ui.py", line 32, in dump
    return ET.fromstring(x.encode())
           ^^^^^^^^^^^^^^^^^^^^^^^^^
  File "/usr/lib/python3.12/xml/etree/ElementTree.py", line 1336, in XML
    return parser.close()
           ^^^^^^^^^^^^^^
xml.etree.ElementTree.ParseError: no element found: line 1, column 0












Traceback (most recent call last):
  File "/home/runner/work/devicelab/devicelab/managers/ui.py", line 98, in <module>
    sys.exit(main())
             ^^^^^^
  File "/home/runner/work/devicelab/devicelab/managers/ui.py", line 58, in main
    root = dump(sys.argv[2] if cmd == "dump" and len(sys.argv) > 2 else None)
           ^^^^^^^^^^^^^^^^^^^^^^^^^^^^^^^^^^^^^^^^^^^^^^^^^^^^^^^^^^^^^^^^^^
  File "/home/runner/work/devicelab/devicelab/managers/ui.py", line 32, in dump
    return ET.fromstring(x.encode())
           ^^^^^^^^^^^^^^^^^^^^^^^^^
  File "/usr/lib/python3.12/xml/etree/ElementTree.py", line 1336, in XML
    return parser.close()
           ^^^^^^^^^^^^^^
xml.etree.ElementTree.ParseError: no element found: line 1, column 0
opened: none
{"check":"targets","result":[]}
{"check":"page","result":{"error":"no page target","sockets":[],"targets":[]}}
{"check":"java-exceptions","result":["10-01 09:05:10.024  7783  7783 E System  : \tat com.android.server.pm.ModuleInfoProvider.getInstalledModules(ModuleInfoProvider.java:191)", "10-01 09:05:10.024  7783  7783 E System  : \tat com.android.server.pm.IPackageManagerBase.getInstalledModules(IPackageManagerBase.java:481)", "10-01 09:05:10.024  7783  7783 E System  : \tat android.app.ApplicationPackageManager.getInstalledModules(ApplicationPackageManager.java:1198)", "10-01 09:05:10.024  7783  7783 E System  : \tat com.android.server.am.AppRestrictionController.initSystemModuleNames(AppRestrictionController.java:1602)", "10-01 09:05:10.024  7783  7783 E System  : \tat com.android.server.am.AppRestrictionController.onSystemReady(AppRestrictionController.java:1515)", "10-01 09:05:10.024  7783  7783 E System  : \tat com.android.server.am.ActivityManagerService.systemReady(ActivityManagerService.java:9047)", "10-01 09:05:10.024  7783  7783 E System  : \tat com.android.server.SystemServer.startOtherServices(SystemServer.java:3028)", "10-01 09:05:10.024  7783  7783 E System  : \tat com.android.server.SystemServer.run(SystemServer.java:936)", "10-01 09:05:10.024  7783  7783 E System  : \tat com.android.server.SystemServer.main(SystemServer.java:657)", "10-01 09:05:10.024  7783  7783 E System  : \tat java.lang.reflect.Method.invoke(Native Method)", "10-01 09:05:10.024  7783  7783 E System  : \tat com.android.internal.os.RuntimeInit$MethodAndArgsCaller.run(RuntimeInit.java:580)", "10-01 09:05:10.024  7783  7783 E System  : \tat com.android.internal.os.ZygoteInit.main(ZygoteInit.java:864)", "--", "10-01 09:05:10.024  7783  7783 E Zygote  : java.lang.IllegalStateException: Call to getInstalledModules before metadata loaded", "10-01 09:05:10.024  7783  7783 E Zygote  : \tat com.android.server.pm.ModuleInfoProvider.getInstalledModules(ModuleInfoProvider.java:191)", "10-01 09:05:10.024  7783  7783 E Zygote  : \tat com.android.server.pm.IPackageManagerBase.getInstalledModules(IPackageManagerBase.java:481)", "10-01 09:05:10.024  7783  7783 E Zygote  : \tat android.app.ApplicationPackageManager.getInstalledModules(ApplicationPackageManager.java:1198)", "10-01 09:05:10.024  7783  7783 E Zygote  : \tat com.android.server.am.AppRestrictionController.initSystemModuleNames(AppRestrictionController.java:1602)", "10-01 09:05:10.024  7783  7783 E Zygote  : \tat com.android.server.am.AppRestrictionController.onSystemReady(AppRestrictionController.java:1515)", "10-01 09:05:10.024  7783  7783 E Zygote  : \tat com.android.server.am.ActivityManagerService.systemReady(ActivityManagerService.java:9047)", "10-01 09:05:10.024  7783  7783 E Zygote  : \tat com.android.server.SystemServer.startOtherServices(SystemServer.java:3028)", "10-01 09:05:10.024  7783  7783 E Zygote  : \tat com.android.server.SystemServer.run(SystemServer.java:936)", "10-01 09:05:10.024  7783  7783 E Zygote  : \tat com.android.server.SystemServer.main(SystemServer.java:657)", "10-01 09:05:10.024  7783  7783 E Zygote  : \tat java.lang.reflect.Method.invoke(Native Method)", "10-01 09:05:10.024  7783  7783 E Zygote  : \tat com.android.internal.os.RuntimeInit$MethodAndArgsCaller.run(RuntimeInit.java:580)", "10-01 09:05:10.024  7783  7783 E Zygote  : \tat com.android.internal.os.ZygoteInit.main(ZygoteInit.java:864)", "--", "10-01 09:05:10.026  7783  7783 E AndroidRuntime: java.lang.IllegalStateException: Call to getInstalledModules before metadata loaded", "10-01 09:05:10.026  7783  7783 E AndroidRuntime: \tat com.android.server.pm.ModuleInfoProvider.getInstalledModules(ModuleInfoProvider.java:191)", "10-01 09:05:10.026  7783  7783 E AndroidRuntime: \tat com.android.server.pm.IPackageManagerBase.getInstalledModules(IPackageManagerBase.java:481)", "10-01 09:05:10.026  7783  7783 E AndroidRuntime: \tat android.app.ApplicationPackageManager.getInstalledModules(ApplicationPackageManager.java:1198)", "10-01 09:05:10.026  7783  7783 E AndroidRuntime: \tat com.android.server.am.AppRestrictionController.initSystemModuleNames(AppRestrictionController.java:1602)", "10-01 09:05:10.026  7783  7783 E AndroidRuntime: \tat com.android.server.am.AppRestrictionController.onSystemReady(AppRestrictionController.java:1515)", "10-01 09:05:10.026  7783  7783 E AndroidRuntime: \tat com.android.server.am.ActivityManagerService.systemReady(ActivityManagerService.java:9047)", "10-01 09:05:10.026  7783  7783 E AndroidRuntime: \tat com.android.server.SystemServer.startOtherServices(SystemServer.java:3028)", "10-01 09:05:10.026  7783  7783 E AndroidRuntime: \tat com.android.server.SystemServer.run(SystemServer.java:936)", "10-01 09:05:10.026  7783  7783 E AndroidRuntime: \tat com.android.server.SystemServer.main(SystemServer.java:657)", "10-01 09:05:10.026  7783  7783 E AndroidRuntime: \tat java.lang.reflect.Method.invoke(Native Method)", "10-01 09:05:10.026  7783  7783 E AndroidRuntime: \tat com.android.internal.os.RuntimeInit$MethodAndArgsCaller.run(RuntimeInit.java:580)", "10-01 09:05:10.026  7783  7783 E AndroidRuntime: \tat com.android.internal.os.ZygoteInit.main(ZygoteInit.java:864)"]}
{"check":"console-errors","result":[]}
{"check":"first-frame-warm","result":{"error":"no page target","sockets":[],"targets":[]}}
{"check":"root-start","result":{"error":"no page target","sockets":[],"targets":[]}}
{"check":"session","result":{"error":"no page target","sockets":[],"targets":[]}}
{"check":"ws-hello","result":{"error":"no page target","sockets":[],"targets":[]}}
{"check":"channel-process","result":""}
{"check":"root-log","result":"tail: /data/adb/modules/flutter_webui_counter/webroot/.run/root.log: No such file or directory"}
{"check":"session-mode","result":"ls: /data/adb/modules/flutter_webui_counter/webroot/.run/: No such file or directory"}
cmd: Can't find service: input
cmd: Can't find service: input
cmd: Can't find service: input
{"check":"home-resume","result":{"error":"no page target","sockets":[],"targets":[]}}
cmd: Can't find service: input
{"check":"back-events","result":{"error":"no page target","sockets":[],"targets":[]}}
Can't find service: activity
{"check":"back-at-root","result":""}
cmd: Can't find service: activity








Segmentation fault 
intent path: no page; manager log:
10-01 09:05:38.271  9533  9533 W FactoryHal: hasAidlHalService android.hardware.audio.core.IModule/default: false
10-01 09:05:38.272  9592  9592 E crash_dump64: unable to connect to activity manager: Connection refused
10-01 09:05:38.272   230   230 E tombstoned: Tombstone written to: tombstone_01
10-01 09:05:38.465     0     0 I servicemanager: Caller(pid=9533,uid=1041,sid=u:r:audioserver:s0) Since 'activity' could not be found trying to start it as a lazy AIDL service. (if it's not configured to be a lazy service, it may be stuck starting or still starting).
10-01 09:05:38.467     0     0 I init    : Untracked pid 9592 exited with status 0
10-01 09:05:38.473     0     0 I init    : Untracked pid 9592 did not have an associated service entry and will not be reaped
10-01 09:05:38.482     0     0 I init    : Untracked pid 9597 exited with status 0
10-01 09:05:38.485     0     0 I init    : Untracked pid 9597 did not have an associated service entry and will not be reaped
10-01 09:05:38.489     0     0 E init    : Control message: Could not find 'aidl/activity' for ctl.interface_start from pid: 162 (/system/bin/servicemanager)
10-01 09:05:38.304   162  9604 W libc    : Unable to set property "ctl.interface_start" to "aidl/activity": PROP_ERROR_HANDLE_CONTROL_MESSAGE (0x20)
10-01 09:05:38.495     0     0 I servicemanager: Caller(pid=9533,uid=1041,sid=u:r:audioserver:s0) Tried to start aidl service activity as a lazy service, but was unable to. Usually this happens when a service is not installed, but if the service is intended to be used as a lazy service, then it may be configured incorrectly.
10-01 09:05:38.322  9532  9532 V Zygote64Timing: BeginPreload took to complete: 92ms
10-01 09:05:38.322  9532  9532 I Zygote  : Preloading classes...
10-01 09:05:38.335  9532  9532 W Zygote  : Class not found for preloading: android.app.PendingIntent$$ExternalSyntheticLambda3
10-01 09:05:38.386  9532  9581 I zygote64: Background verification of 158 classes from boot classpath took 62.285ms
10-01 09:05:38.411  9607  9607 W BpBinder: Linking to death on android.gui.ISurfaceComposer but there are no threads (yet?) listening to incoming transactions. See ProcessState::startThreadPool and ProcessState::setThreadPoolMaxThreadCount. Generally you should setup the binder threadpool before other initialization steps.
10-01 09:05:38.412  9607  9607 W ProcessState: Extra binder thread started, but 0 threads requested. Do not use *startThreadPool when zero threads are requested.
10-01 09:05:38.414  9532  9532 I Typeface: Preloading /system/fonts/Roboto-Regular.ttf
10-01 09:05:38.414  9532  9532 I Typeface: Preloading /system/fonts/RobotoStatic-Regular.ttf
10-01 09:05:38.414  9532  9532 I SystemFonts: Loading font config from /system/etc/fonts.xml
10-01 09:05:38.423   163   163 I hwservicemanager: getTransport: Cannot find entry android.hardware.graphics.mapper@4.0::IMapper/default in either framework or device VINTF manifest.
10-01 09:05:38.423  9607  9608 I Gralloc4: mapper 4.x is not supported
10-01 09:05:38.609     0     0 I servicemanager: Caller(pid=9607,uid=0,sid=u:r:su:s0) Could not find android.hardware.graphics.allocator.IAllocator/default in the VINTF manifest. No alternative instances declared in VINTF.
10-01 09:05:38.472  9532  9532 E ActivityRecognitionHardware: activity_recognition HAL is deprecated. class_init is effectively a no-op
10-01 09:05:38.728     0     0 I logd    : logdr: UID=0 GID=0 PID=9609 n tail=0 logMask=99 pid=0 start=0ns deadline=0ns
Traceback (most recent call last):
  File "/home/runner/work/devicelab/devicelab/managers/ui.py", line 98, in <module>
    sys.exit(main())
             ^^^^^^
  File "/home/runner/work/devicelab/devicelab/managers/ui.py", line 58, in main
    root = dump(sys.argv[2] if cmd == "dump" and len(sys.argv) > 2 else None)
           ^^^^^^^^^^^^^^^^^^^^^^^^^^^^^^^^^^^^^^^^^^^^^^^^^^^^^^^^^^^^^^^^^^
  File "/home/runner/work/devicelab/devicelab/managers/ui.py", line 32, in dump
    return ET.fromstring(x.encode())
           ^^^^^^^^^^^^^^^^^^^^^^^^^
  File "/usr/lib/python3.12/xml/etree/ElementTree.py", line 1336, in XML
    return parser.close()
           ^^^^^^^^^^^^^^
xml.etree.ElementTree.ParseError: no element found: line 1, column 0
Traceback (most recent call last):
  File "/home/runner/work/devicelab/devicelab/managers/ui.py", line 98, in <module>
    sys.exit(main())
             ^^^^^^
  File "/home/runner/work/devicelab/devicelab/managers/ui.py", line 58, in main
    root = dump(sys.argv[2] if cmd == "dump" and len(sys.argv) > 2 else None)
           ^^^^^^^^^^^^^^^^^^^^^^^^^^^^^^^^^^^^^^^^^^^^^^^^^^^^^^^^^^^^^^^^^^
  File "/home/runner/work/devicelab/devicelab/managers/ui.py", line 32, in dump
    return ET.fromstring(x.encode())
           ^^^^^^^^^^^^^^^^^^^^^^^^^
  File "/usr/lib/python3.12/xml/etree/ElementTree.py", line 1336, in XML
    return parser.close()
           ^^^^^^^^^^^^^^
xml.etree.ElementTree.ParseError: no element found: line 1, column 0
Traceback (most recent call last):
  File "/home/runner/work/devicelab/devicelab/managers/ui.py", line 98, in <module>
    sys.exit(main())
             ^^^^^^
  File "/home/runner/work/devicelab/devicelab/managers/ui.py", line 52, in main
    w, h = size(); x, y = int(sys.argv[2]) * w // 320, int(sys.argv[3]) * h // 640
           ^^^^^^
  File "/home/runner/work/devicelab/devicelab/managers/ui.py", line 46, in size
    m = re.search(r"(\d+)x(\d+)", adb("shell", "wm", "size").splitlines()[-1])
                                  ~~~~~~~~~~~~~~~~~~~~~~~~~~~~~~~~~~~~~~~^^^^
IndexError: list index out of range
Traceback (most recent call last):
  File "/home/runner/work/devicelab/devicelab/managers/ui.py", line 98, in <module>
    sys.exit(main())
             ^^^^^^
  File "/home/runner/work/devicelab/devicelab/managers/ui.py", line 58, in main
    root = dump(sys.argv[2] if cmd == "dump" and len(sys.argv) > 2 else None)
           ^^^^^^^^^^^^^^^^^^^^^^^^^^^^^^^^^^^^^^^^^^^^^^^^^^^^^^^^^^^^^^^^^^
  File "/home/runner/work/devicelab/devicelab/managers/ui.py", line 32, in dump
    return ET.fromstring(x.encode())
           ^^^^^^^^^^^^^^^^^^^^^^^^^
  File "/usr/lib/python3.12/xml/etree/ElementTree.py", line 1336, in XML
    return parser.close()
           ^^^^^^^^^^^^^^
xml.etree.ElementTree.ParseError: no element found: line 1, column 0
Traceback (most recent call last):
  File "/home/runner/work/devicelab/devicelab/managers/ui.py", line 98, in <module>
    sys.exit(main())
             ^^^^^^
  File "/home/runner/work/devicelab/devicelab/managers/ui.py", line 58, in main
    root = dump(sys.argv[2] if cmd == "dump" and len(sys.argv) > 2 else None)
           ^^^^^^^^^^^^^^^^^^^^^^^^^^^^^^^^^^^^^^^^^^^^^^^^^^^^^^^^^^^^^^^^^^
  File "/home/runner/work/devicelab/devicelab/managers/ui.py", line 32, in dump
    return ET.fromstring(x.encode())
           ^^^^^^^^^^^^^^^^^^^^^^^^^
  File "/usr/lib/python3.12/xml/etree/ElementTree.py", line 1336, in XML
    return parser.close()
           ^^^^^^^^^^^^^^
xml.etree.ElementTree.ParseError: no element found: line 1, column 0
Traceback (most recent call last):
  File "/home/runner/work/devicelab/devicelab/managers/ui.py", line 98, in <module>
    sys.exit(main())
             ^^^^^^
  File "/home/runner/work/devicelab/devicelab/managers/ui.py", line 58, in main
    root = dump(sys.argv[2] if cmd == "dump" and len(sys.argv) > 2 else None)
           ^^^^^^^^^^^^^^^^^^^^^^^^^^^^^^^^^^^^^^^^^^^^^^^^^^^^^^^^^^^^^^^^^^
  File "/home/runner/work/devicelab/devicelab/managers/ui.py", line 32, in dump
    return ET.fromstring(x.encode())
           ^^^^^^^^^^^^^^^^^^^^^^^^^
  File "/usr/lib/python3.12/xml/etree/ElementTree.py", line 1336, in XML
    return parser.close()
           ^^^^^^^^^^^^^^
xml.etree.ElementTree.ParseError: no element found: line 1, column 0
Traceback (most recent call last):
  File "/home/runner/work/devicelab/devicelab/managers/ui.py", line 98, in <module>
    sys.exit(main())
             ^^^^^^
  File "/home/runner/work/devicelab/devicelab/managers/ui.py", line 58, in main
    root = dump(sys.argv[2] if cmd == "dump" and len(sys.argv) > 2 else None)
           ^^^^^^^^^^^^^^^^^^^^^^^^^^^^^^^^^^^^^^^^^^^^^^^^^^^^^^^^^^^^^^^^^^
  File "/home/runner/work/devicelab/devicelab/managers/ui.py", line 32, in dump
    return ET.fromstring(x.encode())
           ^^^^^^^^^^^^^^^^^^^^^^^^^
  File "/usr/lib/python3.12/xml/etree/ElementTree.py", line 1336, in XML
    return parser.close()
           ^^^^^^^^^^^^^^
xml.etree.ElementTree.ParseError: no element found: line 1, column 0
Traceback (most recent call last):
  File "/home/runner/work/devicelab/devicelab/managers/ui.py", line 98, in <module>
    sys.exit(main())
             ^^^^^^
  File "/home/runner/work/devicelab/devicelab/managers/ui.py", line 58, in main
    root = dump(sys.argv[2] if cmd == "dump" and len(sys.argv) > 2 else None)
           ^^^^^^^^^^^^^^^^^^^^^^^^^^^^^^^^^^^^^^^^^^^^^^^^^^^^^^^^^^^^^^^^^^
  File "/home/runner/work/devicelab/devicelab/managers/ui.py", line 32, in dump
    return ET.fromstring(x.encode())
           ^^^^^^^^^^^^^^^^^^^^^^^^^
  File "/usr/lib/python3.12/xml/etree/ElementTree.py", line 1336, in XML
    return parser.close()
           ^^^^^^^^^^^^^^
xml.etree.ElementTree.ParseError: no element found: line 1, column 0
Traceback (most recent call last):
  File "/home/runner/work/devicelab/devicelab/managers/ui.py", line 98, in <module>
    sys.exit(main())
             ^^^^^^
  File "/home/runner/work/devicelab/devicelab/managers/ui.py", line 58, in main
    root = dump(sys.argv[2] if cmd == "dump" and len(sys.argv) > 2 else None)
           ^^^^^^^^^^^^^^^^^^^^^^^^^^^^^^^^^^^^^^^^^^^^^^^^^^^^^^^^^^^^^^^^^^
  File "/home/runner/work/devicelab/devicelab/managers/ui.py", line 32, in dump
    return ET.fromstring(x.encode())
           ^^^^^^^^^^^^^^^^^^^^^^^^^
  File "/usr/lib/python3.12/xml/etree/ElementTree.py", line 1336, in XML
    return parser.close()
           ^^^^^^^^^^^^^^
xml.etree.ElementTree.ParseError: no element found: line 1, column 0
Traceback (most recent call last):
  File "/home/runner/work/devicelab/devicelab/managers/ui.py", line 98, in <module>
    sys.exit(main())
             ^^^^^^
  File "/home/runner/work/devicelab/devicelab/managers/ui.py", line 58, in main
    root = dump(sys.argv[2] if cmd == "dump" and len(sys.argv) > 2 else None)
           ^^^^^^^^^^^^^^^^^^^^^^^^^^^^^^^^^^^^^^^^^^^^^^^^^^^^^^^^^^^^^^^^^^
  File "/home/runner/work/devicelab/devicelab/managers/ui.py", line 32, in dump
    return ET.fromstring(x.encode())
           ^^^^^^^^^^^^^^^^^^^^^^^^^
  File "/usr/lib/python3.12/xml/etree/ElementTree.py", line 1336, in XML
    return parser.close()
           ^^^^^^^^^^^^^^
xml.etree.ElementTree.ParseError: no element found: line 1, column 0
Traceback (most recent call last):
  File "/home/runner/work/devicelab/devicelab/managers/ui.py", line 98, in <module>
    sys.exit(main())
             ^^^^^^
  File "/home/runner/work/devicelab/devicelab/managers/ui.py", line 58, in main
    root = dump(sys.argv[2] if cmd == "dump" and len(sys.argv) > 2 else None)
           ^^^^^^^^^^^^^^^^^^^^^^^^^^^^^^^^^^^^^^^^^^^^^^^^^^^^^^^^^^^^^^^^^^
  File "/home/runner/work/devicelab/devicelab/managers/ui.py", line 32, in dump
    return ET.fromstring(x.encode())
           ^^^^^^^^^^^^^^^^^^^^^^^^^
  File "/usr/lib/python3.12/xml/etree/ElementTree.py", line 1336, in XML
    return parser.close()
           ^^^^^^^^^^^^^^
xml.etree.ElementTree.ParseError: no element found: line 1, column 0












Traceback (most recent call last):
  File "/home/runner/work/devicelab/devicelab/managers/ui.py", line 98, in <module>
    sys.exit(main())
             ^^^^^^
  File "/home/runner/work/devicelab/devicelab/managers/ui.py", line 58, in main
    root = dump(sys.argv[2] if cmd == "dump" and len(sys.argv) > 2 else None)
           ^^^^^^^^^^^^^^^^^^^^^^^^^^^^^^^^^^^^^^^^^^^^^^^^^^^^^^^^^^^^^^^^^^
  File "/home/runner/work/devicelab/devicelab/managers/ui.py", line 32, in dump
    return ET.fromstring(x.encode())
           ^^^^^^^^^^^^^^^^^^^^^^^^^
  File "/usr/lib/python3.12/xml/etree/ElementTree.py", line 1336, in XML
    return parser.close()
           ^^^^^^^^^^^^^^
xml.etree.ElementTree.ParseError: no element found: line 1, column 0
opened: none
{"check":"targets","result":[]}
{"check":"page","result":{"error":"no page target","sockets":[],"targets":[]}}
{"check":"java-exceptions","result":["10-01 09:06:58.565 14441 14441 E System  : \tat com.android.internal.os.RuntimeInit$MethodAndArgsCaller.run(RuntimeInit.java:580)", "10-01 09:06:58.565 14441 14441 E System  : \tat com.android.internal.os.ZygoteInit.main(ZygoteInit.java:864)", "--", "10-01 09:06:58.567 14441 14441 E Zygote  : java.lang.IllegalStateException: Call to getInstalledModules before metadata loaded", "10-01 09:06:58.567 14441 14441 E Zygote  : \tat com.android.server.pm.ModuleInfoProvider.getInstalledModules(ModuleInfoProvider.java:191)", "10-01 09:06:58.567 14441 14441 E Zygote  : \tat com.android.server.pm.IPackageManagerBase.getInstalledModules(IPackageManagerBase.java:481)", "10-01 09:06:58.567 14441 14441 E Zygote  : \tat android.app.ApplicationPackageManager.getInstalledModules(ApplicationPackageManager.java:1198)", "10-01 09:06:58.567 14441 14441 E Zygote  : \tat com.android.server.am.AppRestrictionController.initSystemModuleNames(AppRestrictionController.java:1602)", "10-01 09:06:58.567 14441 14441 E Zygote  : \tat com.android.server.am.AppRestrictionController.onSystemReady(AppRestrictionController.java:1515)", "10-01 09:06:58.567 14441 14441 E Zygote  : \tat com.android.server.am.ActivityManagerService.systemReady(ActivityManagerService.java:9047)", "10-01 09:06:58.567 14441 14441 E Zygote  : \tat com.android.server.SystemServer.startOtherServices(SystemServer.java:3028)", "10-01 09:06:58.567 14441 14441 E Zygote  : \tat com.android.server.SystemServer.run(SystemServer.java:936)", "10-01 09:06:58.567 14441 14441 E Zygote  : \tat com.android.server.SystemServer.main(SystemServer.java:657)", "10-01 09:06:58.567 14441 14441 E Zygote  : \tat java.lang.reflect.Method.invoke(Native Method)", "10-01 09:06:58.567 14441 14441 E Zygote  : \tat com.android.internal.os.RuntimeInit$MethodAndArgsCaller.run(RuntimeInit.java:580)", "10-01 09:06:58.567 14441 14441 E Zygote  : \tat com.android.internal.os.ZygoteInit.main(ZygoteInit.java:864)", "--", "10-01 09:06:58.567 14441 14441 E AndroidRuntime: java.lang.IllegalStateException: Call to getInstalledModules before metadata loaded", "10-01 09:06:58.567 14441 14441 E AndroidRuntime: \tat com.android.server.pm.ModuleInfoProvider.getInstalledModules(ModuleInfoProvider.java:191)", "10-01 09:06:58.567 14441 14441 E AndroidRuntime: \tat com.android.server.pm.IPackageManagerBase.getInstalledModules(IPackageManagerBase.java:481)", "10-01 09:06:58.567 14441 14441 E AndroidRuntime: \tat android.app.ApplicationPackageManager.getInstalledModules(ApplicationPackageManager.java:1198)", "10-01 09:06:58.567 14441 14441 E AndroidRuntime: \tat com.android.server.am.AppRestrictionController.initSystemModuleNames(AppRestrictionController.java:1602)", "10-01 09:06:58.567 14441 14441 E AndroidRuntime: \tat com.android.server.am.AppRestrictionController.onSystemReady(AppRestrictionController.java:1515)", "10-01 09:06:58.567 14441 14441 E AndroidRuntime: \tat com.android.server.am.ActivityManagerService.systemReady(ActivityManagerService.java:9047)", "10-01 09:06:58.567 14441 14441 E AndroidRuntime: \tat com.android.server.SystemServer.startOtherServices(SystemServer.java:3028)", "10-01 09:06:58.567 14441 14441 E AndroidRuntime: \tat com.android.server.SystemServer.run(SystemServer.java:936)", "10-01 09:06:58.567 14441 14441 E AndroidRuntime: \tat com.android.server.SystemServer.main(SystemServer.java:657)", "10-01 09:06:58.567 14441 14441 E AndroidRuntime: \tat java.lang.reflect.Method.invoke(Native Method)", "10-01 09:06:58.567 14441 14441 E AndroidRuntime: \tat com.android.internal.os.RuntimeInit$MethodAndArgsCaller.run(RuntimeInit.java:580)", "10-01 09:06:58.567 14441 14441 E AndroidRuntime: \tat com.android.internal.os.ZygoteInit.main(ZygoteInit.java:864)", "10-01 09:06:58.572 14441 14569 E WifiChipAidlImpl: setMultiStaUseCase failed with service-specific exception: android.os.ServiceSpecificException:  (code 4)", "10-01 09:06:58.573 14441 14569 E WifiChipAidlImpl: setMultiStaPrimaryConnection failed with service-specific exception: android.os.ServiceSpecificException:  (code 4)", "10-01 09:06:58.574 14441 14569 D WifiCountryCode: evaluateAllCmmStateAndApplyIfAllReady: {ConcreteClientModeManager{id=875990 iface=wlan0 role=ROLE_CLIENT_PRIMARY}=true}", "10-01 09:06:58.575 14441 14441 I DropBoxManagerService: add tag=system_server_crash isTagEnabled=true flags=0x2", "10-01 09:06:58.580 14441 14569 D WifiCountryCode: Reading country code from telephony", "10-01 09:06:58.581 14441 14569 D WifiCountryCode: Set telephony country code to: ", "10-01 09:06:58.581 14441 14569 D WifiCountryCode: updateCountryCode to null", "10-01 09:06:58.582 14441 14569 D WakeupController: onWifiEnabled()", "10-01 09:06:58.582 14441 14569 D WifiClientModeImpl[876305:wlan0]: entering ConnectableState: ifaceName = wlan0", "10-01 09:06:58.589 14441 14441 I Process : Sending signal. PID: 14441 SIG: 9"]}
{"check":"console-errors","result":[]}
{"check":"first-frame-warm","result":{"error":"no page target","sockets":[],"targets":[]}}
cmd: Can't find service: activity








Segmentation fault 
intent path: no page; manager log:
10-01 09:07:08.493 15264 15264 F DEBUG   :     rbp 0000000000000001  rsp 00007ffc30daa220  rip 00007f30ae10330b
10-01 09:07:08.493 15264 15264 F DEBUG   : 13 total frames
10-01 09:07:08.493 15264 15264 F DEBUG   : backtrace:
10-01 09:07:08.493 15264 15264 F DEBUG   :       #00 pc 00000000000b830b  /apex/com.android.runtime/lib64/bionic/libc.so (mstep+427) (BuildId: eb58b4d427279994f00c0e1818477e4f)
10-01 09:07:08.493 15264 15264 F DEBUG   :       #01 pc 00000000000b7537  /apex/com.android.runtime/lib64/bionic/libc.so (mwalk+1415) (BuildId: eb58b4d427279994f00c0e1818477e4f)
10-01 09:07:08.493 15264 15264 F DEBUG   :       #02 pc 00000000000b697d  /apex/com.android.runtime/lib64/bionic/libc.so (regexec+2829) (BuildId: eb58b4d427279994f00c0e1818477e4f)
10-01 09:07:08.493 15264 15264 F DEBUG   :       #03 pc 000000000003897f  /system/bin/toybox (regexec0+61) (BuildId: 0cbd8b725f6e1025db298c652095d356)
10-01 09:07:08.493 15264 15264 F DEBUG   :       #04 pc 000000000004cf15  /system/bin/toybox (do_grep+991) (BuildId: 0cbd8b725f6e1025db298c652095d356)
10-01 09:07:08.493 15264 15264 F DEBUG   :       #05 pc 000000000004d835  /system/bin/toybox (do_grep_r+311) (BuildId: 0cbd8b725f6e1025db298c652095d356)
10-01 09:07:08.493 15264 15264 F DEBUG   :       #06 pc 00000000000358a8  /system/bin/toybox (dirtree_handle_callback.llvm.2910373161557995379+39) (BuildId: 0cbd8b725f6e1025db298c652095d356)
10-01 09:07:08.493 15264 15264 F DEBUG   :       #07 pc 000000000003581b  /system/bin/toybox (dirtree_recurse+430) (BuildId: 0cbd8b725f6e1025db298c652095d356)
10-01 09:07:08.493 15264 15264 F DEBUG   :       #08 pc 0000000000035913  /system/bin/toybox (dirtree_handle_callback.llvm.2910373161557995379+146) (BuildId: 0cbd8b725f6e1025db298c652095d356)
10-01 09:07:08.493 15264 15264 F DEBUG   :       #09 pc 000000000004cac1  /system/bin/toybox (grep_main+1618) (BuildId: 0cbd8b725f6e1025db298c652095d356)
10-01 09:07:08.493 15264 15264 F DEBUG   :       #10 pc 000000000003c7c1  /system/bin/toybox (toybox_main+633) (BuildId: 0cbd8b725f6e1025db298c652095d356)
10-01 09:07:08.493 15264 15264 F DEBUG   :       #11 pc 000000000003cd8d  /system/bin/toybox (main+94) (BuildId: 0cbd8b725f6e1025db298c652095d356)
10-01 09:07:08.493 15264 15264 F DEBUG   :       #12 pc 0000000000057c82  /apex/com.android.runtime/lib64/bionic/libc.so (__libc_init+114) (BuildId: eb58b4d427279994f00c0e1818477e4f)
10-01 09:07:08.682     0     0 I logd    : logdr: UID=0 GID=0 PID=15264 n tail=500 logMask=1 pid=15259 start=0ns deadline=0ns
10-01 09:07:08.494   230   230 E tombstoned: Tombstone written to: tombstone_02
10-01 09:07:08.687     0     0 I init    : Untracked pid 15264 exited with status 0
10-01 09:07:08.690     0     0 I init    : Untracked pid 15264 did not have an associated service entry and will not be reaped
10-01 09:07:08.691     0     0 I init    : Untracked pid 15266 exited with status 0
10-01 09:07:08.693     0     0 I init    : Untracked pid 15266 did not have an associated service entry and will not be reaped
10-01 09:07:08.579   163   163 I hwservicemanager: getTransport: Cannot find entry android.hardware.graphics.mapper@4.0::IMapper/default in either framework or device VINTF manifest.
10-01 09:07:08.767     0     0 I servicemanager: Caller(pid=15271,uid=0,sid=u:r:su:s0) Could not find android.hardware.graphics.allocator.IAllocator/default in the VINTF manifest. No alternative instances declared in VINTF.
10-01 09:07:08.835     0     0 I logd    : logdr: UID=0 GID=0 PID=15273 n tail=0 logMask=99 pid=0 start=0ns deadline=0ns
Traceback (most recent call last):
  File "/home/runner/work/devicelab/devicelab/managers/ui.py", line 98, in <module>
    sys.exit(main())
             ^^^^^^
  File "/home/runner/work/devicelab/devicelab/managers/ui.py", line 58, in main
    root = dump(sys.argv[2] if cmd == "dump" and len(sys.argv) > 2 else None)
           ^^^^^^^^^^^^^^^^^^^^^^^^^^^^^^^^^^^^^^^^^^^^^^^^^^^^^^^^^^^^^^^^^^
  File "/home/runner/work/devicelab/devicelab/managers/ui.py", line 32, in dump
    return ET.fromstring(x.encode())
           ^^^^^^^^^^^^^^^^^^^^^^^^^
  File "/usr/lib/python3.12/xml/etree/ElementTree.py", line 1336, in XML
    return parser.close()
           ^^^^^^^^^^^^^^
xml.etree.ElementTree.ParseError: no element found: line 1, column 0
Traceback (most recent call last):
  File "/home/runner/work/devicelab/devicelab/managers/ui.py", line 98, in <module>
    sys.exit(main())
             ^^^^^^
  File "/home/runner/work/devicelab/devicelab/managers/ui.py", line 58, in main
    root = dump(sys.argv[2] if cmd == "dump" and len(sys.argv) > 2 else None)
           ^^^^^^^^^^^^^^^^^^^^^^^^^^^^^^^^^^^^^^^^^^^^^^^^^^^^^^^^^^^^^^^^^^
  File "/home/runner/work/devicelab/devicelab/managers/ui.py", line 32, in dump
    return ET.fromstring(x.encode())
           ^^^^^^^^^^^^^^^^^^^^^^^^^
  File "/usr/lib/python3.12/xml/etree/ElementTree.py", line 1336, in XML
    return parser.close()
           ^^^^^^^^^^^^^^
xml.etree.ElementTree.ParseError: no element found: line 1, column 0
ui: tapped 160,152
Traceback (most recent call last):
  File "/home/runner/work/devicelab/devicelab/managers/ui.py", line 98, in <module>
    sys.exit(main())
             ^^^^^^
  File "/home/runner/work/devicelab/devicelab/managers/ui.py", line 58, in main
    root = dump(sys.argv[2] if cmd == "dump" and len(sys.argv) > 2 else None)
           ^^^^^^^^^^^^^^^^^^^^^^^^^^^^^^^^^^^^^^^^^^^^^^^^^^^^^^^^^^^^^^^^^^
  File "/home/runner/work/devicelab/devicelab/managers/ui.py", line 32, in dump
    return ET.fromstring(x.encode())
           ^^^^^^^^^^^^^^^^^^^^^^^^^
  File "/usr/lib/python3.12/xml/etree/ElementTree.py", line 1336, in XML
    return parser.close()
           ^^^^^^^^^^^^^^
xml.etree.ElementTree.ParseError: no element found: line 1, column 0
Traceback (most recent call last):
  File "/home/runner/work/devicelab/devicelab/managers/ui.py", line 98, in <module>
    sys.exit(main())
             ^^^^^^
  File "/home/runner/work/devicelab/devicelab/managers/ui.py", line 58, in main
    root = dump(sys.argv[2] if cmd == "dump" and len(sys.argv) > 2 else None)
           ^^^^^^^^^^^^^^^^^^^^^^^^^^^^^^^^^^^^^^^^^^^^^^^^^^^^^^^^^^^^^^^^^^
  File "/home/runner/work/devicelab/devicelab/managers/ui.py", line 32, in dump
    return ET.fromstring(x.encode())
           ^^^^^^^^^^^^^^^^^^^^^^^^^
  File "/usr/lib/python3.12/xml/etree/ElementTree.py", line 1336, in XML
    return parser.close()
           ^^^^^^^^^^^^^^
xml.etree.ElementTree.ParseError: no element found: line 1, column 0
Traceback (most recent call last):
  File "/home/runner/work/devicelab/devicelab/managers/ui.py", line 98, in <module>
    sys.exit(main())
             ^^^^^^
  File "/home/runner/work/devicelab/devicelab/managers/ui.py", line 58, in main
    root = dump(sys.argv[2] if cmd == "dump" and len(sys.argv) > 2 else None)
           ^^^^^^^^^^^^^^^^^^^^^^^^^^^^^^^^^^^^^^^^^^^^^^^^^^^^^^^^^^^^^^^^^^
  File "/home/runner/work/devicelab/devicelab/managers/ui.py", line 32, in dump
    return ET.fromstring(x.encode())
           ^^^^^^^^^^^^^^^^^^^^^^^^^
  File "/usr/lib/python3.12/xml/etree/ElementTree.py", line 1336, in XML
    return parser.close()
           ^^^^^^^^^^^^^^
xml.etree.ElementTree.ParseError: no element found: line 1, column 0
Traceback (most recent call last):
  File "/home/runner/work/devicelab/devicelab/managers/ui.py", line 98, in <module>
    sys.exit(main())
             ^^^^^^
  File "/home/runner/work/devicelab/devicelab/managers/ui.py", line 58, in main
    root = dump(sys.argv[2] if cmd == "dump" and len(sys.argv) > 2 else None)
           ^^^^^^^^^^^^^^^^^^^^^^^^^^^^^^^^^^^^^^^^^^^^^^^^^^^^^^^^^^^^^^^^^^
  File "/home/runner/work/devicelab/devicelab/managers/ui.py", line 32, in dump
    return ET.fromstring(x.encode())
           ^^^^^^^^^^^^^^^^^^^^^^^^^
  File "/usr/lib/python3.12/xml/etree/ElementTree.py", line 1336, in XML
    return parser.close()
           ^^^^^^^^^^^^^^
xml.etree.ElementTree.ParseError: no element found: line 1, column 0
Traceback (most recent call last):
  File "/home/runner/work/devicelab/devicelab/managers/ui.py", line 98, in <module>
    sys.exit(main())
             ^^^^^^
  File "/home/runner/work/devicelab/devicelab/managers/ui.py", line 58, in main
    root = dump(sys.argv[2] if cmd == "dump" and len(sys.argv) > 2 else None)
           ^^^^^^^^^^^^^^^^^^^^^^^^^^^^^^^^^^^^^^^^^^^^^^^^^^^^^^^^^^^^^^^^^^
  File "/home/runner/work/devicelab/devicelab/managers/ui.py", line 32, in dump
    return ET.fromstring(x.encode())
           ^^^^^^^^^^^^^^^^^^^^^^^^^
  File "/usr/lib/python3.12/xml/etree/ElementTree.py", line 1336, in XML
    return parser.close()
           ^^^^^^^^^^^^^^
xml.etree.ElementTree.ParseError: no element found: line 1, column 0
Traceback (most recent call last):
  File "/home/runner/work/devicelab/devicelab/managers/ui.py", line 98, in <module>
    sys.exit(main())
             ^^^^^^
  File "/home/runner/work/devicelab/devicelab/managers/ui.py", line 58, in main
    root = dump(sys.argv[2] if cmd == "dump" and len(sys.argv) > 2 else None)
           ^^^^^^^^^^^^^^^^^^^^^^^^^^^^^^^^^^^^^^^^^^^^^^^^^^^^^^^^^^^^^^^^^^
  File "/home/runner/work/devicelab/devicelab/managers/ui.py", line 32, in dump
    return ET.fromstring(x.encode())
           ^^^^^^^^^^^^^^^^^^^^^^^^^
  File "/usr/lib/python3.12/xml/etree/ElementTree.py", line 1336, in XML
    return parser.close()
           ^^^^^^^^^^^^^^
xml.etree.ElementTree.ParseError: no element found: line 1, column 0
Traceback (most recent call last):
  File "/home/runner/work/devicelab/devicelab/managers/ui.py", line 98, in <module>
    sys.exit(main())
             ^^^^^^
  File "/home/runner/work/devicelab/devicelab/managers/ui.py", line 58, in main
    root = dump(sys.argv[2] if cmd == "dump" and len(sys.argv) > 2 else None)
           ^^^^^^^^^^^^^^^^^^^^^^^^^^^^^^^^^^^^^^^^^^^^^^^^^^^^^^^^^^^^^^^^^^
  File "/home/runner/work/devicelab/devicelab/managers/ui.py", line 32, in dump
    return ET.fromstring(x.encode())
           ^^^^^^^^^^^^^^^^^^^^^^^^^
  File "/usr/lib/python3.12/xml/etree/ElementTree.py", line 1336, in XML
    return parser.close()
           ^^^^^^^^^^^^^^
xml.etree.ElementTree.ParseError: no element found: line 1, column 0
Traceback (most recent call last):
  File "/home/runner/work/devicelab/devicelab/managers/ui.py", line 98, in <module>
    sys.exit(main())
             ^^^^^^
  File "/home/runner/work/devicelab/devicelab/managers/ui.py", line 58, in main
    root = dump(sys.argv[2] if cmd == "dump" and len(sys.argv) > 2 else None)
           ^^^^^^^^^^^^^^^^^^^^^^^^^^^^^^^^^^^^^^^^^^^^^^^^^^^^^^^^^^^^^^^^^^
  File "/home/runner/work/devicelab/devicelab/managers/ui.py", line 32, in dump
    return ET.fromstring(x.encode())
           ^^^^^^^^^^^^^^^^^^^^^^^^^
  File "/usr/lib/python3.12/xml/etree/ElementTree.py", line 1336, in XML
    return parser.close()
           ^^^^^^^^^^^^^^
xml.etree.ElementTree.ParseError: no element found: line 1, column 0












Traceback (most recent call last):
  File "/home/runner/work/devicelab/devicelab/managers/ui.py", line 98, in <module>
    sys.exit(main())
             ^^^^^^
  File "/home/runner/work/devicelab/devicelab/managers/ui.py", line 58, in main
    root = dump(sys.argv[2] if cmd == "dump" and len(sys.argv) > 2 else None)
           ^^^^^^^^^^^^^^^^^^^^^^^^^^^^^^^^^^^^^^^^^^^^^^^^^^^^^^^^^^^^^^^^^^
  File "/home/runner/work/devicelab/devicelab/managers/ui.py", line 32, in dump
    return ET.fromstring(x.encode())
           ^^^^^^^^^^^^^^^^^^^^^^^^^
  File "/usr/lib/python3.12/xml/etree/ElementTree.py", line 1336, in XML
    return parser.close()
           ^^^^^^^^^^^^^^
xml.etree.ElementTree.ParseError: no element found: line 1, column 0
opened: none
{"check":"targets","result":[]}
{"check":"page","result":{"error":"no page target","sockets":[],"targets":[]}}
{"check":"java-exceptions","result":["10-01 09:08:33.668 20363 20363 E Zygote  : \tat com.android.server.am.AppRestrictionController.initSystemModuleNames(AppRestrictionController.java:1602)", "10-01 09:08:33.668 20363 20363 E Zygote  : \tat com.android.server.am.AppRestrictionController.onSystemReady(AppRestrictionController.java:1515)", "10-01 09:08:33.668 20363 20363 E Zygote  : \tat com.android.server.am.ActivityManagerService.systemReady(ActivityManagerService.java:9047)", "10-01 09:08:33.668 20363 20363 E Zygote  : \tat com.android.server.SystemServer.startOtherServices(SystemServer.java:3028)", "10-01 09:08:33.668 20363 20363 E Zygote  : \tat com.android.server.SystemServer.run(SystemServer.java:936)", "10-01 09:08:33.668 20363 20363 E Zygote  : \tat com.android.server.SystemServer.main(SystemServer.java:657)", "10-01 09:08:33.668 20363 20363 E Zygote  : \tat java.lang.reflect.Method.invoke(Native Method)", "10-01 09:08:33.668 20363 20363 E Zygote  : \tat com.android.internal.os.RuntimeInit$MethodAndArgsCaller.run(RuntimeInit.java:580)", "10-01 09:08:33.668 20363 20363 E Zygote  : \tat com.android.internal.os.ZygoteInit.main(ZygoteInit.java:864)", "--", "10-01 09:08:33.668 20363 20363 E AndroidRuntime: java.lang.IllegalStateException: Call to getInstalledModules before metadata loaded", "10-01 09:08:33.668 20363 20363 E AndroidRuntime: \tat com.android.server.pm.ModuleInfoProvider.getInstalledModules(ModuleInfoProvider.java:191)", "10-01 09:08:33.668 20363 20363 E AndroidRuntime: \tat com.android.server.pm.IPackageManagerBase.getInstalledModules(IPackageManagerBase.java:481)", "10-01 09:08:33.668 20363 20363 E AndroidRuntime: \tat android.app.ApplicationPackageManager.getInstalledModules(ApplicationPackageManager.java:1198)", "10-01 09:08:33.668 20363 20363 E AndroidRuntime: \tat com.android.server.am.AppRestrictionController.initSystemModuleNames(AppRestrictionController.java:1602)", "10-01 09:08:33.668 20363 20363 E AndroidRuntime: \tat com.android.server.am.AppRestrictionController.onSystemReady(AppRestrictionController.java:1515)", "10-01 09:08:33.668 20363 20363 E AndroidRuntime: \tat com.android.server.am.ActivityManagerService.systemReady(ActivityManagerService.java:9047)", "10-01 09:08:33.668 20363 20363 E AndroidRuntime: \tat com.android.server.SystemServer.startOtherServices(SystemServer.java:3028)", "10-01 09:08:33.668 20363 20363 E AndroidRuntime: \tat com.android.server.SystemServer.run(SystemServer.java:936)", "10-01 09:08:33.668 20363 20363 E AndroidRuntime: \tat com.android.server.SystemServer.main(SystemServer.java:657)", "10-01 09:08:33.668 20363 20363 E AndroidRuntime: \tat java.lang.reflect.Method.invoke(Native Method)", "10-01 09:08:33.668 20363 20363 E AndroidRuntime: \tat com.android.internal.os.RuntimeInit$MethodAndArgsCaller.run(RuntimeInit.java:580)", "10-01 09:08:33.668 20363 20363 E AndroidRuntime: \tat com.android.internal.os.ZygoteInit.main(ZygoteInit.java:864)", "--", "10-01 09:08:33.673 20363 20499 E WifiStaIfaceAidlImpl: getBackgroundScanCapabilities failed with service-specific exception: android.os.ServiceSpecificException:  (code 4)", "10-01 09:08:33.674 20363 20495 E WifiChipAidlImpl: setMultiStaUseCase failed with service-specific exception: android.os.ServiceSpecificException:  (code 4)", "10-01 09:08:33.677 20363 20363 I DropBoxManagerService: add tag=system_server_crash isTagEnabled=true flags=0x2", "10-01 09:08:33.680 20363 20495 E WifiChipAidlImpl: setMultiStaPrimaryConnection failed with service-specific exception: android.os.ServiceSpecificException:  (code 4)", "10-01 09:08:33.680 20363 20495 D WifiCountryCode: evaluateAllCmmStateAndApplyIfAllReady: {ConcreteClientModeManager{id=971245 iface=wlan0 role=ROLE_CLIENT_PRIMARY}=true}", "10-01 09:08:33.681 20363 20495 D WifiCountryCode: Reading country code from telephony", "10-01 09:08:33.684 20363 20363 I Process : Sending signal. PID: 20363 SIG: 9", "10-01 09:08:34.120   161   161 I lowmemorykiller: lmkd data connection dropped", "10-01 09:08:34.120   161   161 I lowmemorykiller: closing lmkd data connection", "10-01 09:08:34.309 20302 20302 E Zygote  : Zygote failed to write to system_server FD: Connection refused", "10-01 09:08:34.310 20302 20302 I Zygote  : Process 20363 exited due to signal 9 (Killed)", "10-01 09:08:34.310 20302 20302 E Zygote  : Exit zygote because system server (pid 20363) has terminated", "10-01 09:08:34.500     0     0 I binder  : undelivered TRANSACTION_COMPLETE", "10-01 09:08:34.501     0     0 I binder  : undelivered transaction 1108393, process died.", "10-01 09:08:34.504     0     0 I binder  : 20359:20309 cannot find target node", "10-01 09:08:34.313   403   411 E IPCThreadState: attemptIncStrongHandle(3): Not supported"]}
{"check":"console-errors","result":[]}
{"check":"first-frame-warm","result":{"error":"no page target","sockets":[],"targets":[]}}
{"error":"no page target","sockets":[],"targets":[]}
{"check":"home","result":{"error":"no page target","sockets":[],"targets":[]}}
{"check":"tap-places","result":{"error":"no page target","sockets":[],"targets":[]}}
{"check":"places","result":{"error":"no page target","sockets":[],"targets":[]}}
{"check":"tap-strategy","result":{"error":"no page target","sockets":[],"targets":[]}}
{"check":"strategy","result":{"error":"no page target","sockets":[],"targets":[]}}
{"check":"tap-lifecycle","result":{"error":"no page target","sockets":[],"targets":[]}}
{"check":"tap-root-process","result":{"error":"no page target","sockets":[],"targets":[]}}
{"check":"tap-start","result":{"error":"no page target","sockets":[],"targets":[]}}
{"check":"lifecycle-running","result":{"error":"no page target","sockets":[],"targets":[]}}
cmd: Can't find service: input
cmd: Can't find service: input
cmd: Can't find service: window
cmd: Can't find service: input
{"check":"lifecycle-after-home","result":{"error":"no page target","sockets":[],"targets":[]}}
{"check":"root-process","result":""}
{"check":"mount","result":"mount: mounting overlay on /product/app failed: Invalid argument\noverlay failed: 255\nmagic mount ok\ntotal 0\ndrwxrwxrwx  2 root root u:object_r:system_file:s0   40 2026-10-01 08:54 .\ndrwxr-xr-x 30 root root u:object_r:system_file:s0  600 2026-10-01 08:54 ..\n/dev/block/dm-3 /product ext4 ro,seclabel,relatime 0 0\ntmpfs /dev/app_plane_app tmpfs rw,seclabel,relatime,mode=755 0 0\n/dev/block/dm-3 /dev/app_plane_app/CalendarGooglePrebuilt ext4 ro,seclabel,relatime 0 0\n/dev/block/dm-3 /dev/app_plane_app/Camera2 ext4 ro,seclabel,relatime 0 0\n/dev/block/dm-3 /dev/app_plane_app/Chrome ext4 ro,seclabel,relatime 0 0\n/dev/block/dm-3 /dev/app_plane_app/Chrome-Stub ext4 ro,seclabel,relatime 0 0\n/dev/block/dm-3 /dev/app_plane_app/Drive ext4 ro,seclabel,relatime 0 0\n/dev/block/dm-3 /dev/app_plane_app/GoogleContacts ext4 ro,seclabel,relatime 0 0\n/dev/block/dm-3 /dev/app_plane_app/GoogleTTS ext4 ro,seclabel,relatime 0 0\n/dev/block/dm-3 /dev/app_plane_app/LatinIMEGooglePrebuilt ext4 ro,seclabel,relatime 0 0\n/dev/block/dm-3 /dev/app_plane_app/LicenseChecker ext4 ro,seclabel,relatime 0 0\n/dev/block/dm-3 /dev/app_plane_app/Maps ext4 ro,seclabel,relatime 0 0"}
Error with service 'package' while dumping: DEAD_OBJECT
{"check":"package","result":"cmd: Failure calling service package: Broken pipe (32)"}
/home/runner/work/devicelab/devicelab/out/sockprobe: 1 file pushed, 0 skipped. 143.7 MB/s (3475681 bytes in 0.023s)
cmd: Can't find service: activity
Broadcasting: Intent { flg=0x1400020 cmp=com.webui.termux.api/com.termux.api.TermuxApiReceiver (has extras) }

Exception occurred while executing 'broadcast':
java.lang.IllegalStateException: Cannot broadcast before boot completed
	at com.android.server.am.ActivityManagerService.verifyBroadcastLocked(ActivityManagerService.java:16263)
	at com.android.server.am.ActivityManagerService.broadcastIntentWithFeature(ActivityManagerService.java:16311)
	at com.android.server.am.ActivityManagerShellCommand.runSendBroadcast(ActivityManagerShellCommand.java:1004)
	at com.android.server.am.ActivityManagerShellCommand.onCommand(ActivityManagerShellCommand.java:276)
	at com.android.modules.utils.BasicShellCommandHandler.exec(BasicShellCommandHandler.java:97)
	at android.os.ShellCommand.exec(ShellCommand.java:38)
	at com.android.server.am.ActivityManagerService.onShellCommand(ActivityManagerService.java:10471)
	at android.os.Binder.shellCommand(Binder.java:1230)
	at android.os.Binder.onTransact(Binder.java:1043)
	at android.app.IActivityManager$Stub.onTransact(IActivityManager.java:5675)
	at com.android.server.am.ActivityManagerService.onTransact(ActivityManagerService.java:2812)
	at android.os.Binder.execTransactInternal(Binder.java:1505)
	at android.os.Binder.execTransact(Binder.java:1444)
{"check":"broadcast","result":"cmd: Can't find service: activity\nBroadcasting: Intent { flg=0x1400020 cmp=com.webui.termux.api/com.termux.api.TermuxApiReceiver (has extras) }\n\nException occurred while executing 'broadcast':\njava.lang.IllegalStateException: Cannot broadcast before boot completed\n\tat com.android.server.am.ActivityManagerService.verifyBroadcastLocked(ActivityManagerService.java:16263)\n\tat com.android.server.am.ActivityManagerService.broadcastIntentWithFeature(ActivityManagerService.java:16311)\n\tat com.android.server.am.ActivityManagerShellCommand.runSendBroadcast(ActivityManagerShellCommand.java:1004)\n\tat com.android.server.am.ActivityManagerShellCommand.onCommand(ActivityManagerShellCommand.java:276)\n\tat com.android.modules.utils.BasicShellCommandHandler.exec(BasicShellCommandHandler.java:97)\n\tat android.os.ShellCommand.exec(ShellCommand.java:38)\n\tat com.android.server.am.ActivityManagerService.onShellCommand(ActivityManagerService.java:10471)\n\tat android.os.Binder.shellCommand(Binder.java:1230)\n\tat android.os.Binder.onTransact(Binder.java:1043)\n\tat android.app.IActivityManager$Stub.onTransact(IActivityManager.java:5675)\n\tat com.android.server.am.ActivityManagerService.onTransact(ActivityManagerService.java:2812)\n\tat android.os.Binder.execTransactInternal(Binder.java:1505)\n\tat android.os.Binder.execTransact(Binder.java:1444)"}
{"check":"app-process","result":""}
{"check":"listener-module","result":"{\"context\":\"u:r:su:s0\",\"event\":\"start\",\"names\":[\"wx_ksu_out\",\"wx_ksu_in\"],\"uid\":0}"}
{"check":"listener-su","result":"{\"context\":\"u:r:su:s0\",\"event\":\"start\",\"names\":[\"wx_su_out\",\"wx_su_in\"],\"uid\":0}"}
{"check":"avc","result":"10-01 09:09:32.551 23827 23827 W PackageManager: Failed to parse /product/app/WebuiTermuxApi: No packages found in split\n10-01 09:09:32.894   490  5878 D installd: Found quota mount /dev/block/dm-46 at /dev/app_plane_app/WebuiTermuxApi\n10-01 09:09:33.141   490  5878 D installd: Found quota mount /dev/block/dm-46 at /dev/app_plane_app/WebuiTermuxApi\n10-01 09:09:33.148   490  5878 D installd: Found quota mount /dev/block/dm-46 at /dev/app_plane_app/WebuiTermuxApi\n10-01 09:09:33.149   490  5878 D installd: Found quota mount /dev/block/dm-46 at /dev/app_plane_app/WebuiTermuxApi\n10-01 09:09:36.797   490  5878 D installd: Found quota mount /dev/block/dm-46 at /dev/app_plane_app/WebuiTermuxApi\n10-01 09:09:37.576 24102 24102 W PackageManager: Failed to parse /product/app/WebuiTermuxApi: No packages found in split\n10-01 09:09:37.921   490  5878 D installd: Found quota mount /dev/block/dm-46 at /dev/app_plane_app/WebuiTermuxApi\n10-01 09:09:38.170   490  5878 D installd: Found quota mount /dev/block/dm-46 at /dev/app_plane_app/WebuiTermuxApi\n10-01 09:09:38.177   490  5878 D installd: Found quota mount /dev/block/dm-46 at /dev/app_plane_app/WebuiTermuxApi\n10-01 09:09:38.178   490  5878 D installd: Found quota mount /dev/block/dm-46 at /dev/app_plane_app/WebuiTermuxApi\n10-01 09:09:38.795 24102 24165 I ActivityManager: Broadcasting: Intent { flg=0x1400020 cmp=com.webui.termux.api/com.termux.api.TermuxApiReceiver (has extras) }\n10-01 09:09:38.796 24102 24165 E ActivityManager: Attempt to launch receivers of broadcast intent Intent { flg=0x1400020 cmp=com.webui.termux.api/com.termux.api.TermuxApiReceiver (has extras) } before boot completion\n10-01 09:09:41.866   490  5878 D installd: Found quota mount /dev/block/dm-46 at /dev/app_plane_app/WebuiTermuxApi\n10-01 09:09:42.688 24384 24384 W PackageManager: Failed to parse /product/app/WebuiTermuxApi: No packages found in split\n10-01 09:09:43.049   490  5878 D installd: Found quota mount /dev/block/dm-46 at /dev/app_plane_app/WebuiTermuxApi\n10-01 09:09:43.279   490  5878 D installd: Found quota mount /dev/block/dm-46 at /dev/app_plane_app/WebuiTermuxApi\n10-01 09:09:43.285   490  5878 D installd: Found quota mount /dev/block/dm-46 at /dev/app_plane_app/WebuiTermuxApi\n10-01 09:09:43.286   490  5878 D installd: Found quota mount /dev/block/dm-46 at /dev/app_plane_app/WebuiTermuxApi\n10-01 09:09:46.843   490  5878 D installd: Found quota mount /dev/block/dm-46 at /dev/app_plane_app/WebuiTermuxApi\n10-01 09:09:48.090 24661 24661 W PackageManager: Failed to parse /product/app/WebuiTermuxApi: No packages found in split\n10-01 09:09:48.644   490   507 D installd: Found quota mount /dev/block/dm-46 at /dev/app_plane_app/WebuiTermuxApi\n10-01 09:09:49.162   490   507 D installd: Found quota mount /dev/block/dm-46 at /dev/app_plane_app/WebuiTermuxApi\n10-01 09:09:49.168   490   507 D installd: Found quota mount /dev/block/dm-46 at /dev/app_plane_app/WebuiTermuxApi\n10-01 09:09:49.171   490  5878 D installd: Found quota mount /dev/block/dm-46 at /dev/app_plane_app/WebuiTermuxApi"}
SELinux: Loaded file context from:
		/system/etc/selinux/plat_file_contexts
		/system_ext/etc/selinux/system_ext_file_contexts
		/vendor/etc/selinux/vendor_file_contexts
SELinux:	Could not look up information for package com.webui.termux.api, cannot restorecon /data/data/com.webui.termux.api/files/devicelab.
SELinux: Could not set context for /data/data/com.webui.termux.api/files/devicelab:  No such file or directory
restorecon: restorecon failed: /data/data/com.webui.termux.api/files/devicelab
{"check":"restorecon","result":"u:object_r:system_data_file:s0 /data/data/com.webui.termux.api\nu:object_r:system_data_file:s0 /data/data/com.webui.termux.api/files/devicelab/probe.txt"}
app uid: 
