yes: standard output: Broken pipe
Auto-selecting single ABI x86_64
Do you wish to create a custom hardware profile? [no] lab.avd
lab.ini
emulator Android emulator version 37.2.12.0 (build_id 16428233) (CL:N/A)
* daemon not running; starting now at tcp:5037
* daemon started successfully
booted in 29s: google/sdk_gphone64_x86_64/emu64xa:15/AE3A.240806.043/12960925:userdebug/dev-keys
kernel 6.6.50-android15-8-g8adecb593e9b-ab12525588 -> kmi android15-6.6; tiann/KernelSU v3.3.0
total 16428
drwx------  2 runner runner     4096 Oct  2 02:30 .
drwxrwxrwt 16 root   root       4096 Oct  2 02:30 ..
-rw-r--r--  1 runner runner 10777987 Oct  2 02:30 KernelSU_v3.3.0_32601-release.apk
-rw-r--r--  1 runner runner  5713312 Oct  2 02:30 ksud-x86_64-linux-android
-rw-r--r--  1 runner runner   318824 Oct  2 02:30 lkm-x86_64-android15-6.6_kernelsu.ko
== manager installed (me.weishu.kernelsu, KernelSU_v3.3.0_32601-release.apk)
/tmp/tmp.oORPuu8L7z/lkm-x86_64-android15-6.6_kernelsu.ko: 1 file pushed, 0 skipped. 3.3 MB/s (318824 bytes in 0.091s)
/tmp/tmp.oORPuu8L7z/ksud-x86_64-linux-android: 1 file pushed, 0 skipped. 131.4 MB/s (5713312 bytes in 0.041s)
== ksud: ksud 3.3.0 (uapi: 2)
== ksud late-load: rc=0
== ksud insmod /data/adb/kernelsu.ko: Loaded kernel module: /data/adb/kernelsu.ko
rc=0
kernelsu              159744  0 
== lsmod: kernelsu              159744  0 
KernelSU_v3.3.0_32601-release.apk
ksud-aarch64-apple-darwin
ksud-aarch64-linux-android
ksud-aarch64-unknown-linux-musl
ksud-x86_64-apple-darwin
ksud-x86_64-linux-android
ksud-x86_64-pc-windows-gnu.exe
ksud-x86_64-unknown-linux-musl
ksuinit-aarch64
ksuinit-x86_64
lkm-aarch64-android12-5.10_kernelsu.ko
lkm-aarch64-android13-5.10_kernelsu.ko
lkm-aarch64-android13-5.15_kernelsu.ko
lkm-aarch64-android14-5.15_kernelsu.ko
lkm-aarch64-android14-6.1_kernelsu.ko
lkm-aarch64-android15-6.6_kernelsu.ko
lkm-aarch64-android16-6.12_kernelsu.ko
lkm-aarch64-android17-6.18_kernelsu.ko
lkm-x86_64-android12-5.10_kernelsu.ko
lkm-x86_64-android13-5.10_kernelsu.ko
lkm-x86_64-android13-5.15_kernelsu.ko
lkm-x86_64-android14-5.15_kernelsu.ko
lkm-x86_64-android14-6.1_kernelsu.ko
lkm-x86_64-android15-6.6_kernelsu.ko
lkm-x86_64-android16-6.12_kernelsu.ko
lkm-x86_64-android17-6.18_kernelsu.ko
== no metamodule asset in tiann/KernelSU v3.3.0
/home/runner/work/devicelab/devicelab/modules/probe/./: 2 files pushed, 0 skipped. 0.0 MB/s (1474 bytes in 0.049s)
== modules: [
  {
    "name": "devicelab probe",
    "versionCode": "1",
    "update": "false",
    "description": "Observation module for devicelab. Its WebUI page is driven over DevTools.",
    "remove": "false",
    "action": "false",
    "id": "devicelab_probe",
    "mount": "false",
    "web": "true",
    "version": "1",
    "author": "p0g-stack",
    "enabled": "true"
  }
]
SELinux: Loaded file context from:
		/system/etc/selinux/plat_file_contexts
		/system_ext/etc/selinux/system_ext_file_contexts
		/vendor/etc/selinux/vendor_file_contexts
== home text: text="LKM" text="Working [Jailbreak mode]" text="Version: 32601-2" text="Manager version" text="v3.3.0 (32601-2)" text="Kernel version" text="6.6.50-android15-8-g8adecb593e9b-ab12525588" text="Device model" text="Google sdk_gphone64_x86_64" text="Fingerprint" text="google/sdk_gphone64_x86_64/emu64xa:15/AE3A.240806.043/12960925:userdebug/dev-keys" text="Enforcing" text="KernelSU" text="Home" text="Superuser" text="1" text="Module" text="Settings" 
== manager activities: me.weishu.kernelsu/.magica.BootCompletedReceiver me.weishu.kernelsu/.ui.MainActivity me.weishu.kernelsu/androidx.core.content.FileProvider me.weishu.kernelsu/androidx.profileinstaller.ProfileInstallReceiver me.weishu.kernelsu/androidx.startup.InitializationProvider 
== metamodule releases backslashxx/mountify: 204 Latest 204 2026-08-25T05:14:18Z;203  203 2026-06-25T15:03:16Z;202  202 2026-06-23T03:45:32Z;
== metamodule candidate backslashxx/mountify mountify.zip: id=mountify version=v2.0.4 versionCode=204 metamodule=true 
== metamodule repo (given): backslashxx/mountify
== metamodule zip: mountify.zip sha256 dde361c444f6990b759890720487785402a391a61cf6530f960deb98e5ef864d
== metamodule module.prop: id=mountify name=mountify version=v2.0.4 versionCode=204 author=xx, KOWX712 metamodule=true description=Globally mounted modules via OverlayFS. updateJson=https://raw.githubusercontent.com/backslashxx/mountify/master/update.json 
/tmp/tmp.YSV6SxqUQI/rel/mountify.zip: 1 file pushed, 0 skipped. 119.4 MB/s (554873 bytes in 0.004s)
== install mountify.zip
[H[J[|]
[H[J[\]
[H[J[+] mountify
[+] SysReq test
[+] CONFIG_OVERLAY_FS
[+] overlay found in /proc/filesystems
[+] CONFIG_TMPFS_XATTR
[+] tmpfs extended attribute test passed
[!] using fresh config.sh
[+] moving modules.txt
[+] moving whiteouts.txt
[+] mountify will be installed in metamodule mode!
- Done
- Creating metamodule symlink
- Module installed successfully!
== soft-reboot: 
== after soft-reboot (43s): [
  {
    "web": "true",
    "action": "false",
    "mount": "false",
    "enabled": "true",
    "remove": "false",
    "version": "1",
    "name": "devicelab probe",
    "versionCode": "1",
    "author": "p0g-stack",
    "update": "false",
    "id": "devicelab_probe",
    "description": "Observation module for devicelab. Its WebUI page is driven over DevTools."
  },
  {
    "author": "xx, KOWX712",
    "description": "mode: auto 🤖 | fstype: tmpfs 🦾 | no modules mounted",
    "web": "true",
    "version": "v2.0.4",
    "id": "mountify",
    "name": "mountify",
    "action": "true",
    "mount": "false",
    "enabled": "true",
    "updateJson": "https://raw.githubusercontent.com/backslashxx/mountify/master/update.json",
    "remove": "false",
    "versionCode": "204",
    "update": "false",
    "metamodule": "true"
  }
]
total 32
drwxrwxrwx 4 root root 4096 2026-10-02 02:31 .
drwx------ 6 root root 4096 2026-10-02 02:31 ..
drwxr-xr-x 3 root root 4096 2026-10-02 02:30 devicelab_probe
drwxr-xr-x 5 root root 4096 2026-10-02 02:31 mountify
== metamodule active: lrwxrwxrwx 1 root root 26 2026-10-02 02:31 /data/adb/metamodule -> /data/adb/modules/mountify id=mountify name=mountify version=v2.0.4 versionCode=204 author=xx, KOWX712 metamodule=true description=mode: auto 🤖 | fstype: tmpfs 🦾 | no modules mounted updateJson=https://raw.githubusercontent.com/backslashxx/mountify/master/update.json 
inputs/modules/flutter_webui_counter-0.1.5.zip: 1 file pushed, 0 skipped. 153.7 MB/s (21434766 bytes in 0.133s)
== install flutter_webui_counter-0.1.5.zip
  inflating: webroot/fonts/notocoloremoji/v32/Yq6P-KqIXTD0t4D9z1ESnKM3-HpFabsE4tq3luCC7p-aXxcn.3.woff2
  inflating: webroot/fonts/notocoloremoji/v32/Yq6P-KqIXTD0t4D9z1ESnKM3-HpFabsE4tq3luCC7p-aXxcn.8.woff2
  inflating: webroot/fonts/notocoloremoji/v32/Yq6P-KqIXTD0t4D9z1ESnKM3-HpFabsE4tq3luCC7p-aXxcn.2.woff2
   creating: webroot/fonts/notosansmath/
   creating: webroot/fonts/notosansmath/v15/
  inflating: webroot/fonts/notosansmath/v15/7Aump_cpkSecTWaHRlH2hyV5UHkD-V048PW0.woff2
   creating: webroot/fonts/roboto/
   creating: webroot/fonts/roboto/v32/
  inflating: webroot/fonts/roboto/v32/KFOmCnqEu92Fr1Me4GZLCzYlKw.woff2
  inflating: webroot/.last_build_id
  inflating: webroot/config.json
  inflating: webroot/flutter_webui.js
  inflating: customize.sh
- Done
- Module installed successfully!
inputs/modules/counter-v1.0.0.zip: 1 file pushed, 0 skipped. 176.5 MB/s (6582359 bytes in 0.036s)
== install counter-v1.0.0.zip
  inflating: webroot/canvaskit/chromium/canvaskit.wasm
  inflating: webroot/config.json
  inflating: webroot/favicon.png
  inflating: webroot/flutter.js
  inflating: webroot/flutter_bootstrap.js
  inflating: webroot/icons/Icon-192.png
  inflating: webroot/icons/Icon-512.png
  inflating: webroot/icons/Icon-maskable-192.png
  inflating: webroot/icons/Icon-maskable-512.png
  inflating: webroot/index.html
  inflating: webroot/main.dart.js
  inflating: webroot/manifest.json
  inflating: webroot/version.json
- Done
- Module installed successfully!
inputs/modules/demo.zip: 1 file pushed, 0 skipped. 221.7 MB/s (28109334 bytes in 0.121s)
== install demo.zip
  inflating: webroot/main.dart.js
  inflating: webroot/manifest.json
  inflating: webroot/pkg/.gitignore
  inflating: webroot/pkg/demo_native.js
  inflating: webroot/pkg/demo_native_bg.wasm
  inflating: webroot/pkg/package.json
  inflating: webroot/version.json
  inflating: webroot/workers/demo_service.web.g.dart.js
  inflating: webroot/workers/hello_service.web.g.dart.js
  inflating: webui_app_plane/arm64-v8a/webui_termux_api.aot
  inflating: webui_app_plane/termux-api
  inflating: webui_app_plane/x86_64/webui_termux_api.aot
- Done
- Handle partition /product
- Module installed successfully!
/home/runner/work/devicelab/devicelab/envdump.zip: 1 file pushed, 0 skipped. 10.4 MB/s (1766 bytes in 0.000s)
== install envdump.zip
 devicelab envdump 
 by p0g-stack 
*******************
*********************
 Powered by KernelSU 
*********************
Archive:  /data/local/tmp/m.zip
  inflating: customize.sh
- Extracting module files
Archive:  /data/local/tmp/m.zip
  inflating: module.prop
  inflating: customize.sh
- devicelab envdump: written /data/local/tmp/customize-env.txt
- Done
- Module installed successfully!
== soft-reboot: 
== after soft-reboot (44s): [
  {
    "update": "false",
    "action": "false",
    "mount": "false",
    "description": "Observation module for devicelab. Its WebUI page is driven over DevTools.",
    "author": "p0g-stack",
    "id": "devicelab_probe",
    "name": "devicelab probe",
    "remove": "false",
    "enabled": "true",
    "version": "1",
    "web": "true",
    "versionCode": "1"
  },
  {
    "web": "true",
    "versionCode": "204",
    "action": "true",
    "description": "mode: auto 🤖 | fstype: tmpfs 🦾 | modules: demo  ",
    "remove": "false",
    "mount": "false",
    "update": "false",
    "id": "mountify",
    "name": "mountify",
    "version": "v2.0.4",
    "author": "xx, KOWX712",
    "metamodule": "true",
    "enabled": "true",
    "updateJson": "https://raw.githubusercontent.com/backslashxx/mountify/master/update.json"
  },
  {
    "remove": "false",
    "web": "true",
    "version": "0.1.5",
    "enabled": "true",
    "description": "Stock Flutter counter app on flutter-webui (devicelab bring-up build).",
    "id": "flutter_webui_counter",
    "update": "false",
    "name": "flutter-webui Counter",
    "mount": "false",
    "action": "false",
    "versionCode": "6",
    "author": "p0g-stack"
  },
  {
    "version": "v1.0.0",
    "update": "false",
    "action": "false",
    "web": "true",
    "enabled": "true",
    "versionCode": "1",
    "name": "Counter",
    "id": "counter",
    "author": "Yuv",
    "mount": "false",
    "description": "A new Flutter project.",
    "remove"
total 64
drwxrwxrwx 8 root root 4096 2026-10-02 02:32 .
drwx------ 6 root root 4096 2026-10-02 02:31 ..
drwxr-xr-x 3 root root 4096 2026-10-02 02:32 counter
drwxr-xr-x 7 root root 4096 2026-10-02 02:32 demo
drwxr-xr-x 2 root root 4096 2026-10-02 02:32 devicelab_envdump
drwxr-xr-x 3 root root 4096 2026-10-02 02:30 devicelab_probe
drwxr-xr-x 4 root root 4096 2026-10-02 02:31 flutter_webui_counter
drwxr-xr-x 5 root root 4096 2026-10-02 02:32 mountify
/home/runner/work/devicelab/devicelab/out/labserver: 1 file pushed, 0 skipped. 208.7 MB/s (7843260 bytes in 0.036s)
Starting: Intent { cmp=me.weishu.kernelsu/.ui.webui.WebUIActivity (has extras) }
Status: ok
Activity: me.weishu.kernelsu/.ui.webui.WebUIActivity








Status: ok








Segmentation fault 
intent path: no page; manager log:
10-02 02:33:11.982 11103 11110 W weishu.kernelsu: ApkAssets: Deleting an ApkAssets object '<empty> and /system_ext/priv-app/SettingsGoogle/SettingsGoogle.apk' with 1 weak references
10-02 02:33:11.982 11103 11110 W weishu.kernelsu: ApkAssets: Deleting an ApkAssets object '/product/overlay/SettingsGoogle__sdk_gphone64_x86_64__auto_generated_rro_product.apk' with 1 weak references
10-02 02:33:11.982 11103 11110 W weishu.kernelsu: ApkAssets: Deleting an ApkAssets object '<empty> and /product/priv-app/SettingsIntelligenceGooglePrebuilt/SettingsIntelligenceGooglePrebuilt.apk' with 1 weak references
10-02 02:33:11.982 11103 11110 W weishu.kernelsu: ApkAssets: Deleting an ApkAssets object '<empty> and /system_ext/priv-app/ThemePicker/ThemePicker.apk' with 1 weak references
10-02 02:33:11.982 11103 11110 W weishu.kernelsu: ApkAssets: Deleting an ApkAssets object '<empty> and /system_ext/priv-app/WallpaperPickerGoogleRelease/WallpaperPickerGoogleRelease.apk' with 1 weak references
10-02 02:33:11.983 11103 11110 W weishu.kernelsu: ApkAssets: Deleting an ApkAssets object '<empty> and /product/priv-app/OdadPrebuilt/OdadPrebuilt.apk' with 1 weak references
10-02 02:33:11.983 11103 11110 W weishu.kernelsu: ApkAssets: Deleting an ApkAssets object '<empty> and /system/priv-app/TeleService/TeleService.apk' with 1 weak references
10-02 02:33:11.983 11103 11110 W weishu.kernelsu: ApkAssets: Deleting an ApkAssets object '/vendor/overlay/TeleService__sdk_gphone64_x86_64__auto_generated_rro_vendor.apk' with 1 weak references
10-02 02:33:11.983 11103 11110 W weishu.kernelsu: ApkAssets: Deleting an ApkAssets object '/product/overlay/TeleService__sdk_gphone64_x86_64__auto_generated_rro_product.apk' with 1 weak references
10-02 02:33:11.983 11103 11110 W weishu.kernelsu: ApkAssets: Deleting an ApkAssets object '<empty> and /system/priv-app/Shell/Shell.apk' with 1 weak references
10-02 02:33:11.983 11103 11110 W weishu.kernelsu: ApkAssets: Deleting an ApkAssets object '<empty> and /system/priv-app/BlockedNumberProvider/BlockedNumberProvider.apk' with 1 weak references
10-02 02:33:11.984 11103 11110 W weishu.kernelsu: ApkAssets: Deleting an ApkAssets object '<empty> and /system/priv-app/UserDictionaryProvider/UserDictionaryProvider.apk' with 1 weak references
10-02 02:33:11.984 11103 11110 W weishu.kernelsu: ApkAssets: Deleting an ApkAssets object '<empty> and /system_ext/app/EmergencyInfoGoogleNoUi/EmergencyInfoGoogleNoUi.apk' with 1 weak references
10-02 02:33:11.984 11103 11110 W weishu.kernelsu: ApkAssets: Deleting an ApkAssets object '<empty> and /system/priv-app/FusedLocation/FusedLocation.apk' with 1 weak references
10-02 02:33:11.984 11103 11110 W weishu.kernelsu: ApkAssets: Deleting an ApkAssets object '<empty> and /system_ext/priv-app/SystemUIGoogle/SystemUIGoogle.apk' with 1 weak references
10-02 02:33:11.984 11103 11110 W weishu.kernelsu: ApkAssets: Deleting an ApkAssets object '/vendor/overlay/SystemUIGoogle__sdk_gphone64_x86_64__auto_generated_rro_vendor.apk' with 1 weak references
10-02 02:33:11.984 11103 11110 W weishu.kernelsu: ApkAssets: Deleting an ApkAssets object '/product/overlay/SystemUIGoogle__sdk_gphone64_x86_64__auto_generated_rro_product.apk' with 1 weak references
10-02 02:33:11.985 11103 11110 W weishu.kernelsu: ApkAssets: Deleting an ApkAssets object '<empty> and /product/app/YouTubeMusicPrebuilt/YouTubeMusicPrebuilt.apk' with 1 weak references
10-02 02:33:11.985 11103 11110 W weishu.kernelsu: ApkAssets: Deleting an ApkAssets object '<empty> and /system/app/BluetoothMidiService/BluetoothMidiService.apk' with 1 weak references
10-02 02:33:11.985 11103 11110 W weishu.kernelsu: ApkAssets: Deleting an ApkAssets object '<empty> and /system/app/Traceur/Traceur.apk' with 1 weak references
10-02 02:33:11.985 11103 11110 W weishu.kernelsu: ApkAssets: Deleting an ApkAssets object '<empty> and /apex/com.android.cellbroadcast/priv-app/GoogleCellBroadcastApp@350820300/GoogleCellBroadcastApp.apk' with 1 weak references
10-02 02:33:11.986 11103 11110 W weishu.kernelsu: ApkAssets: Deleting an ApkAssets object '<empty> and /system/priv-app/ContactsProvider/ContactsProvider.apk' with 1 weak references
10-02 02:33:11.986 11103 11110 W weishu.kernelsu: ApkAssets: Deleting an ApkAssets object '/product/overlay/ContactsProvider__sdk_gphone64_x86_64__auto_generated_rro_product.apk' with 1 weak references
10-02 02:33:11.986 11103 11110 W weishu.kernelsu: ApkAssets: Deleting an ApkAssets object '<empty> and /product/app/LatinIMEGooglePrebuilt/LatinIMEGooglePrebuilt.apk' with 1 weak references
10-02 02:33:11.986 11103 11110 W weishu.kernelsu: ApkAssets: Deleting an ApkAssets object '<empty> and /product/priv-app/GoogleRestorePrebuilt-v526684/GoogleRestorePrebuilt-v526684.apk' with 1 weak references
ui: dismissed ANR dialog
ui: tapped 'Module' at 200,584
ui: tapped 160,152
[0,0][320,640] devicelab probe | search | Clean | Cancel | devicelab probe | Version: 1 | Author: p0g-stack | Observation module for de
[12,40][235,88] devicelab probe | search | Clean
[185,40][233,88] Clean
[251,40][304,88] Cancel
[12,98][308,267] devicelab probe | Version: 1 | Author: p0g-stack | Observation module for devicelab. Its WebUI page is driven over DevTo
[243,116][292,164] 
[28,210][110,258] Open | Open
[186,210][292,258] Uninstall
[0,552][80,616] Home
[80,552][160,616] Superuser
[240,552][320,616] Settings
ui: tapped 'Open' at 69,234
https://mui.kernelsu.org/index.html
    * Hist  #1: ActivityRecord{1b6b92 u0 me.weishu.kernelsu/.ui.webui.WebUIActivity t12}
      packageName=me.weishu.kernelsu processName=me.weishu.kernelsu
      launchedFromUid=10209 launchedFromPackage=me.weishu.kernelsu launchedFromFeature=null userId=0
      app=ProcessRecord{5abd194 11103:me.weishu.kernelsu/u0a209}
      Intent { dat=ksu://webui?id=devicelab_probe&token=714b6cf14104b564af0cbe0170cda5edecb4c4cfbed82ffb71dcf622e31234d8 flg=0x80000 cmp=me.weishu.kernelsu/.ui.webui.WebUIActivity }
opened: ui
{"check":"targets","result":[{"socket": "webview_devtools_remote_11103", "type": "page", "url": "https://mui.kernelsu.org/index.html", "title": "devicelab probe"}]}
{"check":"globals","result":{"url":"https://mui.kernelsu.org/index.html","socket":"webview_devtools_remote_11103","value":{"ua":"Mozilla/5.0 (Linux; Android 15; sdk_gphone64_x86_64 Build/AE3A.240806.043; wv) AppleWebKit/537.36 (KHTML, like Gecko) Version/4.0 Chrome/124.0.6367.219 Mobile Safari/537.36","origin":"https://mui.kernelsu.org","href":"https://mui.kernelsu.org/index.html","globals":["ksu"],"ksu":["enableEdgeToEdge","exec","exit","fullScreen","getPackagesInfo","listPackages","moduleInfo","spawn","toast","enableEdgeToEdge","exec","exit","fullScreen","getPackagesInfo","listPackages","moduleInfo","spawn","toast"]}}}
{"check":"ksu-exec","result":{"url":"https://mui.kernelsu.org/index.html","socket":"webview_devtools_remote_11103","value":{"code":0,"out":"uid=0(root) gid=0(root) groups=0(root) context=u:r:ksu:s0\nu:r:ksu:s0\u0000","err":""}}}
{"check":"ws-loopback","result":{"url":"https://mui.kernelsu.org/index.html","socket":"webview_devtools_remote_11103","value":{"got":["{\"origin\":\"https://mui.kernelsu.org\",\"peerUid\":10209,\"remote\":\"127.0.0.1:35374\",\"serverUid\":0,\"t\":1790908431834,\"uidSource\":\"/proc/net/tcp\"}","hi"],"ms":33}}}
{"check":"fetch-loopback","result":{"url":"https://mui.kernelsu.org/index.html","socket":"webview_devtools_remote_11103","value":{"origin":"https://mui.kernelsu.org","peerUid":10209,"remote":"127.0.0.1:35376","serverUid":0,"t":1790908431992,"uidSource":"/proc/net/tcp"}}}
{"check":"webview-uid","result":["webview_zygote 1053 webview_zygote", "u0_a209      10209 me.weishu.kernelsu", "u0_a151      10151 com.google.android.webview:webview_service", "u0_i9000     99000 com.google.android.webview:sandboxed_process0:org.chromium.content.app.SandboxedProcessService0:0", "u0_a151      10151 com.google.android.webview:webview_apk"]}
{"check":"while-home-heartbeat","result":{"url":"https://mui.kernelsu.org/index.html","socket":"webview_devtools_remote_11103","value":{"now":10266,"vis":"hidden"}}}
{"check":"lifecycle","result":{"url":"https://mui.kernelsu.org/index.html","socket":"webview_devtools_remote_11103","value":{"events":[{"type":"pageshow","t":328,"vis":"visible"},{"type":"visibilitychange","t":4145,"vis":"hidden"},{"type":"visibilitychange","t":12406,"vis":"visible"}],"gaps":[{"from":4071,"ms":1129,"vis":"hidden"},{"from":10200,"ms":1001,"vis":"hidden"}],"slow":{"heldMs":3000,"sentAt":1790908435156,"resolvedAt":1790908435158,"vis":"hidden"}}}}
{"check":"dev-url","result":{"url":"http://127.0.0.1:8090/index.html","socket":"webview_devtools_remote_11103","value":{"href":"http://127.0.0.1:8090/index.html","ksu":"object","webui":"undefined","globals":["ksu"],"exec":{"code":0,"out":"uid=0(root) gid=0(root) groups=0(root) context=u:r:ksu:s0","err":""}}}}
Starting: Intent { cmp=me.weishu.kernelsu/.ui.webui.WebUIActivity (has extras) }
Status: ok
Activity: me.weishu.kernelsu/.ui.webui.WebUIActivity








Status: ok








Segmentation fault 
Status: ok
https://mui.kernelsu.org/index.html
token found in manager data: 714b6cf14104b564af0cbe0170cda5edecb4c4cfbed82ffb71dcf622e31234d8
opened: intent-token
{"check":"targets","result":[{"type": "page", "url": "https://mui.kernelsu.org/index.html", "title": "Flutter Demo"}]}
{"check":"page","result":{"url":"https://mui.kernelsu.org/index.html","socket":"webview_devtools_remote_11772","value":{"href":"https://mui.kernelsu.org/index.html","title":"Flutter Demo","ready":"complete","flutter":true,"glass":true,"nav":{"dcl":289,"load":577},"paint":{"first-paint":1177,"first-contentful-paint":1990},"glassAt":"present","firstFrame":null,"insets":"24px","vv":[320,640,1]}}}
{"check":"java-exceptions","result":["10-02 02:34:34.320  9304  9342 W GLSUser : \tat etvr.s(:com.google.android.gms@242335041@24.23.35 (190800-646585959):21)", "10-02 02:34:34.320  9304  9342 W GLSUser : \tat etvr.get(:com.google.android.gms@242335041@24.23.35 (190800-646585959):10)", "10-02 02:34:34.320  9304  9342 W GLSUser : \tat yfw.b(:com.google.android.gms@242335041@24.23.35 (190800-646585959):477)", "10-02 02:34:34.320  9304  9342 W GLSUser : \tat yfu.b(:com.google.android.gms@242335041@24.23.35 (190800-646585959):31)", "10-02 02:34:34.320  9304  9342 W GLSUser : \tat yfp.a(:com.google.android.gms@242335041@24.23.35 (190800-646585959):1)", "10-02 02:34:34.320  9304  9342 W GLSUser : \tat yfs.a(:com.google.android.gms@242335041@24.23.35 (190800-646585959):58)", "10-02 02:34:34.320  9304  9342 W GLSUser : \tat uou.call(:com.google.android.gms@242335041@24.23.35 (190800-646585959):56)", "10-02 02:34:34.320  9304  9342 W GLSUser : \tat java.util.concurrent.FutureTask.run(FutureTask.java:264)", "10-02 02:34:34.320  9304  9342 W GLSUser : \tat angs.c(:com.google.android.gms@242335041@24.23.35 (190800-646585959):50)", "10-02 02:34:34.320  9304  9342 W GLSUser : \tat angs.run(:com.google.android.gms@242335041@24.23.35 (190800-646585959):76)", "10-02 02:34:34.320  9304  9342 W GLSUser : \tat java.util.concurrent.ThreadPoolExecutor.runWorker(ThreadPoolExecutor.java:1145)", "10-02 02:34:34.320  9304  9342 W GLSUser : \tat java.util.concurrent.ThreadPoolExecutor$Worker.run(ThreadPoolExecutor.java:644)", "--", "10-02 02:34:34.320  9304  9342 W GLSUser : Caused by: bpcw: Parse Proto Exception with response code 400", "10-02 02:34:34.320  9304  9342 W GLSUser : \tat bpdw.b(:com.google.android.gms@242335041@24.23.35 (190800-646585959):80)", "10-02 02:34:34.320  9304  9342 W GLSUser : \tat bpgb.e(:com.google.android.gms@242335041@24.23.35 (190800-646585959):17)", "10-02 02:34:34.320  9304  9342 W GLSUser : \tat bpgp.onSucceeded(:com.google.android.gms@242335041@24.23.35 (190800-646585959):7)", "10-02 02:34:34.320  9304  9342 W GLSUser : \tat m.mw.onSucceeded(:com.google.android.gms.dynamite_cronetdynamite@242335041@24.23.35 (190800-0):3)", "10-02 02:34:34.320  9304  9342 W GLSUser : \tat m.lt.run(:com.google.android.gms.dynamite_cronetdynamite@242335041@24.23.35 (190800-0):25)", "10-02 02:34:34.320  9304  9342 W GLSUser : \t... 6 more", "10-02 02:34:34.320  9304  9342 W GLSUser : Caused by: fkhe: Protocol message contained an invalid tag (zero).", "10-02 02:34:34.320  9304  9342 W GLSUser : \tat fkea.k(:com.google.android.gms@242335041@24.23.35 (190800-646585959):39)", "10-02 02:34:34.320  9304  9342 W GLSUser : \tat fkid.c(:com.google.android.gms@242335041@24.23.35 (190800-646585959):309)", "10-02 02:34:34.320  9304  9342 W GLSUser : \tat fkid.i(:com.google.android.gms@242335041@24.23.35 (190800-646585959):8)", "10-02 02:34:34.320  9304  9342 W GLSUser : \tat fkgi.fe(:com.google.android.gms@242335041@24.23.35 (190800-646585959):25)", "10-02 02:34:34.320  9304  9342 W GLSUser : \tat fkgc.g(:com.google.android.gms@242335041@24.23.35 (190800-646585959):3)", "--", "10-02 02:34:35.693  9304  9990 I ChimeraSrvcProxy: NullBinder for android.net.action.RECOMMEND_NETWORKS triggering remote TransactionTooLargeException due to Service without Chimera impl", "10-02 02:34:35.693  9304  9990 W .gms.persistent: Large reply transaction of 1056768 bytes, interface descriptor , code 1", "10-02 02:34:36.112  9735  9735 D BoundBrokerSvc: onUnbind: Intent { act=com.google.android.gms.common.BIND_SHARED_PREFS pkg=com.google.android.gms }", "10-02 02:34:36.268 11997 11997 W BpBinder: Linking to death on android.gui.ISurfaceComposer but there are no threads (yet?) listening to incoming transactions. See ProcessState::startThreadPool and ProcessState::setThreadPoolMaxThreadCount. Generally you should setup the binder threadpool before other initialization steps.", "10-02 02:34:36.268 11997 11997 W ProcessState: Extra binder thread started, but 0 threads requested. Do not use *startThreadPool when zero threads are requested.", "10-02 02:34:36.275   169   169 I hwservicemanager: getTransport: Cannot find entry android.hardware.graphics.mapper@4.0::IMapper/default in either framework or device VINTF manifest.", "10-02 02:34:36.275 11997 11998 I Gralloc4: mapper 4.x is not supported", "10-02 02:34:36.456     0     0 I servicemanager: Caller(pid=11997,uid=0,sid=u:r:su:s0) Could not find android.hardware.graphics.allocator.IAllocator/default in the VINTF manifest. No alternative instances declared in VINTF.", "10-02 02:34:39.280  8842  9167 D OomAdjuster: Not killing cached processes", "10-02 02:34:39.322  8842  8994 D InetDiagMessage: Destroyed 0 sockets, proto=IPPROTO_TCP, family=AF_INET, states=14", "10-02 02:34:39.323  8842  8994 D InetDiagMessage: Destroyed 0 sockets, proto=IPPROTO_TCP, family=AF_INET6, states=14", "10-02 02:34:39.323  8842  8994 D InetDiagMessage: Destroyed live tcp sockets for uids={10203} in 1ms", "10-02 02:34:39.323  8842  8994 D InetDiagMessage: Destroyed 0 sockets, proto=IPPROTO_TCP, family=AF_INET, states=14"]}
{"check":"console-errors","result":["--------- beginning of main", "10-02 02:34:29.102 11772 11900 E chromium: [1002/023429.101405:ERROR:variations_seed_loader.cc(37)] Seed missing signature.", "10-02 02:34:29.102 11772 11900 I chromium: [1002/023429.102179:INFO:variations_seed_loader.cc(66)] Failed to open file for reading.: No such file or directory (2)", "10-02 02:34:29.276 11906 11937 W chromium: [WARNING:runtime_features.cc(694)] SharedStorage for M118+ cannot be enabled in this configuration. Use --enable-features=SharedStorageAPI,SharedStorageAPIM118 in addition.", "10-02 02:34:29.277 11906 11937 W chromium: [WARNING:runtime_features.cc(730)] AttributionReportingCrossAppWeb cannot be enabled in this configuration. Use --enable-features=ConversionMeasurement,AttributionReportingCrossAppWeb in addition.", "10-02 02:34:29.376 11906 11937 I chromium: [INFO:viewport_data.cc(133)] E2E_Used ViewportFitCover", "10-02 02:34:29.528 11772 11772 I chromium: [INFO:CONSOLE(3)] \"Injecting <script> tag. Using callback.\", source: https://mui.kernelsu.org/flutter_bootstrap.js (3)"]}
{"check":"first-frame-warm","result":{"url":"https://mui.kernelsu.org/index.html","socket":"webview_devtools_remote_11772","value":{"firstFrameMs":385,"now":15053,"flutter":true,"resizes":[],"paint":{"first-paint":782,"first-contentful-paint":782},"calls":[[36,"at-preload","ksu:undefined webui:undefined"],[40,"ksu-defined"],[53,"wrap-failed","exec"],[57,"wrap-failed","spawn"],[59,"wrap-failed","moduleInfo"],[59,"wrap-failed","fullScreen"],[61,"wrap-failed","enableEdgeToEdge"],[62,"wrap-failed","toast"],[62,"wrap-failed","exit"]],"resources":[["/internal/insets.css",32,63,"link",0],["/flutter_webui.css",32,80,"link",0],["/flutter_webui.js",32,81,"script",0],["/flutter_bootstrap.js",32,79,"script",0],["/canvaskit/chromium/canvaskit.wasm",115,156,"fetch",0],["/canvaskit/chromium/canvaskit.js",115,135,"other",0],["/main.dart.js",116,143,"script",0],["/assets/FontManifest.json",309,319,"fetch",0],["/favicon.ico",312,315,"other",0],["/assets/fonts/MaterialIcons-Regular.otf",320,332,"fetch",0],["/assets/packages/cupertino_icons/assets/CupertinoIcons.ttf",320,333,"fetch",0],["/assets/fonts/fallback/Roboto-Regular.ttf",321,333,"fetch",0]],"marks":[["flutter_webui:register",335],["flutter_webui:registered",337],["flutter_webui:first-frame",385]],"measures":[],"fonts":[]}}}
{"check":"root-start","result":{"url":"https://mui.kernelsu.org/index.html","socket":"webview_devtools_remote_11772","value":{"code":0,"out":"","err":"","ms":73}}}
{"check":"session","result":{"url":"https://mui.kernelsu.org/index.html","socket":"webview_devtools_remote_11772","value":{"status":200,"ms":19,"protocol":1,"version":"0.1.0","port":38007,"pid":12043,"tokenLen":43}}}
{"check":"ws-hello","result":{"url":"https://mui.kernelsu.org/index.html","socket":"webview_devtools_remote_11772","value":{"first":"{\"op\":\"hello\",\"protocol\":1,\"version\":\"0.1.0\",\"pid\":12043,\"boot\":\"4d5c4bbc-efbb-40db-898a-d68fd1550086\",\"uid\":0,\"moduleDir\":\"/data/adb/modules/flutter_webui_counter\"}"}}}
{"check":"channel-process","result":"USER           UID LABEL                            PID NAME                       \nroot             0 u:r:ksu:s0                     12043 ld-linux-x86-64.so.2\nexe=/data/adb/modules/flutter_webui_counter/flutter_webui/x86_64/ld-linux-x86-64.so.2\n/data/adb/modules/flutter_webui_counter/flutter_webui/x86_64/ld-linux-x86-64.so.2 --library-path /data/adb/modules/flutter_webui_counter/flutter_webui/x86_64 /data/adb/modules/flutter_webui_counter/flutter_webui/x86_64/dartaotruntime /data/adb/modules/flutter_webui_counter/flutter_webui/x86_64/flutter_webui_root.aot serve --module-dir /data/adb/modules/flutter_webui_counter \narm64-v8a\nroot\nx86_64\n/data/adb/modules/flutter_webui_counter/flutter_webui/arm64-v8a:\ndartaotruntime\nflutter_webui_root.aot\nld-linux-aarch64.so.1\nlibc.so.6\nlibdl.so.2\nlibm.so.6\nlibpthread.so.0\n\n/data/adb/modules/flutter_webui_counter/flutter_webui/x86_64:\ndartaotruntime\nflutter_webui_root.aot\nld-linux-x86-64.so.2\nlibc.so.6\nlibdl.so.2\nlibm.so.6\nlibpthread.so.0"}
{"check":"root-log","result":"2026-10-02T02:35:01.282233 listening on 127.0.0.1:38007"}
{"check":"session-mode","result":"total 44\ndrwx--x--x 3 root root 4096 2026-10-02 02:35 .\ndrwxr-xr-x 7 root root 4096 2026-10-02 02:35 ..\n-rw------- 1 root root    0 2026-10-02 02:35 lock\ndrwx------ 2 root root 4096 2026-10-02 02:35 proc\n-rw------- 1 root root   56 2026-10-02 02:35 root.log\n-rw-r--r-- 1 root root  197 2026-10-02 02:35 session.json"}
{"check":"home-resume","result":{"url":"https://mui.kernelsu.org/index.html","socket":"webview_devtools_remote_11772","value":{"events":[["visibilitychange","hidden",15958],["visibilitychange","visible",23049]],"ticks":20,"vis":"visible","hasFocus":false}}}
{"check":"before-back","result":{"url":"https://mui.kernelsu.org/index.html","socket":"webview_devtools_remote_11772","value":{"historyLength":2,"historyState":"{\"flutter\":true}","href":"https://mui.kernelsu.org/index.html","typeofWebui":"undefined","typeofWebuiExit":"undefined","typeofKsuExit":"function","webuiKeys":null,"wrapped":"no webui.exit"}}}
{"check":"back-events","result":{"error":"no page target","sockets":["webview_devtools_remote_11772"],"targets":[]}}
{"check":"back-console","result":["10-02 02:35:12.753 11772 11772 E chromium: [ERROR:aw_browser_terminator.cc(154)] Renderer process (11906) crash detected (code -1).", "10-02 02:35:12.754  8842 10206 I ActivityManager: Killing 11906:com.google.android.webview:sandboxed_process0:org.chromium.content.app.SandboxedProcessService0:0/u0a209i1 (adj 0): isolated not needed"]}
{"check":"back-at-root","result":"topResumedActivity=ActivityRecord{8811f92 u0 com.google.android.apps.nexuslauncher/.NexusLauncherActivity t9}"}
Starting: Intent { cmp=me.weishu.kernelsu/.ui.webui.WebUIActivity (has extras) }
Status: ok
Activity: me.weishu.kernelsu/.ui.webui.WebUIActivity








Status: ok








Segmentation fault 
Status: ok
https://mui.kernelsu.org/index.html
token found in manager data: 714b6cf14104b564af0cbe0170cda5edecb4c4cfbed82ffb71dcf622e31234d8
opened: intent-token
{"check":"targets","result":[{"type": "page", "url": "https://mui.kernelsu.org/index.html", "title": "Flutter Demo"}]}
{"check":"page","result":{"url":"https://mui.kernelsu.org/index.html","socket":"webview_devtools_remote_12163","value":{"href":"https://mui.kernelsu.org/index.html","title":"Flutter Demo","ready":"complete","flutter":true,"glass":true,"nav":{"dcl":111,"load":564},"paint":{"first-paint":1370,"first-contentful-paint":1370},"glassAt":"present","firstFrame":null,"insets":null,"vv":[320,592,1]}}}
{"check":"java-exceptions","result":["10-02 02:35:25.226  9532  9790 D OneSearchSuggestProvider: \tat java.util.Optional.get(Optional.java:143)", "10-02 02:35:25.226  9532  9790 D OneSearchSuggestProvider: \tat com.google.android.apps.nexuslauncher.allapps.E0.onResult(go/retraceme 31f9979659277bb965985aff1272c33e3c3c9e755b77166d20a2465454178f2c:28)", "10-02 02:35:25.226  9532  9790 D OneSearchSuggestProvider: \t... 8 more", "10-02 02:35:25.230  9532  9790 D OneSearchSuggestProvider: Established or reuse existing binder channel authority=com.google.android.googlequicksearchbox", "10-02 02:35:25.233  9637  9860 I AiAiEcho: Predicting[0]:  [CONTEXT sampling_count=5 ]", "10-02 02:35:25.233  8842  8861 V WindowManager: Sent Transition (#25) createdAt=10-02 02:35:25.174 via request=TransitionRequestInfo { type = CLOSE, triggerTask = TaskInfo{userId=0 taskId=17 displayId=0 isRunning=false baseIntent=Intent { act=android.intent.action.VIEW dat=kernelsu://webui/... flg=0x10080000 cmp=me.weishu.kernelsu/.ui.webui.WebUIActivity } baseActivity=null topActivity=null origActivity=null realActivity=ComponentInfo{me.weishu.kernelsu/me.weishu.kernelsu.ui.webui.WebUIActivity} numActivities=0 lastActiveTime=340613 supportsMultiWindow=true resizeMode=1 isResizeable=true minWidth=-1 minHeight=-1 defaultMinSize=220 token=WCT{RemoteToken{30df065 Task{4d648df #17 type=standard A=10209:me.weishu.kernelsu.webui}}} topActivityType=1 pictureInPictureParams=null shouldDockBigOverlays=false launchIntoPipHostTaskId=-1 lastParentTaskIdBeforePip=-1 displayCutoutSafeInsets=null topActivityInfo=null launchCookies=[] positionInParent=Point(0, 0) parentTaskId=-1 isFocused=true isVisible=true isVisibleRequested=true isSleeping=false locusId=null displayAreaFeatureId=1 isTopActivityTransparent=false appCompatTaskInfo=AppCompatTaskInfo { topActivityInSizeCompat=false topActivityEligibleForLetterboxEducation= falseisLetterboxEducationEnabled= false isLetterboxDoubleTapEnabled= false topActivityEligibleForUserAspectRatioButton= false topActivityBoundsLetterboxed= false isFromLetterboxDoubleTap= false topActivityLetterboxVerticalPosition= -1 topActivityLetterboxHorizontalPosition= -1 topActivityLetterboxWidth=-1 topActivityLetterboxHeight=-1 isUserFullscreenOverrideEnabled=false isSystemFullscreenOverrideEnabled=false cameraCompatTaskInfo=CameraCompatTaskInfo { cameraCompatControlState=hidden freeformCameraCompatMode=inactive}}}, pipTask = null, remoteTransition = null, displayChange = null, flags = 0, debugId = 25 }", "10-02 02:35:25.233  9532 12129 E OneSearchSuggestProvider: Unable to get suggestions from AGA", "10-02 02:35:25.233  9532 12129 E OneSearchSuggestProvider: io.grpc.StatusRuntimeException: UNIMPLEMENTED: bindService(Intent { act=grpc.io.action.BIND cmp=com.google.android.googlequicksearchbox/com.google.android.apps.search.googleapp.search.suggest.plugins.onesearch.server.OneSearchSuggestService }) returned false", "10-02 02:35:25.233  9532 12129 E OneSearchSuggestProvider: \tat k3.e.a(go/retraceme 31f9979659277bb965985aff1272c33e3c3c9e755b77166d20a2465454178f2c:77)", "10-02 02:35:25.233  9532 12129 E OneSearchSuggestProvider: \tat i3.l.b(go/retraceme 31f9979659277bb965985aff1272c33e3c3c9e755b77166d20a2465454178f2c:43)", "10-02 02:35:25.233  9532 12129 E OneSearchSuggestProvider: \tat i3.l.a(go/retraceme 31f9979659277bb965985aff1272c33e3c3c9e755b77166d20a2465454178f2c:27)", "10-02 02:35:25.233  9532 12129 E OneSearchSuggestProvider: \tat i3.z.run(go/retraceme 31f9979659277bb965985aff1272c33e3c3c9e755b77166d20a2465454178f2c:7)", "10-02 02:35:25.233  9532 12129 E OneSearchSuggestProvider: \tat i3.m2.run(go/retraceme 31f9979659277bb965985aff1272c33e3c3c9e755b77166d20a2465454178f2c:19)", "10-02 02:35:25.233  9532 12129 E OneSearchSuggestProvider: \tat java.util.concurrent.ThreadPoolExecutor.runWorker(ThreadPoolExecutor.java:1145)", "10-02 02:35:25.233  9532 12129 E OneSearchSuggestProvider: \tat java.util.concurrent.ThreadPoolExecutor$Worker.run(ThreadPoolExecutor.java:644)", "10-02 02:35:25.233  9532 12129 E OneSearchSuggestProvider: \tat java.lang.Thread.run(Thread.java:1012)", "10-02 02:35:25.235  9637  9860 I AiAiEcho: EchoTargets: ", "10-02 02:35:25.235  9637  9860 I AiAiEcho: Filtered by AiAi flag check: ", "10-02 02:35:25.235  9637  9860 I AiAiEcho: [CONTEXT ratelimit_period=\"10 SECONDS\" ]", "10-02 02:35:25.235  8842  8861 V WindowManager:     startWCT=WindowContainerTransaction { changes = {} hops = [] errorCallbackToken=null taskFragmentOrganizer=null }", "--", "10-02 02:35:34.511  9304 12345 W FontLog : java.lang.IllegalStateException: Cannot perform this operation because the connection pool has been closed.", "10-02 02:35:34.511  9304 12345 W FontLog : \tat android.database.sqlite.SQLiteConnectionPool.throwIfClosedLocked(SQLiteConnectionPool.java:1103)", "10-02 02:35:34.511  9304 12345 W FontLog : \tat android.database.sqlite.SQLiteConnectionPool.waitForConnection(SQLiteConnectionPool.java:716)", "10-02 02:35:34.511  9304 12345 W FontLog : \tat android.database.sqlite.SQLiteConnectionPool.acquireConnection(SQLiteConnectionPool.java:399)", "10-02 02:35:34.511  9304 12345 W FontLog : \tat android.database.sqlite.SQLiteSession.acquireConnection(SQLiteSession.java:920)", "10-02 02:35:34.511  9304 12345 W FontLog : \tat android.database.sqlite.SQLiteSession.executeForChangedRowCount(SQLiteSession.java:778)", "10-02 02:35:34.511  9304 12345 W FontLog : \tat android.database.sqlite.SQLiteStatement.executeUpdateDelete(SQLiteStatement.java:67)", "10-02 02:35:34.511  9304 12345 W FontLog : \tat android.database.sqlite.SQLiteDatabase.executeSql(SQLiteDatabase.java:2207)", "10-02 02:35:34.511  9304 12345 W FontLog : \tat android.database.sqlite.SQLiteDatabase.execSQL(SQLiteDatabase.java:2183)", "10-02 02:35:34.511  9304 12345 W FontLog : \tat bbkg.run(:com.google.android.gms@242335041@24.23.35 (190800-646585959):57)", "10-02 02:35:34.511  9304 12345 W FontLog : \tat angs.c(:com.google.android.gms@242335041@24.23.35 (190800-646585959):50)", "10-02 02:35:34.511  9304 12345 W FontLog : \tat angs.run(:com.google.android.gms@242335041@24.23.35 (190800-646585959):76)", "10-02 02:35:34.511  9304 12345 W FontLog : \tat java.util.concurrent.ThreadPoolExecutor.runWorker(ThreadPoolExecutor.java:1145)", "--", "10-02 02:35:50.816  9304 10005 I ChimeraSrvcProxy: NullBinder for android.net.action.RECOMMEND_NETWORKS triggering remote TransactionTooLargeException due to Service without Chimera impl", "10-02 02:35:50.816  9304 10005 W .gms.persistent: Large reply transaction of 1056768 bytes, interface descriptor , code 1", "10-02 02:35:50.818  9645 10136 I BugleRcsEngine: handleMessage processing message:[NOTIFY_UPTIME_IGNORE_STATE_CHANGED] with [non-null]:RcsEngineImpl reference [CONTEXT log_prefix=\"RcsEngineImpl[DUAL_REG]:[84546133-8a22]>Handler\" thread_id=64 ]", "10-02 02:35:50.818  9645  9832 I BugleRcsEngine: Connected state: [1], networkType: [WIFI] [CONTEXT thread_id=56 ]", "10-02 02:35:51.023     0     0 I logd    : logdr: UID=0 GID=0 PID=12387 n tail=0 logMask=99 pid=0 start=0ns deadline=0ns"]}
{"check":"console-errors","result":["--------- beginning of main", "10-02 02:35:34.281 12163 12293 E chromium: [1002/023534.280881:ERROR:variations_seed_loader.cc(37)] Seed missing signature.", "10-02 02:35:34.281 12163 12293 I chromium: [1002/023534.281132:INFO:variations_seed_loader.cc(66)] Failed to open file for reading.: No such file or directory (2)", "10-02 02:35:34.447 12306 12328 W chromium: [WARNING:runtime_features.cc(694)] SharedStorage for M118+ cannot be enabled in this configuration. Use --enable-features=SharedStorageAPI,SharedStorageAPIM118 in addition.", "10-02 02:35:34.447 12306 12328 W chromium: [WARNING:runtime_features.cc(730)] AttributionReportingCrossAppWeb cannot be enabled in this configuration. Use --enable-features=ConversionMeasurement,AttributionReportingCrossAppWeb in addition.", "10-02 02:35:34.667 12163 12163 I chromium: [INFO:CONSOLE(1)] \"Injecting <script> tag. Using callback.\", source: https://mui.kernelsu.org/flutter_bootstrap.js (1)"]}
{"check":"first-frame-warm","result":{"url":"https://mui.kernelsu.org/index.html","socket":"webview_devtools_remote_12163","value":{"firstFrameMs":349,"now":15051,"flutter":true,"resizes":[],"paint":{"first-paint":727,"first-contentful-paint":727},"calls":[[21,"at-preload","ksu:undefined webui:undefined"],[23,"ksu-defined"],[25,"wrap-failed","exec"],[26,"wrap-failed","spawn"],[28,"wrap-failed","moduleInfo"],[29,"wrap-failed","fullScreen"],[33,"wrap-failed","enableEdgeToEdge"],[33,"wrap-failed","toast"],[33,"wrap-failed","exit"]],"resources":[["/flutter_bootstrap.js",18,41,"script",0],["/canvaskit/chromium/canvaskit.wasm",72,139,"fetch",0],["/canvaskit/chromium/canvaskit.js",73,94,"other",0],["/main.dart.js",73,127,"script",0],["/assets/FontManifest.json",278,288,"fetch",0],["/favicon.png",280,290,"other",0],["/assets/fonts/MaterialIcons-Regular.otf",289,300,"fetch",0],["/assets/packages/cupertino_icons/assets/CupertinoIcons.ttf",290,300,"fetch",0],["/assets/fonts/fallback/Roboto-Regular.ttf",290,305,"fetch",0],["/favicon.png",724,745,"other",0]],"marks":[],"measures":[],"fonts":[]}}}
Starting: Intent { cmp=me.weishu.kernelsu/.ui.webui.WebUIActivity (has extras) }
Status: ok
Activity: me.weishu.kernelsu/.ui.webui.WebUIActivity








Status: ok








Segmentation fault 
Status: ok
https://mui.kernelsu.org/index.html
token found in manager data: 714b6cf14104b564af0cbe0170cda5edecb4c4cfbed82ffb71dcf622e31234d8
opened: intent-token
{"check":"targets","result":[{"type": "page", "url": "https://mui.kernelsu.org/index.html", "title": "Demo"}]}
{"check":"page","result":{"url":"https://mui.kernelsu.org/index.html","socket":"webview_devtools_remote_12435","value":{"href":"https://mui.kernelsu.org/index.html","title":"Demo","ready":"complete","flutter":true,"glass":true,"nav":{"dcl":262,"load":691},"paint":{"first-paint":1165,"first-contentful-paint":2205},"glassAt":"present","firstFrame":null,"insets":"24px","vv":[320,640,1]}}}
{"check":"java-exceptions","result":["--", "10-02 02:36:20.851  9304  9984 I ChimeraSrvcProxy: NullBinder for android.net.action.RECOMMEND_NETWORKS triggering remote TransactionTooLargeException due to Service without Chimera impl", "10-02 02:36:20.851  9304  9984 W .gms.persistent: Large reply transaction of 1056768 bytes, interface descriptor , code 1", "10-02 02:36:20.851  8842  8856 D OomAdjuster: Not killing cached processes", "10-02 02:36:21.295  8842  8856 W ActivityManager: Unable to start service Intent { act=grpc.io.action.BIND cmp=com.google.android.googlequicksearchbox/com.google.android.apps.search.googleapp.search.suggest.plugins.onesearch.server.OneSearchSuggestService } U=0: not found", "10-02 02:36:21.296  8842  8856 W ActivityManager: Unbind failed: could not find connection for android.os.BinderProxy@584189c", "--------- beginning of crash", "10-02 02:36:24.248 12560 12560 F libc    : Fatal signal 11 (SIGSEGV), code 2 (SEGV_ACCERR), fault addr 0x71b6d9416654 in tid 12560 (grep), pid 12560 (grep)", "10-02 02:36:24.252 12565 12565 E crash_dump64: failed to get the guest state header for thread 12560: Bad address", "10-02 02:36:24.253 12565 12565 I crash_dump64: obtaining output fd from tombstoned, type: kDebuggerdTombstoneProto", "10-02 02:36:24.253   230   230 I tombstoned: received crash request for pid 12560", "10-02 02:36:24.253 12565 12565 I crash_dump64: performing dump of process 12560 (target tid = 12560)", "10-02 02:36:24.261 12565 12565 F DEBUG   : *** *** *** *** *** *** *** *** *** *** *** *** *** *** *** ***", "10-02 02:36:24.261 12565 12565 F DEBUG   : Build fingerprint: 'google/sdk_gphone64_x86_64/emu64xa:15/AE3A.240806.043/12960925:userdebug/dev-keys'", "--", "10-02 02:36:25.118  9304 12522 W FontLog : java.lang.IllegalStateException: Cannot perform this operation because the connection pool has been closed.", "10-02 02:36:25.118  9304 12522 W FontLog : \tat android.database.sqlite.SQLiteConnectionPool.throwIfClosedLocked(SQLiteConnectionPool.java:1103)", "10-02 02:36:25.118  9304 12522 W FontLog : \tat android.database.sqlite.SQLiteConnectionPool.waitForConnection(SQLiteConnectionPool.java:716)", "10-02 02:36:25.118  9304 12522 W FontLog : \tat android.database.sqlite.SQLiteConnectionPool.acquireConnection(SQLiteConnectionPool.java:399)", "10-02 02:36:25.118  9304 12522 W FontLog : \tat android.database.sqlite.SQLiteSession.acquireConnection(SQLiteSession.java:920)", "10-02 02:36:25.118  9304 12522 W FontLog : \tat android.database.sqlite.SQLiteSession.executeForChangedRowCount(SQLiteSession.java:778)", "10-02 02:36:25.118  9304 12522 W FontLog : \tat android.database.sqlite.SQLiteStatement.executeUpdateDelete(SQLiteStatement.java:67)", "10-02 02:36:25.118  9304 12522 W FontLog : \tat android.database.sqlite.SQLiteDatabase.executeSql(SQLiteDatabase.java:2207)", "10-02 02:36:25.118  9304 12522 W FontLog : \tat android.database.sqlite.SQLiteDatabase.execSQL(SQLiteDatabase.java:2183)", "10-02 02:36:25.118  9304 12522 W FontLog : \tat bbkg.run(:com.google.android.gms@242335041@24.23.35 (190800-646585959):57)", "10-02 02:36:25.118  9304 12522 W FontLog : \tat angs.c(:com.google.android.gms@242335041@24.23.35 (190800-646585959):50)", "10-02 02:36:25.118  9304 12522 W FontLog : \tat angs.run(:com.google.android.gms@242335041@24.23.35 (190800-646585959):76)", "10-02 02:36:25.118  9304 12522 W FontLog : \tat java.util.concurrent.ThreadPoolExecutor.runWorker(ThreadPoolExecutor.java:1145)", "--", "10-02 02:36:25.746 12435 12604 E SuFilePathHandler: java.io.FileNotFoundException: No such file or directory: /data/adb/modules/demo/webroot/favicon.ico", "10-02 02:36:25.746 12435 12604 E SuFilePathHandler: \tat zb3.a(r8-map-id-9f7f45feba6f2c95784574c49c444982ed6e6c85bfa15582daceb837f5e42ea2:151)", "10-02 02:36:25.746 12435 12604 E SuFilePathHandler: \tat fk3.e(r8-map-id-9f7f45feba6f2c95784574c49c444982ed6e6c85bfa15582daceb837f5e42ea2:308)", "10-02 02:36:25.746 12435 12604 E SuFilePathHandler: \tat ja4.a(r8-map-id-9f7f45feba6f2c95784574c49c444982ed6e6c85bfa15582daceb837f5e42ea2:99)", "10-02 02:36:25.746 12435 12604 E SuFilePathHandler: \tat o11.shouldInterceptRequest(r8-map-id-9f7f45feba6f2c95784574c49c444982ed6e6c85bfa15582daceb837f5e42ea2:247)", "10-02 02:36:25.736 12435 12435 W ThreadPoolForeg: type=1400 audit(0.0:294): avc:  denied  { getattr } for  path=\"/data/adb\" dev=\"dm-46\" ino=319489 scontext=u:r:untrusted_app:s0:c209,c256,c512,c768 tcontext=u:object_r:adb_data_file:s0 tclass=dir permissive=0 app=me.weishu.kernelsu", "10-02 02:36:25.736 12435 12435 W ThreadPoolForeg: type=1400 audit(0.0:295): avc:  denied  { getattr } for  path=\"/data/adb\" dev=\"dm-46\" ino=319489 scontext=u:r:untrusted_app:s0:c209,c256,c512,c768 tcontext=u:object_r:adb_data_file:s0 tclass=dir permissive=0 app=me.weishu.kernelsu", "10-02 02:36:25.764 12661 12661 W BpBinder: Linking to death on android.gui.ISurfaceComposer but there are no threads (yet?) listening to incoming transactions. See ProcessState::startThreadPool and ProcessState::setThreadPoolMaxThreadCount. Generally you should setup the binder threadpool before other initialization steps.", "10-02 02:36:25.764 12661 12661 W ProcessState: Extra binder thread started, but 0 threads requested. Do not use *startThreadPool when zero threads are requested.", "10-02 02:36:25.771   169   169 I hwservicemanager: getTransport: Cannot find entry android.hardware.graphics.mapper@4.0::IMapper/default in either framework or device VINTF manifest.", "10-02 02:36:25.772 12661 12666 I Gralloc4: mapper 4.x is not supported"]}
{"check":"console-errors","result":["--------- beginning of main", "10-02 02:36:24.888 12435 12596 E chromium: [1002/023624.888296:ERROR:variations_seed_loader.cc(37)] Seed missing signature.", "10-02 02:36:24.888 12435 12596 I chromium: [1002/023624.888886:INFO:variations_seed_loader.cc(66)] Failed to open file for reading.: No such file or directory (2)", "10-02 02:36:25.073 12602 12631 W chromium: [WARNING:runtime_features.cc(694)] SharedStorage for M118+ cannot be enabled in this configuration. Use --enable-features=SharedStorageAPI,SharedStorageAPIM118 in addition.", "10-02 02:36:25.073 12602 12631 W chromium: [WARNING:runtime_features.cc(730)] AttributionReportingCrossAppWeb cannot be enabled in this configuration. Use --enable-features=ConversionMeasurement,AttributionReportingCrossAppWeb in addition.", "10-02 02:36:25.144 12602 12631 I chromium: [INFO:viewport_data.cc(133)] E2E_Used ViewportFitCover", "10-02 02:36:25.308 12435 12435 I chromium: [INFO:CONSOLE(3)] \"Injecting <script> tag. Using callback.\", source: https://mui.kernelsu.org/flutter_bootstrap.js (3)"]}
{"check":"first-frame-warm","result":{"url":"https://mui.kernelsu.org/index.html","socket":"webview_devtools_remote_12435","value":{"firstFrameMs":559,"now":15054,"flutter":true,"resizes":[],"paint":{"first-paint":1170,"first-contentful-paint":1170},"calls":[[28,"at-preload","ksu:undefined webui:undefined"],[30,"ksu-defined"],[44,"wrap-failed","exec"],[53,"wrap-failed","spawn"],[54,"wrap-failed","moduleInfo"],[55,"wrap-failed","fullScreen"],[55,"wrap-failed","enableEdgeToEdge"],[56,"wrap-failed","toast"],[64,"wrap-failed","exit"]],"resources":[["/internal/insets.css",23,65,"link",0],["/internal/colors.css",24,65,"link",0],["/flutter_webui.css",24,72,"link",0],["/flutter_webui.js",24,65,"script",0],["/flutter_bootstrap.js",24,68,"script",0],["/canvaskit/chromium/canvaskit.wasm",107,155,"fetch",0],["/canvaskit/chromium/canvaskit.js",107,131,"other",0],["/main.dart.js",107,155,"script",0],["/assets/FontManifest.json",412,423,"fetch",0],["/favicon.ico",421,426,"other",0],["/assets/fonts/MaterialIcons-Regular.otf",424,434,"fetch",0],["/assets/fonts/fallback/Roboto-Regular.ttf",425,436,"fetch",0],["/internal/colors.css",447,1086,"fetch",0],["/pkg/demo_native.js",1089,1115,"fetch",0]],"marks":[["flutter_webui:register",439],["flutter_webui:registered",440],["flutter_webui:register",442],["flutter_webui:registered",442],["flutter_webui:first-frame",560]],"measures":[],"fonts":[]}}}
{"url":"https://mui.kernelsu.org/index.html","socket":"webview_devtools_remote_12435","value":"semantics on"}
{"check":"home","result":{"url":"https://mui.kernelsu.org/index.html","socket":"webview_devtools_remote_12435","value":["Squadron","Process","native","net","Say hello","Count to 5","SHA-256","Demo pages\nOne page per thing the stack promises.","Places","Strategy","Rust","Lifecycle","Shell","Plugins"]}}
{"check":"colors-css","result":{"url":"https://mui.kernelsu.org/index.html","socket":"webview_devtools_remote_12435","value":{"status":200,"type":"text/css","body":""}}}
{"check":"wasm-at-home","result":{"url":"https://mui.kernelsu.org/index.html","socket":"webview_devtools_remote_12435","value":{"wasm":[{"name":"chromium/canvaskit.wasm","start":107,"dur":48}],"marks":[{"name":"flutter_webui:register","t":439},{"name":"flutter_webui:registered","t":440},{"name":"flutter_webui:register","t":442},{"name":"flutter_webui:registered","t":442},{"name":"flutter_webui:first-frame","t":560}],"measures":[],"now":18598}}}
{"check":"tap-places","result":{"url":"https://mui.kernelsu.org/index.html","socket":"webview_devtools_remote_12435","value":"tapped Places at 16,572 size 288x56 role button tappable"}}
{"check":"places","result":{"url":"https://mui.kernelsu.org/index.html","socket":"webview_devtools_remote_12435","value":["Back\nBack","One service, DemoService, opened in every place this build knows. Each place probes its own facts from inside; the page never guesses from the platform it was built for.","200k","1M","3M","Count primes in every place","Restart places","inline (the caller)\nkind: inline\nstart 418 ms, first facts() round trip 142 ms\nroot\ncheck: effective uid 0\nblock_devices\ncheck: a kernel-listed block device opens for reading\nusb.native\ncheck: /dev/bus/usb lists\nusb.web\ncheck: navigator.usb exists\nprocess.spawn\ncheck: a shell runs\nfs.persistent\ncheck: working dir writable, or storage persisted\nnet\ncheck: a non-loopback interface is up, or onLine\nnative\ncheck: null","worker (isolate or Web Worker)\nkind: web_worker\nstart 270 ms, first facts() round trip 56 ms\nroot\ncheck: effective uid 0\nblock_devices\ncheck: a kernel-listed block device opens for reading\nusb.native\ncheck: /dev/bus/usb lists\nusb.web\ncheck: navigator.usb exists\nprocess.spawn\ncheck: a shell runs\nfs.persistent\ncheck: working dir writable, or storage persisted\nnet\ncheck: a non-loopback interface is up, or onLine\nnative\ncheck: null","Places","Strategy","Rust","Lifecycle","Shell","Plugins"]}}
{"check":"places-scroll-1","result":{"url":"https://mui.kernelsu.org/index.html","socket":"webview_devtools_remote_12435","value":["Back\nBack","Count primes in every place","Restart places","inline (the caller)\nkind: inline\nstart 418 ms, first facts() round trip 142 ms\nroot\ncheck: effective uid 0\nblock_devices\ncheck: a kernel-listed block device opens for reading\nusb.native\ncheck: /dev/bus/usb lists\nusb.web\ncheck: navigator.usb exists\nprocess.spawn\ncheck: a shell runs\nfs.persistent\ncheck: working dir writable, or storage persisted\nnet\ncheck: a non-loopback interface is up, or onLine\nnative\ncheck: null","worker (isolate or Web Worker)\nkind: web_worker\nstart 270 ms, first facts() round trip 56 ms\nroot\ncheck: effective uid 0\nblock_devices\ncheck: a kernel-listed block device opens for reading\nusb.native\ncheck: /dev/bus/usb lists\nusb.web\ncheck: navigator.usb exists\nprocess.spawn\ncheck: a shell runs\nfs.persistent\ncheck: working dir writable, or storage persisted\nnet\ncheck: a non-loopback interface is up, or onLine\nnative\ncheck: null","root process (the app CLI, serve mode)\nkind: process\nstart 285 ms, first facts() round trip 1 ms\nroot\ncheck: effective uid 0\nblock_devices\ncheck: a kernel-listed block device opens for reading\nusb.native\ncheck: /dev/bus/usb lists\nusb.web\ncheck: navigator.usb exists\nprocess.spawn\ncheck: a shell runs\nfs.persistent\ncheck: working dir writable, or storage persisted\nnet\ncheck: a non-loopback interface is up, or onLine\nnative\ncheck: null","Places","Strategy","Rust","Lifecycle","Shell","Plugins"]}}
{"check":"places-scroll-2","result":{"url":"https://mui.kernelsu.org/index.html","socket":"webview_devtools_remote_12435","value":["Back\nBack","inline (the caller)\nkind: inline\nstart 418 ms, first facts() round trip 142 ms\nroot\ncheck: effective uid 0\nblock_devices\ncheck: a kernel-listed block device opens for reading\nusb.native\ncheck: /dev/bus/usb lists\nusb.web\ncheck: navigator.usb exists\nprocess.spawn\ncheck: a shell runs\nfs.persistent\ncheck: working dir writable, or storage persisted\nnet\ncheck: a non-loopback interface is up, or onLine\nnative\ncheck: null","worker (isolate or Web Worker)\nkind: web_worker\nstart 270 ms, first facts() round trip 56 ms\nroot\ncheck: effective uid 0\nblock_devices\ncheck: a kernel-listed block device opens for reading\nusb.native\ncheck: /dev/bus/usb lists\nusb.web\ncheck: navigator.usb exists\nprocess.spawn\ncheck: a shell runs\nfs.persistent\ncheck: working dir writable, or storage persisted\nnet\ncheck: a non-loopback interface is up, or onLine\nnative\ncheck: null","root process (the app CLI, serve mode)\nkind: process\nstart 285 ms, first facts() round trip 1 ms\nroot\ncheck: effective uid 0\nblock_devices\ncheck: a kernel-listed block device opens for reading\nusb.native\ncheck: /dev/bus/usb lists\nusb.web\ncheck: navigator.usb exists\nprocess.spawn\ncheck: a shell runs\nfs.persistent\ncheck: working dir writable, or storage persisted\nnet\ncheck: a non-loopback interface is up, or onLine\nnative\ncheck: null","Reference: one call and one stream per place\nsquadron_process doc/benchmark.md, a 4-vCPU VM. Not measured here; devicelab measures devices.\nCall: isolate 31 µs, Web Worker (dart2js) 120 µs, process 247 µs, process from the page 401 µs.\n64 KiB stream: isolate 3643 MiB/s, Web Worker 631 MiB/s, process link about 110 MiB/s.","Places","Strategy","Rust","Lifecycle","Shell","Plugins"]}}
{"check":"places-scroll-3","result":{"url":"https://mui.kernelsu.org/index.html","socket":"webview_devtools_remote_12435","value":["Back\nBack","worker (isolate or Web Worker)\nkind: web_worker\nstart 270 ms, first facts() round trip 56 ms\nroot\ncheck: effective uid 0\nblock_devices\ncheck: a kernel-listed block device opens for reading\nusb.native\ncheck: /dev/bus/usb lists\nusb.web\ncheck: navigator.usb exists\nprocess.spawn\ncheck: a shell runs\nfs.persistent\ncheck: working dir writable, or storage persisted\nnet\ncheck: a non-loopback interface is up, or onLine\nnative\ncheck: null","root process (the app CLI, serve mode)\nkind: process\nstart 285 ms, first facts() round trip 1 ms\nroot\ncheck: effective uid 0\nblock_devices\ncheck: a kernel-listed block device opens for reading\nusb.native\ncheck: /dev/bus/usb lists\nusb.web\ncheck: navigator.usb exists\nprocess.spawn\ncheck: a shell runs\nfs.persistent\ncheck: working dir writable, or storage persisted\nnet\ncheck: a non-loopback interface is up, or onLine\nnative\ncheck: null","Reference: one call and one stream per place\nsquadron_process doc/benchmark.md, a 4-vCPU VM. Not measured here; devicelab measures devices.\nCall: isolate 31 µs, Web Worker (dart2js) 120 µs, process 247 µs, process from the page 401 µs.\n64 KiB stream: isolate 3643 MiB/s, Web Worker 631 MiB/s, process link about 110 MiB/s.","Places","Strategy","Rust","Lifecycle","Shell","Plugins"]}}
{"check":"tap-strategy","result":{"url":"https://mui.kernelsu.org/index.html","socket":"webview_devtools_remote_12435","value":"tapped Strategy at 53,536 size 53x80 role tab tappable"}}
{"check":"strategy","result":{"url":"https://mui.kernelsu.org/index.html","socket":"webview_devtools_remote_12435","value":["Back\nBack","Objective: list the device's partitions. Strategies in preference order: on the device as root, then from a host over USB. The first one the place's facts allow runs; nothing reads kIsWeb or Platform.","Place","inline (the caller)","worker (isolate or Web Worker)","root process (the app CLI, serve mode)","Facts from inline (the caller)\nSwitch a fact off to see the fallback. You can only take facts away.\nroot\ncheck: effective uid 0\nblock_devices\ncheck: a kernel-listed block device opens for reading\nusb.native\ncheck: /dev/bus/usb lists\nusb.web\ncheck: navigator.usb exists\nprocess.spawn\ncheck: a shell runs\nfs.persistent\ncheck: working dir writable, or storage persisted\nnet\ncheck: a non-loopback interface is up, or onLine\nnative\ncheck: null","root","block_devices","usb.native","process.spawn","Places","Strategy","Rust","Lifecycle","Shell","Plugins"]}}
{"check":"tap-strategy-root","result":{"url":"https://mui.kernelsu.org/index.html","socket":"webview_devtools_remote_12435","value":"tapped root process at 24,358 size 272x48 role checkbox tappable"}}
{"check":"strategy-root","result":{"url":"https://mui.kernelsu.org/index.html","socket":"webview_devtools_remote_12435","value":["Back\nBack","Objective: list the device's partitions. Strategies in preference order: on the device as root, then from a host over USB. The first one the place's facts allow runs; nothing reads kIsWeb or Platform.","Place","inline (the caller)","worker (isolate or Web Worker)","root process (the app CLI, serve mode)","Facts from root process (the app CLI, serve mode)\nSwitch a fact off to see the fallback. You can only take facts away.\nroot\ncheck: effective uid 0\nblock_devices\ncheck: a kernel-listed block device opens for reading\nusb.native\ncheck: /dev/bus/usb lists\nusb.web\ncheck: navigator.usb exists\nprocess.spawn\ncheck: a shell runs\nfs.persistent\ncheck: working dir writable, or storage persisted\nnet\ncheck: a non-loopback interface is up, or onLine\nnative\ncheck: null","root","block_devices","usb.native","process.spawn","Places","Strategy","Rust","Lifecycle","Shell","Plugins"]}}
{"check":"strategy-root-scroll-1","result":{"url":"https://mui.kernelsu.org/index.html","socket":"webview_devtools_remote_12435","value":["Back\nBack","Place","inline (the caller)","worker (isolate or Web Worker)","root process (the app CLI, serve mode)","Facts from root process (the app CLI, serve mode)\nSwitch a fact off to see the fallback. You can only take facts away.\nroot\ncheck: effective uid 0\nblock_devices\ncheck: a kernel-listed block device opens for reading\nusb.native\ncheck: /dev/bus/usb lists\nusb.web\ncheck: navigator.usb exists\nprocess.spawn\ncheck: a shell runs\nfs.persistent\ncheck: working dir writable, or storage persisted\nnet\ncheck: a non-loopback interface is up, or onLine\nnative\ncheck: null","root","block_devices","usb.native","process.spawn","Chosen: on device (/proc/partitions as root)\non_device chosen","on device (/proc/partitions as root)\nneeds root + block_devices: has them","from host (fastboot getvar all)\nneeds usb.native + process.spawn: has them","Places","Strategy","Rust","Lifecycle","Shell","Plugins"]}}
{"check":"strategy-root-scroll-2","result":{"url":"https://mui.kernelsu.org/index.html","socket":"webview_devtools_remote_12435","value":["Back\nBack","Facts from root process (the app CLI, serve mode)\nSwitch a fact off to see the fallback. You can only take facts away.\nroot\ncheck: effective uid 0\nblock_devices\ncheck: a kernel-listed block device opens for reading\nusb.native\ncheck: /dev/bus/usb lists\nusb.web\ncheck: navigator.usb exists\nprocess.spawn\ncheck: a shell runs\nfs.persistent\ncheck: working dir writable, or storage persisted\nnet\ncheck: a non-loopback interface is up, or onLine\nnative\ncheck: null","usb.native","process.spawn","Chosen: on device (/proc/partitions as root)\non_device chosen","on device (/proc/partitions as root)\nneeds root + block_devices: has them","from host (fastboot getvar all)\nneeds usb.native + process.spawn: has them","Run on_device in process","Log\nEvery run: objective, strategy, place and the facts it saw.\nNothing has run yet.","Places","Strategy","Rust","Lifecycle","Shell","Plugins"]}}
{"check":"tap-rust","result":{"url":"https://mui.kernelsu.org/index.html","socket":"webview_devtools_remote_12435","value":"tapped Rust at 107,536 size 53x80 role tab tappable"}}
{"check":"rust","result":{"url":"https://mui.kernelsu.org/index.html","socket":"webview_devtools_remote_12435","value":["Back\nBack","The demo crate (rust/) counts the primes below 1000000 with the same loop as page 1's Dart. The service loads it in its own place through flutter_rust_bridge, so each place runs its own build.","Run in every place","inline (the caller)","Run here","worker (isolate or Web Worker)","Run here","root process (the app CLI, serve mode)","Run here","Places","Strategy","Rust","Lifecycle","Shell","Plugins"]}}
{"check":"tap-rust-run","result":{"url":"https://mui.kernelsu.org/index.html","socket":"webview_devtools_remote_12435","value":"tapped Run in every place at 16,196 size 288x48 role button tappable"}}
{"check":"rust-ran","result":{"url":"https://mui.kernelsu.org/index.html","socket":"webview_devtools_remote_12435","value":["Back\nBack","The demo crate (rust/) counts the primes below 1000000 with the same loop as page 1's Dart. The service loads it in its own place through flutter_rust_bridge, so each place runs its own build.","Run in every place","inline (the caller)\nBuilt for: wasm32-unknown (single-threaded)\nLoad: 109 ms (once per place, on its first Rust call; on the web that fetches and instantiates the wasm)\nRust 147 ms, Dart 1218 ms (same count: 78498)","Run here","worker (isolate or Web Worker)\nBuilt for: wasm32-unknown (single-threaded)\nLoad: 34 ms (once per place, on its first Rust call; on the web that fetches and instantiates the wasm)\nRust 203 ms, Dart 248 ms (same count: 78498)","Run here","root process (the app CLI, serve mode)\nBuilt for: x86_64-android\nLoad: 0 ms (once per place, on its first Rust call; on the web that fetches and instantiates the wasm)\nRust 139 ms, Dart 148 ms (same count: 78498)","Places","Strategy","Rust","Lifecycle","Shell","Plugins"]}}
{"check":"wasm-after-rust","result":{"url":"https://mui.kernelsu.org/index.html","socket":"webview_devtools_remote_12435","value":{"wasm":[{"name":"chromium/canvaskit.wasm","start":107,"dur":48},{"name":"pkg/demo_native_bg.wasm","start":81755,"dur":38}],"marks":[{"name":"flutter_webui:register","t":439},{"name":"flutter_webui:registered","t":440},{"name":"flutter_webui:register","t":442},{"name":"flutter_webui:registered","t":442},{"name":"flutter_webui:first-frame","t":560}],"measures":[],"now":102768}}}
{"check":"tap-rust-run-2","result":{"url":"https://mui.kernelsu.org/index.html","socket":"webview_devtools_remote_12435","value":"tapped Run in every place at 16,196 size 288x48 role button tappable"}}
{"check":"rust-ran-2","result":{"url":"https://mui.kernelsu.org/index.html","socket":"webview_devtools_remote_12435","value":["Back\nBack","The demo crate (rust/) counts the primes below 1000000 with the same loop as page 1's Dart. The service loads it in its own place through flutter_rust_bridge, so each place runs its own build.","Run in every place","inline (the caller)\nBuilt for: wasm32-unknown (single-threaded)\nLoad: 0 ms (once per place, on its first Rust call; on the web that fetches and instantiates the wasm)\nRust 139 ms, Dart 1234 ms (same count: 78498)","Run here","worker (isolate or Web Worker)\nBuilt for: wasm32-unknown (single-threaded)\nLoad: 1 ms (once per place, on its first Rust call; on the web that fetches and instantiates the wasm)\nRust 154 ms, Dart 247 ms (same count: 78498)","Run here","root process (the app CLI, serve mode)\nBuilt for: x86_64-android\nLoad: 0 ms (once per place, on its first Rust call; on the web that fetches and instantiates the wasm)\nRust 132 ms, Dart 148 ms (same count: 78498)","Places","Strategy","Rust","Lifecycle","Shell","Plugins"]}}
{"check":"tap-lifecycle","result":{"url":"https://mui.kernelsu.org/index.html","socket":"webview_devtools_remote_12435","value":"tapped Lifecycle at 160,536 size 53x80 role tab tappable"}}
{"check":"tap-root-process","result":{"url":"https://mui.kernelsu.org/index.html","socket":"webview_devtools_remote_12435","value":"tapped root process at 24,390 size 272x48 role checkbox tappable"}}
{"check":"tap-start","result":{"url":"https://mui.kernelsu.org/index.html","socket":"webview_devtools_remote_12435","value":"tapped Start at 24,462 size 97x48 role button tappable"}}
{"check":"lifecycle-running","result":{"url":"https://mui.kernelsu.org/index.html","socket":"webview_devtools_remote_12435","value":["Back\nBack","Start a five-minute task, then switch away (Home, another app or tab) and come back: hidden keeps going. Close the app instead and reopen it: closed stops, and this page says where the task was when it ended.","Task\ntick every 500 ms, stamped with the place's own clock\nrunning in process: tick 17/600, longest gap 503 ms, app resumed 3","inline (the caller)","worker (isolate or Web Worker)","root process (the app CLI, serve mode)","Stop","Lifecycle\n02:38:52  started in process","Facts from root process (the app CLI, serve mode)\nroot\ncheck: effective uid 0\nblock_devices\ncheck: a kernel-listed block device opens for reading\nusb.native\ncheck: /dev/bus/usb lists\nusb.web\ncheck: navigator.usb exists\nprocess.spawn\ncheck: a shell runs\nfs.persistent\ncheck: working dir writable, or storage persisted\nnet\ncheck: a non-loopback interface is up, or onLine\nnative\ncheck: null","Places","Strategy","Rust","Lifecycle","Shell","Plugins"]}}
{"check":"lifecycle-after-home","result":{"url":"https://mui.kernelsu.org/index.html","socket":"webview_devtools_remote_12435","value":["Back\nBack","Start a five-minute task, then switch away (Home, another app or tab) and come back: hidden keeps going. Close the app instead and reopen it: closed stops, and this page says where the task was when it ended.","Task\ntick every 500 ms, stamped with the place's own clock\nrunning in process: tick 41/600, longest gap 503 ms, app resumed 7","inline (the caller)","worker (isolate or Web Worker)","root process (the app CLI, serve mode)","Stop","Lifecycle\n02:39:08  away 7.1 s: the place produced 15 ticks (on schedule: 14); longest gap 503 ms\n02:39:08  inactive -> resumed\n02:39:08  hidden -> inactive\n02:39:01  inactive -> hidden\n02:39:01  resumed -> inactive\n02:38:52  started in process","Places","Strategy","Rust","Lifecycle","Shell","Plugins"]}}
{"check":"root-process","result":"root             0 u:r:ksu:s0                     12755 dartaotruntime\nu0_a210      10210 u:r:untrusted_app_27:s0:c210,c256,c512,c768 12804 com.webui.api.demo\nroot             0 u:r:ksu:s0                     12817 dartaotruntime"}
/home/runner/work/devicelab/devicelab/out/sockprobe: 1 file pushed, 0 skipped. 172.6 MB/s (3501149 bytes in 0.019s)
{"check":"block-devices","result":"dm-0\ndm-1\ndm-11\ndm-13\ndm-14\ndm-16\ndm-17\ndm-18\ntotal 0\ndrwxr-xr-x 2 root root u:object_r:block_device:s0                140 2026-10-02 02:29 by-name\nbrw------- 1 root root u:object_r:dm_device:s0              254,   0 2026-10-02 02:29 dm-0\nbrw------- 1 root root u:object_r:dm_device:s0              254,   1 2026-10-02 02:29 dm-1\nbrw------- 1 root root u:object_r:dm_device:s0              254,  11 2026-10-02 02:29 dm-11\nbrw------- 1 root root u:object_r:dm_device:s0              254,  13 2026-10-02 02:29 dm-13\nbrw------- 1 root root u:object_r:dm_device:s0              254,  14 2026-10-02 02:29 dm-14\nbrw------- 1 root root u:object_r:dm_device:s0              254,  16 2026-10-02 02:29 dm-16\nbrw------- 1 root root u:object_r:dm_device:s0              254,  17 2026-10-02 02:29 dm-17\nbrw------- 1 root root u:object_r:dm_device:s0              254,  18 2026-10-02 02:29 dm-18\nbrw------- 1 root root u:object_r:dm_device:s0              254,  19 2026-10-02 02:29 dm-19\nbrw------- 1 root root u:object_r:dm_device:s0              254,   2 2026-10-02 02:29 dm-2\n-- su:\n0000000  \\0\n-- ksu:\n{\"error\":\"write /proc/thread-self/attr/current: operation not permitted\",\"op\":\"setcon\"}\n-- avc:"}
{"check":"back-1","result":{"url":"https://mui.kernelsu.org/index.html","socket":"webview_devtools_remote_12435","value":["Squadron","Process","native","net","Say hello","Count to 5","SHA-256","Demo pages\nOne page per thing the stack promises.","Places","Strategy","Rust","Lifecycle","Shell","Plugins"]}}
{"check":"back-1-top","result":"topResumedActivity=ActivityRecord{71b16f6 u0 me.weishu.kernelsu/.ui.webui.WebUIActivity t21}"}
{"check":"back-2-top","result":"topResumedActivity=ActivityRecord{8811f92 u0 com.google.android.apps.nexuslauncher/.NexusLauncherActivity t9}"}
{"check":"back-3-top","result":"topResumedActivity=ActivityRecord{8811f92 u0 com.google.android.apps.nexuslauncher/.NexusLauncherActivity t9}"}
{"check":"monet-dark-sys-light","night":"no","color_mode":"5","opened":"opened: intent-token","result":{"url":"https://mui.kernelsu.org/index.html","socket":"webview_devtools_remote_13180","value":{"dark":false,"primary":"#277af7","background":"#242424","cssBytes":1427}}}
{"check":"monet-light-sys-dark","night":"yes","color_mode":"4","opened":"opened: intent-token","result":{"url":"https://mui.kernelsu.org/index.html","socket":"webview_devtools_remote_13436","value":{"dark":true,"primary":"#3482ff","background":"#ffffff","cssBytes":1425}}}
{"check":"monet-system-sys-dark","night":"yes","color_mode":"3","opened":"opened: intent-token","result":{"url":"https://mui.kernelsu.org/index.html","socket":"webview_devtools_remote_13679","value":{"dark":true,"primary":"#277af7","background":"#242424","cssBytes":1427}}}
{"check":"dark-sys-light","night":"no","color_mode":"2","opened":"opened: intent-token","result":{"url":"https://mui.kernelsu.org/index.html","socket":"webview_devtools_remote_13923","value":{"dark":false,"primary":null,"background":null,"cssBytes":0}}}
{"check":"system-sys-dark","night":"yes","color_mode":"0","opened":"opened: intent-token","result":{"url":"https://mui.kernelsu.org/index.html","socket":"webview_devtools_remote_14167","value":{"dark":true,"primary":null,"background":null,"cssBytes":0}}}
/home/runner/work/devicelab/devicelab/out/sockprobe: 1 file pushed, 0 skipped. 96.6 MB/s (3501149 bytes in 0.035s)
{"check":"ksud-version","result":"ksud 3.3.0 (uapi: 2)\nmanage module configuration\n\nUsage: ksud module config [OPTIONS] <COMMAND>"}
{"check":"root-script","result":"-rwxr-xr-x 1 root root 1921 2026-10-02 02:32 /data/adb/modules/demo/flutter_webui/root\n#!/system/bin/sh\n# flutter-webui root channel launcher. Lives at <moddir>/flutter_webui/root.\n# Usage: sh root start    find or start the channel; prints its session as one\n#                         JSON line (port, token), or exits non-zero\n#        sh root serve    run the channel (started detached by `start`)\n# Needs `ksud module config` (KernelSU or KernelSU Next v3.0.0+).\n# SPDX-License-Identifier: LGPL-3.0-or-later WITH LGPL-3.0-linking-exception\n\ndir=${0%/*}\ncase \"$dir\" in /*) ;; *) dir=$(cd \"$dir\" && pwd) ;; esac\nmoddir=${dir%/*}\nid=${moddir##*/}\nrun=$dir/run\n\ncase \"$(uname -m)\" in\n  aarch64 | arm64) abi=arm64-v8a ;;\n  x86_64) abi=x86_64 ;;\n  *) echo \"flutter_webui: unsupported CPU $(uname -m)\" >&2; exit 1 ;;\nesac\n\n# Root shells can start with an empty environment, and the Dart VM needs a\n# writable TMPDIR: the module's temporary directory, which `start` empties on\n# the first start of each boot.\nexport TMPDIR=\"${FLUTTER_WEBUI_DATA:-/data/adb/$id}/tmp\"\n(umask 077 && mkdir -p \"$TMPDIR\" \"$run\")\n\nchannel() {\n  rt=$dir/$abi\n  # A linux (glibc) runtime ships its loader and libraries next to it; an\n  # Android-built runtime runs directly."}
{"check":"layout-before","result":"total 48\ndrwxr-xr-x 5 root root 4096 2026-10-02 02:37 .\ndrwxr-xr-x 8 root root 4096 2026-10-02 02:37 ..\ndrwxr-xr-x 2 root root 4096 2026-10-02 02:32 arm64-v8a\n-rwxr-xr-x 1 root root 1921 2026-10-02 02:32 root\ndrwx------ 3 root root 4096 2026-10-02 02:37 run\ndrwxr-xr-x 2 root root 4096 2026-10-02 02:32 x86_64\n-- run:\n700 root:root /data/adb/modules/demo/flutter_webui/run\n/data/adb/modules/demo/flutter_webui/run:\ntotal 44\ndrwx------ 3 root root 4096 2026-10-02 02:37 .\ndrwxr-xr-x 5 root root 4096 2026-10-02 02:37 ..\n-rw------- 1 root root    6 2026-10-02 02:37 lock\ndrwx------ 2 root root 4096 2026-10-02 02:39 proc\n-rw------- 1 root root   56 2026-10-02 02:37 root.log\n-rw------- 1 root root    0 2026-10-02 02:37 start.lock\n\n/data/adb/modules/demo/flutter_webui/run/proc:\ntotal 40\ndrwx------ 2 root root 4096 2026-10-02 02:39 .\ndrwx------ 3 root root 4096 2026-10-02 02:37 ..\n-rw------- 1 root root   36 2026-10-02 02:37 .boot\n-rw------- 1 root root    2 2026-10-02 02:39 1790908622015739-0.exit\n-rw------- 1 root root  215 2026-10-02 02:37 1790908622015739-0.log\n-- webroot/.run:\nls: /data/adb/modules/demo/webroot/.run: No such file or directory"}
{"check":"config-before","result":"webui.session={\"protocol\":1,\"version\":\"0.2.0\",\"port\":34059,\"token\":\"z62Oldzvg3AmCm_QjsQxGZ47BNl2GJWi2R_Pmz6dvWE\",\"pid\":12755,\"boot\":\"4d5c4bbc-efbb-40db-898a-d68fd1550086\",\"started\":\"2026-10-02T02:37:01.234772Z\"}\nwebui.boot=4d5c4bbc-efbb-40db-898a-d68fd1550086\n-- list:\nwebui.installed=1\nwebui.session={\"protocol\":1,\"version\":\"0.2.0\",\"port\":34059,\"token\":\"z62Oldzvg3AmCm_QjsQxGZ47BNl2GJWi2R_Pmz6dvWE\",\"pid\":12755,\"boot\":\"4d5c4bbc-efbb-40db-898a-d68fd1550086\",\"started\":\"2026-10-02T02:37:01.234772Z\"}\nwebui.boot=4d5c4bbc-efbb-40db-898a-d68fd1550086"}
{"check":"config-after-boot","result":"webui.session=Error: Key 'webui.session' not found\nwebui.boot=Error: Key 'webui.boot' not found\n-- list:\nwebui.installed=1"}
{"check":"tmp-after-boot","result":"total 24\ndrwx------ 2 root root 4096 2026-10-02 02:42 .\ndrwx------ 3 root root 4096 2026-10-02 02:37 ..\n-rw-rw-rw- 1 root root    4 2026-10-02 02:42 lab-marker"}
{"check":"start-1","result":"# via adb root (0 u:r:su:s0)\n{\"protocol\":1,\"version\":\"0.2.0\",\"port\":34073,\"token\":\"viJgnP_26ofHecv8rgRJDMLOFnGv2IkwQ-QU-Az4IzQ\",\"pid\":16939,\"boot\":\"4d5c4bbc-efbb-40db-898a-d68fd1550086\",\"started\":\"2026-10-02T02:43:09.915841Z\"}\nexit=0"}
{"check":"tmp-after-start-1","result":"total 16\ndrwx------ 2 root root 4096 2026-10-02 02:43 .\ndrwx------ 3 root root 4096 2026-10-02 02:37 .."}
{"check":"config-after-start-1","result":"webui.session={\"protocol\":1,\"version\":\"0.2.0\",\"port\":34073,\"token\":\"viJgnP_26ofHecv8rgRJDMLOFnGv2IkwQ-QU-Az4IzQ\",\"pid\":16939,\"boot\":\"4d5c4bbc-efbb-40db-898a-d68fd1550086\",\"started\":\"2026-10-02T02:43:09.915841Z\"}\nwebui.boot=4d5c4bbc-efbb-40db-898a-d68fd1550086\n-- list:\nwebui.boot=4d5c4bbc-efbb-40db-898a-d68fd1550086\nwebui.installed=1\nwebui.session={\"protocol\":1,\"version\":\"0.2.0\",\"port\":34073,\"token\":\"viJgnP_26ofHecv8rgRJDMLOFnGv2IkwQ-QU-Az4IzQ\",\"pid\":16939,\"boot\":\"4d5c4bbc-efbb-40db-898a-d68fd1550086\",\"started\":\"2026-10-02T02:43:09.915841Z\"}"}
{"check":"layout-after-start-1","result":"total 48\ndrwxr-xr-x 5 root root 4096 2026-10-02 02:37 .\ndrwxr-xr-x 8 root root 4096 2026-10-02 02:37 ..\ndrwxr-xr-x 2 root root 4096 2026-10-02 02:32 arm64-v8a\n-rwxr-xr-x 1 root root 1921 2026-10-02 02:32 root\ndrwx------ 3 root root 4096 2026-10-02 02:37 run\ndrwxr-xr-x 2 root root 4096 2026-10-02 02:32 x86_64\n-- run:\n700 root:root /data/adb/modules/demo/flutter_webui/run\n/data/adb/modules/demo/flutter_webui/run:\ntotal 44\ndrwx------ 3 root root 4096 2026-10-02 02:37 .\ndrwxr-xr-x 5 root root 4096 2026-10-02 02:37 ..\n-rw------- 1 root root    6 2026-10-02 02:43 lock\ndrwx------ 2 root root 4096 2026-10-02 02:39 proc\n-rw------- 1 root root   56 2026-10-02 02:43 root.log\n-rw------- 1 root root    0 2026-10-02 02:37 start.lock\n\n/data/adb/modules/demo/flutter_webui/run/proc:\ntotal 40\ndrwx------ 2 root root 4096 2026-10-02 02:39 .\ndrwx------ 3 root root 4096 2026-10-02 02:37 ..\n-rw------- 1 root root   36 2026-10-02 02:37 .boot\n-rw------- 1 root root    2 2026-10-02 02:39 1790908622015739-0.exit\n-rw------- 1 root root  215 2026-10-02 02:37 1790908622015739-0.log\n-- webroot/.run:\nls: /data/adb/modules/demo/webroot/.run: No such file or directory"}
{"check":"start-2","result":"# via adb root (0 u:r:su:s0)\n{\"protocol\":1,\"version\":\"0.2.0\",\"port\":34073,\"token\":\"viJgnP_26ofHecv8rgRJDMLOFnGv2IkwQ-QU-Az4IzQ\",\"pid\":16939,\"boot\":\"4d5c4bbc-efbb-40db-898a-d68fd1550086\",\"started\":\"2026-10-02T02:43:09.915841Z\"}\nexit=0"}
{"check":"same-pid","result":{"first":"16939","second":"16939","same":true}}
{"check":"delete-session","result":"exit=0"}
{"check":"start-3","result":"# via adb root (0 u:r:su:s0)\n{\"protocol\":1,\"version\":\"0.2.0\",\"port\":46481,\"token\":\"BmVZ-rSCGq5ak2E-cOAaJuwI7GzoxzAxrSgXpcfdgTo\",\"pid\":17036,\"boot\":\"4d5c4bbc-efbb-40db-898a-d68fd1550086\",\"started\":\"2026-10-02T02:43:10.463769Z\"}\nexit=0"}
{"check":"replaced","result":{"old":"16939","new":"17036","new_pid":true,"old_alive":"no"}}
{"check":"procs","result":"root         17036     1 u:r:su:s0                      dartaotruntime              dartaotruntime /data/adb/modules/demo/flutter_webui/x86_64/flutter_webui_root.aot serve --module-dir /data/adb/modules/demo --module-id demo --run-dir /data/adb/modules/demo/flutter_webui/run --temp-dir /data/adb/demo/tmp --announce"}
{"check":"root-log","result":"2026-10-02T02:43:10.470499 listening on 127.0.0.1:46481"}
{"check":"config-end","result":"webui.session={\"protocol\":1,\"version\":\"0.2.0\",\"port\":46481,\"token\":\"BmVZ-rSCGq5ak2E-cOAaJuwI7GzoxzAxrSgXpcfdgTo\",\"pid\":17036,\"boot\":\"4d5c4bbc-efbb-40db-898a-d68fd1550086\",\"started\":\"2026-10-02T02:43:10.463769Z\"}\nwebui.boot=4d5c4bbc-efbb-40db-898a-d68fd1550086\n-- list:\nwebui.session={\"protocol\":1,\"version\":\"0.2.0\",\"port\":46481,\"token\":\"BmVZ-rSCGq5ak2E-cOAaJuwI7GzoxzAxrSgXpcfdgTo\",\"pid\":17036,\"boot\":\"4d5c4bbc-efbb-40db-898a-d68fd1550086\",\"started\":\"2026-10-02T02:43:10.463769Z\"}\nwebui.installed=1\nwebui.boot=4d5c4bbc-efbb-40db-898a-d68fd1550086"}
{"check":"open","result":"opened: intent-token"}
{"check":"page-uid","result":["Say hello"]}
{"check":"hello-tap","result":{"url":"https://mui.kernelsu.org/index.html","socket":"webview_devtools_remote_17089","value":"tapped Say hello at 32,364 size 105x48 role button tappable"}}
{"check":"hello","result":["Say hello"]}
{"check":"start-after-page","result":"# via adb root (0 u:r:su:s0)\n{\"protocol\":1,\"version\":\"0.2.0\",\"port\":35247,\"token\":\"7KCPi3I6XwW20hqhuqbwzzClJVE2MJl9r6em5A55vQg\",\"pid\":17368,\"boot\":\"4d5c4bbc-efbb-40db-898a-d68fd1550086\",\"started\":\"2026-10-02T02:43:50.451754Z\"}\nexit=0"}
{"check":"layout-end","result":"total 48\ndrwxr-xr-x 5 root root 4096 2026-10-02 02:37 .\ndrwxr-xr-x 8 root root 4096 2026-10-02 02:37 ..\ndrwxr-xr-x 2 root root 4096 2026-10-02 02:32 arm64-v8a\n-rwxr-xr-x 1 root root 1921 2026-10-02 02:32 root\ndrwx------ 3 root root 4096 2026-10-02 02:37 run\ndrwxr-xr-x 2 root root 4096 2026-10-02 02:32 x86_64\n-- run:\n700 root:root /data/adb/modules/demo/flutter_webui/run\n/data/adb/modules/demo/flutter_webui/run:\ntotal 44\ndrwx------ 3 root root 4096 2026-10-02 02:37 .\ndrwxr-xr-x 5 root root 4096 2026-10-02 02:37 ..\n-rw------- 1 root root    6 2026-10-02 02:43 lock\ndrwx------ 2 root root 4096 2026-10-02 02:39 proc\n-rw------- 1 root root   56 2026-10-02 02:43 root.log\n-rw------- 1 root root    0 2026-10-02 02:37 start.lock\n\n/data/adb/modules/demo/flutter_webui/run/proc:\ntotal 40\ndrwx------ 2 root root 4096 2026-10-02 02:39 .\ndrwx------ 3 root root 4096 2026-10-02 02:37 ..\n-rw------- 1 root root   36 2026-10-02 02:37 .boot\n-rw------- 1 root root    2 2026-10-02 02:39 1790908622015739-0.exit\n-rw------- 1 root root  215 2026-10-02 02:37 1790908622015739-0.log\n-- webroot/.run:\nls: /data/adb/modules/demo/webroot/.run: No such file or directory"}
{"check":"app","result":"package:/product/app/WebuiApi_demo/WebuiApi_demo.apk\ntotal 3708\ndrwxr-xr-x 1 root root u:object_r:system_file:s0       60 2026-10-02 02:32 .\ndrwxr-xr-x 1 root root u:object_r:system_file:s0       60 2026-10-02 02:32 ..\n-rw-r--r-- 1 root root u:object_r:system_file:s0  3792939 2026-10-02 02:32 WebuiApi_demo.apk\n    codePath=/product/app/WebuiApi_demo\n    versionName=0.53.0-webui.6\n    privateFlags=[ PRIVATE_FLAG_ACTIVITIES_RESIZE_MODE_RESIZEABLE_VIA_SDK_VERSION PRIVATE_FLAG_REQUEST_LEGACY_EXTERNAL_STORAGE PRODUCT PRIVATE_FLAG_ALLOW_NATIVE_HEAP_POINTER_TAGGING ]\n    signatures=PackageSignatures{8a2a809 version:2, signatures:[33fe4edd], past signatures:[]}\n    pkgFlags=[ SYSTEM HAS_CODE ALLOW_CLEAR_USER_DATA ALLOW_BACKUP ]\n    requested permissions:\n    requested permissions:\n      android.permission.WRITE_SETTINGS\n      android.permission.POST_NOTIFICATIONS\n      android.permission.ACCESS_FINE_LOCATION\n      android.permission.MANAGE_EXTERNAL_STORAGE\n      android.permission.SYSTEM_ALERT_WINDOW\n      android.permission.NFC\n      android.permission.BODY_SENSORS\n      android.permission.READ_MEDIA_VISUAL_USER_SELECTED\n      android.permission.RECEIVE_BOOT_COMPLETED\n      android.permission.REQUEST_IGNORE_BATTERY_OPTIMIZATIONS\n      android.permission.INTERNET\n      android.permission.TRANSMIT_IR"}
{"check":"mounts","result":"lrwxrwxrwx 1 root root 26 2026-10-02 02:31 /data/adb/metamodule -> /data/adb/modules/mountify\noverlay /product/app overlay ro,seclabel,relatime,lowerdir=/mnt/vendor/mountify/product/app:/product/app,redirect_dir=on 0 0\noverlay /product/app overlay ro,seclabel,relatime,lowerdir=/mnt/vendor/mountify/product/app:/product/app,redirect_dir=on 0 0\nCalendarGooglePrebuilt Camera2 Chrome Chrome-Stub Drive GoogleContacts GoogleTTS LatinIMEGooglePrebuilt LicenseChecker Maps MarkupGoogle_v2 ModuleMetadataGoogle NexusWallpapersStubPrebuilt2018 Photos PixelThemesStub PrebuiltDeskClockGoogle PrebuiltGmail PrebuiltGoogleAdservicesTvp PrebuiltGoogleTelemetryTvp SoundPickerPrebuilt TrichromeLibrary TrichromeLibrary-Stub WebViewGoogle WebViewGoogle-Stub WebuiApi_demo YouTube YouTubeMusicPrebuilt talkback"}
{"check":"app-label","result":"2 activities found:\n  Activity #0:\n    priority=0 preferredOrder=0 match=0x108000 specificIndex=-1 isDefault=true\n    com.webui.api.demo/com.termux.api.apis.NfcAPI$NfcActivity\n  Activity #1:"}
{"check":"module-config","result":"manage module configuration\n\nUsage: ksud module config [OPTIONS] <COMMAND>\n\nCommands:\n  get     Get a config value\n  set     Set a config value\n  list    List all config entries\n  delete  Delete a config entry\n  clear   Clear all config entries\n  help    Print this message or the help of the given subcommand(s)\n\n-- files:\ntotal 32\ndrwxr-xr-x 2 root root 4096 2026-10-02 02:43 .\ndrwxr-xr-x 3 root root 4096 2026-10-02 02:32 ..\n-rw-r--r-- 1 root root   36 2026-10-02 02:32 persist.config\n-rw-rw-rw- 1 root root  284 2026-10-02 02:43 tmp.config\n== /data/adb/ksu/module_configs/demo/persist.config\nMUSK\u0001\u0000\u0000\u0000\u0001\u0000\u0000\u0000\u000f\u0000\u0000\u0000webui.installed\u0001\u0000\u0000\u00001\n== /data/adb/ksu/module_configs/demo/tmp.config\nMUSK\u0001\u0000\u0000\u0000\u0002\u0000\u0000\u0000\u0000\u0000\u0000webui.session\udcc5\u0000\u0000\u0000{\"protocol\":1,\"version\":\"0.2.0\",\"port\":35247,\"token\":\"7KCPi3I6XwW20hqhuqbwzzClJVE2MJl9r6em5A55vQg\",\"pid\":17368,\"boot\":\"4d5c4bbc-efbb-40db-898a-d68fd1550086\",\"started\":\"2026-10-02T02:43:50.451754Z\"}\n\u0000\u0000\u0000webui.boot$\u0000\u0000\u00004d5c4bbc-efbb-40db-898a-d68fd1550086\n-- ksud get:\n1\nwebui.session={\"protocol\":1,\"version\":\"0.2.0\",\"port\":35247,\"token\":\"7KCPi3I6XwW20hqhuqbwzzClJVE2MJl9r6em5A55vQg\",\"pid\":17368,\"boot\":\"4d5c4bbc-efbb-40db-898a-d68fd1550086\",\"started\":\"2026-10-02T02:43:50.451754Z\"}\nwebui.boot=4d5c4bbc-efbb-40db-898a-d68fd1550086\nwebui.installed=1"}
{"check":"module-dirs","result":"/data/adb/demo:\ntotal 24\ndrwx------ 3 root root 4096 2026-10-02 02:37 .\ndrwx------ 7 root root 4096 2026-10-02 02:37 ..\ndrwx------ 2 root root 4096 2026-10-02 02:43 tmp\n\n/data/adb/demo/tmp:\ntotal 16\ndrwx------ 2 root root 4096 2026-10-02 02:43 .\ndrwx------ 3 root root 4096 2026-10-02 02:37 .."}
{"check":"open","result":"opened: intent-token"}
{"check":"tap-places","result":{"url":"https://mui.kernelsu.org/index.html","socket":"webview_devtools_remote_17468","value":"tapped Places at 16,572 size 288x56 role button tappable"}}
{"check":"tap-plugins","result":{"url":"https://mui.kernelsu.org/index.html","socket":"webview_devtools_remote_17468","value":"tapped Plugins at 267,536 size 53x80 role tab tappable"}}
{"check":"plugins","result":The app calls share_plus, permission_handler, the clipboard and file_selector as on any platform. Running in a WebUI host, so their *_webui packages answer.
share_plus
On WebUI: share_plus_webui: Android's share sheet, opened by the module's own app
Share text
permission_handler
On WebUI: permission_handler_webui: Android's own permission dialog, for the module's own app
Camera: denied}
{"check":"tap-share","result":{"url":"https://mui.kernelsu.org/index.html","socket":"webview_devtools_remote_17468","value":"tapped Share text at 24,278 size 112x48 role button tappable"}}
{"check":"share-top","result":"com.android.intentresolver/.ChooserActivityLauncher"}
{"check":"app-process","result":"u0_a210      10210 u:r:untrusted_app_27:s0:c210,c256,c512,c768 17767 com.webui.api.demo"}
{"check":"share-log","result":"10-02 02:44:38.574 17857 17857 I ResolverListAdapter: Add DisplayResolveInfo component: ComponentInfo{com.google.android.apps.docs/com.google.android.apps.docs.common.shareitem.UploadMenuActivity}, intent component: ComponentInfo{com.google.android.apps.docs/com.google.android.apps.docs.common.shareitem.UploadMenuActivity}\n10-02 02:44:38.574 17857 17857 I ResolverListAdapter: Add DisplayResolveInfo component: ComponentInfo{com.google.android.apps.messaging/com.google.android.apps.messaging.ui.conversationlist.ShareIntentActivity}, intent component: ComponentInfo{com.google.android.apps.messaging/com.google.android.apps.messaging.ui.conversationlist.ShareIntentActivity}\n10-02 02:44:38.576 14691 14705 D CoreBackPreview: Window{c6cfb0e u0 com.android.intentresolver/com.android.intentresolver.ChooserActivityLauncher}: Setting back callback OnBackInvokedCallbackInfo{mCallback=android.window.IOnBackInvokedCallback$Stub$Proxy@6717b3c, mPriority=0, mIsAnimationCallback=false}\n10-02 02:44:39.006 17857 17857 D ChooserActivity: onListRebuilt(listAdapter.userHandle=UserHandle{0}, rebuildComplete=true)\n10-02 02:44:39.007 17857 17857 D ChooserActivity: app target loading time 454 ms\n10-02 02:44:39.017 14691 14710 I ActivityTaskManager: Displayed com.android.intentresolver/.ChooserActivityLauncher for user 0: +573ms\n10-02 02:44:39.018 14691 14710 V WindowManager: Sent Transition (#16) createdAt=10-02 02:44:38.443 via request=TransitionRequestInfo { type = OPEN, triggerTask = TaskInfo{userId=0 taskId=44 displayId=0 isRunning=true baseIntent=Intent { act=android.intent.action.CHOOSER flg=0x10800000 cmp=com.android.intentresolver/.ChooserActivityLauncher } baseActivity=ComponentInfo{com.android.intentresolver/com.android.intentresolver.ChooserActivity} topActivity=ComponentInfo{com.android.intentresolver/com.android.intentresolver.ChooserActivity} origActivity=ComponentInfo{com.android.intentresolver/com.android.intentresolver.ChooserActivityLauncher} realActivity=ComponentInfo{com.android.intentresolver/com.android.intentresolver.ChooserActivity} numActivities=1 lastActiveTime=894181 supportsMultiWindow=true resizeMode=1 isResizeable=true minWidth=-1 minHeight=-1 defaultMinSize=220 token=WCT{RemoteToken{b790f28 Task{1c241bd #44 type=standard A=10106:com.android.intentresolver}}} topActivityType=1 pictureInPictureParams=null shouldDockBigOverlays=false launchIntoPipHostTaskId=-1 lastParentTaskIdBeforePip=-1 displayCutoutSafeInsets=null topActivityInfo=ActivityInfo{619d441 com.android.intentresolver.ChooserActivityLauncher} launchCookies=[] positionInParent=Point(0, 0) parentTaskId=-1 isFocused=false isVisible=false isVisibleRequested=false isSleeping=false locusId=null displayAreaFeatureId=1 isTopActivityTransparent=true appCompatTaskInfo=AppCompatTaskInfo { topActivityInSizeCompat=false topActivityEligibleForLetterboxEducation= falseisLetterboxEducationEnabled= true isLetterboxDoubleTapEnabled= false topActivityEligibleForUserAspectRatioButton= false topActivityBoundsLetterboxed= false isFromLetterboxDoubleTap= false topActivityLetterboxVerticalPosition= -1 topActivityLetterboxHorizontalPosition= -1 topActivityLetterboxWidth=320 topActivityLetterboxHeight=640 isUserFullscreenOverrideEnabled=false isSystemFullscreenOverrideEnabled=false cameraCompatTaskInfo=CameraCompatTaskInfo { cameraCompatControlState=hidden freeformCameraCompatMode=inactive}}}, pipTask = null, remoteTransition = null, displayChange = null, flags = 0, debugId = 16 }\n10-02 02:44:39.024 17857 17857 D ChooserActivity: onShortcutsLoaded for user: UserHandle{0}\n10-02 02:44:39.025 17857 17857 D ChooserActivity: stat to first shortcut time: 458 ms\n10-02 02:44:39.253 17857 17857 D ChooserActivity: onAppTargetsLoaded(listAdapter.userHandle=UserHandle{0})\n10-02 02:44:46.591 17905 17905 W app_process: ClassLoaderContext shared library size mismatch. Expected=2, found=0 (PCL[]{PCL[/system/framework/android.test.base.jar*724373495]#PCL[/system/framework/android.test.mock.jar*1452759902]} | PCL[])\n10-02 02:44:48.498 14691 14785 D ActivityManager: freezing 17767 com.webui.api.demo"}
{"check":"share-result","result":null}
{"check":"cam-deny-1-tap","result":{"url":"https://mui.kernelsu.org/index.html","socket":"webview_devtools_remote_17468","value":"tapped Request camera at 24,470 size 150x48 role button"}}
{"check":"cam-deny-1-top","result":"com.android.intentresolver/.ChooserActivityLauncher"}
{"check":"cam-deny-1-dialog","result":"Close app\nWait"}
{"check":"cam-deny-1-press","result":"ui: dismissed ANR dialog\nui: no node with 'Don'"}
{"check":"cam-deny-1-status","result":permission_handler
On WebUI: permission_handler_webui: Android's own permission dialog, for the module's own app
Camera: denied}
{"check":"cam-deny-1-perm","result":"android.permission.CAMERA\n      android.permission.SET_WALLPAPER\n--\n        android.permission.CAMERA: granted=false, flags=[ USER_SENSITIVE_WHEN_GRANTED|USER_SENSITIVE_WHEN_DENIED]"}
{"check":"cam-deny-2-tap","result":{"url":"https://mui.kernelsu.org/index.html","socket":"webview_devtools_remote_17468","value":"tapped Request camera at 24,470 size 150x48 role button"}}
{"check":"cam-deny-2-top","result":"com.android.intentresolver/.ChooserActivityLauncher"}
{"check":"cam-deny-2-dialog","result":"Copy\nQuick Share\nChrome\nDrive | Copy to clipboard\nDrive\nMessages"}
{"check":"cam-deny-2-press","result":"ui: no node with 'Don'"}
{"check":"cam-deny-2-status","result":permission_handler
On WebUI: permission_handler_webui: Android's own permission dialog, for the module's own app
Camera: denied}
{"check":"cam-deny-2-perm","result":"android.permission.CAMERA\n      android.permission.SET_WALLPAPER\n--\n        android.permission.CAMERA: granted=false, flags=[ USER_SENSITIVE_WHEN_GRANTED|USER_SENSITIVE_WHEN_DENIED]"}
{"check":"cam-after-deny-tap","result":{"url":"https://mui.kernelsu.org/index.html","socket":"webview_devtools_remote_17468","value":"tapped Request camera at 24,470 size 150x48 role button"}}
{"check":"cam-after-deny-top","result":"com.android.intentresolver/.ChooserActivityLauncher"}
{"check":"cam-after-deny-dialog","result":"Copy\nQuick Share\nChrome\nDrive | Copy to clipboard\nDrive\nMessages"}
{"check":"cam-after-deny-status","result":permission_handler
On WebUI: permission_handler_webui: Android's own permission dialog, for the module's own app
Camera: denied}
{"check":"cam-after-deny-perm","result":"android.permission.CAMERA\n      android.permission.SET_WALLPAPER\n--\n        android.permission.CAMERA: granted=false, flags=[ USER_SENSITIVE_WHEN_GRANTED|USER_SENSITIVE_WHEN_DENIED]"}
{"check":"cam-grant-tap","result":{"url":"https://mui.kernelsu.org/index.html","socket":"webview_devtools_remote_17468","value":"tapped Request camera at 24,490 size 150x46 role button tappable"}}
{"check":"cam-grant-top","result":"com.google.android.permissioncontroller/com.android.permissioncontroller.permission.ui.GrantPermissionsActivity"}
{"check":"cam-grant-dialog","result":"Allow Demo to take pictures and record video? | While using the app | Only this time | Don\u2019t allow\nAllow Demo to take pictures and record video? | While using the app | Only this time | Don\u2019t allow\nWhile using the app\nOnly this time\nDon\u2019t allow"}
{"check":"cam-grant-press","result":"ui: tapped 'While using the app' at 160,333"}
{"check":"cam-grant-status","result":permission_handler
On WebUI: permission_handler_webui: Android's own permission dialog, for the module's own app
Camera: granted}
{"check":"cam-grant-perm","result":"android.permission.CAMERA\n      android.permission.SET_WALLPAPER\n--\n        android.permission.CAMERA: granted=true, flags=[ USER_SET|USER_SENSITIVE_WHEN_GRANTED|USER_SENSITIVE_WHEN_DENIED]"}
{"check":"clip-listen","result":{"url":"https://mui.kernelsu.org/index.html","socket":"webview_devtools_remote_17468","value":"listening"}}
{"check":"clip-paste-tap","result":{"url":"https://mui.kernelsu.org/index.html","socket":"webview_devtools_remote_17468","value":"tapped Paste at 139,80 size 84x42 role button tappable"}}
{"check":"clip-paste-top","result":"me.weishu.kernelsu/.ui.webui.WebUIActivity"}
{"check":"clip-pasted","result":Clipboard (flutter/services)
On WebUI: clipboard_webui: Android's clipboard, through the module's own app
Pasted: lab-clip-10504
Paste}
{"check":"clip-blips","result":{"url":"https://mui.kernelsu.org/index.html","socket":"webview_devtools_remote_17468","value":"[[163286,\"visibility hidden\"],[163490,\"visibility visible\"]]"}}
{"check":"clip-process","result":"u0_a210      u:r:untrusted_app_27:s0:c210,c256,c512,c768 com.webui.api.demo"}
{"check":"clip-copy-tap","result":{"url":"https://mui.kernelsu.org/index.html","socket":"webview_devtools_remote_17468","value":"tapped Copy text at 24,80 size 107x42 role button tappable"}}
{"check":"clip-copied","result":Clipboard (flutter/services)
On WebUI: clipboard_webui: Android's clipboard, through the module's own app
Copy: copied
Pasted: lab-clip-10504
Copy text}
{"check":"clip-ext-paste","result":"text=\"\" text=\"\" text=\"\" text=\"\" text=\"\""}
{"check":"pick-tap","result":{"url":"https://mui.kernelsu.org/index.html","socket":"webview_devtools_remote_17468","value":"tapped Pick a file at 24,222 size 109x48 role button tappable"}}
{"check":"pick-top","result":"com.google.android.documentsui/com.android.documentsui.picker.PickActivity"}
{"check":"picked","result":file_selector
On WebUI: file_selector_webui: the WebView's file chooser
Picked: /data/adb/demo/tmp/open-hmtocpujy8-0/lab-pick.txt
Pick a file}
{"check":"pick-files","result":"/data/adb/demo/tmp:\ntotal 24\ndrwx------ 3 root root u:object_r:adb_data_file:s0  4096 2026-10-02 02:47 .\ndrwx------ 3 root root u:object_r:adb_data_file:s0  4096 2026-10-02 02:37 ..\ndrwx------ 2 root root u:object_r:adb_data_file:s0  4096 2026-10-02 02:47 open-hmtocpujy8-0\n\n/data/adb/demo/tmp/open-hmtocpujy8-0:\ntotal 24\ndrwx------ 2 root root u:object_r:adb_data_file:s0  4096 2026-10-02 02:47 .\ndrwx------ 3 root root u:object_r:adb_data_file:s0  4096 2026-10-02 02:47 ..\n-rw------- 1 root root u:object_r:adb_data_file:s0     9 2026-10-02 02:47 lab-pick.txt"}
{"check":"app-settings","result":"Archive\nDisable\nForce stop\nNotifications | Off\nPermissions | Camera\nStorage & cache | 115 kB used in internal storage\nNavigate up\nOpen"}
{"check":"uninstall","result":""}
{"check":"after-uninstall","result":"ls: /data/adb/modules/demo: No such file or directory\nls: /data/adb/demo: No such file or directory\nls: /data/adb/ksu/module_configs/demo: No such file or directory\n/product/app/WebuiApi_demo\npackage:/product/app/WebuiApi_demo/WebuiApi_demo.apk\npackage:com.webui.api.demo"}
