yes: standard output: Broken pipe
Auto-selecting single ABI x86_64
Do you wish to create a custom hardware profile? [no] lab.avd
lab.ini
emulator Android emulator version 37.2.12.0 (build_id 16428233) (CL:N/A)
* daemon not running; starting now at tcp:5037
* daemon started successfully
booted in 26s: google/sdk_gphone64_x86_64/emu64xa:15/AE3A.240806.043/12960925:userdebug/dev-keys
kernel 6.6.50-android15-8-g8adecb593e9b-ab12525588 -> kmi android15-6.6; tiann/KernelSU v3.3.0
total 16428
drwx------  2 runner runner     4096 Oct  2 00:33 .
drwxrwxrwt 16 root   root       4096 Oct  2 00:32 ..
-rw-r--r--  1 runner runner 10777987 Oct  2 00:33 KernelSU_v3.3.0_32601-release.apk
-rw-r--r--  1 runner runner  5713312 Oct  2 00:33 ksud-x86_64-linux-android
-rw-r--r--  1 runner runner   318824 Oct  2 00:33 lkm-x86_64-android15-6.6_kernelsu.ko
== manager installed (me.weishu.kernelsu, KernelSU_v3.3.0_32601-release.apk)
/tmp/tmp.NnplEjr1vR/lkm-x86_64-android15-6.6_kernelsu.ko: 1 file pushed, 0 skipped. 9.0 MB/s (318824 bytes in 0.034s)
/tmp/tmp.NnplEjr1vR/ksud-x86_64-linux-android: 1 file pushed, 0 skipped. 104.2 MB/s (5713312 bytes in 0.052s)
== ksud: ksud 3.3.0 (uapi: 2)
== ksud late-load: rc=0
== ksud insmod /data/adb/kernelsu.ko: Error: load module failed: /data/adb/kernelsu.ko

Caused by:
    0: init_module failed without vermagic mismatch
    1: File exists (os error 17)
rc=1
kernelsu              159744  0 
== lsmod: kernelsu              159744  1 
KernelSU_v3.3.0_32601-release.apk
ksud-aarch64-apple-darwin
ksud-aarch64-linux-android
ksud-aarch64-unknown-linux-musl
ksud-x86_64-apple-darwin
ksud-x86_64-linux-android
ksud-x86_64-pc-windows-gnu.exe
ksud-x86_64-unknown-linux-musl
ksuinit-aarch64
ksuinit-x86_64
lkm-aarch64-android12-5.10_kernelsu.ko
lkm-aarch64-android13-5.10_kernelsu.ko
lkm-aarch64-android13-5.15_kernelsu.ko
lkm-aarch64-android14-5.15_kernelsu.ko
lkm-aarch64-android14-6.1_kernelsu.ko
lkm-aarch64-android15-6.6_kernelsu.ko
lkm-aarch64-android16-6.12_kernelsu.ko
lkm-aarch64-android17-6.18_kernelsu.ko
lkm-x86_64-android12-5.10_kernelsu.ko
lkm-x86_64-android13-5.10_kernelsu.ko
lkm-x86_64-android13-5.15_kernelsu.ko
lkm-x86_64-android14-5.15_kernelsu.ko
lkm-x86_64-android14-6.1_kernelsu.ko
lkm-x86_64-android15-6.6_kernelsu.ko
lkm-x86_64-android16-6.12_kernelsu.ko
lkm-x86_64-android17-6.18_kernelsu.ko
== no metamodule asset in tiann/KernelSU v3.3.0
/home/runner/work/devicelab/devicelab/modules/probe/./: 2 files pushed, 0 skipped. 0.0 MB/s (1474 bytes in 0.049s)
== modules: [
  {
    "web": "true",
    "versionCode": "1",
    "author": "p0g-stack",
    "enabled": "true",
    "id": "devicelab_probe",
    "name": "devicelab probe",
    "version": "1",
    "update": "false",
    "remove": "false",
    "description": "Observation module for devicelab. Its WebUI page is driven over DevTools.",
    "mount": "false",
    "action": "false"
  }
]
SELinux: Loaded file context from:
		/system/etc/selinux/plat_file_contexts
		/system_ext/etc/selinux/system_ext_file_contexts
		/vendor/etc/selinux/vendor_file_contexts
== home text: text="LKM" text="Working [Jailbreak mode]" text="Version: 32601-2" text="Manager version" text="v3.3.0 (32601-2)" text="Kernel version" text="6.6.50-android15-8-g8adecb593e9b-ab12525588" text="Device model" text="Google sdk_gphone64_x86_64" text="Fingerprint" text="google/sdk_gphone64_x86_64/emu64xa:15/AE3A.240806.043/12960925:userdebug/dev-keys" text="Enforcing" text="KernelSU" text="Home" text="Superuser" text="1" text="Module" text="Settings" 
== manager activities: me.weishu.kernelsu/.magica.BootCompletedReceiver me.weishu.kernelsu/.ui.MainActivity me.weishu.kernelsu/androidx.core.content.FileProvider me.weishu.kernelsu/androidx.profileinstaller.ProfileInstallReceiver me.weishu.kernelsu/androidx.startup.InitializationProvider 
inputs/modules/flutter_webui_counter-0.1.5.zip: 1 file pushed, 0 skipped. 276.7 MB/s (21434766 bytes in 0.074s)
== install flutter_webui_counter-0.1.5.zip
  inflating: webroot/fonts/notocoloremoji/v32/Yq6P-KqIXTD0t4D9z1ESnKM3-HpFabsE4tq3luCC7p-aXxcn.3.woff2
  inflating: webroot/fonts/notocoloremoji/v32/Yq6P-KqIXTD0t4D9z1ESnKM3-HpFabsE4tq3luCC7p-aXxcn.8.woff2
  inflating: webroot/fonts/notocoloremoji/v32/Yq6P-KqIXTD0t4D9z1ESnKM3-HpFabsE4tq3luCC7p-aXxcn.2.woff2
   creating: webroot/fonts/notosansmath/
   creating: webroot/fonts/notosansmath/v15/
  inflating: webroot/fonts/notosansmath/v15/7Aump_cpkSecTWaHRlH2hyV5UHkD-V048PW0.woff2
   creating: webroot/fonts/roboto/
   creating: webroot/fonts/roboto/v32/
  inflating: webroot/fonts/roboto/v32/KFOmCnqEu92Fr1Me4GZLCzYlKw.woff2
  inflating: webroot/.last_build_id
  inflating: webroot/config.json
  inflating: webroot/flutter_webui.js
  inflating: customize.sh
- Done
- Module installed successfully!
inputs/modules/counter-v1.0.0.zip: 1 file pushed, 0 skipped. 450.8 MB/s (6582359 bytes in 0.014s)
== install counter-v1.0.0.zip
  inflating: webroot/canvaskit/chromium/canvaskit.wasm
  inflating: webroot/config.json
  inflating: webroot/favicon.png
  inflating: webroot/flutter.js
  inflating: webroot/flutter_bootstrap.js
  inflating: webroot/icons/Icon-192.png
  inflating: webroot/icons/Icon-512.png
  inflating: webroot/icons/Icon-maskable-192.png
  inflating: webroot/icons/Icon-maskable-512.png
  inflating: webroot/index.html
  inflating: webroot/main.dart.js
  inflating: webroot/manifest.json
  inflating: webroot/version.json
- Done
- Module installed successfully!
inputs/modules/demo.zip: 1 file pushed, 0 skipped. 328.6 MB/s (28109334 bytes in 0.082s)
== install demo.zip
  inflating: webroot/manifest.json
  inflating: webroot/pkg/.gitignore
  inflating: webroot/pkg/demo_native.js
  inflating: webroot/pkg/demo_native_bg.wasm
  inflating: webroot/pkg/package.json
  inflating: webroot/version.json
  inflating: webroot/workers/demo_service.web.g.dart.js
  inflating: webroot/workers/hello_service.web.g.dart.js
  inflating: webui_app_plane/arm64-v8a/webui_termux_api.aot
  inflating: webui_app_plane/termux-api
  inflating: webui_app_plane/x86_64/webui_termux_api.aot
! No metamodule installed: this module's app needs one to be mounted (KernelSU 3.x)
- Handle partition /product
- Done
- Module installed successfully!
/home/runner/work/devicelab/devicelab/app_plane.zip: 1 file pushed, 0 skipped. 294.5 MB/s (4528282 bytes in 0.015s)
== install app_plane.zip
Archive:  /data/local/tmp/m.zip
- Extracting module files
Archive:  /data/local/tmp/m.zip
  inflating: post-fs-data.sh
  inflating: module.prop
   creating: system/
   creating: system/product/
   creating: system/product/app/
   creating: system/product/app/WebuiTermuxApi/
  inflating: system/product/app/WebuiTermuxApi/WebuiTermuxApi.apk
  inflating: service.sh
  inflating: sockprobe
- Handle partition /product
- Done
- Module installed successfully!
/home/runner/work/devicelab/devicelab/envdump.zip: 1 file pushed, 0 skipped. 23.2 MB/s (1766 bytes in 0.000s)
== install envdump.zip
 devicelab envdump 
 by p0g-stack 
*******************
*********************
 Powered by KernelSU 
*********************
Archive:  /data/local/tmp/m.zip
  inflating: customize.sh
- Extracting module files
Archive:  /data/local/tmp/m.zip
  inflating: module.prop
  inflating: customize.sh
- devicelab envdump: written /data/local/tmp/customize-env.txt
- Done
- Module installed successfully!
== soft-reboot: 
== after soft-reboot (40s): [
  {
    "name": "devicelab probe",
    "enabled": "true",
    "mount": "false",
    "versionCode": "1",
    "id": "devicelab_probe",
    "author": "p0g-stack",
    "description": "Observation module for devicelab. Its WebUI page is driven over DevTools.",
    "update": "false",
    "remove": "false",
    "web": "true",
    "version": "1",
    "action": "false"
  },
  {
    "action": "false",
    "name": "flutter-webui Counter",
    "mount": "false",
    "version": "0.1.5",
    "enabled": "true",
    "remove": "false",
    "versionCode": "6",
    "id": "flutter_webui_counter",
    "author": "p0g-stack",
    "description": "Stock Flutter counter app on flutter-webui (devicelab bring-up build).",
    "update": "false",
    "web": "true"
  },
  {
    "id": "counter",
    "versionCode": "1",
    "remove": "false",
    "description": "A new Flutter project.",
    "mount": "false",
    "enabled": "true",
    "author": "Yuv",
    "web": "true",
    "update": "false",
    "version": "v1.0.0",
    "action": "false",
    "name": "Counter"
  },
  {
    "description": "The demo GUI. Flutter on top of the core.",
    "updateJson": "https://github.com/p0g-stack/demo/releases/latest/download/update.json",
    "name": "Demo",
    "version": "v0.1.38",
    "author": "",
    "id": "demo",
    "remove": "false",
    "enabled": "true",
    "versionCode": "38",
    "web": "true",
    "update": "false",
    "action": "false",
    "mount": "true"
  },
  {
    "update": "false",
    "versionCode": 
total 64
drwxrwxrwx 8 root root 4096 2026-10-02 00:33 .
drwx------ 5 root root 4096 2026-10-02 00:33 ..
drwxr-xr-x 3 root root 4096 2026-10-02 00:33 counter
drwxr-xr-x 8 root root 4096 2026-10-02 00:33 demo
drwxr-xr-x 4 root root 4096 2026-10-02 00:33 devicelab_app_plane
drwxr-xr-x 2 root root 4096 2026-10-02 00:33 devicelab_envdump
drwxr-xr-x 3 root root 4096 2026-10-02 00:33 devicelab_probe
drwxr-xr-x 4 root root 4096 2026-10-02 00:33 flutter_webui_counter
/home/runner/work/devicelab/devicelab/out/labserver: 1 file pushed, 0 skipped. 228.1 MB/s (7843260 bytes in 0.033s)
Starting: Intent { cmp=me.weishu.kernelsu/.ui.webui.WebUIActivity (has extras) }
Status: ok
Activity: me.weishu.kernelsu/.ui.webui.WebUIActivity








Status: ok








Status: ok
https://mui.kernelsu.org/index.html
token found in manager data: 0000000000000000000000000000000000000000000000000000000000000000
opened: intent-token
{"check":"targets","result":[{"socket": "webview_devtools_remote_8517", "type": "page", "url": "https://mui.kernelsu.org/index.html", "title": "devicelab probe"}]}
{"check":"globals","result":{"url":"https://mui.kernelsu.org/index.html","socket":"webview_devtools_remote_8517","value":{"ua":"Mozilla/5.0 (Linux; Android 15; sdk_gphone64_x86_64 Build/AE3A.240806.043; wv) AppleWebKit/537.36 (KHTML, like Gecko) Version/4.0 Chrome/124.0.6367.219 Mobile Safari/537.36","origin":"https://mui.kernelsu.org","href":"https://mui.kernelsu.org/index.html","globals":["ksu"],"ksu":["enableEdgeToEdge","exec","exit","fullScreen","getPackagesInfo","listPackages","moduleInfo","spawn","toast","enableEdgeToEdge","exec","exit","fullScreen","getPackagesInfo","listPackages","moduleInfo","spawn","toast"]}}}
{"check":"ksu-exec","result":{"url":"https://mui.kernelsu.org/index.html","socket":"webview_devtools_remote_8517","value":{"code":0,"out":"uid=0(root) gid=0(root) groups=0(root) context=u:r:ksu:s0\nu:r:ksu:s0\u0000","err":""}}}
{"check":"ws-loopback","result":{"url":"https://mui.kernelsu.org/index.html","socket":"webview_devtools_remote_8517","value":{"got":["{\"origin\":\"https://mui.kernelsu.org\",\"peerUid\":10209,\"remote\":\"127.0.0.1:34476\",\"serverUid\":0,\"t\":1790901301461,\"uidSource\":\"/proc/net/tcp\"}","hi"],"ms":14}}}
{"check":"fetch-loopback","result":{"url":"https://mui.kernelsu.org/index.html","socket":"webview_devtools_remote_8517","value":{"origin":"https://mui.kernelsu.org","peerUid":10209,"remote":"127.0.0.1:34482","serverUid":0,"t":1790901301593,"uidSource":"/proc/net/tcp"}}}
{"check":"webview-uid","result":["webview_zygote 1053 webview_zygote", "u0_a209      10209 me.weishu.kernelsu", "u0_a151      10151 com.google.android.webview:webview_service", "u0_i9000     99000 com.google.android.webview:sandboxed_process0:org.chromium.content.app.SandboxedProcessService0:0"]}
{"check":"while-home-heartbeat","result":{"url":"https://mui.kernelsu.org/index.html","socket":"webview_devtools_remote_8517","value":{"now":9904,"vis":"hidden"}}}
{"check":"lifecycle","result":{"url":"https://mui.kernelsu.org/index.html","socket":"webview_devtools_remote_8517","value":{"events":[{"type":"pageshow","t":133,"vis":"visible"},{"type":"visibilitychange","t":3766,"vis":"hidden"},{"type":"visibilitychange","t":12063,"vis":"visible"}],"gaps":[{"from":10231,"ms":1000,"vis":"hidden"}],"slow":{"heldMs":3002,"sentAt":1790901304758,"resolvedAt":1790901304761,"vis":"hidden"}}}}
{"check":"dev-url","result":{"url":"http://127.0.0.1:8090/index.html","socket":"webview_devtools_remote_8517","value":{"href":"http://127.0.0.1:8090/index.html","ksu":"object","webui":"undefined","globals":["ksu"],"exec":{"code":0,"out":"uid=0(root) gid=0(root) groups=0(root) context=u:r:ksu:s0","err":""}}}}
Starting: Intent { cmp=me.weishu.kernelsu/.ui.webui.WebUIActivity (has extras) }
Status: ok
Activity: me.weishu.kernelsu/.ui.webui.WebUIActivity








Status: ok








Status: ok
https://mui.kernelsu.org/index.html
token found in manager data: 0000000000000000000000000000000000000000000000000000000000000000
opened: intent-token
{"check":"targets","result":[{"type": "page", "url": "https://mui.kernelsu.org/index.html", "title": "Flutter Demo"}]}
{"check":"page","result":{"url":"https://mui.kernelsu.org/index.html","socket":"webview_devtools_remote_8940","value":{"href":"https://mui.kernelsu.org/index.html","title":"Flutter Demo","ready":"complete","flutter":true,"glass":true,"nav":{"dcl":287,"load":574},"paint":{"first-paint":1194,"first-contentful-paint":1982},"glassAt":"present","firstFrame":null,"insets":"24px","vv":[320,640,1]}}}
{"check":"java-exceptions","result":["10-02 00:35:29.448  6960  7464 D OneSearchSuggestProvider: \tat com.google.android.apps.nexuslauncher.allapps.E0.onResult(go/retraceme 31f9979659277bb965985aff1272c33e3c3c9e755b77166d20a2465454178f2c:67)", "10-02 00:35:29.448  6960  7464 D OneSearchSuggestProvider: \tat android.app.appsearch.SearchSessionUtil$1.lambda$onResult$0(go/retraceme 64eee9e9f568ff45978879ad2ff83146f2618ee8a88278736fbdf5fae931976e:144)", "10-02 00:35:29.448  6960  7464 D OneSearchSuggestProvider: \tat android.app.appsearch.SearchSessionUtil$1.$r8$lambda$CEk3q8sDAQVhU3rQwVueB8FAj_M(go/retraceme 64eee9e9f568ff45978879ad2ff83146f2618ee8a88278736fbdf5fae931976e:1)", "10-02 00:35:29.448  6960  7464 D OneSearchSuggestProvider: \tat android.app.appsearch.SearchSessionUtil$1$$ExternalSyntheticLambda0.run(go/retraceme 64eee9e9f568ff45978879ad2ff83146f2618ee8a88278736fbdf5fae931976e:22)", "10-02 00:35:29.448  6960  7464 D OneSearchSuggestProvider: \tat android.os.Handler.handleCallback(Handler.java:959)", "10-02 00:35:29.448  6960  7464 D OneSearchSuggestProvider: \tat android.os.Handler.dispatchMessage(Handler.java:100)", "10-02 00:35:29.448  6960  7464 D OneSearchSuggestProvider: \tat android.os.Looper.loopOnce(Looper.java:232)", "10-02 00:35:29.448  6960  7464 D OneSearchSuggestProvider: \tat android.os.Looper.loop(Looper.java:317)", "10-02 00:35:29.448  6960  7464 D OneSearchSuggestProvider: \tat android.os.HandlerThread.run(HandlerThread.java:85)", "10-02 00:35:29.448  6960  7464 D OneSearchSuggestProvider: Caused by: java.util.NoSuchElementException: No value present", "10-02 00:35:29.448  6960  7464 D OneSearchSuggestProvider: \tat java.util.Optional.get(Optional.java:143)", "10-02 00:35:29.448  6960  7464 D OneSearchSuggestProvider: \tat com.google.android.apps.nexuslauncher.allapps.E0.onResult(go/retraceme 31f9979659277bb965985aff1272c33e3c3c9e755b77166d20a2465454178f2c:28)", "10-02 00:35:29.448  6960  7464 D OneSearchSuggestProvider: \t... 8 more", "10-02 00:35:29.449  6960  7464 D OneSearchSuggestProvider: Established or reuse existing binder channel authority=com.google.android.googlequicksearchbox", "10-02 00:35:29.449  6960  8935 E OneSearchSuggestProvider: Unable to get suggestions from AGA", "10-02 00:35:29.449  6960  8935 E OneSearchSuggestProvider: io.grpc.StatusRuntimeException: UNIMPLEMENTED: bindService(Intent { act=grpc.io.action.BIND cmp=com.google.android.googlequicksearchbox/com.google.android.apps.search.googleapp.search.suggest.plugins.onesearch.server.OneSearchSuggestService }) returned false", "10-02 00:35:29.449  6960  8935 E OneSearchSuggestProvider: \tat k3.e.a(go/retraceme 31f9979659277bb965985aff1272c33e3c3c9e755b77166d20a2465454178f2c:77)", "10-02 00:35:29.449  6960  8935 E OneSearchSuggestProvider: \tat i3.l.b(go/retraceme 31f9979659277bb965985aff1272c33e3c3c9e755b77166d20a2465454178f2c:43)", "10-02 00:35:29.449  6960  8935 E OneSearchSuggestProvider: \tat i3.l.a(go/retraceme 31f9979659277bb965985aff1272c33e3c3c9e755b77166d20a2465454178f2c:27)", "10-02 00:35:29.449  6960  8935 E OneSearchSuggestProvider: \tat i3.z.run(go/retraceme 31f9979659277bb965985aff1272c33e3c3c9e755b77166d20a2465454178f2c:7)", "10-02 00:35:29.449  6960  8935 E OneSearchSuggestProvider: \tat i3.m2.run(go/retraceme 31f9979659277bb965985aff1272c33e3c3c9e755b77166d20a2465454178f2c:19)", "10-02 00:35:29.449  6960  8935 E OneSearchSuggestProvider: \tat java.util.concurrent.ThreadPoolExecutor.runWorker(ThreadPoolExecutor.java:1145)", "10-02 00:35:29.449  6960  8935 E OneSearchSuggestProvider: \tat java.util.concurrent.ThreadPoolExecutor$Worker.run(ThreadPoolExecutor.java:644)", "10-02 00:35:29.449  6960  8935 E OneSearchSuggestProvider: \tat java.lang.Thread.run(Thread.java:1012)", "10-02 00:35:29.450  6217  6217 E SurfaceFlinger: Out of order buffers detected for RequestedLayerState{com.google.android.apps.nexuslauncher/com.google.android.apps.nexuslauncher.NexusLauncherActivity#171 parentId=85} producedId=5 frameNumber=21 -> producedId=5 frameNumber=15", "10-02 00:35:29.450  6217  6217 D SurfaceFlinger: TransactionTraceWriter: file=/data/misc/wmtrace/out_of_order_buffers_transactions_trace.winscope already exists", "10-02 00:35:29.458  6292  8321 W UserManagerService: Requested status bar icon for non-badged user 0", "10-02 00:35:29.465  7084  7141 I AiAiEcho: Predicting[0]:  [CONTEXT sampling_count=5 ]", "--", "10-02 00:35:49.743  8940  9075 E SuFilePathHandler: java.io.FileNotFoundException: No such file or directory: /data/adb/modules/flutter_webui_counter/webroot/favicon.ico", "10-02 00:35:49.743  8940  9075 E SuFilePathHandler: \tat zb3.a(r8-map-id-9f7f45feba6f2c95784574c49c444982ed6e6c85bfa15582daceb837f5e42ea2:151)", "10-02 00:35:49.743  8940  9075 E SuFilePathHandler: \tat fk3.e(r8-map-id-9f7f45feba6f2c95784574c49c444982ed6e6c85bfa15582daceb837f5e42ea2:308)", "10-02 00:35:49.743  8940  9075 E SuFilePathHandler: \tat ja4.a(r8-map-id-9f7f45feba6f2c95784574c49c444982ed6e6c85bfa15582daceb837f5e42ea2:99)", "10-02 00:35:49.743  8940  9075 E SuFilePathHandler: \tat o11.shouldInterceptRequest(r8-map-id-9f7f45feba6f2c95784574c49c444982ed6e6c85bfa15582daceb837f5e42ea2:247)", "10-02 00:35:49.999  9140  9140 W BpBinder: Linking to death on android.gui.ISurfaceComposer but there are no threads (yet?) listening to incoming transactions. See ProcessState::startThreadPool and ProcessState::setThreadPoolMaxThreadCount. Generally you should setup the binder threadpool before other initialization steps.", "10-02 00:35:49.999  9140  9140 W ProcessState: Extra binder thread started, but 0 threads requested. Do not use *startThreadPool when zero threads are requested.", "10-02 00:35:50.051   169   169 I hwservicemanager: getTransport: Cannot find entry android.hardware.graphics.mapper@4.0::IMapper/default in either framework or device VINTF manifest.", "10-02 00:35:50.051  9140  9141 I Gralloc4: mapper 4.x is not supported", "10-02 00:35:50.241     0     0 I servicemanager: Caller(pid=9140,uid=0,sid=u:r:su:s0) Could not find android.hardware.graphics.allocator.IAllocator/default in the VINTF manifest. No alternative instances declared in VINTF.", "10-02 00:35:50.434  8940  8964 D EGL_emulation: app_time_stats: avg=78.34ms min=1.46ms max=880.97ms count=20"]}
{"check":"console-errors","result":["--------- beginning of main", "10-02 00:35:49.206  9072  9106 W chromium: [WARNING:runtime_features.cc(694)] SharedStorage for M118+ cannot be enabled in this configuration. Use --enable-features=SharedStorageAPI,SharedStorageAPIM118 in addition.", "10-02 00:35:49.256  9072  9106 I chromium: [INFO:viewport_data.cc(133)] E2E_Used ViewportFitCover", "10-02 00:35:49.451  8940  8940 I chromium: [INFO:CONSOLE(3)] \"Injecting <script> tag. Using callback.\", source: https://mui.kernelsu.org/flutter_bootstrap.js (3)"]}
{"check":"first-frame-warm","result":{"url":"https://mui.kernelsu.org/index.html","socket":"webview_devtools_remote_8940","value":{"firstFrameMs":389,"now":15056,"flutter":true,"resizes":[],"paint":{"first-paint":784,"first-contentful-paint":784},"calls":[[36,"at-preload","ksu:undefined webui:undefined"],[48,"ksu-defined"],[48,"wrap-failed","exec"],[49,"wrap-failed","spawn"],[49,"wrap-failed","moduleInfo"],[50,"wrap-failed","fullScreen"],[50,"wrap-failed","enableEdgeToEdge"],[50,"wrap-failed","toast"],[51,"wrap-failed","exit"]],"resources":[["/internal/insets.css",20,37,"link",0],["/flutter_webui.css",21,48,"link",0],["/flutter_webui.js",21,52,"script",0],["/flutter_bootstrap.js",21,64,"script",0],["/canvaskit/chromium/canvaskit.wasm",89,141,"fetch",0],["/canvaskit/chromium/canvaskit.js",89,104,"other",0],["/main.dart.js",90,119,"script",0],["/assets/FontManifest.json",316,328,"fetch",0],["/favicon.ico",321,324,"other",0],["/assets/fonts/MaterialIcons-Regular.otf",328,338,"fetch",0],["/assets/packages/cupertino_icons/assets/CupertinoIcons.ttf",329,340,"fetch",0],["/assets/fonts/fallback/Roboto-Regular.ttf",329,341,"fetch",0]],"marks":[["flutter_webui:register",343],["flutter_webui:registered",345],["flutter_webui:first-frame",389]],"measures":[],"fonts":[]}}}
{"check":"root-start","result":{"url":"https://mui.kernelsu.org/index.html","socket":"webview_devtools_remote_8940","value":{"code":0,"out":"","err":"","ms":79}}}
{"check":"session","result":{"url":"https://mui.kernelsu.org/index.html","socket":"webview_devtools_remote_8940","value":{"status":200,"ms":12,"protocol":1,"version":"0.1.0","port":36761,"pid":9213,"tokenLen":43}}}
{"check":"ws-hello","result":{"url":"https://mui.kernelsu.org/index.html","socket":"webview_devtools_remote_8940","value":{"first":"{\"op\":\"hello\",\"protocol\":1,\"version\":\"0.1.0\",\"pid\":9213,\"boot\":\"8c17cc29-f561-4dc0-a13d-7a133e5e354b\",\"uid\":0,\"moduleDir\":\"/data/adb/modules/flutter_webui_counter\"}"}}}
{"check":"channel-process","result":"USER           UID LABEL                            PID NAME                       \nroot             0 u:r:ksu:s0                      9213 ld-linux-x86-64.so.2\nexe=/data/adb/modules/flutter_webui_counter/flutter_webui/x86_64/ld-linux-x86-64.so.2\n/data/adb/modules/flutter_webui_counter/flutter_webui/x86_64/ld-linux-x86-64.so.2 --library-path /data/adb/modules/flutter_webui_counter/flutter_webui/x86_64 /data/adb/modules/flutter_webui_counter/flutter_webui/x86_64/dartaotruntime /data/adb/modules/flutter_webui_counter/flutter_webui/x86_64/flutter_webui_root.aot serve --module-dir /data/adb/modules/flutter_webui_counter \narm64-v8a\nroot\nx86_64\n/data/adb/modules/flutter_webui_counter/flutter_webui/arm64-v8a:\ndartaotruntime\nflutter_webui_root.aot\nld-linux-aarch64.so.1\nlibc.so.6\nlibdl.so.2\nlibm.so.6\nlibpthread.so.0\n\n/data/adb/modules/flutter_webui_counter/flutter_webui/x86_64:\ndartaotruntime\nflutter_webui_root.aot\nld-linux-x86-64.so.2\nlibc.so.6\nlibdl.so.2\nlibm.so.6\nlibpthread.so.0"}
{"check":"root-log","result":"2026-10-02T00:36:21.342795 listening on 127.0.0.1:36761"}
{"check":"session-mode","result":"total 44\ndrwx--x--x 3 root root 4096 2026-10-02 00:36 .\ndrwxr-xr-x 7 root root 4096 2026-10-02 00:36 ..\n-rw------- 1 root root    0 2026-10-02 00:36 lock\ndrwx------ 2 root root 4096 2026-10-02 00:36 proc\n-rw------- 1 root root   56 2026-10-02 00:36 root.log\n-rw-r--r-- 1 root root  196 2026-10-02 00:36 session.json"}
{"check":"home-resume","result":{"url":"https://mui.kernelsu.org/index.html","socket":"webview_devtools_remote_8940","value":{"events":[["visibilitychange","hidden",15979],["visibilitychange","visible",23068]],"ticks":20,"vis":"visible","hasFocus":false}}}
{"check":"before-back","result":{"url":"https://mui.kernelsu.org/index.html","socket":"webview_devtools_remote_8940","value":{"historyLength":2,"historyState":"{\"flutter\":true}","href":"https://mui.kernelsu.org/index.html","typeofWebui":"undefined","typeofWebuiExit":"undefined","typeofKsuExit":"function","webuiKeys":null,"wrapped":"no webui.exit"}}}
{"check":"back-events","result":{"error":"no page target","sockets":["webview_devtools_remote_8940"],"targets":[]}}
{"check":"back-console","result":["10-02 00:36:32.810  8940  8940 E chromium: [ERROR:aw_browser_terminator.cc(154)] Renderer process (9072) crash detected (code -1).", "10-02 00:36:32.811  6292  8925 I ActivityManager: Killing 9072:com.google.android.webview:sandboxed_process0:org.chromium.content.app.SandboxedProcessService0:0/u0a209i1 (adj 0): isolated not needed"]}
{"check":"back-at-root","result":"topResumedActivity=ActivityRecord{d2f2ec u0 com.google.android.apps.nexuslauncher/.NexusLauncherActivity t10}"}
Starting: Intent { cmp=me.weishu.kernelsu/.ui.webui.WebUIActivity (has extras) }
Status: ok
Activity: me.weishu.kernelsu/.ui.webui.WebUIActivity








Status: ok








Segmentation fault 
intent path: no page; manager log:
10-02 00:36:36.040  9336  9336 D ApplicationLoaders: Returning zygote-cached class loader: /system_ext/framework/androidx.window.extensions.jar
10-02 00:36:36.040  9336  9336 D ApplicationLoaders: Returning zygote-cached class loader: /system_ext/framework/androidx.window.sidecar.jar
10-02 00:36:36.047  9336  9336 V GraphicsEnvironment: Currently set values for:
10-02 00:36:36.047  9336  9336 V GraphicsEnvironment:   angle_gl_driver_selection_pkgs=[]
10-02 00:36:36.047  9336  9336 V GraphicsEnvironment:   angle_gl_driver_selection_values=[]
10-02 00:36:36.047  9336  9336 V GraphicsEnvironment: Global.Settings values are invalid: number of packages: 0, number of values: 0
10-02 00:36:36.047  9336  9336 V GraphicsEnvironment: Neither updatable production driver nor prerelease driver is supported.
10-02 00:36:36.061  9336  9336 W weishu.kernelsu: Unsupported class loader
10-02 00:36:36.085  9336  9336 W weishu.kernelsu: Unsupported class loader
10-02 00:36:36.085  9336  9336 W weishu.kernelsu: Unsupported class loader
10-02 00:36:36.216  9336  9336 W HWUI    : Unknown dataspace 0
10-02 00:36:36.249  9336  9362 I EGL_emulation: Opening libGLESv1_CM_emulation.so
10-02 00:36:36.249  9336  9362 I EGL_emulation: Opening libGLESv2_emulation.so
10-02 00:36:36.262  9336  9362 W HWUI    : Failed to initialize 101010-2 format, error = EGL_SUCCESS
10-02 00:36:36.286  9336  9362 I Gralloc4: mapper 4.x is not supported
10-02 00:36:36.964  9336  9352 I SuperUserRepository: load cost: 179
10-02 00:36:36.965  9336  9356 W SuperUserRepository: KsuService disconnected
10-02 00:36:37.057  9336  9336 D VRI[WebUIActivity]: visibilityChanged oldVisibility=true newVisibility=false
10-02 00:36:37.079  9336  9336 W WindowOnBackDispatcher: sendCancelIfRunning: isInProgress=false callback=android.view.ViewRootImpl$$ExternalSyntheticLambda11@51d8862
10-02 00:36:42.056  9336  9397 D ProfileInstaller: Skipping profile installation for me.weishu.kernelsu
10-02 00:36:45.014  9336  9362 I EGL_emulation: Opening libGLESv1_CM_emulation.so
10-02 00:36:45.015  9336  9362 I EGL_emulation: Opening libGLESv2_emulation.so
10-02 00:36:45.027  9336  9362 W HWUI    : Failed to initialize 101010-2 format, error = EGL_SUCCESS
10-02 00:36:45.656  9336  9336 D VRI[WebUIActivity]: visibilityChanged oldVisibility=true newVisibility=false
10-02 00:36:45.678  9336  9336 W WindowOnBackDispatcher: sendCancelIfRunning: isInProgress=false callback=android.view.ViewRootImpl$$ExternalSyntheticLambda11@b2c2c94
ui: tapped 'Module' at 200,584
ui: tapped 160,152
ui: tapped 'Clean' at 209,64
[0,0][320,640] Counter | search | Clean | Cancel | Counter | Version: v1.0.0 | Author: Yuv | A new Flutter project. | Open | Open | Uni
[12,40][235,88] Counter | search | Clean
[185,40][233,88] Clean
[251,40][304,88] Cancel
[12,98][308,251] Counter | Version: v1.0.0 | Author: Yuv | A new Flutter project. | Open | Open | Uninstall
[243,116][292,164] 
[28,194][110,242] Open | Open
[186,194][292,242] Uninstall
[12,263][308,432] flutter-webui Counter | Version: 0.1.5 | Author: p0g-stack | Stock Flutter counter app on flutter-webui (devicelab bring
[243,281][292,329] 
[28,375][110,423] Open | Open
[186,375][292,423] Uninstall
[0,552][80,616] Home
[80,552][160,616] Superuser
[240,552][320,616] Settings
ui: tapped 'Open' at 69,218
https://mui.kernelsu.org/index.html
    * Hist  #1: ActivityRecord{fc8bfc8 u0 me.weishu.kernelsu/.ui.webui.WebUIActivity t19}
      packageName=me.weishu.kernelsu processName=me.weishu.kernelsu
      launchedFromUid=10209 launchedFromPackage=me.weishu.kernelsu launchedFromFeature=null userId=0
      app=ProcessRecord{46fa735 9336:me.weishu.kernelsu/u0a209}
      Intent { dat=ksu://webui?id=counter&token=fc22e4cc2d37b8b0b97183d8fffb27085a753484de95c0d89167aeb0a25d3a32 flg=0x80000 cmp=me.weishu.kernelsu/.ui.webui.WebUIActivity }
opened: ui
{"check":"targets","result":[{"type": "page", "url": "https://mui.kernelsu.org/index.html", "title": "Flutter Demo"}]}
{"check":"page","result":{"url":"https://mui.kernelsu.org/index.html","socket":"webview_devtools_remote_9336","value":{"href":"https://mui.kernelsu.org/index.html","title":"Flutter Demo","ready":"complete","flutter":true,"glass":true,"nav":{"dcl":114,"load":607},"paint":{"first-paint":1447,"first-contentful-paint":1447},"glassAt":"present","firstFrame":null,"insets":null,"vv":[320,592,1]}}}
{"check":"java-exceptions","result":["10-02 00:37:07.744  6970  7014 I LmManager: \tat pug.r(PG:33)", "10-02 00:37:07.744  6970  7014 I LmManager: \tat pug.get(PG:3)", "10-02 00:37:07.744  6970  7014 I LmManager: \tat a.i(PG:2)", "10-02 00:37:07.744  6970  7014 I LmManager: \tat npy.t(PG:10)", "10-02 00:37:07.744  6970  7014 I LmManager: \tat pvy.run(PG:88)", "10-02 00:37:07.744  6970  7014 I LmManager: \tat pvh.execute(PG:1)", "10-02 00:37:07.744  6970  7014 I LmManager: \tat pug.h(PG:1)", "10-02 00:37:07.744  6970  7014 I LmManager: \tat pug.k(PG:101)", "10-02 00:37:07.744  6970  7014 I LmManager: \tat pug.p(PG:28)", "10-02 00:37:07.744  6970  7014 I LmManager: \tat pvd.c(PG:5)", "10-02 00:37:07.744  6970  7014 I LmManager: \tat pvf.e(PG:6)", "10-02 00:37:07.744  6970  7014 I LmManager: \tat pwk.run(PG:75)", "--", "10-02 00:37:10.996  6970  7014 I LmManager: java.util.concurrent.CancellationException: Task was cancelled.", "10-02 00:37:10.996  6970  7014 I LmManager: \tat pug.r(PG:33)", "10-02 00:37:10.996  6970  7014 I LmManager: \tat pug.get(PG:3)", "10-02 00:37:10.996  6970  7014 I LmManager: \tat a.i(PG:2)", "10-02 00:37:10.996  6970  7014 I LmManager: \tat npy.t(PG:10)", "10-02 00:37:10.996  6970  7014 I LmManager: \tat pvy.run(PG:88)", "10-02 00:37:10.996  6970  7014 I LmManager: \tat pvh.execute(PG:1)", "10-02 00:37:10.996  6970  7014 I LmManager: \tat pug.h(PG:1)", "10-02 00:37:10.996  6970  7014 I LmManager: \tat pug.k(PG:101)", "10-02 00:37:10.996  6970  7014 I LmManager: \tat pug.p(PG:28)", "10-02 00:37:10.996  6970  7014 I LmManager: \tat pvd.c(PG:5)", "10-02 00:37:10.996  6970  7014 I LmManager: \tat pvf.e(PG:6)", "10-02 00:37:10.996  6970  7014 I LmManager: \tat pwk.run(PG:75)", "--", "10-02 00:37:33.732  6970  6970 E InputConnectionWrapper: java.util.concurrent.TimeoutException: Waited 100 milliseconds (plus 149862 nanoseconds delay) for pxi@d2a1e20[status=PENDING, info=[task=[running=[RUNNING ON ICWrapper-1], fch@cdcc3d9]]]", "10-02 00:37:33.732  6970  6970 E InputConnectionWrapper: \tat pug.get(PG:52)", "10-02 00:37:33.732  6970  6970 E InputConnectionWrapper: \tat kbd.g(PG:9)", "10-02 00:37:33.732  6970  6970 E InputConnectionWrapper: \tat kbd.f(PG:20)", "10-02 00:37:33.732  6970  6970 E InputConnectionWrapper: \tat kbd.t(PG:27)", "10-02 00:37:33.732  6970  6970 E InputConnectionWrapper: \tat kef.e(PG:15)", "10-02 00:37:33.732  6970  6970 E InputConnectionWrapper: \tat kfm.A(PG:21)", "10-02 00:37:33.732  6970  6970 E InputConnectionWrapper: \tat joy.A(PG:3)", "10-02 00:37:33.732  6970  6970 E InputConnectionWrapper: \tat jhz.g(PG:17)", "10-02 00:37:33.732  6970  6970 E InputConnectionWrapper: \tat jov.a(PG:3)", "10-02 00:37:33.732  6970  6970 E InputConnectionWrapper: \tat joy.af(PG:15)", "10-02 00:37:33.732  6970  6970 E InputConnectionWrapper: \tat joy.I(PG:49)", "10-02 00:37:33.732  6970  6970 E InputConnectionWrapper: \tat jos.k(PG:30)"]}
{"check":"console-errors","result":["--------- beginning of main", "10-02 00:37:33.450  9336  9768 I chromium: [1002/003733.450275:INFO:variations_seed_loader.cc(66)] Failed to open file for reading.: No such file or directory (2)", "10-02 00:37:33.596  9772  9801 W chromium: [WARNING:runtime_features.cc(694)] SharedStorage for M118+ cannot be enabled in this configuration. Use --enable-features=SharedStorageAPI,SharedStorageAPIM118 in addition.", "10-02 00:37:33.863  9336  9336 I chromium: [INFO:CONSOLE(1)] \"Injecting <script> tag. Using callback.\", source: https://mui.kernelsu.org/flutter_bootstrap.js (1)"]}
{"check":"first-frame-warm","result":{"url":"https://mui.kernelsu.org/index.html","socket":"webview_devtools_remote_9336","value":{"firstFrameMs":366,"now":15046,"flutter":true,"resizes":[],"paint":{"first-paint":755,"first-contentful-paint":755},"calls":[[25,"at-preload","ksu:undefined webui:undefined"],[28,"ksu-defined"],[33,"wrap-failed","exec"],[33,"wrap-failed","spawn"],[34,"wrap-failed","moduleInfo"],[34,"wrap-failed","fullScreen"],[34,"wrap-failed","enableEdgeToEdge"],[34,"wrap-failed","toast"],[34,"wrap-failed","exit"]],"resources":[["/flutter_bootstrap.js",22,47,"script",0],["/canvaskit/chromium/canvaskit.wasm",80,134,"fetch",0],["/canvaskit/chromium/canvaskit.js",80,112,"other",0],["/main.dart.js",81,118,"script",0],["/assets/FontManifest.json",295,306,"fetch",0],["/favicon.png",298,309,"other",0],["/assets/fonts/MaterialIcons-Regular.otf",306,317,"fetch",0],["/assets/packages/cupertino_icons/assets/CupertinoIcons.ttf",307,318,"fetch",0],["/assets/fonts/fallback/Roboto-Regular.ttf",307,318,"fetch",0],["/favicon.png",754,776,"other",0]],"marks":[],"measures":[],"fonts":[]}}}
Starting: Intent { cmp=me.weishu.kernelsu/.ui.webui.WebUIActivity (has extras) }
Status: ok
Activity: me.weishu.kernelsu/.ui.webui.WebUIActivity








Status: ok








Segmentation fault 
Status: ok
https://mui.kernelsu.org/index.html
token found in manager data: fc22e4cc2d37b8b0b97183d8fffb27085a753484de95c0d89167aeb0a25d3a32
opened: intent-token
{"check":"targets","result":[{"type": "page", "url": "https://mui.kernelsu.org/index.html", "title": "Demo"}]}
{"check":"page","result":{"url":"https://mui.kernelsu.org/index.html","socket":"webview_devtools_remote_9911","value":{"href":"https://mui.kernelsu.org/index.html","title":"Demo","ready":"complete","flutter":true,"glass":true,"nav":{"dcl":268,"load":674},"paint":{"first-paint":1192,"first-contentful-paint":2182},"glassAt":"present","firstFrame":null,"insets":"24px","vv":[320,640,1]}}}
{"check":"java-exceptions","result":["10-02 00:38:36.500  6713 10143 W TapAndPay: \tat dhwn.<init>(:com.google.android.gms@242335041@24.23.35 (190800-646585959):15)", "10-02 00:38:36.500  6713 10143 W TapAndPay: \tat com.google.android.gms.tapandpay.hce.task.TapAndPayAidRegistrationTaskOperation.a(:com.google.android.gms@242335041@24.23.35 (190800-646585959):50)", "10-02 00:38:36.500  6713 10143 W TapAndPay: \tat com.google.android.gms.tapandpay.gcmtask.TapAndPayGcmTaskChimeraService.a(:com.google.android.gms@242335041@24.23.35 (190800-646585959):32)", "10-02 00:38:36.500  6713 10143 W TapAndPay: \tat bpjj.call(:com.google.android.gms@242335041@24.23.35 (190800-646585959):32)", "10-02 00:38:36.500  6713 10143 W TapAndPay: \tat java.util.concurrent.FutureTask.run(FutureTask.java:264)", "10-02 00:38:36.500  6713 10143 W TapAndPay: \tat angs.c(:com.google.android.gms@242335041@24.23.35 (190800-646585959):50)", "10-02 00:38:36.500  6713 10143 W TapAndPay: \tat angs.run(:com.google.android.gms@242335041@24.23.35 (190800-646585959):76)", "10-02 00:38:36.500  6713 10143 W TapAndPay: \tat java.util.concurrent.ThreadPoolExecutor.runWorker(ThreadPoolExecutor.java:1145)", "10-02 00:38:36.500  6713 10143 W TapAndPay: \tat java.util.concurrent.ThreadPoolExecutor$Worker.run(ThreadPoolExecutor.java:644)", "10-02 00:38:36.500  6713 10143 W TapAndPay: \tat anmg.run(:com.google.android.gms@242335041@24.23.35 (190800-646585959):8)", "10-02 00:38:36.500  6713 10143 W TapAndPay: \tat java.lang.Thread.run(Thread.java:1012)", "--", "10-02 00:38:36.681  6713  7399 W GLSUser : [AppCertManager] Exception while requesting key: ", "10-02 00:38:36.681  6713  7399 W GLSUser : java.util.concurrent.ExecutionException: bpcw: Parse Proto Exception with response code 400", "10-02 00:38:36.681  6713  7399 W GLSUser : \tat etvr.s(:com.google.android.gms@242335041@24.23.35 (190800-646585959):21)", "10-02 00:38:36.681  6713  7399 W GLSUser : \tat etvr.get(:com.google.android.gms@242335041@24.23.35 (190800-646585959):10)", "10-02 00:38:36.681  6713  7399 W GLSUser : \tat yfw.b(:com.google.android.gms@242335041@24.23.35 (190800-646585959):477)", "10-02 00:38:36.681  6713  7399 W GLSUser : \tat yfu.b(:com.google.android.gms@242335041@24.23.35 (190800-646585959):31)", "10-02 00:38:36.681  6713  7399 W GLSUser : \tat yfp.a(:com.google.android.gms@242335041@24.23.35 (190800-646585959):1)", "10-02 00:38:36.681  6713  7399 W GLSUser : \tat yfs.a(:com.google.android.gms@242335041@24.23.35 (190800-646585959):58)", "10-02 00:38:36.681  6713  7399 W GLSUser : \tat uou.call(:com.google.android.gms@242335041@24.23.35 (190800-646585959):56)", "10-02 00:38:36.681  6713  7399 W GLSUser : \tat java.util.concurrent.FutureTask.run(FutureTask.java:264)", "10-02 00:38:36.681  6713  7399 W GLSUser : \tat angs.c(:com.google.android.gms@242335041@24.23.35 (190800-646585959):50)", "10-02 00:38:36.681  6713  7399 W GLSUser : \tat angs.run(:com.google.android.gms@242335041@24.23.35 (190800-646585959):76)", "10-02 00:38:36.681  6713  7399 W GLSUser : \tat java.util.concurrent.ThreadPoolExecutor.runWorker(ThreadPoolExecutor.java:1145)", "10-02 00:38:36.681  6713  7399 W GLSUser : \tat java.util.concurrent.ThreadPoolExecutor$Worker.run(ThreadPoolExecutor.java:644)", "--", "10-02 00:38:36.681  6713  7399 W GLSUser : Caused by: bpcw: Parse Proto Exception with response code 400", "10-02 00:38:36.681  6713  7399 W GLSUser : \tat bpdw.b(:com.google.android.gms@242335041@24.23.35 (190800-646585959):80)", "10-02 00:38:36.681  6713  7399 W GLSUser : \tat bpgb.e(:com.google.android.gms@242335041@24.23.35 (190800-646585959):17)", "10-02 00:38:36.681  6713  7399 W GLSUser : \tat bpgp.onSucceeded(:com.google.android.gms@242335041@24.23.35 (190800-646585959):7)", "10-02 00:38:36.681  6713  7399 W GLSUser : \tat m.mw.onSucceeded(:com.google.android.gms.dynamite_cronetdynamite@242335041@24.23.35 (190800-0):3)", "10-02 00:38:36.681  6713  7399 W GLSUser : \tat m.lt.run(:com.google.android.gms.dynamite_cronetdynamite@242335041@24.23.35 (190800-0):25)", "10-02 00:38:36.681  6713  7399 W GLSUser : \t... 6 more", "10-02 00:38:36.681  6713  7399 W GLSUser : Caused by: fkhe: Protocol message contained an invalid tag (zero).", "10-02 00:38:36.681  6713  7399 W GLSUser : \tat fkea.k(:com.google.android.gms@242335041@24.23.35 (190800-646585959):39)", "10-02 00:38:36.681  6713  7399 W GLSUser : \tat fkid.c(:com.google.android.gms@242335041@24.23.35 (190800-646585959):309)", "10-02 00:38:36.681  6713  7399 W GLSUser : \tat fkid.i(:com.google.android.gms@242335041@24.23.35 (190800-646585959):8)", "10-02 00:38:36.681  6713  7399 W GLSUser : \tat fkgi.fe(:com.google.android.gms@242335041@24.23.35 (190800-646585959):25)", "10-02 00:38:36.681  6713  7399 W GLSUser : \tat fkgc.g(:com.google.android.gms@242335041@24.23.35 (190800-646585959):3)"]}
{"check":"console-errors","result":["--------- beginning of main", "10-02 00:38:24.082  9911 10053 I chromium: [1002/003824.079163:INFO:variations_seed_loader.cc(66)] Failed to open file for reading.: No such file or directory (2)", "10-02 00:38:24.305 10058 10088 W chromium: [WARNING:runtime_features.cc(694)] SharedStorage for M118+ cannot be enabled in this configuration. Use --enable-features=SharedStorageAPI,SharedStorageAPIM118 in addition.", "10-02 00:38:24.361 10058 10088 I chromium: [INFO:viewport_data.cc(133)] E2E_Used ViewportFitCover", "10-02 00:38:24.515  9911  9911 I chromium: [INFO:CONSOLE(3)] \"Injecting <script> tag. Using callback.\", source: https://mui.kernelsu.org/flutter_bootstrap.js (3)"]}
{"check":"first-frame-warm","result":{"url":"https://mui.kernelsu.org/index.html","socket":"webview_devtools_remote_9911","value":{"firstFrameMs":525,"now":15054,"flutter":true,"resizes":[],"paint":{"first-paint":1094,"first-contentful-paint":1094},"calls":[[26,"at-preload","ksu:undefined webui:undefined"],[28,"ksu-defined"],[30,"wrap-failed","exec"],[30,"wrap-failed","spawn"],[30,"wrap-failed","moduleInfo"],[30,"wrap-failed","fullScreen"],[30,"wrap-failed","enableEdgeToEdge"],[30,"wrap-failed","toast"],[30,"wrap-failed","exit"]],"resources":[["/internal/insets.css",21,26,"link",0],["/internal/colors.css",21,26,"link",0],["/flutter_webui.css",22,52,"link",0],["/flutter_webui.js",22,53,"script",0],["/flutter_bootstrap.js",22,54,"script",0],["/canvaskit/chromium/canvaskit.wasm",98,143,"fetch",0],["/canvaskit/chromium/canvaskit.js",100,136,"other",0],["/main.dart.js",101,161,"script",0],["/assets/FontManifest.json",392,404,"fetch",0],["/favicon.ico",400,406,"other",0],["/assets/fonts/MaterialIcons-Regular.otf",405,414,"fetch",0],["/assets/fonts/fallback/Roboto-Regular.ttf",405,416,"fetch",0],["/internal/colors.css",428,1020,"fetch",0],["/pkg/demo_native.js",1025,1059,"fetch",0]],"marks":[["flutter_webui:register",419],["flutter_webui:registered",420],["flutter_webui:register",422],["flutter_webui:registered",422],["flutter_webui:first-frame",525]],"measures":[],"fonts":[]}}}
{"url":"https://mui.kernelsu.org/index.html","socket":"webview_devtools_remote_9911","value":"semantics on"}
{"check":"home","result":{"url":"https://mui.kernelsu.org/index.html","socket":"webview_devtools_remote_9911","value":["Squadron","Process","native","net","Say hello","Count to 5","SHA-256","Demo pages\nOne page per thing the stack promises.","Places","Strategy","Rust","Lifecycle","Shell","Plugins"]}}
{"check":"colors-css","result":{"url":"https://mui.kernelsu.org/index.html","socket":"webview_devtools_remote_9911","value":{"status":200,"type":"text/css","body":""}}}
{"check":"wasm-at-home","result":{"url":"https://mui.kernelsu.org/index.html","socket":"webview_devtools_remote_9911","value":{"wasm":[{"name":"chromium/canvaskit.wasm","start":98,"dur":45}],"marks":[{"name":"flutter_webui:register","t":419},{"name":"flutter_webui:registered","t":420},{"name":"flutter_webui:register","t":422},{"name":"flutter_webui:registered","t":422},{"name":"flutter_webui:first-frame","t":525}],"measures":[],"now":18566}}}
{"check":"tap-places","result":{"url":"https://mui.kernelsu.org/index.html","socket":"webview_devtools_remote_9911","value":"tapped Places at 16,572 size 288x56 role button tappable"}}
{"check":"places","result":{"url":"https://mui.kernelsu.org/index.html","socket":"webview_devtools_remote_9911","value":["Back\nBack","One service, DemoService, opened in every place this build knows. Each place probes its own facts from inside; the page never guesses from the platform it was built for.","200k","1M","3M","Count primes in every place","Restart places","inline (the caller)\nkind: inline\nstart 379 ms, first facts() round trip 78 ms\nroot\ncheck: effective uid 0\nblock_devices\ncheck: a kernel-listed block device opens for reading\nusb.native\ncheck: /dev/bus/usb lists\nusb.web\ncheck: navigator.usb exists\nprocess.spawn\ncheck: a shell runs\nfs.persistent\ncheck: working dir writable, or storage persisted\nnet\ncheck: a non-loopback interface is up, or onLine\nnative\ncheck: null","worker (isolate or Web Worker)\nkind: web_worker\nstart 321 ms, first facts() round trip 56 ms\nroot\ncheck: effective uid 0\nblock_devices\ncheck: a kernel-listed block device opens for reading\nusb.native\ncheck: /dev/bus/usb lists\nusb.web\ncheck: navigator.usb exists\nprocess.spawn\ncheck: a shell runs\nfs.persistent\ncheck: working dir writable, or storage persisted\nnet\ncheck: a non-loopback interface is up, or onLine\nnative\ncheck: null","Places","Strategy","Rust","Lifecycle","Shell","Plugins"]}}
{"check":"places-scroll-1","result":{"url":"https://mui.kernelsu.org/index.html","socket":"webview_devtools_remote_9911","value":["Back\nBack","Count primes in every place","Restart places","inline (the caller)\nkind: inline\nstart 379 ms, first facts() round trip 78 ms\nroot\ncheck: effective uid 0\nblock_devices\ncheck: a kernel-listed block device opens for reading\nusb.native\ncheck: /dev/bus/usb lists\nusb.web\ncheck: navigator.usb exists\nprocess.spawn\ncheck: a shell runs\nfs.persistent\ncheck: working dir writable, or storage persisted\nnet\ncheck: a non-loopback interface is up, or onLine\nnative\ncheck: null","worker (isolate or Web Worker)\nkind: web_worker\nstart 321 ms, first facts() round trip 56 ms\nroot\ncheck: effective uid 0\nblock_devices\ncheck: a kernel-listed block device opens for reading\nusb.native\ncheck: /dev/bus/usb lists\nusb.web\ncheck: navigator.usb exists\nprocess.spawn\ncheck: a shell runs\nfs.persistent\ncheck: working dir writable, or storage persisted\nnet\ncheck: a non-loopback interface is up, or onLine\nnative\ncheck: null","root process (the app CLI, serve mode)\nkind: process\nstart 262 ms, first facts() round trip 3 ms\nroot\ncheck: effective uid 0\nblock_devices\ncheck: a kernel-listed block device opens for reading\nusb.native\ncheck: /dev/bus/usb lists\nusb.web\ncheck: navigator.usb exists\nprocess.spawn\ncheck: a shell runs\nfs.persistent\ncheck: working dir writable, or storage persisted\nnet\ncheck: a non-loopback interface is up, or onLine\nnative\ncheck: null","Places","Strategy","Rust","Lifecycle","Shell","Plugins"]}}
{"check":"places-scroll-2","result":{"url":"https://mui.kernelsu.org/index.html","socket":"webview_devtools_remote_9911","value":["Back\nBack","inline (the caller)\nkind: inline\nstart 379 ms, first facts() round trip 78 ms\nroot\ncheck: effective uid 0\nblock_devices\ncheck: a kernel-listed block device opens for reading\nusb.native\ncheck: /dev/bus/usb lists\nusb.web\ncheck: navigator.usb exists\nprocess.spawn\ncheck: a shell runs\nfs.persistent\ncheck: working dir writable, or storage persisted\nnet\ncheck: a non-loopback interface is up, or onLine\nnative\ncheck: null","worker (isolate or Web Worker)\nkind: web_worker\nstart 321 ms, first facts() round trip 56 ms\nroot\ncheck: effective uid 0\nblock_devices\ncheck: a kernel-listed block device opens for reading\nusb.native\ncheck: /dev/bus/usb lists\nusb.web\ncheck: navigator.usb exists\nprocess.spawn\ncheck: a shell runs\nfs.persistent\ncheck: working dir writable, or storage persisted\nnet\ncheck: a non-loopback interface is up, or onLine\nnative\ncheck: null","root process (the app CLI, serve mode)\nkind: process\nstart 262 ms, first facts() round trip 3 ms\nroot\ncheck: effective uid 0\nblock_devices\ncheck: a kernel-listed block device opens for reading\nusb.native\ncheck: /dev/bus/usb lists\nusb.web\ncheck: navigator.usb exists\nprocess.spawn\ncheck: a shell runs\nfs.persistent\ncheck: working dir writable, or storage persisted\nnet\ncheck: a non-loopback interface is up, or onLine\nnative\ncheck: null","Places","Strategy","Rust","Lifecycle","Shell","Plugins"]}}
{"check":"places-scroll-3","result":{"url":"https://mui.kernelsu.org/index.html","socket":"webview_devtools_remote_9911","value":["Back\nBack","worker (isolate or Web Worker)\nkind: web_worker\nstart 321 ms, first facts() round trip 56 ms\nroot\ncheck: effective uid 0\nblock_devices\ncheck: a kernel-listed block device opens for reading\nusb.native\ncheck: /dev/bus/usb lists\nusb.web\ncheck: navigator.usb exists\nprocess.spawn\ncheck: a shell runs\nfs.persistent\ncheck: working dir writable, or storage persisted\nnet\ncheck: a non-loopback interface is up, or onLine\nnative\ncheck: null","root process (the app CLI, serve mode)\nkind: process\nstart 262 ms, first facts() round trip 3 ms\nroot\ncheck: effective uid 0\nblock_devices\ncheck: a kernel-listed block device opens for reading\nusb.native\ncheck: /dev/bus/usb lists\nusb.web\ncheck: navigator.usb exists\nprocess.spawn\ncheck: a shell runs\nfs.persistent\ncheck: working dir writable, or storage persisted\nnet\ncheck: a non-loopback interface is up, or onLine\nnative\ncheck: null","Reference: one call and one stream per place\nsquadron_process doc/benchmark.md, a 4-vCPU VM. Not measured here; devicelab measures devices.\nCall: isolate 31 µs, Web Worker (dart2js) 120 µs, process 247 µs, process from the page 401 µs.\n64 KiB stream: isolate 3643 MiB/s, Web Worker 631 MiB/s, process link about 110 MiB/s.","Places","Strategy","Rust","Lifecycle","Shell","Plugins"]}}
{"check":"tap-strategy","result":{"url":"https://mui.kernelsu.org/index.html","socket":"webview_devtools_remote_9911","value":"tapped Strategy at 53,536 size 53x80 role tab tappable"}}
{"check":"strategy","result":{"url":"https://mui.kernelsu.org/index.html","socket":"webview_devtools_remote_9911","value":["Back\nBack","Objective: list the device's partitions. Strategies in preference order: on the device as root, then from a host over USB. The first one the place's facts allow runs; nothing reads kIsWeb or Platform.","Place","inline (the caller)","worker (isolate or Web Worker)","root process (the app CLI, serve mode)","Facts from inline (the caller)\nSwitch a fact off to see the fallback. You can only take facts away.\nroot\ncheck: effective uid 0\nblock_devices\ncheck: a kernel-listed block device opens for reading\nusb.native\ncheck: /dev/bus/usb lists\nusb.web\ncheck: navigator.usb exists\nprocess.spawn\ncheck: a shell runs\nfs.persistent\ncheck: working dir writable, or storage persisted\nnet\ncheck: a non-loopback interface is up, or onLine\nnative\ncheck: null","root","block_devices","usb.native","process.spawn","Places","Strategy","Rust","Lifecycle","Shell","Plugins"]}}
{"check":"tap-strategy-root","result":{"url":"https://mui.kernelsu.org/index.html","socket":"webview_devtools_remote_9911","value":"tapped root process at 24,358 size 272x48 role checkbox tappable"}}
{"check":"strategy-root","result":{"url":"https://mui.kernelsu.org/index.html","socket":"webview_devtools_remote_9911","value":["Back\nBack","Objective: list the device's partitions. Strategies in preference order: on the device as root, then from a host over USB. The first one the place's facts allow runs; nothing reads kIsWeb or Platform.","Place","inline (the caller)","worker (isolate or Web Worker)","root process (the app CLI, serve mode)","Facts from root process (the app CLI, serve mode)\nSwitch a fact off to see the fallback. You can only take facts away.\nroot\ncheck: effective uid 0\nblock_devices\ncheck: a kernel-listed block device opens for reading\nusb.native\ncheck: /dev/bus/usb lists\nusb.web\ncheck: navigator.usb exists\nprocess.spawn\ncheck: a shell runs\nfs.persistent\ncheck: working dir writable, or storage persisted\nnet\ncheck: a non-loopback interface is up, or onLine\nnative\ncheck: null","root","block_devices","usb.native","process.spawn","Places","Strategy","Rust","Lifecycle","Shell","Plugins"]}}
{"check":"strategy-root-scroll-1","result":{"url":"https://mui.kernelsu.org/index.html","socket":"webview_devtools_remote_9911","value":["Back\nBack","Place","inline (the caller)","worker (isolate or Web Worker)","root process (the app CLI, serve mode)","Facts from root process (the app CLI, serve mode)\nSwitch a fact off to see the fallback. You can only take facts away.\nroot\ncheck: effective uid 0\nblock_devices\ncheck: a kernel-listed block device opens for reading\nusb.native\ncheck: /dev/bus/usb lists\nusb.web\ncheck: navigator.usb exists\nprocess.spawn\ncheck: a shell runs\nfs.persistent\ncheck: working dir writable, or storage persisted\nnet\ncheck: a non-loopback interface is up, or onLine\nnative\ncheck: null","root","block_devices","usb.native","process.spawn","Chosen: on device (/proc/partitions as root)\non_device chosen","on device (/proc/partitions as root)\nneeds root + block_devices: has them","from host (fastboot getvar all)\nneeds usb.native + process.spawn: has them","Places","Strategy","Rust","Lifecycle","Shell","Plugins"]}}
{"check":"strategy-root-scroll-2","result":{"url":"https://mui.kernelsu.org/index.html","socket":"webview_devtools_remote_9911","value":["Back\nBack","Facts from root process (the app CLI, serve mode)\nSwitch a fact off to see the fallback. You can only take facts away.\nroot\ncheck: effective uid 0\nblock_devices\ncheck: a kernel-listed block device opens for reading\nusb.native\ncheck: /dev/bus/usb lists\nusb.web\ncheck: navigator.usb exists\nprocess.spawn\ncheck: a shell runs\nfs.persistent\ncheck: working dir writable, or storage persisted\nnet\ncheck: a non-loopback interface is up, or onLine\nnative\ncheck: null","process.spawn","Chosen: on device (/proc/partitions as root)\non_device chosen","on device (/proc/partitions as root)\nneeds root + block_devices: has them","from host (fastboot getvar all)\nneeds usb.native + process.spawn: has them","Run on_device in process","Log\nEvery run: objective, strategy, place and the facts it saw.\nNothing has run yet.","Places","Strategy","Rust","Lifecycle","Shell","Plugins"]}}
{"check":"tap-rust","result":{"url":"https://mui.kernelsu.org/index.html","socket":"webview_devtools_remote_9911","value":"tapped Rust at 107,536 size 53x80 role tab tappable"}}
{"check":"rust","result":{"url":"https://mui.kernelsu.org/index.html","socket":"webview_devtools_remote_9911","value":["Back\nBack","The demo crate (rust/) counts the primes below 1000000 with the same loop as page 1's Dart. The service loads it in its own place through flutter_rust_bridge, so each place runs its own build.","Run in every place","inline (the caller)","Run here","worker (isolate or Web Worker)","Run here","root process (the app CLI, serve mode)","Run here","Places","Strategy","Rust","Lifecycle","Shell","Plugins"]}}
{"check":"tap-rust-run","result":{"url":"https://mui.kernelsu.org/index.html","socket":"webview_devtools_remote_9911","value":"tapped Run in every place at 16,196 size 288x48 role button tappable"}}
{"check":"rust-ran","result":{"url":"https://mui.kernelsu.org/index.html","socket":"webview_devtools_remote_9911","value":["Back\nBack","The demo crate (rust/) counts the primes below 1000000 with the same loop as page 1's Dart. The service loads it in its own place through flutter_rust_bridge, so each place runs its own build.","Run in every place","inline (the caller)\nBuilt for: wasm32-unknown (single-threaded)\nLoad: 113 ms (once per place, on its first Rust call; on the web that fetches and instantiates the wasm)\nRust 163 ms, Dart 1044 ms (same count: 78498)","Run here","worker (isolate or Web Worker)\nBuilt for: wasm32-unknown (single-threaded)\nLoad: 47 ms (once per place, on its first Rust call; on the web that fetches and instantiates the wasm)\nRust 213 ms, Dart 272 ms (same count: 78498)","Run here","root process (the app CLI, serve mode)\nBuilt for: x86_64-android\nLoad: 0 ms (once per place, on its first Rust call; on the web that fetches and instantiates the wasm)\nRust 154 ms, Dart 167 ms (same count: 78498)","Places","Strategy","Rust","Lifecycle","Shell","Plugins"]}}
{"check":"wasm-after-rust","result":{"url":"https://mui.kernelsu.org/index.html","socket":"webview_devtools_remote_9911","value":{"wasm":[{"name":"chromium/canvaskit.wasm","start":98,"dur":45},{"name":"pkg/demo_native_bg.wasm","start":81706,"dur":51}],"marks":[{"name":"flutter_webui:register","t":419},{"name":"flutter_webui:registered","t":420},{"name":"flutter_webui:register","t":422},{"name":"flutter_webui:registered","t":422},{"name":"flutter_webui:first-frame","t":525}],"measures":[],"now":102724}}}
{"check":"tap-rust-run-2","result":{"url":"https://mui.kernelsu.org/index.html","socket":"webview_devtools_remote_9911","value":"tapped Run in every place at 16,196 size 288x48 role button tappable"}}
{"check":"rust-ran-2","result":{"url":"https://mui.kernelsu.org/index.html","socket":"webview_devtools_remote_9911","value":["Back\nBack","The demo crate (rust/) counts the primes below 1000000 with the same loop as page 1's Dart. The service loads it in its own place through flutter_rust_bridge, so each place runs its own build.","Run in every place","inline (the caller)\nBuilt for: wasm32-unknown (single-threaded)\nLoad: 0 ms (once per place, on its first Rust call; on the web that fetches and instantiates the wasm)\nRust 156 ms, Dart 1048 ms (same count: 78498)","Run here","worker (isolate or Web Worker)\nBuilt for: wasm32-unknown (single-threaded)\nLoad: 1 ms (once per place, on its first Rust call; on the web that fetches and instantiates the wasm)\nRust 156 ms, Dart 251 ms (same count: 78498)","Run here","root process (the app CLI, serve mode)\nBuilt for: x86_64-android\nLoad: 0 ms (once per place, on its first Rust call; on the web that fetches and instantiates the wasm)\nRust 154 ms, Dart 170 ms (same count: 78498)","Places","Strategy","Rust","Lifecycle","Shell","Plugins"]}}
{"check":"tap-lifecycle","result":{"url":"https://mui.kernelsu.org/index.html","socket":"webview_devtools_remote_9911","value":"tapped Lifecycle at 160,536 size 53x80 role tab tappable"}}
{"check":"tap-root-process","result":{"url":"https://mui.kernelsu.org/index.html","socket":"webview_devtools_remote_9911","value":"tapped root process at 24,390 size 272x48 role checkbox tappable"}}
{"check":"tap-start","result":{"url":"https://mui.kernelsu.org/index.html","socket":"webview_devtools_remote_9911","value":"tapped Start at 24,462 size 97x48 role button tappable"}}
{"check":"lifecycle-running","result":{"url":"https://mui.kernelsu.org/index.html","socket":"webview_devtools_remote_9911","value":["Back\nBack","Start a five-minute task, then switch away (Home, another app or tab) and come back: hidden keeps going. Close the app instead and reopen it: closed stops, and this page says where the task was when it ended.","Task\ntick every 500 ms, stamped with the place's own clock\nrunning in process: tick 17/600, longest gap 503 ms, app resumed 3","inline (the caller)","worker (isolate or Web Worker)","root process (the app CLI, serve mode)","Stop","Lifecycle\n00:40:51  started in process","Facts from root process (the app CLI, serve mode)\nroot\ncheck: effective uid 0\nblock_devices\ncheck: a kernel-listed block device opens for reading\nusb.native\ncheck: /dev/bus/usb lists\nusb.web\ncheck: navigator.usb exists\nprocess.spawn\ncheck: a shell runs\nfs.persistent\ncheck: working dir writable, or storage persisted\nnet\ncheck: a non-loopback interface is up, or onLine\nnative\ncheck: null","Places","Strategy","Rust","Lifecycle","Shell","Plugins"]}}
{"check":"lifecycle-after-home","result":{"url":"https://mui.kernelsu.org/index.html","socket":"webview_devtools_remote_9911","value":["Back\nBack","Start a five-minute task, then switch away (Home, another app or tab) and come back: hidden keeps going. Close the app instead and reopen it: closed stops, and this page says where the task was when it ended.","Task\ntick every 500 ms, stamped with the place's own clock\nrunning in process: tick 41/600, longest gap 503 ms, app resumed 7","inline (the caller)","worker (isolate or Web Worker)","root process (the app CLI, serve mode)","Stop","Lifecycle\n00:41:07  away 7.1 s: the place produced 15 ticks (on schedule: 14); longest gap 503 ms\n00:41:07  inactive -> resumed\n00:41:07  hidden -> inactive\n00:41:00  inactive -> hidden\n00:41:00  resumed -> inactive\n00:40:51  started in process","Places","Strategy","Rust","Lifecycle","Shell","Plugins"]}}
{"check":"root-process","result":"root             0 u:r:ksu:s0                     10280 dartaotruntime\nroot             0 u:r:ksu:s0                     10320 dartaotruntime"}
/home/runner/work/devicelab/devicelab/out/sockprobe: 1 file pushed, 0 skipped. 205.5 MB/s (3501149 bytes in 0.016s)
{"check":"block-devices","result":"dm-0\ndm-1\ndm-11\ndm-13\ndm-14\ndm-16\ndm-17\ndm-18\ntotal 0\ndrwxr-xr-x 2 root root u:object_r:block_device:s0                140 2026-10-02 00:32 by-name\nbrw------- 1 root root u:object_r:dm_device:s0              254,   0 2026-10-02 00:32 dm-0\nbrw------- 1 root root u:object_r:dm_device:s0              254,   1 2026-10-02 00:32 dm-1\nbrw------- 1 root root u:object_r:dm_device:s0              254,  11 2026-10-02 00:32 dm-11\nbrw------- 1 root root u:object_r:dm_device:s0              254,  13 2026-10-02 00:32 dm-13\nbrw------- 1 root root u:object_r:dm_device:s0              254,  14 2026-10-02 00:32 dm-14\nbrw------- 1 root root u:object_r:dm_device:s0              254,  16 2026-10-02 00:32 dm-16\nbrw------- 1 root root u:object_r:dm_device:s0              254,  17 2026-10-02 00:32 dm-17\nbrw------- 1 root root u:object_r:dm_device:s0              254,  18 2026-10-02 00:32 dm-18\nbrw------- 1 root root u:object_r:dm_device:s0              254,  19 2026-10-02 00:32 dm-19\nbrw------- 1 root root u:object_r:dm_device:s0              254,   2 2026-10-02 00:32 dm-2\n-- su:\n0000000  \\0\n-- ksu:\n{\"error\":\"write /proc/thread-self/attr/current: operation not permitted\",\"op\":\"setcon\"}\n-- avc:"}
{"check":"back-1","result":{"url":"https://mui.kernelsu.org/index.html","socket":"webview_devtools_remote_9911","value":["Squadron","Process","native","net","Say hello","Count to 5","SHA-256","Demo pages\nOne page per thing the stack promises.","Places","Strategy","Rust","Lifecycle","Shell","Plugins"]}}
{"check":"back-1-top","result":"topResumedActivity=ActivityRecord{2801a88 u0 me.weishu.kernelsu/.ui.webui.WebUIActivity t22}"}
{"check":"back-2-top","result":"topResumedActivity=ActivityRecord{d2f2ec u0 com.google.android.apps.nexuslauncher/.NexusLauncherActivity t10}"}
{"check":"back-3-top","result":"topResumedActivity=ActivityRecord{d2f2ec u0 com.google.android.apps.nexuslauncher/.NexusLauncherActivity t10}"}
{"check":"monet-dark-sys-light","night":"no","color_mode":"5","opened":"opened: intent-token","result":{"url":"https://mui.kernelsu.org/index.html","socket":"webview_devtools_remote_10665","value":{"dark":false,"primary":"#277af7","background":"#242424","cssBytes":1427}}}
{"check":"monet-light-sys-dark","night":"yes","color_mode":"4","opened":"opened: intent-token","result":{"url":"https://mui.kernelsu.org/index.html","socket":"webview_devtools_remote_10923","value":{"dark":true,"primary":"#3482ff","background":"#ffffff","cssBytes":1425}}}
{"check":"monet-system-sys-dark","night":"yes","color_mode":"3","opened":"opened: intent-token","result":{"url":"https://mui.kernelsu.org/index.html","socket":"webview_devtools_remote_11168","value":{"dark":true,"primary":"#277af7","background":"#242424","cssBytes":1427}}}
{"check":"dark-sys-light","night":"no","color_mode":"2","opened":"opened: intent-token","result":{"url":"https://mui.kernelsu.org/index.html","socket":"webview_devtools_remote_11418","value":{"dark":false,"primary":null,"background":null,"cssBytes":0}}}
{"check":"system-sys-dark","night":"yes","color_mode":"0","opened":"opened: intent-token","result":{"url":"https://mui.kernelsu.org/index.html","socket":"webview_devtools_remote_11687","value":{"dark":true,"primary":null,"background":null,"cssBytes":0}}}
{"check":"app","result":"ls: /product/app/WebuiApi_demo/: No such file or directory"}
{"check":"mounts","result":"ls: /data/adb/metamodule: No such file or directory\ntmpfs /product/app tmpfs rw,seclabel,relatime,mode=755 0 0\nCalendarGooglePrebuilt Camera2 Chrome Chrome-Stub Drive GoogleContacts GoogleTTS LatinIMEGooglePrebuilt LicenseChecker Maps MarkupGoogle_v2 ModuleMetadataGoogle NexusWallpapersStubPrebuilt2018 Photos PixelThemesStub PrebuiltDeskClockGoogle PrebuiltGmail PrebuiltGoogleAdservicesTvp PrebuiltGoogleTelemetryTvp SoundPickerPrebuilt TrichromeLibrary TrichromeLibrary-Stub WebViewGoogle WebViewGoogle-Stub WebuiTermuxApi YouTube YouTubeMusicPrebuilt talkback"}
{"check":"app-label","result":"No activities found"}
{"check":"module-config","result":"manage module configuration\n\nUsage: ksud module config [OPTIONS] <COMMAND>\n\nCommands:\n  get     Get a config value\n  set     Set a config value\n  list    List all config entries\n  delete  Delete a config entry\n  clear   Clear all config entries\n  help    Print this message or the help of the given subcommand(s)\n\n-- files:\ntotal 32\ndrwxr-xr-x 2 root root 4096 2026-10-02 00:39 .\ndrwxr-xr-x 3 root root 4096 2026-10-02 00:33 ..\n-rw-r--r-- 1 root root   36 2026-10-02 00:33 persist.config\n-rw------- 1 root root  284 2026-10-02 00:39 tmp.config\n== /data/adb/ksu/module_configs/demo/persist.config\nMUSK\u0001\u0000\u0000\u0000\u0001\u0000\u0000\u0000\u000f\u0000\u0000\u0000webui.installed\u0001\u0000\u0000\u00001\n== /data/adb/ksu/module_configs/demo/tmp.config\nMUSK\u0001\u0000\u0000\u0000\u0002\u0000\u0000\u0000\n\u0000\u0000\u0000webui.boot$\u0000\u0000\u00008c17cc29-f561-4dc0-a13d-7a133e5e354b\u0000\u0000\u0000webui.session\udcc5\u0000\u0000\u0000{\"protocol\":1,\"version\":\"0.2.0\",\"port\":46273,\"token\":\"yimIyh-JK_GwF1P0XSKuyCiHM5kw4x32F7oqk0NmRHE\",\"pid\":10280,\"boot\":\"8c17cc29-f561-4dc0-a13d-7a133e5e354b\",\"started\":\"2026-10-02T00:39:00.532875Z\"}\n-- ksud get:\n1\nwebui.installed=1\nwebui.session={\"protocol\":1,\"version\":\"0.2.0\",\"port\":46273,\"token\":\"yimIyh-JK_GwF1P0XSKuyCiHM5kw4x32F7oqk0NmRHE\",\"pid\":10280,\"boot\":\"8c17cc29-f561-4dc0-a13d-7a133e5e354b\",\"started\":\"2026-10-02T00:39:00.532875Z\"}\nwebui.boot=8c17cc29-f561-4dc0-a13d-7a133e5e354b"}
{"check":"module-dirs","result":"/data/adb/demo:\ntotal 24\ndrwx------ 3 root root 4096 2026-10-02 00:39 .\ndrwx------ 6 root root 4096 2026-10-02 00:39 ..\ndrwx------ 2 root root 4096 2026-10-02 00:39 tmp\n\n/data/adb/demo/tmp:\ntotal 16\ndrwx------ 2 root root 4096 2026-10-02 00:39 .\ndrwx------ 3 root root 4096 2026-10-02 00:39 .."}
{"check":"open","result":"opened: intent-token"}
{"check":"tap-places","result":{"url":"https://mui.kernelsu.org/index.html","socket":"webview_devtools_remote_11988","value":"tapped Places at 16,572 size 288x56 role button tappable"}}
{"check":"tap-plugins","result":{"url":"https://mui.kernelsu.org/index.html","socket":"webview_devtools_remote_11988","value":"tapped Plugins at 267,536 size 53x80 role tab tappable"}}
{"check":"plugins","result":The app calls share_plus, permission_handler, the clipboard and file_selector as on any platform. Running in a WebUI host, so their *_webui packages answer.
share_plus
On WebUI: share_plus_webui: Android's share sheet, opened by the module's own app
Share text
permission_handler
On WebUI: permission_handler_webui: Android's own permission dialog, for the module's own app
Camera: denied}
{"check":"tap-share","result":{"url":"https://mui.kernelsu.org/index.html","socket":"webview_devtools_remote_11988","value":"tapped Share text at 24,278 size 112x48 role button tappable"}}
{"check":"share-top","result":"com.google.android.gm/.welcome.WelcomeTourActivity"}
{"check":"app-process","result":""}
{"check":"share-log","result":"10-02 00:45:12.039 11988 11988 I chromium: [INFO:CONSOLE(28366)] \"2026-10-02T00:45:12.039 INFO ui.plugins: share: unavailable\", source: https://mui.kernelsu.org/main.dart.js (28366)\n10-02 00:45:12.904  6292  6478 D ShortcutService: Package com.google.android.gm has 1 manifest shortcut(s), and 1 share target(s)\n10-02 00:45:13.246  6292  6478 D ShortcutService: Package com.google.android.gm has 1 manifest shortcut(s), and 1 share target(s)\n10-02 00:45:14.810  6292  6478 D ShortcutService: Package com.google.android.gm has 1 manifest shortcut(s), and 1 share target(s)\n10-02 00:45:20.261 12542 12542 W app_process: ClassLoaderContext shared library size mismatch. Expected=2, found=0 (PCL[]{PCL[/system/framework/android.test.base.jar*724373495]#PCL[/system/framework/android.test.mock.jar*1452759902]} | PCL[])\n10-02 00:45:21.228  7502  7502 W binder:7502_A: type=1400 audit(0.0:645): avc:  denied  { read } for  name=\"u:object_r:system_adbd_prop:s0\" dev=\"tmpfs\" ino=318 scontext=u:r:gmscore_app:s0:c512,c768 tcontext=u:object_r:system_adbd_prop:s0 tclass=file permissive=0 app=com.google.android.gms\n10-02 00:45:21.228  7502  7502 W binder:7502_A: type=1400 audit(0.0:646): avc:  denied  { read } for  name=\"u:object_r:adbd_prop:s0\" dev=\"tmpfs\" ino=63 scontext=u:r:gmscore_app:s0:c512,c768 tcontext=u:object_r:adbd_prop:s0 tclass=file permissive=0 app=com.google.android.gms"}
{"check":"share-result","result":share_plus
On WebUI: share_plus_webui: Android's share sheet, opened by the module's own app
Share result: unavailable}
Failure [package not found]
Error: package not found
{"check":"cam-deny-1-tap","result":{"url":"https://mui.kernelsu.org/index.html","socket":"webview_devtools_remote_11988","value":"tapped Request camera at 24,490 size 150x46 role button tappable"}}
{"check":"cam-deny-1-top","result":"me.weishu.kernelsu/.ui.webui.WebUIActivity"}
{"check":"cam-deny-1-dialog","result":"Back Back\nShare text\nRequest camera\nCopy text\nPaste\nPlaces\nStrategy\nRust\nLifecycle\nShell\nPlugins"}
{"check":"cam-deny-1-press","result":"ui: no node with 'Don'"}
{"check":"cam-deny-1-status","result":permission_handler
On WebUI: permission_handler_webui: Android's own permission dialog, for the module's own app
Camera: permanentlyDenied}
{"check":"cam-deny-1-perm","result":""}
{"check":"cam-deny-2-tap","result":{"url":"https://mui.kernelsu.org/index.html","socket":"webview_devtools_remote_11988","value":"tapped Request camera at 24,490 size 150x46 role button tappable"}}
{"check":"cam-deny-2-top","result":"me.weishu.kernelsu/.ui.webui.WebUIActivity"}
{"check":"cam-deny-2-dialog","result":"Back Back\nShare text\nRequest camera\nCopy text\nPaste\nPlaces\nStrategy\nRust\nLifecycle\nShell\nPlugins"}
{"check":"cam-deny-2-press","result":"ui: no node with 'Don'"}
{"check":"cam-deny-2-status","result":permission_handler
On WebUI: permission_handler_webui: Android's own permission dialog, for the module's own app
Camera: permanentlyDenied}
{"check":"cam-deny-2-perm","result":""}
{"check":"cam-after-deny-tap","result":{"url":"https://mui.kernelsu.org/index.html","socket":"webview_devtools_remote_11988","value":"tapped Request camera at 24,490 size 150x46 role button tappable"}}
{"check":"cam-after-deny-top","result":"me.weishu.kernelsu/.ui.webui.WebUIActivity"}
{"check":"cam-after-deny-dialog","result":"Back Back\nShare text\nRequest camera\nCopy text\nPaste\nPlaces\nStrategy\nRust\nLifecycle\nShell\nPlugins"}
{"check":"cam-after-deny-status","result":permission_handler
On WebUI: permission_handler_webui: Android's own permission dialog, for the module's own app
Camera: permanentlyDenied}
{"check":"cam-after-deny-perm","result":""}
Failure [package not found]
Error: package not found
{"check":"cam-grant-tap","result":{"error":"no page target","sockets":["webview_devtools_remote_11988"],"targets":[]}}
{"check":"cam-grant-top","result":"com.google.android.apps.nexuslauncher/.NexusLauncherActivity"}
{"check":"cam-grant-dialog","result":"Fri, Oct 2 | Fri, Oct 2\nFri, Oct 2 | Fri, Oct 2\nPhone | Phone\nMessages | Messages\nGmail | Predicted app: Gmail\nChrome | Chrome\nCamera | Camera\nGoogle search | Google app | Voice search | Google Lens\nGoogle app\nVoice search\nGoogle Lens"}
{"check":"cam-grant-press","result":"ui: no node with 'While using the app'"}
{"check":"cam-grant-status","result":null}
{"check":"cam-grant-perm","result":""}
{"check":"clipboard","result":"no Paste button on page 6"}
{"check":"file-pick","result":"no Pick a file button on page 6"}
{"check":"app-settings","result":"Calendar | Calendar\nCamera | Camera\nChrome | Chrome\nClock | Clock\nContacts | Contacts\nDrive | Drive\nFiles | Files\nGmail | Gmail\nKernelSU | KernelSU\nMaps | Maps\nMessages | Messages\nPhone | Phone"}
{"check":"uninstall","result":""}
{"check":"after-uninstall","result":"ls: /data/adb/modules/demo: No such file or directory\nls: /data/adb/demo: No such file or directory\nls: /data/adb/ksu/module_configs/demo: No such file or directory\nls: /product/app/WebuiApi_demo: No such file or directory\ncmd: Can't find service: package\ncmd: Can't find service: package"}
{"check":"mount","result":"mount: mounting overlay on /product/app failed: Invalid argument\noverlay failed: 255\nmagic mount ok\nmount: mounting overlay on /product/app failed: Invalid argument\noverlay failed: 255\nmagic mount ok\ntotal 3736\ndrwxr-xr-x 2 root root u:object_r:system_file:s0     4096 2026-10-02 00:33 .\ndrwxr-xr-x 4 root root u:object_r:system_file:s0       80 2026-10-02 00:47 ..\n-rw-r--r-- 1 root root u:object_r:system_file:s0  3809993 2026-10-02 00:33 WebuiTermuxApi.apk\n*\nWebuiTermuxApi\n/dev/block/dm-3 /product ext4 ro,seclabel,relatime 0 0\ntmpfs /dev/app_plane_app tmpfs rw,seclabel,relatime,mode=755 0 0\ntmpfs /product/app tmpfs rw,seclabel,relatime,mode=755 0 0\n/dev/block/dm-3 /product/app/CalendarGooglePrebuilt ext4 ro,seclabel,relatime 0 0\n/dev/block/dm-3 /product/app/Camera2 ext4 ro,seclabel,relatime 0 0\n/dev/block/dm-3 /product/app/Chrome ext4 ro,seclabel,relatime 0 0\n/dev/block/dm-3 /product/app/Chrome-Stub ext4 ro,seclabel,relatime 0 0\n/dev/block/dm-3 /product/app/Drive ext4 ro,seclabel,relatime 0 0\n32"}
{"check":"package","result":"package:/product/app/WebuiTermuxApi/WebuiTermuxApi.apk\n    flags=0x0\n    flags=0x0\n    codePath=/product/app/WebuiTermuxApi\n    versionName=0.53.0-webui.1\n    flags=[ SYSTEM HAS_CODE ALLOW_CLEAR_USER_DATA ALLOW_BACKUP ]\n    privateFlags=[ PRIVATE_FLAG_ACTIVITIES_RESIZE_MODE_RESIZEABLE_VIA_SDK_VERSION PRIVATE_FLAG_REQUEST_LEGACY_EXTERNAL_STORAGE PRODUCT PRIVATE_FLAG_ALLOW_NATIVE_HEAP_POINTER_TAGGING ]\n        android.permission.READ_SMS: granted=false, flags=[ USER_SENSITIVE_WHEN_GRANTED|USER_SENSITIVE_WHEN_DENIED|RESTRICTION_UPGRADE_EXEMPT]\n        android.permission.POST_NOTIFICATIONS: granted=false, flags=[ USER_SENSITIVE_WHEN_GRANTED|USER_SENSITIVE_WHEN_DENIED]"}
/home/runner/work/devicelab/devicelab/out/sockprobe: 1 file pushed, 0 skipped. 189.2 MB/s (3501149 bytes in 0.018s)
cmd: Can't find service: activity
cmd: Can't find service: activity
{"check":"broadcast","result":"cmd: Can't find service: activity\ncmd: Can't find service: activity"}
{"check":"app-process","result":""}
{"check":"listener-module","result":"{\"context\":\"u:r:su:s0\",\"event\":\"start\",\"names\":[\"wx_ksu_out\",\"wx_ksu_in\"],\"uid\":0}\n{\"event\":\"exit\"}\nunix @wx_ksu_out: bind: address already in use\",\"event\":\"listen-error\",\"name\":\"wx_ksu_out\"}\n{\"error\":\"listen unix @wx_ksu_in: bind: address already in use\",\"event\":\"listen-error\",\"name\":\"wx_ksu_in\"}"}
{"check":"listener-su","result":"{\"context\":\"u:r:su:s0\",\"event\":\"start\",\"names\":[\"wx_su_out\",\"wx_su_in\"],\"uid\":0}"}
{"check":"avc","result":"10-02 00:55:30.406  7461  7461 W PackageSettings: Missing permission state for package com.webui.termux.api on user 0\n10-02 00:55:30.870   485 13343 D installd: Found quota mount /dev/block/dm-46 at /dev/app_plane_app/WebuiTermuxApi\n10-02 00:55:30.870   485 13343 D installd: Found quota mount /dev/block/dm-46 at /product/app/WebuiTermuxApi\n10-02 00:55:30.871   485 13343 D installd: Found quota mount /dev/block/dm-46 at /dev/app_plane_app/WebuiTermuxApi\n10-02 00:55:30.871   485 13343 D installd: Found quota mount /dev/block/dm-46 at /product/app/WebuiTermuxApi\n10-02 00:55:30.871   485 13343 D installd: Found quota mount /dev/block/dm-46 at /product/app/WebuiTermuxApi\n10-02 00:55:30.871   485 13343 D installd: Found quota mount /dev/block/dm-46 at /dev/app_plane_app/WebuiTermuxApi\n10-02 00:55:31.040   485 13343 D installd: Found quota mount /dev/block/dm-46 at /dev/app_plane_app/WebuiTermuxApi\n10-02 00:55:31.040   485 13343 D installd: Found quota mount /dev/block/dm-46 at /product/app/WebuiTermuxApi\n10-02 00:55:31.040   485 13343 D installd: Found quota mount /dev/block/dm-46 at /dev/app_plane_app/WebuiTermuxApi\n10-02 00:55:31.040   485 13343 D installd: Found quota mount /dev/block/dm-46 at /product/app/WebuiTermuxApi\n10-02 00:55:31.040   485 13343 D installd: Found quota mount /dev/block/dm-46 at /product/app/WebuiTermuxApi\n10-02 00:55:31.040   485 13343 D installd: Found quota mount /dev/block/dm-46 at /dev/app_plane_app/WebuiTermuxApi\n10-02 00:55:31.044   485 13343 D installd: Found quota mount /dev/block/dm-46 at /dev/app_plane_app/WebuiTermuxApi\n10-02 00:55:31.045   485 13343 D installd: Found quota mount /dev/block/dm-46 at /product/app/WebuiTermuxApi\n10-02 00:55:31.045   485 13343 D installd: Found quota mount /dev/block/dm-46 at /dev/app_plane_app/WebuiTermuxApi\n10-02 00:55:31.045   485 13343 D installd: Found quota mount /dev/block/dm-46 at /product/app/WebuiTermuxApi\n10-02 00:55:31.045   485 13343 D installd: Found quota mount /dev/block/dm-46 at /product/app/WebuiTermuxApi\n10-02 00:55:31.045   485 13343 D installd: Found quota mount /dev/block/dm-46 at /dev/app_plane_app/WebuiTermuxApi\n10-02 00:55:31.046   485 13343 D installd: Found quota mount /dev/block/dm-46 at /dev/app_plane_app/WebuiTermuxApi\n10-02 00:55:31.046   485 13343 D installd: Found quota mount /dev/block/dm-46 at /product/app/WebuiTermuxApi\n10-02 00:55:31.046   485 13343 D installd: Found quota mount /dev/block/dm-46 at /dev/app_plane_app/WebuiTermuxApi\n10-02 00:55:31.046   485 13343 D installd: Found quota mount /dev/block/dm-46 at /product/app/WebuiTermuxApi\n10-02 00:55:31.046   485 13343 D installd: Found quota mount /dev/block/dm-46 at /product/app/WebuiTermuxApi\n10-02 00:55:31.046   485 13343 D installd: Found quota mount /dev/block/dm-46 at /dev/app_plane_app/WebuiTermuxApi"}
SELinux: Loaded file context from:
		/system/etc/selinux/plat_file_contexts
		/system_ext/etc/selinux/system_ext_file_contexts
		/vendor/etc/selinux/vendor_file_contexts
{"check":"restorecon","result":"u:object_r:app_data_file:s0:c210,c256,c512,c768 /data/data/com.webui.termux.api\nu:object_r:app_data_file:s0                     /data/data/com.webui.termux.api/files/devicelab/probe.txt"}
{"check":"app-read","result":"u:object_r:app_data_file:s0:c210,c256,c512,c768 chcon.txt\nu:object_r:app_data_file:s0                     probe.txt\n{\"error\":\"write /proc/thread-self/attr/current: operation not permitted\",\"op\":\"setcon\"}"}
Can't find service: activity
{"check":"share-text","result":"{\"context\":\"u:r:su:s0\",\"event\":\"start\",\"names\":[\"sh_text_out\",\"sh_text_in\"],\"uid\":0}\n10-02 00:55:46.053   485   496 D installd: Found quota mount /dev/block/dm-46 at /dev/app_plane_app/WebuiTermuxApi\n10-02 00:55:46.053   485   496 D installd: Found quota mount /dev/block/dm-46 at /product/app/WebuiTermuxApi\n10-02 00:55:46.053   485   496 D installd: Found quota mount /dev/block/dm-46 at /product/app/WebuiTermuxApi\n10-02 00:55:46.053   485   496 D installd: Found quota mount /dev/block/dm-46 at /dev/app_plane_app/WebuiTermuxApi\n10-02 00:55:46.054   485   496 D installd: Found quota mount /dev/block/dm-46 at /dev/app_plane_app/WebuiTermuxApi\n10-02 00:55:46.055   485   496 D installd: Found quota mount /dev/block/dm-46 at /product/app/WebuiTermuxApi\n10-02 00:55:46.055   485   496 D installd: Found quota mount /dev/block/dm-46 at /dev/app_plane_app/WebuiTermuxApi\n10-02 00:55:46.055   485   496 D installd: Found quota mount /dev/block/dm-46 at /product/app/WebuiTermuxApi\n10-02 00:55:46.055   485   496 D installd: Found quota mount /dev/block/dm-46 at /product/app/WebuiTermuxApi\n10-02 00:55:46.055   485   496 D installd: Found quota mount /dev/block/dm-46 at /dev/app_plane_app/WebuiTermuxApi\n10-02 00:55:46.095  8380  8380 D nativeloader: Load libservice-connectivity.so using ns clns-shared-13 from class loader (caller=/apex/com.android.tethering/javalib/service-connectivity.jar): ok\n10-02 00:55:46.201  8333  8337 D AudioFlinger: isLowRamDevice:false totalMemory:6217895936 mClientSharedHeapSize:33554432"}
cmd: Can't find service: input
Can't find service: activity
{"check":"share-file","result":"{\"context\":\"u:r:su:s0\",\"event\":\"start\",\"names\":[\"sh_file_out\",\"sh_file_in\"],\"uid\":0}\n10-02 00:56:01.009   485 13343 D installd: Found quota mount /dev/block/dm-46 at /dev/app_plane_app/WebuiTermuxApi\n10-02 00:56:01.009   485 13343 D installd: Found quota mount /dev/block/dm-46 at /product/app/WebuiTermuxApi\n10-02 00:56:01.009   485 13343 D installd: Found quota mount /dev/block/dm-46 at /product/app/WebuiTermuxApi\n10-02 00:56:01.009   485 13343 D installd: Found quota mount /dev/block/dm-46 at /dev/app_plane_app/WebuiTermuxApi\n10-02 00:56:01.010   485 13343 D installd: Found quota mount /dev/block/dm-46 at /dev/app_plane_app/WebuiTermuxApi\n10-02 00:56:01.010   485 13343 D installd: Found quota mount /dev/block/dm-46 at /product/app/WebuiTermuxApi\n10-02 00:56:01.011   485 13343 D installd: Found quota mount /dev/block/dm-46 at /dev/app_plane_app/WebuiTermuxApi\n10-02 00:56:01.011   485 13343 D installd: Found quota mount /dev/block/dm-46 at /product/app/WebuiTermuxApi\n10-02 00:56:01.011   485 13343 D installd: Found quota mount /dev/block/dm-46 at /product/app/WebuiTermuxApi\n10-02 00:56:01.011   485 13343 D installd: Found quota mount /dev/block/dm-46 at /dev/app_plane_app/WebuiTermuxApi\n10-02 00:56:01.056  9276  9276 D nativeloader: Load libservice-connectivity.so using ns clns-shared-13 from class loader (caller=/apex/com.android.tethering/javalib/service-connectivity.jar): ok\n10-02 00:56:01.164  9231  9346 D AudioFlinger: isLowRamDevice:false totalMemory:6217895936 mClientSharedHeapSize:33554432"}
cmd: Can't find service: input
cmd: Failure calling service appops: Broken pipe (32)
Can't find service: activity
{"check":"share-text-saw","result":"{\"context\":\"u:r:su:s0\",\"event\":\"start\",\"names\":[\"sh_text-saw_out\",\"sh_text-saw_in\"],\"uid\":0}\n10-02 00:56:20.541 10464 10464 V AconfigFlags: Read Aconfig default flag value com.android.systemui.shared.shade_allow_back_gesture = false\n10-02 00:56:20.541 10464 10464 V AconfigFlags: Read Aconfig default flag value com.android.systemui.shared.sidefps_controller_refactor = true\n10-02 00:56:20.553 10464 10464 V AconfigFlags: Read Aconfig default flag value android.content.pm.restrict_nonpreloads_system_shareduids = true\n10-02 00:56:20.555 10464 10464 V AconfigFlags: Read Aconfig default flag value android.service.chooser.chooser_album_text = true\n10-02 00:56:20.555 10464 10464 V AconfigFlags: Read Aconfig default flag value android.service.chooser.chooser_payload_toggling = true\n10-02 00:56:20.555 10464 10464 V AconfigFlags: Read Aconfig default flag value android.service.chooser.enable_chooser_result = true\n10-02 00:56:20.555 10464 10464 V AconfigFlags: Read Aconfig default flag value android.service.chooser.enable_sharesheet_metadata_extra = true\n10-02 00:56:20.555 10464 10464 V AconfigFlags: Read Aconfig default flag value android.service.chooser.fix_resolver_memory_leak = true\n10-02 00:56:20.556 10464 10464 V AconfigFlags: Read Aconfig default flag value android.view.accessibility.allow_shortcut_chooser_on_lockscreen = false\n10-02 00:56:20.854   485   496 W installd: Ignoring /data/data/com.webui.termux.api/files with unexpected GID 0 instead of 10210\n10-02 00:56:20.854   485   496 W installd: Ignoring /data/data/com.webui.termux.api/files with unexpected GID 0 instead of 10210\n10-02 00:56:20.900 10464 10464 D nativeloader: Load libartservice.so using ns clns-shared-7 from class loader (caller=/apex/com.android.art/javalib/service-art.jar): ok"}
{"check":"share-file-saw","result":"{\"context\":\"u:r:su:s0\",\"event\":\"start\",\"names\":[\"sh_file-saw_out\",\"sh_file-saw_in\"],\"uid\":0}\n10-02 00:56:36.077   485 13343 D installd: Found quota mount /dev/block/dm-46 at /dev/app_plane_app/WebuiTermuxApi\n10-02 00:56:36.077   485 13343 D installd: Found quota mount /dev/block/dm-46 at /product/app/WebuiTermuxApi\n10-02 00:56:36.077   485 13343 D installd: Found quota mount /dev/block/dm-46 at /product/app/WebuiTermuxApi\n10-02 00:56:36.077   485 13343 D installd: Found quota mount /dev/block/dm-46 at /dev/app_plane_app/WebuiTermuxApi\n10-02 00:56:36.078   485   496 D installd: Found quota mount /dev/block/dm-46 at /dev/app_plane_app/WebuiTermuxApi\n10-02 00:56:36.078   485   496 D installd: Found quota mount /dev/block/dm-46 at /product/app/WebuiTermuxApi\n10-02 00:56:36.078   485   496 D installd: Found quota mount /dev/block/dm-46 at /dev/app_plane_app/WebuiTermuxApi\n10-02 00:56:36.078   485   496 D installd: Found quota mount /dev/block/dm-46 at /product/app/WebuiTermuxApi\n10-02 00:56:36.079   485   496 D installd: Found quota mount /dev/block/dm-46 at /product/app/WebuiTermuxApi\n10-02 00:56:36.079   485   496 D installd: Found quota mount /dev/block/dm-46 at /dev/app_plane_app/WebuiTermuxApi\n10-02 00:56:36.121 11356 11356 D nativeloader: Load libservice-connectivity.so using ns clns-shared-13 from class loader (caller=/apex/com.android.tethering/javalib/service-connectivity.jar): ok\n10-02 00:56:36.227 11311 11426 D AudioFlinger: isLowRamDevice:false totalMemory:6217895936 mClientSharedHeapSize:33554432"}
cmd: Can't find service: input
app uid: 10210
/system/bin/sh: can't create /storage/emulated/0/Download/dl-scan-fuse.txt: Transport endpoint is not connected
SELinux: Loaded file context from:
		/system/etc/selinux/plat_file_contexts
		/system_ext/etc/selinux/system_ext_file_contexts
		/vendor/etc/selinux/vendor_file_contexts
Error while accessing provider:media
java.lang.NullPointerException: Attempt to invoke interface method 'android.app.ContentProviderHolder android.app.IActivityManager.getContentProviderExternal(java.lang.String, int, android.os.IBinder, java.lang.String)' on a null object reference
	at com.android.commands.content.Content$Command.execute(Content.java:516)
	at com.android.commands.content.Content.main(Content.java:735)
	at com.android.internal.os.RuntimeInit.nativeFinishInit(Native Method)
	at com.android.internal.os.RuntimeInit.main(RuntimeInit.java:369)
{"check":"media-before","result":"-rw-rw---- 1 10203 1023 u:object_r:media_rw_data_file:s0  4 2026-10-02 00:56 dl-scan-app.txt\n-rw-rw---- 1 10203 1023 u:object_r:media_rw_data_file:s0  6 2026-10-02 00:56 dl-scan-bcast.txt\n-rw-rw---- 1 10203 1023 u:object_r:media_rw_data_file:s0  5 2026-10-02 00:56 dl-scan-none.txt\n-- mediastore:"}
Error while accessing provider:media
java.lang.NullPointerException: Attempt to invoke interface method 'android.app.ContentProviderHolder android.app.IActivityManager.getContentProviderExternal(java.lang.String, int, android.os.IBinder, java.lang.String)' on a null object reference
	at com.android.commands.content.Content$Command.execute(Content.java:516)
	at com.android.commands.content.Content.main(Content.java:735)
	at com.android.internal.os.RuntimeInit.nativeFinishInit(Native Method)
	at com.android.internal.os.RuntimeInit.main(RuntimeInit.java:369)
{"check":"media-scan-app","result":"{\"context\":\"u:r:su:s0\",\"event\":\"start\",\"names\":[\"ms_out\",\"ms_in\"],\"uid\":0}\n10-02 00:56:51.092   485 13343 D installd: Found quota mount /dev/block/dm-46 at /dev/app_plane_app/WebuiTermuxApi\n10-02 00:56:51.092   485 13343 D installd: Found quota mount /dev/block/dm-46 at /product/app/WebuiTermuxApi\n10-02 00:56:51.092   485 13343 D installd: Found quota mount /dev/block/dm-46 at /product/app/WebuiTermuxApi\n10-02 00:56:51.092   485 13343 D installd: Found quota mount /dev/block/dm-46 at /dev/app_plane_app/WebuiTermuxApi\n10-02 00:56:51.093   485 13343 D installd: Found quota mount /dev/block/dm-46 at /dev/app_plane_app/WebuiTermuxApi\n10-02 00:56:51.093   485 13343 D installd: Found quota mount /dev/block/dm-46 at /product/app/WebuiTermuxApi\n10-02 00:56:51.093   485 13343 D installd: Found quota mount /dev/block/dm-46 at /dev/app_plane_app/WebuiTermuxApi\n10-02 00:56:51.093   485 13343 D installd: Found quota mount /dev/block/dm-46 at /product/app/WebuiTermuxApi\n10-02 00:56:51.093   485 13343 D installd: Found quota mount /dev/block/dm-46 at /product/app/WebuiTermuxApi\n10-02 00:56:51.093   485 13343 D installd: Found quota mount /dev/block/dm-46 at /dev/app_plane_app/WebuiTermuxApi\n-- mediastore:"}
Error while accessing provider:media
java.lang.NullPointerException: Attempt to invoke interface method 'android.app.ContentProviderHolder android.app.IActivityManager.getContentProviderExternal(java.lang.String, int, android.os.IBinder, java.lang.String)' on a null object reference
	at com.android.commands.content.Content$Command.execute(Content.java:516)
	at com.android.commands.content.Content.main(Content.java:735)
	at com.android.internal.os.RuntimeInit.nativeFinishInit(Native Method)
	at com.android.internal.os.RuntimeInit.main(RuntimeInit.java:369)
{"check":"media-scan-bcast","result":"cmd: Can't find service: activity\n10-02 00:57:00.358     0     0 I apexd   : Found pre-installed APEX /system/apex/com.google.android.mediaprovider.apex\n10-02 00:57:00.438     0     0 I apexd   : Found \"/apex/com.android.mediaprovider@350820300\" backed by file /data/apex/decompressed/com.android.mediaprovider@350820300.decompressed.apex\n10-02 00:57:00.298 12885 12885 D CompatConfig: Found a config file: /apex/com.android.mediaprovider/etc/compatconfig/framework-pdf-v-platform-compat-config.xml\n10-02 00:57:00.298 12885 12885 D CompatConfig: Found a config file: /apex/com.android.mediaprovider/etc/compatconfig/media-provider-platform-compat-config.xml\n10-02 00:57:00.489 12885 12885 W PackageManager: No package known for package restrictions com.google.android.mediaprovider\n10-02 00:57:00.517 12885 12885 D PackageManager: Directories scanned as system partitions: [/system:0, /vendor:524288, /odm:4194304, /oem:262144, /product:1048576, /system_ext:2097152, /apex/com.android.os.statsd:41943040, /apex/com.android.permission:41943040, /apex/com.android.hardware.authsecret:42467328, /apex/com.google.mainline.primary.libs:41943040, /apex/com.android.ipsec:41943040, /apex/com.android.rkpd:41943040, /apex/com.android.tzdata:41943040, /apex/com.android.tethering:41943040, /apex/com.android.appsearch:41943040, /apex/com.android.compos:44040192, /apex/com.android.nfcservices:41943040, /apex/com.android.devicelock:41943040, /apex/com.android.ondevicepersonalization:41943040, /apex/com.android.art:41943040, /apex/com.android.resolv:41943040, /apex/com.android.extservices:41943040, /apex/com.android.hardware.rebootescrow:42467328, /apex/com.android.uwb:41943040, /apex/com.android.scheduling:41943040, /apex/com.android.profiling:41943040, /apex/com.android.healthfitness:41943040, /apex/com.android.hardware.cas:42467328, /apex/com.android.hardware.neuralnetworks:42467328, /apex/com.android.virt:41943040, /apex/com.android.adbd:41943040, /apex/com.android.media:41943040, /apex/com.android.i18n:41943040, /apex/com.android.sdkext:41943040, /apex/com.android.adservices:41943040, /apex/com.android.btservices:41943040, /apex/com.android.cellbroadcast:41943040, /apex/com.android.apex.cts.shim:41943040, /apex/com.android.wifi:41943040, /apex/com.android.runtime:41943040, /apex/com.android.mediaprovider:41943040, /apex/com.android.configinfrastructure:41943040, /apex/com.google.android.widevine:42467328, /apex/com.android.media.swcodec:41943040, /apex/com.android.conscrypt:41943040, /apex/com.android.neuralnetworks:41943040]\n10-02 00:57:00.634 12885 12885 I PackageManager: /data/apex/decompressed/com.android.mediaprovider@350820300.decompressed.apex changed; collecting certs\n10-02 00:57:00.777 12885 12885 I ApexManager: Registering com.google.android.providers.media.module as apk-in-apex of com.android.mediaprovider\n10-02 00:57:00.777 12885 12885 D PackageManager: No files in app dir /apex/com.android.mediaprovider/app\n10-02 00:57:00.860 12885 12952 W PackageManager: Skipping preparing app data for com.google.android.mediaprovider\n-- mediastore:"}
