10-02 05:14:37.895    91   114 I AERA UI : AERA Recovery Project native engine active; hardware Back and edge swipe use navigation history
10-02 05:15:33.619    91   114 D AERA UI : touch released at 619,1277
10-02 05:15:37.278    91   114 D AERA UI : touch released at 609,1285
10-02 05:15:40.897    91   114 D AERA UI : touch released at 679,1277
10-02 05:15:44.561    91   114 D AERA UI : touch released at 673,1285
10-02 05:15:51.316    91   114 D AERA UI : touch released at 620,1278
10-02 05:24:50.795    91   114 D AERA UI : touch released at 360,263
10-02 05:25:00.414    91   114 D AERA UI : touch released at 360,460
10-02 05:25:09.995    91   114 D AERA UI : touch released at 360,657
10-02 05:25:19.690    91   114 D AERA UI : touch released at 360,854
10-02 05:27:40.149    91   114 D AERA UI : touch released at 360,1000
10-02 05:27:41.313    91   114 D AERA UI : touch released at 350,1012
10-02 05:27:45.105    91   114 D AERA UI : touch released at 360,1040
10-02 05:27:54.525  1670  1676 I AERA UI : AERA Recovery Project native engine active; hardware Back and edge swipe use navigation history
10-02 05:29:38.121  1670  1676 D AERA UI : touch released at 360,1040
10-02 05:29:46.010  2338  2344 I AERA UI : AERA Recovery Project native engine active; hardware Back and edge swipe use navigation history
10-02 05:30:36.032  2338  2344 D AERA UI : touch released at -1,65535
10-02 05:30:40.715  2484  2490 I AERA UI : AERA Recovery Project native engine active; hardware Back and edge swipe use navigation history
10-02 05:31:43.389  2484  2490 D AERA UI : touch released at 354,1007
10-02 05:31:46.819  2484  2490 D AERA UI : touch released at 354,1007
10-02 05:31:50.295  2484  2490 D AERA UI : touch released at 354,1007
10-02 05:31:58.043  2484  2490 D AERA UI : touch released at 378,660
10-02 05:32:05.581  2484  2490 D AERA UI : touch released at 378,660
10-02 05:32:13.023  2484  2490 D AERA UI : touch released at 378,660
10-02 05:32:49.552  2484  2490 D AERA UI : touch released at 360,1000
10-02 05:32:50.754  2484  2490 D AERA UI : touch released at 352,1010
10-02 05:33:11.051  2484  2490 I AERA UI : left-edge Back gesture accepted
10-02 05:33:11.051  2484  2490 D AERA UI : touch released at 228,706
10-02 05:33:55.378  2484  2490 D AERA UI : touch released at 360,1000
10-02 05:33:56.581  2484  2490 D AERA UI : touch released at 352,1010
10-02 05:34:17.024  2484  2490 I AERA UI : left-edge Back gesture accepted
10-02 05:34:17.024  2484  2490 D AERA UI : touch released at 228,706
