yes: standard output: Broken pipe
Auto-selecting single ABI x86_64
Do you wish to create a custom hardware profile? [no] lab.avd
lab.ini
emulator Android emulator version 37.1.11.0 (build_id 15917651) (CL:N/A)
* daemon not running; starting now at tcp:5037
* daemon started successfully
booted in 47s: google/sdk_gphone64_x86_64/emu64xa:15/AE3A.240806.043/12960925:userdebug/dev-keys
kernel 6.6.50-android15-8-g8adecb593e9b-ab12525588 -> kmi android15-6.6; KernelSU-Next/KernelSU-Next v3.4.0
HTTP 500 (https://api.github.com/repos/KernelSU-Next/KernelSU-Next/releases/assets/579737161)
total 28632
drwx------  2 runner runner     4096 Oct  1 12:09 .
drwxrwxrwt 16 root   root       4096 Oct  1 12:09 ..
-rw-r--r--  1 runner runner 11859167 Oct  1 12:09 KernelSU_Next_v3.4.0-spoofed_33294-release.apk
-rw-r--r--  1 runner runner 11857955 Oct  1 12:09 KernelSU_Next_v3.4.0_33294-release.apk
-rw-r--r--  1 runner runner  5583488 Oct  1 12:09 ksud-x86_64-linux-android
== manager installed (com.rifsxd.ksunext, KernelSU_Next_v3.4.0_33294-release.apk)
adb: error: cannot stat '/tmp/tmp.izfzgMAm4o/*kernelsu.ko': No such file or directory
/tmp/tmp.izfzgMAm4o/ksud-x86_64-linux-android: 1 file pushed, 0 skipped. 62.9 MB/s (5583488 bytes in 0.085s)
== ksud: ksud 3.4.0 (uapi: 4)
cp: bad '/data/local/tmp/kernelsu.ko': No such file or directory
== ksud late-load: rc=0
== ksud insmod /data/adb/kernelsu.ko: Error: resolve module path failed: /data/adb/kernelsu.ko

Caused by:
    No such file or directory (os error 2)
rc=1
== ksud post-fs-data: rc=0
== ksud services: rc=0
== ksud boot-completed: rc=0
== lsmod: kernelsu              303104  1 
aarch64-android12-5.10_kernelsu.ko
aarch64-android13-5.10_kernelsu.ko
aarch64-android13-5.15_kernelsu.ko
aarch64-android14-5.15_kernelsu.ko
aarch64-android14-6.1_kernelsu.ko
aarch64-android15-6.6_kernelsu.ko
aarch64-android16-6.12_kernelsu.ko
aarch64-android17-6.18_kernelsu.ko
KernelSU_Next_v3.4.0-spoofed_33294-release.apk
KernelSU_Next_v3.4.0_33294-release.apk
ksud-aarch64-apple-darwin
ksud-aarch64-linux-android
ksud-aarch64-unknown-linux-musl
ksud-x86_64-apple-darwin
ksud-x86_64-linux-android
ksud-x86_64-unknown-linux-musl
x86_64-android12-5.10_kernelsu.ko
x86_64-android13-5.10_kernelsu.ko
x86_64-android13-5.15_kernelsu.ko
x86_64-android14-5.15_kernelsu.ko
x86_64-android14-6.1_kernelsu.ko
x86_64-android15-6.6_kernelsu.ko
x86_64-android16-6.12_kernelsu.ko
x86_64-android17-6.18_kernelsu.ko
== no metamodule asset in KernelSU-Next/KernelSU-Next v3.4.0
/home/runner/work/devicelab/devicelab/modules/probe/./: 2 files pushed, 0 skipped. 0.0 MB/s (1474 bytes in 0.046s)
== modules: [
  {
    "description": "Observation module for devicelab. Its WebUI page is driven over DevTools.",
    "name": "devicelab probe",
    "id": "devicelab_probe",
    "version": "1",
    "versionCode": "1",
    "author": "p0g-stack",
    "update": "false",
    "mount": "false",
    "enabled": "true",
    "remove": "false",
    "web": "true",
    "action": "false"
  }
]
SELinux: Loaded file context from:
		/system/etc/selinux/plat_file_contexts
		/system_ext/etc/selinux/system_ext_file_contexts
		/vendor/etc/selinux/vendor_file_contexts
ERROR: null root node returned by UiTestAutomationBridge.
cat: /data/local/tmp/ui.xml: No such file or directory
== home text: 
== manager activities: com.rifsxd.ksunext/.FlashModule com.rifsxd.ksunext/.ui.MainActivity com.rifsxd.ksunext/androidx.core.content.FileProvider com.rifsxd.ksunext/androidx.profileinstaller.ProfileInstallReceiver com.rifsxd.ksunext/androidx.startup.InitializationProvider 
inputs/modules/flutter_webui_counter-0.1.5.zip: 1 file pushed, 0 skipped. 60.1 MB/s (21434766 bytes in 0.340s)
== install flutter_webui_counter-0.1.5.zip
  inflating: webroot/fonts/notocoloremoji/v32/Yq6P-KqIXTD0t4D9z1ESnKM3-HpFabsE4tq3luCC7p-aXxcn.3.woff2
  inflating: webroot/fonts/notocoloremoji/v32/Yq6P-KqIXTD0t4D9z1ESnKM3-HpFabsE4tq3luCC7p-aXxcn.8.woff2
  inflating: webroot/fonts/notocoloremoji/v32/Yq6P-KqIXTD0t4D9z1ESnKM3-HpFabsE4tq3luCC7p-aXxcn.2.woff2
   creating: webroot/fonts/notosansmath/
   creating: webroot/fonts/notosansmath/v15/
  inflating: webroot/fonts/notosansmath/v15/7Aump_cpkSecTWaHRlH2hyV5UHkD-V048PW0.woff2
   creating: webroot/fonts/roboto/
   creating: webroot/fonts/roboto/v32/
  inflating: webroot/fonts/roboto/v32/KFOmCnqEu92Fr1Me4GZLCzYlKw.woff2
  inflating: webroot/.last_build_id
  inflating: webroot/config.json
  inflating: webroot/flutter_webui.js
  inflating: customize.sh
- Done
- Module installed successfully!
inputs/modules/counter-v1.0.0.zip: 1 file pushed, 0 skipped. 81.6 MB/s (6582359 bytes in 0.077s)
== install counter-v1.0.0.zip
  inflating: webroot/canvaskit/chromium/canvaskit.wasm
  inflating: webroot/config.json
  inflating: webroot/favicon.png
  inflating: webroot/flutter.js
  inflating: webroot/flutter_bootstrap.js
  inflating: webroot/icons/Icon-192.png
  inflating: webroot/icons/Icon-512.png
  inflating: webroot/icons/Icon-maskable-192.png
  inflating: webroot/icons/Icon-maskable-512.png
  inflating: webroot/index.html
  inflating: webroot/main.dart.js
  inflating: webroot/manifest.json
  inflating: webroot/version.json
- Done
- Module installed successfully!
inputs/modules/demo-v0.1.0.zip: 1 file pushed, 0 skipped. 157.2 MB/s (24315691 bytes in 0.148s)
== install demo-v0.1.0.zip
  inflating: webroot/icons/Icon-512.png
  inflating: webroot/icons/Icon-maskable-192.png
  inflating: webroot/icons/Icon-maskable-512.png
  inflating: webroot/index.html
  inflating: webroot/main.dart.js
  inflating: webroot/manifest.json
  inflating: webroot/pkg/.gitignore
  inflating: webroot/pkg/demo_native.js
  inflating: webroot/pkg/demo_native_bg.wasm
  inflating: webroot/pkg/package.json
  inflating: webroot/version.json
  inflating: webroot/workers/demo_service.web.g.dart.js
  inflating: webroot/workers/hello_service.web.g.dart.js
- Done
- Module installed successfully!
/home/runner/work/devicelab/devicelab/app_plane.zip: 1 file pushed, 0 skipped. 161.6 MB/s (4528283 bytes in 0.027s)
== install app_plane.zip
Archive:  /data/local/tmp/m.zip
- Extracting module files
Archive:  /data/local/tmp/m.zip
  inflating: post-fs-data.sh
  inflating: module.prop
   creating: system/
   creating: system/product/
   creating: system/product/app/
   creating: system/product/app/WebuiTermuxApi/
  inflating: system/product/app/WebuiTermuxApi/WebuiTermuxApi.apk
  inflating: service.sh
  inflating: sockprobe
- Handle partition /product
- Done
- Module installed successfully!
== soft-reboot: 
== after soft-reboot (50s): [
  {
    "mount": "false",
    "web": "true",
    "remove": "false",
    "update": "false",
    "description": "Observation module for devicelab. Its WebUI page is driven over DevTools.",
    "enabled": "true",
    "id": "devicelab_probe",
    "version": "1",
    "name": "devicelab probe",
    "versionCode": "1",
    "author": "p0g-stack",
    "action": "false"
  },
  {
    "author": "p0g-stack",
    "name": "flutter-webui Counter",
    "update": "false",
    "mount": "false",
    "description": "Stock Flutter counter app on flutter-webui (devicelab bring-up build).",
    "version": "0.1.5",
    "enabled": "true",
    "id": "flutter_webui_counter",
    "versionCode": "6",
    "remove": "false",
    "action": "false",
    "web": "true"
  },
  {
    "mount": "false",
    "version": "v1.0.0",
    "name": "Counter",
    "update": "false",
    "remove": "false",
    "web": "true",
    "author": "Yuv",
    "id": "counter",
    "enabled": "true",
    "versionCode": "1",
    "action": "false",
    "description": "A new Flutter project."
  },
  {
    "action": "false",
    "mount": "false",
    "versionCode": "1",
    "version": "v0.1.0",
    "enabled": "true",
    "id": "demo",
    "author": "",
    "remove": "false",
    "update": "false",
    "name": "Demo",
    "description": "The demo GUI. Flutter on top of the core.",
    "web": "true"
  },
  {
    "name": "devicelab app plane",
    "enabled": "true",
    "action": "false",
    "update": "false",
    "description": "webui-termu
total 56
drwxrwxrwx 7 root root 4096 2026-10-01 12:10 .
drwx------ 5 root root 4096 2026-10-01 12:10 ..
drwxr-xr-x 3 root root 4096 2026-10-01 12:10 counter
drwxr-xr-x 5 root root 4096 2026-10-01 12:10 demo
drwxr-xr-x 4 root root 4096 2026-10-01 12:10 devicelab_app_plane
drwxr-xr-x 3 root root 4096 2026-10-01 12:09 devicelab_probe
drwxr-xr-x 4 root root 4096 2026-10-01 12:10 flutter_webui_counter
/home/runner/work/devicelab/devicelab/out/labserver: 1 file pushed, 0 skipped. 74.0 MB/s (7843260 bytes in 0.101s)
intent path: no page; manager log:
10-01 12:11:39.147  6083  6113 D PrefCtrlListHelper: Could not find Context-only controller for pref: com.android.settings.applications.credentials.CredentialManagerPreferenceController
10-01 12:11:39.147  6083  6113 W PrefCtrlListHelper: Cannot instantiate controller from reflection: com.android.settings.applications.credentials.CredentialManagerPreferenceController
10-01 12:11:39.148  7645  7645 E ConfigUpdater: ignoring update request
10-01 12:11:39.154  7645  7645 E ConfigUpdater: ignoring update request
10-01 12:11:39.157  7645  7645 E ConfigUpdater: ignoring update request
10-01 12:11:39.161  7645  7645 E ConfigUpdater: ignoring update request
10-01 12:11:39.162  6083  6113 D PrefCtrlListHelper: Could not find Context-only controller for pref: com.android.settings.wifi.WepNetworksPreferenceController
10-01 12:11:39.162  5701  5738 W ActivityManager: Slow operation: 130ms so far, now at startProcess: done updating battery stats
10-01 12:11:39.163  5701  5738 W ActivityManager: Slow operation: 131ms so far, now at startProcess: building log message
10-01 12:11:39.163  5701  5738 I ActivityManager: Start proc 7672:com.google.android.federatedcompute/u0a206 for broadcast {com.google.android.federatedcompute/com.android.federatedcompute.services.FederatedComputeBroadcastReceiver}
10-01 12:11:39.163  5701  5738 W ActivityManager: Slow operation: 131ms so far, now at startProcess: starting to update pids map
10-01 12:11:39.163  5701  5738 W ActivityManager: Slow operation: 131ms so far, now at startProcess: done updating pids map
10-01 12:11:39.164  7645  7645 E ConfigUpdater: ignoring update request
10-01 12:11:39.166  7645  7645 E ConfigUpdater: ignoring update request
10-01 12:11:39.167  7645  7645 E ConfigUpdater: ignoring update request
10-01 12:11:39.168  7645  7645 E ConfigUpdater: ignoring update request
10-01 12:11:39.171  6083  6113 D PrefCtrlListHelper: Could not find Context-only controller for pref: com.android.settings.wifi.CellularFallbackPreferenceController
10-01 12:11:39.178  5949  6023 W Looper  : Slow delivery took 1205ms SysUiBg h=com.android.systemui.qs.tileimpl.QSTileImpl$H c=null m=5
10-01 12:11:39.184  7645  7645 E ConfigUpdater: ignoring update request
10-01 12:11:39.189  7645  7645 E ConfigUpdater: ignoring update request
10-01 12:11:39.193  7645  7645 E ConfigUpdater: ignoring update request
10-01 12:11:39.203  6181  7268 W ctxmgr  : [UpdateFenceRegistrationOperation] Gesture nano app is not available. [CONTEXT service_id=47 ]
10-01 12:11:39.216  5701  5853 W system_server: Long monitor contention with owner MobileDataStatsHandler (6087) at android.net.NetworkStats android.net.connectivity.com.android.server.net.NetworkStatsFactory.readNetworkStatsDetail(int, java.lang.String[], int)(NetworkStatsFactory.java:222) waiters=0 in android.net.NetworkStats android.net.connectivity.com.android.server.net.NetworkStatsFactory.readNetworkStatsDetail(int, java.lang.String[], int) for 288ms
10-01 12:11:39.218  5623  5653 I netd    : tetherGetStats() -> {[]} <2.60ms>
10-01 12:11:39.366     0     0 I logd    : logdr: UID=0 GID=0 PID=7673 n tail=0 logMask=99 pid=0 start=0ns deadline=0ns
ui: tapped 'Module' at 190,566
ui: tapped 160,152
ui: no node with 'Clean'
ui: no node with 'Clean'
ui: no node with 'Clean'
[16,104][304,298] Bindhosts | by xx, KOWX712 | Systemless hosts for APatch, KernelSU and Magisk | WTFPL | 1.5k | Latest Version | v2.1.5 |
[197,238][282,286] Download | Install
[16,314][304,524] BRENE - SUSFS-FOR-KERNELSU | by rrr333nnn333, KOWX712, sidex15 & simonpunk | A SuSFS/KernelSU module for SuSFS patched k
[197,464][282,512] Download | Install
[16,540][304,640] by rrr333nnn333 & The PerformanC Organization | A ReZygisk Fork - Transparent implementation of Zygisk.
[4,32][52,80] 
[124,32][172,80] Manage Repositories
[172,32][220,80] Module Repo
[220,32][268,80] 
[268,32][316,80] Settings
[42,538][98,594] Home
[102,538][158,594] Superuser
[162,538][218,594] Module
[222,538][278,594] Settings
ui: no node with 'Open'












[16,104][304,298] Bindhosts | by xx, KOWX712 | Systemless hosts for APatch, KernelSU and Magisk | WTFPL | 1.5k | Latest Version | v2.1.5 |
[197,238][282,286] Download | Install
[16,314][304,524] BRENE - SUSFS-FOR-KERNELSU | by rrr333nnn333, KOWX712, sidex15 & simonpunk | A SuSFS/KernelSU module for SuSFS patched k
[197,464][282,512] Download | Install
[16,540][304,640] by rrr333nnn333 & The PerformanC Organization | A ReZygisk Fork - Transparent implementation of Zygisk.
[4,32][52,80] 
[124,32][172,80] Manage Repositories
[172,32][220,80] Module Repo
[220,32][268,80] 
[268,32][316,80] Settings
[42,538][98,594] Home
[102,538][158,594] Superuser
[162,538][218,594] Module
[222,538][278,594] Settings
opened: none
{"check":"targets","result":[]}
{"check":"globals","result":{"error":"no page target","sockets":[],"targets":[]}}
{"check":"ksu-exec","result":{"error":"no page target","sockets":[],"targets":[]}}
{"check":"ws-loopback","result":{"error":"no page target","sockets":[],"targets":[]}}
{"check":"fetch-loopback","result":{"error":"no page target","sockets":[],"targets":[]}}
{"check":"webview-uid","result":["webview_zygote 1053 webview_zygote", "u0_a209      10209 com.rifsxd.ksunext"]}
{"check":"while-home-heartbeat","result":{"error":"no page target","sockets":[],"targets":[]}}
{"check":"lifecycle","result":{"error":"no page target","sockets":[],"targets":[]}}
{"check":"dev-url","result":{"error":"no page target","sockets":[],"targets":[]}}
intent path: no page; manager log:
10-01 12:13:55.891  5701  6645 W UserManagerService: Requested status bar icon for non-badged user 0
10-01 12:13:56.011  9125  9125 W BpBinder: Linking to death on android.gui.ISurfaceComposer but there are no threads (yet?) listening to incoming transactions. See ProcessState::startThreadPool and ProcessState::setThreadPoolMaxThreadCount. Generally you should setup the binder threadpool before other initialization steps.
10-01 12:13:56.020  9125  9125 W ProcessState: Extra binder thread started, but 0 threads requested. Do not use *startThreadPool when zero threads are requested.
10-01 12:13:56.088  5949  6058 D EGL_emulation: app_time_stats: avg=1658.07ms min=7.35ms max=12380.96ms count=8
10-01 12:13:56.123  6414  6414 D StateManager: createAtomicAnimation - fromState: Background, toState: Normal, partial trace:
10-01 12:13:56.123  6414  6414 D StateManager: 	at com.android.quickstep.util.StaggeredWorkspaceAnim.prepareToAnimate(go/retraceme 31f9979659277bb965985aff1272c33e3c3c9e755b77166d20a2465454178f2c:22)
10-01 12:13:56.123  6414  6414 D StateManager: 	at com.android.quickstep.util.StaggeredWorkspaceAnim.<init>(go/retraceme 31f9979659277bb965985aff1272c33e3c3c9e755b77166d20a2465454178f2c:4)
10-01 12:13:56.123  6414  6414 D StateManager: 	at com.android.quickstep.util.StaggeredWorkspaceAnim.<init>(go/retraceme 31f9979659277bb965985aff1272c33e3c3c9e755b77166d20a2465454178f2c:1)
10-01 12:13:56.261     0     0 I servicemanager: Caller(pid=9125,uid=0,sid=u:r:su:s0) Could not find android.hardware.graphics.allocator.IAllocator/default in the VINTF manifest. No alternative instances declared in VINTF.
10-01 12:13:56.140   162   162 I hwservicemanager: getTransport: Cannot find entry android.hardware.graphics.mapper@4.0::IMapper/default in either framework or device VINTF manifest.
10-01 12:13:56.144  9125  9128 I Gralloc4: mapper 4.x is not supported
10-01 12:13:56.247  5701  5824 I ImeTracker: com.google.android.apps.nexuslauncher:d608ae0f: onRequestHide at ORIGIN_SERVER reason HIDE_UNSPECIFIED_WINDOW fromUser false
10-01 12:13:56.252  5701  5824 I ImeTracker: com.google.android.apps.nexuslauncher:d608ae0f: onCancelled at PHASE_SERVER_SHOULD_HIDE
10-01 12:13:56.270  6417  6417 I GoogleInputMethodService: GoogleInputMethodService.onFinishInput():3157 
10-01 12:13:56.304  5701  5724 W ActivityTaskManager: Unable to send transaction to client proc com.rifsxd.ksunext: no app thread
10-01 12:13:56.325  6417  6417 I GoogleInputMethodService: GoogleInputMethodService.updateDeviceLockedStatus():2248 repeatCheckTimes = 0, locked = false
10-01 12:13:56.325  6417  6417 I GoogleInputMethodService: GoogleInputMethodService.onStartInput():1986 onStartInput(EditorInfo{EditorInfo{packageName=com.google.android.apps.nexuslauncher, inputType=0, inputTypeString=NULL, enableLearning=false, autoCorrection=false, autoComplete=false, imeOptions=0, privateImeOptions=null, actionName=UNSPECIFIED, actionLabel=null, initialSelStart=-1, initialSelEnd=-1, initialCapsMode=0, label=null, fieldId=0, fieldName=null, extras=null, hintText=null, hintLocales=[]}}, false)
10-01 12:13:56.332  6414  6641 D EGL_emulation: app_time_stats: avg=10428.34ms min=10428.34ms max=10428.34ms count=1
10-01 12:13:56.351  5933  5933 I wpa_supplicant: wlan0: CTRL-EVENT-BEACON-LOSS 
10-01 12:13:56.356  6417  6417 I GoogleInputMethodService: GoogleInputMethodService.updateDeviceLockedStatus():2248 repeatCheckTimes = 1, locked = false
10-01 12:13:56.367  6417  6417 I AndroidIME: InputBundleManager.loadActiveInputBundleId():450 loadActiveInputBundleId: und-Latn-x-password, password
10-01 12:13:56.372  5701  6638 W PackageConfigPersister: App-specific configuration not found for packageName: com.google.android.apps.nexuslauncher and userId: 0
10-01 12:13:56.459  6792  6805 I .android.as.oss: Background concurrent mark compact GC freed 3648KB AllocSpace bytes, 2(32KB) LOS objects, 49% free, 3113KB/6226KB, paused 226us,3.879ms total 183.367ms
10-01 12:13:56.626  5701  6638 W ActivityManager: Unable to start service Intent { act=grpc.io.action.BIND cmp=com.google.android.googlequicksearchbox/com.google.android.apps.search.googleapp.search.suggest.plugins.onesearch.server.OneSearchSuggestService } U=0: not found
10-01 12:13:56.628  5701  6638 W ActivityManager: Unbind failed: could not find connection for android.os.BinderProxy@500d104
ui: tapped 'Module' at 190,566
ui: tapped 160,152
ui: no node with 'Clean'
ui: no node with 'Clean'
ui: no node with 'Clean'
[16,104][304,298] Bindhosts | by xx, KOWX712 | Systemless hosts for APatch, KernelSU and Magisk | WTFPL | 1.5k | Latest Version | v2.1.5 |
[197,238][282,286] Download | Install
[16,314][304,524] BRENE - SUSFS-FOR-KERNELSU | by rrr333nnn333, KOWX712, sidex15 & simonpunk | A SuSFS/KernelSU module for SuSFS patched k
[197,464][282,512] Download | Install
[16,540][304,640] by rrr333nnn333 & The PerformanC Organization | A ReZygisk Fork - Transparent implementation of Zygisk.
[4,32][52,80] 
[124,32][172,80] Manage Repositories
[172,32][220,80] Module Repo
[220,32][268,80] 
[268,32][316,80] Settings
[42,538][98,594] Home
[102,538][158,594] Superuser
[162,538][218,594] Module
[222,538][278,594] Settings
ui: no node with 'Open'












[16,104][304,298] Bindhosts | by xx, KOWX712 | Systemless hosts for APatch, KernelSU and Magisk | WTFPL | 1.5k | Latest Version | v2.1.5 |
[197,238][282,286] Download | Install
[16,314][304,524] BRENE - SUSFS-FOR-KERNELSU | by rrr333nnn333, KOWX712, sidex15 & simonpunk | A SuSFS/KernelSU module for SuSFS patched k
[197,464][282,512] Download | Install
[16,540][304,640] by rrr333nnn333 & The PerformanC Organization | A ReZygisk Fork - Transparent implementation of Zygisk.
[4,32][52,80] 
[124,32][172,80] Manage Repositories
[172,32][220,80] Module Repo
[220,32][268,80] 
[268,32][316,80] Settings
[42,538][98,594] Home
[102,538][158,594] Superuser
[162,538][218,594] Module
[222,538][278,594] Settings
opened: none
{"check":"targets","result":[]}
{"check":"page","result":{"error":"no page target","sockets":[],"targets":[]}}
{"check":"java-exceptions","result":["10-01 12:15:43.858  6181  6613 W .gms.persistent: Large reply transaction of 1056768 bytes, interface descriptor , code 1", "10-01 12:15:43.866  6550  6749 I BugleRcsEngine: Connected state: [1], networkType: [WIFI] [CONTEXT thread_id=57 ]", "10-01 12:15:43.866  6550  7056 I BugleRcsEngine: handleMessage processing message:[NOTIFY_UPTIME_IGNORE_STATE_CHANGED] with [non-null]:RcsEngineImpl reference [CONTEXT log_prefix=\"RcsEngineImpl[DUAL_REG]:[ba0a73d1-b275]>Handler\" thread_id=63 ]", "10-01 12:15:43.875  5701  7027 D OomAdjuster: Not killing cached processes", "10-01 12:15:44.964  9811  9811 W BpBinder: Linking to death on android.gui.ISurfaceComposer but there are no threads (yet?) listening to incoming transactions. See ProcessState::startThreadPool and ProcessState::setThreadPoolMaxThreadCount. Generally you should setup the binder threadpool before other initialization steps.", "10-01 12:15:44.965  9811  9811 W ProcessState: Extra binder thread started, but 0 threads requested. Do not use *startThreadPool when zero threads are requested.", "10-01 12:15:44.977   162   162 I hwservicemanager: getTransport: Cannot find entry android.hardware.graphics.mapper@4.0::IMapper/default in either framework or device VINTF manifest.", "10-01 12:15:44.977  9811  9812 I Gralloc4: mapper 4.x is not supported", "10-01 12:15:45.123     0     0 I servicemanager: Caller(pid=9811,uid=0,sid=u:r:su:s0) Could not find android.hardware.graphics.allocator.IAllocator/default in the VINTF manifest. No alternative instances declared in VINTF.", "10-01 12:15:48.476  5933  5933 I wpa_supplicant: wlan0: CTRL-EVENT-BEACON-LOSS ", "10-01 12:15:49.146  9815  9815 W BpBinder: Linking to death on android.gui.ISurfaceComposer but there are no threads (yet?) listening to incoming transactions. See ProcessState::startThreadPool and ProcessState::setThreadPoolMaxThreadCount. Generally you should setup the binder threadpool before other initialization steps.", "10-01 12:15:49.146  9815  9815 W ProcessState: Extra binder thread started, but 0 threads requested. Do not use *startThreadPool when zero threads are requested.", "--", "10-01 12:15:49.891  6181  6613 I ChimeraSrvcProxy: NullBinder for android.net.action.RECOMMEND_NETWORKS triggering remote TransactionTooLargeException due to Service without Chimera impl", "10-01 12:15:49.893  6181  6613 W .gms.persistent: Large reply transaction of 1056768 bytes, interface descriptor , code 1", "10-01 12:15:50.673  5701  5736 W IPCThreadState: Sending oneway calls to frozen process.", "10-01 12:15:50.684  5701  5736 W IPCThreadState: Sending oneway calls to frozen process.", "10-01 12:15:50.808  5623  9818 I resolv  : GetAddrInfoHandler::run: {101 786533 101 983141 10143 0}", "10-01 12:15:50.809  5623  9819 I resolv  : res_nmkquery: (QUERY, IN, AAAA)", "10-01 12:15:50.809  5623  9820 I resolv  : res_nmkquery: (QUERY, IN, A)", "10-01 12:15:50.831  5623  9819 I resolv  : res_nsend: used send_dg 273 terrno: 0", "10-01 12:15:50.831  5623  9819 I resolv  : doQuery: rcode=0, ancount=8, return value=273", "10-01 12:15:50.834  5623  9820 I resolv  : res_nsend: used send_dg 177 terrno: 0", "10-01 12:15:50.835  5623  9820 I resolv  : doQuery: rcode=0, ancount=8, return value=177", "10-01 12:15:51.759  5701  5736 W IPCThreadState: Sending oneway calls to frozen process.", "10-01 12:15:51.945  5701  5722 I DropBoxManagerService: add tag=system_server_strictmode isTagEnabled=true flags=0x2", "--", "10-01 12:15:55.894  6181  6613 I ChimeraSrvcProxy: NullBinder for android.net.action.RECOMMEND_NETWORKS triggering remote TransactionTooLargeException due to Service without Chimera impl", "10-01 12:15:55.894  6181  6613 W .gms.persistent: Large reply transaction of 1056768 bytes, interface descriptor , code 1", "10-01 12:15:56.081  5623  9822 I resolv  : GetAddrInfoHandler::run: {101 786533 101 983141 10143 0}", "10-01 12:15:56.082  5623  9824 I resolv  : res_nmkquery: (QUERY, IN, A)", "10-01 12:15:56.082  5623  9824 I resolv  : resolv_cache_lookup: FOUND IN CACHE entry=0x7b9be92135b0", "10-01 12:15:56.082  5623  9824 I resolv  : doQuery: rcode=0, ancount=8, return value=173", "10-01 12:15:56.082  5623  9823 I resolv  : res_nmkquery: (QUERY, IN, AAAA)", "10-01 12:15:56.109  5623  9823 I resolv  : res_nsend: used send_dg 269 terrno: 0", "10-01 12:15:56.109  5623  9823 I resolv  : doQuery: rcode=0, ancount=8, return value=269", "10-01 12:15:56.411  5933  5933 I wpa_supplicant: wlan0: CTRL-EVENT-BEACON-LOSS ", "10-01 12:15:58.327  9827  9827 W BpBinder: Linking to death on android.gui.ISurfaceComposer but there are no threads (yet?) listening to incoming transactions. See ProcessState::startThreadPool and ProcessState::setThreadPoolMaxThreadCount. Generally you should setup the binder threadpool before other initialization steps.", "10-01 12:15:58.327  9827  9827 W ProcessState: Extra binder thread started, but 0 threads requested. Do not use *startThreadPool when zero threads are requested.", "10-01 12:15:58.343   162   162 I hwservicemanager: getTransport: Cannot find entry android.hardware.graphics.mapper@4.0::IMapper/default in either framework or device VINTF manifest."]}
{"check":"console-errors","result":[]}
{"check":"first-frame-warm","result":{"error":"no page target","sockets":[],"targets":[]}}
{"check":"root-start","result":{"error":"no page target","sockets":[],"targets":[]}}
{"check":"session","result":{"error":"no page target","sockets":[],"targets":[]}}
{"check":"ws-hello","result":{"error":"no page target","sockets":[],"targets":[]}}
{"check":"channel-process","result":""}
{"check":"root-log","result":"tail: /data/adb/modules/flutter_webui_counter/webroot/.run/root.log: No such file or directory"}
{"check":"session-mode","result":"ls: /data/adb/modules/flutter_webui_counter/webroot/.run/: No such file or directory"}
{"check":"home-resume","result":{"error":"no page target","sockets":[],"targets":[]}}
{"check":"before-back","result":{"error":"no page target","sockets":[],"targets":[]}}
{"check":"back-events","result":{"error":"no page target","sockets":[],"targets":[]}}
{"check":"back-console","result":[]}
{"check":"back-at-root","result":"topResumedActivity=ActivityRecord{7661af6 u0 com.rifsxd.ksunext/.ui.MainActivity t11}"}
intent path: no page; manager log:
10-01 12:16:14.122  6417  6417 I GoogleInputMethodService: GoogleInputMethodService.onFinishInput():3157 
10-01 12:16:14.135  6417  6417 I GoogleInputMethodService: GoogleInputMethodService.updateDeviceLockedStatus():2248 repeatCheckTimes = 0, locked = false
10-01 12:16:14.141  6417  6417 I GoogleInputMethodService: GoogleInputMethodService.onStartInput():1986 onStartInput(EditorInfo{EditorInfo{packageName=com.google.android.apps.nexuslauncher, inputType=0, inputTypeString=NULL, enableLearning=false, autoCorrection=false, autoComplete=false, imeOptions=0, privateImeOptions=null, actionName=UNSPECIFIED, actionLabel=null, initialSelStart=-1, initialSelEnd=-1, initialCapsMode=0, label=null, fieldId=0, fieldName=null, extras=null, hintText=null, hintLocales=[]}}, false)
10-01 12:16:14.141  6417  6417 I GoogleInputMethodService: GoogleInputMethodService.updateDeviceLockedStatus():2248 repeatCheckTimes = 1, locked = false
10-01 12:16:14.143  5701  5724 W ActivityTaskManager: Unable to send transaction to client proc com.rifsxd.ksunext: no app thread
10-01 12:16:14.149  6417  6417 I AndroidIME: InputBundleManager.loadActiveInputBundleId():450 loadActiveInputBundleId: und-Latn-x-password, password
10-01 12:16:14.155  5701  7129 W PackageConfigPersister: App-specific configuration not found for packageName: com.google.android.apps.nexuslauncher and userId: 0
10-01 12:16:14.264  9951  9951 W BpBinder: Linking to death on android.gui.ISurfaceComposer but there are no threads (yet?) listening to incoming transactions. See ProcessState::startThreadPool and ProcessState::setThreadPoolMaxThreadCount. Generally you should setup the binder threadpool before other initialization steps.
10-01 12:16:14.270  9951  9951 W ProcessState: Extra binder thread started, but 0 threads requested. Do not use *startThreadPool when zero threads are requested.
10-01 12:16:14.486     0     0 I servicemanager: Caller(pid=9951,uid=0,sid=u:r:su:s0) Could not find android.hardware.graphics.allocator.IAllocator/default in the VINTF manifest. No alternative instances declared in VINTF.
10-01 12:16:14.349   162   162 I hwservicemanager: getTransport: Cannot find entry android.hardware.graphics.mapper@4.0::IMapper/default in either framework or device VINTF manifest.
10-01 12:16:14.351  9951  9955 I Gralloc4: mapper 4.x is not supported
10-01 12:16:14.462  5624  5941 W VsyncModulator: setTransactionSchedule: Unexpected EarlyEnd
10-01 12:16:14.647     0     0 I binder  : 5778:5701 cannot find target node
10-01 12:16:14.653     0     0 I binder  : 5701:5778 transaction async to 0:0 failed 512907/29189/-22, size 64-0 line 3344
10-01 12:16:14.514  5701  5778 E IPCThreadState: Binder transaction failure. id: 512907, BR_*: 29189, error: -22 (Invalid argument)
10-01 12:16:14.515  5701  5778 W ActivityManager: pid 5701 system sent binder code 7 with flags 1 to frozen apps and got error -32
10-01 12:16:14.520  5701  5778 W Process : Unable to open /proc/9146/status
10-01 12:16:14.564  5949  5984 W Looper  : Slow dispatch took 104ms wmshell.main h=android.os.Handler c=com.android.wm.shell.transition.RemoteTransitionHandler$1$$ExternalSyntheticLambda0@feadbff m=0
10-01 12:16:14.565  5701  6015 W UserManagerService: Requested status bar icon for non-badged user 0
10-01 12:16:14.577  5701  6015 W UserManagerService: Requested status bar icon for non-badged user 0
10-01 12:16:14.588  5624  5624 E BpTransactionCompletedListener: Failed to transact (-32)
10-01 12:16:14.616  6414  6414 I TopTaskTracker: onTaskRemoved: taskId=11
10-01 12:16:14.616  6414  6414 I TopTaskTracker: onTaskRemoved: taskId=11
10-01 12:16:14.796     0     0 I logd    : logdr: UID=0 GID=0 PID=9956 n tail=0 logMask=99 pid=0 start=0ns deadline=0ns
ui: tapped 'Module' at 190,566
ui: tapped 160,152
[16,104][304,298] Counter | Version: v1.0.0 | Author: Yuv | A new Flutter project. | 15.64 MB | WEBUI | Open
[233,122][282,170] 
[38,238][119,286] Open
[230,238][282,286] 
[16,315][304,451] Demo | Version: v0.1.0 | Author:  | The demo GUI. Flutter on top of the core. | 50.71 MB | WEBUI
[233,333][282,381] 
[16,468][304,620] devicelab app plane | Version: 1 | Author: p0g-stack | 6.99 MB
[233,486][282,530] 
[16,637][304,640] 
[124,32][172,80] Module Repo
[172,32][220,80] Install
[220,32][268,80] 
[268,32][316,80] Settings
[42,538][98,594] Home
[102,538][158,594] Superuser
[162,538][218,594] Module
[222,538][278,594] Settings
ui: tapped 'Open' at 78,262
https://mui.kernelsu.org/index.html
    * Hist  #1: ActivityRecord{9aa1857 u0 com.rifsxd.ksunext/.ui.webui.WebUIActivity t12}
      packageName=com.rifsxd.ksunext processName=com.rifsxd.ksunext
      launchedFromUid=10209 launchedFromPackage=com.rifsxd.ksunext launchedFromFeature=null userId=0
      app=ProcessRecord{b645dad 9974:com.rifsxd.ksunext/u0a209}
      Intent { dat=kernelsu://webui/counter flg=0x80000 cmp=com.rifsxd.ksunext/.ui.webui.WebUIActivity (has extras) }
opened: ui
{"check":"targets","result":[{"type": "page", "url": "https://mui.kernelsu.org/index.html", "title": "Flutter Demo"}]}
{"check":"page","result":{"url":"https://mui.kernelsu.org/index.html","socket":"webview_devtools_remote_9974","value":{"href":"https://mui.kernelsu.org/index.html","title":"Flutter Demo","ready":"complete","flutter":true,"glass":true,"nav":{"dcl":798,"load":2002},"paint":{"first-paint":3499,"first-contentful-paint":3499},"glassAt":"present","firstFrame":null,"insets":null,"vv":[320,592,1]}}}
{"check":"java-exceptions","result":["10-01 12:16:56.221  6181  7320 W .gms.persistent: Large reply transaction of 1056768 bytes, interface descriptor , code 1", "10-01 12:16:56.266  5623 10346 I resolv  : res_nsend: used send_dg 260 terrno: 0", "10-01 12:16:56.266  5623 10346 I resolv  : doQuery: rcode=0, ancount=8, return value=260", "10-01 12:16:56.272  6181  7730 D TrafficStats: tagSocket(293) with statsTag=0x1203, statsUid=10143", "10-01 12:16:57.495  6181  6186 I .gms.persistent: Background concurrent mark compact GC freed 17MB AllocSpace bytes, 21(3816KB) LOS objects, 49% free, 18MB/37MB, paused 1.759ms,7.466ms total 141.630ms", "10-01 12:16:57.500  6181  6188 W .gms.persistent: ApkAssets: Deleting an ApkAssets object '<empty> and /product/priv-app/PartnerSetupPrebuilt/PartnerSetupPrebuilt.apk' with 1 weak references", "10-01 12:16:57.501  6181  6188 W .gms.persistent: ApkAssets: Deleting an ApkAssets object '<empty> and /product/app/Photos/Photos.apk' with 1 weak references", "10-01 12:16:57.501  6181  6188 W .gms.persistent: ApkAssets: Deleting an ApkAssets object '<empty> and /product/app/CalendarGooglePrebuilt/CalendarGooglePrebuilt.apk' with 1 weak references", "10-01 12:16:57.503  6181  6188 W .gms.persistent: ApkAssets: Deleting an ApkAssets object '<empty> and /product/priv-app/SettingsIntelligenceGooglePrebuilt/SettingsIntelligenceGooglePrebuilt.apk' with 1 weak references", "10-01 12:16:57.504  6181  6188 W .gms.persistent: ApkAssets: Deleting an ApkAssets object '<empty> and /product/priv-app/AndroidAutoStubPrebuilt/AndroidAutoStubPrebuilt.apk' with 1 weak references", "10-01 12:16:57.504  6181  6188 W .gms.persistent: ApkAssets: Deleting an ApkAssets object '<empty> and /product/app/YouTubeMusicPrebuilt/YouTubeMusicPrebuilt.apk' with 1 weak references", "10-01 12:16:57.504  6181  6188 W .gms.persistent: ApkAssets: Deleting an ApkAssets object '<empty> and /product/app/LatinIMEGooglePrebuilt/LatinIMEGooglePrebuilt.apk' with 1 weak references", "--", "10-01 12:16:59.011  6181  7213 W NetworkScheduler: java.lang.IllegalArgumentException: Only the following extra parameter types are supported: Integer, Long, Double, String, Boolean, and nested Bundles with the same restrictions.", "10-01 12:16:59.011  6181  7213 W NetworkScheduler: \tat bpky.f(:com.google.android.gms@242335041@24.23.35 (190800-646585959):69)", "10-01 12:16:59.011  6181  7213 W NetworkScheduler: \tat dcbg.d(:com.google.android.gms@242335041@24.23.35 (190800-646585959):510)", "10-01 12:16:59.011  6181  7213 W NetworkScheduler: \tat dbyt.n(:com.google.android.gms@242335041@24.23.35 (190800-646585959):29)", "10-01 12:16:59.011  6181  7213 W NetworkScheduler: \tat dbyt.u(:com.google.android.gms@242335041@24.23.35 (190800-646585959):360)", "10-01 12:16:59.011  6181  7213 W NetworkScheduler: \tat dbyt.h(:com.google.android.gms@242335041@24.23.35 (190800-646585959):51)", "10-01 12:16:59.011  6181  7213 W NetworkScheduler: \tat dbto.run(:com.google.android.gms@242335041@24.23.35 (190800-646585959):72)", "10-01 12:16:59.011  6181  7213 W NetworkScheduler: \tat angs.c(:com.google.android.gms@242335041@24.23.35 (190800-646585959):50)", "10-01 12:16:59.011  6181  7213 W NetworkScheduler: \tat angs.run(:com.google.android.gms@242335041@24.23.35 (190800-646585959):76)", "10-01 12:16:59.011  6181  7213 W NetworkScheduler: \tat java.util.concurrent.ThreadPoolExecutor.runWorker(ThreadPoolExecutor.java:1145)", "10-01 12:16:59.011  6181  7213 W NetworkScheduler: \tat java.util.concurrent.ThreadPoolExecutor$Worker.run(ThreadPoolExecutor.java:644)", "10-01 12:16:59.011  6181  7213 W NetworkScheduler: \tat anmg.run(:com.google.android.gms@242335041@24.23.35 (190800-646585959):8)", "10-01 12:16:59.011  6181  7213 W NetworkScheduler: \tat java.lang.Thread.run(Thread.java:1012)", "--", "10-01 12:16:59.224  6181  7319 I ChimeraSrvcProxy: NullBinder for android.net.action.RECOMMEND_NETWORKS triggering remote TransactionTooLargeException due to Service without Chimera impl", "10-01 12:16:59.224  6181  7319 W .gms.persistent: Large reply transaction of 1056768 bytes, interface descriptor , code 1", "10-01 12:16:59.232  5701  7027 W IPCThreadState: Sending oneway calls to frozen process.", "10-01 12:16:59.250  6646 10384 W ModuleInitIntentOp: Dropping unexpected action com.google.android.gms.phenotype.COMMITTED", "10-01 12:16:59.250  6646 10399 W ModuleInitIntentOp: Dropping unexpected action com.google.android.gms.phenotype.COMMITTED", "10-01 12:16:59.250  6646 10397 W ModuleInitIntentOp: Dropping unexpected action com.google.android.gms.phenotype.COMMITTED", "10-01 12:16:59.251  6646 10385 I SyncIntentOperation: Handling the intent: Intent { act=com.google.android.gms.phenotype.COMMITTED pkg=com.google.android.gms cmp=com.google.android.gms/.chimera.GmsIntentOperationService (has extras) }. [CONTEXT service_id=80 ]", "10-01 12:16:59.254  6646 10399 I MdiSyncModule: flag handling is skipping irrelevant intent.", "10-01 12:16:59.254  6646 10362 I MlBenchmarkInstaller: Intent: com.google.android.gms.phenotype.COMMITTED [CONTEXT service_id=340 ]", "10-01 12:16:59.254  6646 10362 I MlBenchmarkInstaller: COMMITTED Extra package name: com.google.android.gms.constellation [CONTEXT service_id=340 ]", "10-01 12:16:59.255  6646 10353 W ModuleInitIntentOp: Dropping unexpected action com.google.android.gms.phenotype.COMMITTED", "10-01 12:16:59.256  6646 10353 I GmsSyncPolicyEngine: Periodic sync 1 disabled by policy, cancelled.", "10-01 12:16:59.256  6646 10353 I GmsSyncPolicyEngine: Periodic sync 2 disabled by policy, cancelled."]}
{"check":"console-errors","result":["--------- beginning of main", "10-01 12:16:42.669  9974 10197 I chromium: [1001/121642.668775:INFO:variations_seed_loader.cc(66)] Failed to open file for reading.: No such file or directory (2)", "10-01 12:16:42.669  9974 10197 I chromium: [1001/121642.669855:INFO:variations_seed_loader.cc(66)] Failed to open file for reading.: No such file or directory (2)", "10-01 12:16:42.877  9974 10208 W chromium: [WARNING:dns_config_service_android.cc(81)] Failed to read DnsConfig.", "10-01 12:16:43.527 10218 10242 W chromium: [WARNING:runtime_features.cc(694)] SharedStorage for M118+ cannot be enabled in this configuration. Use --enable-features=SharedStorageAPI,SharedStorageAPIM118 in addition.", "10-01 12:16:43.527 10218 10242 W chromium: [WARNING:runtime_features.cc(730)] AttributionReportingCrossAppWeb cannot be enabled in this configuration. Use --enable-features=ConversionMeasurement,AttributionReportingCrossAppWeb in addition.", "10-01 12:16:44.638  9974  9974 I chromium: [INFO:CONSOLE(1)] \"Injecting <script> tag. Using callback.\", source: https://mui.kernelsu.org/flutter_bootstrap.js (1)"]}
{"check":"first-frame-warm","result":{"url":"https://mui.kernelsu.org/index.html","socket":"webview_devtools_remote_9974","value":{"firstFrameMs":1007,"now":15062,"flutter":true,"resizes":[],"paint":{"first-paint":1605,"first-contentful-paint":1605},"calls":[[100,"at-preload","ksu:undefined webui:undefined"],[109,"ksu-defined"],[126,"wrap-failed","exec"],[126,"wrap-failed","spawn"],[126,"wrap-failed","moduleInfo"],[126,"wrap-failed","fullScreen"],[130,"wrap-failed","toast"]],"resources":[["/flutter_bootstrap.js",90,137,"script",0],["/canvaskit/chromium/canvaskit.wasm",210,398,"fetch",0],["/canvaskit/chromium/canvaskit.js",212,292,"other",0],["/main.dart.js",216,390,"script",0],["/assets/FontManifest.json",759,826,"fetch",0],["/favicon.png",791,837,"other",0],["/assets/fonts/MaterialIcons-Regular.otf",829,873,"fetch",0],["/assets/packages/cupertino_icons/assets/CupertinoIcons.ttf",830,875,"fetch",0],["/assets/fonts/fallback/Roboto-Regular.ttf",830,884,"fetch",0],["/favicon.png",1009,1605,"other",0]],"marks":[],"measures":[],"fonts":[]}}}
intent path: no page; manager log:
10-01 12:17:17.355  6181  7021 I ChimeraSrvcProxy: NullBinder for android.net.action.RECOMMEND_NETWORKS triggering remote TransactionTooLargeException due to Service without Chimera impl
10-01 12:17:17.357  6550  6749 I BugleRcsEngine: Connected state: [1], networkType: [WIFI] [CONTEXT thread_id=57 ]
10-01 12:17:17.358  6181  7021 W .gms.persistent: Large reply transaction of 1056768 bytes, interface descriptor , code 1
10-01 12:17:17.445  5624  5631 W VsyncModulator: setTransactionSchedule: Unexpected EarlyEnd
10-01 12:17:17.455  6414  6414 D SsBaseTemplateCard: No text view can be set up
10-01 12:17:17.457  6414  6414 D SsBaseTemplateCard: Passed-in item info is null
10-01 12:17:17.457  6414  6414 D SsBaseTemplateCard: Passed-in item info is null
10-01 12:17:17.457  6414  6414 D SsBaseTemplateCard: Passed-in item info is null
10-01 12:17:17.457  6414  6414 I SsBaseTemplateCard: Secondary card pane is null
10-01 12:17:17.480   162   162 I hwservicemanager: getTransport: Cannot find entry android.hardware.graphics.mapper@4.0::IMapper/default in either framework or device VINTF manifest.
10-01 12:17:17.614     0     0 I servicemanager: Caller(pid=10470,uid=0,sid=u:r:su:s0) Could not find android.hardware.graphics.allocator.IAllocator/default in the VINTF manifest. No alternative instances declared in VINTF.
10-01 12:17:17.631     0     0 I binder  : 9941:5701 cannot find target node
10-01 12:17:17.489  5701  9941 E IPCThreadState: Binder transaction failure. id: 536567, BR_*: 29189, error: -22 (Invalid argument)
10-01 12:17:17.489  5701  9941 W ActivityManager: pid 5701 system sent binder code 7 with flags 1 to frozen apps and got error -32
10-01 12:17:17.635     0     0 I binder  : 5701:9941 transaction async to 0:0 failed 536567/29189/-22, size 64-0 line 3344
10-01 12:17:17.505  5701  9941 W Process : Unable to open /proc/9974/status
10-01 12:17:17.592  5949  5984 W Looper  : Slow dispatch took 127ms wmshell.main h=android.os.Handler c=com.android.wm.shell.transition.RemoteTransitionHandler$1$$ExternalSyntheticLambda0@3ce417f m=0
10-01 12:17:17.622  5949  5984 W Looper  : Slow delivery took 47ms wmshell.main h=android.os.Handler c=android.window.TaskOrganizer$1$$ExternalSyntheticLambda4@e00c54c m=0
10-01 12:17:17.623  5949  5984 W Looper  : Drained
10-01 12:17:17.628  5701  9941 W UserManagerService: Requested status bar icon for non-badged user 0
10-01 12:17:17.637  5624  5624 E BpTransactionCompletedListener: Failed to transact (-32)
10-01 12:17:17.662  5701  9941 W UserManagerService: Requested status bar icon for non-badged user 0
10-01 12:17:17.686  5701  7123 W UserManagerService: Requested status bar icon for non-badged user 0
10-01 12:17:17.715  6414  6414 I TopTaskTracker: onTaskRemoved: taskId=12
10-01 12:17:17.715  6414  6414 I TopTaskTracker: onTaskRemoved: taskId=12
ui: tapped 'Module' at 190,566
ui: tapped 160,152
[16,104][304,298] Counter | Version: v1.0.0 | Author: Yuv | A new Flutter project. | 15.64 MB | WEBUI | Open
[233,122][282,170] 
[38,238][119,286] Open
[230,238][282,286] 
[16,315][304,451] Demo | Version: v0.1.0 | Author:  | The demo GUI. Flutter on top of the core. | 50.71 MB | WEBUI
[233,333][282,381] 
[16,468][304,620] devicelab app plane | Version: 1 | Author: p0g-stack | 6.99 MB
[233,486][282,530] 
[16,637][304,640] 
[124,32][172,80] Module Repo
[172,32][220,80] Install
[220,32][268,80] 
[268,32][316,80] Settings
[42,538][98,594] Home
[102,538][158,594] Superuser
[162,538][218,594] Module
[222,538][278,594] Settings
ui: tapped 'Open' at 78,262
https://mui.kernelsu.org/index.html
    * Hist  #1: ActivityRecord{e7a75e5 u0 com.rifsxd.ksunext/.ui.webui.WebUIActivity t13}
      packageName=com.rifsxd.ksunext processName=com.rifsxd.ksunext
      launchedFromUid=10209 launchedFromPackage=com.rifsxd.ksunext launchedFromFeature=null userId=0
      app=ProcessRecord{a4994eb 10492:com.rifsxd.ksunext/u0a209}
      Intent { dat=kernelsu://webui/counter flg=0x80000 cmp=com.rifsxd.ksunext/.ui.webui.WebUIActivity (has extras) }
opened: ui
{"check":"targets","result":[{"type": "page", "url": "https://mui.kernelsu.org/index.html", "title": "Flutter Demo"}]}
{"check":"page","result":{"url":"https://mui.kernelsu.org/index.html","socket":"webview_devtools_remote_10492","value":{"href":"https://mui.kernelsu.org/index.html","title":"Flutter Demo","ready":"complete","flutter":true,"glass":true,"nav":{"dcl":662,"load":1758},"paint":{"first-paint":3603,"first-contentful-paint":3603},"glassAt":"present","firstFrame":null,"insets":null,"vv":[320,592,1]}}}
{"check":"java-exceptions","result":["10-01 12:17:17.479  5701  5720 V WindowManager: Finish Transition (#15): created at 10-01 12:17:16.899 collect-started=0.228ms request-sent=0.622ms started=53.491ms ready=53.468ms sent=193.047ms finished=578.12ms", "--", "10-01 12:17:17.499  5701  9941 W WindowManager: Exception thrown during dispatchAppVisibility Window{344a532 u0 com.rifsxd.ksunext/com.rifsxd.ksunext.ui.webui.WebUIActivity EXITING}", "10-01 12:17:17.499  5701  9941 W WindowManager: android.os.DeadObjectException", "10-01 12:17:17.499  5701  9941 W WindowManager: \tat android.os.BinderProxy.transactNative(Native Method)", "10-01 12:17:17.499  5701  9941 W WindowManager: \tat android.os.BinderProxy.transact(BinderProxy.java:586)", "10-01 12:17:17.499  5701  9941 W WindowManager: \tat android.view.IWindow$Stub$Proxy.dispatchAppVisibility(IWindow.java:553)", "10-01 12:17:17.499  5701  9941 W WindowManager: \tat com.android.server.wm.WindowState.sendAppVisibilityToClients(WindowState.java:3253)", "10-01 12:17:17.499  5701  9941 W WindowManager: \tat com.android.server.wm.WindowContainer.sendAppVisibilityToClients(WindowContainer.java:1289)", "10-01 12:17:17.499  5701  9941 W WindowManager: \tat com.android.server.wm.WindowToken.setClientVisible(WindowToken.java:403)", "10-01 12:17:17.499  5701  9941 W WindowManager: \tat com.android.server.wm.ActivityRecord.setClientVisible(ActivityRecord.java:7166)", "10-01 12:17:17.499  5701  9941 W WindowManager: \tat com.android.server.wm.ActivityRecord.postApplyAnimation(ActivityRecord.java:5881)", "10-01 12:17:17.499  5701  9941 W WindowManager: \tat com.android.server.wm.ActivityRecord.commitVisibility(ActivityRecord.java:5823)", "10-01 12:17:17.499  5701  9941 W WindowManager: \tat com.android.server.wm.Transition.finishTransition(Transition.java:1286)", "10-01 12:17:17.499  5701  9941 W WindowManager: \tat com.android.server.wm.TransitionController.finishTransition(TransitionController.java:937)", "10-01 12:17:17.499  5701  9941 W WindowManager: \tat com.android.server.wm.WindowOrganizerController.finishTransition(WindowOrganizerController.java:494)", "--", "10-01 12:17:23.315  6181  6636 I ChimeraSrvcProxy: NullBinder for android.net.action.RECOMMEND_NETWORKS triggering remote TransactionTooLargeException due to Service without Chimera impl", "10-01 12:17:23.315  6181  6636 W .gms.persistent: Large reply transaction of 1056768 bytes, interface descriptor , code 1", "10-01 12:17:23.570 10575 10575 D AndroidRuntime: >>>>>> START com.android.internal.os.RuntimeInit uid 0 <<<<<<", "10-01 12:17:23.575 10575 10575 I AndroidRuntime: Using default boot image", "10-01 12:17:23.575 10575 10575 I AndroidRuntime: Leaving lock profiling enabled", "10-01 12:17:23.578 10575 10575 I app_process: Core platform API reporting enabled, enforcing=false", "10-01 12:17:23.579 10575 10575 I app_process: Using CollectorTypeCMC GC.", "10-01 12:17:23.737 10575 10575 D app_process: u_setTimeZoneFilesDirectory(\"/apex/com.android.tzdata/etc/tz/versioned/8/icu\") succeeded. ", "10-01 12:17:23.737 10575 10575 D app_process: I18n APEX ICU file found: /apex/com.android.i18n/etc/icu/icudt75l.dat", "--", "10-01 12:17:47.262  6181  8904 W FontLog : java.lang.IllegalStateException: Cannot perform this operation because the connection pool has been closed.", "10-01 12:17:47.262  6181  8904 W FontLog : \tat android.database.sqlite.SQLiteConnectionPool.throwIfClosedLocked(SQLiteConnectionPool.java:1103)", "10-01 12:17:47.262  6181  8904 W FontLog : \tat android.database.sqlite.SQLiteConnectionPool.waitForConnection(SQLiteConnectionPool.java:716)", "10-01 12:17:47.262  6181  8904 W FontLog : \tat android.database.sqlite.SQLiteConnectionPool.acquireConnection(SQLiteConnectionPool.java:399)", "10-01 12:17:47.262  6181  8904 W FontLog : \tat android.database.sqlite.SQLiteSession.acquireConnection(SQLiteSession.java:920)", "10-01 12:17:47.262  6181  8904 W FontLog : \tat android.database.sqlite.SQLiteSession.executeForChangedRowCount(SQLiteSession.java:778)", "10-01 12:17:47.262  6181  8904 W FontLog : \tat android.database.sqlite.SQLiteStatement.executeUpdateDelete(SQLiteStatement.java:67)", "10-01 12:17:47.262  6181  8904 W FontLog : \tat android.database.sqlite.SQLiteDatabase.executeSql(SQLiteDatabase.java:2207)", "10-01 12:17:47.262  6181  8904 W FontLog : \tat android.database.sqlite.SQLiteDatabase.execSQL(SQLiteDatabase.java:2183)", "10-01 12:17:47.262  6181  8904 W FontLog : \tat bbkg.run(:com.google.android.gms@242335041@24.23.35 (190800-646585959):57)", "10-01 12:17:47.262  6181  8904 W FontLog : \tat angs.c(:com.google.android.gms@242335041@24.23.35 (190800-646585959):50)", "10-01 12:17:47.262  6181  8904 W FontLog : \tat angs.run(:com.google.android.gms@242335041@24.23.35 (190800-646585959):76)", "10-01 12:17:47.262  6181  8904 W FontLog : \tat java.util.concurrent.ThreadPoolExecutor.runWorker(ThreadPoolExecutor.java:1145)"]}
{"check":"console-errors","result":["--------- beginning of main", "10-01 12:17:46.047 10492 10683 E chromium: [1001/121746.044266:ERROR:variations_seed_loader.cc(37)] Seed missing signature.", "10-01 12:17:46.048 10492 10683 I chromium: [1001/121746.048088:INFO:variations_seed_loader.cc(66)] Failed to open file for reading.: No such file or directory (2)", "10-01 12:17:46.220 10492 10697 W chromium: [WARNING:dns_config_service_android.cc(81)] Failed to read DnsConfig.", "10-01 12:17:46.300 10492 10709 E chromium: [ERROR:simple_file_enumerator.cc(21)] opendir /data/user/0/com.rifsxd.ksunext/cache/WebView/Default/HTTP Cache/Code Cache/wasm: No such file or directory (2)", "10-01 12:17:46.319 10492 10709 E chromium: [ERROR:simple_index_file.cc(614)] Could not reconstruct index from disk", "10-01 12:17:46.853 10689 10718 W chromium: [WARNING:runtime_features.cc(694)] SharedStorage for M118+ cannot be enabled in this configuration. Use --enable-features=SharedStorageAPI,SharedStorageAPIM118 in addition.", "10-01 12:17:46.853 10689 10718 W chromium: [WARNING:runtime_features.cc(730)] AttributionReportingCrossAppWeb cannot be enabled in this configuration. Use --enable-features=ConversionMeasurement,AttributionReportingCrossAppWeb in addition.", "10-01 12:17:47.858 10492 10492 I chromium: [INFO:CONSOLE(1)] \"Injecting <script> tag. Using callback.\", source: https://mui.kernelsu.org/flutter_bootstrap.js (1)"]}
{"check":"first-frame-warm","result":{"url":"https://mui.kernelsu.org/index.html","socket":"webview_devtools_remote_10492","value":{"firstFrameMs":1047,"now":15056,"flutter":true,"resizes":[],"paint":{"first-paint":1749,"first-contentful-paint":1749},"calls":[[92,"at-preload","ksu:undefined webui:undefined"],[96,"ksu-defined"],[113,"wrap-failed","exec"],[113,"wrap-failed","spawn"],[114,"wrap-failed","moduleInfo"],[115,"wrap-failed","fullScreen"],[115,"wrap-failed","toast"]],"resources":[["/flutter_bootstrap.js",88,136,"script",0],["/canvaskit/chromium/canvaskit.wasm",198,432,"fetch",0],["/canvaskit/chromium/canvaskit.js",198,260,"other",0],["/main.dart.js",199,334,"script",0],["/assets/FontManifest.json",749,807,"fetch",0],["/favicon.png",803,851,"other",0],["/assets/fonts/MaterialIcons-Regular.otf",824,892,"fetch",0],["/assets/packages/cupertino_icons/assets/CupertinoIcons.ttf",825,897,"fetch",0],["/assets/fonts/fallback/Roboto-Regular.ttf",826,882,"fetch",0],["/favicon.png",1050,1748,"other",0]],"marks":[],"measures":[],"fonts":[]}}}
{"url":"https://mui.kernelsu.org/index.html","socket":"webview_devtools_remote_10492","value":"semantics on"}
{"check":"home","result":{"url":"https://mui.kernelsu.org/index.html","socket":"webview_devtools_remote_10492","value":["You have pushed the button this many times:","0","Increment"]}}
{"check":"tap-places","result":{"url":"https://mui.kernelsu.org/index.html","socket":"webview_devtools_remote_10492","value":"no Places"}}
{"check":"places","result":{"url":"https://mui.kernelsu.org/index.html","socket":"webview_devtools_remote_10492","value":["You have pushed the button this many times:","0","Increment"]}}
{"check":"places-scroll-1","result":{"url":"https://mui.kernelsu.org/index.html","socket":"webview_devtools_remote_10492","value":["You have pushed the button this many times:","0","Increment"]}}
{"check":"places-scroll-2","result":{"url":"https://mui.kernelsu.org/index.html","socket":"webview_devtools_remote_10492","value":["You have pushed the button this many times:","0","Increment"]}}
{"check":"places-scroll-3","result":{"url":"https://mui.kernelsu.org/index.html","socket":"webview_devtools_remote_10492","value":["You have pushed the button this many times:","0","Increment"]}}
{"check":"tap-strategy","result":{"url":"https://mui.kernelsu.org/index.html","socket":"webview_devtools_remote_10492","value":"no Strategy"}}
{"check":"strategy","result":{"url":"https://mui.kernelsu.org/index.html","socket":"webview_devtools_remote_10492","value":["You have pushed the button this many times:","0","Increment"]}}
{"check":"tap-strategy-root","result":{"url":"https://mui.kernelsu.org/index.html","socket":"webview_devtools_remote_10492","value":"no root process"}}
{"check":"strategy-root","result":{"url":"https://mui.kernelsu.org/index.html","socket":"webview_devtools_remote_10492","value":["You have pushed the button this many times:","0","Increment"]}}
{"check":"strategy-root-scroll-1","result":{"url":"https://mui.kernelsu.org/index.html","socket":"webview_devtools_remote_10492","value":["You have pushed the button this many times:","0","Increment"]}}
{"check":"strategy-root-scroll-2","result":{"url":"https://mui.kernelsu.org/index.html","socket":"webview_devtools_remote_10492","value":["You have pushed the button this many times:","0","Increment"]}}
{"check":"tap-rust","result":{"url":"https://mui.kernelsu.org/index.html","socket":"webview_devtools_remote_10492","value":"no Rust"}}
{"check":"rust","result":{"url":"https://mui.kernelsu.org/index.html","socket":"webview_devtools_remote_10492","value":["You have pushed the button this many times:","0","Increment"]}}
{"check":"tap-rust-run","result":{"url":"https://mui.kernelsu.org/index.html","socket":"webview_devtools_remote_10492","value":"no Run in every place"}}
{"check":"rust-ran","result":{"url":"https://mui.kernelsu.org/index.html","socket":"webview_devtools_remote_10492","value":["You have pushed the button this many times:","0","Increment"]}}
{"check":"tap-lifecycle","result":{"url":"https://mui.kernelsu.org/index.html","socket":"webview_devtools_remote_10492","value":"no Lifecycle"}}
{"check":"tap-root-process","result":{"url":"https://mui.kernelsu.org/index.html","socket":"webview_devtools_remote_10492","value":"no root process"}}
{"check":"tap-start","result":{"url":"https://mui.kernelsu.org/index.html","socket":"webview_devtools_remote_10492","value":"no Start"}}
{"check":"lifecycle-running","result":{"url":"https://mui.kernelsu.org/index.html","socket":"webview_devtools_remote_10492","value":["You have pushed the button this many times:","0","Increment"]}}
{"check":"lifecycle-after-home","result":{"url":"https://mui.kernelsu.org/index.html","socket":"webview_devtools_remote_10492","value":["You have pushed the button this many times:","0","Increment"]}}
{"check":"root-process","result":""}
/home/runner/work/devicelab/devicelab/out/sockprobe: 1 file pushed, 0 skipped. 182.5 MB/s (3501149 bytes in 0.018s)
{"check":"block-devices","result":"dm-0\ndm-1\ndm-11\ndm-13\ndm-14\ndm-16\ndm-17\ndm-18\ntotal 0\ndrwxr-xr-x 2 root root u:object_r:block_device:s0                140 2026-10-01 12:08 by-name\nbrw------- 1 root root u:object_r:dm_device:s0              254,   0 2026-10-01 12:08 dm-0\nbrw------- 1 root root u:object_r:dm_device:s0              254,   1 2026-10-01 12:08 dm-1\nbrw------- 1 root root u:object_r:dm_device:s0              254,  11 2026-10-01 12:08 dm-11\nbrw------- 1 root root u:object_r:dm_device:s0              254,  13 2026-10-01 12:08 dm-13\nbrw------- 1 root root u:object_r:dm_device:s0              254,  14 2026-10-01 12:08 dm-14\nbrw------- 1 root root u:object_r:dm_device:s0              254,  16 2026-10-01 12:08 dm-16\nbrw------- 1 root root u:object_r:dm_device:s0              254,  17 2026-10-01 12:08 dm-17\nbrw------- 1 root root u:object_r:dm_device:s0              254,  18 2026-10-01 12:08 dm-18\nbrw------- 1 root root u:object_r:dm_device:s0              254,  19 2026-10-01 12:08 dm-19\nbrw------- 1 root root u:object_r:dm_device:s0              254,   2 2026-10-01 12:08 dm-2\n-- su:\n0000000  \\0\n-- ksu:\n{\"error\":\"write /proc/thread-self/attr/current: operation not permitted\",\"op\":\"setcon\"}\n-- avc:"}
{"check":"back-1","result":{"url":"https://mui.kernelsu.org/index.html","socket":"webview_devtools_remote_10492","value":["You have pushed the button this many times:","0","Increment"]}}
{"check":"back-1-top","result":"topResumedActivity=ActivityRecord{e7a75e5 u0 com.rifsxd.ksunext/.ui.webui.WebUIActivity t13}"}
{"check":"back-2-top","result":"topResumedActivity=ActivityRecord{9213f2e u0 com.rifsxd.ksunext/.ui.MainActivity t13}"}
{"check":"mount","result":"mount: mounting overlay on /product/app failed: Invalid argument\noverlay failed: 255\nmagic mount ok\ntotal 3736\ndrwxr-xr-x  2 root root u:object_r:system_file:s0     4096 2026-10-01 12:10 .\ndrwxr-xr-x 30 root root u:object_r:system_file:s0      600 2026-10-01 12:10 ..\n-rw-r--r--  1 root root u:object_r:system_file:s0  3809993 2026-10-01 12:10 WebuiTermuxApi.apk\nCalendarGooglePrebuilt\nCamera2\nChrome\nChrome-Stub\nDrive\n/dev/block/dm-3 /product ext4 ro,seclabel,relatime 0 0\ntmpfs /dev/app_plane_app tmpfs rw,seclabel,relatime,mode=755 0 0\ntmpfs /product/app tmpfs rw,seclabel,relatime,mode=755 0 0\n/dev/block/dm-3 /product/app/CalendarGooglePrebuilt ext4 ro,seclabel,relatime 0 0\n/dev/block/dm-3 /product/app/Camera2 ext4 ro,seclabel,relatime 0 0\n/dev/block/dm-3 /product/app/Chrome ext4 ro,seclabel,relatime 0 0\n/dev/block/dm-3 /product/app/Chrome-Stub ext4 ro,seclabel,relatime 0 0\n/dev/block/dm-3 /product/app/Drive ext4 ro,seclabel,relatime 0 0\n28"}
{"check":"package","result":"package:/product/app/WebuiTermuxApi/WebuiTermuxApi.apk\n    flags=0x0\n    flags=0x0\n    codePath=/product/app/WebuiTermuxApi\n    versionName=0.53.0-webui.1\n    flags=[ SYSTEM HAS_CODE ALLOW_CLEAR_USER_DATA ALLOW_BACKUP ]\n    privateFlags=[ PRIVATE_FLAG_ACTIVITIES_RESIZE_MODE_RESIZEABLE_VIA_SDK_VERSION PRIVATE_FLAG_REQUEST_LEGACY_EXTERNAL_STORAGE PRODUCT PRIVATE_FLAG_ALLOW_NATIVE_HEAP_POINTER_TAGGING ]\n        android.permission.READ_SMS: granted=false, flags=[ USER_SENSITIVE_WHEN_GRANTED|USER_SENSITIVE_WHEN_DENIED|RESTRICTION_UPGRADE_EXEMPT]\n        android.permission.POST_NOTIFICATIONS: granted=false, flags=[ USER_SENSITIVE_WHEN_GRANTED|USER_SENSITIVE_WHEN_DENIED]"}
/home/runner/work/devicelab/devicelab/out/sockprobe: 1 file pushed, 0 skipped. 163.4 MB/s (3501149 bytes in 0.020s)
Broadcasting: Intent { flg=0x1400020 cmp=com.webui.termux.api/com.termux.api.TermuxApiReceiver (has extras) }
Broadcast completed: result=0
Broadcasting: Intent { flg=0x1400020 cmp=com.webui.termux.api/com.termux.api.TermuxApiReceiver (has extras) }
Broadcast completed: result=0
{"check":"broadcast","result":"Broadcasting: Intent { flg=0x1400020 cmp=com.webui.termux.api/com.termux.api.TermuxApiReceiver (has extras) }\nBroadcast completed: result=0\nBroadcasting: Intent { flg=0x1400020 cmp=com.webui.termux.api/com.termux.api.TermuxApiReceiver (has extras) }\nBroadcast completed: result=0"}
{"check":"app-process","result":"u0_a210      10210 u:r:untrusted_app_27:s0:c210,c256,c512,c768 com.webui.termux.api"}
{"check":"listener-module","result":"{\"context\":\"u:r:su:s0\",\"event\":\"start\",\"names\":[\"wx_ksu_out\",\"wx_ksu_in\"],\"uid\":0}\n{\"data\":\"{\\n  \\\"present\\\": true,\\n  \\\"technology\\\": \\\"Li-ion\\\",\\n  \\\"health\\\": \\\"GOOD\\\",\\n  \\\"plugged\\\": \\\"PLUGGED_AC\\\",\\n  \\\"status\\\": \\\"CHARGING\\\",\\n  \\\"temperature\\\": 25.0,\\n  \\\"voltage\\\": 5000,\\n  \\\"current\\\": 900000,\\n  \\\"current_average\\\": 900000,\\n  \\\"percentage\\\": 100,\\n  \\\"level\\\": 100,\\n  \\\"scale\\\": 100,\\n  \\\"charge_counter\\\": 10000,\\n  \\\"cycle\\\": 10\\n}\\n\",\"event\":\"connect\",\"name\":\"wx_ksu_out\",\"peerContext\":\"u:r:untrusted_app_27:s0:c210,c256,c512,c768\",\"peerPid\":11140,\"peerUid\":10210,\"t\":1790857230781}"}
{"check":"listener-su","result":"{\"context\":\"u:r:su:s0\",\"event\":\"start\",\"names\":[\"wx_su_out\",\"wx_su_in\"],\"uid\":0}\n{\"data\":\"{\\n  \\\"present\\\": true,\\n  \\\"technology\\\": \\\"Li-ion\\\",\\n  \\\"health\\\": \\\"GOOD\\\",\\n  \\\"plugged\\\": \\\"PLUGGED_AC\\\",\\n  \\\"status\\\": \\\"CHARGING\\\",\\n  \\\"temperature\\\": 25.0,\\n  \\\"voltage\\\": 5000,\\n  \\\"current\\\": 900000,\\n  \\\"current_average\\\": 900000,\\n  \\\"percentage\\\": 100,\\n  \\\"level\\\": 100,\\n  \\\"scale\\\": 100,\\n  \\\"charge_counter\\\": 10000,\\n  \\\"cycle\\\": 10\\n}\\n\",\"event\":\"connect\",\"name\":\"wx_su_out\",\"peerContext\":\"u:r:untrusted_app_27:s0:c210,c256,c512,c768\",\"peerPid\":11140,\"peerUid\":10210,\"t\":1790857238934}"}
{"check":"avc","result":"10-01 12:20:30.572  5701  7123 I ActivityManager: Broadcasting: Intent { flg=0x1400020 cmp=com.webui.termux.api/com.termux.api.TermuxApiReceiver (has extras) }\n10-01 12:20:30.573  5701  7123 I ActivityManager: Enqueued broadcast Intent { flg=0x1400020 cmp=com.webui.termux.api/com.termux.api.TermuxApiReceiver (has extras) }: 0\n10-01 12:20:30.609  5701  5738 I ActivityManager: Start proc 11140:com.webui.termux.api/u0a210 for broadcast {com.webui.termux.api/com.termux.api.TermuxApiReceiver}\n10-01 12:20:30.640 11140 11140 I ebui.termux.api: Using CollectorTypeCMC GC.\n10-01 12:20:30.641 11140 11140 W ebui.termux.api: Unexpected CPU variant for x86: x86_64.\n10-01 12:20:30.641 11140 11140 W ebui.termux.api: Known variants: atom, sandybridge, silvermont, goldmont, goldmont-plus, goldmont-without-sha-xsaves, tremont, kabylake, default\n10-01 12:20:30.646 11140 11140 E ebui.termux.api: Not starting debugger since process cannot load the jdwp agent.\n10-01 12:20:30.682 11140 11140 W ziparchive: Unable to open '/product/app/WebuiTermuxApi/WebuiTermuxApi.dm': No such file or directory\n10-01 12:20:30.682 11140 11140 W ziparchive: Unable to open '/product/app/WebuiTermuxApi/WebuiTermuxApi.dm': No such file or directory\n10-01 12:20:30.709 11140 11140 D nativeloader: Configuring product-clns-7 for unbundled product apk /product/app/WebuiTermuxApi/WebuiTermuxApi.apk. target_sdk_version=28, uses_libraries=, library_path=/product/app/WebuiTermuxApi/lib/x86_64:/product/lib64:/system/product/lib64, permitted_path=/data:/mnt/expand:/data/user/0/com.webui.termux.api:/product/lib64:/system/product/lib64\n10-01 12:20:30.740 11140 11140 I TermuxAPIApplication: AppInit\n10-01 12:20:30.761  5701  7034 I AppsFilter: interaction: PackageSetting{c97955f com.android.microdroid.empty_payload/10184} -> PackageSetting{1f8db5e com.webui.termux.api/10210} BLOCKED\n10-01 12:20:30.782  5701  5889 I AppWidgetServiceImpl: Updating package stopped masked state for uid 10210 package com.webui.termux.api isStopped false\n10-01 12:20:35.803 11140 11157 D ProfileInstaller: Installing profile for com.webui.termux.api\n10-01 12:20:38.924  5701  7034 I ActivityManager: Broadcasting: Intent { flg=0x1400020 cmp=com.webui.termux.api/com.termux.api.TermuxApiReceiver (has extras) }\n10-01 12:20:38.926  5701  7034 I ActivityManager: Enqueued broadcast Intent { flg=0x1400020 cmp=com.webui.termux.api/com.termux.api.TermuxApiReceiver (has extras) }: 0"}
SELinux: Loaded file context from:
		/system/etc/selinux/plat_file_contexts
		/system_ext/etc/selinux/system_ext_file_contexts
		/vendor/etc/selinux/vendor_file_contexts
{"check":"restorecon","result":"u:object_r:app_data_file:s0:c210,c256,c512,c768 /data/data/com.webui.termux.api\nu:object_r:app_data_file:s0                     /data/data/com.webui.termux.api/files/devicelab/probe.txt"}
{"check":"app-read","result":"u:object_r:app_data_file:s0:c210,c256,c512,c768 chcon.txt\nu:object_r:app_data_file:s0                     probe.txt\n{\"error\":\"write /proc/thread-self/attr/current: operation not permitted\",\"op\":\"setcon\"}"}
Failed to write while dumping service activity: Broken pipe
{"check":"share-text","result":"topResumedActivity=ActivityRecord{9213f2e u0 com.rifsxd.ksunext/.ui.MainActivity t13}\n{\"context\":\"u:r:su:s0\",\"event\":\"start\",\"names\":[\"sh_text_out\",\"sh_text_in\"],\"uid\":0}\n{\"data\":\"\",\"event\":\"connect\",\"name\":\"sh_text_in\",\"peerContext\":\"u:r:untrusted_app_27:s0:c210,c256,c512,c768\",\"peerPid\":11140,\"peerUid\":10210,\"t\":1790857248673}\n{\"data\":\"\",\"event\":\"connect\",\"name\":\"sh_text_out\",\"peerContext\":\"u:r:untrusted_app_27:s0:c210,c256,c512,c768\",\"peerPid\":11140,\"peerUid\":10210,\"t\":1790857248673}\n10-01 12:20:48.682  5701  7123 E ActivityTaskManager: Background activity launch blocked! [callingPackage: com.webui.termux.api; callingPackageTargetSdk: 28; callingUid: 10210; callingPid: 11140; appSwitchState: 2; callingUidHasAnyVisibleWindow: false; callingUidProcState: RECEIVER; isCallingUidPersistentSystemProcess: false; forcedBalByPiSender: BSP.NONE; intent: Intent { act=android.intent.action.CHOOSER flg=0x10000000 cmp=com.android.intentresolver/.ChooserActivityLauncher (has extras) }; callerApp: ProcessRecord{fb7044 11140:com.webui.termux.api/u0a210}; inVisibleTask: false; balAllowedByPiCreator: BSP.ALLOW_BAL; balAllowedByPiCreatorWithHardening: BSP.ALLOW_BAL; resultIfPiCreatorAllowsBal: BAL_BLOCK; hasRealCaller: true; isCallForResult: false; isPendingIntent: false; autoOptInReason: notPendingIntent; realCallingPackage: com.webui.termux.api; realCallingPackageTargetSdk: 28; realCallingUid: 10210; realCallingPid: 11140; realCallingUidHasAnyVisibleWindow: false; realCallingUidProcState: RECEIVER; isRealCallingUidPersistentSystemProcess: false; originatingPendingIntent: null; realCallerApp: ProcessRecord{fb7044 11140:com.webui.termux.api/u0a210}; realInVisibleTask: false; balAllowedByPiSender: BSP.ALLOW_BAL; resultIfPiSenderAllowsBal: BAL_BLOCK; balImproveRealCallerVisibilityCheck: true; balRequireOptInByPendingIntentCreator: true; balRequireOptInSameUid: false; balRespectAppSwitchStateWhenCheckBoundByForegroundUid: true; balDontBringExistingBackgroundTaskStackToFg: true]\n10-01 12:20:48.701  5701  7123 I ActivityTaskManager: START u0 {act=android.intent.action.CHOOSER flg=0x10000000 cmp=com.android.intentresolver/.ChooserActivityLauncher (has extras)} with LAUNCH_MULTIPLE from uid 10210 (BAL_BLOCK) result code=102\n10-01 12:20:58.717  5701  5803 D ActivityManager: freezing 11140 com.webui.termux.api"}
Failed to write while dumping service activity: Broken pipe
{"check":"share-file","result":"topResumedActivity=ActivityRecord{9213f2e u0 com.rifsxd.ksunext/.ui.MainActivity t13}\n{\"context\":\"u:r:su:s0\",\"event\":\"start\",\"names\":[\"sh_file_out\",\"sh_file_in\"],\"uid\":0}\n{\"data\":\"\",\"event\":\"connect\",\"name\":\"sh_file_out\",\"peerContext\":\"u:r:untrusted_app_27:s0:c210,c256,c512,c768\",\"peerPid\":11140,\"peerUid\":10210,\"t\":1790857264355}\n10-01 12:21:04.328  5701  5737 D ActivityManager: sync unfroze 11140 com.webui.termux.api for 3\n10-01 12:21:04.366  5701  7027 E ActivityTaskManager: Background activity launch blocked! [callingPackage: com.webui.termux.api; callingPackageTargetSdk: 28; callingUid: 10210; callingPid: 11140; appSwitchState: 2; callingUidHasAnyVisibleWindow: false; callingUidProcState: RECEIVER; isCallingUidPersistentSystemProcess: false; forcedBalByPiSender: BSP.NONE; intent: Intent { act=android.intent.action.CHOOSER flg=0x10000000 cmp=com.android.intentresolver/.ChooserActivityLauncher (has extras) }; callerApp: ProcessRecord{fb7044 11140:com.webui.termux.api/u0a210}; inVisibleTask: false; balAllowedByPiCreator: BSP.ALLOW_BAL; balAllowedByPiCreatorWithHardening: BSP.ALLOW_BAL; resultIfPiCreatorAllowsBal: BAL_BLOCK; hasRealCaller: true; isCallForResult: false; isPendingIntent: false; autoOptInReason: notPendingIntent; realCallingPackage: com.webui.termux.api; realCallingPackageTargetSdk: 28; realCallingUid: 10210; realCallingPid: 11140; realCallingUidHasAnyVisibleWindow: false; realCallingUidProcState: RECEIVER; isRealCallingUidPersistentSystemProcess: false; originatingPendingIntent: null; realCallerApp: ProcessRecord{fb7044 11140:com.webui.termux.api/u0a210}; realInVisibleTask: false; balAllowedByPiSender: BSP.ALLOW_BAL; resultIfPiSenderAllowsBal: BAL_BLOCK; balImproveRealCallerVisibilityCheck: true; balRequireOptInByPendingIntentCreator: true; balRequireOptInSameUid: false; balRespectAppSwitchStateWhenCheckBoundByForegroundUid: true; balDontBringExistingBackgroundTaskStackToFg: true]\n10-01 12:21:04.375  5701  7027 I ActivityTaskManager: START u0 {act=android.intent.action.CHOOSER flg=0x10000000 cmp=com.android.intentresolver/.ChooserActivityLauncher (has extras)} with LAUNCH_MULTIPLE from uid 10210 (BAL_BLOCK) result code=102\n10-01 12:21:12.526 11303 11303 D nativeloader: Configuring clns-shared-7 for other apk /system_ext/priv-app/SettingsGoogle/SettingsGoogle.apk. target_sdk_version=35, uses_libraries=, library_path=/system_ext/priv-app/SettingsGoogle/lib/x86_64:/system_ext/priv-app/SettingsGoogle/SettingsGoogle.apk!/lib/x86_64:/system/lib64:/system_ext/lib64, permitted_path=/data:/mnt/expand:/data/user_de/0/com.android.settings:/system_ext/priv-app/SettingsGoogle:/system/lib64:/system_ext/lib64\n10-01 12:21:14.391  5701  5803 D ActivityManager: freezing 11140 com.webui.termux.api"}
Failed to write while dumping service activity: Broken pipe
{"check":"share-text-saw","result":"topResumedActivity=ActivityRecord{1ba03aa u0 com.android.intentresolver/.ChooserActivityLauncher t14}\n{\"context\":\"u:r:su:s0\",\"event\":\"start\",\"names\":[\"sh_text-saw_out\",\"sh_text-saw_in\"],\"uid\":0}\n{\"data\":\"\",\"event\":\"connect\",\"name\":\"sh_text-saw_out\",\"peerContext\":\"u:r:untrusted_app_27:s0:c210,c256,c512,c768\",\"peerPid\":11140,\"peerUid\":10210,\"t\":1790857280033}\n{\"data\":\"\",\"event\":\"connect\",\"name\":\"sh_text-saw_in\",\"peerContext\":\"u:r:untrusted_app_27:s0:c210,c256,c512,c768\",\"peerPid\":11140,\"peerUid\":10210,\"t\":1790857280033}\n10-01 12:21:20.737  5624  5941 D PermissionCache: checking android.permission.ROTATE_SURFACE_FLINGER for uid=10105 => denied (4127 us)\n10-01 12:21:21.231 11394 11394 D ChooserActivity: onListRebuilt(listAdapter.userHandle=UserHandle{0}, rebuildComplete=true)\n10-01 12:21:21.233  5701  6755 D PermissionCache: checking android.permission.ACCESS_SURFACE_FLINGER for uid=10105 => denied (2616 us)\n10-01 12:21:21.233  5701  6755 D PermissionCache: checking android.permission.ROTATE_SURFACE_FLINGER for uid=10105 => denied (32 us)\n10-01 12:21:21.233  5701  6755 D PermissionCache: checking android.permission.INTERNAL_SYSTEM_WINDOW for uid=10105 => denied (28 us)\n10-01 12:21:21.239 11394 11394 D ChooserActivity: app target loading time 678 ms\n10-01 12:21:21.291 11394 11394 D ChooserActivity: onShortcutsLoaded for user: UserHandle{0}\n10-01 12:21:21.294 11394 11394 D ChooserActivity: stat to first shortcut time: 685 ms\n10-01 12:21:21.332  5701  5720 I ActivityTaskManager: Displayed com.android.intentresolver/.ChooserActivityLauncher for user 0: +1s221ms\n10-01 12:21:21.333  5701  5720 V WindowManager: Sent Transition (#24) createdAt=10-01 12:21:20.054 via request=TransitionRequestInfo { type = OPEN, triggerTask = TaskInfo{userId=0 taskId=14 displayId=0 isRunning=true baseIntent=Intent { act=android.intent.action.CHOOSER flg=0x10800000 cmp=com.android.intentresolver/.ChooserActivityLauncher } baseActivity=ComponentInfo{com.android.intentresolver/com.android.intentresolver.ChooserActivity} topActivity=ComponentInfo{com.android.intentresolver/com.android.intentresolver.ChooserActivity} origActivity=ComponentInfo{com.android.intentresolver/com.android.intentresolver.ChooserActivityLauncher} realActivity=ComponentInfo{com.android.intentresolver/com.android.intentresolver.ChooserActivity} numActivities=1 lastActiveTime=768617 supportsMultiWindow=true resizeMode=1 isResizeable=true minWidth=-1 minHeight=-1 defaultMinSize=220 token=WCT{RemoteToken{4673cd1 Task{8cd8b9b #14 type=standard A=10105:com.android.intentresolver}}} topActivityType=1 pictureInPictureParams=null shouldDockBigOverlays=false launchIntoPipHostTaskId=-1 lastParentTaskIdBeforePip=-1 displayCutoutSafeInsets=null topActivityInfo=ActivityInfo{f22c336 com.android.intentresolver.ChooserActivityLauncher} launchCookies=[] positionInParent=Point(0, 0) parentTaskId=-1 isFocused=false isVisible=false isVisibleRequested=false isSleeping=false locusId=null displayAreaFeatureId=1 isTopActivityTransparent=true appCompatTaskInfo=AppCompatTaskInfo { topActivityInSizeCompat=false topActivityEligibleForLetterboxEducation= falseisLetterboxEducationEnabled= true isLetterboxDoubleTapEnabled= false topActivityEligibleForUserAspectRatioButton= false topActivityBoundsLetterboxed= false isFromLetterboxDoubleTap= false topActivityLetterboxVerticalPosition= -1 topActivityLetterboxHorizontalPosition= -1 topActivityLetterboxWidth=320 topActivityLetterboxHeight=640 isUserFullscreenOverrideEnabled=false isSystemFullscreenOverrideEnabled=false cameraCompatTaskInfo=CameraCompatTaskInfo { cameraCompatControlState=hidden freeformCameraCompatMode=inactive}}}, pipTask = null, remoteTransition = null, displayChange = null, flags = 0, debugId = 24 }\n10-01 12:21:21.646 11394 11394 D ChooserActivity: onAppTargetsLoaded(listAdapter.userHandle=UserHandle{0})\n10-01 12:21:30.084  5701  5803 D ActivityManager: freezing 11140 com.webui.termux.api"}
Failed to write while dumping service activity: Broken pipe
{"check":"share-file-saw","result":"topResumedActivity=ActivityRecord{6caf21 u0 com.android.intentresolver/.ChooserActivityLauncher t15}\n{\"context\":\"u:r:su:s0\",\"event\":\"start\",\"names\":[\"sh_file-saw_out\",\"sh_file-saw_in\"],\"uid\":0}\n{\"data\":\"\",\"event\":\"connect\",\"name\":\"sh_file-saw_out\",\"peerContext\":\"u:r:untrusted_app_27:s0:c210,c256,c512,c768\",\"peerPid\":11140,\"peerUid\":10210,\"t\":1790857295748}\n10-01 12:21:36.088 11394 11394 D ChooserActivity: getDisplayResolveInfoCount() == 0\n10-01 12:21:36.088 11394 11394 I ResolverListAdapter: Add DisplayResolveInfo component: ComponentInfo{com.google.android.apps.docs/com.google.android.apps.docs.common.shareitem.UploadMenuActivity}, intent component: ComponentInfo{com.google.android.apps.docs/com.google.android.apps.docs.common.shareitem.UploadMenuActivity}\n10-01 12:21:36.088 11394 11394 I ResolverListAdapter: Add DisplayResolveInfo component: ComponentInfo{com.google.android.apps.messaging/com.google.android.apps.messaging.ui.conversationlist.ShareIntentActivity}, intent component: ComponentInfo{com.google.android.apps.messaging/com.google.android.apps.messaging.ui.conversationlist.ShareIntentActivity}\n10-01 12:21:36.091  5701  7026 D CoreBackPreview: Window{b8ea291 u0 com.android.intentresolver/com.android.intentresolver.ChooserActivityLauncher}: Setting back callback OnBackInvokedCallbackInfo{mCallback=android.window.IOnBackInvokedCallback$Stub$Proxy@e9fdf7, mPriority=0, mIsAnimationCallback=false}\n10-01 12:21:36.592 11394 11394 D ChooserActivity: onListRebuilt(listAdapter.userHandle=UserHandle{0}, rebuildComplete=true)\n10-01 12:21:36.606 11394 11394 D ChooserActivity: app target loading time 693 ms\n10-01 12:21:36.629  5701  5720 I ActivityTaskManager: Displayed com.android.intentresolver/.ChooserActivityLauncher for user 0: +839ms\n10-01 12:21:36.630  5701  5720 V WindowManager: Sent Transition (#26) createdAt=10-01 12:21:35.762 via request=TransitionRequestInfo { type = OPEN, triggerTask = TaskInfo{userId=0 taskId=15 displayId=0 isRunning=true baseIntent=Intent { act=android.intent.action.CHOOSER flg=0x10800000 cmp=com.android.intentresolver/.ChooserActivityLauncher } baseActivity=ComponentInfo{com.android.intentresolver/com.android.intentresolver.ChooserActivity} topActivity=ComponentInfo{com.android.intentresolver/com.android.intentresolver.ChooserActivity} origActivity=ComponentInfo{com.android.intentresolver/com.android.intentresolver.ChooserActivityLauncher} realActivity=ComponentInfo{com.android.intentresolver/com.android.intentresolver.ChooserActivity} numActivities=1 lastActiveTime=784332 supportsMultiWindow=true resizeMode=1 isResizeable=true minWidth=-1 minHeight=-1 defaultMinSize=220 token=WCT{RemoteToken{d540bfc Task{28cf46 #15 type=standard A=10105:com.android.intentresolver}}} topActivityType=1 pictureInPictureParams=null shouldDockBigOverlays=false launchIntoPipHostTaskId=-1 lastParentTaskIdBeforePip=-1 displayCutoutSafeInsets=null topActivityInfo=ActivityInfo{9581285 com.android.intentresolver.ChooserActivityLauncher} launchCookies=[] positionInParent=Point(0, 0) parentTaskId=-1 isFocused=false isVisible=false isVisibleRequested=false isSleeping=false locusId=null displayAreaFeatureId=1 isTopActivityTransparent=true appCompatTaskInfo=AppCompatTaskInfo { topActivityInSizeCompat=false topActivityEligibleForLetterboxEducation= falseisLetterboxEducationEnabled= true isLetterboxDoubleTapEnabled= false topActivityEligibleForUserAspectRatioButton= false topActivityBoundsLetterboxed= false isFromLetterboxDoubleTap= false topActivityLetterboxVerticalPosition= -1 topActivityLetterboxHorizontalPosition= -1 topActivityLetterboxWidth=320 topActivityLetterboxHeight=640 isUserFullscreenOverrideEnabled=false isSystemFullscreenOverrideEnabled=false cameraCompatTaskInfo=CameraCompatTaskInfo { cameraCompatControlState=hidden freeformCameraCompatMode=inactive}}}, pipTask = null, remoteTransition = null, displayChange = null, flags = 0, debugId = 26 }\n10-01 12:21:36.686 11394 11394 D ChooserActivity: onAppTargetsLoaded(listAdapter.userHandle=UserHandle{0})\n10-01 12:21:36.686 11394 11394 D ChooserActivity: onShortcutsLoaded for user: UserHandle{0}\n10-01 12:21:36.686 11394 11394 D ChooserActivity: stat to first shortcut time: 617 ms\n10-01 12:21:46.081  5701  5803 D ActivityManager: freezing 11140 com.webui.termux.api"}
app uid: 10210
