yes: standard output: Broken pipe
Auto-selecting single ABI x86_64
Do you wish to create a custom hardware profile? [no] lab.avd
lab.ini
emulator Android emulator version 37.1.11.0 (build_id 15917651) (CL:N/A)
* daemon not running; starting now at tcp:5037
* daemon started successfully
booted in 60s: google/sdk_gphone64_x86_64/emu64xa:15/AE3A.240806.043/12960925:userdebug/dev-keys
{"check":"mount","result":"cat: /data/local/tmp/app-plane-mount.log: No such file or directory\nls: /product/app/WebuiTermuxApi/: No such file or directory\nCalendarGooglePrebuilt\nCamera2\nChrome\nChrome-Stub\nDrive\n/dev/block/dm-3 /product ext4 ro,seclabel,relatime 0 0\n0"}
{"check":"package","result":""}
/home/runner/work/devicelab/devicelab/out/sockprobe: 1 file pushed, 0 skipped. 24.9 MB/s (3501629 bytes in 0.134s)
Broadcasting: Intent { flg=0x1400020 cmp=com.webui.termux.api/com.termux.api.TermuxApiReceiver (has extras) }
Broadcast completed: result=0
Broadcasting: Intent { flg=0x1400020 cmp=com.webui.termux.api/com.termux.api.TermuxApiReceiver (has extras) }
Broadcast completed: result=0
{"check":"broadcast","result":"Broadcasting: Intent { flg=0x1400020 cmp=com.webui.termux.api/com.termux.api.TermuxApiReceiver (has extras) }\nBroadcast completed: result=0\nBroadcasting: Intent { flg=0x1400020 cmp=com.webui.termux.api/com.termux.api.TermuxApiReceiver (has extras) }\nBroadcast completed: result=0"}
{"check":"app-process","result":""}
{"check":"listener-module","result":"cat: /data/local/tmp/sockprobe-module.log: No such file or directory"}
{"check":"listener-su","result":"{\"context\":\"u:r:su:s0\",\"event\":\"start\",\"names\":[\"wx_su_out\",\"wx_su_in\"],\"uid\":0}"}
Segmentation fault 
{"check":"avc","result":""}
SELinux: Loaded file context from:
		/system/etc/selinux/plat_file_contexts
		/system_ext/etc/selinux/system_ext_file_contexts
		/vendor/etc/selinux/vendor_file_contexts
SELinux:	Could not look up information for package com.webui.termux.api, cannot restorecon /data/data/com.webui.termux.api/files/devicelab.
SELinux: Could not set context for /data/data/com.webui.termux.api/files/devicelab:  No such file or directory
restorecon: restorecon failed: /data/data/com.webui.termux.api/files/devicelab
{"check":"restorecon","result":"u:object_r:system_data_file:s0 /data/data/com.webui.termux.api\nu:object_r:system_data_file:s0 /data/data/com.webui.termux.api/files/devicelab/probe.txt"}
{"check":"app-read","result":"u:object_r:system_data_file:s0 chcon.txt\nu:object_r:system_data_file:s0 probe.txt\nread probe.txt:\ninvalid value \"-as-ctx\" for flag -as-uid: parse error\nUsage of /data/local/tmp/sockprobe:\n  -as-ctx string\n    \twith -as-uid: SELinux context for the command\n  -as-uid int\n    \trun the arguments as a command with this uid (and gid) (default -1)\n  -reply string\n    \ttext written to each connection, then its write side closed (EOF)\n  -t int\n    \texit after this many seconds (default 300)\nread chcon.txt:\ninvalid value \"-as-ctx\" for flag -as-uid: parse error\nUsage of /data/local/tmp/sockprobe:\n  -as-ctx string\n    \twith -as-uid: SELinux context for the command\n  -as-uid int\n    \trun the arguments as a command with this uid (and gid) (default -1)\n  -reply string\n    \ttext written to each connection, then its write side closed (EOF)\n  -t int\n    \texit after this many seconds (default 300)\nwrite:\ninvalid value \"-as-ctx\" for flag -as-uid: parse error\nUsage of /data/local/tmp/sockprobe:\n  -as-ctx string\n    \twith -as-uid: SELinux context for the command\n  -as-uid int\n    \trun the arguments as a command with this uid (and gid) (default -1)\n  -reply string\n    \ttext written to each connection, then its write side closed (EOF)\n  -t int\n    \texit after this many seconds (default 300)"}
Failed to write while dumping service activity: Broken pipe
Segmentation fault 
{"check":"share-text","result":"topResumedActivity=ActivityRecord{8a9260f u0 com.google.android.apps.nexuslauncher/.NexusLauncherActivity t7}\n{\"context\":\"u:r:su:s0\",\"event\":\"start\",\"names\":[\"sh_text_out\",\"sh_text_in\"],\"uid\":0}"}
Failed to write while dumping service activity: Broken pipe
Segmentation fault 
{"check":"share-file","result":"topResumedActivity=ActivityRecord{8a9260f u0 com.google.android.apps.nexuslauncher/.NexusLauncherActivity t7}\n{\"context\":\"u:r:su:s0\",\"event\":\"start\",\"names\":[\"sh_file_out\",\"sh_file_in\"],\"uid\":0}\n10-01 10:02:29.676   595   996 D ShortcutService: Package com.google.android.gms has 0 manifest shortcut(s), and 1 share target(s)\n10-01 10:02:32.075  3611  3611 D nativeloader: Configuring clns-shared-7 for other apk /apex/com.android.healthfitness/priv-app/HealthConnectControllerGoogle@350820300/HealthConnectControllerGoogle.apk. target_sdk_version=35, uses_libraries=, library_path=/apex/com.android.healthfitness/priv-app/HealthConnectControllerGoogle@350820300/lib/x86_64:/system/lib64:/system_ext/lib64, permitted_path=/data:/mnt/expand:/data/user/0/com.google.android.healthconnect.controller:/apex/com.android.healthfitness/priv-app/HealthConnectControllerGoogle@350820300:/system/lib64:/system_ext/lib64\n10-01 10:02:32.553   595   996 D ShortcutService: Package com.android.settings has 3 manifest shortcut(s), and 0 share target(s)"}
app uid: 
