yes: standard output: Broken pipe
Auto-selecting single ABI x86_64
Do you wish to create a custom hardware profile? [no] lab.avd
lab.ini
emulator Android emulator version 37.2.12.0 (build_id 16428233) (CL:N/A)
* daemon not running; starting now at tcp:5037
* daemon started successfully
booted in 26s: google/sdk_gphone64_x86_64/emu64xa:15/AE3A.240806.043/12960925:userdebug/dev-keys
kernel 6.6.50-android15-8-g8adecb593e9b-ab12525588 -> kmi android15-6.6; KernelSU-Next/KernelSU-Next v3.4.0
total 28968
drwx------  2 runner runner     4096 Oct  2 02:01 .
drwxrwxrwt 16 root   root       4096 Oct  2 02:01 ..
-rw-r--r--  1 runner runner 11859167 Oct  2 02:01 KernelSU_Next_v3.4.0-spoofed_33294-release.apk
-rw-r--r--  1 runner runner 11857955 Oct  2 02:01 KernelSU_Next_v3.4.0_33294-release.apk
-rw-r--r--  1 runner runner  5583488 Oct  2 02:01 ksud-x86_64-linux-android
-rw-r--r--  1 runner runner   342200 Oct  2 02:01 x86_64-android15-6.6_kernelsu.ko
== manager installed (com.rifsxd.ksunext, KernelSU_Next_v3.4.0_33294-release.apk)
/tmp/tmp.JphlOKYG5H/x86_64-android15-6.6_kernelsu.ko: 1 file pushed, 0 skipped. 6.1 MB/s (342200 bytes in 0.054s)
/tmp/tmp.JphlOKYG5H/ksud-x86_64-linux-android: 1 file pushed, 0 skipped. 118.2 MB/s (5583488 bytes in 0.045s)
== ksud: ksud 3.4.0 (uapi: 4)
== ksud late-load: rc=0
== ksud insmod /data/adb/kernelsu.ko: Loaded kernel module: /data/adb/kernelsu.ko
rc=0
kernelsu              258048  0 
== lsmod: kernelsu              258048  0 
aarch64-android12-5.10_kernelsu.ko
aarch64-android13-5.10_kernelsu.ko
aarch64-android13-5.15_kernelsu.ko
aarch64-android14-5.15_kernelsu.ko
aarch64-android14-6.1_kernelsu.ko
aarch64-android15-6.6_kernelsu.ko
aarch64-android16-6.12_kernelsu.ko
aarch64-android17-6.18_kernelsu.ko
KernelSU_Next_v3.4.0-spoofed_33294-release.apk
KernelSU_Next_v3.4.0_33294-release.apk
ksud-aarch64-apple-darwin
ksud-aarch64-linux-android
ksud-aarch64-unknown-linux-musl
ksud-x86_64-apple-darwin
ksud-x86_64-linux-android
ksud-x86_64-unknown-linux-musl
x86_64-android12-5.10_kernelsu.ko
x86_64-android13-5.10_kernelsu.ko
x86_64-android13-5.15_kernelsu.ko
x86_64-android14-5.15_kernelsu.ko
x86_64-android14-6.1_kernelsu.ko
x86_64-android15-6.6_kernelsu.ko
x86_64-android16-6.12_kernelsu.ko
x86_64-android17-6.18_kernelsu.ko
== no metamodule asset in KernelSU-Next/KernelSU-Next v3.4.0
/home/runner/work/devicelab/devicelab/modules/probe/./: 2 files pushed, 0 skipped. 0.0 MB/s (1474 bytes in 0.064s)
== modules: [
  {
    "version": "1",
    "update": "false",
    "action": "false",
    "remove": "false",
    "mount": "false",
    "description": "Observation module for devicelab. Its WebUI page is driven over DevTools.",
    "id": "devicelab_probe",
    "author": "p0g-stack",
    "web": "true",
    "versionCode": "1",
    "enabled": "true",
    "name": "devicelab probe"
  }
]
SELinux: Loaded file context from:
		/system/etc/selinux/plat_file_contexts
		/system_ext/etc/selinux/system_ext_file_contexts
		/vendor/etc/selinux/vendor_file_contexts
== home text: text="Working" text="LKM (GKI2)" text="Jailbreak mode" text="Version: v3.4.0 (33294-4)" text="Custom" text="Superuser" text="0" text="Module" text="1" text="Manager version" text="v3.4.0 (33294-4)" text="Hook mode" text="Tracepoint" text="Metamodule status" text="Not installed" text="Having trouble?" text="Encountered a bug or have feedback?" text="KernelSU-Next" 
== manager activities: com.rifsxd.ksunext/.FlashModule com.rifsxd.ksunext/.ui.MainActivity com.rifsxd.ksunext/androidx.core.content.FileProvider com.rifsxd.ksunext/androidx.profileinstaller.ProfileInstallReceiver com.rifsxd.ksunext/androidx.startup.InitializationProvider 
== metamodule releases backslashxx/mountify: 204 Latest 204 2026-08-25T05:14:18Z;203  203 2026-06-25T15:03:16Z;202  202 2026-06-23T03:45:32Z;
== metamodule candidate backslashxx/mountify mountify.zip: id=mountify version=v2.0.4 versionCode=204 metamodule=true 
== metamodule repo (given): backslashxx/mountify
== metamodule zip: mountify.zip sha256 dde361c444f6990b759890720487785402a391a61cf6530f960deb98e5ef864d
== metamodule module.prop: id=mountify name=mountify version=v2.0.4 versionCode=204 author=xx, KOWX712 metamodule=true description=Globally mounted modules via OverlayFS. updateJson=https://raw.githubusercontent.com/backslashxx/mountify/master/update.json 
/tmp/tmp.k1N9avPBl5/rel/mountify.zip: 1 file pushed, 0 skipped. 370.3 MB/s (554873 bytes in 0.001s)
== install mountify.zip
[H[J[|]
[H[J[\]
[H[J[+] mountify
[+] SysReq test
[+] CONFIG_OVERLAY_FS
[+] overlay found in /proc/filesystems
[+] CONFIG_TMPFS_XATTR
[+] tmpfs extended attribute test passed
[!] using fresh config.sh
[+] moving modules.txt
[+] moving whiteouts.txt
[+] mountify will be installed in metamodule mode!
- Done
- Creating metamodule symlink
- Module installed successfully!
== soft-reboot: 
== after soft-reboot (40s): [
  {
    "update": "false",
    "description": "Observation module for devicelab. Its WebUI page is driven over DevTools.",
    "name": "devicelab probe",
    "author": "p0g-stack",
    "remove": "false",
    "web": "true",
    "enabled": "true",
    "version": "1",
    "id": "devicelab_probe",
    "versionCode": "1",
    "action": "false",
    "mount": "false"
  },
  {
    "web": "true",
    "remove": "false",
    "action": "true",
    "mount": "false",
    "author": "xx, KOWX712",
    "name": "mountify",
    "id": "mountify",
    "enabled": "true",
    "update": "false",
    "versionCode": "204",
    "description": "mode: auto 🤖 | fstype: tmpfs 🦾 | no modules mounted",
    "version": "v2.0.4",
    "updateJson": "https://raw.githubusercontent.com/backslashxx/mountify/master/update.json",
    "metamodule": "true"
  }
]
total 32
drwxrwxrwx 4 root root 4096 2026-10-02 02:02 .
drwx------ 6 root root 4096 2026-10-02 02:02 ..
drwxr-xr-x 3 root root 4096 2026-10-02 02:01 devicelab_probe
drwxr-xr-x 5 root root 4096 2026-10-02 02:02 mountify
== metamodule active: lrwxrwxrwx 1 root root 26 2026-10-02 02:02 /data/adb/metamodule -> /data/adb/modules/mountify id=mountify name=mountify version=v2.0.4 versionCode=204 author=xx, KOWX712 metamodule=true description=mode: auto 🤖 | fstype: tmpfs 🦾 | no modules mounted updateJson=https://raw.githubusercontent.com/backslashxx/mountify/master/update.json 
inputs/modules/flutter_webui_counter-0.1.5.zip: 1 file pushed, 0 skipped. 255.8 MB/s (21434766 bytes in 0.080s)
== install flutter_webui_counter-0.1.5.zip
  inflating: webroot/fonts/notocoloremoji/v32/Yq6P-KqIXTD0t4D9z1ESnKM3-HpFabsE4tq3luCC7p-aXxcn.3.woff2
  inflating: webroot/fonts/notocoloremoji/v32/Yq6P-KqIXTD0t4D9z1ESnKM3-HpFabsE4tq3luCC7p-aXxcn.8.woff2
  inflating: webroot/fonts/notocoloremoji/v32/Yq6P-KqIXTD0t4D9z1ESnKM3-HpFabsE4tq3luCC7p-aXxcn.2.woff2
   creating: webroot/fonts/notosansmath/
   creating: webroot/fonts/notosansmath/v15/
  inflating: webroot/fonts/notosansmath/v15/7Aump_cpkSecTWaHRlH2hyV5UHkD-V048PW0.woff2
   creating: webroot/fonts/roboto/
   creating: webroot/fonts/roboto/v32/
  inflating: webroot/fonts/roboto/v32/KFOmCnqEu92Fr1Me4GZLCzYlKw.woff2
  inflating: webroot/.last_build_id
  inflating: webroot/config.json
  inflating: webroot/flutter_webui.js
  inflating: customize.sh
- Done
- Module installed successfully!
inputs/modules/counter-v1.0.0.zip: 1 file pushed, 0 skipped. 387.1 MB/s (6582359 bytes in 0.016s)
== install counter-v1.0.0.zip
  inflating: webroot/canvaskit/chromium/canvaskit.wasm
  inflating: webroot/config.json
  inflating: webroot/favicon.png
  inflating: webroot/flutter.js
  inflating: webroot/flutter_bootstrap.js
  inflating: webroot/icons/Icon-192.png
  inflating: webroot/icons/Icon-512.png
  inflating: webroot/icons/Icon-maskable-192.png
  inflating: webroot/icons/Icon-maskable-512.png
  inflating: webroot/index.html
  inflating: webroot/main.dart.js
  inflating: webroot/manifest.json
  inflating: webroot/version.json
- Done
- Module installed successfully!
inputs/modules/demo.zip: 1 file pushed, 0 skipped. 327.5 MB/s (28109334 bytes in 0.082s)
== install demo.zip
  inflating: webroot/main.dart.js
  inflating: webroot/manifest.json
  inflating: webroot/pkg/.gitignore
  inflating: webroot/pkg/demo_native.js
  inflating: webroot/pkg/demo_native_bg.wasm
  inflating: webroot/pkg/package.json
  inflating: webroot/version.json
  inflating: webroot/workers/demo_service.web.g.dart.js
  inflating: webroot/workers/hello_service.web.g.dart.js
  inflating: webui_app_plane/arm64-v8a/webui_termux_api.aot
  inflating: webui_app_plane/termux-api
  inflating: webui_app_plane/x86_64/webui_termux_api.aot
- Done
- Handle partition /product
- Module installed successfully!
/home/runner/work/devicelab/devicelab/envdump.zip: 1 file pushed, 0 skipped. 20.0 MB/s (1766 bytes in 0.000s)
== install envdump.zip
 devicelab envdump 
 by p0g-stack 
*******************
**************************
 Powered by KernelSU-Next 
**************************
Archive:  /data/local/tmp/m.zip
  inflating: customize.sh
- Extracting module files
Archive:  /data/local/tmp/m.zip
  inflating: module.prop
  inflating: customize.sh
- devicelab envdump: written /data/local/tmp/customize-env.txt
- Done
- Module installed successfully!
== soft-reboot: 
== after soft-reboot (40s): [
  {
    "version": "1",
    "author": "p0g-stack",
    "web": "true",
    "action": "false",
    "description": "Observation module for devicelab. Its WebUI page is driven over DevTools.",
    "versionCode": "1",
    "enabled": "true",
    "update": "false",
    "remove": "false",
    "id": "devicelab_probe",
    "mount": "false",
    "name": "devicelab probe"
  },
  {
    "action": "true",
    "mount": "false",
    "metamodule": "true",
    "id": "mountify",
    "version": "v2.0.4",
    "updateJson": "https://raw.githubusercontent.com/backslashxx/mountify/master/update.json",
    "description": "mode: auto 🤖 | fstype: tmpfs 🦾 | modules: demo  ",
    "versionCode": "204",
    "author": "xx, KOWX712",
    "enabled": "true",
    "update": "false",
    "remove": "false",
    "web": "true",
    "name": "mountify"
  },
  {
    "author": "p0g-stack",
    "web": "true",
    "description": "Stock Flutter counter app on flutter-webui (devicelab bring-up build).",
    "version": "0.1.5",
    "versionCode": "6",
    "action": "false",
    "mount": "false",
    "enabled": "true",
    "id": "flutter_webui_counter",
    "update": "false",
    "remove": "false",
    "name": "flutter-webui Counter"
  },
  {
    "version": "v1.0.0",
    "enabled": "true",
    "author": "Yuv",
    "remove": "false",
    "action": "false",
    "description": "A new Flutter project.",
    "versionCode": "1",
    "web": "true",
    "name": "Counter",
    "id": "counter",
    "update": "false",
    "mount"
total 64
drwxrwxrwx 8 root root 4096 2026-10-02 02:03 .
drwx------ 6 root root 4096 2026-10-02 02:02 ..
drwxr-xr-x 3 root root 4096 2026-10-02 02:03 counter
drwxr-xr-x 7 root root 4096 2026-10-02 02:03 demo
drwxr-xr-x 2 root root 4096 2026-10-02 02:03 devicelab_envdump
drwxr-xr-x 3 root root 4096 2026-10-02 02:01 devicelab_probe
drwxr-xr-x 4 root root 4096 2026-10-02 02:03 flutter_webui_counter
drwxr-xr-x 5 root root 4096 2026-10-02 02:03 mountify
/home/runner/work/devicelab/devicelab/out/labserver: 1 file pushed, 0 skipped. 234.5 MB/s (7843260 bytes in 0.032s)
Starting: Intent { cmp=com.rifsxd.ksunext/.ui.webui.WebUIActivity (has extras) }
Status: ok
Activity: com.rifsxd.ksunext/.ui.webui.WebUIActivity
https://mui.kernelsu.org/index.html
opened: intent
{"check":"targets","result":[{"socket": "webview_devtools_remote_11161", "type": "page", "url": "https://mui.kernelsu.org/index.html", "title": "devicelab probe"}]}
{"check":"globals","result":{"url":"https://mui.kernelsu.org/index.html","socket":"webview_devtools_remote_11161","value":{"ua":"Mozilla/5.0 (Linux; Android 15; sdk_gphone64_x86_64 Build/AE3A.240806.043; wv) AppleWebKit/537.36 (KHTML, like Gecko) Version/4.0 Chrome/124.0.6367.219 Mobile Safari/537.36","origin":"https://mui.kernelsu.org","href":"https://mui.kernelsu.org/index.html","globals":["ksu"],"ksu":["cacheAllPackageIcons","copyFile","createShortcut","enableInsets","exec","fileOutputStream","fullScreen","getPackagesIcons","getPackagesInfo","listFile","listPackages","moduleInfo","moveFile","readFile","removeFile","spawn","toast","writeFile","cacheAllPackageIcons","copyFile","createShortcut","enableInsets","exec","fileOutputStream","fullScreen","getPackagesIcons","getPackagesInfo","listFile","listPackages","moduleInfo","moveFile","readFile","removeFile","spawn","toast","writeFile"]}}}
{"check":"ksu-exec","result":{"url":"https://mui.kernelsu.org/index.html","socket":"webview_devtools_remote_11161","value":{"code":0,"out":"uid=0(root) gid=0(root) groups=0(root) context=u:r:ksu:s0\nu:r:ksu:s0\u0000","err":""}}}
{"check":"ws-loopback","result":{"url":"https://mui.kernelsu.org/index.html","socket":"webview_devtools_remote_11161","value":{"got":["{\"origin\":\"https://mui.kernelsu.org\",\"peerUid\":10209,\"remote\":\"127.0.0.1:44926\",\"serverUid\":0,\"t\":1790906635559,\"uidSource\":\"/proc/net/tcp\"}","hi"],"ms":34}}}
{"check":"fetch-loopback","result":{"url":"https://mui.kernelsu.org/index.html","socket":"webview_devtools_remote_11161","value":{"origin":"https://mui.kernelsu.org","peerUid":10209,"remote":"127.0.0.1:44930","serverUid":0,"t":1790906635696,"uidSource":"/proc/net/tcp"}}}
{"check":"webview-uid","result":["webview_zygote 1053 webview_zygote", "u0_a209      10209 com.rifsxd.ksunext", "u0_a152      10152 com.google.android.webview:webview_service", "u0_i9000     99000 com.google.android.webview:sandboxed_process0:org.chromium.content.app.SandboxedProcessService0:0", "u0_a152      10152 com.google.android.webview:webview_apk"]}
{"check":"while-home-heartbeat","result":{"url":"https://mui.kernelsu.org/index.html","socket":"webview_devtools_remote_11161","value":{"now":11097,"vis":"hidden"}}}
{"check":"lifecycle","result":{"url":"https://mui.kernelsu.org/index.html","socket":"webview_devtools_remote_11161","value":{"events":[{"type":"pageshow","t":336,"vis":"visible"},{"type":"visibilitychange","t":5402,"vis":"hidden"},{"type":"visibilitychange","t":13398,"vis":"visible"}],"gaps":[{"from":5317,"ms":1069,"vis":"hidden"},{"from":8386,"ms":1000,"vis":"hidden"},{"from":11386,"ms":1000,"vis":"hidden"},{"from":12387,"ms":1001,"vis":"hidden"}],"slow":{"heldMs":3002,"sentAt":1790906638876,"resolvedAt":1790906638879,"vis":"hidden"}}}}
{"check":"dev-url","result":{"url":"http://127.0.0.1:8090/index.html","socket":"webview_devtools_remote_11161","value":{"href":"http://127.0.0.1:8090/index.html","ksu":"object","webui":"undefined","globals":["ksu"],"exec":{"code":0,"out":"uid=0(root) gid=0(root) groups=0(root) context=u:r:ksu:s0","err":""}}}}
Starting: Intent { cmp=com.rifsxd.ksunext/.ui.webui.WebUIActivity (has extras) }
Status: ok
Activity: com.rifsxd.ksunext/.ui.webui.WebUIActivity
https://mui.kernelsu.org/index.html
opened: intent
{"check":"targets","result":[{"type": "page", "url": "https://mui.kernelsu.org/index.html", "title": "Flutter Demo"}]}
{"check":"page","result":{"url":"https://mui.kernelsu.org/index.html","socket":"webview_devtools_remote_11462","value":{"href":"https://mui.kernelsu.org/index.html","title":"Flutter Demo","ready":"complete","flutter":true,"glass":true,"nav":{"dcl":333,"load":847},"paint":{"first-paint":1278,"first-contentful-paint":2170},"glassAt":"present","firstFrame":null,"insets":"24px","vv":[320,640,1]}}}
{"check":"java-exceptions","result":["10-02 02:04:14.335  9577 11458 E OneSearchSuggestProvider: io.grpc.StatusRuntimeException: UNIMPLEMENTED: bindService(Intent { act=grpc.io.action.BIND cmp=com.google.android.googlequicksearchbox/com.google.android.apps.search.googleapp.search.suggest.plugins.onesearch.server.OneSearchSuggestService }) returned false", "10-02 02:04:14.335  9577 11458 E OneSearchSuggestProvider: \tat k3.e.a(go/retraceme 31f9979659277bb965985aff1272c33e3c3c9e755b77166d20a2465454178f2c:77)", "10-02 02:04:14.335  9577 11458 E OneSearchSuggestProvider: \tat i3.l.b(go/retraceme 31f9979659277bb965985aff1272c33e3c3c9e755b77166d20a2465454178f2c:43)", "10-02 02:04:14.335  9577 11458 E OneSearchSuggestProvider: \tat i3.l.a(go/retraceme 31f9979659277bb965985aff1272c33e3c3c9e755b77166d20a2465454178f2c:27)", "10-02 02:04:14.335  9577 11458 E OneSearchSuggestProvider: \tat i3.z.run(go/retraceme 31f9979659277bb965985aff1272c33e3c3c9e755b77166d20a2465454178f2c:7)", "10-02 02:04:14.335  9577 11458 E OneSearchSuggestProvider: \tat i3.m2.run(go/retraceme 31f9979659277bb965985aff1272c33e3c3c9e755b77166d20a2465454178f2c:19)", "10-02 02:04:14.335  9577 11458 E OneSearchSuggestProvider: \tat java.util.concurrent.ThreadPoolExecutor.runWorker(ThreadPoolExecutor.java:1145)", "10-02 02:04:14.335  9577 11458 E OneSearchSuggestProvider: \tat java.util.concurrent.ThreadPoolExecutor$Worker.run(ThreadPoolExecutor.java:644)", "10-02 02:04:14.335  9577 11458 E OneSearchSuggestProvider: \tat java.lang.Thread.run(Thread.java:1012)", "10-02 02:04:14.335  9120  9149 V WindowManagerShell: onTransitionReady (#8) android.os.BinderProxy@7489e84: {id=8 t=CLOSE f=0x0 trk=0 r=[0@Point(0, 0)] c=[{WCT{android.window.IWindowContainerToken$Stub$Proxy@b1026ee} m=TO_FRONT f=SHOW_WALLPAPER|MOVE_TO_TOP leash=Surface(name=Task=1)/@0x78882a2 sb=Rect(0, 0 - 320, 640) eb=Rect(0, 0 - 320, 640) d=0 taskParent=-1},{WCT{android.window.IWindowContainerToken$Stub$Proxy@bd1478f} m=CLOSE f=NONE leash=Surface(name=Task=10)/@0x8392b33 sb=Rect(0, 0 - 320, 640) eb=Rect(0, 0 - 320, 640) d=0 taskParent=-1},{null m=TO_FRONT f=IS_WALLPAPER leash=Surface(name=WallpaperWindowToken{98d7dae token=android.os.Binder@a66f629})/@0x7f31ef0 sb=Rect(0, 0 - 320, 640) eb=Rect(0, 0 - 320, 640) d=0}]}", "10-02 02:04:14.335  9120  9149 V WindowManagerShell: Playing animation for (#8) android.os.BinderProxy@7489e84@0", "10-02 02:04:14.335  9120  9149 V WindowManagerShell:  try handler com.android.wm.shell.transition.DefaultMixedHandler@6469f5", "10-02 02:04:14.335  9120  9149 V WindowManagerShell:  try handler com.android.wm.shell.keyguard.KeyguardTransitionHandler@b87f38a", "--", "10-02 02:04:14.538  8882 11108 W WindowManager: Exception thrown during dispatchAppVisibility Window{310ffd6 u0 com.rifsxd.ksunext/com.rifsxd.ksunext.ui.webui.WebUIActivity EXITING}", "10-02 02:04:14.538  8882 11108 W WindowManager: android.os.DeadObjectException", "10-02 02:04:14.538  8882 11108 W WindowManager: \tat android.os.BinderProxy.transactNative(Native Method)", "10-02 02:04:14.538  8882 11108 W WindowManager: \tat android.os.BinderProxy.transact(BinderProxy.java:586)", "10-02 02:04:14.538  8882 11108 W WindowManager: \tat android.view.IWindow$Stub$Proxy.dispatchAppVisibility(IWindow.java:553)", "10-02 02:04:14.538  8882 11108 W WindowManager: \tat com.android.server.wm.WindowState.sendAppVisibilityToClients(WindowState.java:3253)", "10-02 02:04:14.538  8882 11108 W WindowManager: \tat com.android.server.wm.WindowContainer.sendAppVisibilityToClients(WindowContainer.java:1289)", "10-02 02:04:14.538  8882 11108 W WindowManager: \tat com.android.server.wm.WindowToken.setClientVisible(WindowToken.java:403)", "10-02 02:04:14.538  8882 11108 W WindowManager: \tat com.android.server.wm.ActivityRecord.setClientVisible(ActivityRecord.java:7166)", "10-02 02:04:14.538  8882 11108 W WindowManager: \tat com.android.server.wm.ActivityRecord.postApplyAnimation(ActivityRecord.java:5881)", "10-02 02:04:14.538  8882 11108 W WindowManager: \tat com.android.server.wm.ActivityRecord.commitVisibility(ActivityRecord.java:5823)", "10-02 02:04:14.538  8882 11108 W WindowManager: \tat com.android.server.wm.Transition.finishTransition(Transition.java:1286)", "10-02 02:04:14.538  8882 11108 W WindowManager: \tat com.android.server.wm.TransitionController.finishTransition(TransitionController.java:937)", "10-02 02:04:14.538  8882 11108 W WindowManager: \tat com.android.server.wm.WindowOrganizerController.finishTransition(WindowOrganizerController.java:494)", "--", "10-02 02:04:15.761 11462 11497 E SuFilePathHandler: java.io.FileNotFoundException: No such file or directory: /data/adb/modules/flutter_webui_counter/webroot/favicon.ico", "10-02 02:04:15.761 11462 11497 E SuFilePathHandler: \tat r8.f.a(r8-map-id-711a9e1fe37a5a3d329dda399a83172f9d848bb8ab697f7cabb76790b2f728d1:147)", "10-02 02:04:15.761 11462 11497 E SuFilePathHandler: \tat p8.i.shouldInterceptRequest(r8-map-id-711a9e1fe37a5a3d329dda399a83172f9d848bb8ab697f7cabb76790b2f728d1:2520)", "10-02 02:04:16.258 11462 11477 D EGL_emulation: app_time_stats: avg=227.99ms min=15.38ms max=1034.68ms count=5", "10-02 02:04:16.428 11586 11586 W BpBinder: Linking to death on android.gui.ISurfaceComposer but there are no threads (yet?) listening to incoming transactions. See ProcessState::startThreadPool and ProcessState::setThreadPoolMaxThreadCount. Generally you should setup the binder threadpool before other initialization steps.", "10-02 02:04:16.428 11586 11586 W ProcessState: Extra binder thread started, but 0 threads requested. Do not use *startThreadPool when zero threads are requested.", "10-02 02:04:16.590     0     0 I servicemanager: Caller(pid=11586,uid=0,sid=u:r:su:s0) Could not find android.hardware.graphics.allocator.IAllocator/default in the VINTF manifest. No alternative instances declared in VINTF.", "10-02 02:04:16.437   171   171 I hwservicemanager: getTransport: Cannot find entry android.hardware.graphics.mapper@4.0::IMapper/default in either framework or device VINTF manifest.", "10-02 02:04:16.437 11586 11587 I Gralloc4: mapper 4.x is not supported", "10-02 02:04:16.787  9334  9334 D BoundBrokerSvc: onUnbind: Intent { act=com.google.android.gms.clearcut.service.START dat=chimera-action:/... cmp=com.google.android.gms/.chimera.PersistentDirectBootAwareApiService }", "10-02 02:04:18.366  8882  9740 E TaskPersister: File error accessing recents directory (directory doesn't exist?)."]}
{"check":"console-errors","result":["--------- beginning of main", "10-02 02:04:14.710 11462 11488 E chromium: [1002/020414.710538:ERROR:variations_seed_loader.cc(37)] Seed missing signature.", "10-02 02:04:14.710 11462 11488 I chromium: [1002/020414.710885:INFO:variations_seed_loader.cc(66)] Failed to open file for reading.: No such file or directory (2)", "10-02 02:04:14.779 11462 11499 W chromium: [WARNING:dns_config_service_android.cc(81)] Failed to read DnsConfig.", "10-02 02:04:14.938 11492 11517 W chromium: [WARNING:runtime_features.cc(694)] SharedStorage for M118+ cannot be enabled in this configuration. Use --enable-features=SharedStorageAPI,SharedStorageAPIM118 in addition.", "10-02 02:04:14.938 11492 11517 W chromium: [WARNING:runtime_features.cc(730)] AttributionReportingCrossAppWeb cannot be enabled in this configuration. Use --enable-features=ConversionMeasurement,AttributionReportingCrossAppWeb in addition.", "10-02 02:04:15.173 11492 11517 I chromium: [INFO:viewport_data.cc(133)] E2E_Used ViewportFitCover", "10-02 02:04:15.310 11462 11462 I chromium: [INFO:CONSOLE(3)] \"Injecting <script> tag. Using callback.\", source: https://mui.kernelsu.org/flutter_bootstrap.js (3)"]}
{"check":"first-frame-warm","result":{"url":"https://mui.kernelsu.org/index.html","socket":"webview_devtools_remote_11462","value":{"firstFrameMs":449,"now":15054,"flutter":true,"resizes":[],"paint":{"first-paint":984,"first-contentful-paint":984},"calls":[[40,"at-preload","ksu:undefined webui:undefined"],[45,"ksu-defined"],[69,"wrap-failed","exec"],[73,"wrap-failed","spawn"],[73,"wrap-failed","moduleInfo"],[76,"wrap-failed","fullScreen"],[76,"wrap-failed","toast"]],"resources":[["/internal/insets.css",34,77,"link",0],["/flutter_webui.css",34,93,"link",0],["/flutter_webui.js",35,102,"script",0],["/flutter_bootstrap.js",35,94,"script",0],["/canvaskit/chromium/canvaskit.wasm",139,191,"fetch",0],["/canvaskit/chromium/canvaskit.js",139,166,"other",0],["/main.dart.js",140,180,"script",0],["/assets/FontManifest.json",366,379,"fetch",0],["/favicon.ico",369,375,"other",0],["/assets/fonts/MaterialIcons-Regular.otf",380,398,"fetch",0],["/assets/packages/cupertino_icons/assets/CupertinoIcons.ttf",381,398,"fetch",0],["/assets/fonts/fallback/Roboto-Regular.ttf",381,402,"fetch",0]],"marks":[["flutter_webui:register",404],["flutter_webui:registered",405],["flutter_webui:first-frame",449]],"measures":[],"fonts":[]}}}
{"check":"root-start","result":{"url":"https://mui.kernelsu.org/index.html","socket":"webview_devtools_remote_11462","value":{"code":0,"out":"","err":"","ms":118}}}
{"check":"session","result":{"url":"https://mui.kernelsu.org/index.html","socket":"webview_devtools_remote_11462","value":{"status":200,"ms":23,"protocol":1,"version":"0.1.0","port":34903,"pid":11693,"tokenLen":43}}}
{"check":"ws-hello","result":{"url":"https://mui.kernelsu.org/index.html","socket":"webview_devtools_remote_11462","value":{"first":"{\"op\":\"hello\",\"protocol\":1,\"version\":\"0.1.0\",\"pid\":11693,\"boot\":\"db825d04-7577-4966-b3ba-58a4935781be\",\"uid\":0,\"moduleDir\":\"/data/adb/modules/flutter_webui_counter\"}"}}}
{"check":"channel-process","result":"USER           UID LABEL                            PID NAME                       \nroot             0 u:r:ksu:s0                     11693 ld-linux-x86-64.so.2\nexe=/data/adb/modules/flutter_webui_counter/flutter_webui/x86_64/ld-linux-x86-64.so.2\n/data/adb/modules/flutter_webui_counter/flutter_webui/x86_64/ld-linux-x86-64.so.2 --library-path /data/adb/modules/flutter_webui_counter/flutter_webui/x86_64 /data/adb/modules/flutter_webui_counter/flutter_webui/x86_64/dartaotruntime /data/adb/modules/flutter_webui_counter/flutter_webui/x86_64/flutter_webui_root.aot serve --module-dir /data/adb/modules/flutter_webui_counter \narm64-v8a\nroot\nx86_64\n/data/adb/modules/flutter_webui_counter/flutter_webui/arm64-v8a:\ndartaotruntime\nflutter_webui_root.aot\nld-linux-aarch64.so.1\nlibc.so.6\nlibdl.so.2\nlibm.so.6\nlibpthread.so.0\n\n/data/adb/modules/flutter_webui_counter/flutter_webui/x86_64:\ndartaotruntime\nflutter_webui_root.aot\nld-linux-x86-64.so.2\nlibc.so.6\nlibdl.so.2\nlibm.so.6\nlibpthread.so.0"}
{"check":"root-log","result":"2026-10-02T02:04:47.878464 listening on 127.0.0.1:34903"}
{"check":"session-mode","result":"total 44\ndrwx--x--x 3 root root 4096 2026-10-02 02:04 .\ndrwxr-xr-x 7 root root 4096 2026-10-02 02:04 ..\n-rw------- 1 root root    0 2026-10-02 02:04 lock\ndrwx------ 2 root root 4096 2026-10-02 02:04 proc\n-rw------- 1 root root   56 2026-10-02 02:04 root.log\n-rw-r--r-- 1 root root  197 2026-10-02 02:04 session.json"}
{"check":"home-resume","result":{"url":"https://mui.kernelsu.org/index.html","socket":"webview_devtools_remote_11462","value":{"events":[["visibilitychange","hidden",16509],["visibilitychange","visible",23209]],"ticks":21,"vis":"visible","hasFocus":false}}}
{"check":"before-back","result":{"url":"https://mui.kernelsu.org/index.html","socket":"webview_devtools_remote_11462","value":{"historyLength":2,"historyState":"{\"flutter\":true}","href":"https://mui.kernelsu.org/index.html","typeofWebui":"undefined","typeofWebuiExit":"undefined","typeofKsuExit":"undefined","webuiKeys":null,"wrapped":"no webui.exit"}}}
{"check":"back-events","result":{"error":"no page target","sockets":["webview_devtools_remote_11462"],"targets":[]}}
{"check":"back-console","result":["10-02 02:04:59.478 11462 11462 E chromium: [ERROR:aw_browser_terminator.cc(154)] Renderer process (11492) crash detected (code -1).", "10-02 02:04:59.481  8882  9743 I ActivityManager: Killing 11492:com.google.android.webview:sandboxed_process0:org.chromium.content.app.SandboxedProcessService0:0/u0a209i1 (adj 0): isolated not needed"]}
{"check":"back-at-root","result":"topResumedActivity=ActivityRecord{ff60a73 u0 com.google.android.apps.nexuslauncher/.NexusLauncherActivity t9}"}
Starting: Intent { cmp=com.rifsxd.ksunext/.ui.webui.WebUIActivity (has extras) }
Status: ok
Activity: com.rifsxd.ksunext/.ui.webui.WebUIActivity
https://mui.kernelsu.org/index.html
opened: intent
{"check":"targets","result":[{"type": "page", "url": "https://mui.kernelsu.org/index.html", "title": "Flutter Demo"}]}
{"check":"page","result":{"url":"https://mui.kernelsu.org/index.html","socket":"webview_devtools_remote_11813","value":{"href":"https://mui.kernelsu.org/index.html","title":"Flutter Demo","ready":"complete","flutter":true,"glass":true,"nav":{"dcl":242,"load":816},"paint":{"first-paint":1842,"first-contentful-paint":1842},"glassAt":"present","firstFrame":null,"insets":null,"vv":[320,592,1]}}}
{"check":"java-exceptions","result":["10-02 02:05:03.454  9334  9391 I ChimeraSrvcProxy: NullBinder for android.net.action.RECOMMEND_NETWORKS triggering remote TransactionTooLargeException due to Service without Chimera impl", "10-02 02:05:03.454  9334  9391 W .gms.persistent: Large reply transaction of 1056768 bytes, interface descriptor , code 1", "10-02 02:05:03.455  9707 10147 I BugleRcsEngine: handleMessage processing message:[NOTIFY_UPTIME_IGNORE_STATE_CHANGED] with [non-null]:RcsEngineImpl reference [CONTEXT log_prefix=\"RcsEngineImpl[DUAL_REG]:[0ea0a440-57af]>Handler\" thread_id=66 ]", "10-02 02:05:03.460 11837 11902 I KsuService: getPackages: 243", "10-02 02:05:03.486  8882  9740 E TaskPersister: File error accessing recents directory (directory doesn't exist?).", "10-02 02:05:03.560  9856 10988 D TrafficStats: tagSocket(84) with statsTag=0x30001803, statsUid=-1", "10-02 02:05:03.660  9856 11024 I ChimeraPrvdrProxy: Shutting down chimera ContentProvider com.google.android.gms.reminders.provider.RemindersChimeraProvider", "10-02 02:05:03.692  9334  9391 I FontLog : Received query Noto Color Emoji Compat, URI content://com.google.android.gms.fonts [CONTEXT service_id=132 ]", "10-02 02:05:03.693  9334  9391 I FontLog : Query [emojicompat-emoji-font] resolved to {Noto Color Emoji Compat, wdth 100.0, wght 400, ital 0.0, bestEffort false} [CONTEXT service_id=132 ]", "10-02 02:05:03.695  9334  9391 I FontLog : Fetch {Noto Color Emoji Compat, wdth 100.0, wght 400, ital 0.0, bestEffort false} end status Status{statusCode=SUCCESS, resolution=null} [CONTEXT service_id=132 ]", "10-02 02:05:03.696  9334  9348 I FontLog : Pulling font file for id = 21, cache size = 10 [CONTEXT service_id=132 ]"]}
{"check":"console-errors","result":["--------- beginning of main", "10-02 02:05:02.974 11813 11840 E chromium: [1002/020502.974313:ERROR:variations_seed_loader.cc(37)] Seed missing signature.", "10-02 02:05:02.974 11813 11840 I chromium: [1002/020502.974740:INFO:variations_seed_loader.cc(66)] Failed to open file for reading.: No such file or directory (2)", "10-02 02:05:03.042 11813 11849 W chromium: [WARNING:dns_config_service_android.cc(81)] Failed to read DnsConfig.", "10-02 02:05:03.199 11844 11872 W chromium: [WARNING:runtime_features.cc(694)] SharedStorage for M118+ cannot be enabled in this configuration. Use --enable-features=SharedStorageAPI,SharedStorageAPIM118 in addition.", "10-02 02:05:03.199 11844 11872 W chromium: [WARNING:runtime_features.cc(730)] AttributionReportingCrossAppWeb cannot be enabled in this configuration. Use --enable-features=ConversionMeasurement,AttributionReportingCrossAppWeb in addition.", "10-02 02:05:03.519 11813 11813 I chromium: [INFO:CONSOLE(1)] \"Injecting <script> tag. Using callback.\", source: https://mui.kernelsu.org/flutter_bootstrap.js (1)"]}
{"check":"first-frame-warm","result":{"url":"https://mui.kernelsu.org/index.html","socket":"webview_devtools_remote_11813","value":{"firstFrameMs":405,"now":15052,"flutter":true,"resizes":[],"paint":{"first-paint":861,"first-contentful-paint":861},"calls":[[33,"at-preload","ksu:undefined webui:undefined"],[36,"ksu-defined"],[55,"wrap-failed","exec"],[56,"wrap-failed","spawn"],[57,"wrap-failed","moduleInfo"],[57,"wrap-failed","fullScreen"],[58,"wrap-failed","toast"]],"resources":[["/flutter_bootstrap.js",30,61,"script",0],["/canvaskit/chromium/canvaskit.wasm",100,163,"fetch",0],["/canvaskit/chromium/canvaskit.js",100,121,"other",0],["/main.dart.js",101,147,"script",0],["/assets/FontManifest.json",325,340,"fetch",0],["/favicon.png",328,341,"other",0],["/assets/fonts/MaterialIcons-Regular.otf",340,353,"fetch",0],["/assets/packages/cupertino_icons/assets/CupertinoIcons.ttf",341,354,"fetch",0],["/assets/fonts/fallback/Roboto-Regular.ttf",341,356,"fetch",0],["/favicon.png",797,838,"other",0]],"marks":[],"measures":[],"fonts":[]}}}
Starting: Intent { cmp=com.rifsxd.ksunext/.ui.webui.WebUIActivity (has extras) }
Status: ok
Activity: com.rifsxd.ksunext/.ui.webui.WebUIActivity
https://mui.kernelsu.org/index.html
opened: intent
{"check":"targets","result":[{"type": "page", "url": "https://mui.kernelsu.org/index.html", "title": "Demo"}]}
{"check":"page","result":{"url":"https://mui.kernelsu.org/index.html","socket":"webview_devtools_remote_12028","value":{"href":"https://mui.kernelsu.org/index.html","title":"Demo","ready":"complete","flutter":true,"glass":true,"nav":{"dcl":271,"load":913},"paint":{"first-paint":1337,"first-contentful-paint":2296},"glassAt":"present","firstFrame":null,"insets":"24px","vv":[320,640,1]}}}
{"check":"java-exceptions","result":["--", "10-02 02:05:37.456 12028 12062 E SuFilePathHandler: java.io.FileNotFoundException: No such file or directory: /data/adb/modules/demo/webroot/favicon.ico", "10-02 02:05:37.456 12028 12062 E SuFilePathHandler: \tat r8.f.a(r8-map-id-711a9e1fe37a5a3d329dda399a83172f9d848bb8ab697f7cabb76790b2f728d1:147)", "10-02 02:05:37.456 12028 12062 E SuFilePathHandler: \tat p8.i.shouldInterceptRequest(r8-map-id-711a9e1fe37a5a3d329dda399a83172f9d848bb8ab697f7cabb76790b2f728d1:2520)", "10-02 02:05:37.452 12028 12028 W ThreadPoolForeg: type=1400 audit(0.0:266): avc:  denied  { getattr } for  path=\"/data/adb\" dev=\"dm-46\" ino=319489 scontext=u:r:untrusted_app:s0:c209,c256,c512,c768 tcontext=u:object_r:adb_data_file:s0 tclass=dir permissive=0 app=com.rifsxd.ksunext", "10-02 02:05:37.452 12028 12028 W ThreadPoolForeg: type=1400 audit(0.0:267): avc:  denied  { getattr } for  path=\"/data/adb\" dev=\"dm-46\" ino=319489 scontext=u:r:untrusted_app:s0:c209,c256,c512,c768 tcontext=u:object_r:adb_data_file:s0 tclass=dir permissive=0 app=com.rifsxd.ksunext", "10-02 02:05:37.464 12028 12028 W ThreadPoolForeg: type=1400 audit(0.0:268): avc:  denied  { getattr } for  path=\"/data/adb\" dev=\"dm-46\" ino=319489 scontext=u:r:untrusted_app:s0:c209,c256,c512,c768 tcontext=u:object_r:adb_data_file:s0 tclass=dir permissive=0 app=com.rifsxd.ksunext", "10-02 02:05:37.953 12028 12042 D EGL_emulation: app_time_stats: avg=245.61ms min=11.92ms max=1145.49ms count=5", "10-02 02:05:38.130 12153 12153 W BpBinder: Linking to death on android.gui.ISurfaceComposer but there are no threads (yet?) listening to incoming transactions. See ProcessState::startThreadPool and ProcessState::setThreadPoolMaxThreadCount. Generally you should setup the binder threadpool before other initialization steps.", "10-02 02:05:38.130 12153 12153 W ProcessState: Extra binder thread started, but 0 threads requested. Do not use *startThreadPool when zero threads are requested.", "10-02 02:05:38.147   171   171 I hwservicemanager: getTransport: Cannot find entry android.hardware.graphics.mapper@4.0::IMapper/default in either framework or device VINTF manifest.", "10-02 02:05:38.147 12153 12154 I Gralloc4: mapper 4.x is not supported", "--", "10-02 02:05:39.502  9334  9775 I ChimeraSrvcProxy: NullBinder for android.net.action.RECOMMEND_NETWORKS triggering remote TransactionTooLargeException due to Service without Chimera impl", "10-02 02:05:39.502  9334  9775 W .gms.persistent: Large reply transaction of 1056768 bytes, interface descriptor , code 1", "10-02 02:05:39.503  9707 10147 I BugleRcsEngine: handleMessage processing message:[NOTIFY_UPTIME_IGNORE_STATE_CHANGED] with [non-null]:RcsEngineImpl reference [CONTEXT log_prefix=\"RcsEngineImpl[DUAL_REG]:[0ea0a440-57af]>Handler\" thread_id=66 ]", "10-02 02:05:39.503  9707  9822 I BugleRcsEngine: Connected state: [1], networkType: [WIFI] [CONTEXT thread_id=58 ]", "10-02 02:05:39.978  8882  9740 E TaskPersister: File error accessing recents directory (directory doesn't exist?).", "10-02 02:05:40.241  9862  9862 I BugleDataModel: ActionExecutorImpl: Starting ActionService", "10-02 02:05:40.242  8882  9826 D OomAdjuster: Not killing cached processes", "10-02 02:05:40.244  9862  9862 I BugleDataModel: ActionExecutorImpl: ACTION_EXECUTE_QUEUED_CountryCodeDetectorAction", "10-02 02:05:40.244  9862  9862 I BugleDataModel: ActionExecutorImpl: ACTION_EXECUTE_QUEUED_SelfParticipantsRefreshAction", "10-02 02:05:40.244  9862  9942 I BugleDataModel: ExecuteActionRunnable: running action CountryCodeDetectorAction", "10-02 02:05:40.245  9862  9942 I BugleDataModel: ActionExecutorImpl: ACTION_BACKGROUND_QUEUED_CountryCodeDetectorAction", "10-02 02:05:40.246  9862  9942 I BugleDataModel: ExecuteActionRunnable: running action SelfParticipantsRefreshAction", "10-02 02:05:40.246  9862  9942 I BugleDataModel: ActionExecutorImpl: ACTION_BACKGROUND_QUEUED_SelfParticipantsRefreshAction", "--", "10-02 02:05:42.508  9334 11122 I ChimeraSrvcProxy: NullBinder for android.net.action.RECOMMEND_NETWORKS triggering remote TransactionTooLargeException due to Service without Chimera impl", "10-02 02:05:42.508  9334 11122 W .gms.persistent: Large reply transaction of 1056768 bytes, interface descriptor , code 1", "10-02 02:05:43.829  8882  8979 D ActivityManager: freezing 10311 com.google.android.rkpdapp", "10-02 02:05:43.831  8882  9036 D InetDiagMessage: Destroyed 0 sockets, proto=IPPROTO_TCP, family=AF_INET, states=14", "10-02 02:05:43.832  8882  9036 D InetDiagMessage: Destroyed 0 sockets, proto=IPPROTO_TCP, family=AF_INET6, states=14", "10-02 02:05:43.832  8882  9036 D InetDiagMessage: Destroyed live tcp sockets for uids={10196} in 2ms", "10-02 02:05:44.002   194 11993 I keystore2: system/security/keystore2/watchdog/src/lib.rs:319 - Watchdog thread idle -> terminating. Have a great day.", "10-02 02:05:44.323  8882  8979 D ActivityManager: freezing 10097 com.google.android.gms.unstable", "10-02 02:05:44.434 12163 12163 W BpBinder: Linking to death on android.gui.ISurfaceComposer but there are no threads (yet?) listening to incoming transactions. See ProcessState::startThreadPool and ProcessState::setThreadPoolMaxThreadCount. Generally you should setup the binder threadpool before other initialization steps.", "10-02 02:05:44.434 12163 12163 W ProcessState: Extra binder thread started, but 0 threads requested. Do not use *startThreadPool when zero threads are requested.", "10-02 02:05:44.443   171   171 I hwservicemanager: getTransport: Cannot find entry android.hardware.graphics.mapper@4.0::IMapper/default in either framework or device VINTF manifest.", "10-02 02:05:44.443 12163 12164 I Gralloc4: mapper 4.x is not supported", "10-02 02:05:44.597     0     0 I servicemanager: Caller(pid=12163,uid=0,sid=u:r:su:s0) Could not find android.hardware.graphics.allocator.IAllocator/default in the VINTF manifest. No alternative instances declared in VINTF."]}
{"check":"console-errors","result":["--------- beginning of main", "10-02 02:05:36.294 12028 12055 E chromium: [1002/020536.294591:ERROR:variations_seed_loader.cc(37)] Seed missing signature.", "10-02 02:05:36.295 12028 12055 I chromium: [INFO:variations_seed_loader.cc(66)] Failed to open file for reading.: No such file or directory (2)", "10-02 02:05:36.396 12028 12062 W chromium: [WARNING:dns_config_service_android.cc(81)] Failed to read DnsConfig.", "10-02 02:05:36.579 12059 12080 W chromium: [WARNING:runtime_features.cc(694)] SharedStorage for M118+ cannot be enabled in this configuration. Use --enable-features=SharedStorageAPI,SharedStorageAPIM118 in addition.", "10-02 02:05:36.579 12059 12080 W chromium: [WARNING:runtime_features.cc(730)] AttributionReportingCrossAppWeb cannot be enabled in this configuration. Use --enable-features=ConversionMeasurement,AttributionReportingCrossAppWeb in addition.", "10-02 02:05:36.778 12059 12080 I chromium: [INFO:viewport_data.cc(133)] E2E_Used ViewportFitCover", "10-02 02:05:36.889 12028 12028 I chromium: [INFO:CONSOLE(3)] \"Injecting <script> tag. Using callback.\", source: https://mui.kernelsu.org/flutter_bootstrap.js (3)"]}
{"check":"first-frame-warm","result":{"url":"https://mui.kernelsu.org/index.html","socket":"webview_devtools_remote_12028","value":{"firstFrameMs":572,"now":15055,"flutter":true,"resizes":[],"paint":{"first-paint":1106,"first-contentful-paint":1106},"calls":[[55,"at-preload","ksu:undefined webui:undefined"],[62,"ksu-defined"],[82,"wrap-failed","exec"],[99,"wrap-failed","spawn"],[100,"wrap-failed","moduleInfo"],[100,"wrap-failed","fullScreen"],[101,"wrap-failed","toast"]],"resources":[["/internal/insets.css",49,101,"link",0],["/internal/colors.css",49,102,"link",0],["/flutter_webui.css",49,102,"link",0],["/flutter_webui.js",49,102,"script",0],["/flutter_bootstrap.js",49,110,"script",0],["/canvaskit/chromium/canvaskit.wasm",135,185,"fetch",0],["/canvaskit/chromium/canvaskit.js",135,152,"other",0],["/main.dart.js",136,171,"script",0],["/assets/FontManifest.json",411,432,"fetch",0],["/favicon.ico",418,444,"other",0],["/assets/fonts/MaterialIcons-Regular.otf",434,448,"fetch",0],["/assets/fonts/fallback/Roboto-Regular.ttf",434,453,"fetch",0],["/internal/colors.css",466,1039,"fetch",0],["/pkg/demo_native.js",1041,1137,"fetch",0]],"marks":[["flutter_webui:register",458],["flutter_webui:registered",459],["flutter_webui:register",461],["flutter_webui:registered",461],["flutter_webui:first-frame",572]],"measures":[],"fonts":[]}}}
{"url":"https://mui.kernelsu.org/index.html","socket":"webview_devtools_remote_12028","value":"semantics on"}
{"check":"home","result":{"url":"https://mui.kernelsu.org/index.html","socket":"webview_devtools_remote_12028","value":["Squadron","Process","native","net","Say hello","Count to 5","SHA-256","Demo pages\nOne page per thing the stack promises.","Places","Strategy","Rust","Lifecycle","Shell","Plugins"]}}
{"check":"colors-css","result":{"url":"https://mui.kernelsu.org/index.html","socket":"webview_devtools_remote_12028","value":{"status":200,"type":"text/css","body":":root {\n  --primary: #495D92;\n  --onPrimary: #FFFFFF;\n  --primaryContainer: #DAE2FF;\n  --onPrimaryContainer: #001849;\n  --inversePrimary: #B2C5FF;\n  --secondary: #585E71;\n  --onSecondary: #FFFFFF;\n  --secondaryContainer: #DDE2F9;\n  --onSecondaryContainer: #151B2C;\n  --tertiary: #735471;\n  --onTertiary: #FFFFFF;\n  --tertiaryContainer: #FED6F9;\n  --onTertiaryContainer: #2B122B;\n  --background: #FAF8FF;\n  --onBackground: #1A1B21;\n  --surface: #FAF8FF;\n  --tonalSurface: #F1F0F9;\n  --onSurface: #1A1B21;\n  --surfaceVariant: #E1E2EC;\n  --onSurfaceVariant: #45464F;\n  --surfaceTint: #495D92;\n  --inverseSurface: #121318;\n  --inverseOnSurface: #E3E2E9;\n  --error: #B3261E;\n  --onError: #FFFFFF;\n  --errorContainer: #F9DEDC;\n  --onErrorContainer: #410E0B;\n  --outline: #757780;\n  --outlineVariant: #C5C6D0;\n  --scrim: #000000;\n  --surfaceBright: #FAF8FF;\n  --surfaceDim: #DAD9E0;\n  --surfaceContainer: #EEEDF4;\n  --surfaceContainerHigh: #E8E7EF;\n  --surfaceContainerHighest: #E3E2E9;\n  --surfaceContainerLow: #F4F3FA;\n  --surfaceContainerLowest: #FFFFFF;\n  --filledTonalButtonContentColor: #001849;\n  --filledTonalButtonContainerColor: #DDE2F9;\n  --filledTonalButtonDisabledContentColor: #45464F;\n  --filledTonalButtonDisabledContainerColor: #E1E2EC;\n  --filledCardContentColor: #001849;\n  --filledCardContainerColor: #DAE2FF;\n  --filledCardDisabledContentColor: #45464F;\n  --filledCardDisabledContainerColor: #E1E2EC;\n}\n"}}}
{"check":"wasm-at-home","result":{"url":"https://mui.kernelsu.org/index.html","socket":"webview_devtools_remote_12028","value":{"wasm":[{"name":"chromium/canvaskit.wasm","start":135,"dur":50}],"marks":[{"name":"flutter_webui:register","t":458},{"name":"flutter_webui:registered","t":459},{"name":"flutter_webui:register","t":461},{"name":"flutter_webui:registered","t":461},{"name":"flutter_webui:first-frame","t":572}],"measures":[],"now":18690}}}
{"check":"tap-places","result":{"url":"https://mui.kernelsu.org/index.html","socket":"webview_devtools_remote_12028","value":"tapped Places at 16,572 size 288x56 role button tappable"}}
{"check":"places","result":{"url":"https://mui.kernelsu.org/index.html","socket":"webview_devtools_remote_12028","value":["Back\nBack","One service, DemoService, opened in every place this build knows. Each place probes its own facts from inside; the page never guesses from the platform it was built for.","200k","1M","3M","Count primes in every place","Restart places","inline (the caller)\nkind: inline\nstart 495 ms, first facts() round trip 134 ms\nroot\ncheck: effective uid 0\nblock_devices\ncheck: a kernel-listed block device opens for reading\nusb.native\ncheck: /dev/bus/usb lists\nusb.web\ncheck: navigator.usb exists\nprocess.spawn\ncheck: a shell runs\nfs.persistent\ncheck: working dir writable, or storage persisted\nnet\ncheck: a non-loopback interface is up, or onLine\nnative\ncheck: null","worker (isolate or Web Worker)\nkind: web_worker\nstart 287 ms, first facts() round trip 54 ms\nroot\ncheck: effective uid 0\nblock_devices\ncheck: a kernel-listed block device opens for reading\nusb.native\ncheck: /dev/bus/usb lists\nusb.web\ncheck: navigator.usb exists\nprocess.spawn\ncheck: a shell runs\nfs.persistent\ncheck: working dir writable, or storage persisted\nnet\ncheck: a non-loopback interface is up, or onLine\nnative\ncheck: null","Places","Strategy","Rust","Lifecycle","Shell","Plugins"]}}
{"check":"places-scroll-1","result":{"url":"https://mui.kernelsu.org/index.html","socket":"webview_devtools_remote_12028","value":["Back\nBack","Count primes in every place","Restart places","inline (the caller)\nkind: inline\nstart 495 ms, first facts() round trip 134 ms\nroot\ncheck: effective uid 0\nblock_devices\ncheck: a kernel-listed block device opens for reading\nusb.native\ncheck: /dev/bus/usb lists\nusb.web\ncheck: navigator.usb exists\nprocess.spawn\ncheck: a shell runs\nfs.persistent\ncheck: working dir writable, or storage persisted\nnet\ncheck: a non-loopback interface is up, or onLine\nnative\ncheck: null","worker (isolate or Web Worker)\nkind: web_worker\nstart 287 ms, first facts() round trip 54 ms\nroot\ncheck: effective uid 0\nblock_devices\ncheck: a kernel-listed block device opens for reading\nusb.native\ncheck: /dev/bus/usb lists\nusb.web\ncheck: navigator.usb exists\nprocess.spawn\ncheck: a shell runs\nfs.persistent\ncheck: working dir writable, or storage persisted\nnet\ncheck: a non-loopback interface is up, or onLine\nnative\ncheck: null","root process (the app CLI, serve mode)\nkind: process\nstart 266 ms, first facts() round trip 0 ms\nroot\ncheck: effective uid 0\nblock_devices\ncheck: a kernel-listed block device opens for reading\nusb.native\ncheck: /dev/bus/usb lists\nusb.web\ncheck: navigator.usb exists\nprocess.spawn\ncheck: a shell runs\nfs.persistent\ncheck: working dir writable, or storage persisted\nnet\ncheck: a non-loopback interface is up, or onLine\nnative\ncheck: null","Places","Strategy","Rust","Lifecycle","Shell","Plugins"]}}
{"check":"places-scroll-2","result":{"url":"https://mui.kernelsu.org/index.html","socket":"webview_devtools_remote_12028","value":["Back\nBack","inline (the caller)\nkind: inline\nstart 495 ms, first facts() round trip 134 ms\nroot\ncheck: effective uid 0\nblock_devices\ncheck: a kernel-listed block device opens for reading\nusb.native\ncheck: /dev/bus/usb lists\nusb.web\ncheck: navigator.usb exists\nprocess.spawn\ncheck: a shell runs\nfs.persistent\ncheck: working dir writable, or storage persisted\nnet\ncheck: a non-loopback interface is up, or onLine\nnative\ncheck: null","worker (isolate or Web Worker)\nkind: web_worker\nstart 287 ms, first facts() round trip 54 ms\nroot\ncheck: effective uid 0\nblock_devices\ncheck: a kernel-listed block device opens for reading\nusb.native\ncheck: /dev/bus/usb lists\nusb.web\ncheck: navigator.usb exists\nprocess.spawn\ncheck: a shell runs\nfs.persistent\ncheck: working dir writable, or storage persisted\nnet\ncheck: a non-loopback interface is up, or onLine\nnative\ncheck: null","root process (the app CLI, serve mode)\nkind: process\nstart 266 ms, first facts() round trip 0 ms\nroot\ncheck: effective uid 0\nblock_devices\ncheck: a kernel-listed block device opens for reading\nusb.native\ncheck: /dev/bus/usb lists\nusb.web\ncheck: navigator.usb exists\nprocess.spawn\ncheck: a shell runs\nfs.persistent\ncheck: working dir writable, or storage persisted\nnet\ncheck: a non-loopback interface is up, or onLine\nnative\ncheck: null","Places","Strategy","Rust","Lifecycle","Shell","Plugins"]}}
{"check":"places-scroll-3","result":{"url":"https://mui.kernelsu.org/index.html","socket":"webview_devtools_remote_12028","value":["Back\nBack","worker (isolate or Web Worker)\nkind: web_worker\nstart 287 ms, first facts() round trip 54 ms\nroot\ncheck: effective uid 0\nblock_devices\ncheck: a kernel-listed block device opens for reading\nusb.native\ncheck: /dev/bus/usb lists\nusb.web\ncheck: navigator.usb exists\nprocess.spawn\ncheck: a shell runs\nfs.persistent\ncheck: working dir writable, or storage persisted\nnet\ncheck: a non-loopback interface is up, or onLine\nnative\ncheck: null","root process (the app CLI, serve mode)\nkind: process\nstart 266 ms, first facts() round trip 0 ms\nroot\ncheck: effective uid 0\nblock_devices\ncheck: a kernel-listed block device opens for reading\nusb.native\ncheck: /dev/bus/usb lists\nusb.web\ncheck: navigator.usb exists\nprocess.spawn\ncheck: a shell runs\nfs.persistent\ncheck: working dir writable, or storage persisted\nnet\ncheck: a non-loopback interface is up, or onLine\nnative\ncheck: null","Reference: one call and one stream per place\nsquadron_process doc/benchmark.md, a 4-vCPU VM. Not measured here; devicelab measures devices.\nCall: isolate 31 µs, Web Worker (dart2js) 120 µs, process 247 µs, process from the page 401 µs.\n64 KiB stream: isolate 3643 MiB/s, Web Worker 631 MiB/s, process link about 110 MiB/s.","Places","Strategy","Rust","Lifecycle","Shell","Plugins"]}}
{"check":"tap-strategy","result":{"url":"https://mui.kernelsu.org/index.html","socket":"webview_devtools_remote_12028","value":"tapped Strategy at 53,536 size 53x80 role tab tappable"}}
{"check":"strategy","result":{"url":"https://mui.kernelsu.org/index.html","socket":"webview_devtools_remote_12028","value":["Back\nBack","Objective: list the device's partitions. Strategies in preference order: on the device as root, then from a host over USB. The first one the place's facts allow runs; nothing reads kIsWeb or Platform.","Place","inline (the caller)","worker (isolate or Web Worker)","root process (the app CLI, serve mode)","Facts from inline (the caller)\nSwitch a fact off to see the fallback. You can only take facts away.\nroot\ncheck: effective uid 0\nblock_devices\ncheck: a kernel-listed block device opens for reading\nusb.native\ncheck: /dev/bus/usb lists\nusb.web\ncheck: navigator.usb exists\nprocess.spawn\ncheck: a shell runs\nfs.persistent\ncheck: working dir writable, or storage persisted\nnet\ncheck: a non-loopback interface is up, or onLine\nnative\ncheck: null","root","block_devices","usb.native","process.spawn","Places","Strategy","Rust","Lifecycle","Shell","Plugins"]}}
{"check":"tap-strategy-root","result":{"url":"https://mui.kernelsu.org/index.html","socket":"webview_devtools_remote_12028","value":"tapped root process at 24,358 size 272x48 role checkbox tappable"}}
{"check":"strategy-root","result":{"url":"https://mui.kernelsu.org/index.html","socket":"webview_devtools_remote_12028","value":["Back\nBack","Objective: list the device's partitions. Strategies in preference order: on the device as root, then from a host over USB. The first one the place's facts allow runs; nothing reads kIsWeb or Platform.","Place","inline (the caller)","worker (isolate or Web Worker)","root process (the app CLI, serve mode)","Facts from root process (the app CLI, serve mode)\nSwitch a fact off to see the fallback. You can only take facts away.\nroot\ncheck: effective uid 0\nblock_devices\ncheck: a kernel-listed block device opens for reading\nusb.native\ncheck: /dev/bus/usb lists\nusb.web\ncheck: navigator.usb exists\nprocess.spawn\ncheck: a shell runs\nfs.persistent\ncheck: working dir writable, or storage persisted\nnet\ncheck: a non-loopback interface is up, or onLine\nnative\ncheck: null","root","block_devices","usb.native","process.spawn","Places","Strategy","Rust","Lifecycle","Shell","Plugins"]}}
{"check":"strategy-root-scroll-1","result":{"url":"https://mui.kernelsu.org/index.html","socket":"webview_devtools_remote_12028","value":["Back\nBack","Objective: list the device's partitions. Strategies in preference order: on the device as root, then from a host over USB. The first one the place's facts allow runs; nothing reads kIsWeb or Platform.","Place","inline (the caller)","worker (isolate or Web Worker)","root process (the app CLI, serve mode)","Facts from root process (the app CLI, serve mode)\nSwitch a fact off to see the fallback. You can only take facts away.\nroot\ncheck: effective uid 0\nblock_devices\ncheck: a kernel-listed block device opens for reading\nusb.native\ncheck: /dev/bus/usb lists\nusb.web\ncheck: navigator.usb exists\nprocess.spawn\ncheck: a shell runs\nfs.persistent\ncheck: working dir writable, or storage persisted\nnet\ncheck: a non-loopback interface is up, or onLine\nnative\ncheck: null","root","block_devices","usb.native","process.spawn","Chosen: on device (/proc/partitions as root)\non_device chosen","on device (/proc/partitions as root)\nneeds root + block_devices: has them","Places","Strategy","Rust","Lifecycle","Shell","Plugins"]}}
{"check":"strategy-root-scroll-2","result":{"url":"https://mui.kernelsu.org/index.html","socket":"webview_devtools_remote_12028","value":["Back\nBack","Facts from root process (the app CLI, serve mode)\nSwitch a fact off to see the fallback. You can only take facts away.\nroot\ncheck: effective uid 0\nblock_devices\ncheck: a kernel-listed block device opens for reading\nusb.native\ncheck: /dev/bus/usb lists\nusb.web\ncheck: navigator.usb exists\nprocess.spawn\ncheck: a shell runs\nfs.persistent\ncheck: working dir writable, or storage persisted\nnet\ncheck: a non-loopback interface is up, or onLine\nnative\ncheck: null","root","block_devices","usb.native","process.spawn","Chosen: on device (/proc/partitions as root)\non_device chosen","on device (/proc/partitions as root)\nneeds root + block_devices: has them","from host (fastboot getvar all)\nneeds usb.native + process.spawn: has them","Run on_device in process","Log\nEvery run: objective, strategy, place and the facts it saw.\nNothing has run yet.","Places","Strategy","Rust","Lifecycle","Shell","Plugins"]}}
{"check":"tap-rust","result":{"url":"https://mui.kernelsu.org/index.html","socket":"webview_devtools_remote_12028","value":"tapped Rust at 107,536 size 53x80 role tab tappable"}}
{"check":"rust","result":{"url":"https://mui.kernelsu.org/index.html","socket":"webview_devtools_remote_12028","value":["Back\nBack","The demo crate (rust/) counts the primes below 1000000 with the same loop as page 1's Dart. The service loads it in its own place through flutter_rust_bridge, so each place runs its own build.","Run in every place","inline (the caller)","Run here","worker (isolate or Web Worker)","Run here","root process (the app CLI, serve mode)","Run here","Places","Strategy","Rust","Lifecycle","Shell","Plugins"]}}
{"check":"tap-rust-run","result":{"url":"https://mui.kernelsu.org/index.html","socket":"webview_devtools_remote_12028","value":"tapped Run in every place at 16,196 size 288x48 role button tappable"}}
{"check":"rust-ran","result":{"url":"https://mui.kernelsu.org/index.html","socket":"webview_devtools_remote_12028","value":["Back\nBack","The demo crate (rust/) counts the primes below 1000000 with the same loop as page 1's Dart. The service loads it in its own place through flutter_rust_bridge, so each place runs its own build.","Run in every place","inline (the caller)\nBuilt for: wasm32-unknown (single-threaded)\nLoad: 74 ms (once per place, on its first Rust call; on the web that fetches and instantiates the wasm)\nRust 153 ms, Dart 1210 ms (same count: 78498)","Run here","worker (isolate or Web Worker)\nBuilt for: wasm32-unknown (single-threaded)\nLoad: 46 ms (once per place, on its first Rust call; on the web that fetches and instantiates the wasm)\nRust 224 ms, Dart 279 ms (same count: 78498)","Run here","root process (the app CLI, serve mode)\nBuilt for: x86_64-android\nLoad: 0 ms (once per place, on its first Rust call; on the web that fetches and instantiates the wasm)\nRust 151 ms, Dart 152 ms (same count: 78498)","Places","Strategy","Rust","Lifecycle","Shell","Plugins"]}}
{"check":"wasm-after-rust","result":{"url":"https://mui.kernelsu.org/index.html","socket":"webview_devtools_remote_12028","value":{"wasm":[{"name":"chromium/canvaskit.wasm","start":135,"dur":50},{"name":"pkg/demo_native_bg.wasm","start":82388,"dur":28}],"marks":[{"name":"flutter_webui:register","t":458},{"name":"flutter_webui:registered","t":459},{"name":"flutter_webui:register","t":461},{"name":"flutter_webui:registered","t":461},{"name":"flutter_webui:first-frame","t":572}],"measures":[],"now":103470}}}
{"check":"tap-rust-run-2","result":{"url":"https://mui.kernelsu.org/index.html","socket":"webview_devtools_remote_12028","value":"tapped Run in every place at 16,196 size 288x48 role button tappable"}}
{"check":"rust-ran-2","result":{"url":"https://mui.kernelsu.org/index.html","socket":"webview_devtools_remote_12028","value":["Back\nBack","The demo crate (rust/) counts the primes below 1000000 with the same loop as page 1's Dart. The service loads it in its own place through flutter_rust_bridge, so each place runs its own build.","Run in every place","inline (the caller)\nBuilt for: wasm32-unknown (single-threaded)\nLoad: 0 ms (once per place, on its first Rust call; on the web that fetches and instantiates the wasm)\nRust 148 ms, Dart 1243 ms (same count: 78498)","Run here","worker (isolate or Web Worker)\nBuilt for: wasm32-unknown (single-threaded)\nLoad: 0 ms (once per place, on its first Rust call; on the web that fetches and instantiates the wasm)\nRust 158 ms, Dart 273 ms (same count: 78498)","Run here","root process (the app CLI, serve mode)\nBuilt for: x86_64-android\nLoad: 0 ms (once per place, on its first Rust call; on the web that fetches and instantiates the wasm)\nRust 146 ms, Dart 153 ms (same count: 78498)","Places","Strategy","Rust","Lifecycle","Shell","Plugins"]}}
{"check":"tap-lifecycle","result":{"url":"https://mui.kernelsu.org/index.html","socket":"webview_devtools_remote_12028","value":"tapped Lifecycle at 160,536 size 53x80 role tab tappable"}}
{"check":"tap-root-process","result":{"url":"https://mui.kernelsu.org/index.html","socket":"webview_devtools_remote_12028","value":"tapped root process at 24,390 size 272x48 role checkbox tappable"}}
{"check":"tap-start","result":{"url":"https://mui.kernelsu.org/index.html","socket":"webview_devtools_remote_12028","value":"tapped Start at 24,462 size 97x48 role button tappable"}}
{"check":"lifecycle-running","result":{"url":"https://mui.kernelsu.org/index.html","socket":"webview_devtools_remote_12028","value":["Back\nBack","Start a five-minute task, then switch away (Home, another app or tab) and come back: hidden keeps going. Close the app instead and reopen it: closed stops, and this page says where the task was when it ended.","Task\ntick every 500 ms, stamped with the place's own clock\nrunning in process: tick 17/600, longest gap 503 ms, app resumed 3","inline (the caller)","worker (isolate or Web Worker)","root process (the app CLI, serve mode)","Stop","Lifecycle\n02:08:05  started in process","Facts from root process (the app CLI, serve mode)\nroot\ncheck: effective uid 0\nblock_devices\ncheck: a kernel-listed block device opens for reading\nusb.native\ncheck: /dev/bus/usb lists\nusb.web\ncheck: navigator.usb exists\nprocess.spawn\ncheck: a shell runs\nfs.persistent\ncheck: working dir writable, or storage persisted\nnet\ncheck: a non-loopback interface is up, or onLine\nnative\ncheck: null","Places","Strategy","Rust","Lifecycle","Shell","Plugins"]}}
{"check":"lifecycle-after-home","result":{"url":"https://mui.kernelsu.org/index.html","socket":"webview_devtools_remote_12028","value":["Back\nBack","Start a five-minute task, then switch away (Home, another app or tab) and come back: hidden keeps going. Close the app instead and reopen it: closed stops, and this page says where the task was when it ended.","Task\ntick every 500 ms, stamped with the place's own clock\nrunning in process: tick 41/600, longest gap 503 ms, app resumed 7","inline (the caller)","worker (isolate or Web Worker)","root process (the app CLI, serve mode)","Stop","Lifecycle\n02:08:21  away 6.7 s: the place produced 14 ticks (on schedule: 13); longest gap 503 ms\n02:08:21  inactive -> resumed\n02:08:21  hidden -> inactive\n02:08:14  inactive -> hidden\n02:08:14  resumed -> inactive\n02:08:05  started in process","Places","Strategy","Rust","Lifecycle","Shell","Plugins"]}}
{"check":"root-process","result":"root             0 u:r:ksu:s0                     12241 dartaotruntime\nu0_a210      10210 u:r:untrusted_app_27:s0:c210,c256,c512,c768 12293 com.webui.api.demo\nroot             0 u:r:ksu:s0                     12297 dartaotruntime"}
/home/runner/work/devicelab/devicelab/out/sockprobe: 1 file pushed, 0 skipped. 230.8 MB/s (3501149 bytes in 0.014s)
{"check":"block-devices","result":"dm-0\ndm-1\ndm-11\ndm-13\ndm-14\ndm-16\ndm-17\ndm-18\ntotal 0\ndrwxr-xr-x 2 root root u:object_r:block_device:s0                140 2026-10-02 02:00 by-name\nbrw------- 1 root root u:object_r:dm_device:s0              254,   0 2026-10-02 02:00 dm-0\nbrw------- 1 root root u:object_r:dm_device:s0              254,   1 2026-10-02 02:00 dm-1\nbrw------- 1 root root u:object_r:dm_device:s0              254,  11 2026-10-02 02:00 dm-11\nbrw------- 1 root root u:object_r:dm_device:s0              254,  13 2026-10-02 02:00 dm-13\nbrw------- 1 root root u:object_r:dm_device:s0              254,  14 2026-10-02 02:00 dm-14\nbrw------- 1 root root u:object_r:dm_device:s0              254,  16 2026-10-02 02:00 dm-16\nbrw------- 1 root root u:object_r:dm_device:s0              254,  17 2026-10-02 02:00 dm-17\nbrw------- 1 root root u:object_r:dm_device:s0              254,  18 2026-10-02 02:00 dm-18\nbrw------- 1 root root u:object_r:dm_device:s0              254,  19 2026-10-02 02:00 dm-19\nbrw------- 1 root root u:object_r:dm_device:s0              254,   2 2026-10-02 02:00 dm-2\n-- su:\n0000000  \\0\n-- ksu:\n{\"error\":\"write /proc/thread-self/attr/current: operation not permitted\",\"op\":\"setcon\"}\n-- avc:"}
{"check":"back-1","result":{"url":"https://mui.kernelsu.org/index.html","socket":"webview_devtools_remote_12028","value":["Squadron","Process","native","net","Say hello","Count to 5","SHA-256","Demo pages\nOne page per thing the stack promises.","Places","Strategy","Rust","Lifecycle","Shell","Plugins"]}}
{"check":"back-1-top","result":"topResumedActivity=ActivityRecord{bd3259b u0 com.rifsxd.ksunext/.ui.webui.WebUIActivity t13}"}
{"check":"back-2-top","result":"topResumedActivity=ActivityRecord{bd3259b u0 com.rifsxd.ksunext/.ui.webui.WebUIActivity t13}"}
{"check":"back-3-top","result":"topResumedActivity=ActivityRecord{ff60a73 u0 com.google.android.apps.nexuslauncher/.NexusLauncherActivity t9}"}
{"check":"sys-dark","night":"yes","color_mode":"","opened":"opened: intent","result":{"url":"https://mui.kernelsu.org/index.html","socket":"webview_devtools_remote_12717","value":{"dark":true,"primary":"#B2C5FF","background":"#121318","cssBytes":1417}}}
{"check":"sys-light","night":"no","color_mode":"","opened":"opened: intent","result":{"url":"https://mui.kernelsu.org/index.html","socket":"webview_devtools_remote_12910","value":{"dark":false,"primary":"#495D92","background":"#FAF8FF","cssBytes":1417}}}
/home/runner/work/devicelab/devicelab/out/sockprobe: 1 file pushed, 0 skipped. 231.8 MB/s (3501149 bytes in 0.014s)
{"check":"ksud-version","result":"ksud 3.4.0 (uapi: 4)\nmanage module configuration\n\nUsage: ksud module config [OPTIONS] <COMMAND>"}
{"check":"root-script","result":"-rwxr-xr-x 1 root root 1921 2026-10-02 02:03 /data/adb/modules/demo/flutter_webui/root\n#!/system/bin/sh\n# flutter-webui root channel launcher. Lives at <moddir>/flutter_webui/root.\n# Usage: sh root start    find or start the channel; prints its session as one\n#                         JSON line (port, token), or exits non-zero\n#        sh root serve    run the channel (started detached by `start`)\n# Needs `ksud module config` (KernelSU or KernelSU Next v3.0.0+).\n# SPDX-License-Identifier: LGPL-3.0-or-later WITH LGPL-3.0-linking-exception\n\ndir=${0%/*}\ncase \"$dir\" in /*) ;; *) dir=$(cd \"$dir\" && pwd) ;; esac\nmoddir=${dir%/*}\nid=${moddir##*/}\nrun=$dir/run\n\ncase \"$(uname -m)\" in\n  aarch64 | arm64) abi=arm64-v8a ;;\n  x86_64) abi=x86_64 ;;\n  *) echo \"flutter_webui: unsupported CPU $(uname -m)\" >&2; exit 1 ;;\nesac\n\n# Root shells can start with an empty environment, and the Dart VM needs a\n# writable TMPDIR: the module's temporary directory, which `start` empties on\n# the first start of each boot.\nexport TMPDIR=\"${FLUTTER_WEBUI_DATA:-/data/adb/$id}/tmp\"\n(umask 077 && mkdir -p \"$TMPDIR\" \"$run\")\n\nchannel() {\n  rt=$dir/$abi\n  # A linux (glibc) runtime ships its loader and libraries next to it; an\n  # Android-built runtime runs directly."}
{"check":"layout-before","result":"total 48\ndrwxr-xr-x 5 root root 4096 2026-10-02 02:06 .\ndrwxr-xr-x 8 root root 4096 2026-10-02 02:06 ..\ndrwxr-xr-x 2 root root 4096 2026-10-02 02:03 arm64-v8a\n-rwxr-xr-x 1 root root 1921 2026-10-02 02:03 root\ndrwx------ 3 root root 4096 2026-10-02 02:06 run\ndrwxr-xr-x 2 root root 4096 2026-10-02 02:03 x86_64\n-- run:\n700 root:root /data/adb/modules/demo/flutter_webui/run\n/data/adb/modules/demo/flutter_webui/run:\ntotal 44\ndrwx------ 3 root root 4096 2026-10-02 02:06 .\ndrwxr-xr-x 5 root root 4096 2026-10-02 02:06 ..\n-rw------- 1 root root    6 2026-10-02 02:06 lock\ndrwx------ 2 root root 4096 2026-10-02 02:08 proc\n-rw------- 1 root root   97 2026-10-02 02:09 root.log\n-rw------- 1 root root    0 2026-10-02 02:06 start.lock\n\n/data/adb/modules/demo/flutter_webui/run/proc:\ntotal 40\ndrwx------ 2 root root 4096 2026-10-02 02:08 .\ndrwx------ 3 root root 4096 2026-10-02 02:06 ..\n-rw------- 1 root root   36 2026-10-02 02:06 .boot\n-rw------- 1 root root    2 2026-10-02 02:08 1790906774683050-0.exit\n-rw------- 1 root root  215 2026-10-02 02:06 1790906774683050-0.log\n-- webroot/.run:\nls: /data/adb/modules/demo/webroot/.run: No such file or directory"}
{"check":"config-before","result":"webui.session=Error: Key 'webui.session' not found\nwebui.boot=db825d04-7577-4966-b3ba-58a4935781be\n-- list:\nwebui.installed=1\nwebui.boot=db825d04-7577-4966-b3ba-58a4935781be"}
{"check":"config-after-boot","result":"webui.session=Error: Key 'webui.session' not found\nwebui.boot=Error: Key 'webui.boot' not found\n-- list:\nwebui.installed=1"}
{"check":"tmp-after-boot","result":"total 24\ndrwx------ 2 root root 4096 2026-10-02 02:09 .\ndrwx------ 3 root root 4096 2026-10-02 02:06 ..\n-rw-rw-rw- 1 root root    4 2026-10-02 02:09 lab-marker"}
{"check":"start-1","result":"# via adb root (0 u:r:su:s0)\n{\"protocol\":1,\"version\":\"0.2.0\",\"port\":37207,\"token\":\"Pszteohdl-7DNzFfJHkm28z409bbN0_PCnXGvPjJTn8\",\"pid\":15561,\"boot\":\"db825d04-7577-4966-b3ba-58a4935781be\",\"started\":\"2026-10-02T02:09:52.901984Z\"}\nexit=0"}
{"check":"tmp-after-start-1","result":"total 16\ndrwx------ 2 root root 4096 2026-10-02 02:09 .\ndrwx------ 3 root root 4096 2026-10-02 02:06 .."}
{"check":"config-after-start-1","result":"webui.session={\"protocol\":1,\"version\":\"0.2.0\",\"port\":37207,\"token\":\"Pszteohdl-7DNzFfJHkm28z409bbN0_PCnXGvPjJTn8\",\"pid\":15561,\"boot\":\"db825d04-7577-4966-b3ba-58a4935781be\",\"started\":\"2026-10-02T02:09:52.901984Z\"}\nwebui.boot=db825d04-7577-4966-b3ba-58a4935781be\n-- list:\nwebui.installed=1\nwebui.session={\"protocol\":1,\"version\":\"0.2.0\",\"port\":37207,\"token\":\"Pszteohdl-7DNzFfJHkm28z409bbN0_PCnXGvPjJTn8\",\"pid\":15561,\"boot\":\"db825d04-7577-4966-b3ba-58a4935781be\",\"started\":\"2026-10-02T02:09:52.901984Z\"}\nwebui.boot=db825d04-7577-4966-b3ba-58a4935781be"}
{"check":"layout-after-start-1","result":"total 48\ndrwxr-xr-x 5 root root 4096 2026-10-02 02:06 .\ndrwxr-xr-x 8 root root 4096 2026-10-02 02:06 ..\ndrwxr-xr-x 2 root root 4096 2026-10-02 02:03 arm64-v8a\n-rwxr-xr-x 1 root root 1921 2026-10-02 02:03 root\ndrwx------ 3 root root 4096 2026-10-02 02:06 run\ndrwxr-xr-x 2 root root 4096 2026-10-02 02:03 x86_64\n-- run:\n700 root:root /data/adb/modules/demo/flutter_webui/run\n/data/adb/modules/demo/flutter_webui/run:\ntotal 44\ndrwx------ 3 root root 4096 2026-10-02 02:06 .\ndrwxr-xr-x 5 root root 4096 2026-10-02 02:06 ..\n-rw------- 1 root root    6 2026-10-02 02:09 lock\ndrwx------ 2 root root 4096 2026-10-02 02:08 proc\n-rw------- 1 root root   56 2026-10-02 02:09 root.log\n-rw------- 1 root root    0 2026-10-02 02:06 start.lock\n\n/data/adb/modules/demo/flutter_webui/run/proc:\ntotal 40\ndrwx------ 2 root root 4096 2026-10-02 02:08 .\ndrwx------ 3 root root 4096 2026-10-02 02:06 ..\n-rw------- 1 root root   36 2026-10-02 02:06 .boot\n-rw------- 1 root root    2 2026-10-02 02:08 1790906774683050-0.exit\n-rw------- 1 root root  215 2026-10-02 02:06 1790906774683050-0.log\n-- webroot/.run:\nls: /data/adb/modules/demo/webroot/.run: No such file or directory"}
{"check":"start-2","result":"# via adb root (0 u:r:su:s0)\n{\"protocol\":1,\"version\":\"0.2.0\",\"port\":37207,\"token\":\"Pszteohdl-7DNzFfJHkm28z409bbN0_PCnXGvPjJTn8\",\"pid\":15561,\"boot\":\"db825d04-7577-4966-b3ba-58a4935781be\",\"started\":\"2026-10-02T02:09:52.901984Z\"}\nexit=0"}
{"check":"same-pid","result":{"first":"15561","second":"15561","same":true}}
{"check":"delete-session","result":"exit=0"}
{"check":"start-3","result":"# via adb root (0 u:r:su:s0)\n{\"protocol\":1,\"version\":\"0.2.0\",\"port\":34139,\"token\":\"af0rfKxaPr0TX08Eaa6uDd9WRxSS75ONqyIw6PlPipU\",\"pid\":15657,\"boot\":\"db825d04-7577-4966-b3ba-58a4935781be\",\"started\":\"2026-10-02T02:09:53.508152Z\"}\nexit=0"}
{"check":"replaced","result":{"old":"15561","new":"15657","new_pid":true,"old_alive":"no"}}
{"check":"procs","result":"root         15657     1 u:r:su:s0                      dartaotruntime              dartaotruntime /data/adb/modules/demo/flutter_webui/x86_64/flutter_webui_root.aot serve --module-dir /data/adb/modules/demo --module-id demo --run-dir /data/adb/modules/demo/flutter_webui/run --temp-dir /data/adb/demo/tmp --announce"}
{"check":"root-log","result":"2026-10-02T02:09:53.514951 listening on 127.0.0.1:34139"}
{"check":"config-end","result":"webui.session={\"protocol\":1,\"version\":\"0.2.0\",\"port\":34139,\"token\":\"af0rfKxaPr0TX08Eaa6uDd9WRxSS75ONqyIw6PlPipU\",\"pid\":15657,\"boot\":\"db825d04-7577-4966-b3ba-58a4935781be\",\"started\":\"2026-10-02T02:09:53.508152Z\"}\nwebui.boot=db825d04-7577-4966-b3ba-58a4935781be\n-- list:\nwebui.installed=1\nwebui.boot=db825d04-7577-4966-b3ba-58a4935781be\nwebui.session={\"protocol\":1,\"version\":\"0.2.0\",\"port\":34139,\"token\":\"af0rfKxaPr0TX08Eaa6uDd9WRxSS75ONqyIw6PlPipU\",\"pid\":15657,\"boot\":\"db825d04-7577-4966-b3ba-58a4935781be\",\"started\":\"2026-10-02T02:09:53.508152Z\"}"}
{"check":"open","result":"opened: intent"}
{"check":"page-uid","result":["Say hello"]}
{"check":"start-after-page","result":"# via adb root (0 u:r:su:s0)\n{\"protocol\":1,\"version\":\"0.2.0\",\"port\":34139,\"token\":\"af0rfKxaPr0TX08Eaa6uDd9WRxSS75ONqyIw6PlPipU\",\"pid\":15657,\"boot\":\"db825d04-7577-4966-b3ba-58a4935781be\",\"started\":\"2026-10-02T02:09:53.508152Z\"}\nexit=0"}
{"check":"layout-end","result":"total 48\ndrwxr-xr-x 5 root root 4096 2026-10-02 02:06 .\ndrwxr-xr-x 8 root root 4096 2026-10-02 02:06 ..\ndrwxr-xr-x 2 root root 4096 2026-10-02 02:03 arm64-v8a\n-rwxr-xr-x 1 root root 1921 2026-10-02 02:03 root\ndrwx------ 3 root root 4096 2026-10-02 02:06 run\ndrwxr-xr-x 2 root root 4096 2026-10-02 02:03 x86_64\n-- run:\n700 root:root /data/adb/modules/demo/flutter_webui/run\n/data/adb/modules/demo/flutter_webui/run:\ntotal 44\ndrwx------ 3 root root 4096 2026-10-02 02:06 .\ndrwxr-xr-x 5 root root 4096 2026-10-02 02:06 ..\n-rw------- 1 root root    6 2026-10-02 02:09 lock\ndrwx------ 2 root root 4096 2026-10-02 02:08 proc\n-rw------- 1 root root   56 2026-10-02 02:09 root.log\n-rw------- 1 root root    0 2026-10-02 02:06 start.lock\n\n/data/adb/modules/demo/flutter_webui/run/proc:\ntotal 40\ndrwx------ 2 root root 4096 2026-10-02 02:08 .\ndrwx------ 3 root root 4096 2026-10-02 02:06 ..\n-rw------- 1 root root   36 2026-10-02 02:06 .boot\n-rw------- 1 root root    2 2026-10-02 02:08 1790906774683050-0.exit\n-rw------- 1 root root  215 2026-10-02 02:06 1790906774683050-0.log\n-- webroot/.run:\nls: /data/adb/modules/demo/webroot/.run: No such file or directory"}
{"check":"app","result":"package:/product/app/WebuiApi_demo/WebuiApi_demo.apk\ntotal 3708\ndrwxr-xr-x 1 root root u:object_r:system_file:s0       60 2026-10-02 02:03 .\ndrwxr-xr-x 1 root root u:object_r:system_file:s0       60 2026-10-02 02:03 ..\n-rw-r--r-- 1 root root u:object_r:system_file:s0  3792939 2026-10-02 02:03 WebuiApi_demo.apk\n    codePath=/product/app/WebuiApi_demo\n    versionName=0.53.0-webui.6\n    privateFlags=[ PRIVATE_FLAG_ACTIVITIES_RESIZE_MODE_RESIZEABLE_VIA_SDK_VERSION PRIVATE_FLAG_REQUEST_LEGACY_EXTERNAL_STORAGE PRODUCT PRIVATE_FLAG_ALLOW_NATIVE_HEAP_POINTER_TAGGING ]\n    signatures=PackageSignatures{b2880f4 version:2, signatures:[33fe4edd], past signatures:[]}\n    pkgFlags=[ SYSTEM HAS_CODE ALLOW_CLEAR_USER_DATA ALLOW_BACKUP ]\n    requested permissions:\n    requested permissions:\n      android.permission.WRITE_SETTINGS\n      android.permission.POST_NOTIFICATIONS\n      android.permission.ACCESS_FINE_LOCATION\n      android.permission.MANAGE_EXTERNAL_STORAGE\n      android.permission.SYSTEM_ALERT_WINDOW\n      android.permission.NFC\n      android.permission.BODY_SENSORS\n      android.permission.READ_MEDIA_VISUAL_USER_SELECTED\n      android.permission.RECEIVE_BOOT_COMPLETED\n      android.permission.REQUEST_IGNORE_BATTERY_OPTIMIZATIONS\n      android.permission.INTERNET\n      android.permission.TRANSMIT_IR"}
{"check":"mounts","result":"lrwxrwxrwx 1 root root 26 2026-10-02 02:02 /data/adb/metamodule -> /data/adb/modules/mountify\noverlay /product/app overlay ro,seclabel,relatime,lowerdir=/mnt/vendor/mountify/product/app:/product/app,redirect_dir=on 0 0\noverlay /product/app overlay ro,seclabel,relatime,lowerdir=/mnt/vendor/mountify/product/app:/product/app,redirect_dir=on 0 0\nCalendarGooglePrebuilt Camera2 Chrome Chrome-Stub Drive GoogleContacts GoogleTTS LatinIMEGooglePrebuilt LicenseChecker Maps MarkupGoogle_v2 ModuleMetadataGoogle NexusWallpapersStubPrebuilt2018 Photos PixelThemesStub PrebuiltDeskClockGoogle PrebuiltGmail PrebuiltGoogleAdservicesTvp PrebuiltGoogleTelemetryTvp SoundPickerPrebuilt TrichromeLibrary TrichromeLibrary-Stub WebViewGoogle WebViewGoogle-Stub WebuiApi_demo YouTube YouTubeMusicPrebuilt talkback"}
{"check":"app-label","result":"2 activities found:\n  Activity #0:\n    priority=0 preferredOrder=0 match=0x108000 specificIndex=-1 isDefault=true\n    com.webui.api.demo/com.termux.api.apis.NfcAPI$NfcActivity\n  Activity #1:"}
{"check":"module-config","result":"manage module configuration\n\nUsage: ksud module config [OPTIONS] <COMMAND>\n\nCommands:\n  get     Get a config value\n  set     Set a config value\n  list    List all config entries\n  delete  Delete a config entry\n  clear   Clear all config entries\n  help    Print this message or the help of the given subcommand(s)\n\n-- files:\ntotal 32\ndrwxr-xr-x 2 root root 4096 2026-10-02 02:09 .\ndrwxr-xr-x 3 root root 4096 2026-10-02 02:03 ..\n-rw-r--r-- 1 root root   36 2026-10-02 02:03 persist.config\n-rw-rw-rw- 1 root root  284 2026-10-02 02:09 tmp.config\n== /data/adb/ksu/module_configs/demo/persist.config\nMUSK\u0001\u0000\u0000\u0000\u0001\u0000\u0000\u0000\u000f\u0000\u0000\u0000webui.installed\u0001\u0000\u0000\u00001\n== /data/adb/ksu/module_configs/demo/tmp.config\nMUSK\u0001\u0000\u0000\u0000\u0002\u0000\u0000\u0000\n\u0000\u0000\u0000webui.boot$\u0000\u0000\u0000db825d04-7577-4966-b3ba-58a4935781be\u0000\u0000\u0000webui.session\udcc5\u0000\u0000\u0000{\"protocol\":1,\"version\":\"0.2.0\",\"port\":34139,\"token\":\"af0rfKxaPr0TX08Eaa6uDd9WRxSS75ONqyIw6PlPipU\",\"pid\":15657,\"boot\":\"db825d04-7577-4966-b3ba-58a4935781be\",\"started\":\"2026-10-02T02:09:53.508152Z\"}\n-- ksud get:\n1\nwebui.installed=1\nwebui.boot=db825d04-7577-4966-b3ba-58a4935781be\nwebui.session={\"protocol\":1,\"version\":\"0.2.0\",\"port\":34139,\"token\":\"af0rfKxaPr0TX08Eaa6uDd9WRxSS75ONqyIw6PlPipU\",\"pid\":15657,\"boot\":\"db825d04-7577-4966-b3ba-58a4935781be\",\"started\":\"2026-10-02T02:09:53.508152Z\"}"}
{"check":"module-dirs","result":"/data/adb/demo:\ntotal 24\ndrwx------ 3 root root 4096 2026-10-02 02:06 .\ndrwx------ 7 root root 4096 2026-10-02 02:06 ..\ndrwx------ 2 root root 4096 2026-10-02 02:09 tmp\n\n/data/adb/demo/tmp:\ntotal 16\ndrwx------ 2 root root 4096 2026-10-02 02:09 .\ndrwx------ 3 root root 4096 2026-10-02 02:06 .."}
{"check":"open","result":"opened: intent"}
{"check":"tap-places","result":{"url":"https://mui.kernelsu.org/index.html","socket":"webview_devtools_remote_15979","value":"tapped Places at 16,572 size 288x56 role button tappable"}}
{"check":"tap-plugins","result":{"url":"https://mui.kernelsu.org/index.html","socket":"webview_devtools_remote_15979","value":"tapped Plugins at 267,536 size 53x80 role tab tappable"}}
{"check":"plugins","result":The app calls share_plus, permission_handler, the clipboard and file_selector as on any platform. Running in a WebUI host, so their *_webui packages answer.
share_plus
On WebUI: share_plus_webui: Android's share sheet, opened by the module's own app
Share text
permission_handler
On WebUI: permission_handler_webui: Android's own permission dialog, for the module's own app
Camera: denied}
{"check":"tap-share","result":{"url":"https://mui.kernelsu.org/index.html","socket":"webview_devtools_remote_15979","value":"tapped Share text at 24,278 size 112x48 role button tappable"}}
{"check":"share-top","result":"com.android.intentresolver/.ChooserActivityLauncher"}
{"check":"app-process","result":"u0_a210      10210 u:r:untrusted_app_27:s0:c210,c256,c512,c768 16167 com.webui.api.demo"}
{"check":"share-log","result":"10-02 02:10:41.264 16292 16292 I ResolverListAdapter: Add DisplayResolveInfo component: ComponentInfo{com.google.android.apps.messaging/com.google.android.apps.messaging.ui.conversationlist.ShareIntentActivity}, intent component: ComponentInfo{com.google.android.apps.messaging/com.google.android.apps.messaging.ui.conversationlist.ShareIntentActivity}\n10-02 02:10:41.273 13349 13824 D CoreBackPreview: Window{af3fb71 u0 com.android.intentresolver/com.android.intentresolver.ChooserActivityLauncher}: Setting back callback OnBackInvokedCallbackInfo{mCallback=android.window.IOnBackInvokedCallback$Stub$Proxy@6b231d7, mPriority=0, mIsAnimationCallback=false}\n10-02 02:10:41.714 16292 16292 D ChooserActivity: onListRebuilt(listAdapter.userHandle=UserHandle{0}, rebuildComplete=true)\n10-02 02:10:41.716 16292 16292 D ChooserActivity: app target loading time 501 ms\n10-02 02:10:41.719 13349 13368 I ActivityTaskManager: Displayed com.android.intentresolver/.ChooserActivityLauncher for user 0: +690ms\n10-02 02:10:41.720 13349 13368 V WindowManager: Sent Transition (#8) createdAt=10-02 02:10:41.032 via request=TransitionRequestInfo { type = OPEN, triggerTask = TaskInfo{userId=0 taskId=19 displayId=0 isRunning=true baseIntent=Intent { act=android.intent.action.CHOOSER flg=0x10800000 cmp=com.android.intentresolver/.ChooserActivityLauncher } baseActivity=ComponentInfo{com.android.intentresolver/com.android.intentresolver.ChooserActivity} topActivity=ComponentInfo{com.android.intentresolver/com.android.intentresolver.ChooserActivity} origActivity=ComponentInfo{com.android.intentresolver/com.android.intentresolver.ChooserActivityLauncher} realActivity=ComponentInfo{com.android.intentresolver/com.android.intentresolver.ChooserActivity} numActivities=1 lastActiveTime=587659 supportsMultiWindow=true resizeMode=1 isResizeable=true minWidth=-1 minHeight=-1 defaultMinSize=220 token=WCT{RemoteToken{31b84cf Task{9dbbba5 #19 type=standard A=10106:com.android.intentresolver}}} topActivityType=1 pictureInPictureParams=null shouldDockBigOverlays=false launchIntoPipHostTaskId=-1 lastParentTaskIdBeforePip=-1 displayCutoutSafeInsets=null topActivityInfo=ActivityInfo{c48ce5c com.android.intentresolver.ChooserActivityLauncher} launchCookies=[] positionInParent=Point(0, 0) parentTaskId=-1 isFocused=false isVisible=false isVisibleRequested=false isSleeping=false locusId=null displayAreaFeatureId=1 isTopActivityTransparent=true appCompatTaskInfo=AppCompatTaskInfo { topActivityInSizeCompat=false topActivityEligibleForLetterboxEducation= falseisLetterboxEducationEnabled= true isLetterboxDoubleTapEnabled= false topActivityEligibleForUserAspectRatioButton= false topActivityBoundsLetterboxed= false isFromLetterboxDoubleTap= false topActivityLetterboxVerticalPosition= -1 topActivityLetterboxHorizontalPosition= -1 topActivityLetterboxWidth=320 topActivityLetterboxHeight=640 isUserFullscreenOverrideEnabled=false isSystemFullscreenOverrideEnabled=false cameraCompatTaskInfo=CameraCompatTaskInfo { cameraCompatControlState=hidden freeformCameraCompatMode=inactive}}}, pipTask = null, remoteTransition = null, displayChange = null, flags = 0, debugId = 8 }\n10-02 02:10:41.742 16292 16292 D ChooserActivity: onShortcutsLoaded for user: UserHandle{0}\n10-02 02:10:41.743 16292 16292 D ChooserActivity: stat to first shortcut time: 500 ms\n10-02 02:10:41.743 16292 16292 D ChooserActivity: onAppTargetsLoaded(listAdapter.userHandle=UserHandle{0})\n10-02 02:10:49.171 16341 16341 W app_process: ClassLoaderContext shared library size mismatch. Expected=2, found=0 (PCL[]{PCL[/system/framework/android.test.base.jar*724373495]#PCL[/system/framework/android.test.mock.jar*1452759902]} | PCL[])\n10-02 02:10:50.212 16341 16341 I AccessibilityNodeInfoDumper: Skipping invisible child: android.view.accessibility.AccessibilityNodeInfo@ce65; boundsInParent: Rect(0, 0 - 0, 0); boundsInScreen: Rect(160, 366 - 160, 366); boundsInWindow: Rect(160, 366 - 160, 366); packageName: com.android.intentresolver; className: androidx.recyclerview.widget.RecyclerView; text: null; error: null; maxTextLength: -1; stateDescription: null; contentDescription: null; tooltipText: null; containerTitle: null; viewIdResName: android:id/chooser_action_row; uniqueId: null; checkable: false; checked: false; focusable: true; focused: false; selected: false; clickable: false; longClickable: false; contextClickable: false; enabled: true; password: false; scrollable: false; granularScrollingSupported: false; importantForAccessibility: true; visible: false; actions: [AccessibilityAction: ACTION_FOCUS - null, AccessibilityAction: ACTION_SELECT - null, AccessibilityAction: ACTION_CLEAR_SELECTION - null, AccessibilityAction: ACTION_ACCESSIBILITY_FOCUS - null, AccessibilityAction: ACTION_SHOW_ON_SCREEN - null]; isTextSelectable: false\n10-02 02:10:51.062 13349 13447 D ActivityManager: freezing 16167 com.webui.api.demo"}
{"check":"share-result","result":share_plus
On WebUI: share_plus_webui: Android's share sheet, opened by the module's own app
Share result: unavailable}
{"check":"cam-deny-1-tap","result":{"url":"https://mui.kernelsu.org/index.html","socket":"webview_devtools_remote_15979","value":"tapped Request camera at 24,490 size 150x46 role button tappable"}}
{"check":"cam-deny-1-top","result":"com.google.android.permissioncontroller/com.android.permissioncontroller.permission.ui.GrantPermissionsActivity"}
{"check":"cam-deny-1-dialog","result":"Allow Demo to take pictures and record video? | While using the app | Only this time | Don\u2019t allow\nAllow Demo to take pictures and record video? | While using the app | Only this time | Don\u2019t allow\nWhile using the app\nOnly this time\nDon\u2019t allow"}
{"check":"cam-deny-1-press","result":"ui: tapped 'Don' at 160,453"}
{"check":"cam-deny-1-status","result":permission_handler
On WebUI: permission_handler_webui: Android's own permission dialog, for the module's own app
Camera: denied}
{"check":"cam-deny-1-perm","result":"android.permission.CAMERA\n      android.permission.SET_WALLPAPER\n--\n        android.permission.CAMERA: granted=false, flags=[ USER_SET|USER_SENSITIVE_WHEN_GRANTED|USER_SENSITIVE_WHEN_DENIED]"}
{"check":"cam-deny-2-tap","result":{"url":"https://mui.kernelsu.org/index.html","socket":"webview_devtools_remote_15979","value":"tapped Request camera at 24,490 size 150x46 role button tappable"}}
{"check":"cam-deny-2-top","result":"com.google.android.permissioncontroller/com.android.permissioncontroller.permission.ui.GrantPermissionsActivity"}
{"check":"cam-deny-2-dialog","result":"Allow Demo to take pictures and record video? | While using the app | Only this time | Don\u2019t allow\nAllow Demo to take pictures and record video? | While using the app | Only this time | Don\u2019t allow\nWhile using the app\nOnly this time\nDon\u2019t allow"}
{"check":"cam-deny-2-press","result":"ui: tapped 'Don' at 160,453"}
{"check":"cam-deny-2-status","result":permission_handler
On WebUI: permission_handler_webui: Android's own permission dialog, for the module's own app
Camera: permanentlyDenied}
{"check":"cam-deny-2-perm","result":"android.permission.CAMERA\n      android.permission.SET_WALLPAPER\n--\n        android.permission.CAMERA: granted=false, flags=[ USER_SET|USER_FIXED|USER_SENSITIVE_WHEN_GRANTED|USER_SENSITIVE_WHEN_DENIED]"}
{"check":"cam-after-deny-tap","result":{"url":"https://mui.kernelsu.org/index.html","socket":"webview_devtools_remote_15979","value":"tapped Request camera at 24,490 size 150x46 role button tappable"}}
{"check":"cam-after-deny-top","result":"com.rifsxd.ksunext/.ui.webui.WebUIActivity"}
{"check":"cam-after-deny-dialog","result":"Back Back\nShare text\nRequest camera\nCopy text\nPaste\nPlaces\nStrategy\nRust\nLifecycle\nShell\nPlugins"}
{"check":"cam-after-deny-status","result":permission_handler
On WebUI: permission_handler_webui: Android's own permission dialog, for the module's own app
Camera: permanentlyDenied}
{"check":"cam-after-deny-perm","result":"android.permission.CAMERA\n      android.permission.SET_WALLPAPER\n--\n        android.permission.CAMERA: granted=false, flags=[ USER_SET|USER_FIXED|USER_SENSITIVE_WHEN_GRANTED|USER_SENSITIVE_WHEN_DENIED]"}
{"check":"cam-grant-tap","result":{"url":"https://mui.kernelsu.org/index.html","socket":"webview_devtools_remote_15979","value":"tapped Request camera at 24,490 size 150x46 role button tappable"}}
{"check":"cam-grant-top","result":"com.google.android.permissioncontroller/com.android.permissioncontroller.permission.ui.GrantPermissionsActivity"}
{"check":"cam-grant-dialog","result":"Allow Demo to take pictures and record video? | While using the app | Only this time | Don\u2019t allow\nAllow Demo to take pictures and record video? | While using the app | Only this time | Don\u2019t allow\nWhile using the app\nOnly this time\nDon\u2019t allow"}
{"check":"cam-grant-press","result":"ui: tapped 'While using the app' at 160,333"}
{"check":"cam-grant-status","result":permission_handler
On WebUI: permission_handler_webui: Android's own permission dialog, for the module's own app
Camera: granted}
{"check":"cam-grant-perm","result":"android.permission.CAMERA\n      android.permission.SET_WALLPAPER\n--\n        android.permission.CAMERA: granted=true, flags=[ USER_SET|USER_SENSITIVE_WHEN_GRANTED|USER_SENSITIVE_WHEN_DENIED]"}
{"check":"clip-listen","result":{"url":"https://mui.kernelsu.org/index.html","socket":"webview_devtools_remote_15979","value":"listening"}}
{"check":"clip-paste-tap","result":{"url":"https://mui.kernelsu.org/index.html","socket":"webview_devtools_remote_15979","value":"tapped Paste at 139,80 size 84x42 role button tappable"}}
{"check":"clip-paste-top","result":"com.rifsxd.ksunext/.ui.webui.WebUIActivity"}
{"check":"clip-pasted","result":Clipboard (flutter/services)
On WebUI: clipboard_webui: Android's clipboard, through the module's own app
Pasted: lab-clip-7997
Paste}
{"check":"clip-blips","result":{"url":"https://mui.kernelsu.org/index.html","socket":"webview_devtools_remote_15979","value":"[]"}}
{"check":"clip-process","result":"u0_a210      u:r:untrusted_app_27:s0:c210,c256,c512,c768 com.webui.api.demo"}
{"check":"clip-copy-tap","result":{"url":"https://mui.kernelsu.org/index.html","socket":"webview_devtools_remote_15979","value":"tapped Copy text at 24,80 size 107x42 role button tappable"}}
{"check":"clip-copied","result":Clipboard (flutter/services)
On WebUI: clipboard_webui: Android's clipboard, through the module's own app
Copy: copied
Pasted: lab-clip-7997
Copy text}
{"check":"clip-ext-paste","result":"text=\"\" text=\"\" text=\"\" text=\"\" text=\"\""}
{"check":"pick-tap","result":{"url":"https://mui.kernelsu.org/index.html","socket":"webview_devtools_remote_15979","value":"tapped Pick a file at 24,222 size 109x48 role button tappable"}}
{"check":"pick-top","result":"com.google.android.documentsui/com.android.documentsui.picker.PickActivity"}
{"check":"picked","result":file_selector
On WebUI: file_selector_webui: the WebView's file chooser
Picked: /data/adb/demo/tmp/open-hmtneqry3k-0/lab-pick.txt
Pick a file}
{"check":"pick-files","result":"/data/adb/demo/tmp:\ntotal 24\ndrwx------ 3 root root u:object_r:adb_data_file:s0  4096 2026-10-02 02:13 .\ndrwx------ 3 root root u:object_r:adb_data_file:s0  4096 2026-10-02 02:06 ..\ndrwx------ 2 root root u:object_r:adb_data_file:s0  4096 2026-10-02 02:13 open-hmtneqry3k-0\n\n/data/adb/demo/tmp/open-hmtneqry3k-0:\ntotal 24\ndrwx------ 2 root root u:object_r:adb_data_file:s0  4096 2026-10-02 02:13 .\ndrwx------ 3 root root u:object_r:adb_data_file:s0  4096 2026-10-02 02:13 ..\n-rw------- 1 root root u:object_r:adb_data_file:s0     9 2026-10-02 02:13 lab-pick.txt"}
{"check":"app-settings","result":"Archive\nDisable\nForce stop\nNotifications | Off\nPermissions | Camera\nStorage & cache | 115 kB used in internal storage\nNavigate up\nOpen"}
{"check":"uninstall","result":""}
{"check":"after-uninstall","result":"ls: /data/adb/modules/demo: No such file or directory\nls: /data/adb/demo: No such file or directory\nls: /data/adb/ksu/module_configs/demo: No such file or directory\n/product/app/WebuiApi_demo\npackage:/product/app/WebuiApi_demo/WebuiApi_demo.apk\npackage:com.webui.api.demo"}
